Adam params: ('embed_tokens.weight', 'head.weight', 'head.bias', 'q_head.weight', 'q_head.bias')
Muon 2D params: ('reasoning.0.attn.o_proj.weight', 'reasoning.0.mlp.up_proj.weight', 'reasoning.0.mlp.down_proj.weight', 'reasoning.1.attn.o_proj.weight', 'reasoning.1.mlp.up_proj.weight', 'reasoning.1.mlp.down_proj.weight')
Muon 3D params (ensemble_dims=1): ('reasoning.0.attn.qkv_proj.weight', 'reasoning.1.attn.qkv_proj.weight')
Saved step 0 checkpoint with RNG: /home/jvdillon/projects/sic/code/maze/ckpts/x000j/step00000_rng.pt
  cell_acc=87.63%, puzzle_acc=0.00%
  eval_avg_halt_step: 16.00
  per_H_acc: ['H0=87.3%', 'H1=87.3%', 'H2=87.5%']
  H_cos: ['0.797', '0.941']
  z_H_delta: ['19.625', '14.625']
  cells: fixed=[2, 460] broken=[0, 0]
  per_ACT_cell_acc: ['H1=87.3%', 'H2=87.3%', 'H3=87.5%', 'H4=87.7%', 'H5=88.1%', 'H6=88.4%', 'H7=88.6%', 'H8=88.8%', 'H9=88.8%', 'H10=88.9%', 'H11=88.9%', 'H12=88.9%', 'H13=88.8%', 'H14=88.8%', 'H15=88.7%', 'H16=88.7%']
  per_ACT_puzzle_acc: ['H1=0.0%', 'H2=0.0%', 'H3=0.0%', 'H4=0.0%', 'H5=0.0%', 'H6=0.0%', 'H7=0.0%', 'H8=0.0%', 'H9=0.0%', 'H10=0.0%', 'H11=0.0%', 'H12=0.0%', 'H13=0.0%', 'H14=0.0%', 'H15=0.0%', 'H16=0.0%']
  mean_sigmoid_q_halt: ['0.001', '0.000', '0.000', '0.000', '0.000', '0.000', '0.000', '0.000', '0.000', '0.000', '0.000', '0.000', '0.000', '0.000', '0.000', '0.000']
  halt_rates: ['0.00', '0.00', '0.00', '0.00', '0.00', '0.00', '0.00', '0.00', '0.00', '0.00', '0.00', '0.00', '0.00', '0.00', '0.00', '0.00']
  halt_histogram %: [0.0, 0.0, 0.0, 0.0, 0.0, 0.0, 0.0, 0.0, 0.0, 0.0, 0.0, 0.0, 0.0, 0.0, 0.0, 100.0]
  Avg ACT steps (last 100): 16.00
  saved: /home/jvdillon/projects/sic/code/maze/ckpts/x000j/step00500.pt acc=87.63% (0.030s)
  saved: /home/jvdillon/projects/sic/code/maze/ckpts/x000j/best.pt acc=87.63% (0.058s)
Step   500  Test 87.63% /  0.00%  Train lm=0.4043±0.3125ϵ[0.2246,2.9688] n_active=128.0000±0.0000ϵ[128.0000,128.0000] n_expunged=0.0000±0.0000ϵ[0.0000,0.0000] n_halted=7.9360±30.8988ϵ[0.0000,128.0000] pool_util=1.0000±0.0000ϵ[1.0000,1.0000]  (48.344s / 249.610s)
  cell_acc=97.82%, puzzle_acc=19.90%
  eval_avg_halt_step: 6.83
  per_H_acc: ['H0=87.3%', 'H1=89.2%', 'H2=95.2%']
  H_cos: ['0.863', '0.902']
  z_H_delta: ['20.875', '17.375']
  cells: fixed=[6623, 17999] broken=[2529, 5564]
  per_ACT_cell_acc: ['H1=87.3%', 'H2=89.2%', 'H3=95.2%', 'H4=96.5%', 'H5=97.0%', 'H6=97.3%', 'H7=97.4%', 'H8=97.5%', 'H9=97.6%', 'H10=97.6%', 'H11=97.6%', 'H12=97.6%', 'H13=97.6%', 'H14=97.6%', 'H15=97.7%', 'H16=97.7%']
  per_ACT_puzzle_acc: ['H1=0.0%', 'H2=0.0%', 'H3=0.4%', 'H4=1.3%', 'H5=5.6%', 'H6=7.3%', 'H7=13.4%', 'H8=18.1%', 'H9=19.8%', 'H10=22.4%', 'H11=22.0%', 'H12=22.8%', 'H13=25.4%', 'H14=25.9%', 'H15=26.3%', 'H16=26.7%']
  mean_sigmoid_q_halt: ['0.001', '0.000', '0.001', '0.017', '0.073', '0.123', '0.191', '0.268', '0.336', '0.379', '0.404', '0.434', '0.455', '0.471', '0.479', '0.484']
  halt_rates: ['0.00', '0.00', '0.00', '0.00', '0.04', '0.09', '0.16', '0.24', '0.35', '0.40', '0.44', '0.49', '0.53', '0.53', '0.56', '0.56']
  halt_histogram %: [0.0, 0.6, 3.1, 4.2, 3.9, 2.8, 2.3, 2.2, 1.7, 1.4, 1.1, 1.3, 0.8, 0.8, 0.9, 72.7]
  Avg ACT steps (last 100): 6.37
  saved: /home/jvdillon/projects/sic/code/maze/ckpts/x000j/step01000.pt acc=97.82% (0.031s)
  saved: /home/jvdillon/projects/sic/code/maze/ckpts/x000j/best.pt acc=97.82% (0.072s)
Step  1000  Test 97.82% / 19.90%  Train lm=0.1650±0.0542ϵ[0.0986,0.4961] n_active=128.0000±0.0000ϵ[128.0000,128.0000] n_expunged=0.0000±0.0000ϵ[0.0000,0.0000] n_halted=10.8940±24.6444ϵ[0.0000,128.0000] pool_util=1.0000±0.0000ϵ[1.0000,1.0000]  (38.056s / 238.799s)
  cell_acc=98.17%, puzzle_acc=26.30%
  eval_avg_halt_step: 6.00
  per_H_acc: ['H0=87.4%', 'H1=89.7%', 'H2=97.5%']
  H_cos: ['0.770', '0.902']
  z_H_delta: ['20.250', '20.000']
  cells: fixed=[23929, 18408] broken=[19077, 2057]
  per_ACT_cell_acc: ['H1=87.4%', 'H2=89.7%', 'H3=97.5%', 'H4=98.0%', 'H5=98.1%', 'H6=98.2%', 'H7=98.2%', 'H8=98.2%', 'H9=98.2%', 'H10=98.2%', 'H11=98.2%', 'H12=98.2%', 'H13=98.1%', 'H14=98.1%', 'H15=98.1%', 'H16=98.1%']
  per_ACT_puzzle_acc: ['H1=0.0%', 'H2=0.0%', 'H3=4.7%', 'H4=18.5%', 'H5=28.9%', 'H6=33.6%', 'H7=35.8%', 'H8=34.9%', 'H9=34.1%', 'H10=32.8%', 'H11=34.1%', 'H12=33.2%', 'H13=33.2%', 'H14=31.9%', 'H15=31.0%', 'H16=31.5%']
  mean_sigmoid_q_halt: ['0.001', '0.000', '0.177', '0.291', '0.414', '0.512', '0.551', '0.543', '0.566', '0.551', '0.551', '0.559', '0.555', '0.547', '0.535', '0.535']
  halt_rates: ['0.00', '0.00', '0.09', '0.28', '0.41', '0.49', '0.55', '0.54', '0.57', '0.56', '0.57', '0.59', '0.58', '0.54', '0.54', '0.55']
  halt_histogram %: [2.3, 29.5, 15.4, 7.6, 4.8, 3.1, 2.2, 1.9, 1.3, 1.2, 0.9, 1.0, 0.7, 0.5, 0.5, 27.1]
  Avg ACT steps (last 100): 2.69
  saved: /home/jvdillon/projects/sic/code/maze/ckpts/x000j/step01500.pt acc=98.17% (0.030s)
  saved: /home/jvdillon/projects/sic/code/maze/ckpts/x000j/best.pt acc=98.17% (0.071s)
Step  1500  Test 98.17% / 26.30%  Train lm=0.1084±0.0130ϵ[0.0859,0.1465] n_active=128.0000±0.0000ϵ[128.0000,128.0000] n_expunged=0.0000±0.0000ϵ[0.0000,0.0000] n_halted=34.9040±17.0898ϵ[1.0000,84.0000] pool_util=1.0000±0.0000ϵ[1.0000,1.0000]  (38.055s / 239.016s)
  cell_acc=98.70%, puzzle_acc=37.40%
  eval_avg_halt_step: 3.19
  per_H_acc: ['H0=87.4%', 'H1=90.9%', 'H2=98.1%']
  H_cos: ['0.805', '0.879']
  z_H_delta: ['20.625', '20.625']
  cells: fixed=[14936, 16739] broken=[7711, 1780]
  per_ACT_cell_acc: ['H1=87.4%', 'H2=90.9%', 'H3=98.1%', 'H4=98.5%', 'H5=98.6%', 'H6=98.6%', 'H7=98.7%', 'H8=98.7%', 'H9=98.7%', 'H10=98.7%', 'H11=98.6%', 'H12=98.6%', 'H13=98.6%', 'H14=98.6%', 'H15=98.6%', 'H16=98.6%']
  per_ACT_puzzle_acc: ['H1=0.0%', 'H2=0.0%', 'H3=15.9%', 'H4=37.1%', 'H5=45.7%', 'H6=50.0%', 'H7=49.6%', 'H8=51.3%', 'H9=48.3%', 'H10=47.0%', 'H11=44.8%', 'H12=41.8%', 'H13=41.4%', 'H14=40.5%', 'H15=40.1%', 'H16=39.2%']
  mean_sigmoid_q_halt: ['0.001', '0.000', '0.270', '0.488', '0.625', '0.723', '0.723', '0.738', '0.738', '0.742', '0.742', '0.750', '0.754', '0.762', '0.758', '0.766']
  halt_rates: ['0.00', '0.00', '0.22', '0.48', '0.64', '0.74', '0.73', '0.77', '0.76', '0.77', '0.77', '0.78', '0.78', '0.79', '0.78', '0.79']
  halt_histogram %: [18.1, 42.5, 12.3, 4.8, 2.8, 1.7, 1.2, 1.0, 0.7, 0.6, 0.4, 0.5, 0.3, 0.3, 0.3, 12.5]
  Avg ACT steps (last 100): 1.67
  saved: /home/jvdillon/projects/sic/code/maze/ckpts/x000j/step02000.pt acc=98.70% (0.030s)
  saved: /home/jvdillon/projects/sic/code/maze/ckpts/x000j/best.pt acc=98.70% (0.072s)
Step  2000  Test 98.70% / 37.40%  Train lm=0.0874±0.0038ϵ[0.0781,0.1084] n_active=128.0000±0.0000ϵ[128.0000,128.0000] n_expunged=0.0000±0.0000ϵ[0.0000,0.0000] n_halted=63.9100±12.1326ϵ[18.0000,92.0000] pool_util=1.0000±0.0000ϵ[1.0000,1.0000]  (38.054s / 239.102s)
  cell_acc=98.85%, puzzle_acc=57.10%
  eval_avg_halt_step: 3.26
  per_H_acc: ['H0=87.3%', 'H1=92.9%', 'H2=98.2%']
  H_cos: ['0.895', '0.871']
  z_H_delta: ['19.875', '22.875']
  cells: fixed=[15688, 12676] broken=[4035, 1622]
  per_ACT_cell_acc: ['H1=87.3%', 'H2=92.9%', 'H3=98.2%', 'H4=98.5%', 'H5=98.6%', 'H6=98.7%', 'H7=98.7%', 'H8=98.8%', 'H9=98.8%', 'H10=98.8%', 'H11=98.8%', 'H12=98.8%', 'H13=98.8%', 'H14=98.8%', 'H15=98.8%', 'H16=98.8%']
  per_ACT_puzzle_acc: ['H1=0.0%', 'H2=0.0%', 'H3=29.7%', 'H4=45.7%', 'H5=52.6%', 'H6=56.0%', 'H7=55.6%', 'H8=57.8%', 'H9=57.8%', 'H10=57.3%', 'H11=56.9%', 'H12=56.0%', 'H13=56.5%', 'H14=56.0%', 'H15=56.9%', 'H16=55.6%']
  mean_sigmoid_q_halt: ['0.000', '0.000', '0.357', '0.598', '0.691', '0.770', '0.785', '0.805', '0.816', '0.816', '0.816', '0.820', '0.824', '0.816', '0.824', '0.816']
  halt_rates: ['0.00', '0.00', '0.33', '0.61', '0.71', '0.79', '0.81', '0.82', '0.84', '0.84', '0.84', '0.84', '0.85', '0.84', '0.85', '0.84']
  halt_histogram %: [32.1, 40.8, 9.8, 3.4, 1.8, 1.1, 0.8, 0.6, 0.5, 0.4, 0.3, 0.3, 0.2, 0.2, 0.2, 7.6]
  Avg ACT steps (last 100): 1.42
  saved: /home/jvdillon/projects/sic/code/maze/ckpts/x000j/step02500.pt acc=98.85% (0.029s)
  saved: /home/jvdillon/projects/sic/code/maze/ckpts/x000j/best.pt acc=98.85% (0.070s)
Step  2500  Test 98.85% / 57.10%  Train lm=0.0840±0.0032ϵ[0.0762,0.0977] n_active=128.0000±0.0000ϵ[128.0000,128.0000] n_expunged=0.0000±0.0000ϵ[0.0000,0.0000] n_halted=78.0820±10.2617ϵ[48.0000,102.0000] pool_util=1.0000±0.0000ϵ[1.0000,1.0000]  (38.061s / 239.155s)
  cell_acc=99.05%, puzzle_acc=66.50%
  eval_avg_halt_step: 2.15
  per_H_acc: ['H0=50.6%', 'H1=94.3%', 'H2=98.8%']
  H_cos: ['0.887', '0.871']
  z_H_delta: ['20.000', '20.375']
  cells: fixed=[97022, 10305] broken=[5756, 906]
  per_ACT_cell_acc: ['H1=50.6%', 'H2=94.3%', 'H3=98.8%', 'H4=99.0%', 'H5=99.1%', 'H6=99.1%', 'H7=99.1%', 'H8=99.1%', 'H9=99.2%', 'H10=99.2%', 'H11=99.2%', 'H12=99.2%', 'H13=99.2%', 'H14=99.2%', 'H15=99.2%', 'H16=99.2%']
  per_ACT_puzzle_acc: ['H1=0.0%', 'H2=0.0%', 'H3=47.4%', 'H4=62.9%', 'H5=69.8%', 'H6=69.8%', 'H7=71.6%', 'H8=72.4%', 'H9=72.0%', 'H10=71.1%', 'H11=71.1%', 'H12=72.0%', 'H13=72.0%', 'H14=71.1%', 'H15=70.7%', 'H16=69.4%']
  mean_sigmoid_q_halt: ['0.001', '0.003', '0.582', '0.750', '0.832', '0.855', '0.863', '0.875', '0.871', '0.871', '0.871', '0.879', '0.879', '0.871', '0.871', '0.871']
  halt_rates: ['0.00', '0.00', '0.56', '0.75', '0.85', '0.86', '0.87', '0.89', '0.88', '0.87', '0.89', '0.90', '0.89', '0.88', '0.89', '0.90']
  halt_histogram %: [45.2, 35.0, 7.7, 2.5, 1.3, 0.8, 0.6, 0.4, 0.3, 0.3, 0.2, 0.2, 0.2, 0.1, 0.1, 5.1]
  Avg ACT steps (last 100): 1.21
  saved: /home/jvdillon/projects/sic/code/maze/ckpts/x000j/step03000.pt acc=99.05% (0.029s)
  saved: /home/jvdillon/projects/sic/code/maze/ckpts/x000j/best.pt acc=99.05% (0.071s)
Step  3000  Test 99.05% / 66.50%  Train lm=0.0801±0.0037ϵ[0.0752,0.1157] n_active=128.0000±0.0000ϵ[128.0000,128.0000] n_expunged=0.0000±0.0000ϵ[0.0000,0.0000] n_halted=93.7580±8.1104ϵ[68.0000,112.0000] pool_util=1.0000±0.0000ϵ[1.0000,1.0000]  (38.051s / 239.142s)
  cell_acc=99.00%, puzzle_acc=62.00%
  eval_avg_halt_step: 2.31
  per_H_acc: ['H0=51.2%', 'H1=95.1%', 'H2=98.7%']
  H_cos: ['0.828', '0.914']
  z_H_delta: ['22.625', '17.375']
  cells: fixed=[97558, 8444] broken=[5859, 995]
  per_ACT_cell_acc: ['H1=51.2%', 'H2=95.1%', 'H3=98.7%', 'H4=99.0%', 'H5=99.0%', 'H6=99.1%', 'H7=99.1%', 'H8=99.1%', 'H9=99.1%', 'H10=99.1%', 'H11=99.1%', 'H12=99.1%', 'H13=99.1%', 'H14=99.1%', 'H15=99.1%', 'H16=99.1%']
  per_ACT_puzzle_acc: ['H1=0.0%', 'H2=0.0%', 'H3=41.4%', 'H4=59.9%', 'H5=64.2%', 'H6=66.4%', 'H7=68.1%', 'H8=66.8%', 'H9=67.7%', 'H10=65.9%', 'H11=65.5%', 'H12=66.4%', 'H13=67.7%', 'H14=66.4%', 'H15=67.7%', 'H16=63.8%']
  mean_sigmoid_q_halt: ['0.000', '0.006', '0.559', '0.742', '0.797', '0.824', '0.820', '0.812', '0.809', '0.820', '0.820', '0.824', '0.816', '0.809', '0.805', '0.797']
  halt_rates: ['0.00', '0.00', '0.53', '0.76', '0.81', '0.84', '0.84', '0.83', '0.83', '0.84', '0.86', '0.86', '0.84', '0.83', '0.82', '0.82']
  halt_histogram %: [54.5, 30.2, 6.2, 1.9, 1.0, 0.6, 0.4, 0.3, 0.2, 0.2, 0.2, 0.2, 0.1, 0.1, 0.1, 3.8]
  Avg ACT steps (last 100): 1.12
  saved: /home/jvdillon/projects/sic/code/maze/ckpts/x000j/step03500.pt acc=99.00% (0.029s)
Step  3500  Test 99.00% / 62.00%  Train lm=0.0776±0.0018ϵ[0.0747,0.0864] n_active=128.0000±0.0000ϵ[128.0000,128.0000] n_expunged=0.0000±0.0000ϵ[0.0000,0.0000] n_halted=103.3920±5.7282ϵ[80.0000,117.0000] pool_util=1.0000±0.0000ϵ[1.0000,1.0000]  (38.572s / 239.672s)
  cell_acc=99.11%, puzzle_acc=67.10%
  eval_avg_halt_step: 1.98
  per_H_acc: ['H0=66.1%', 'H1=95.1%', 'H2=98.7%']
  H_cos: ['0.844', '0.910']
  z_H_delta: ['22.500', '17.750']
  cells: fixed=[65607, 8378] broken=[5005, 915]
  per_ACT_cell_acc: ['H1=66.1%', 'H2=95.1%', 'H3=98.7%', 'H4=98.9%', 'H5=99.1%', 'H6=99.1%', 'H7=99.1%', 'H8=99.1%', 'H9=99.1%', 'H10=99.1%', 'H11=99.1%', 'H12=99.1%', 'H13=99.1%', 'H14=99.1%', 'H15=99.1%', 'H16=99.1%']
  per_ACT_puzzle_acc: ['H1=0.0%', 'H2=0.0%', 'H3=50.9%', 'H4=62.1%', 'H5=68.1%', 'H6=71.1%', 'H7=72.4%', 'H8=71.6%', 'H9=72.0%', 'H10=71.6%', 'H11=72.4%', 'H12=71.6%', 'H13=71.1%', 'H14=70.3%', 'H15=68.5%', 'H16=69.0%']
  mean_sigmoid_q_halt: ['0.001', '0.004', '0.586', '0.766', '0.820', '0.848', '0.887', '0.902', '0.902', '0.902', '0.902', '0.898', '0.902', '0.891', '0.887', '0.883']
  halt_rates: ['0.00', '0.00', '0.56', '0.76', '0.83', '0.86', '0.91', '0.92', '0.92', '0.92', '0.92', '0.92', '0.93', '0.91', '0.92', '0.91']
  halt_histogram %: [60.5, 27.0, 5.3, 1.5, 0.8, 0.5, 0.3, 0.3, 0.2, 0.2, 0.1, 0.1, 0.1, 0.1, 0.1, 3.0]
  Avg ACT steps (last 100): 1.09
  saved: /home/jvdillon/projects/sic/code/maze/ckpts/x000j/step04000.pt acc=99.11% (0.029s)
  saved: /home/jvdillon/projects/sic/code/maze/ckpts/x000j/best.pt acc=99.11% (0.071s)
Step  4000  Test 99.11% / 67.10%  Train lm=0.0767±0.0016ϵ[0.0742,0.0879] n_active=128.0000±0.0000ϵ[128.0000,128.0000] n_expunged=0.0000±0.0000ϵ[0.0000,0.0000] n_halted=106.2120±5.6087ϵ[87.0000,119.0000] pool_util=1.0000±0.0000ϵ[1.0000,1.0000]  (38.536s / 241.718s)
  cell_acc=99.19%, puzzle_acc=71.50%
  eval_avg_halt_step: 1.54
  per_H_acc: ['H0=67.4%', 'H1=96.4%', 'H2=99.0%']
  H_cos: ['0.867', '0.922']
  z_H_delta: ['22.000', '16.375']
  cells: fixed=[63628, 5979] broken=[2996, 691]
  per_ACT_cell_acc: ['H1=67.4%', 'H2=96.4%', 'H3=99.0%', 'H4=99.1%', 'H5=99.2%', 'H6=99.2%', 'H7=99.2%', 'H8=99.3%', 'H9=99.3%', 'H10=99.3%', 'H11=99.2%', 'H12=99.3%', 'H13=99.2%', 'H14=99.3%', 'H15=99.3%', 'H16=99.3%']
  per_ACT_puzzle_acc: ['H1=0.0%', 'H2=2.2%', 'H3=57.8%', 'H4=65.5%', 'H5=65.9%', 'H6=69.8%', 'H7=69.8%', 'H8=71.1%', 'H9=70.7%', 'H10=69.8%', 'H11=70.3%', 'H12=69.4%', 'H13=69.8%', 'H14=69.4%', 'H15=69.8%', 'H16=70.7%']
  mean_sigmoid_q_halt: ['0.001', '0.018', '0.746', '0.871', '0.879', '0.922', '0.918', '0.926', '0.938', '0.945', '0.945', '0.941', '0.934', '0.934', '0.938', '0.941']
  halt_rates: ['0.00', '0.00', '0.73', '0.88', '0.88', '0.94', '0.93', '0.94', '0.96', '0.95', '0.96', '0.95', '0.95', '0.95', '0.95', '0.96']
  halt_histogram %: [65.4, 24.1, 4.5, 1.3, 0.6, 0.4, 0.3, 0.2, 0.2, 0.1, 0.1, 0.1, 0.1, 0.1, 0.1, 2.4]
  Avg ACT steps (last 100): 1.13
  saved: /home/jvdillon/projects/sic/code/maze/ckpts/x000j/step04500.pt acc=99.19% (0.030s)
  saved: /home/jvdillon/projects/sic/code/maze/ckpts/x000j/best.pt acc=99.19% (0.072s)
Step  4500  Test 99.19% / 71.50%  Train lm=0.0752±0.0010ϵ[0.0742,0.0796] n_active=128.0000±0.0000ϵ[128.0000,128.0000] n_expunged=0.0000±0.0000ϵ[0.0000,0.0000] n_halted=111.5640±4.0648ϵ[95.0000,124.0000] pool_util=1.0000±0.0000ϵ[1.0000,1.0000]  (38.087s / 241.518s)
  cell_acc=99.18%, puzzle_acc=67.40%
  eval_avg_halt_step: 1.49
  per_H_acc: ['H0=83.3%', 'H1=96.1%', 'H2=99.0%']
  H_cos: ['0.875', '0.922']
  z_H_delta: ['22.375', '14.938']
  cells: fixed=[29066, 6761] broken=[2305, 676]
  per_ACT_cell_acc: ['H1=83.3%', 'H2=96.1%', 'H3=99.0%', 'H4=99.1%', 'H5=99.1%', 'H6=99.2%', 'H7=99.2%', 'H8=99.2%', 'H9=99.2%', 'H10=99.2%', 'H11=99.2%', 'H12=99.2%', 'H13=99.2%', 'H14=99.2%', 'H15=99.2%', 'H16=99.2%']
  per_ACT_puzzle_acc: ['H1=0.0%', 'H2=1.3%', 'H3=61.6%', 'H4=69.0%', 'H5=70.3%', 'H6=72.8%', 'H7=73.7%', 'H8=73.7%', 'H9=74.1%', 'H10=74.6%', 'H11=74.1%', 'H12=73.3%', 'H13=73.7%', 'H14=72.0%', 'H15=71.6%', 'H16=71.1%']
  mean_sigmoid_q_halt: ['0.001', '0.027', '0.734', '0.891', '0.922', '0.941', '0.961', '0.973', '0.977', '0.977', '0.980', '0.980', '0.980', '0.980', '0.977', '0.980']
  halt_rates: ['0.00', '0.00', '0.72', '0.90', '0.92', '0.94', '0.97', '0.98', '0.99', '0.98', '0.98', '0.99', '0.99', '0.99', '0.98', '0.99']
  halt_histogram %: [69.0, 22.0, 4.0, 1.1, 0.5, 0.3, 0.2, 0.2, 0.1, 0.1, 0.1, 0.1, 0.1, 0.1, 0.0, 2.1]
  Avg ACT steps (last 100): 1.16
  saved: /home/jvdillon/projects/sic/code/maze/ckpts/x000j/step05000.pt acc=99.18% (0.029s)
Step  5000  Test 99.18% / 67.40%  Train lm=0.0747±0.0009ϵ[0.0742,0.0820] n_active=128.0000±0.0000ϵ[128.0000,128.0000] n_expunged=0.0000±0.0000ϵ[0.0000,0.0000] n_halted=112.9400±3.8468ϵ[98.0000,122.0000] pool_util=1.0000±0.0000ϵ[1.0000,1.0000]  (38.295s / 239.953s)
  cell_acc=99.17%, puzzle_acc=70.80%
  eval_avg_halt_step: 1.50
  per_H_acc: ['H0=74.7%', 'H1=95.6%', 'H2=98.9%']
  H_cos: ['0.844', '0.914']
  z_H_delta: ['22.375', '15.812']
  cells: fixed=[48128, 7670] broken=[4531, 829]
  per_ACT_cell_acc: ['H1=74.7%', 'H2=95.6%', 'H3=98.9%', 'H4=99.1%', 'H5=99.1%', 'H6=99.1%', 'H7=99.1%', 'H8=99.1%', 'H9=99.1%', 'H10=99.1%', 'H11=99.2%', 'H12=99.2%', 'H13=99.2%', 'H14=99.2%', 'H15=99.2%', 'H16=99.2%']
  per_ACT_puzzle_acc: ['H1=0.0%', 'H2=0.0%', 'H3=59.9%', 'H4=66.8%', 'H5=69.8%', 'H6=72.4%', 'H7=73.7%', 'H8=73.7%', 'H9=73.7%', 'H10=73.7%', 'H11=73.7%', 'H12=73.7%', 'H13=73.7%', 'H14=73.7%', 'H15=73.7%', 'H16=73.3%']
  mean_sigmoid_q_halt: ['0.001', '0.012', '0.727', '0.855', '0.910', '0.953', '0.969', '0.973', '0.977', '0.977', '0.977', '0.977', '0.977', '0.980', '0.980', '0.980']
  halt_rates: ['0.00', '0.00', '0.72', '0.85', '0.91', '0.96', '0.97', '0.97', '0.98', '0.98', '0.98', '0.98', '0.98', '0.98', '0.99', '0.98']
  halt_histogram %: [71.8, 20.2, 3.5, 1.0, 0.5, 0.3, 0.2, 0.2, 0.1, 0.1, 0.1, 0.1, 0.1, 0.0, 0.0, 1.8]
  Avg ACT steps (last 100): 1.09
  saved: /home/jvdillon/projects/sic/code/maze/ckpts/x000j/step05500.pt acc=99.17% (0.029s)
Step  5500  Test 99.17% / 70.80%  Train lm=0.0742±0.0003ϵ[0.0742,0.0776] n_active=128.0000±0.0000ϵ[128.0000,128.0000] n_expunged=0.0000±0.0000ϵ[0.0000,0.0000] n_halted=114.9720±3.4227ϵ[104.0000,123.0000] pool_util=1.0000±0.0000ϵ[1.0000,1.0000]  (38.279s / 239.980s)
  cell_acc=99.02%, puzzle_acc=70.50%
  eval_avg_halt_step: 1.21
  per_H_acc: ['H0=72.9%', 'H1=95.7%', 'H2=98.9%']
  H_cos: ['0.820', '0.934']
  z_H_delta: ['23.750', '12.875']
  cells: fixed=[52176, 7312] broken=[4547, 697]
  per_ACT_cell_acc: ['H1=72.9%', 'H2=95.7%', 'H3=98.9%', 'H4=99.0%', 'H5=99.1%', 'H6=99.1%', 'H7=99.1%', 'H8=99.1%', 'H9=99.1%', 'H10=99.1%', 'H11=99.1%', 'H12=99.1%', 'H13=99.1%', 'H14=99.1%', 'H15=99.1%', 'H16=99.1%']
  per_ACT_puzzle_acc: ['H1=0.0%', 'H2=0.4%', 'H3=59.9%', 'H4=68.1%', 'H5=70.7%', 'H6=70.7%', 'H7=71.1%', 'H8=71.6%', 'H9=72.0%', 'H10=72.0%', 'H11=72.0%', 'H12=72.0%', 'H13=72.0%', 'H14=72.0%', 'H15=72.0%', 'H16=72.0%']
  mean_sigmoid_q_halt: ['0.001', '0.069', '0.852', '0.938', '0.965', '0.965', '0.973', '0.973', '0.973', '0.973', '0.980', '0.977', '0.969', '0.977', '0.977', '0.977']
  halt_rates: ['0.00', '0.03', '0.84', '0.94', '0.96', '0.97', '0.98', '0.98', '0.98', '0.97', '0.98', '0.98', '0.97', '0.98', '0.98', '0.98']
  halt_histogram %: [74.0, 18.9, 3.2, 0.9, 0.4, 0.3, 0.2, 0.1, 0.1, 0.1, 0.1, 0.1, 0.0, 0.0, 0.0, 1.6]
  Avg ACT steps (last 100): 1.13
  saved: /home/jvdillon/projects/sic/code/maze/ckpts/x000j/step06000.pt acc=99.02% (0.029s)
Step  6000  Test 99.02% / 70.50%  Train lm=0.0742±0.0002ϵ[0.0742,0.0771] n_active=128.0000±0.0000ϵ[128.0000,128.0000] n_expunged=0.0000±0.0000ϵ[0.0000,0.0000] n_halted=115.2680±3.4601ϵ[106.0000,125.0000] pool_util=1.0000±0.0000ϵ[1.0000,1.0000]  (38.269s / 240.011s)
  cell_acc=98.91%, puzzle_acc=68.80%
  eval_avg_halt_step: 1.27
  per_H_acc: ['H0=75.3%', 'H1=95.8%', 'H2=98.8%']
  H_cos: ['0.812', '0.941']
  z_H_delta: ['24.000', '12.062']
  cells: fixed=[47349, 6999] broken=[4425, 806]
  per_ACT_cell_acc: ['H1=75.3%', 'H2=95.8%', 'H3=98.8%', 'H4=98.9%', 'H5=98.9%', 'H6=98.9%', 'H7=98.9%', 'H8=98.9%', 'H9=98.9%', 'H10=98.9%', 'H11=98.9%', 'H12=98.9%', 'H13=98.9%', 'H14=98.9%', 'H15=98.9%', 'H16=98.9%']
  per_ACT_puzzle_acc: ['H1=0.0%', 'H2=1.3%', 'H3=57.8%', 'H4=65.5%', 'H5=68.5%', 'H6=69.4%', 'H7=69.4%', 'H8=69.8%', 'H9=70.3%', 'H10=70.3%', 'H11=70.3%', 'H12=70.3%', 'H13=70.3%', 'H14=70.3%', 'H15=70.3%', 'H16=70.3%']
  mean_sigmoid_q_halt: ['0.001', '0.066', '0.855', '0.918', '0.949', '0.973', '0.969', '0.977', '0.977', '0.984', '0.984', '0.980', '0.984', '0.980', '0.980', '0.984']
  halt_rates: ['0.00', '0.01', '0.85', '0.92', '0.96', '0.97', '0.97', '0.98', '0.98', '0.99', '0.99', '0.99', '0.99', '0.99', '0.98', '0.99']
  halt_histogram %: [75.8, 17.8, 3.0, 0.8, 0.4, 0.2, 0.2, 0.1, 0.1, 0.1, 0.1, 0.1, 0.0, 0.0, 0.0, 1.4]
  Avg ACT steps (last 100): 1.08
  saved: /home/jvdillon/projects/sic/code/maze/ckpts/x000j/step06500.pt acc=98.91% (0.030s)
Step  6500  Test 98.91% / 68.80%  Train lm=0.0742±0.0004ϵ[0.0742,0.0771] n_active=128.0000±0.0000ϵ[128.0000,128.0000] n_expunged=0.0000±0.0000ϵ[0.0000,0.0000] n_halted=115.2840±3.4104ϵ[106.0000,124.0000] pool_util=1.0000±0.0000ϵ[1.0000,1.0000]  (38.275s / 240.012s)
  cell_acc=98.96%, puzzle_acc=69.30%
  eval_avg_halt_step: 1.29
  per_H_acc: ['H0=70.5%', 'H1=95.7%', 'H2=98.8%']
  H_cos: ['0.809', '0.938']
  z_H_delta: ['23.875', '12.562']
  cells: fixed=[57475, 7235] broken=[4803, 813]
  per_ACT_cell_acc: ['H1=70.5%', 'H2=95.7%', 'H3=98.8%', 'H4=98.9%', 'H5=98.9%', 'H6=98.9%', 'H7=98.9%', 'H8=98.9%', 'H9=98.9%', 'H10=98.9%', 'H11=98.9%', 'H12=98.9%', 'H13=98.9%', 'H14=98.9%', 'H15=98.9%', 'H16=98.9%']
  per_ACT_puzzle_acc: ['H1=0.0%', 'H2=0.9%', 'H3=55.6%', 'H4=65.5%', 'H5=66.4%', 'H6=66.8%', 'H7=66.8%', 'H8=66.8%', 'H9=67.2%', 'H10=67.2%', 'H11=67.2%', 'H12=67.2%', 'H13=67.2%', 'H14=67.2%', 'H15=67.2%', 'H16=67.2%']
  mean_sigmoid_q_halt: ['0.001', '0.049', '0.844', '0.918', '0.961', '0.957', '0.965', '0.961', '0.973', '0.969', '0.969', '0.965', '0.977', '0.965', '0.973', '0.973']
  halt_rates: ['0.00', '0.01', '0.84', '0.92', '0.97', '0.96', '0.97', '0.96', '0.97', '0.97', '0.97', '0.97', '0.98', '0.97', '0.97', '0.97']
  halt_histogram %: [77.1, 17.0, 2.8, 0.7, 0.3, 0.2, 0.1, 0.1, 0.1, 0.1, 0.1, 0.1, 0.0, 0.0, 0.0, 1.3]
  Avg ACT steps (last 100): 1.08
  saved: /home/jvdillon/projects/sic/code/maze/ckpts/x000j/step07000.pt acc=98.96% (0.029s)
Step  7000  Test 98.96% / 69.30%  Train lm=0.0742±0.0005ϵ[0.0742,0.0781] n_active=128.0000±0.0000ϵ[128.0000,128.0000] n_expunged=0.0000±0.0000ϵ[0.0000,0.0000] n_halted=114.9460±3.4168ϵ[103.0000,123.0000] pool_util=1.0000±0.0000ϵ[1.0000,1.0000]  (38.279s / 239.896s)
  cell_acc=98.96%, puzzle_acc=69.00%
  eval_avg_halt_step: 1.24
  per_H_acc: ['H0=69.9%', 'H1=95.7%', 'H2=98.8%']
  H_cos: ['0.809', '0.938']
  z_H_delta: ['24.000', '12.562']
  cells: fixed=[58845, 7313] broken=[4945, 830]
  per_ACT_cell_acc: ['H1=69.9%', 'H2=95.7%', 'H3=98.8%', 'H4=98.9%', 'H5=98.9%', 'H6=98.9%', 'H7=98.9%', 'H8=98.9%', 'H9=98.9%', 'H10=98.9%', 'H11=98.9%', 'H12=98.9%', 'H13=98.9%', 'H14=98.9%', 'H15=98.9%', 'H16=98.9%']
  per_ACT_puzzle_acc: ['H1=0.0%', 'H2=0.9%', 'H3=56.0%', 'H4=65.1%', 'H5=67.2%', 'H6=67.7%', 'H7=67.2%', 'H8=67.7%', 'H9=67.7%', 'H10=68.1%', 'H11=68.1%', 'H12=68.1%', 'H13=68.1%', 'H14=68.1%', 'H15=68.5%', 'H16=68.5%']
  mean_sigmoid_q_halt: ['0.001', '0.054', '0.840', '0.922', '0.941', '0.945', '0.973', '0.973', '0.977', '0.973', '0.977', '0.984', '0.980', '0.977', '0.977', '0.984']
  halt_rates: ['0.00', '0.01', '0.82', '0.93', '0.94', '0.94', '0.97', '0.98', '0.97', '0.97', '0.98', '0.98', '0.98', '0.98', '0.98', '0.99']
  halt_histogram %: [78.3, 16.3, 2.6, 0.6, 0.3, 0.2, 0.1, 0.1, 0.1, 0.1, 0.0, 0.1, 0.0, 0.0, 0.0, 1.2]
  Avg ACT steps (last 100): 1.10
  saved: /home/jvdillon/projects/sic/code/maze/ckpts/x000j/step07500.pt acc=98.96% (0.029s)
Step  7500  Test 98.96% / 69.00%  Train lm=0.0742±0.0000ϵ[0.0742,0.0742] n_active=128.0000±0.0000ϵ[128.0000,128.0000] n_expunged=0.0000±0.0000ϵ[0.0000,0.0000] n_halted=115.5060±3.3075ϵ[106.0000,125.0000] pool_util=1.0000±0.0000ϵ[1.0000,1.0000]  (38.271s / 239.973s)
  cell_acc=98.98%, puzzle_acc=69.70%
  eval_avg_halt_step: 1.22
  per_H_acc: ['H0=69.9%', 'H1=95.7%', 'H2=98.8%']
  H_cos: ['0.809', '0.938']
  z_H_delta: ['24.000', '12.562']
  cells: fixed=[58883, 7320] broken=[4940, 811]
  per_ACT_cell_acc: ['H1=69.9%', 'H2=95.7%', 'H3=98.8%', 'H4=98.9%', 'H5=98.9%', 'H6=98.9%', 'H7=98.9%', 'H8=98.9%', 'H9=98.9%', 'H10=98.9%', 'H11=98.9%', 'H12=98.9%', 'H13=98.9%', 'H14=98.9%', 'H15=98.9%', 'H16=98.9%']
  per_ACT_puzzle_acc: ['H1=0.0%', 'H2=0.9%', 'H3=56.9%', 'H4=64.2%', 'H5=65.5%', 'H6=67.2%', 'H7=67.2%', 'H8=67.2%', 'H9=67.2%', 'H10=67.2%', 'H11=67.7%', 'H12=68.1%', 'H13=68.1%', 'H14=68.1%', 'H15=68.1%', 'H16=68.1%']
  mean_sigmoid_q_halt: ['0.001', '0.054', '0.844', '0.930', '0.949', '0.961', '0.961', '0.965', '0.969', '0.965', '0.973', '0.973', '0.973', '0.977', '0.984', '0.980']
  halt_rates: ['0.00', '0.01', '0.83', '0.94', '0.96', '0.97', '0.96', '0.97', '0.97', '0.97', '0.97', '0.97', '0.97', '0.98', '0.99', '0.98']
  halt_histogram %: [79.2, 15.7, 2.5, 0.6, 0.3, 0.2, 0.1, 0.1, 0.1, 0.1, 0.0, 0.0, 0.0, 0.0, 0.0, 1.1]
  Avg ACT steps (last 100): 1.12
  saved: /home/jvdillon/projects/sic/code/maze/ckpts/x000j/step08000.pt acc=98.98% (0.029s)
Step  8000  Test 98.98% / 69.70%  Train lm=0.0742±0.0000ϵ[0.0742,0.0742] n_active=128.0000±0.0000ϵ[128.0000,128.0000] n_expunged=0.0000±0.0000ϵ[0.0000,0.0000] n_halted=115.2620±3.3894ϵ[102.0000,123.0000] pool_util=1.0000±0.0000ϵ[1.0000,1.0000]  (38.267s / 240.015s)
