Adam params: ('embed_tokens.weight', 'head.weight', 'head.bias', 'q_head.weight', 'q_head.bias', 'puzzle_id_embed.weight')
Muon 2D params: ('reasoning.0.attn.o_proj.weight', 'reasoning.0.mlp.up_proj.weight', 'reasoning.0.mlp.down_proj.weight', 'reasoning.1.attn.o_proj.weight', 'reasoning.1.mlp.up_proj.weight', 'reasoning.1.mlp.down_proj.weight')
Muon 3D params (ensemble_dims=1): ('reasoning.0.attn.qkv_proj.weight', 'reasoning.1.attn.qkv_proj.weight')
  cell_acc=87.50%, puzzle_acc=0.00%
  eval_avg_halt_step: 16.00
  per_H_acc: ['H0=81.5%', 'H1=87.3%', 'H2=87.5%']
  H_cos: ['0.875', '0.961']
  z_H_delta: ['17.625', '12.250']
  cells: fixed=[16237, 464] broken=[4179, 0]
  per_ACT_cell_acc: ['H1=81.5%', 'H2=87.3%', 'H3=87.5%', 'H4=87.5%', 'H5=87.5%', 'H6=87.5%', 'H7=87.5%', 'H8=87.5%', 'H9=87.5%', 'H10=87.5%', 'H11=87.5%', 'H12=87.5%', 'H13=87.5%', 'H14=87.5%', 'H15=87.5%', 'H16=87.5%']
  per_ACT_puzzle_acc: ['H1=0.0%', 'H2=0.0%', 'H3=0.0%', 'H4=0.0%', 'H5=0.0%', 'H6=0.0%', 'H7=0.0%', 'H8=0.0%', 'H9=0.0%', 'H10=0.0%', 'H11=0.0%', 'H12=0.0%', 'H13=0.0%', 'H14=0.0%', 'H15=0.0%', 'H16=0.0%']
  mean_sigmoid_q_halt: ['0.003', '0.002', '0.001', '0.001', '0.001', '0.001', '0.001', '0.001', '0.001', '0.001', '0.001', '0.001', '0.001', '0.001', '0.001', '0.001']
  halt_rates: ['0.00', '0.00', '0.00', '0.00', '0.00', '0.00', '0.00', '0.00', '0.00', '0.00', '0.00', '0.00', '0.00', '0.00', '0.00', '0.00']
  halt_histogram %: [0.0, 0.0, 0.0, 0.0, 0.0, 0.0, 0.0, 0.0, 0.0, 0.0, 0.0, 0.0, 0.0, 0.0, 0.0, 100.0]
  Avg ACT steps (last 100): 16.00
  saved: /home/jvdillon/projects/sic/code/maze/ckpts/x000k/step00500.pt acc=87.50% (0.090s)
  saved: /home/jvdillon/projects/sic/code/maze/ckpts/x000k/best.pt acc=87.50% (0.170s)
Step   500  Test 87.50% /  0.00%  Train lm=0.6172±0.4941ϵ[0.3008,2.4844] n_active=128.0000±0.0000ϵ[128.0000,128.0000] n_expunged=0.0000±0.0000ϵ[0.0000,0.0000] n_halted=7.9360±30.8988ϵ[0.0000,128.0000] pool_util=1.0000±0.0000ϵ[1.0000,1.0000]  (36.976s / 185.820s)
  cell_acc=89.52%, puzzle_acc=0.00%
  eval_avg_halt_step: 16.00
  per_H_acc: ['H0=87.3%', 'H1=87.4%', 'H2=87.5%']
  H_cos: ['0.922', '0.980']
  z_H_delta: ['18.875', '12.000']
  cells: fixed=[229, 262] broken=[0, 19]
  per_ACT_cell_acc: ['H1=87.3%', 'H2=87.4%', 'H3=87.5%', 'H4=87.9%', 'H5=88.2%', 'H6=88.3%', 'H7=88.6%', 'H8=88.9%', 'H9=89.1%', 'H10=89.2%', 'H11=89.3%', 'H12=89.4%', 'H13=89.4%', 'H14=89.4%', 'H15=89.4%', 'H16=89.4%']
  per_ACT_puzzle_acc: ['H1=0.0%', 'H2=0.0%', 'H3=0.0%', 'H4=0.0%', 'H5=0.0%', 'H6=0.0%', 'H7=0.0%', 'H8=0.0%', 'H9=0.0%', 'H10=0.0%', 'H11=0.0%', 'H12=0.0%', 'H13=0.0%', 'H14=0.0%', 'H15=0.0%', 'H16=0.0%']
  mean_sigmoid_q_halt: ['0.000', '0.000', '0.000', '0.000', '0.000', '0.000', '0.000', '0.000', '0.000', '0.000', '0.000', '0.000', '0.000', '0.000', '0.000', '0.000']
  halt_rates: ['0.00', '0.00', '0.00', '0.00', '0.00', '0.00', '0.00', '0.00', '0.00', '0.00', '0.00', '0.00', '0.00', '0.00', '0.00', '0.00']
  halt_histogram %: [0.0, 0.0, 0.0, 0.0, 0.0, 0.0, 0.0, 0.0, 0.0, 0.0, 0.0, 0.0, 0.0, 0.0, 0.0, 100.0]
  Avg ACT steps (last 100): 16.00
  saved: /home/jvdillon/projects/sic/code/maze/ckpts/x000k/step01000.pt acc=89.52% (0.087s)
  saved: /home/jvdillon/projects/sic/code/maze/ckpts/x000k/best.pt acc=89.52% (0.167s)
Step  1000  Test 89.52% /  0.00%  Train lm=0.2520±0.0488ϵ[0.1387,0.3203] n_active=128.0000±0.0000ϵ[128.0000,128.0000] n_expunged=0.0000±0.0000ϵ[0.0000,0.0000] n_halted=7.9360±30.8988ϵ[0.0000,128.0000] pool_util=1.0000±0.0000ϵ[1.0000,1.0000]  (28.345s / 176.749s)
  cell_acc=95.10%, puzzle_acc=0.90%
  eval_avg_halt_step: 16.00
  per_H_acc: ['H0=87.5%', 'H1=84.3%', 'H2=89.9%']
  H_cos: ['0.949', '0.988']
  z_H_delta: ['18.375', '15.188']
  cells: fixed=[12216, 20110] broken=[18982, 8292]
  per_ACT_cell_acc: ['H1=87.5%', 'H2=84.3%', 'H3=89.9%', 'H4=92.6%', 'H5=93.7%', 'H6=94.3%', 'H7=94.7%', 'H8=94.9%', 'H9=95.1%', 'H10=95.2%', 'H11=95.3%', 'H12=95.3%', 'H13=95.3%', 'H14=95.3%', 'H15=95.3%', 'H16=95.3%']
  per_ACT_puzzle_acc: ['H1=0.0%', 'H2=0.0%', 'H3=0.0%', 'H4=0.0%', 'H5=0.0%', 'H6=0.0%', 'H7=0.0%', 'H8=0.0%', 'H9=0.0%', 'H10=0.0%', 'H11=0.0%', 'H12=0.0%', 'H13=0.0%', 'H14=0.0%', 'H15=0.4%', 'H16=0.4%']
  mean_sigmoid_q_halt: ['0.001', '0.002', '0.001', '0.001', '0.001', '0.001', '0.001', '0.002', '0.002', '0.002', '0.002', '0.003', '0.003', '0.003', '0.003', '0.004']
  halt_rates: ['0.00', '0.00', '0.00', '0.00', '0.00', '0.00', '0.00', '0.00', '0.00', '0.00', '0.00', '0.00', '0.00', '0.00', '0.00', '0.00']
  halt_histogram %: [0.0, 0.0, 0.0, 0.0, 0.0, 0.0, 0.0, 0.0, 0.0, 0.0, 0.1, 0.0, 0.1, 0.0, 0.1, 99.8]
  Avg ACT steps (last 100): 15.90
  saved: /home/jvdillon/projects/sic/code/maze/ckpts/x000k/step01500.pt acc=95.10% (0.085s)
  saved: /home/jvdillon/projects/sic/code/maze/ckpts/x000k/best.pt acc=95.10% (0.164s)
Step  1500  Test 95.10% /  0.90%  Train lm=0.1157±0.0439ϵ[0.0630,0.3066] n_active=128.0000±0.0000ϵ[128.0000,128.0000] n_expunged=0.0000±0.0000ϵ[0.0000,0.0000] n_halted=7.9540±30.4713ϵ[0.0000,128.0000] pool_util=1.0000±0.0000ϵ[1.0000,1.0000]  (46.409s / 251.441s)
  cell_acc=96.05%, puzzle_acc=4.30%
  eval_avg_halt_step: 15.60
  per_H_acc: ['H0=87.5%', 'H1=87.4%', 'H2=93.8%']
  H_cos: ['0.938', '0.984']
  z_H_delta: ['19.375', '18.625']
  cells: fixed=[13403, 18444] broken=[13664, 5094]
  per_ACT_cell_acc: ['H1=87.5%', 'H2=87.4%', 'H3=93.8%', 'H4=94.8%', 'H5=95.3%', 'H6=95.7%', 'H7=95.8%', 'H8=95.9%', 'H9=95.9%', 'H10=95.9%', 'H11=95.9%', 'H12=96.0%', 'H13=96.0%', 'H14=96.0%', 'H15=96.0%', 'H16=96.0%']
  per_ACT_puzzle_acc: ['H1=0.0%', 'H2=0.0%', 'H3=0.0%', 'H4=0.0%', 'H5=0.4%', 'H6=0.9%', 'H7=2.6%', 'H8=3.4%', 'H9=3.9%', 'H10=4.7%', 'H11=4.3%', 'H12=4.3%', 'H13=4.3%', 'H14=5.2%', 'H15=6.0%', 'H16=5.6%']
  mean_sigmoid_q_halt: ['0.008', '0.003', '0.001', '0.005', '0.010', '0.024', '0.035', '0.039', '0.043', '0.051', '0.060', '0.065', '0.070', '0.074', '0.076', '0.076']
  halt_rates: ['0.00', '0.00', '0.00', '0.00', '0.00', '0.00', '0.00', '0.00', '0.00', '0.00', '0.00', '0.01', '0.01', '0.01', '0.02', '0.02']
  halt_histogram %: [0.0, 0.0, 0.1, 0.4, 0.6, 0.4, 0.5, 0.5, 0.4, 0.5, 0.4, 0.4, 0.4, 0.4, 0.5, 94.5]
  Avg ACT steps (last 100): 13.55
  saved: /home/jvdillon/projects/sic/code/maze/ckpts/x000k/step02000.pt acc=96.05% (0.084s)
  saved: /home/jvdillon/projects/sic/code/maze/ckpts/x000k/best.pt acc=96.05% (0.164s)
Step  2000  Test 96.05% /  4.30%  Train lm=0.0845±0.0107ϵ[0.0610,0.1562] n_active=128.0000±0.0000ϵ[128.0000,128.0000] n_expunged=0.0000±0.0000ϵ[0.0000,0.0000] n_halted=8.7960±8.4297ϵ[0.0000,86.0000] pool_util=1.0000±0.0000ϵ[1.0000,1.0000]  (44.369s / 292.427s)
  cell_acc=96.39%, puzzle_acc=4.50%
  eval_avg_halt_step: 15.81
  per_H_acc: ['H0=87.3%', 'H1=90.4%', 'H2=94.8%']
  H_cos: ['0.977', '0.988']
  z_H_delta: ['19.625', '17.000']
  cells: fixed=[16735, 12857] broken=[10293, 3739]
  per_ACT_cell_acc: ['H1=87.3%', 'H2=90.4%', 'H3=94.8%', 'H4=95.6%', 'H5=95.9%', 'H6=96.4%', 'H7=96.6%', 'H8=96.7%', 'H9=96.7%', 'H10=96.7%', 'H11=96.7%', 'H12=96.7%', 'H13=96.7%', 'H14=96.6%', 'H15=96.6%', 'H16=96.6%']
  per_ACT_puzzle_acc: ['H1=0.0%', 'H2=0.0%', 'H3=0.0%', 'H4=0.4%', 'H5=1.7%', 'H6=3.9%', 'H7=5.2%', 'H8=7.3%', 'H9=6.9%', 'H10=5.6%', 'H11=6.5%', 'H12=6.9%', 'H13=6.0%', 'H14=6.5%', 'H15=6.5%', 'H16=6.0%']
  mean_sigmoid_q_halt: ['0.006', '0.002', '0.002', '0.006', '0.015', '0.032', '0.051', '0.061', '0.065', '0.071', '0.073', '0.075', '0.075', '0.078', '0.081', '0.082']
  halt_rates: ['0.00', '0.00', '0.00', '0.00', '0.00', '0.00', '0.01', '0.01', '0.01', '0.01', '0.00', '0.00', '0.00', '0.00', '0.00', '0.00']
  halt_histogram %: [0.0, 0.3, 1.0, 1.7, 1.5, 1.1, 1.0, 1.0, 0.9, 1.0, 0.7, 0.8, 0.8, 0.7, 0.7, 86.7]
  Avg ACT steps (last 100): 13.78
  saved: /home/jvdillon/projects/sic/code/maze/ckpts/x000k/step02500.pt acc=96.39% (0.086s)
  saved: /home/jvdillon/projects/sic/code/maze/ckpts/x000k/best.pt acc=96.39% (0.165s)
Step  2500  Test 96.39% /  4.50%  Train lm=0.0762±0.0072ϵ[0.0569,0.0981] n_active=128.0000±0.0000ϵ[128.0000,128.0000] n_expunged=0.0000±0.0000ϵ[0.0000,0.0000] n_halted=10.1240±5.1069ϵ[0.0000,40.0000] pool_util=1.0000±0.0000ϵ[1.0000,1.0000]  (52.900s / 326.465s)
  cell_acc=97.52%, puzzle_acc=23.50%
  eval_avg_halt_step: 8.95
  per_H_acc: ['H0=87.1%', 'H1=87.1%', 'H2=95.8%']
  H_cos: ['0.973', '0.965']
  z_H_delta: ['18.125', '20.125']
  cells: fixed=[20747, 21309] broken=[20641, 3126]
  per_ACT_cell_acc: ['H1=87.1%', 'H2=87.1%', 'H3=95.8%', 'H4=96.7%', 'H5=97.1%', 'H6=97.2%', 'H7=97.3%', 'H8=97.4%', 'H9=97.4%', 'H10=97.4%', 'H11=97.4%', 'H12=97.4%', 'H13=97.4%', 'H14=97.4%', 'H15=97.4%', 'H16=97.5%']
  per_ACT_puzzle_acc: ['H1=0.0%', 'H2=0.0%', 'H3=0.0%', 'H4=3.0%', 'H5=8.6%', 'H6=14.7%', 'H7=18.1%', 'H8=22.8%', 'H9=23.3%', 'H10=22.4%', 'H11=22.8%', 'H12=22.4%', 'H13=22.4%', 'H14=22.8%', 'H15=22.4%', 'H16=22.0%']
  mean_sigmoid_q_halt: ['0.048', '0.023', '0.001', '0.015', '0.101', '0.183', '0.252', '0.301', '0.326', '0.346', '0.342', '0.350', '0.357', '0.365', '0.373', '0.375']
  halt_rates: ['0.00', '0.00', '0.00', '0.00', '0.08', '0.19', '0.26', '0.33', '0.35', '0.38', '0.36', '0.38', '0.38', '0.41', '0.41', '0.42']
  halt_histogram %: [0.0, 2.0, 3.3, 3.2, 2.5, 2.0, 1.6, 1.5, 1.3, 1.3, 1.1, 1.0, 1.0, 0.9, 1.0, 76.2]
  Avg ACT steps (last 100): 9.49
  saved: /home/jvdillon/projects/sic/code/maze/ckpts/x000k/step03000.pt acc=97.52% (0.084s)
  saved: /home/jvdillon/projects/sic/code/maze/ckpts/x000k/best.pt acc=97.52% (0.165s)
Step  3000  Test 97.52% / 23.50%  Train lm=0.0737±0.0074ϵ[0.0552,0.0938] n_active=128.0000±0.0000ϵ[128.0000,128.0000] n_expunged=0.0000±0.0000ϵ[0.0000,0.0000] n_halted=12.6200±7.0829ϵ[0.0000,42.0000] pool_util=1.0000±0.0000ϵ[1.0000,1.0000]  (28.350s / 258.860s)
  cell_acc=97.63%, puzzle_acc=17.10%
  eval_avg_halt_step: 11.65
  per_H_acc: ['H0=87.3%', 'H1=86.5%', 'H2=95.6%']
  H_cos: ['0.988', '0.965']
  z_H_delta: ['18.500', '22.000']
  cells: fixed=[11188, 23152] broken=[12740, 4305]
  per_ACT_cell_acc: ['H1=87.3%', 'H2=86.5%', 'H3=95.6%', 'H4=96.6%', 'H5=97.0%', 'H6=97.2%', 'H7=97.3%', 'H8=97.4%', 'H9=97.5%', 'H10=97.5%', 'H11=97.6%', 'H12=97.6%', 'H13=97.6%', 'H14=97.6%', 'H15=97.6%', 'H16=97.6%']
  per_ACT_puzzle_acc: ['H1=0.0%', 'H2=0.0%', 'H3=0.0%', 'H4=2.2%', 'H5=5.6%', 'H6=9.9%', 'H7=12.9%', 'H8=15.1%', 'H9=15.9%', 'H10=17.7%', 'H11=19.0%', 'H12=18.1%', 'H13=16.8%', 'H14=17.7%', 'H15=18.5%', 'H16=19.4%']
  mean_sigmoid_q_halt: ['0.115', '0.042', '0.002', '0.061', '0.147', '0.151', '0.180', '0.197', '0.214', '0.226', '0.232', '0.235', '0.232', '0.234', '0.231', '0.231']
  halt_rates: ['0.00', '0.00', '0.00', '0.02', '0.09', '0.11', '0.16', '0.16', '0.20', '0.23', '0.23', '0.23', '0.22', '0.22', '0.23', '0.22']
  halt_histogram %: [0.0, 5.8, 6.1, 4.6, 3.3, 2.5, 2.1, 1.7, 1.6, 1.4, 1.3, 1.2, 1.2, 1.0, 1.1, 65.1]
  Avg ACT steps (last 100): 8.19
  saved: /home/jvdillon/projects/sic/code/maze/ckpts/x000k/step03500.pt acc=97.63% (0.085s)
  saved: /home/jvdillon/projects/sic/code/maze/ckpts/x000k/best.pt acc=97.63% (0.163s)
Step  3500  Test 97.63% / 17.10%  Train lm=0.0752±0.0074ϵ[0.0559,0.1030] n_active=128.0000±0.0000ϵ[128.0000,128.0000] n_expunged=0.0000±0.0000ϵ[0.0000,0.0000] n_halted=15.9780±7.8317ϵ[1.0000,41.0000] pool_util=1.0000±0.0000ϵ[1.0000,1.0000]  (28.359s / 177.072s)
  cell_acc=97.92%, puzzle_acc=31.70%
  eval_avg_halt_step: 10.11
  per_H_acc: ['H0=87.3%', 'H1=91.2%', 'H2=96.9%']
  H_cos: ['0.984', '0.973']
  z_H_delta: ['16.875', '17.625']
  cells: fixed=[13201, 14723] broken=[4915, 2962]
  per_ACT_cell_acc: ['H1=87.3%', 'H2=91.2%', 'H3=96.9%', 'H4=97.7%', 'H5=98.0%', 'H6=98.1%', 'H7=98.2%', 'H8=98.1%', 'H9=98.1%', 'H10=98.1%', 'H11=98.1%', 'H12=98.1%', 'H13=98.1%', 'H14=98.1%', 'H15=98.1%', 'H16=98.1%']
  per_ACT_puzzle_acc: ['H1=0.0%', 'H2=0.0%', 'H3=1.3%', 'H4=12.9%', 'H5=20.7%', 'H6=25.4%', 'H7=28.0%', 'H8=30.6%', 'H9=29.7%', 'H10=30.2%', 'H11=29.7%', 'H12=29.7%', 'H13=28.9%', 'H14=29.7%', 'H15=30.2%', 'H16=29.7%']
  mean_sigmoid_q_halt: ['0.270', '0.326', '0.025', '0.154', '0.270', '0.275', '0.281', '0.287', '0.293', '0.283', '0.275', '0.275', '0.273', '0.270', '0.270', '0.270']
  halt_rates: ['0.00', '0.00', '0.00', '0.12', '0.28', '0.27', '0.29', '0.31', '0.29', '0.28', '0.27', '0.27', '0.28', '0.25', '0.26', '0.26']
  halt_histogram %: [0.0, 10.2, 8.0, 5.4, 3.7, 2.8, 2.2, 1.9, 1.7, 1.5, 1.3, 1.2, 1.2, 1.1, 1.1, 56.8]
  Avg ACT steps (last 100): 6.42
  saved: /home/jvdillon/projects/sic/code/maze/ckpts/x000k/step04000.pt acc=97.92% (0.082s)
  saved: /home/jvdillon/projects/sic/code/maze/ckpts/x000k/best.pt acc=97.92% (0.161s)
Step  4000  Test 97.92% / 31.70%  Train lm=0.0737±0.0087ϵ[0.0503,0.1143] n_active=128.0000±0.0000ϵ[128.0000,128.0000] n_expunged=0.0000±0.0000ϵ[0.0000,0.0000] n_halted=17.8920±7.4713ϵ[3.0000,42.0000] pool_util=1.0000±0.0000ϵ[1.0000,1.0000]  (35.197s / 244.001s)
  cell_acc=97.57%, puzzle_acc=20.40%
  eval_avg_halt_step: 12.79
  per_H_acc: ['H0=87.3%', 'H1=91.7%', 'H2=96.9%']
  H_cos: ['0.977', '0.980']
  z_H_delta: ['18.875', '18.250']
  cells: fixed=[18460, 13063] broken=[9185, 2366]
  per_ACT_cell_acc: ['H1=87.3%', 'H2=91.7%', 'H3=96.9%', 'H4=97.6%', 'H5=97.8%', 'H6=97.9%', 'H7=97.9%', 'H8=97.9%', 'H9=97.8%', 'H10=97.8%', 'H11=97.8%', 'H12=97.8%', 'H13=97.8%', 'H14=97.7%', 'H15=97.7%', 'H16=97.7%']
  per_ACT_puzzle_acc: ['H1=0.0%', 'H2=0.0%', 'H3=0.9%', 'H4=12.5%', 'H5=22.8%', 'H6=25.9%', 'H7=26.7%', 'H8=27.6%', 'H9=25.0%', 'H10=25.4%', 'H11=22.4%', 'H12=21.1%', 'H13=22.4%', 'H14=21.6%', 'H15=22.0%', 'H16=21.6%']
  mean_sigmoid_q_halt: ['0.326', '0.387', '0.011', '0.101', '0.149', '0.162', '0.166', '0.159', '0.150', '0.146', '0.141', '0.138', '0.135', '0.128', '0.128', '0.124']
  halt_rates: ['0.00', '0.01', '0.00', '0.09', '0.13', '0.16', '0.16', '0.16', '0.14', '0.15', '0.15', '0.15', '0.13', '0.14', '0.13', '0.12']
  halt_histogram %: [0.1, 14.2, 9.2, 5.7, 3.9, 2.9, 2.3, 1.9, 1.7, 1.6, 1.3, 1.2, 1.2, 1.1, 1.1, 50.7]
  Avg ACT steps (last 100): 8.13
  saved: /home/jvdillon/projects/sic/code/maze/ckpts/x000k/step04500.pt acc=97.57% (0.084s)
Step  4500  Test 97.57% / 20.40%  Train lm=0.0674±0.0060ϵ[0.0491,0.0869] n_active=128.0000±0.0000ϵ[128.0000,128.0000] n_expunged=0.0000±0.0000ϵ[0.0000,0.0000] n_halted=18.7600±6.9133ϵ[1.0000,38.0000] pool_util=1.0000±0.0000ϵ[1.0000,1.0000]  (46.631s / 283.888s)
Traceback (most recent call last):
  File "/home/jvdillon/projects/sic/code/experiment.py", line 2974, in main
    return train(experiment)  # pyright: ignore[reportArgumentType]
           ^^^^^^^^^^^^^^^^^
  File "/home/jvdillon/projects/sic/code/experiment.py", line 2943, in train
    loss = experiment.step(samples, targets, puzzle_ids)
           ^^^^^^^^^^^^^^^^^^^^^^^^^^^^^^^^^^^^^^^^^^^^^
  File "/home/jvdillon/projects/sic/code/experiment.py", line 1735, in step
    active_samples, winner_chains = state.select_winners(forward_result["losses"])
                                    ^^^^^^^^^^^^^^^^^^^^^^^^^^^^^^^^^^^^^^^^^^^^^^
  File "/home/jvdillon/projects/sic/code/experiment.py", line 2800, in select_winners
    active = self.active.nonzero(as_tuple=True)[0]
             ^^^^^^^^^^^^^^^^^^^^^^^^^^^^^^^^^^
KeyboardInterrupt
