Adam params: ('embed_tokens.weight', 'head.weight', 'head.bias', 'q_head.weight', 'q_head.bias')
Muon 2D params: ('reasoning.0.attn.o_proj.weight', 'reasoning.0.mlp.up_proj.weight', 'reasoning.0.mlp.down_proj.weight', 'reasoning.1.attn.o_proj.weight', 'reasoning.1.mlp.up_proj.weight', 'reasoning.1.mlp.down_proj.weight')
Muon 3D params (ensemble_dims=1): ('reasoning.0.attn.qkv_proj.weight', 'reasoning.1.attn.qkv_proj.weight')
  cell_acc=87.50%, puzzle_acc=0.00%
  eval_avg_halt_step: 16.00
  per_H_acc: ['H0=87.3%', 'H1=87.3%', 'H2=87.3%']
  H_cos: ['0.758', '0.859']
  z_H_delta: ['19.250', '15.875']
  cells: fixed=[0, 0] broken=[0, 0]
  per_ACT_cell_acc: ['H1=87.3%', 'H2=87.3%', 'H3=87.3%', 'H4=87.3%', 'H5=87.4%', 'H6=87.5%', 'H7=87.5%', 'H8=87.5%', 'H9=87.5%', 'H10=87.5%', 'H11=87.5%', 'H12=87.5%', 'H13=87.5%', 'H14=87.5%', 'H15=87.5%', 'H16=87.5%']
  per_ACT_puzzle_acc: ['H1=0.0%', 'H2=0.0%', 'H3=0.0%', 'H4=0.0%', 'H5=0.0%', 'H6=0.0%', 'H7=0.0%', 'H8=0.0%', 'H9=0.0%', 'H10=0.0%', 'H11=0.0%', 'H12=0.0%', 'H13=0.0%', 'H14=0.0%', 'H15=0.0%', 'H16=0.0%']
  mean_sigmoid_q_halt: ['0.002', '0.001', '0.001', '0.000', '0.000', '0.000', '0.000', '0.000', '0.000', '0.000', '0.000', '0.000', '0.000', '0.000', '0.000', '0.000']
  halt_rates: ['0.00', '0.00', '0.00', '0.00', '0.00', '0.00', '0.00', '0.00', '0.00', '0.00', '0.00', '0.00', '0.00', '0.00', '0.00', '0.00']
  halt_histogram %: [0.0, 0.0, 0.0, 0.0, 0.0, 0.0, 0.0, 0.0, 0.0, 0.0, 0.0, 0.0, 0.0, 0.0, 0.0, 100.0]
  Avg ACT steps (last 100): 16.00
  saved: /home/jvdillon/projects/sic/code/maze/ckpts/x000c/step00500.pt acc=87.50% (0.068s)
  saved: /home/jvdillon/projects/sic/code/maze/ckpts/x000c/best.pt acc=87.50% (0.130s)
Step   500  Test 87.50% /  0.00%  Train lm=1.8906±0.9336ϵ[1.1328,4.9062] n_active=128.0000±0.0000ϵ[128.0000,128.0000] n_expunged=0.0000±0.0000ϵ[0.0000,0.0000] n_halted=7.9360±30.8988ϵ[0.0000,128.0000] pool_util=1.0000±0.0000ϵ[1.0000,1.0000]  (43.403s / 240.870s)
  cell_acc=89.94%, puzzle_acc=0.00%
  eval_avg_halt_step: 16.00
  per_H_acc: ['H0=87.4%', 'H1=87.2%', 'H2=86.0%']
  H_cos: ['0.625', '0.875']
  z_H_delta: ['20.875', '16.000']
  cells: fixed=[135, 6339] broken=[432, 8780]
  per_ACT_cell_acc: ['H1=87.4%', 'H2=87.2%', 'H3=86.0%', 'H4=87.5%', 'H5=87.8%', 'H6=88.3%', 'H7=88.5%', 'H8=88.6%', 'H9=88.8%', 'H10=89.1%', 'H11=89.3%', 'H12=89.4%', 'H13=89.4%', 'H14=89.5%', 'H15=89.6%', 'H16=89.6%']
  per_ACT_puzzle_acc: ['H1=0.0%', 'H2=0.0%', 'H3=0.0%', 'H4=0.0%', 'H5=0.0%', 'H6=0.0%', 'H7=0.0%', 'H8=0.0%', 'H9=0.0%', 'H10=0.0%', 'H11=0.0%', 'H12=0.0%', 'H13=0.0%', 'H14=0.0%', 'H15=0.0%', 'H16=0.0%']
  mean_sigmoid_q_halt: ['0.001', '0.000', '0.000', '0.000', '0.000', '0.000', '0.000', '0.000', '0.000', '0.000', '0.000', '0.000', '0.000', '0.000', '0.000', '0.000']
  halt_rates: ['0.00', '0.00', '0.00', '0.00', '0.00', '0.00', '0.00', '0.00', '0.00', '0.00', '0.00', '0.00', '0.00', '0.00', '0.00', '0.00']
  halt_histogram %: [0.0, 0.0, 0.0, 0.0, 0.0, 0.0, 0.0, 0.0, 0.0, 0.0, 0.0, 0.0, 0.0, 0.0, 0.0, 100.0]
  Avg ACT steps (last 100): 16.00
  saved: /home/jvdillon/projects/sic/code/maze/ckpts/x000c/step01000.pt acc=89.94% (0.067s)
  saved: /home/jvdillon/projects/sic/code/maze/ckpts/x000c/best.pt acc=89.94% (0.128s)
Step  1000  Test 89.94% /  0.00%  Train lm=1.1094±0.0278ϵ[1.0391,1.2812] n_active=128.0000±0.0000ϵ[128.0000,128.0000] n_expunged=0.0000±0.0000ϵ[0.0000,0.0000] n_halted=7.9360±30.8988ϵ[0.0000,128.0000] pool_util=1.0000±0.0000ϵ[1.0000,1.0000]  (37.230s / 234.887s)
  cell_acc=93.81%, puzzle_acc=0.70%
  eval_avg_halt_step: 16.00
  per_H_acc: ['H0=86.9%', 'H1=87.5%', 'H2=90.7%']
  H_cos: ['0.691', '0.867']
  z_H_delta: ['22.875', '17.000']
  cells: fixed=[1328, 13492] broken=[1, 6747]
  per_ACT_cell_acc: ['H1=86.9%', 'H2=87.5%', 'H3=90.7%', 'H4=92.3%', 'H5=93.1%', 'H6=93.6%', 'H7=93.8%', 'H8=93.9%', 'H9=93.9%', 'H10=94.0%', 'H11=94.0%', 'H12=93.9%', 'H13=93.9%', 'H14=93.9%', 'H15=93.8%', 'H16=93.8%']
  per_ACT_puzzle_acc: ['H1=0.0%', 'H2=0.0%', 'H3=0.0%', 'H4=0.0%', 'H5=0.0%', 'H6=0.0%', 'H7=0.0%', 'H8=0.0%', 'H9=0.4%', 'H10=0.4%', 'H11=0.4%', 'H12=0.4%', 'H13=0.4%', 'H14=0.4%', 'H15=0.4%', 'H16=0.4%']
  mean_sigmoid_q_halt: ['0.003', '0.000', '0.000', '0.000', '0.002', '0.004', '0.005', '0.007', '0.009', '0.010', '0.012', '0.014', '0.015', '0.017', '0.018', '0.019']
  halt_rates: ['0.00', '0.00', '0.00', '0.00', '0.00', '0.00', '0.00', '0.00', '0.00', '0.00', '0.00', '0.00', '0.00', '0.00', '0.00', '0.00']
  halt_histogram %: [0.0, 0.0, 0.0, 0.0, 0.0, 0.1, 0.1, 0.2, 0.3, 0.2, 0.1, 0.2, 0.1, 0.6, 0.6, 97.3]
  Avg ACT steps (last 100): 12.47
  saved: /home/jvdillon/projects/sic/code/maze/ckpts/x000c/step01500.pt acc=93.81% (0.065s)
  saved: /home/jvdillon/projects/sic/code/maze/ckpts/x000c/best.pt acc=93.81% (0.125s)
Step  1500  Test 93.81% /  0.70%  Train lm=1.0078±0.0408ϵ[0.9531,1.2344] n_active=128.0000±0.0000ϵ[128.0000,128.0000] n_expunged=0.0000±0.0000ϵ[0.0000,0.0000] n_halted=8.2100±28.1571ϵ[0.0000,128.0000] pool_util=1.0000±0.0000ϵ[1.0000,1.0000]  (37.285s / 234.092s)
  cell_acc=96.47%, puzzle_acc=7.70%
  eval_avg_halt_step: 14.06
  per_H_acc: ['H0=61.7%', 'H1=87.9%', 'H2=95.5%']
  H_cos: ['0.738', '0.934']
  z_H_delta: ['22.875', '15.750']
  cells: fixed=[55574, 20750] broken=[963, 4842]
  per_ACT_cell_acc: ['H1=61.7%', 'H2=87.9%', 'H3=95.5%', 'H4=96.6%', 'H5=96.7%', 'H6=96.6%', 'H7=96.5%', 'H8=96.4%', 'H9=96.4%', 'H10=96.4%', 'H11=96.3%', 'H12=96.3%', 'H13=96.3%', 'H14=96.3%', 'H15=96.3%', 'H16=96.3%']
  per_ACT_puzzle_acc: ['H1=0.0%', 'H2=0.0%', 'H3=0.0%', 'H4=3.0%', 'H5=4.7%', 'H6=5.2%', 'H7=6.0%', 'H8=5.6%', 'H9=5.6%', 'H10=5.6%', 'H11=5.6%', 'H12=6.0%', 'H13=7.3%', 'H14=7.3%', 'H15=7.3%', 'H16=6.9%']
  mean_sigmoid_q_halt: ['0.002', '0.000', '0.003', '0.039', '0.058', '0.067', '0.081', '0.087', '0.090', '0.096', '0.096', '0.101', '0.100', '0.099', '0.098', '0.096']
  halt_rates: ['0.00', '0.00', '0.00', '0.01', '0.04', '0.05', '0.05', '0.06', '0.07', '0.09', '0.07', '0.08', '0.09', '0.08', '0.08', '0.09']
  halt_histogram %: [0.0, 4.4, 7.5, 6.0, 4.5, 3.2, 2.5, 2.1, 1.8, 1.3, 1.3, 1.0, 0.8, 1.0, 1.0, 61.5]
  Avg ACT steps (last 100): 4.57
  saved: /home/jvdillon/projects/sic/code/maze/ckpts/x000c/step02000.pt acc=96.47% (0.065s)
  saved: /home/jvdillon/projects/sic/code/maze/ckpts/x000c/best.pt acc=96.47% (0.126s)
Step  2000  Test 96.47% /  7.70%  Train lm=0.9609±0.0078ϵ[0.9414,1.0000] n_active=128.0000±0.0000ϵ[128.0000,128.0000] n_expunged=0.0000±0.0000ϵ[0.0000,0.0000] n_halted=18.1500±12.2822ϵ[0.0000,61.0000] pool_util=1.0000±0.0000ϵ[1.0000,1.0000]  (37.239s / 234.301s)
  cell_acc=98.62%, puzzle_acc=50.40%
  eval_avg_halt_step: 5.43
  per_H_acc: ['H0=86.8%', 'H1=88.7%', 'H2=97.2%']
  H_cos: ['0.824', '0.891']
  z_H_delta: ['23.625', '15.562']
  cells: fixed=[5619, 20830] broken=[1814, 2980]
  per_ACT_cell_acc: ['H1=86.8%', 'H2=88.7%', 'H3=97.2%', 'H4=98.0%', 'H5=98.4%', 'H6=98.5%', 'H7=98.6%', 'H8=98.6%', 'H9=98.7%', 'H10=98.6%', 'H11=98.6%', 'H12=98.7%', 'H13=98.7%', 'H14=98.7%', 'H15=98.7%', 'H16=98.7%']
  per_ACT_puzzle_acc: ['H1=0.0%', 'H2=0.0%', 'H3=6.5%', 'H4=28.0%', 'H5=43.5%', 'H6=47.0%', 'H7=49.1%', 'H8=50.4%', 'H9=51.7%', 'H10=53.4%', 'H11=54.3%', 'H12=55.2%', 'H13=56.0%', 'H14=53.0%', 'H15=52.2%', 'H16=52.2%']
  mean_sigmoid_q_halt: ['0.001', '0.003', '0.105', '0.309', '0.408', '0.494', '0.520', '0.543', '0.543', '0.547', '0.566', '0.562', '0.574', '0.566', '0.566', '0.574']
  halt_rates: ['0.00', '0.00', '0.08', '0.29', '0.44', '0.53', '0.55', '0.57', '0.59', '0.57', '0.60', '0.58', '0.61', '0.59', '0.60', '0.62']
  halt_histogram %: [1.3, 28.5, 14.0, 6.9, 4.3, 2.8, 2.1, 1.5, 1.4, 1.1, 0.9, 0.7, 0.6, 0.6, 0.6, 32.6]
  Avg ACT steps (last 100): 2.24
  saved: /home/jvdillon/projects/sic/code/maze/ckpts/x000c/step02500.pt acc=98.62% (0.066s)
  saved: /home/jvdillon/projects/sic/code/maze/ckpts/x000c/best.pt acc=98.62% (0.126s)
Step  2500  Test 98.62% / 50.40%  Train lm=0.9453±0.0076ϵ[0.9258,0.9688] n_active=128.0000±0.0000ϵ[128.0000,128.0000] n_expunged=0.0000±0.0000ϵ[0.0000,0.0000] n_halted=39.5020±14.6341ϵ[6.0000,79.0000] pool_util=1.0000±0.0000ϵ[1.0000,1.0000]  (37.249s / 234.398s)
  cell_acc=98.59%, puzzle_acc=51.10%
  eval_avg_halt_step: 4.41
  per_H_acc: ['H0=50.1%', 'H1=88.5%', 'H2=97.6%']
  H_cos: ['0.820', '0.906']
  z_H_delta: ['25.125', '15.062']
  cells: fixed=[81426, 22016] broken=[1263, 2909]
  per_ACT_cell_acc: ['H1=50.1%', 'H2=88.5%', 'H3=97.6%', 'H4=98.2%', 'H5=98.4%', 'H6=98.5%', 'H7=98.4%', 'H8=98.4%', 'H9=98.4%', 'H10=98.4%', 'H11=98.4%', 'H12=98.4%', 'H13=98.4%', 'H14=98.4%', 'H15=98.4%', 'H16=98.4%']
  per_ACT_puzzle_acc: ['H1=0.0%', 'H2=0.0%', 'H3=15.1%', 'H4=38.8%', 'H5=47.0%', 'H6=49.6%', 'H7=50.9%', 'H8=51.7%', 'H9=50.4%', 'H10=50.9%', 'H11=50.0%', 'H12=50.4%', 'H13=49.6%', 'H14=50.0%', 'H15=49.6%', 'H16=50.4%']
  mean_sigmoid_q_halt: ['0.000', '0.013', '0.227', '0.504', '0.594', '0.637', '0.664', '0.668', '0.664', '0.668', '0.672', '0.676', '0.676', '0.672', '0.676', '0.688']
  halt_rates: ['0.00', '0.00', '0.21', '0.51', '0.61', '0.66', '0.69', '0.69', '0.68', '0.69', '0.71', '0.70', '0.69', '0.70', '0.69', '0.71']
  halt_histogram %: [8.9, 41.0, 13.4, 5.5, 3.1, 2.0, 1.5, 1.1, 1.0, 0.7, 0.6, 0.5, 0.4, 0.4, 0.4, 19.6]
  Avg ACT steps (last 100): 1.87
  saved: /home/jvdillon/projects/sic/code/maze/ckpts/x000c/step03000.pt acc=98.59% (0.064s)
Step  3000  Test 98.59% / 51.10%  Train lm=0.9336±0.0046ϵ[0.9219,0.9531] n_active=128.0000±0.0000ϵ[128.0000,128.0000] n_expunged=0.0000±0.0000ϵ[0.0000,0.0000] n_halted=56.0680±12.1477ϵ[13.0000,82.0000] pool_util=1.0000±0.0000ϵ[1.0000,1.0000]  (37.218s / 234.414s)
  cell_acc=98.86%, puzzle_acc=64.40%
  eval_avg_halt_step: 2.80
  per_H_acc: ['H0=50.1%', 'H1=88.5%', 'H2=98.1%']
  H_cos: ['0.824', '0.906']
  z_H_delta: ['25.375', '16.250']
  cells: fixed=[81471, 22592] broken=[1263, 2510]
  per_ACT_cell_acc: ['H1=50.1%', 'H2=88.5%', 'H3=98.1%', 'H4=98.6%', 'H5=98.7%', 'H6=98.7%', 'H7=98.7%', 'H8=98.7%', 'H9=98.8%', 'H10=98.8%', 'H11=98.8%', 'H12=98.8%', 'H13=98.8%', 'H14=98.8%', 'H15=98.8%', 'H16=98.8%']
  per_ACT_puzzle_acc: ['H1=0.0%', 'H2=0.0%', 'H3=23.3%', 'H4=48.7%', 'H5=57.8%', 'H6=62.9%', 'H7=63.8%', 'H8=63.8%', 'H9=63.8%', 'H10=65.5%', 'H11=63.8%', 'H12=64.7%', 'H13=65.1%', 'H14=64.2%', 'H15=64.7%', 'H16=65.1%']
  mean_sigmoid_q_halt: ['0.000', '0.068', '0.309', '0.602', '0.719', '0.789', '0.805', '0.820', '0.844', '0.852', '0.852', '0.863', '0.867', '0.871', '0.863', '0.863']
  halt_rates: ['0.00', '0.00', '0.30', '0.62', '0.73', '0.81', '0.83', '0.83', '0.88', '0.88', '0.88', '0.89', '0.89', '0.90', '0.90', '0.89']
  halt_histogram %: [20.6, 42.9, 11.3, 4.1, 2.2, 1.4, 1.0, 0.7, 0.7, 0.5, 0.4, 0.3, 0.3, 0.3, 0.3, 12.9]
  Avg ACT steps (last 100): 1.68
  saved: /home/jvdillon/projects/sic/code/maze/ckpts/x000c/step03500.pt acc=98.86% (0.063s)
  saved: /home/jvdillon/projects/sic/code/maze/ckpts/x000c/best.pt acc=98.86% (0.126s)
Step  3500  Test 98.86% / 64.40%  Train lm=0.9258±0.0035ϵ[0.9180,0.9414] n_active=128.0000±0.0000ϵ[128.0000,128.0000] n_expunged=0.0000±0.0000ϵ[0.0000,0.0000] n_halted=72.4340±9.6816ϵ[32.0000,99.0000] pool_util=1.0000±0.0000ϵ[1.0000,1.0000]  (37.271s / 234.497s)
  cell_acc=98.95%, puzzle_acc=66.10%
  eval_avg_halt_step: 2.27
  per_H_acc: ['H0=50.1%', 'H1=87.7%', 'H2=98.4%']
  H_cos: ['0.805', '0.863']
  z_H_delta: ['25.875', '16.875']
  cells: fixed=[78735, 23985] broken=[102, 1823]
  per_ACT_cell_acc: ['H1=50.1%', 'H2=87.7%', 'H3=98.4%', 'H4=98.6%', 'H5=98.7%', 'H6=98.7%', 'H7=98.7%', 'H8=98.7%', 'H9=98.7%', 'H10=98.8%', 'H11=98.8%', 'H12=98.8%', 'H13=98.8%', 'H14=98.8%', 'H15=98.8%', 'H16=98.8%']
  per_ACT_puzzle_acc: ['H1=0.0%', 'H2=0.0%', 'H3=36.2%', 'H4=53.0%', 'H5=59.9%', 'H6=60.8%', 'H7=61.2%', 'H8=61.6%', 'H9=61.2%', 'H10=62.1%', 'H11=62.9%', 'H12=62.5%', 'H13=62.1%', 'H14=62.1%', 'H15=62.5%', 'H16=62.5%']
  mean_sigmoid_q_halt: ['0.000', '0.363', '0.566', '0.734', '0.797', '0.824', '0.863', '0.867', '0.875', '0.883', '0.887', '0.883', '0.895', '0.887', '0.883', '0.883']
  halt_rates: ['0.00', '0.13', '0.54', '0.74', '0.81', '0.84', '0.88', '0.89', '0.89', '0.90', '0.91', '0.90', '0.91', '0.90', '0.89', '0.90']
  halt_histogram %: [34.2, 38.7, 9.1, 3.1, 1.6, 1.0, 0.7, 0.5, 0.5, 0.3, 0.3, 0.2, 0.2, 0.2, 0.2, 9.0]
  Avg ACT steps (last 100): 1.34
  saved: /home/jvdillon/projects/sic/code/maze/ckpts/x000c/step04000.pt acc=98.95% (0.064s)
  saved: /home/jvdillon/projects/sic/code/maze/ckpts/x000c/best.pt acc=98.95% (0.124s)
Step  4000  Test 98.95% / 66.10%  Train lm=0.9219±0.0055ϵ[0.9141,1.0000] n_active=128.0000±0.0000ϵ[128.0000,128.0000] n_expunged=0.0000±0.0000ϵ[0.0000,0.0000] n_halted=89.3720±9.1783ϵ[55.0000,113.0000] pool_util=1.0000±0.0000ϵ[1.0000,1.0000]  (37.294s / 234.700s)
  cell_acc=98.81%, puzzle_acc=62.80%
  eval_avg_halt_step: 2.83
  per_H_acc: ['H0=64.4%', 'H1=89.9%', 'H2=98.3%']
  H_cos: ['0.855', '0.914']
  z_H_delta: ['22.500', '14.000']
  cells: fixed=[53778, 19565] broken=[548, 2065]
  per_ACT_cell_acc: ['H1=64.4%', 'H2=89.9%', 'H3=98.3%', 'H4=98.5%', 'H5=98.6%', 'H6=98.6%', 'H7=98.5%', 'H8=98.5%', 'H9=98.6%', 'H10=98.6%', 'H11=98.6%', 'H12=98.5%', 'H13=98.5%', 'H14=98.5%', 'H15=98.5%', 'H16=98.6%']
  per_ACT_puzzle_acc: ['H1=0.0%', 'H2=0.0%', 'H3=35.8%', 'H4=53.4%', 'H5=54.7%', 'H6=58.2%', 'H7=59.1%', 'H8=58.2%', 'H9=58.6%', 'H10=59.1%', 'H11=59.5%', 'H12=57.8%', 'H13=58.2%', 'H14=58.2%', 'H15=58.2%', 'H16=58.2%']
  mean_sigmoid_q_halt: ['0.000', '0.014', '0.436', '0.703', '0.781', '0.820', '0.832', '0.840', '0.848', '0.855', '0.863', '0.852', '0.848', '0.836', '0.840', '0.844']
  halt_rates: ['0.00', '0.00', '0.40', '0.72', '0.79', '0.83', '0.84', '0.85', '0.86', '0.88', '0.88', '0.86', '0.84', '0.85', '0.84', '0.84']
  halt_histogram %: [45.5, 33.6, 7.3, 2.4, 1.2, 0.8, 0.6, 0.4, 0.4, 0.3, 0.2, 0.2, 0.1, 0.1, 0.1, 6.8]
  Avg ACT steps (last 100): 1.27
  saved: /home/jvdillon/projects/sic/code/maze/ckpts/x000c/step04500.pt acc=98.81% (0.066s)
Step  4500  Test 98.81% / 62.80%  Train lm=0.9180±0.0024ϵ[0.9141,0.9336] n_active=128.0000±0.0000ϵ[128.0000,128.0000] n_expunged=0.0000±0.0000ϵ[0.0000,0.0000] n_halted=101.9840±6.1465ϵ[82.0000,118.0000] pool_util=1.0000±0.0000ϵ[1.0000,1.0000]  (37.274s / 234.602s)
  cell_acc=98.98%, puzzle_acc=70.00%
  eval_avg_halt_step: 1.73
  per_H_acc: ['H0=81.3%', 'H1=92.4%', 'H2=98.4%']
  H_cos: ['0.855', '0.941']
  z_H_delta: ['22.000', '12.812']
  cells: fixed=[24392, 14149] broken=[1305, 1466]
  per_ACT_cell_acc: ['H1=81.3%', 'H2=92.4%', 'H3=98.4%', 'H4=98.6%', 'H5=98.7%', 'H6=98.8%', 'H7=98.8%', 'H8=98.8%', 'H9=98.8%', 'H10=98.8%', 'H11=98.8%', 'H12=98.8%', 'H13=98.8%', 'H14=98.8%', 'H15=98.8%', 'H16=98.8%']
  per_ACT_puzzle_acc: ['H1=0.0%', 'H2=0.0%', 'H3=48.7%', 'H4=59.9%', 'H5=63.8%', 'H6=65.9%', 'H7=66.4%', 'H8=66.8%', 'H9=67.7%', 'H10=67.7%', 'H11=67.7%', 'H12=68.1%', 'H13=67.7%', 'H14=67.7%', 'H15=68.1%', 'H16=68.1%']
  mean_sigmoid_q_halt: ['0.001', '0.006', '0.645', '0.828', '0.891', '0.930', '0.945', '0.945', '0.957', '0.953', '0.957', '0.961', '0.961', '0.961', '0.961', '0.961']
  halt_rates: ['0.00', '0.00', '0.63', '0.82', '0.89', '0.94', '0.95', '0.96', '0.97', '0.96', '0.97', '0.97', '0.97', '0.97', '0.97', '0.97']
  halt_histogram %: [53.7, 29.5, 6.1, 1.9, 1.0, 0.6, 0.4, 0.3, 0.3, 0.2, 0.2, 0.1, 0.1, 0.1, 0.1, 5.3]
  Avg ACT steps (last 100): 1.20
  saved: /home/jvdillon/projects/sic/code/maze/ckpts/x000c/step05000.pt acc=98.98% (0.065s)
  saved: /home/jvdillon/projects/sic/code/maze/ckpts/x000c/best.pt acc=98.98% (0.127s)
Step  5000  Test 98.98% / 70.00%  Train lm=0.9141±0.0018ϵ[0.9141,0.9180] n_active=128.0000±0.0000ϵ[128.0000,128.0000] n_expunged=0.0000±0.0000ϵ[0.0000,0.0000] n_halted=107.9940±4.7234ϵ[91.0000,120.0000] pool_util=1.0000±0.0000ϵ[1.0000,1.0000]  (37.302s / 234.636s)
  cell_acc=99.02%, puzzle_acc=70.20%
  eval_avg_halt_step: 1.56
  per_H_acc: ['H0=50.4%', 'H1=91.2%', 'H2=98.7%']
  H_cos: ['0.848', '0.934']
  z_H_delta: ['22.625', '14.250']
  cells: fixed=[86559, 16931] broken=[1297, 1282]
  per_ACT_cell_acc: ['H1=50.4%', 'H2=91.2%', 'H3=98.7%', 'H4=98.9%', 'H5=98.9%', 'H6=98.9%', 'H7=98.9%', 'H8=98.9%', 'H9=98.9%', 'H10=98.9%', 'H11=98.9%', 'H12=98.9%', 'H13=98.9%', 'H14=98.9%', 'H15=98.9%', 'H16=98.9%']
  per_ACT_puzzle_acc: ['H1=0.0%', 'H2=0.0%', 'H3=51.7%', 'H4=65.5%', 'H5=68.1%', 'H6=67.7%', 'H7=69.8%', 'H8=69.8%', 'H9=69.4%', 'H10=69.4%', 'H11=69.8%', 'H12=69.8%', 'H13=69.4%', 'H14=69.4%', 'H15=69.4%', 'H16=69.8%']
  mean_sigmoid_q_halt: ['0.000', '0.010', '0.715', '0.898', '0.922', '0.918', '0.938', '0.941', '0.949', '0.953', '0.957', '0.957', '0.957', '0.957', '0.957', '0.957']
  halt_rates: ['0.00', '0.00', '0.70', '0.91', '0.93', '0.92', '0.95', '0.95', '0.96', '0.96', '0.97', '0.97', '0.97', '0.97', '0.97', '0.97']
  halt_histogram %: [59.8, 26.1, 5.2, 1.6, 0.8, 0.5, 0.4, 0.3, 0.2, 0.2, 0.1, 0.1, 0.1, 0.1, 0.1, 4.4]
  Avg ACT steps (last 100): 1.09
  saved: /home/jvdillon/projects/sic/code/maze/ckpts/x000c/step05500.pt acc=99.02% (0.068s)
  saved: /home/jvdillon/projects/sic/code/maze/ckpts/x000c/best.pt acc=99.02% (0.129s)
Step  5500  Test 99.02% / 70.20%  Train lm=0.9141±0.0008ϵ[0.9141,0.9180] n_active=128.0000±0.0000ϵ[128.0000,128.0000] n_expunged=0.0000±0.0000ϵ[0.0000,0.0000] n_halted=112.3680±4.0031ϵ[98.0000,122.0000] pool_util=1.0000±0.0000ϵ[1.0000,1.0000]  (37.868s / 235.422s)
  cell_acc=99.10%, puzzle_acc=73.20%
  eval_avg_halt_step: 1.57
  per_H_acc: ['H0=55.4%', 'H1=92.7%', 'H2=98.9%']
  H_cos: ['0.855', '0.949']
  z_H_delta: ['22.625', '12.812']
  cells: fixed=[79214, 13842] broken=[1306, 1023]
  per_ACT_cell_acc: ['H1=55.4%', 'H2=92.7%', 'H3=98.9%', 'H4=99.0%', 'H5=99.0%', 'H6=99.0%', 'H7=99.0%', 'H8=99.0%', 'H9=99.0%', 'H10=99.1%', 'H11=99.0%', 'H12=99.1%', 'H13=99.1%', 'H14=99.1%', 'H15=99.1%', 'H16=99.1%']
  per_ACT_puzzle_acc: ['H1=0.0%', 'H2=0.0%', 'H3=57.3%', 'H4=66.4%', 'H5=69.8%', 'H6=69.8%', 'H7=70.7%', 'H8=72.0%', 'H9=72.4%', 'H10=72.8%', 'H11=72.8%', 'H12=72.8%', 'H13=72.4%', 'H14=72.4%', 'H15=72.4%', 'H16=72.4%']
  mean_sigmoid_q_halt: ['0.000', '0.009', '0.727', '0.863', '0.941', '0.953', '0.957', '0.969', '0.977', '0.980', '0.977', '0.977', '0.977', '0.973', '0.977', '0.973']
  halt_rates: ['0.00', '0.00', '0.72', '0.87', '0.95', '0.96', '0.97', '0.97', '0.98', '0.99', '0.98', '0.98', '0.98', '0.98', '0.98', '0.98']
  halt_histogram %: [64.4, 23.6, 4.5, 1.4, 0.7, 0.4, 0.3, 0.2, 0.2, 0.1, 0.1, 0.1, 0.1, 0.1, 0.1, 3.7]
  Avg ACT steps (last 100): 1.13
  saved: /home/jvdillon/projects/sic/code/maze/ckpts/x000c/step06000.pt acc=99.10% (0.067s)
  saved: /home/jvdillon/projects/sic/code/maze/ckpts/x000c/best.pt acc=99.10% (0.130s)
Step  6000  Test 99.10% / 73.20%  Train lm=0.9141±0.0005ϵ[0.9141,0.9180] n_active=128.0000±0.0000ϵ[128.0000,128.0000] n_expunged=0.0000±0.0000ϵ[0.0000,0.0000] n_halted=114.0500±3.6637ϵ[102.0000,124.0000] pool_util=1.0000±0.0000ϵ[1.0000,1.0000]  (37.856s / 237.781s)
  cell_acc=99.03%, puzzle_acc=72.00%
  eval_avg_halt_step: 1.56
  per_H_acc: ['H0=74.8%', 'H1=93.7%', 'H2=98.8%']
  H_cos: ['0.855', '0.957']
  z_H_delta: ['22.625', '11.688']
  cells: fixed=[40904, 11739] broken=[1530, 1076]
  per_ACT_cell_acc: ['H1=74.8%', 'H2=93.7%', 'H3=98.8%', 'H4=98.9%', 'H5=99.0%', 'H6=99.0%', 'H7=99.0%', 'H8=99.0%', 'H9=99.0%', 'H10=99.0%', 'H11=99.0%', 'H12=99.0%', 'H13=99.0%', 'H14=99.0%', 'H15=99.0%', 'H16=99.0%']
  per_ACT_puzzle_acc: ['H1=0.0%', 'H2=0.0%', 'H3=58.2%', 'H4=64.7%', 'H5=68.5%', 'H6=68.5%', 'H7=69.4%', 'H8=69.4%', 'H9=69.4%', 'H10=69.8%', 'H11=69.8%', 'H12=69.8%', 'H13=69.8%', 'H14=69.8%', 'H15=69.8%', 'H16=69.8%']
  mean_sigmoid_q_halt: ['0.000', '0.008', '0.746', '0.891', '0.953', '0.965', '0.969', '0.965', '0.973', '0.977', '0.977', '0.980', '0.980', '0.980', '0.980', '0.980']
  halt_rates: ['0.00', '0.00', '0.75', '0.89', '0.96', '0.97', '0.97', '0.97', '0.97', '0.98', '0.98', '0.98', '0.98', '0.98', '0.98', '0.98']
  halt_histogram %: [67.8, 21.7, 4.0, 1.2, 0.6, 0.4, 0.3, 0.2, 0.2, 0.1, 0.1, 0.1, 0.1, 0.1, 0.1, 3.2]
  Avg ACT steps (last 100): 1.08
  saved: /home/jvdillon/projects/sic/code/maze/ckpts/x000c/step06500.pt acc=99.03% (0.066s)
Step  6500  Test 99.03% / 72.00%  Train lm=0.9141±0.0000ϵ[0.9141,0.9141] n_active=128.0000±0.0000ϵ[128.0000,128.0000] n_expunged=0.0000±0.0000ϵ[0.0000,0.0000] n_halted=114.8340±3.4725ϵ[105.0000,124.0000] pool_util=1.0000±0.0000ϵ[1.0000,1.0000]  (37.866s / 238.095s)
  cell_acc=98.88%, puzzle_acc=69.00%
  eval_avg_halt_step: 1.51
  per_H_acc: ['H0=67.3%', 'H1=94.0%', 'H2=98.7%']
  H_cos: ['0.867', '0.969']
  z_H_delta: ['22.500', '10.938']
  cells: fixed=[57411, 10885] broken=[1799, 1101]
  per_ACT_cell_acc: ['H1=67.3%', 'H2=94.0%', 'H3=98.7%', 'H4=98.7%', 'H5=98.8%', 'H6=98.8%', 'H7=98.8%', 'H8=98.8%', 'H9=98.8%', 'H10=98.8%', 'H11=98.8%', 'H12=98.8%', 'H13=98.8%', 'H14=98.8%', 'H15=98.8%', 'H16=98.8%']
  per_ACT_puzzle_acc: ['H1=0.0%', 'H2=0.0%', 'H3=56.9%', 'H4=65.1%', 'H5=66.8%', 'H6=68.1%', 'H7=68.1%', 'H8=68.1%', 'H9=68.1%', 'H10=68.5%', 'H11=68.5%', 'H12=68.5%', 'H13=68.5%', 'H14=68.5%', 'H15=68.5%', 'H16=68.5%']
  mean_sigmoid_q_halt: ['0.000', '0.011', '0.770', '0.918', '0.934', '0.945', '0.949', '0.953', '0.957', '0.953', '0.957', '0.957', '0.957', '0.969', '0.961', '0.961']
  halt_rates: ['0.00', '0.00', '0.78', '0.92', '0.94', '0.94', '0.95', '0.95', '0.96', '0.96', '0.96', '0.96', '0.96', '0.97', '0.96', '0.96']
  halt_histogram %: [70.4, 20.2, 3.7, 1.1, 0.5, 0.3, 0.2, 0.2, 0.2, 0.1, 0.1, 0.1, 0.1, 0.1, 0.1, 2.8]
  Avg ACT steps (last 100): 1.09
  saved: /home/jvdillon/projects/sic/code/maze/ckpts/x000c/step07000.pt acc=98.88% (0.066s)
Step  7000  Test 98.88% / 69.00%  Train lm=0.9141±0.0000ϵ[0.9141,0.9141] n_active=128.0000±0.0000ϵ[128.0000,128.0000] n_expunged=0.0000±0.0000ϵ[0.0000,0.0000] n_halted=114.8940±3.4032ϵ[103.0000,123.0000] pool_util=1.0000±0.0000ϵ[1.0000,1.0000]  (37.791s / 237.949s)
  cell_acc=98.83%, puzzle_acc=67.10%
  eval_avg_halt_step: 1.55
  per_H_acc: ['H0=71.3%', 'H1=93.9%', 'H2=98.6%']
  H_cos: ['0.887', '0.973']
  z_H_delta: ['22.000', '10.625']
  cells: fixed=[49001, 10976] broken=[1933, 1181]
  per_ACT_cell_acc: ['H1=71.3%', 'H2=93.9%', 'H3=98.6%', 'H4=98.6%', 'H5=98.7%', 'H6=98.7%', 'H7=98.7%', 'H8=98.7%', 'H9=98.7%', 'H10=98.7%', 'H11=98.7%', 'H12=98.7%', 'H13=98.7%', 'H14=98.7%', 'H15=98.7%', 'H16=98.7%']
  per_ACT_puzzle_acc: ['H1=0.0%', 'H2=0.0%', 'H3=53.0%', 'H4=61.6%', 'H5=63.8%', 'H6=65.5%', 'H7=65.5%', 'H8=65.9%', 'H9=65.9%', 'H10=65.9%', 'H11=65.9%', 'H12=65.9%', 'H13=65.9%', 'H14=65.9%', 'H15=66.4%', 'H16=66.4%']
  mean_sigmoid_q_halt: ['0.000', '0.010', '0.770', '0.883', '0.922', '0.941', '0.949', '0.957', '0.961', '0.961', '0.961', '0.965', '0.961', '0.965', '0.965', '0.973']
  halt_rates: ['0.00', '0.00', '0.75', '0.88', '0.92', '0.94', '0.95', '0.96', '0.96', '0.96', '0.97', '0.97', '0.96', '0.97', '0.97', '0.98']
  halt_histogram %: [72.5, 19.0, 3.4, 0.9, 0.5, 0.3, 0.2, 0.2, 0.1, 0.1, 0.1, 0.1, 0.1, 0.1, 0.1, 2.5]
  Avg ACT steps (last 100): 1.10
  saved: /home/jvdillon/projects/sic/code/maze/ckpts/x000c/step07500.pt acc=98.83% (0.066s)
Step  7500  Test 98.83% / 67.10%  Train lm=0.9141±0.0000ϵ[0.9141,0.9141] n_active=128.0000±0.0000ϵ[128.0000,128.0000] n_expunged=0.0000±0.0000ϵ[0.0000,0.0000] n_halted=115.4400±3.3396ϵ[105.0000,125.0000] pool_util=1.0000±0.0000ϵ[1.0000,1.0000]  (37.741s / 238.007s)
  cell_acc=98.84%, puzzle_acc=66.00%
  eval_avg_halt_step: 1.66
  per_H_acc: ['H0=71.9%', 'H1=93.9%', 'H2=98.6%']
  H_cos: ['0.898', '0.977']
  z_H_delta: ['21.375', '10.938']
  cells: fixed=[48017, 10915] broken=[2194, 1166]
  per_ACT_cell_acc: ['H1=71.9%', 'H2=93.9%', 'H3=98.6%', 'H4=98.7%', 'H5=98.7%', 'H6=98.7%', 'H7=98.7%', 'H8=98.7%', 'H9=98.7%', 'H10=98.7%', 'H11=98.7%', 'H12=98.7%', 'H13=98.7%', 'H14=98.7%', 'H15=98.7%', 'H16=98.7%']
  per_ACT_puzzle_acc: ['H1=0.0%', 'H2=0.0%', 'H3=51.7%', 'H4=60.8%', 'H5=63.4%', 'H6=64.7%', 'H7=65.1%', 'H8=65.1%', 'H9=65.1%', 'H10=65.1%', 'H11=65.5%', 'H12=65.1%', 'H13=65.1%', 'H14=65.1%', 'H15=65.1%', 'H16=65.1%']
  mean_sigmoid_q_halt: ['0.000', '0.006', '0.746', '0.879', '0.926', '0.953', '0.953', '0.953', '0.953', '0.957', '0.969', '0.973', '0.973', '0.969', '0.969', '0.969']
  halt_rates: ['0.00', '0.00', '0.74', '0.88', '0.93', '0.96', '0.96', '0.96', '0.95', '0.96', '0.97', '0.97', '0.97', '0.97', '0.97', '0.97']
  halt_histogram %: [74.2, 18.1, 3.1, 0.9, 0.4, 0.3, 0.2, 0.1, 0.1, 0.1, 0.1, 0.1, 0.0, 0.1, 0.0, 2.3]
  Avg ACT steps (last 100): 1.11
  saved: /home/jvdillon/projects/sic/code/maze/ckpts/x000c/step08000.pt acc=98.84% (0.066s)
Step  8000  Test 98.84% / 66.00%  Train lm=0.9141±0.0000ϵ[0.9141,0.9141] n_active=128.0000±0.0000ϵ[128.0000,128.0000] n_expunged=0.0000±0.0000ϵ[0.0000,0.0000] n_halted=115.1200±3.4277ϵ[101.0000,123.0000] pool_util=1.0000±0.0000ϵ[1.0000,1.0000]  (37.782s / 238.045s)
