Adam params: ('embed_tokens.weight', 'head.weight', 'head.bias', 'q_head.weight', 'q_head.bias')
Muon 2D params: ('reasoning.0.attn.o_proj.weight', 'reasoning.0.mlp.up_proj.weight', 'reasoning.0.mlp.down_proj.weight', 'reasoning.1.attn.o_proj.weight', 'reasoning.1.mlp.up_proj.weight', 'reasoning.1.mlp.down_proj.weight')
Muon 3D params (ensemble_dims=1): ('reasoning.0.attn.qkv_proj.weight', 'reasoning.1.attn.qkv_proj.weight')
Saved step 0 checkpoint with RNG: /home/jvdillon/projects/sic/code/maze/ckpts/x000g/step00000_rng.pt
  cell_acc=87.43%, puzzle_acc=0.00%
  eval_avg_halt_step: 16.00
  per_H_acc: ['H0=87.4%', 'H1=87.5%', 'H2=87.5%']
  H_cos: ['0.828', '0.973']
  z_H_delta: ['16.750', '10.062']
  cells: fixed=[232, 1242] broken=[0, 1247]
  per_ACT_cell_acc: ['H1=87.4%', 'H2=87.5%', 'H3=87.5%', 'H4=87.6%', 'H5=87.6%', 'H6=87.6%', 'H7=87.6%', 'H8=87.6%', 'H9=87.6%', 'H10=87.6%', 'H11=87.6%', 'H12=87.6%', 'H13=87.6%', 'H14=87.6%', 'H15=87.6%', 'H16=87.6%']
  per_ACT_puzzle_acc: ['H1=0.0%', 'H2=0.0%', 'H3=0.0%', 'H4=0.0%', 'H5=0.0%', 'H6=0.0%', 'H7=0.0%', 'H8=0.0%', 'H9=0.0%', 'H10=0.0%', 'H11=0.0%', 'H12=0.0%', 'H13=0.0%', 'H14=0.0%', 'H15=0.0%', 'H16=0.0%']
  mean_sigmoid_q_halt: ['0.000', '0.000', '0.000', '0.000', '0.000', '0.000', '0.000', '0.000', '0.000', '0.000', '0.000', '0.000', '0.000', '0.000', '0.000', '0.000']
  halt_rates: ['0.00', '0.00', '0.00', '0.00', '0.00', '0.00', '0.00', '0.00', '0.00', '0.00', '0.00', '0.00', '0.00', '0.00', '0.00', '0.00']
  halt_histogram %: [0.0, 0.0, 0.0, 0.0, 0.0, 0.0, 0.0, 0.0, 0.0, 0.0, 0.0, 0.0, 0.0, 0.0, 0.0, 100.0]
  Avg ACT steps (last 100): 16.00
  saved: /home/jvdillon/projects/sic/code/maze/ckpts/x000g/step00500.pt acc=87.43% (0.031s)
  saved: /home/jvdillon/projects/sic/code/maze/ckpts/x000g/best.pt acc=87.43% (0.059s)
Step   500  Test 87.43% /  0.00%  Train lm=1.1641±0.2080ϵ[1.0781,2.9531] n_active=128.0000±0.0000ϵ[128.0000,128.0000] n_expunged=0.0000±0.0000ϵ[0.0000,0.0000] n_halted=7.9360±30.8988ϵ[0.0000,128.0000] pool_util=1.0000±0.0000ϵ[1.0000,1.0000]  (48.386s / 249.467s)
  cell_acc=93.72%, puzzle_acc=0.00%
  eval_avg_halt_step: 16.00
  per_H_acc: ['H0=87.1%', 'H1=87.4%', 'H2=87.2%']
  H_cos: ['0.797', '0.918']
  z_H_delta: ['21.875', '13.750']
  cells: fixed=[788, 6162] broken=[0, 6617]
  per_ACT_cell_acc: ['H1=87.1%', 'H2=87.4%', 'H3=87.2%', 'H4=89.1%', 'H5=90.4%', 'H6=91.4%', 'H7=92.2%', 'H8=92.7%', 'H9=93.1%', 'H10=93.3%', 'H11=93.4%', 'H12=93.4%', 'H13=93.4%', 'H14=93.4%', 'H15=93.5%', 'H16=93.5%']
  per_ACT_puzzle_acc: ['H1=0.0%', 'H2=0.0%', 'H3=0.0%', 'H4=0.0%', 'H5=0.0%', 'H6=0.0%', 'H7=0.0%', 'H8=0.0%', 'H9=0.0%', 'H10=0.0%', 'H11=0.0%', 'H12=0.0%', 'H13=0.0%', 'H14=0.0%', 'H15=0.0%', 'H16=0.0%']
  mean_sigmoid_q_halt: ['0.001', '0.000', '0.000', '0.000', '0.000', '0.000', '0.000', '0.000', '0.000', '0.000', '0.000', '0.000', '0.000', '0.000', '0.000', '0.000']
  halt_rates: ['0.00', '0.00', '0.00', '0.00', '0.00', '0.00', '0.00', '0.00', '0.00', '0.00', '0.00', '0.00', '0.00', '0.00', '0.00', '0.00']
  halt_histogram %: [0.0, 0.0, 0.0, 0.0, 0.0, 0.0, 0.0, 0.0, 0.0, 0.0, 0.0, 0.0, 0.0, 0.0, 0.0, 100.0]
  Avg ACT steps (last 100): 16.00
  saved: /home/jvdillon/projects/sic/code/maze/ckpts/x000g/step01000.pt acc=93.72% (0.031s)
  saved: /home/jvdillon/projects/sic/code/maze/ckpts/x000g/best.pt acc=93.72% (0.073s)
Step  1000  Test 93.72% /  0.00%  Train lm=1.0312±0.0400ϵ[0.9492,1.1641] n_active=128.0000±0.0000ϵ[128.0000,128.0000] n_expunged=0.0000±0.0000ϵ[0.0000,0.0000] n_halted=7.9360±30.8988ϵ[0.0000,128.0000] pool_util=1.0000±0.0000ϵ[1.0000,1.0000]  (38.065s / 238.668s)
  cell_acc=97.48%, puzzle_acc=21.10%
  eval_avg_halt_step: 6.77
  per_H_acc: ['H0=87.4%', 'H1=87.5%', 'H2=95.3%']
  H_cos: ['0.828', '0.840']
  z_H_delta: ['23.250', '19.875']
  cells: fixed=[299, 22147] broken=[0, 5947]
  per_ACT_cell_acc: ['H1=87.4%', 'H2=87.5%', 'H3=95.3%', 'H4=96.5%', 'H5=96.9%', 'H6=97.1%', 'H7=97.1%', 'H8=97.1%', 'H9=97.1%', 'H10=97.1%', 'H11=97.2%', 'H12=97.2%', 'H13=97.2%', 'H14=97.2%', 'H15=97.2%', 'H16=97.2%']
  per_ACT_puzzle_acc: ['H1=0.0%', 'H2=0.0%', 'H3=0.0%', 'H4=2.2%', 'H5=8.6%', 'H6=15.5%', 'H7=18.1%', 'H8=18.1%', 'H9=18.1%', 'H10=18.5%', 'H11=19.4%', 'H12=20.3%', 'H13=21.1%', 'H14=21.1%', 'H15=22.0%', 'H16=22.4%']
  mean_sigmoid_q_halt: ['0.002', '0.000', '0.001', '0.107', '0.268', '0.350', '0.404', '0.438', '0.459', '0.475', '0.492', '0.508', '0.523', '0.535', '0.539', '0.547']
  halt_rates: ['0.00', '0.00', '0.00', '0.01', '0.22', '0.34', '0.40', '0.45', '0.47', '0.47', '0.50', '0.53', '0.56', '0.58', '0.59', '0.60']
  halt_histogram %: [0.0, 2.3, 4.9, 4.5, 3.6, 3.1, 2.6, 2.1, 1.8, 1.4, 1.2, 1.2, 1.3, 0.8, 0.7, 68.5]
  Avg ACT steps (last 100): 6.25
  saved: /home/jvdillon/projects/sic/code/maze/ckpts/x000g/step01500.pt acc=97.48% (0.030s)
  saved: /home/jvdillon/projects/sic/code/maze/ckpts/x000g/best.pt acc=97.48% (0.071s)
Step  1500  Test 97.48% / 21.10%  Train lm=0.9609±0.0195ϵ[0.9375,1.1094] n_active=128.0000±0.0000ϵ[128.0000,128.0000] n_expunged=0.0000±0.0000ϵ[0.0000,0.0000] n_halted=13.5820±18.3531ϵ[0.0000,128.0000] pool_util=1.0000±0.0000ϵ[1.0000,1.0000]  (38.076s / 238.923s)
  cell_acc=98.11%, puzzle_acc=35.50%
  eval_avg_halt_step: 7.92
  per_H_acc: ['H0=86.7%', 'H1=87.5%', 'H2=97.5%']
  H_cos: ['0.855', '0.812']
  z_H_delta: ['21.750', '18.875']
  cells: fixed=[1594, 23814] broken=[0, 2889]
  per_ACT_cell_acc: ['H1=86.7%', 'H2=87.5%', 'H3=97.5%', 'H4=97.9%', 'H5=98.1%', 'H6=98.2%', 'H7=98.1%', 'H8=98.1%', 'H9=98.1%', 'H10=98.2%', 'H11=98.2%', 'H12=98.2%', 'H13=98.2%', 'H14=98.2%', 'H15=98.2%', 'H16=98.2%']
  per_ACT_puzzle_acc: ['H1=0.0%', 'H2=0.0%', 'H3=3.9%', 'H4=18.5%', 'H5=29.3%', 'H6=32.8%', 'H7=36.2%', 'H8=35.8%', 'H9=36.2%', 'H10=35.8%', 'H11=35.8%', 'H12=36.6%', 'H13=38.4%', 'H14=38.4%', 'H15=37.9%', 'H16=38.8%']
  mean_sigmoid_q_halt: ['0.001', '0.000', '0.097', '0.285', '0.334', '0.398', '0.434', '0.449', '0.453', '0.461', '0.465', '0.477', '0.486', '0.492', '0.498', '0.500']
  halt_rates: ['0.00', '0.00', '0.06', '0.26', '0.32', '0.40', '0.44', '0.46', '0.45', '0.47', '0.47', '0.49', '0.50', '0.50', '0.52', '0.53']
  halt_histogram %: [1.6, 31.8, 13.2, 6.2, 3.8, 2.7, 2.0, 1.5, 1.4, 1.0, 0.9, 0.8, 0.8, 0.6, 0.4, 31.4]
  Avg ACT steps (last 100): 2.84
  saved: /home/jvdillon/projects/sic/code/maze/ckpts/x000g/step02000.pt acc=98.11% (0.030s)
  saved: /home/jvdillon/projects/sic/code/maze/ckpts/x000g/best.pt acc=98.11% (0.072s)
Step  2000  Test 98.11% / 35.50%  Train lm=0.9414±0.0078ϵ[0.9219,0.9648] n_active=128.0000±0.0000ϵ[128.0000,128.0000] n_expunged=0.0000±0.0000ϵ[0.0000,0.0000] n_halted=37.8480±13.8800ϵ[6.0000,73.0000] pool_util=1.0000±0.0000ϵ[1.0000,1.0000]  (38.092s / 239.073s)
  cell_acc=98.40%, puzzle_acc=47.00%
  eval_avg_halt_step: 4.27
  per_H_acc: ['H0=87.3%', 'H1=87.5%', 'H2=97.8%']
  H_cos: ['0.719', '0.879']
  z_H_delta: ['22.875', '17.000']
  cells: fixed=[454, 24146] broken=[1, 2564]
  per_ACT_cell_acc: ['H1=87.3%', 'H2=87.5%', 'H3=97.8%', 'H4=97.9%', 'H5=98.0%', 'H6=98.2%', 'H7=98.2%', 'H8=98.2%', 'H9=98.2%', 'H10=98.2%', 'H11=98.2%', 'H12=98.2%', 'H13=98.2%', 'H14=98.2%', 'H15=98.2%', 'H16=98.2%']
  per_ACT_puzzle_acc: ['H1=0.0%', 'H2=0.0%', 'H3=15.1%', 'H4=23.3%', 'H5=31.9%', 'H6=34.9%', 'H7=37.9%', 'H8=40.5%', 'H9=42.2%', 'H10=41.8%', 'H11=40.5%', 'H12=41.4%', 'H13=41.4%', 'H14=42.2%', 'H15=41.4%', 'H16=42.2%']
  mean_sigmoid_q_halt: ['0.001', '0.000', '0.160', '0.348', '0.479', '0.582', '0.645', '0.688', '0.715', '0.734', '0.738', '0.738', '0.734', '0.742', '0.746', '0.746']
  halt_rates: ['0.00', '0.00', '0.16', '0.35', '0.48', '0.60', '0.66', '0.71', '0.75', '0.78', '0.77', '0.79', '0.77', '0.78', '0.78', '0.78']
  halt_histogram %: [12.8, 43.7, 12.2, 4.5, 2.4, 1.7, 1.3, 1.0, 0.8, 0.6, 0.5, 0.5, 0.5, 0.4, 0.3, 16.9]
  Avg ACT steps (last 100): 1.77
  saved: /home/jvdillon/projects/sic/code/maze/ckpts/x000g/step02500.pt acc=98.40% (0.030s)
  saved: /home/jvdillon/projects/sic/code/maze/ckpts/x000g/best.pt acc=98.40% (0.070s)
Step  2500  Test 98.40% / 47.00%  Train lm=0.9297±0.0036ϵ[0.9219,0.9375] n_active=128.0000±0.0000ϵ[128.0000,128.0000] n_expunged=0.0000±0.0000ϵ[0.0000,0.0000] n_halted=59.4940±10.9291ϵ[23.0000,87.0000] pool_util=1.0000±0.0000ϵ[1.0000,1.0000]  (38.083s / 239.098s)
  cell_acc=98.93%, puzzle_acc=64.60%
  eval_avg_halt_step: 2.97
  per_H_acc: ['H0=82.0%', 'H1=87.5%', 'H2=98.2%']
  H_cos: ['0.797', '0.871']
  z_H_delta: ['21.625', '15.438']
  cells: fixed=[11536, 24453] broken=[2, 2076]
  per_ACT_cell_acc: ['H1=82.0%', 'H2=87.5%', 'H3=98.2%', 'H4=98.6%', 'H5=98.7%', 'H6=98.8%', 'H7=98.8%', 'H8=98.8%', 'H9=98.8%', 'H10=98.9%', 'H11=98.8%', 'H12=98.8%', 'H13=98.9%', 'H14=98.9%', 'H15=98.9%', 'H16=98.9%']
  per_ACT_puzzle_acc: ['H1=0.0%', 'H2=0.0%', 'H3=23.7%', 'H4=46.1%', 'H5=52.6%', 'H6=55.2%', 'H7=56.0%', 'H8=58.6%', 'H9=59.9%', 'H10=60.8%', 'H11=59.9%', 'H12=60.3%', 'H13=60.3%', 'H14=61.6%', 'H15=62.1%', 'H16=60.8%']
  mean_sigmoid_q_halt: ['0.000', '0.000', '0.365', '0.582', '0.672', '0.711', '0.727', '0.762', '0.773', '0.777', '0.793', '0.801', '0.793', '0.801', '0.816', '0.809']
  halt_rates: ['0.00', '0.00', '0.33', '0.59', '0.69', '0.74', '0.74', '0.80', '0.79', '0.81', '0.83', '0.83', '0.81', '0.83', '0.84', '0.82']
  halt_histogram %: [27.9, 41.8, 9.8, 3.2, 1.7, 1.1, 0.8, 0.6, 0.5, 0.4, 0.4, 0.3, 0.3, 0.2, 0.2, 10.6]
  Avg ACT steps (last 100): 1.53
  saved: /home/jvdillon/projects/sic/code/maze/ckpts/x000g/step03000.pt acc=98.93% (0.029s)
  saved: /home/jvdillon/projects/sic/code/maze/ckpts/x000g/best.pt acc=98.93% (0.071s)
Step  3000  Test 98.93% / 64.60%  Train lm=0.9219±0.0029ϵ[0.9180,0.9297] n_active=128.0000±0.0000ϵ[128.0000,128.0000] n_expunged=0.0000±0.0000ϵ[0.0000,0.0000] n_halted=77.5840±9.8934ϵ[46.0000,106.0000] pool_util=1.0000±0.0000ϵ[1.0000,1.0000]  (38.059s / 239.133s)
  cell_acc=98.89%, puzzle_acc=67.20%
  eval_avg_halt_step: 2.16
  per_H_acc: ['H0=50.1%', 'H1=87.5%', 'H2=98.4%']
  H_cos: ['0.750', '0.887']
  z_H_delta: ['21.375', '15.188']
  cells: fixed=[78057, 24624] broken=[1, 1912]
  per_ACT_cell_acc: ['H1=50.1%', 'H2=87.5%', 'H3=98.4%', 'H4=98.7%', 'H5=98.7%', 'H6=98.8%', 'H7=98.8%', 'H8=98.9%', 'H9=98.9%', 'H10=98.9%', 'H11=98.9%', 'H12=98.9%', 'H13=98.9%', 'H14=98.9%', 'H15=98.9%', 'H16=98.9%']
  per_ACT_puzzle_acc: ['H1=0.0%', 'H2=0.0%', 'H3=35.8%', 'H4=55.6%', 'H5=64.2%', 'H6=65.1%', 'H7=67.7%', 'H8=68.1%', 'H9=69.4%', 'H10=69.4%', 'H11=69.0%', 'H12=68.5%', 'H13=69.0%', 'H14=69.0%', 'H15=68.5%', 'H16=69.0%']
  mean_sigmoid_q_halt: ['0.000', '0.002', '0.490', '0.723', '0.809', '0.840', '0.879', '0.891', '0.902', '0.910', '0.910', '0.910', '0.918', '0.922', '0.922', '0.922']
  halt_rates: ['0.00', '0.00', '0.46', '0.74', '0.84', '0.86', '0.91', '0.91', '0.92', '0.94', '0.93', '0.93', '0.94', '0.94', '0.95', '0.94']
  halt_histogram %: [40.1, 37.3, 8.0, 2.5, 1.2, 0.8, 0.6, 0.5, 0.4, 0.3, 0.3, 0.2, 0.2, 0.2, 0.1, 7.4]
  Avg ACT steps (last 100): 1.20
  saved: /home/jvdillon/projects/sic/code/maze/ckpts/x000g/step03500.pt acc=98.89% (0.030s)
Step  3500  Test 98.89% / 67.20%  Train lm=0.9180±0.0023ϵ[0.9141,0.9297] n_active=128.0000±0.0000ϵ[128.0000,128.0000] n_expunged=0.0000±0.0000ϵ[0.0000,0.0000] n_halted=89.4660±8.2819ϵ[56.0000,108.0000] pool_util=1.0000±0.0000ϵ[1.0000,1.0000]  (38.007s / 239.063s)
  cell_acc=99.09%, puzzle_acc=71.20%
  eval_avg_halt_step: 2.13
  per_H_acc: ['H0=55.6%', 'H1=87.6%', 'H2=98.6%']
  H_cos: ['0.738', '0.895']
  z_H_delta: ['23.375', '12.875']
  cells: fixed=[66741, 24638] broken=[47, 1551]
  per_ACT_cell_acc: ['H1=55.6%', 'H2=87.6%', 'H3=98.6%', 'H4=98.9%', 'H5=99.0%', 'H6=99.0%', 'H7=99.0%', 'H8=99.1%', 'H9=99.1%', 'H10=99.1%', 'H11=99.1%', 'H12=99.1%', 'H13=99.1%', 'H14=99.1%', 'H15=99.1%', 'H16=99.1%']
  per_ACT_puzzle_acc: ['H1=0.0%', 'H2=0.0%', 'H3=37.5%', 'H4=55.6%', 'H5=61.6%', 'H6=66.4%', 'H7=65.9%', 'H8=66.4%', 'H9=67.7%', 'H10=67.7%', 'H11=68.1%', 'H12=67.2%', 'H13=67.2%', 'H14=67.7%', 'H15=68.1%', 'H16=67.7%']
  mean_sigmoid_q_halt: ['0.000', '0.007', '0.486', '0.707', '0.793', '0.855', '0.879', '0.883', '0.898', '0.910', '0.902', '0.910', '0.910', '0.906', '0.906', '0.906']
  halt_rates: ['0.00', '0.00', '0.47', '0.72', '0.81', '0.87', '0.89', '0.89', '0.91', '0.92', '0.91', '0.92', '0.92', '0.91', '0.92', '0.92']
  halt_histogram %: [50.3, 32.2, 6.5, 1.9, 0.9, 0.6, 0.5, 0.4, 0.3, 0.2, 0.2, 0.2, 0.2, 0.1, 0.1, 5.5]
  Avg ACT steps (last 100): 1.16
  saved: /home/jvdillon/projects/sic/code/maze/ckpts/x000g/step04000.pt acc=99.09% (0.030s)
  saved: /home/jvdillon/projects/sic/code/maze/ckpts/x000g/best.pt acc=99.09% (0.072s)
Step  4000  Test 99.09% / 71.20%  Train lm=0.9180±0.0104ϵ[0.9141,1.0156] n_active=128.0000±0.0000ϵ[128.0000,128.0000] n_expunged=0.0000±0.0000ϵ[0.0000,0.0000] n_halted=101.6600±6.1260ϵ[78.0000,118.0000] pool_util=1.0000±0.0000ϵ[1.0000,1.0000]  (38.065s / 239.100s)
  cell_acc=99.17%, puzzle_acc=72.50%
  eval_avg_halt_step: 1.69
  per_H_acc: ['H0=52.6%', 'H1=87.3%', 'H2=98.6%']
  H_cos: ['0.777', '0.879']
  z_H_delta: ['21.750', '14.312']
  cells: fixed=[72507, 24974] broken=[1, 1377]
  per_ACT_cell_acc: ['H1=52.6%', 'H2=87.3%', 'H3=98.6%', 'H4=98.8%', 'H5=99.0%', 'H6=99.0%', 'H7=99.0%', 'H8=99.1%', 'H9=99.1%', 'H10=99.1%', 'H11=99.1%', 'H12=99.1%', 'H13=99.1%', 'H14=99.1%', 'H15=99.0%', 'H16=99.1%']
  per_ACT_puzzle_acc: ['H1=0.0%', 'H2=0.0%', 'H3=44.4%', 'H4=58.6%', 'H5=65.5%', 'H6=69.0%', 'H7=70.7%', 'H8=71.6%', 'H9=71.1%', 'H10=71.6%', 'H11=71.1%', 'H12=70.7%', 'H13=70.7%', 'H14=70.3%', 'H15=70.3%', 'H16=70.7%']
  mean_sigmoid_q_halt: ['0.000', '0.002', '0.609', '0.789', '0.844', '0.910', '0.930', '0.945', '0.949', '0.957', '0.957', '0.957', '0.957', '0.961', '0.965', '0.961']
  halt_rates: ['0.00', '0.00', '0.58', '0.79', '0.85', '0.92', '0.94', '0.96', '0.96', '0.97', '0.97', '0.97', '0.97', '0.97', '0.97', '0.97']
  halt_histogram %: [57.8, 28.1, 5.4, 1.5, 0.7, 0.5, 0.4, 0.3, 0.2, 0.2, 0.2, 0.1, 0.1, 0.1, 0.1, 4.3]
  Avg ACT steps (last 100): 1.11
  saved: /home/jvdillon/projects/sic/code/maze/ckpts/x000g/step04500.pt acc=99.17% (0.030s)
  saved: /home/jvdillon/projects/sic/code/maze/ckpts/x000g/best.pt acc=99.17% (0.072s)
Step  4500  Test 99.17% / 72.50%  Train lm=0.9141±0.0014ϵ[0.9141,0.9219] n_active=128.0000±0.0000ϵ[128.0000,128.0000] n_expunged=0.0000±0.0000ϵ[0.0000,0.0000] n_halted=108.9960±4.8306ϵ[86.0000,120.0000] pool_util=1.0000±0.0000ϵ[1.0000,1.0000]  (38.035s / 239.032s)
  cell_acc=99.06%, puzzle_acc=72.20%
  eval_avg_halt_step: 1.86
  per_H_acc: ['H0=51.8%', 'H1=87.3%', 'H2=98.6%']
  H_cos: ['0.750', '0.871']
  z_H_delta: ['21.250', '15.500']
  cells: fixed=[73995, 25295] broken=[0, 1598]
  per_ACT_cell_acc: ['H1=51.8%', 'H2=87.3%', 'H3=98.6%', 'H4=98.8%', 'H5=98.9%', 'H6=98.9%', 'H7=98.9%', 'H8=98.9%', 'H9=98.9%', 'H10=98.9%', 'H11=98.9%', 'H12=98.9%', 'H13=99.0%', 'H14=98.9%', 'H15=98.9%', 'H16=98.9%']
  per_ACT_puzzle_acc: ['H1=0.0%', 'H2=0.0%', 'H3=44.4%', 'H4=59.5%', 'H5=62.1%', 'H6=65.9%', 'H7=65.9%', 'H8=67.7%', 'H9=67.7%', 'H10=68.1%', 'H11=68.5%', 'H12=69.0%', 'H13=68.5%', 'H14=68.5%', 'H15=68.5%', 'H16=68.5%']
  mean_sigmoid_q_halt: ['0.000', '0.001', '0.625', '0.793', '0.855', '0.895', '0.906', '0.922', '0.926', '0.934', '0.938', '0.938', '0.941', '0.941', '0.941', '0.941']
  halt_rates: ['0.00', '0.00', '0.60', '0.80', '0.87', '0.90', '0.91', '0.93', '0.93', '0.94', '0.94', '0.94', '0.95', '0.95', '0.95', '0.95']
  halt_histogram %: [63.2, 25.0, 4.6, 1.3, 0.6, 0.4, 0.3, 0.2, 0.2, 0.1, 0.1, 0.1, 0.1, 0.1, 0.1, 3.5]
  Avg ACT steps (last 100): 1.17
  saved: /home/jvdillon/projects/sic/code/maze/ckpts/x000g/step05000.pt acc=99.06% (0.030s)
Step  5000  Test 99.06% / 72.20%  Train lm=0.9141±0.0007ϵ[0.9141,0.9180] n_active=128.0000±0.0000ϵ[128.0000,128.0000] n_expunged=0.0000±0.0000ϵ[0.0000,0.0000] n_halted=112.3820±3.9708ϵ[96.0000,121.0000] pool_util=1.0000±0.0000ϵ[1.0000,1.0000]  (37.984s / 238.970s)
  cell_acc=99.02%, puzzle_acc=70.90%
  eval_avg_halt_step: 1.58
  per_H_acc: ['H0=51.4%', 'H1=87.3%', 'H2=98.7%']
  H_cos: ['0.719', '0.879']
  z_H_delta: ['21.875', '14.812']
  cells: fixed=[74965, 25249] broken=[0, 1557]
  per_ACT_cell_acc: ['H1=51.4%', 'H2=87.3%', 'H3=98.7%', 'H4=98.8%', 'H5=98.9%', 'H6=98.9%', 'H7=98.9%', 'H8=98.9%', 'H9=98.9%', 'H10=98.9%', 'H11=98.9%', 'H12=98.9%', 'H13=98.9%', 'H14=98.9%', 'H15=98.9%', 'H16=98.9%']
  per_ACT_puzzle_acc: ['H1=0.0%', 'H2=0.0%', 'H3=47.4%', 'H4=59.5%', 'H5=65.5%', 'H6=65.1%', 'H7=65.5%', 'H8=65.9%', 'H9=66.4%', 'H10=66.8%', 'H11=66.8%', 'H12=66.8%', 'H13=66.4%', 'H14=65.9%', 'H15=66.4%', 'H16=66.4%']
  mean_sigmoid_q_halt: ['0.000', '0.003', '0.648', '0.816', '0.906', '0.926', '0.934', '0.938', '0.953', '0.953', '0.957', '0.949', '0.953', '0.953', '0.957', '0.949']
  halt_rates: ['0.00', '0.00', '0.64', '0.82', '0.92', '0.93', '0.94', '0.94', '0.96', '0.96', '0.96', '0.96', '0.96', '0.96', '0.97', '0.95']
  halt_histogram %: [67.3, 22.6, 4.0, 1.1, 0.5, 0.3, 0.3, 0.2, 0.2, 0.1, 0.1, 0.1, 0.1, 0.1, 0.0, 3.0]
  Avg ACT steps (last 100): 1.09
  saved: /home/jvdillon/projects/sic/code/maze/ckpts/x000g/step05500.pt acc=99.02% (0.029s)
Step  5500  Test 99.02% / 70.90%  Train lm=0.9141±0.0002ϵ[0.9141,0.9180] n_active=128.0000±0.0000ϵ[128.0000,128.0000] n_expunged=0.0000±0.0000ϵ[0.0000,0.0000] n_halted=114.2380±3.4770ϵ[104.0000,122.0000] pool_util=1.0000±0.0000ϵ[1.0000,1.0000]  (38.498s / 240.453s)
  cell_acc=98.64%, puzzle_acc=58.70%
  eval_avg_halt_step: 1.74
  per_H_acc: ['H0=59.6%', 'H1=87.4%', 'H2=98.4%']
  H_cos: ['0.711', '0.906']
  z_H_delta: ['22.000', '14.188']
  cells: fixed=[58098, 24756] broken=[0, 1825]
  per_ACT_cell_acc: ['H1=59.6%', 'H2=87.4%', 'H3=98.4%', 'H4=98.4%', 'H5=98.5%', 'H6=98.5%', 'H7=98.5%', 'H8=98.5%', 'H9=98.5%', 'H10=98.5%', 'H11=98.5%', 'H12=98.5%', 'H13=98.5%', 'H14=98.5%', 'H15=98.5%', 'H16=98.5%']
  per_ACT_puzzle_acc: ['H1=0.0%', 'H2=0.0%', 'H3=40.5%', 'H4=50.0%', 'H5=55.2%', 'H6=55.6%', 'H7=56.0%', 'H8=56.9%', 'H9=56.9%', 'H10=56.9%', 'H11=56.9%', 'H12=56.9%', 'H13=56.9%', 'H14=56.9%', 'H15=56.9%', 'H16=56.9%']
  mean_sigmoid_q_halt: ['0.000', '0.005', '0.648', '0.809', '0.855', '0.883', '0.922', '0.926', '0.934', '0.945', '0.941', '0.941', '0.941', '0.949', '0.949', '0.957']
  halt_rates: ['0.00', '0.00', '0.63', '0.81', '0.85', '0.88', '0.93', '0.93', '0.94', '0.95', '0.95', '0.94', '0.94', '0.95', '0.96', '0.97']
  halt_histogram %: [70.4, 20.8, 3.6, 0.9, 0.4, 0.3, 0.2, 0.2, 0.1, 0.1, 0.1, 0.1, 0.1, 0.1, 0.0, 2.6]
  Avg ACT steps (last 100): 1.12
  saved: /home/jvdillon/projects/sic/code/maze/ckpts/x000g/step06000.pt acc=98.64% (0.030s)
Step  6000  Test 98.64% / 58.70%  Train lm=0.9141±0.0000ϵ[0.9141,0.9141] n_active=128.0000±0.0000ϵ[128.0000,128.0000] n_expunged=0.0000±0.0000ϵ[0.0000,0.0000] n_halted=114.9720±3.5117ϵ[106.0000,125.0000] pool_util=1.0000±0.0000ϵ[1.0000,1.0000]  (38.472s / 241.265s)
  cell_acc=98.45%, puzzle_acc=49.00%
  eval_avg_halt_step: 1.50
  per_H_acc: ['H0=71.2%', 'H1=87.5%', 'H2=98.2%']
  H_cos: ['0.707', '0.930']
  z_H_delta: ['22.125', '13.688']
  cells: fixed=[34054, 24357] broken=[2, 1968]
  per_ACT_cell_acc: ['H1=71.2%', 'H2=87.5%', 'H3=98.2%', 'H4=98.2%', 'H5=98.2%', 'H6=98.2%', 'H7=98.2%', 'H8=98.2%', 'H9=98.2%', 'H10=98.2%', 'H11=98.2%', 'H12=98.2%', 'H13=98.2%', 'H14=98.2%', 'H15=98.2%', 'H16=98.2%']
  per_ACT_puzzle_acc: ['H1=0.0%', 'H2=0.0%', 'H3=32.8%', 'H4=41.8%', 'H5=44.8%', 'H6=44.8%', 'H7=44.8%', 'H8=45.3%', 'H9=45.3%', 'H10=45.3%', 'H11=45.3%', 'H12=45.3%', 'H13=45.3%', 'H14=45.3%', 'H15=45.3%', 'H16=45.3%']
  mean_sigmoid_q_halt: ['0.000', '0.007', '0.691', '0.793', '0.844', '0.871', '0.910', '0.918', '0.930', '0.945', '0.949', '0.953', '0.965', '0.969', '0.965', '0.965']
  halt_rates: ['0.00', '0.00', '0.69', '0.79', '0.84', '0.87', '0.91', '0.92', '0.93', '0.95', '0.95', '0.96', '0.97', '0.98', '0.97', '0.97']
  halt_histogram %: [72.7, 19.4, 3.3, 0.8, 0.4, 0.3, 0.2, 0.1, 0.1, 0.1, 0.1, 0.1, 0.1, 0.1, 0.0, 2.3]
  Avg ACT steps (last 100): 1.07
  saved: /home/jvdillon/projects/sic/code/maze/ckpts/x000g/step06500.pt acc=98.45% (0.029s)
Step  6500  Test 98.45% / 49.00%  Train lm=0.9141±0.0000ϵ[0.9141,0.9141] n_active=128.0000±0.0000ϵ[128.0000,128.0000] n_expunged=0.0000±0.0000ϵ[0.0000,0.0000] n_halted=115.2540±3.3960ϵ[106.0000,124.0000] pool_util=1.0000±0.0000ϵ[1.0000,1.0000]  (38.492s / 241.632s)
  cell_acc=98.39%, puzzle_acc=43.60%
  eval_avg_halt_step: 1.31
  per_H_acc: ['H0=78.9%', 'H1=87.5%', 'H2=98.2%']
  H_cos: ['0.707', '0.938']
  z_H_delta: ['22.250', '13.938']
  cells: fixed=[18010, 24300] broken=[1, 1986]
  per_ACT_cell_acc: ['H1=78.9%', 'H2=87.5%', 'H3=98.2%', 'H4=98.2%', 'H5=98.2%', 'H6=98.1%', 'H7=98.1%', 'H8=98.1%', 'H9=98.1%', 'H10=98.1%', 'H11=98.1%', 'H12=98.1%', 'H13=98.1%', 'H14=98.1%', 'H15=98.1%', 'H16=98.1%']
  per_ACT_puzzle_acc: ['H1=0.0%', 'H2=0.0%', 'H3=31.9%', 'H4=35.8%', 'H5=40.5%', 'H6=40.9%', 'H7=40.9%', 'H8=41.4%', 'H9=41.8%', 'H10=41.8%', 'H11=41.8%', 'H12=41.8%', 'H13=41.8%', 'H14=41.8%', 'H15=41.8%', 'H16=41.8%']
  mean_sigmoid_q_halt: ['0.000', '0.007', '0.770', '0.836', '0.902', '0.922', '0.941', '0.941', '0.957', '0.953', '0.961', '0.973', '0.973', '0.973', '0.980', '0.980']
  halt_rates: ['0.00', '0.00', '0.79', '0.85', '0.91', '0.92', '0.94', '0.94', '0.96', '0.95', '0.97', '0.98', '0.98', '0.97', '0.99', '0.99']
  halt_histogram %: [74.6, 18.3, 3.0, 0.8, 0.3, 0.2, 0.2, 0.1, 0.1, 0.1, 0.1, 0.1, 0.1, 0.0, 0.0, 2.0]
  Avg ACT steps (last 100): 1.08
  saved: /home/jvdillon/projects/sic/code/maze/ckpts/x000g/step07000.pt acc=98.39% (0.030s)
Step  7000  Test 98.39% / 43.60%  Train lm=0.9141±0.0000ϵ[0.9141,0.9141] n_active=128.0000±0.0000ϵ[128.0000,128.0000] n_expunged=0.0000±0.0000ϵ[0.0000,0.0000] n_halted=115.1000±3.3966ϵ[103.0000,123.0000] pool_util=1.0000±0.0000ϵ[1.0000,1.0000]  (38.485s / 241.590s)
  cell_acc=98.36%, puzzle_acc=41.60%
  eval_avg_halt_step: 1.34
  per_H_acc: ['H0=79.8%', 'H1=87.5%', 'H2=98.2%']
  H_cos: ['0.707', '0.938']
  z_H_delta: ['22.250', '13.938']
  cells: fixed=[15970, 24294] broken=[1, 1990]
  per_ACT_cell_acc: ['H1=79.8%', 'H2=87.5%', 'H3=98.2%', 'H4=98.2%', 'H5=98.1%', 'H6=98.1%', 'H7=98.1%', 'H8=98.1%', 'H9=98.1%', 'H10=98.1%', 'H11=98.2%', 'H12=98.1%', 'H13=98.1%', 'H14=98.1%', 'H15=98.1%', 'H16=98.1%']
  per_ACT_puzzle_acc: ['H1=0.0%', 'H2=0.0%', 'H3=29.3%', 'H4=35.3%', 'H5=40.1%', 'H6=41.4%', 'H7=41.8%', 'H8=41.8%', 'H9=41.8%', 'H10=41.8%', 'H11=41.8%', 'H12=41.8%', 'H13=41.8%', 'H14=41.8%', 'H15=41.8%', 'H16=41.8%']
  mean_sigmoid_q_halt: ['0.000', '0.007', '0.773', '0.836', '0.895', '0.914', '0.926', '0.941', '0.945', '0.945', '0.957', '0.969', '0.965', '0.977', '0.977', '0.977']
  halt_rates: ['0.00', '0.00', '0.79', '0.84', '0.89', '0.91', '0.93', '0.95', '0.95', '0.95', '0.97', '0.97', '0.97', '0.99', '0.99', '0.98']
  halt_histogram %: [76.1, 17.4, 2.8, 0.7, 0.3, 0.2, 0.2, 0.1, 0.1, 0.1, 0.1, 0.1, 0.1, 0.0, 0.0, 1.8]
  Avg ACT steps (last 100): 1.10
  saved: /home/jvdillon/projects/sic/code/maze/ckpts/x000g/step07500.pt acc=98.36% (0.029s)
Step  7500  Test 98.36% / 41.60%  Train lm=0.9141±0.0000ϵ[0.9141,0.9141] n_active=128.0000±0.0000ϵ[128.0000,128.0000] n_expunged=0.0000±0.0000ϵ[0.0000,0.0000] n_halted=115.5080±3.3118ϵ[106.0000,125.0000] pool_util=1.0000±0.0000ϵ[1.0000,1.0000]  (38.487s / 241.656s)
  cell_acc=98.38%, puzzle_acc=42.70%
  eval_avg_halt_step: 1.33
  per_H_acc: ['H0=79.9%', 'H1=87.5%', 'H2=98.2%']
  H_cos: ['0.707', '0.938']
  z_H_delta: ['22.250', '13.938']
  cells: fixed=[15930, 24293] broken=[1, 1998]
  per_ACT_cell_acc: ['H1=79.9%', 'H2=87.5%', 'H3=98.2%', 'H4=98.2%', 'H5=98.2%', 'H6=98.2%', 'H7=98.2%', 'H8=98.2%', 'H9=98.1%', 'H10=98.1%', 'H11=98.2%', 'H12=98.1%', 'H13=98.1%', 'H14=98.1%', 'H15=98.1%', 'H16=98.1%']
  per_ACT_puzzle_acc: ['H1=0.0%', 'H2=0.0%', 'H3=30.6%', 'H4=35.3%', 'H5=41.4%', 'H6=41.8%', 'H7=42.2%', 'H8=42.7%', 'H9=42.7%', 'H10=42.7%', 'H11=42.7%', 'H12=42.7%', 'H13=42.7%', 'H14=42.7%', 'H15=42.7%', 'H16=42.7%']
  mean_sigmoid_q_halt: ['0.000', '0.007', '0.773', '0.840', '0.906', '0.914', '0.926', '0.941', '0.949', '0.953', '0.965', '0.965', '0.969', '0.977', '0.973', '0.973']
  halt_rates: ['0.00', '0.00', '0.79', '0.85', '0.92', '0.93', '0.93', '0.94', '0.95', '0.96', '0.97', '0.97', '0.97', '0.98', '0.97', '0.98']
  halt_histogram %: [77.3, 16.6, 2.6, 0.6, 0.3, 0.2, 0.1, 0.1, 0.1, 0.1, 0.1, 0.1, 0.1, 0.0, 0.0, 1.7]
  Avg ACT steps (last 100): 1.12
  saved: /home/jvdillon/projects/sic/code/maze/ckpts/x000g/step08000.pt acc=98.38% (0.029s)
Step  8000  Test 98.38% / 42.70%  Train lm=0.9141±0.0000ϵ[0.9141,0.9141] n_active=128.0000±0.0000ϵ[128.0000,128.0000] n_expunged=0.0000±0.0000ϵ[0.0000,0.0000] n_halted=115.2640±3.3878ϵ[102.0000,123.0000] pool_util=1.0000±0.0000ϵ[1.0000,1.0000]  (38.495s / 241.670s)
