Adam params: ('embed_tokens.weight', 'head.weight', 'head.bias', 'q_head.weight', 'q_head.bias')
Muon 2D params: ('reasoning.0.attn.o_proj.weight', 'reasoning.0.mlp.up_proj.weight', 'reasoning.0.mlp.down_proj.weight', 'reasoning.1.attn.o_proj.weight', 'reasoning.1.mlp.up_proj.weight', 'reasoning.1.mlp.down_proj.weight')
Muon 3D params (ensemble_dims=1): ('reasoning.0.attn.qkv_proj.weight', 'reasoning.1.attn.qkv_proj.weight')
  cell_acc=87.50%, puzzle_acc=0.00%
  eval_avg_halt_step: 16.00
  per_H_acc: ['H0=87.3%', 'H1=87.3%', 'H2=87.5%']
  H_cos: ['0.797', '0.938']
  z_H_delta: ['18.875', '13.250']
  cells: fixed=[0, 462] broken=[0, 0]
  per_ACT_cell_acc: ['H1=87.3%', 'H2=87.3%', 'H3=87.5%', 'H4=87.5%', 'H5=87.5%', 'H6=87.5%', 'H7=87.5%', 'H8=87.5%', 'H9=87.5%', 'H10=87.5%', 'H11=87.5%', 'H12=87.5%', 'H13=87.5%', 'H14=87.5%', 'H15=87.5%', 'H16=87.5%']
  per_ACT_puzzle_acc: ['H1=0.0%', 'H2=0.0%', 'H3=0.0%', 'H4=0.0%', 'H5=0.0%', 'H6=0.0%', 'H7=0.0%', 'H8=0.0%', 'H9=0.0%', 'H10=0.0%', 'H11=0.0%', 'H12=0.0%', 'H13=0.0%', 'H14=0.0%', 'H15=0.0%', 'H16=0.0%']
  mean_sigmoid_q_halt: ['0.000', '0.000', '0.000', '0.000', '0.000', '0.000', '0.000', '0.000', '0.000', '0.000', '0.000', '0.000', '0.000', '0.000', '0.000', '0.000']
  halt_rates: ['0.00', '0.00', '0.00', '0.00', '0.00', '0.00', '0.00', '0.00', '0.00', '0.00', '0.00', '0.00', '0.00', '0.00', '0.00', '0.00']
  halt_histogram %: [0.0, 0.0, 0.0, 0.0, 0.0, 0.0, 0.0, 0.0, 0.0, 0.0, 0.0, 0.0, 0.0, 0.0, 0.0, 100.0]
  Avg ACT steps (last 100): 16.00
  saved: /home/jvdillon/projects/sic/code/maze/ckpts/x000b/step00500.pt acc=87.50% (0.067s)
  saved: /home/jvdillon/projects/sic/code/maze/ckpts/x000b/best.pt acc=87.50% (0.129s)
Step   500  Test 87.50% /  0.00%  Train lm=1.2109±0.3301ϵ[1.1094,4.6562] n_active=128.0000±0.0000ϵ[128.0000,128.0000] n_expunged=0.0000±0.0000ϵ[0.0000,0.0000] n_halted=7.9360±30.8988ϵ[0.0000,128.0000] pool_util=1.0000±0.0000ϵ[1.0000,1.0000]  (43.326s / 239.645s)
  cell_acc=90.54%, puzzle_acc=0.00%
  eval_avg_halt_step: 16.00
  per_H_acc: ['H0=87.3%', 'H1=87.5%', 'H2=83.6%']
  H_cos: ['0.777', '0.895']
  z_H_delta: ['19.625', '15.875']
  cells: fixed=[386, 13414] broken=[0, 21437]
  per_ACT_cell_acc: ['H1=87.3%', 'H2=87.5%', 'H3=83.6%', 'H4=87.8%', 'H5=88.4%', 'H6=88.9%', 'H7=89.4%', 'H8=89.8%', 'H9=90.1%', 'H10=90.5%', 'H11=90.7%', 'H12=90.8%', 'H13=90.9%', 'H14=90.9%', 'H15=91.0%', 'H16=91.0%']
  per_ACT_puzzle_acc: ['H1=0.0%', 'H2=0.0%', 'H3=0.0%', 'H4=0.0%', 'H5=0.0%', 'H6=0.0%', 'H7=0.0%', 'H8=0.0%', 'H9=0.0%', 'H10=0.0%', 'H11=0.0%', 'H12=0.0%', 'H13=0.0%', 'H14=0.0%', 'H15=0.0%', 'H16=0.0%']
  mean_sigmoid_q_halt: ['0.000', '0.000', '0.000', '0.000', '0.000', '0.000', '0.000', '0.000', '0.000', '0.000', '0.000', '0.000', '0.000', '0.000', '0.000', '0.000']
  halt_rates: ['0.00', '0.00', '0.00', '0.00', '0.00', '0.00', '0.00', '0.00', '0.00', '0.00', '0.00', '0.00', '0.00', '0.00', '0.00', '0.00']
  halt_histogram %: [0.0, 0.0, 0.0, 0.0, 0.0, 0.0, 0.0, 0.0, 0.0, 0.0, 0.0, 0.0, 0.0, 0.0, 0.0, 100.0]
  Avg ACT steps (last 100): 16.00
  saved: /home/jvdillon/projects/sic/code/maze/ckpts/x000b/step01000.pt acc=90.54% (0.067s)
  saved: /home/jvdillon/projects/sic/code/maze/ckpts/x000b/best.pt acc=90.54% (0.129s)
Step  1000  Test 90.54% /  0.00%  Train lm=1.0781±0.0262ϵ[1.0234,1.1484] n_active=128.0000±0.0000ϵ[128.0000,128.0000] n_expunged=0.0000±0.0000ϵ[0.0000,0.0000] n_halted=7.9360±30.8988ϵ[0.0000,128.0000] pool_util=1.0000±0.0000ϵ[1.0000,1.0000]  (37.733s / 237.067s)
  cell_acc=94.31%, puzzle_acc=0.60%
  eval_avg_halt_step: 16.00
  per_H_acc: ['H0=87.4%', 'H1=87.4%', 'H2=87.9%']
  H_cos: ['0.828', '0.805']
  z_H_delta: ['19.500', '17.750']
  cells: fixed=[0, 2523] broken=[0, 1356]
  per_ACT_cell_acc: ['H1=87.4%', 'H2=87.4%', 'H3=87.9%', 'H4=89.3%', 'H5=90.6%', 'H6=91.8%', 'H7=92.5%', 'H8=93.0%', 'H9=93.3%', 'H10=93.5%', 'H11=93.7%', 'H12=93.8%', 'H13=93.9%', 'H14=94.0%', 'H15=94.1%', 'H16=94.2%']
  per_ACT_puzzle_acc: ['H1=0.0%', 'H2=0.0%', 'H3=0.0%', 'H4=0.0%', 'H5=0.0%', 'H6=0.0%', 'H7=0.0%', 'H8=0.0%', 'H9=0.0%', 'H10=0.0%', 'H11=0.0%', 'H12=0.0%', 'H13=0.0%', 'H14=0.0%', 'H15=0.4%', 'H16=0.4%']
  mean_sigmoid_q_halt: ['0.003', '0.001', '0.000', '0.000', '0.001', '0.003', '0.004', '0.004', '0.006', '0.008', '0.010', '0.011', '0.012', '0.013', '0.013', '0.014']
  halt_rates: ['0.00', '0.00', '0.00', '0.00', '0.00', '0.00', '0.00', '0.00', '0.00', '0.00', '0.00', '0.00', '0.00', '0.00', '0.00', '0.00']
  halt_histogram %: [0.0, 0.0, 0.0, 0.0, 0.0, 0.0, 0.0, 0.0, 0.0, 0.0, 0.0, 0.0, 0.0, 0.0, 0.0, 100.0]
  Avg ACT steps (last 100): 16.00
  saved: /home/jvdillon/projects/sic/code/maze/ckpts/x000b/step01500.pt acc=94.31% (0.067s)
  saved: /home/jvdillon/projects/sic/code/maze/ckpts/x000b/best.pt acc=94.31% (0.132s)
Step  1500  Test 94.31% /  0.60%  Train lm=1.0156±0.0330ϵ[0.9609,1.1250] n_active=128.0000±0.0000ϵ[128.0000,128.0000] n_expunged=0.0000±0.0000ϵ[0.0000,0.0000] n_halted=7.9360±30.8988ϵ[0.0000,128.0000] pool_util=1.0000±0.0000ϵ[1.0000,1.0000]  (37.762s / 237.242s)
  cell_acc=96.46%, puzzle_acc=9.50%
  eval_avg_halt_step: 15.08
  per_H_acc: ['H0=87.4%', 'H1=87.5%', 'H2=92.3%']
  H_cos: ['0.715', '0.797']
  z_H_delta: ['21.250', '20.500']
  cells: fixed=[276, 18055] broken=[0, 8066]
  per_ACT_cell_acc: ['H1=87.4%', 'H2=87.5%', 'H3=92.3%', 'H4=93.3%', 'H5=94.5%', 'H6=95.5%', 'H7=95.9%', 'H8=96.2%', 'H9=96.3%', 'H10=96.3%', 'H11=96.4%', 'H12=96.5%', 'H13=96.5%', 'H14=96.5%', 'H15=96.5%', 'H16=96.5%']
  per_ACT_puzzle_acc: ['H1=0.0%', 'H2=0.0%', 'H3=0.0%', 'H4=0.0%', 'H5=0.0%', 'H6=0.0%', 'H7=1.3%', 'H8=3.9%', 'H9=5.2%', 'H10=6.5%', 'H11=6.9%', 'H12=8.6%', 'H13=9.1%', 'H14=10.3%', 'H15=9.9%', 'H16=11.2%']
  mean_sigmoid_q_halt: ['0.004', '0.001', '0.000', '0.001', '0.003', '0.006', '0.013', '0.026', '0.041', '0.054', '0.064', '0.075', '0.085', '0.094', '0.100', '0.105']
  halt_rates: ['0.00', '0.00', '0.00', '0.00', '0.00', '0.00', '0.00', '0.00', '0.00', '0.01', '0.01', '0.03', '0.03', '0.04', '0.04', '0.04']
  halt_histogram %: [0.0, 0.0, 0.2, 0.6, 0.8, 1.1, 0.8, 0.9, 0.7, 0.7, 0.5, 0.4, 0.5, 0.4, 0.3, 92.2]
  Avg ACT steps (last 100): 8.04
  saved: /home/jvdillon/projects/sic/code/maze/ckpts/x000b/step02000.pt acc=96.46% (0.063s)
  saved: /home/jvdillon/projects/sic/code/maze/ckpts/x000b/best.pt acc=96.46% (0.124s)
Step  2000  Test 96.46% /  9.50%  Train lm=0.9688±0.0273ϵ[0.9414,1.1016] n_active=128.0000±0.0000ϵ[128.0000,128.0000] n_expunged=0.0000±0.0000ϵ[0.0000,0.0000] n_halted=9.3380±23.7374ϵ[0.0000,128.0000] pool_util=1.0000±0.0000ϵ[1.0000,1.0000]  (37.788s / 237.361s)
  cell_acc=97.10%, puzzle_acc=13.40%
  eval_avg_halt_step: 11.29
  per_H_acc: ['H0=86.8%', 'H1=87.5%', 'H2=95.1%']
  H_cos: ['0.727', '0.730']
  z_H_delta: ['22.000', '21.750']
  cells: fixed=[1375, 21349] broken=[3, 5545]
  per_ACT_cell_acc: ['H1=86.8%', 'H2=87.5%', 'H3=95.1%', 'H4=95.9%', 'H5=96.5%', 'H6=96.9%', 'H7=97.2%', 'H8=97.3%', 'H9=97.3%', 'H10=97.4%', 'H11=97.5%', 'H12=97.5%', 'H13=97.4%', 'H14=97.3%', 'H15=97.3%', 'H16=97.3%']
  per_ACT_puzzle_acc: ['H1=0.0%', 'H2=0.0%', 'H3=0.0%', 'H4=0.4%', 'H5=3.0%', 'H6=4.3%', 'H7=8.6%', 'H8=11.6%', 'H9=11.6%', 'H10=12.9%', 'H11=15.5%', 'H12=16.4%', 'H13=16.4%', 'H14=16.8%', 'H15=16.4%', 'H16=17.2%']
  mean_sigmoid_q_halt: ['0.003', '0.002', '0.001', '0.019', '0.092', '0.141', '0.170', '0.186', '0.194', '0.201', '0.212', '0.226', '0.238', '0.243', '0.241', '0.240']
  halt_rates: ['0.00', '0.00', '0.00', '0.00', '0.01', '0.08', '0.11', '0.13', '0.15', '0.17', '0.20', '0.24', '0.22', '0.23', '0.23', '0.22']
  halt_histogram %: [0.0, 1.8, 6.9, 7.0, 5.0, 3.6, 2.5, 2.0, 1.5, 1.2, 0.9, 0.8, 0.8, 0.6, 0.5, 64.8]
  Avg ACT steps (last 100): 4.91
  saved: /home/jvdillon/projects/sic/code/maze/ckpts/x000b/step02500.pt acc=97.10% (0.068s)
  saved: /home/jvdillon/projects/sic/code/maze/ckpts/x000b/best.pt acc=97.10% (0.131s)
Step  2500  Test 97.10% / 13.40%  Train lm=0.9531±0.0065ϵ[0.9336,0.9727] n_active=128.0000±0.0000ϵ[128.0000,128.0000] n_expunged=0.0000±0.0000ϵ[0.0000,0.0000] n_halted=18.3240±10.6948ϵ[1.0000,49.0000] pool_util=1.0000±0.0000ϵ[1.0000,1.0000]  (37.774s / 237.532s)
  cell_acc=97.75%, puzzle_acc=29.40%
  eval_avg_halt_step: 6.42
  per_H_acc: ['H0=87.4%', 'H1=87.5%', 'H2=96.4%']
  H_cos: ['0.727', '0.730']
  z_H_delta: ['22.000', '22.375']
  cells: fixed=[231, 22909] broken=[0, 4383]
  per_ACT_cell_acc: ['H1=87.4%', 'H2=87.5%', 'H3=96.4%', 'H4=96.7%', 'H5=97.3%', 'H6=97.7%', 'H7=97.8%', 'H8=97.9%', 'H9=98.0%', 'H10=98.0%', 'H11=98.0%', 'H12=98.0%', 'H13=98.0%', 'H14=98.1%', 'H15=98.1%', 'H16=98.1%']
  per_ACT_puzzle_acc: ['H1=0.0%', 'H2=0.0%', 'H3=0.9%', 'H4=0.4%', 'H5=6.5%', 'H6=19.8%', 'H7=23.3%', 'H8=24.6%', 'H9=28.9%', 'H10=32.3%', 'H11=31.9%', 'H12=31.0%', 'H13=29.7%', 'H14=29.7%', 'H15=29.3%', 'H16=29.3%']
  mean_sigmoid_q_halt: ['0.002', '0.002', '0.027', '0.150', '0.174', '0.301', '0.396', '0.420', '0.449', '0.492', '0.508', '0.508', '0.520', '0.531', '0.551', '0.562']
  halt_rates: ['0.00', '0.00', '0.00', '0.05', '0.13', '0.27', '0.37', '0.43', '0.47', '0.52', '0.55', '0.53', '0.54', '0.56', '0.59', '0.60']
  halt_histogram %: [0.0, 14.1, 15.9, 9.6, 5.4, 3.4, 2.3, 1.7, 1.3, 1.0, 0.9, 0.7, 0.6, 0.6, 0.5, 42.0]
  Avg ACT steps (last 100): 3.00
  saved: /home/jvdillon/projects/sic/code/maze/ckpts/x000b/step03000.pt acc=97.75% (0.065s)
  saved: /home/jvdillon/projects/sic/code/maze/ckpts/x000b/best.pt acc=97.75% (0.127s)
Step  3000  Test 97.75% / 29.40%  Train lm=0.9414±0.0052ϵ[0.9297,0.9570] n_active=128.0000±0.0000ϵ[128.0000,128.0000] n_expunged=0.0000±0.0000ϵ[0.0000,0.0000] n_halted=31.3280±9.8997ϵ[8.0000,56.0000] pool_util=1.0000±0.0000ϵ[1.0000,1.0000]  (37.767s / 237.490s)
  cell_acc=97.81%, puzzle_acc=37.00%
  eval_avg_halt_step: 5.12
  per_H_acc: ['H0=87.3%', 'H1=87.5%', 'H2=96.5%']
  H_cos: ['0.746', '0.715']
  z_H_delta: ['21.625', '22.750']
  cells: fixed=[388, 22676] broken=[22, 3893]
  per_ACT_cell_acc: ['H1=87.3%', 'H2=87.5%', 'H3=96.5%', 'H4=97.1%', 'H5=97.4%', 'H6=97.7%', 'H7=97.7%', 'H8=97.7%', 'H9=97.7%', 'H10=97.8%', 'H11=97.8%', 'H12=97.8%', 'H13=97.8%', 'H14=97.8%', 'H15=97.8%', 'H16=97.8%']
  per_ACT_puzzle_acc: ['H1=0.0%', 'H2=0.0%', 'H3=1.7%', 'H4=9.5%', 'H5=19.4%', 'H6=29.3%', 'H7=33.6%', 'H8=34.9%', 'H9=34.1%', 'H10=33.2%', 'H11=33.6%', 'H12=36.2%', 'H13=36.2%', 'H14=35.8%', 'H15=36.2%', 'H16=34.9%']
  mean_sigmoid_q_halt: ['0.002', '0.002', '0.077', '0.346', '0.381', '0.508', '0.586', '0.598', '0.609', '0.613', '0.637', '0.641', '0.648', '0.652', '0.648', '0.652']
  halt_rates: ['0.00', '0.00', '0.01', '0.26', '0.34', '0.52', '0.59', '0.61', '0.61', '0.63', '0.66', '0.66', '0.65', '0.66', '0.65', '0.67']
  halt_histogram %: [0.4, 32.9, 17.6, 8.0, 4.1, 2.4, 1.7, 1.2, 1.0, 0.7, 0.6, 0.5, 0.5, 0.4, 0.3, 27.6]
  Avg ACT steps (last 100): 2.26
  saved: /home/jvdillon/projects/sic/code/maze/ckpts/x000b/step03500.pt acc=97.81% (0.065s)
  saved: /home/jvdillon/projects/sic/code/maze/ckpts/x000b/best.pt acc=97.81% (0.126s)
Step  3500  Test 97.81% / 37.00%  Train lm=0.9297±0.0041ϵ[0.9219,0.9414] n_active=128.0000±0.0000ϵ[128.0000,128.0000] n_expunged=0.0000±0.0000ϵ[0.0000,0.0000] n_halted=45.9700±8.0567ϵ[19.0000,70.0000] pool_util=1.0000±0.0000ϵ[1.0000,1.0000]  (37.769s / 237.358s)
  cell_acc=97.88%, puzzle_acc=39.70%
  eval_avg_halt_step: 4.58
  per_H_acc: ['H0=87.3%', 'H1=87.5%', 'H2=96.8%']
  H_cos: ['0.750', '0.750']
  z_H_delta: ['21.375', '22.750']
  cells: fixed=[373, 22746] broken=[0, 3267]
  per_ACT_cell_acc: ['H1=87.3%', 'H2=87.5%', 'H3=96.8%', 'H4=97.2%', 'H5=97.6%', 'H6=97.8%', 'H7=97.9%', 'H8=97.9%', 'H9=97.9%', 'H10=98.0%', 'H11=98.0%', 'H12=98.0%', 'H13=98.0%', 'H14=98.0%', 'H15=98.0%', 'H16=98.0%']
  per_ACT_puzzle_acc: ['H1=0.0%', 'H2=0.0%', 'H3=4.7%', 'H4=9.9%', 'H5=21.6%', 'H6=31.0%', 'H7=35.8%', 'H8=37.9%', 'H9=39.2%', 'H10=40.9%', 'H11=41.4%', 'H12=41.4%', 'H13=41.8%', 'H14=41.4%', 'H15=41.4%', 'H16=41.4%']
  mean_sigmoid_q_halt: ['0.002', '0.001', '0.096', '0.305', '0.438', '0.559', '0.621', '0.652', '0.656', '0.668', '0.676', '0.680', '0.680', '0.676', '0.691', '0.695']
  halt_rates: ['0.00', '0.00', '0.06', '0.26', '0.42', '0.55', '0.62', '0.67', '0.67', '0.67', '0.68', '0.70', '0.69', '0.69', '0.70', '0.71']
  halt_histogram %: [4.7, 43.3, 16.2, 6.3, 3.1, 1.8, 1.2, 0.9, 0.7, 0.5, 0.4, 0.4, 0.3, 0.3, 0.3, 19.6]
  Avg ACT steps (last 100): 1.76
  saved: /home/jvdillon/projects/sic/code/maze/ckpts/x000b/step04000.pt acc=97.88% (0.065s)
  saved: /home/jvdillon/projects/sic/code/maze/ckpts/x000b/best.pt acc=97.88% (0.127s)
Step  4000  Test 97.88% / 39.70%  Train lm=0.9258±0.0026ϵ[0.9180,0.9336] n_active=128.0000±0.0000ϵ[128.0000,128.0000] n_expunged=0.0000±0.0000ϵ[0.0000,0.0000] n_halted=55.9880±7.2571ϵ[35.0000,79.0000] pool_util=1.0000±0.0000ϵ[1.0000,1.0000]  (37.754s / 237.390s)
  cell_acc=97.88%, puzzle_acc=39.60%
  eval_avg_halt_step: 4.34
  per_H_acc: ['H0=87.4%', 'H1=87.5%', 'H2=96.8%']
  H_cos: ['0.730', '0.738']
  z_H_delta: ['21.375', '23.125']
  cells: fixed=[257, 22862] broken=[0, 3500]
  per_ACT_cell_acc: ['H1=87.4%', 'H2=87.5%', 'H3=96.8%', 'H4=97.1%', 'H5=97.5%', 'H6=97.7%', 'H7=97.7%', 'H8=97.8%', 'H9=97.8%', 'H10=97.9%', 'H11=97.8%', 'H12=97.8%', 'H13=97.8%', 'H14=97.8%', 'H15=97.8%', 'H16=97.9%']
  per_ACT_puzzle_acc: ['H1=0.0%', 'H2=0.0%', 'H3=5.6%', 'H4=9.5%', 'H5=22.0%', 'H6=32.3%', 'H7=33.6%', 'H8=36.6%', 'H9=37.9%', 'H10=38.4%', 'H11=38.4%', 'H12=37.9%', 'H13=38.4%', 'H14=38.8%', 'H15=38.8%', 'H16=38.8%']
  mean_sigmoid_q_halt: ['0.002', '0.001', '0.128', '0.305', '0.455', '0.547', '0.605', '0.637', '0.660', '0.684', '0.695', '0.703', '0.703', '0.703', '0.715', '0.723']
  halt_rates: ['0.00', '0.00', '0.07', '0.25', '0.44', '0.53', '0.60', '0.63', '0.67', '0.68', '0.69', '0.71', '0.69', '0.70', '0.72', '0.73']
  halt_histogram %: [10.2, 48.0, 14.5, 5.1, 2.3, 1.3, 0.9, 0.7, 0.5, 0.4, 0.3, 0.3, 0.3, 0.2, 0.2, 14.7]
  Avg ACT steps (last 100): 1.80
  saved: /home/jvdillon/projects/sic/code/maze/ckpts/x000b/step04500.pt acc=97.88% (0.065s)
  saved: /home/jvdillon/projects/sic/code/maze/ckpts/x000b/best.pt acc=97.88% (0.126s)
Step  4500  Test 97.88% / 39.60%  Train lm=0.9219±0.0017ϵ[0.9180,0.9258] n_active=128.0000±0.0000ϵ[128.0000,128.0000] n_expunged=0.0000±0.0000ϵ[0.0000,0.0000] n_halted=64.7120±6.5763ϵ[46.0000,85.0000] pool_util=1.0000±0.0000ϵ[1.0000,1.0000]  (37.792s / 237.552s)
  cell_acc=97.87%, puzzle_acc=39.10%
  eval_avg_halt_step: 4.43
  per_H_acc: ['H0=87.4%', 'H1=87.5%', 'H2=96.9%']
  H_cos: ['0.746', '0.727']
  z_H_delta: ['21.250', '23.250']
  cells: fixed=[272, 22935] broken=[0, 3357]
  per_ACT_cell_acc: ['H1=87.4%', 'H2=87.5%', 'H3=96.9%', 'H4=97.1%', 'H5=97.5%', 'H6=97.7%', 'H7=97.8%', 'H8=97.8%', 'H9=97.8%', 'H10=97.9%', 'H11=97.9%', 'H12=97.9%', 'H13=97.9%', 'H14=97.9%', 'H15=98.0%', 'H16=98.0%']
  per_ACT_puzzle_acc: ['H1=0.0%', 'H2=0.0%', 'H3=3.9%', 'H4=6.0%', 'H5=22.0%', 'H6=32.3%', 'H7=35.8%', 'H8=36.6%', 'H9=37.1%', 'H10=37.9%', 'H11=38.4%', 'H12=38.4%', 'H13=38.8%', 'H14=39.7%', 'H15=40.1%', 'H16=41.4%']
  mean_sigmoid_q_halt: ['0.002', '0.001', '0.192', '0.275', '0.395', '0.555', '0.598', '0.621', '0.641', '0.656', '0.664', '0.664', '0.691', '0.695', '0.691', '0.691']
  halt_rates: ['0.00', '0.00', '0.17', '0.24', '0.38', '0.54', '0.60', '0.62', '0.64', '0.65', '0.68', '0.67', '0.70', '0.70', '0.70', '0.70']
  halt_histogram %: [17.3, 48.7, 12.8, 4.1, 1.8, 1.0, 0.7, 0.5, 0.4, 0.3, 0.3, 0.2, 0.2, 0.2, 0.2, 11.3]
  Avg ACT steps (last 100): 1.62
  saved: /home/jvdillon/projects/sic/code/maze/ckpts/x000b/step05000.pt acc=97.87% (0.066s)
Step  5000  Test 97.87% / 39.10%  Train lm=0.9180±0.0016ϵ[0.9180,0.9219] n_active=128.0000±0.0000ϵ[128.0000,128.0000] n_expunged=0.0000±0.0000ϵ[0.0000,0.0000] n_halted=74.5400±6.0918ϵ[55.0000,90.0000] pool_util=1.0000±0.0000ϵ[1.0000,1.0000]  (37.733s / 237.645s)
  cell_acc=98.00%, puzzle_acc=39.40%
  eval_avg_halt_step: 4.40
  per_H_acc: ['H0=87.4%', 'H1=87.5%', 'H2=96.8%']
  H_cos: ['0.754', '0.715']
  z_H_delta: ['21.125', '23.500']
  cells: fixed=[219, 22889] broken=[0, 3361]
  per_ACT_cell_acc: ['H1=87.4%', 'H2=87.5%', 'H3=96.8%', 'H4=96.9%', 'H5=97.4%', 'H6=97.7%', 'H7=97.7%', 'H8=97.8%', 'H9=97.8%', 'H10=97.9%', 'H11=97.9%', 'H12=97.9%', 'H13=97.9%', 'H14=97.9%', 'H15=97.9%', 'H16=97.9%']
  per_ACT_puzzle_acc: ['H1=0.0%', 'H2=0.0%', 'H3=4.7%', 'H4=7.8%', 'H5=21.6%', 'H6=31.5%', 'H7=34.9%', 'H8=36.2%', 'H9=37.1%', 'H10=37.9%', 'H11=38.4%', 'H12=37.9%', 'H13=38.8%', 'H14=38.8%', 'H15=37.9%', 'H16=37.9%']
  mean_sigmoid_q_halt: ['0.002', '0.001', '0.164', '0.254', '0.412', '0.547', '0.602', '0.633', '0.668', '0.668', '0.699', '0.711', '0.707', '0.727', '0.734', '0.734']
  halt_rates: ['0.00', '0.00', '0.13', '0.23', '0.39', '0.54', '0.60', '0.61', '0.66', '0.67', '0.70', '0.71', '0.71', '0.73', '0.74', '0.75']
  halt_histogram %: [23.2, 48.1, 11.4, 3.4, 1.5, 0.8, 0.6, 0.4, 0.3, 0.3, 0.2, 0.2, 0.2, 0.1, 0.1, 9.2]
  Avg ACT steps (last 100): 1.61
  saved: /home/jvdillon/projects/sic/code/maze/ckpts/x000b/step05500.pt acc=98.00% (0.066s)
  saved: /home/jvdillon/projects/sic/code/maze/ckpts/x000b/best.pt acc=98.00% (0.128s)
Step  5500  Test 98.00% / 39.40%  Train lm=0.9180±0.0003ϵ[0.9141,0.9219] n_active=128.0000±0.0000ϵ[128.0000,128.0000] n_expunged=0.0000±0.0000ϵ[0.0000,0.0000] n_halted=78.7120±5.5083ϵ[62.0000,93.0000] pool_util=1.0000±0.0000ϵ[1.0000,1.0000]  (37.767s / 237.534s)
  cell_acc=97.87%, puzzle_acc=38.00%
  eval_avg_halt_step: 4.38
  per_H_acc: ['H0=87.4%', 'H1=87.5%', 'H2=96.8%']
  H_cos: ['0.754', '0.715']
  z_H_delta: ['21.250', '23.500']
  cells: fixed=[221, 22880] broken=[0, 3470]
  per_ACT_cell_acc: ['H1=87.4%', 'H2=87.5%', 'H3=96.8%', 'H4=97.0%', 'H5=97.4%', 'H6=97.6%', 'H7=97.7%', 'H8=97.7%', 'H9=97.8%', 'H10=97.8%', 'H11=97.8%', 'H12=97.8%', 'H13=97.9%', 'H14=97.8%', 'H15=97.9%', 'H16=97.9%']
  per_ACT_puzzle_acc: ['H1=0.0%', 'H2=0.0%', 'H3=4.3%', 'H4=7.3%', 'H5=22.4%', 'H6=32.8%', 'H7=35.8%', 'H8=36.2%', 'H9=37.9%', 'H10=38.4%', 'H11=39.2%', 'H12=39.2%', 'H13=39.7%', 'H14=39.7%', 'H15=40.1%', 'H16=40.9%']
  mean_sigmoid_q_halt: ['0.002', '0.001', '0.190', '0.238', '0.430', '0.543', '0.609', '0.645', '0.672', '0.672', '0.688', '0.699', '0.707', '0.719', '0.730', '0.730']
  halt_rates: ['0.00', '0.00', '0.17', '0.22', '0.43', '0.54', '0.60', '0.65', '0.67', '0.68', '0.69', '0.70', '0.70', '0.73', '0.73', '0.73']
  halt_histogram %: [27.7, 47.4, 10.3, 2.9, 1.3, 0.7, 0.5, 0.4, 0.3, 0.2, 0.2, 0.1, 0.1, 0.1, 0.1, 7.7]
  Avg ACT steps (last 100): 1.50
  saved: /home/jvdillon/projects/sic/code/maze/ckpts/x000b/step06000.pt acc=97.87% (0.065s)
Step  6000  Test 97.87% / 38.00%  Train lm=0.9180±0.0002ϵ[0.9141,0.9180] n_active=128.0000±0.0000ϵ[128.0000,128.0000] n_expunged=0.0000±0.0000ϵ[0.0000,0.0000] n_halted=80.7660±5.5898ϵ[65.0000,98.0000] pool_util=1.0000±0.0000ϵ[1.0000,1.0000]  (37.710s / 237.547s)
  cell_acc=97.87%, puzzle_acc=38.70%
  eval_avg_halt_step: 4.48
  per_H_acc: ['H0=87.4%', 'H1=87.5%', 'H2=96.8%']
  H_cos: ['0.758', '0.719']
  z_H_delta: ['21.375', '23.375']
  cells: fixed=[208, 22918] broken=[0, 3537]
  per_ACT_cell_acc: ['H1=87.4%', 'H2=87.5%', 'H3=96.8%', 'H4=96.9%', 'H5=97.3%', 'H6=97.5%', 'H7=97.6%', 'H8=97.7%', 'H9=97.7%', 'H10=97.7%', 'H11=97.7%', 'H12=97.7%', 'H13=97.7%', 'H14=97.8%', 'H15=97.8%', 'H16=97.8%']
  per_ACT_puzzle_acc: ['H1=0.0%', 'H2=0.0%', 'H3=4.7%', 'H4=7.8%', 'H5=21.1%', 'H6=30.2%', 'H7=34.5%', 'H8=35.3%', 'H9=36.2%', 'H10=37.9%', 'H11=37.1%', 'H12=36.6%', 'H13=37.5%', 'H14=37.9%', 'H15=37.9%', 'H16=37.5%']
  mean_sigmoid_q_halt: ['0.002', '0.001', '0.179', '0.260', '0.424', '0.539', '0.598', '0.645', '0.648', '0.672', '0.680', '0.684', '0.672', '0.684', '0.707', '0.723']
  halt_rates: ['0.00', '0.00', '0.17', '0.23', '0.41', '0.53', '0.59', '0.64', '0.64', '0.67', '0.68', '0.69', '0.67', '0.68', '0.72', '0.73']
  halt_histogram %: [31.2, 46.7, 9.5, 2.6, 1.1, 0.6, 0.4, 0.3, 0.2, 0.2, 0.1, 0.1, 0.1, 0.1, 0.1, 6.6]
  Avg ACT steps (last 100): 1.52
  saved: /home/jvdillon/projects/sic/code/maze/ckpts/x000b/step06500.pt acc=97.87% (0.066s)
Step  6500  Test 97.87% / 38.70%  Train lm=0.9180±0.0005ϵ[0.9141,0.9180] n_active=128.0000±0.0000ϵ[128.0000,128.0000] n_expunged=0.0000±0.0000ϵ[0.0000,0.0000] n_halted=81.6800±5.3974ϵ[62.0000,98.0000] pool_util=1.0000±0.0000ϵ[1.0000,1.0000]  (37.750s / 237.748s)
  cell_acc=97.86%, puzzle_acc=37.40%
  eval_avg_halt_step: 4.25
  per_H_acc: ['H0=87.4%', 'H1=87.5%', 'H2=96.8%']
  H_cos: ['0.762', '0.715']
  z_H_delta: ['21.250', '23.375']
  cells: fixed=[196, 23021] broken=[0, 3498]
  per_ACT_cell_acc: ['H1=87.4%', 'H2=87.5%', 'H3=96.8%', 'H4=96.9%', 'H5=97.3%', 'H6=97.6%', 'H7=97.6%', 'H8=97.7%', 'H9=97.7%', 'H10=97.7%', 'H11=97.7%', 'H12=97.7%', 'H13=97.7%', 'H14=97.7%', 'H15=97.8%', 'H16=97.8%']
  per_ACT_puzzle_acc: ['H1=0.0%', 'H2=0.0%', 'H3=3.9%', 'H4=7.3%', 'H5=20.7%', 'H6=31.0%', 'H7=34.1%', 'H8=34.9%', 'H9=36.6%', 'H10=35.8%', 'H11=35.8%', 'H12=35.8%', 'H13=36.6%', 'H14=37.1%', 'H15=36.2%', 'H16=36.6%']
  mean_sigmoid_q_halt: ['0.002', '0.001', '0.172', '0.277', '0.426', '0.551', '0.629', '0.652', '0.684', '0.680', '0.684', '0.680', '0.688', '0.691', '0.695', '0.711']
  halt_rates: ['0.00', '0.00', '0.15', '0.26', '0.41', '0.53', '0.62', '0.65', '0.68', '0.68', '0.69', '0.67', '0.69', '0.71', '0.70', '0.72']
  halt_histogram %: [33.8, 46.1, 9.0, 2.3, 0.9, 0.5, 0.4, 0.3, 0.2, 0.2, 0.1, 0.1, 0.1, 0.1, 0.1, 5.8]
  Avg ACT steps (last 100): 1.54
  saved: /home/jvdillon/projects/sic/code/maze/ckpts/x000b/step07000.pt acc=97.86% (0.065s)
Step  7000  Test 97.86% / 37.40%  Train lm=0.9180±0.0005ϵ[0.9141,0.9180] n_active=128.0000±0.0000ϵ[128.0000,128.0000] n_expunged=0.0000±0.0000ϵ[0.0000,0.0000] n_halted=81.5420±5.0734ϵ[67.0000,98.0000] pool_util=1.0000±0.0000ϵ[1.0000,1.0000]  (37.709s / 237.748s)
Traceback (most recent call last):
  File "/home/jvdillon/projects/sic/code/experiment.py", line 1622, in main
    def main(

  File "/home/jvdillon/projects/sic/code/experiment.py", line 1603, in train
    if loss is None:

  File "/home/jvdillon/projects/sic/code/experiment.py", line 1547, in do_eval
    print(f"Saved step 0 checkpoint with RNG: {step0_path}")
                           ^^^^^^^^^^^^^^^^^^^^^^^^^^^^^^^^^^
  File "/home/jvdillon/projects/sic/code/experiment.py", line 886, in evaluate
    self.ema.update(self.model)
                           ^^^^^
  File "/home/jvdillon/projects/sic/code/experiment.py", line 922, in evaluate_act
    finally:
           ^^
  File "/home/jvdillon/projects/sic/code/experiment.py", line None, in evaluate_act_full
KeyboardInterrupt
