Adam params: ('embed_tokens.weight', 'head.weight', 'head.bias', 'q_head.weight', 'q_head.bias', 'puzzle_id_embed.weight')
Muon 2D params: ('reasoning.0.attn.o_proj.weight', 'reasoning.0.mlp.up_proj.weight', 'reasoning.0.mlp.down_proj.weight', 'reasoning.1.attn.o_proj.weight', 'reasoning.1.mlp.up_proj.weight', 'reasoning.1.mlp.down_proj.weight')
Muon 3D params (ensemble_dims=1): ('reasoning.0.attn.qkv_proj.weight', 'reasoning.1.attn.qkv_proj.weight')
Saved step 0 checkpoint with RNG: /home/jvdillon/projects/sic/code/maze/ckpts/x000p/step00000_rng.pt
  cell_acc=87.64%, puzzle_acc=0.00%
  eval_avg_halt_step: 16.00
  per_H_acc: ['H0=87.4%', 'H1=87.5%', 'H2=87.6%']
  H_cos: ['0.637', '0.973']
  z_H_delta: ['20.000', '10.688']
  cells: fixed=[232, 1307] broken=[0, 1167]
  per_ACT_cell_acc: ['H1=87.4%', 'H2=87.5%', 'H3=87.6%', 'H4=87.6%', 'H5=87.7%', 'H6=87.7%', 'H7=87.8%', 'H8=87.8%', 'H9=87.8%', 'H10=87.8%', 'H11=87.8%', 'H12=87.8%', 'H13=87.8%', 'H14=87.8%', 'H15=87.8%', 'H16=87.8%']
  per_ACT_puzzle_acc: ['H1=0.0%', 'H2=0.0%', 'H3=0.0%', 'H4=0.0%', 'H5=0.0%', 'H6=0.0%', 'H7=0.0%', 'H8=0.0%', 'H9=0.0%', 'H10=0.0%', 'H11=0.0%', 'H12=0.0%', 'H13=0.0%', 'H14=0.0%', 'H15=0.0%', 'H16=0.0%']
  mean_sigmoid_q_halt: ['0.000', '0.000', '0.000', '0.000', '0.000', '0.000', '0.000', '0.000', '0.000', '0.000', '0.000', '0.000', '0.000', '0.000', '0.000', '0.000']
  halt_rates: ['0.00', '0.00', '0.00', '0.00', '0.00', '0.00', '0.00', '0.00', '0.00', '0.00', '0.00', '0.00', '0.00', '0.00', '0.00', '0.00']
  halt_histogram %: [0.0, 0.0, 0.0, 0.0, 0.0, 0.0, 0.0, 0.0, 0.0, 0.0, 0.0, 0.0, 0.0, 0.0, 0.0, 100.0]
  Avg ACT steps (last 100): 16.00
  saved: /home/jvdillon/projects/sic/code/maze/ckpts/x000p/step00500.pt acc=87.64% (0.058s)
  saved: /home/jvdillon/projects/sic/code/maze/ckpts/x000p/best.pt acc=87.64% (0.112s)
Step   500  Test 87.64% /  0.00%  Train lm=0.9219±0.1011ϵ[0.8633,2.1562] n_halted=7.9360±30.8988ϵ[0.0000,128.0000]  (45.935s / 198.606s)
  n_active=128.0000±0.0000ϵ[128.0000,128.0000] n_expunged=0.0000±0.0000ϵ[0.0000,0.0000] pool_util=1.0000±0.0000ϵ[1.0000,1.0000]
  cell_acc=94.91%, puzzle_acc=1.20%
  eval_avg_halt_step: 16.00
  per_H_acc: ['H0=87.4%', 'H1=87.4%', 'H2=90.2%']
  H_cos: ['0.609', '0.949']
  z_H_delta: ['23.500', '11.562']
  cells: fixed=[125, 14506] broken=[2, 8805]
  per_ACT_cell_acc: ['H1=87.4%', 'H2=87.4%', 'H3=90.2%', 'H4=92.2%', 'H5=93.2%', 'H6=93.8%', 'H7=94.2%', 'H8=94.4%', 'H9=94.6%', 'H10=94.7%', 'H11=94.7%', 'H12=94.8%', 'H13=94.8%', 'H14=94.8%', 'H15=94.9%', 'H16=94.9%']
  per_ACT_puzzle_acc: ['H1=0.0%', 'H2=0.0%', 'H3=0.0%', 'H4=0.0%', 'H5=0.0%', 'H6=0.0%', 'H7=0.4%', 'H8=0.4%', 'H9=0.4%', 'H10=0.9%', 'H11=0.9%', 'H12=0.9%', 'H13=0.9%', 'H14=0.9%', 'H15=0.9%', 'H16=0.9%']
  mean_sigmoid_q_halt: ['0.003', '0.000', '0.000', '0.000', '0.000', '0.000', '0.001', '0.001', '0.001', '0.001', '0.002', '0.002', '0.002', '0.003', '0.003', '0.003']
  halt_rates: ['0.00', '0.00', '0.00', '0.00', '0.00', '0.00', '0.00', '0.00', '0.00', '0.00', '0.00', '0.00', '0.00', '0.00', '0.00', '0.00']
  halt_histogram %: [0.0, 0.0, 0.0, 0.0, 0.0, 0.0, 0.1, 0.1, 0.0, 0.2, 0.3, 0.1, 1.0, 0.1, 0.0, 98.1]
  Avg ACT steps (last 100): 13.24
  saved: /home/jvdillon/projects/sic/code/maze/ckpts/x000p/step01000.pt acc=94.91% (0.058s)
  saved: /home/jvdillon/projects/sic/code/maze/ckpts/x000p/best.pt acc=94.91% (0.138s)
Step  1000  Test 94.91% /  1.20%  Train lm=0.8203±0.0327ϵ[0.7578,0.9062] n_halted=8.0360±29.3107ϵ[0.0000,128.0000]  (27.657s / 174.255s)
  n_active=128.0000±0.0000ϵ[128.0000,128.0000] n_expunged=0.0000±0.0000ϵ[0.0000,0.0000] pool_util=1.0000±0.0000ϵ[1.0000,1.0000]
  cell_acc=97.31%, puzzle_acc=30.30%
  eval_avg_halt_step: 6.66
  per_H_acc: ['H0=86.2%', 'H1=87.5%', 'H2=94.9%']
  H_cos: ['0.703', '0.828']
  z_H_delta: ['22.000', '17.125']
  cells: fixed=[2613, 21332] broken=[0, 5904]
  per_ACT_cell_acc: ['H1=86.2%', 'H2=87.5%', 'H3=94.9%', 'H4=96.4%', 'H5=96.8%', 'H6=97.0%', 'H7=97.1%', 'H8=97.1%', 'H9=97.2%', 'H10=97.2%', 'H11=97.2%', 'H12=97.2%', 'H13=97.2%', 'H14=97.2%', 'H15=97.2%', 'H16=97.2%']
  per_ACT_puzzle_acc: ['H1=0.0%', 'H2=0.0%', 'H3=0.0%', 'H4=4.7%', 'H5=12.1%', 'H6=20.7%', 'H7=24.6%', 'H8=26.7%', 'H9=30.2%', 'H10=29.7%', 'H11=30.6%', 'H12=31.0%', 'H13=32.8%', 'H14=32.8%', 'H15=32.3%', 'H16=32.3%']
  mean_sigmoid_q_halt: ['0.005', '0.000', '0.001', '0.159', '0.235', '0.352', '0.420', '0.459', '0.488', '0.500', '0.516', '0.523', '0.531', '0.543', '0.547', '0.547']
  halt_rates: ['0.00', '0.00', '0.00', '0.09', '0.18', '0.38', '0.46', '0.50', '0.54', '0.55', '0.56', '0.55', '0.56', '0.60', '0.59', '0.59']
  halt_histogram %: [0.0, 5.8, 9.1, 7.2, 4.9, 3.5, 2.7, 2.3, 1.9, 1.6, 1.6, 1.1, 1.4, 0.7, 0.8, 55.4]
  Avg ACT steps (last 100): 4.45
  saved: /home/jvdillon/projects/sic/code/maze/ckpts/x000p/step01500.pt acc=97.31% (0.056s)
  saved: /home/jvdillon/projects/sic/code/maze/ckpts/x000p/best.pt acc=97.31% (0.135s)
Step  1500  Test 97.31% / 30.30%  Train lm=0.7695±0.0085ϵ[0.7461,0.8086] n_halted=17.6440±13.1976ϵ[0.0000,62.0000]  (27.643s / 174.635s)
  n_active=128.0000±0.0000ϵ[128.0000,128.0000] n_expunged=0.0000±0.0000ϵ[0.0000,0.0000] pool_util=1.0000±0.0000ϵ[1.0000,1.0000]
  cell_acc=98.01%, puzzle_acc=45.50%
  eval_avg_halt_step: 3.28
  per_H_acc: ['H0=73.4%', 'H1=87.5%', 'H2=96.7%']
  H_cos: ['0.762', '0.863']
  z_H_delta: ['22.875', '16.625']
  cells: fixed=[29447, 22726] broken=[9, 3637]
  per_ACT_cell_acc: ['H1=73.4%', 'H2=87.5%', 'H3=96.7%', 'H4=97.4%', 'H5=97.6%', 'H6=97.8%', 'H7=97.8%', 'H8=97.9%', 'H9=97.9%', 'H10=97.9%', 'H11=97.9%', 'H12=97.9%', 'H13=97.9%', 'H14=97.9%', 'H15=97.9%', 'H16=97.9%']
  per_ACT_puzzle_acc: ['H1=0.0%', 'H2=0.0%', 'H3=2.2%', 'H4=19.4%', 'H5=32.3%', 'H6=38.8%', 'H7=44.0%', 'H8=44.8%', 'H9=46.6%', 'H10=47.4%', 'H11=47.8%', 'H12=47.8%', 'H13=47.4%', 'H14=47.8%', 'H15=47.8%', 'H16=47.8%']
  mean_sigmoid_q_halt: ['0.022', '0.083', '0.177', '0.531', '0.605', '0.719', '0.777', '0.812', '0.844', '0.855', '0.855', '0.863', '0.863', '0.867', '0.875', '0.871']
  halt_rates: ['0.00', '0.00', '0.13', '0.53', '0.59', '0.74', '0.78', '0.84', '0.86', '0.86', '0.88', '0.89', '0.88', '0.88', '0.90', '0.89']
  halt_histogram %: [1.0, 39.3, 14.6, 6.6, 3.6, 2.4, 1.7, 1.4, 1.1, 0.9, 0.8, 0.6, 0.7, 0.4, 0.4, 24.5]
  Avg ACT steps (last 100): 2.21
  saved: /home/jvdillon/projects/sic/code/maze/ckpts/x000p/step02000.pt acc=98.01% (0.056s)
  saved: /home/jvdillon/projects/sic/code/maze/ckpts/x000p/best.pt acc=98.01% (0.137s)
Step  2000  Test 98.01% / 45.50%  Train lm=0.7422±0.0105ϵ[0.7266,0.7734] n_halted=44.7800±14.9361ϵ[2.0000,80.0000]  (27.650s / 174.604s)
  n_active=128.0000±0.0000ϵ[128.0000,128.0000] n_expunged=0.0000±0.0000ϵ[0.0000,0.0000] pool_util=1.0000±0.0000ϵ[1.0000,1.0000]
  cell_acc=98.22%, puzzle_acc=53.80%
  eval_avg_halt_step: 4.06
  per_H_acc: ['H0=77.2%', 'H1=87.9%', 'H2=97.3%']
  H_cos: ['0.773', '0.895']
  z_H_delta: ['21.250', '15.000']
  cells: fixed=[22625, 22347] broken=[256, 2600]
  per_ACT_cell_acc: ['H1=77.2%', 'H2=87.9%', 'H3=97.3%', 'H4=97.9%', 'H5=98.1%', 'H6=98.2%', 'H7=98.2%', 'H8=98.2%', 'H9=98.2%', 'H10=98.2%', 'H11=98.2%', 'H12=98.2%', 'H13=98.3%', 'H14=98.2%', 'H15=98.3%', 'H16=98.2%']
  per_ACT_puzzle_acc: ['H1=0.0%', 'H2=0.0%', 'H3=12.9%', 'H4=34.1%', 'H5=45.3%', 'H6=51.3%', 'H7=53.4%', 'H8=53.4%', 'H9=53.9%', 'H10=55.2%', 'H11=55.2%', 'H12=55.6%', 'H13=56.0%', 'H14=55.6%', 'H15=56.0%', 'H16=56.9%']
  mean_sigmoid_q_halt: ['0.056', '0.134', '0.153', '0.477', '0.586', '0.680', '0.734', '0.766', '0.781', '0.797', '0.801', '0.812', '0.809', '0.816', '0.816', '0.828']
  halt_rates: ['0.00', '0.00', '0.11', '0.46', '0.61', '0.70', '0.75', '0.78', '0.80', '0.80', '0.81', '0.83', '0.82', '0.84', '0.84', '0.85']
  halt_histogram %: [10.9, 51.1, 12.1, 4.3, 2.2, 1.4, 1.0, 0.8, 0.6, 0.5, 0.5, 0.3, 0.4, 0.2, 0.2, 13.4]
  Avg ACT steps (last 100): 1.87
  saved: /home/jvdillon/projects/sic/code/maze/ckpts/x000p/step02500.pt acc=98.22% (0.054s)
  saved: /home/jvdillon/projects/sic/code/maze/ckpts/x000p/best.pt acc=98.22% (0.132s)
Step  2500  Test 98.22% / 53.80%  Train lm=0.7266±0.0033ϵ[0.7188,0.7422] n_halted=64.9540±12.8092ϵ[23.0000,97.0000]  (27.641s / 174.697s)
  n_active=128.0000±0.0000ϵ[128.0000,128.0000] n_expunged=0.0000±0.0000ϵ[0.0000,0.0000] pool_util=1.0000±0.0000ϵ[1.0000,1.0000]
  cell_acc=98.59%, puzzle_acc=60.30%
  eval_avg_halt_step: 2.43
  per_H_acc: ['H0=52.5%', 'H1=87.9%', 'H2=97.7%']
  H_cos: ['0.730', '0.887']
  z_H_delta: ['21.500', '15.062']
  cells: fixed=[74105, 23024] broken=[339, 2486]
  per_ACT_cell_acc: ['H1=52.5%', 'H2=87.9%', 'H3=97.7%', 'H4=98.3%', 'H5=98.4%', 'H6=98.5%', 'H7=98.6%', 'H8=98.6%', 'H9=98.6%', 'H10=98.6%', 'H11=98.6%', 'H12=98.6%', 'H13=98.6%', 'H14=98.6%', 'H15=98.6%', 'H16=98.6%']
  per_ACT_puzzle_acc: ['H1=0.0%', 'H2=0.0%', 'H3=17.7%', 'H4=39.7%', 'H5=52.6%', 'H6=56.9%', 'H7=60.3%', 'H8=60.8%', 'H9=61.2%', 'H10=62.1%', 'H11=61.6%', 'H12=61.6%', 'H13=61.6%', 'H14=61.6%', 'H15=61.6%', 'H16=61.6%']
  mean_sigmoid_q_halt: ['0.246', '0.109', '0.314', '0.602', '0.727', '0.805', '0.840', '0.879', '0.883', '0.891', '0.906', '0.914', '0.918', '0.926', '0.922', '0.926']
  halt_rates: ['0.00', '0.00', '0.28', '0.60', '0.76', '0.84', '0.87', '0.91', '0.92', '0.93', '0.94', '0.95', '0.95', '0.96', '0.95', '0.97']
  halt_histogram %: [21.6, 50.5, 10.3, 3.1, 1.5, 1.0, 0.7, 0.6, 0.4, 0.4, 0.3, 0.2, 0.3, 0.2, 0.2, 8.9]
  Avg ACT steps (last 100): 1.45
  saved: /home/jvdillon/projects/sic/code/maze/ckpts/x000p/step03000.pt acc=98.59% (0.055s)
  saved: /home/jvdillon/projects/sic/code/maze/ckpts/x000p/best.pt acc=98.59% (0.135s)
Step  3000  Test 98.59% / 60.30%  Train lm=0.7227±0.0024ϵ[0.7188,0.7383] n_halted=74.8040±11.6157ϵ[27.0000,100.0000]  (27.641s / 174.706s)
  n_active=128.0000±0.0000ϵ[128.0000,128.0000] n_expunged=0.0000±0.0000ϵ[0.0000,0.0000] pool_util=1.0000±0.0000ϵ[1.0000,1.0000]
  cell_acc=98.72%, puzzle_acc=56.70%
  eval_avg_halt_step: 5.11
  per_H_acc: ['H0=77.8%', 'H1=90.2%', 'H2=97.8%']
  H_cos: ['0.793', '0.918']
  z_H_delta: ['19.250', '14.562']
  cells: fixed=[28283, 18149] broken=[2451, 2203]
  per_ACT_cell_acc: ['H1=77.8%', 'H2=90.2%', 'H3=97.8%', 'H4=98.4%', 'H5=98.6%', 'H6=98.6%', 'H7=98.7%', 'H8=98.7%', 'H9=98.7%', 'H10=98.7%', 'H11=98.7%', 'H12=98.6%', 'H13=98.6%', 'H14=98.6%', 'H15=98.6%', 'H16=98.6%']
  per_ACT_puzzle_acc: ['H1=0.0%', 'H2=0.0%', 'H3=19.4%', 'H4=41.8%', 'H5=47.8%', 'H6=50.4%', 'H7=54.3%', 'H8=58.2%', 'H9=57.3%', 'H10=56.5%', 'H11=56.9%', 'H12=55.6%', 'H13=55.2%', 'H14=54.3%', 'H15=53.9%', 'H16=54.3%']
  mean_sigmoid_q_halt: ['0.059', '0.192', '0.192', '0.404', '0.508', '0.559', '0.602', '0.625', '0.645', '0.660', '0.672', '0.676', '0.680', '0.684', '0.691', '0.695']
  halt_rates: ['0.00', '0.00', '0.16', '0.40', '0.53', '0.57', '0.62', '0.65', '0.66', '0.68', '0.69', '0.69', '0.70', '0.69', '0.70', '0.71']
  halt_histogram %: [30.1, 47.7, 8.9, 2.5, 1.2, 0.7, 0.5, 0.4, 0.3, 0.3, 0.2, 0.2, 0.2, 0.1, 0.1, 6.5]
  Avg ACT steps (last 100): 1.50
  saved: /home/jvdillon/projects/sic/code/maze/ckpts/x000p/step03500.pt acc=98.72% (0.054s)
  saved: /home/jvdillon/projects/sic/code/maze/ckpts/x000p/best.pt acc=98.72% (0.133s)
Step  3500  Test 98.72% / 56.70%  Train lm=0.7227±0.0020ϵ[0.7188,0.7305] n_halted=80.4580±11.0483ϵ[49.0000,106.0000]  (27.641s / 174.671s)
  n_active=128.0000±0.0000ϵ[128.0000,128.0000] n_expunged=0.0000±0.0000ϵ[0.0000,0.0000] pool_util=1.0000±0.0000ϵ[1.0000,1.0000]
  cell_acc=98.70%, puzzle_acc=39.30%
  eval_avg_halt_step: 2.48
  per_H_acc: ['H0=53.2%', 'H1=89.3%', 'H2=97.8%']
  H_cos: ['0.719', '0.906']
  z_H_delta: ['20.750', '17.000']
  cells: fixed=[77290, 20058] broken=[1975, 2175]
  per_ACT_cell_acc: ['H1=53.2%', 'H2=89.3%', 'H3=97.8%', 'H4=98.4%', 'H5=98.5%', 'H6=98.6%', 'H7=98.6%', 'H8=98.6%', 'H9=98.6%', 'H10=98.6%', 'H11=98.6%', 'H12=98.6%', 'H13=98.6%', 'H14=98.6%', 'H15=98.6%', 'H16=98.5%']
  per_ACT_puzzle_acc: ['H1=0.0%', 'H2=0.0%', 'H3=23.3%', 'H4=49.1%', 'H5=56.0%', 'H6=59.5%', 'H7=59.9%', 'H8=59.1%', 'H9=57.8%', 'H10=56.9%', 'H11=56.9%', 'H12=55.2%', 'H13=52.6%', 'H14=51.7%', 'H15=50.4%', 'H16=49.1%']
  mean_sigmoid_q_halt: ['0.574', '0.801', '0.396', '0.691', '0.797', '0.848', '0.867', '0.863', '0.875', '0.871', '0.867', '0.859', '0.855', '0.844', '0.844', '0.832']
  halt_rates: ['1.00', '0.96', '0.33', '0.68', '0.81', '0.87', '0.89', '0.88', '0.89', '0.88', '0.88', '0.87', '0.87', '0.85', '0.85', '0.84']
  halt_histogram %: [38.0, 43.7, 7.8, 2.1, 0.9, 0.6, 0.4, 0.3, 0.3, 0.2, 0.2, 0.1, 0.2, 0.1, 0.1, 5.0]
  Avg ACT steps (last 100): 1.37
  saved: /home/jvdillon/projects/sic/code/maze/ckpts/x000p/step04000.pt acc=98.70% (0.055s)
Step  4000  Test 98.70% / 39.30%  Train lm=0.7227±0.0022ϵ[0.7188,0.7344] n_halted=88.7360±10.3088ϵ[44.0000,115.0000]  (27.574s / 174.710s)
  n_active=128.0000±0.0000ϵ[128.0000,128.0000] n_expunged=0.0000±0.0000ϵ[0.0000,0.0000] pool_util=1.0000±0.0000ϵ[1.0000,1.0000]
  cell_acc=99.02%, puzzle_acc=70.70%
  eval_avg_halt_step: 2.08
  per_H_acc: ['H0=53.9%', 'H1=89.4%', 'H2=98.1%']
  H_cos: ['0.742', '0.910']
  z_H_delta: ['21.125', '15.688']
  cells: fixed=[75406, 20307] broken=[1328, 1968]
  per_ACT_cell_acc: ['H1=53.9%', 'H2=89.4%', 'H3=98.1%', 'H4=98.6%', 'H5=98.8%', 'H6=98.8%', 'H7=98.8%', 'H8=98.9%', 'H9=98.9%', 'H10=98.9%', 'H11=98.9%', 'H12=98.9%', 'H13=98.9%', 'H14=98.9%', 'H15=98.9%', 'H16=98.9%']
  per_ACT_puzzle_acc: ['H1=0.0%', 'H2=0.0%', 'H3=25.0%', 'H4=50.0%', 'H5=61.6%', 'H6=65.1%', 'H7=68.1%', 'H8=69.4%', 'H9=69.4%', 'H10=69.8%', 'H11=69.8%', 'H12=69.8%', 'H13=69.8%', 'H14=70.3%', 'H15=69.8%', 'H16=69.8%']
  mean_sigmoid_q_halt: ['0.707', '0.852', '0.328', '0.648', '0.797', '0.883', '0.918', '0.934', '0.941', '0.949', '0.953', '0.953', '0.953', '0.957', '0.957', '0.961']
  halt_rates: ['1.00', '0.95', '0.26', '0.64', '0.80', '0.91', '0.93', '0.95', '0.96', '0.97', '0.97', '0.97', '0.97', '0.97', '0.98', '0.98']
  halt_histogram %: [43.7, 40.7, 6.9, 1.8, 0.8, 0.5, 0.3, 0.3, 0.2, 0.2, 0.2, 0.1, 0.1, 0.1, 0.1, 4.1]
  Avg ACT steps (last 100): 1.38
  saved: /home/jvdillon/projects/sic/code/maze/ckpts/x000p/step04500.pt acc=99.02% (0.055s)
  saved: /home/jvdillon/projects/sic/code/maze/ckpts/x000p/best.pt acc=99.02% (0.134s)
Step  4500  Test 99.02% / 70.70%  Train lm=0.7227±0.0019ϵ[0.7188,0.7305] n_halted=92.0860±11.1378ϵ[37.0000,120.0000]  (27.640s / 174.703s)
  n_active=128.0000±0.0000ϵ[128.0000,128.0000] n_expunged=0.0000±0.0000ϵ[0.0000,0.0000] pool_util=1.0000±0.0000ϵ[1.0000,1.0000]
  cell_acc=98.89%, puzzle_acc=64.70%
  eval_avg_halt_step: 1.92
  per_H_acc: ['H0=87.5%', 'H1=90.3%', 'H2=98.4%']
  H_cos: ['0.812', '0.914']
  z_H_delta: ['22.500', '17.250']
  cells: fixed=[21940, 18255] broken=[16053, 1292]
  per_ACT_cell_acc: ['H1=87.5%', 'H2=90.3%', 'H3=98.4%', 'H4=98.7%', 'H5=98.8%', 'H6=98.9%', 'H7=98.9%', 'H8=98.9%', 'H9=98.9%', 'H10=98.9%', 'H11=98.9%', 'H12=98.9%', 'H13=98.9%', 'H14=98.9%', 'H15=98.9%', 'H16=98.9%']
  per_ACT_puzzle_acc: ['H1=0.0%', 'H2=0.0%', 'H3=34.1%', 'H4=54.7%', 'H5=60.8%', 'H6=62.1%', 'H7=63.4%', 'H8=64.2%', 'H9=64.2%', 'H10=64.2%', 'H11=64.2%', 'H12=64.2%', 'H13=64.7%', 'H14=64.7%', 'H15=64.7%', 'H16=64.7%']
  mean_sigmoid_q_halt: ['0.863', '0.303', '0.520', '0.785', '0.879', '0.914', '0.930', '0.945', '0.953', '0.957', '0.957', '0.961', '0.965', '0.965', '0.961', '0.961']
  halt_rates: ['1.00', '0.25', '0.48', '0.79', '0.89', '0.94', '0.94', '0.96', '0.97', '0.97', '0.97', '0.98', '0.98', '0.98', '0.97', '0.97']
  halt_histogram %: [48.9, 37.5, 6.2, 1.5, 0.7, 0.4, 0.3, 0.2, 0.2, 0.2, 0.1, 0.1, 0.1, 0.1, 0.1, 3.4]
  Avg ACT steps (last 100): 1.23
  saved: /home/jvdillon/projects/sic/code/maze/ckpts/x000p/step05000.pt acc=98.89% (0.054s)
Step  5000  Test 98.89% / 64.70%  Train lm=0.7227±0.0025ϵ[0.7188,0.7344] n_halted=96.9200±12.1893ϵ[29.0000,115.0000]  (27.555s / 174.707s)
  n_active=128.0000±0.0000ϵ[128.0000,128.0000] n_expunged=0.0000±0.0000ϵ[0.0000,0.0000] pool_util=1.0000±0.0000ϵ[1.0000,1.0000]
  cell_acc=99.13%, puzzle_acc=70.20%
  eval_avg_halt_step: 2.23
  per_H_acc: ['H0=70.3%', 'H1=89.9%', 'H2=98.4%']
  H_cos: ['0.688', '0.906']
  z_H_delta: ['24.125', '20.875']
  cells: fixed=[48902, 19193] broken=[8021, 1412]
  per_ACT_cell_acc: ['H1=70.3%', 'H2=89.9%', 'H3=98.4%', 'H4=98.7%', 'H5=98.9%', 'H6=99.0%', 'H7=99.0%', 'H8=99.0%', 'H9=99.0%', 'H10=99.0%', 'H11=99.0%', 'H12=99.1%', 'H13=99.1%', 'H14=99.1%', 'H15=99.1%', 'H16=99.1%']
  per_ACT_puzzle_acc: ['H1=0.0%', 'H2=0.0%', 'H3=34.5%', 'H4=53.4%', 'H5=62.9%', 'H6=65.1%', 'H7=66.8%', 'H8=68.5%', 'H9=69.0%', 'H10=68.1%', 'H11=67.7%', 'H12=68.1%', 'H13=69.0%', 'H14=68.1%', 'H15=68.1%', 'H16=69.0%']
  mean_sigmoid_q_halt: ['0.730', '0.832', '0.516', '0.738', '0.789', '0.832', '0.844', '0.852', '0.859', '0.867', '0.867', '0.871', '0.871', '0.871', '0.875', '0.883']
  halt_rates: ['0.96', '0.88', '0.47', '0.76', '0.80', '0.87', '0.87', '0.88', '0.88', '0.89', '0.90', '0.90', '0.90', '0.90', '0.90', '0.91']
  halt_histogram %: [53.2, 34.8, 5.6, 1.4, 0.6, 0.4, 0.3, 0.2, 0.2, 0.1, 0.1, 0.1, 0.1, 0.1, 0.1, 2.9]
  Avg ACT steps (last 100): 1.15
  saved: /home/jvdillon/projects/sic/code/maze/ckpts/x000p/step05500.pt acc=99.13% (0.055s)
  saved: /home/jvdillon/projects/sic/code/maze/ckpts/x000p/best.pt acc=99.13% (0.134s)
Step  5500  Test 99.13% / 70.20%  Train lm=0.7227±0.0025ϵ[0.7188,0.7422] n_halted=100.6420±10.0634ϵ[23.0000,118.0000]  (27.640s / 174.672s)
  n_active=128.0000±0.0000ϵ[128.0000,128.0000] n_expunged=0.0000±0.0000ϵ[0.0000,0.0000] pool_util=1.0000±0.0000ϵ[1.0000,1.0000]
  cell_acc=99.00%, puzzle_acc=70.80%
  eval_avg_halt_step: 1.78
  per_H_acc: ['H0=50.3%', 'H1=91.9%', 'H2=98.5%']
  H_cos: ['0.699', '0.934']
  z_H_delta: ['25.625', '15.500']
  cells: fixed=[91035, 14920] broken=[4117, 1325]
  per_ACT_cell_acc: ['H1=50.3%', 'H2=91.9%', 'H3=98.5%', 'H4=98.8%', 'H5=98.8%', 'H6=98.8%', 'H7=98.8%', 'H8=98.8%', 'H9=98.8%', 'H10=98.9%', 'H11=98.9%', 'H12=98.9%', 'H13=98.9%', 'H14=98.8%', 'H15=98.8%', 'H16=98.9%']
  per_ACT_puzzle_acc: ['H1=0.0%', 'H2=0.0%', 'H3=35.8%', 'H4=60.3%', 'H5=65.9%', 'H6=67.2%', 'H7=67.7%', 'H8=68.1%', 'H9=68.1%', 'H10=68.5%', 'H11=68.1%', 'H12=68.5%', 'H13=68.1%', 'H14=68.5%', 'H15=68.1%', 'H16=68.5%']
  mean_sigmoid_q_halt: ['0.863', '0.055', '0.535', '0.805', '0.902', '0.938', '0.953', '0.965', '0.965', '0.969', '0.969', '0.969', '0.969', '0.969', '0.969', '0.969']
  halt_rates: ['1.00', '0.01', '0.49', '0.80', '0.92', '0.95', '0.96', '0.97', '0.97', '0.98', '0.97', '0.98', '0.97', '0.98', '0.97', '0.98']
  halt_histogram %: [56.4, 32.8, 5.2, 1.2, 0.5, 0.3, 0.2, 0.2, 0.1, 0.1, 0.1, 0.1, 0.1, 0.1, 0.0, 2.5]
  Avg ACT steps (last 100): 1.18
  saved: /home/jvdillon/projects/sic/code/maze/ckpts/x000p/step06000.pt acc=99.00% (0.055s)
Step  6000  Test 99.00% / 70.80%  Train lm=0.7227±0.0023ϵ[0.7188,0.7305] n_halted=101.0860±9.0402ϵ[43.0000,118.0000]  (27.558s / 174.733s)
  n_active=128.0000±0.0000ϵ[128.0000,128.0000] n_expunged=0.0000±0.0000ϵ[0.0000,0.0000] pool_util=1.0000±0.0000ϵ[1.0000,1.0000]
  cell_acc=99.09%, puzzle_acc=70.50%
  eval_avg_halt_step: 1.57
  per_H_acc: ['H0=50.3%', 'H1=90.6%', 'H2=98.6%']
  H_cos: ['0.734', '0.922']
  z_H_delta: ['22.375', '17.250']
  cells: fixed=[87594, 18145] broken=[3533, 1402]
  per_ACT_cell_acc: ['H1=50.3%', 'H2=90.6%', 'H3=98.6%', 'H4=98.8%', 'H5=98.9%', 'H6=98.9%', 'H7=98.9%', 'H8=98.9%', 'H9=98.9%', 'H10=98.9%', 'H11=98.9%', 'H12=98.9%', 'H13=98.9%', 'H14=98.9%', 'H15=98.9%', 'H16=98.9%']
  per_ACT_puzzle_acc: ['H1=0.0%', 'H2=0.0%', 'H3=43.5%', 'H4=58.6%', 'H5=65.9%', 'H6=67.7%', 'H7=68.1%', 'H8=68.5%', 'H9=68.5%', 'H10=68.1%', 'H11=68.5%', 'H12=68.1%', 'H13=68.1%', 'H14=68.1%', 'H15=68.1%', 'H16=68.1%']
  mean_sigmoid_q_halt: ['0.875', '0.469', '0.605', '0.781', '0.879', '0.910', '0.926', '0.941', '0.941', '0.953', '0.957', '0.961', '0.961', '0.965', '0.961', '0.965']
  halt_rates: ['1.00', '0.42', '0.60', '0.81', '0.92', '0.95', '0.96', '0.97', '0.97', '0.98', '0.98', '0.98', '0.99', '0.99', '0.99', '0.99']
  halt_histogram %: [59.3, 30.9, 4.8, 1.1, 0.5, 0.3, 0.2, 0.2, 0.1, 0.1, 0.1, 0.1, 0.1, 0.0, 0.0, 2.2]
  Avg ACT steps (last 100): 1.19
  saved: /home/jvdillon/projects/sic/code/maze/ckpts/x000p/step06500.pt acc=99.09% (0.056s)
Step  6500  Test 99.09% / 70.50%  Train lm=0.7188±0.0024ϵ[0.7188,0.7344] n_halted=104.1040±9.1308ϵ[34.0000,120.0000]  (27.561s / 174.634s)
  n_active=128.0000±0.0000ϵ[128.0000,128.0000] n_expunged=0.0000±0.0000ϵ[0.0000,0.0000] pool_util=1.0000±0.0000ϵ[1.0000,1.0000]
  cell_acc=98.91%, puzzle_acc=69.80%
  eval_avg_halt_step: 1.55
  per_H_acc: ['H0=50.3%', 'H1=90.7%', 'H2=98.6%']
  H_cos: ['0.766', '0.930']
  z_H_delta: ['22.625', '16.125']
  cells: fixed=[86395, 17660] broken=[2094, 1127]
  per_ACT_cell_acc: ['H1=50.3%', 'H2=90.7%', 'H3=98.6%', 'H4=98.9%', 'H5=99.0%', 'H6=99.0%', 'H7=99.0%', 'H8=99.0%', 'H9=99.1%', 'H10=99.1%', 'H11=99.1%', 'H12=99.1%', 'H13=99.0%', 'H14=99.0%', 'H15=99.0%', 'H16=99.0%']
  per_ACT_puzzle_acc: ['H1=0.0%', 'H2=0.0%', 'H3=48.7%', 'H4=67.7%', 'H5=72.0%', 'H6=72.8%', 'H7=73.3%', 'H8=73.3%', 'H9=73.7%', 'H10=74.6%', 'H11=74.1%', 'H12=73.7%', 'H13=73.3%', 'H14=73.3%', 'H15=73.3%', 'H16=73.3%']
  mean_sigmoid_q_halt: ['0.871', '0.609', '0.707', '0.871', '0.926', '0.949', '0.953', '0.953', '0.953', '0.965', '0.961', '0.957', '0.957', '0.957', '0.957', '0.957']
  halt_rates: ['1.00', '0.77', '0.72', '0.87', '0.94', '0.95', '0.96', '0.96', '0.96', '0.98', '0.97', '0.97', '0.97', '0.97', '0.97', '0.97']
  halt_histogram %: [61.8, 29.3, 4.5, 1.0, 0.4, 0.3, 0.2, 0.1, 0.1, 0.1, 0.1, 0.1, 0.1, 0.0, 0.0, 2.0]
  Avg ACT steps (last 100): 1.24
  saved: /home/jvdillon/projects/sic/code/maze/ckpts/x000p/step07000.pt acc=98.91% (0.057s)
Step  7000  Test 98.91% / 69.80%  Train lm=0.7188±0.0016ϵ[0.7188,0.7227] n_halted=106.0400±8.0618ϵ[30.0000,121.0000]  (27.562s / 174.716s)
  n_active=128.0000±0.0000ϵ[128.0000,128.0000] n_expunged=0.0000±0.0000ϵ[0.0000,0.0000] pool_util=1.0000±0.0000ϵ[1.0000,1.0000]
  cell_acc=98.93%, puzzle_acc=68.30%
  eval_avg_halt_step: 1.45
  per_H_acc: ['H0=85.6%', 'H1=93.5%', 'H2=98.6%']
  H_cos: ['0.863', '0.957']
  z_H_delta: ['21.750', '11.750']
  cells: fixed=[20753, 11538] broken=[4133, 932]
  per_ACT_cell_acc: ['H1=85.6%', 'H2=93.5%', 'H3=98.6%', 'H4=98.7%', 'H5=98.8%', 'H6=98.8%', 'H7=98.8%', 'H8=98.8%', 'H9=98.8%', 'H10=98.8%', 'H11=98.8%', 'H12=98.8%', 'H13=98.8%', 'H14=98.8%', 'H15=98.8%', 'H16=98.8%']
  per_ACT_puzzle_acc: ['H1=0.0%', 'H2=0.0%', 'H3=48.7%', 'H4=64.2%', 'H5=65.5%', 'H6=66.4%', 'H7=66.4%', 'H8=66.4%', 'H9=66.4%', 'H10=66.4%', 'H11=66.8%', 'H12=66.8%', 'H13=66.8%', 'H14=66.4%', 'H15=66.4%', 'H16=66.8%']
  mean_sigmoid_q_halt: ['0.973', '0.133', '0.719', '0.922', '0.965', '0.973', '0.980', '0.977', '0.980', '0.980', '0.984', '0.980', '0.980', '0.980', '0.980', '0.984']
  halt_rates: ['1.00', '0.00', '0.71', '0.93', '0.98', '0.98', '1.00', '0.99', '1.00', '1.00', '1.00', '0.99', '0.99', '0.99', '0.99', '0.99']
  halt_histogram %: [64.0, 27.8, 4.2, 1.0, 0.4, 0.2, 0.2, 0.1, 0.1, 0.1, 0.1, 0.1, 0.1, 0.0, 0.0, 1.8]
  Avg ACT steps (last 100): 1.14
  saved: /home/jvdillon/projects/sic/code/maze/ckpts/x000p/step07500.pt acc=98.93% (0.056s)
Step  7500  Test 98.93% / 68.30%  Train lm=0.7188±0.0024ϵ[0.7188,0.7461] n_halted=107.2700±10.5628ϵ[1.0000,121.0000]  (27.560s / 174.686s)
  n_active=128.0000±0.0000ϵ[128.0000,128.0000] n_expunged=0.0000±0.0000ϵ[0.0000,0.0000] pool_util=1.0000±0.0000ϵ[1.0000,1.0000]
  cell_acc=98.95%, puzzle_acc=71.50%
  eval_avg_halt_step: 1.90
  per_H_acc: ['H0=86.5%', 'H1=93.4%', 'H2=98.8%']
  H_cos: ['0.867', '0.953']
  z_H_delta: ['20.375', '15.188']
  cells: fixed=[17832, 12073] broken=[3373, 989]
  per_ACT_cell_acc: ['H1=86.5%', 'H2=93.4%', 'H3=98.8%', 'H4=98.9%', 'H5=98.9%', 'H6=98.9%', 'H7=98.9%', 'H8=98.9%', 'H9=98.9%', 'H10=98.9%', 'H11=98.9%', 'H12=98.9%', 'H13=98.9%', 'H14=98.9%', 'H15=98.9%', 'H16=98.9%']
  per_ACT_puzzle_acc: ['H1=0.0%', 'H2=0.0%', 'H3=52.6%', 'H4=67.7%', 'H5=71.1%', 'H6=70.7%', 'H7=72.8%', 'H8=72.4%', 'H9=72.0%', 'H10=72.0%', 'H11=72.4%', 'H12=72.8%', 'H13=72.8%', 'H14=72.4%', 'H15=72.4%', 'H16=72.0%']
  mean_sigmoid_q_halt: ['0.965', '0.293', '0.645', '0.832', '0.891', '0.883', '0.895', '0.902', '0.895', '0.895', '0.902', '0.898', '0.895', '0.902', '0.898', '0.898']
  halt_rates: ['1.00', '0.22', '0.64', '0.84', '0.91', '0.90', '0.92', '0.93', '0.93', '0.92', '0.93', '0.93', '0.92', '0.94', '0.93', '0.93']
  halt_histogram %: [65.9, 26.4, 3.9, 0.9, 0.4, 0.2, 0.2, 0.1, 0.1, 0.1, 0.1, 0.0, 0.1, 0.0, 0.0, 1.6]
  Avg ACT steps (last 100): 1.21
  saved: /home/jvdillon/projects/sic/code/maze/ckpts/x000p/step08000.pt acc=98.95% (0.055s)
Step  8000  Test 98.95% / 71.50%  Train lm=0.7188±0.0018ϵ[0.7188,0.7266] n_halted=108.7000±5.4825ϵ[84.0000,121.0000]  (27.559s / 174.741s)
  n_active=128.0000±0.0000ϵ[128.0000,128.0000] n_expunged=0.0000±0.0000ϵ[0.0000,0.0000] pool_util=1.0000±0.0000ϵ[1.0000,1.0000]
  cell_acc=99.13%, puzzle_acc=74.00%
  eval_avg_halt_step: 1.59
  per_H_acc: ['H0=87.6%', 'H1=89.0%', 'H2=98.6%']
  H_cos: ['0.824', '0.910']
  z_H_delta: ['22.750', '18.125']
  cells: fixed=[22240, 21139] broken=[19218, 1107]
  per_ACT_cell_acc: ['H1=87.6%', 'H2=89.0%', 'H3=98.6%', 'H4=98.9%', 'H5=99.0%', 'H6=99.1%', 'H7=99.1%', 'H8=99.1%', 'H9=99.1%', 'H10=99.1%', 'H11=99.1%', 'H12=99.1%', 'H13=99.1%', 'H14=99.1%', 'H15=99.1%', 'H16=99.1%']
  per_ACT_puzzle_acc: ['H1=0.0%', 'H2=0.0%', 'H3=48.7%', 'H4=66.4%', 'H5=71.6%', 'H6=73.7%', 'H7=74.6%', 'H8=74.6%', 'H9=75.4%', 'H10=75.4%', 'H11=75.4%', 'H12=75.4%', 'H13=75.4%', 'H14=75.4%', 'H15=75.4%', 'H16=75.4%']
  mean_sigmoid_q_halt: ['0.914', '0.383', '0.574', '0.844', '0.910', '0.938', '0.953', '0.965', '0.973', '0.973', '0.969', '0.973', '0.977', '0.977', '0.973', '0.977']
  halt_rates: ['1.00', '0.36', '0.56', '0.88', '0.95', '0.97', '0.97', '0.98', '0.98', '0.98', '0.97', '0.98', '0.98', '0.98', '0.98', '0.98']
  halt_histogram %: [67.2, 25.5, 3.7, 0.8, 0.3, 0.2, 0.1, 0.1, 0.1, 0.1, 0.1, 0.0, 0.0, 0.0, 0.0, 1.5]
  Avg ACT steps (last 100): 1.16
  saved: /home/jvdillon/projects/sic/code/maze/ckpts/x000p/step08500.pt acc=99.13% (0.054s)
Step  8500  Test 99.13% / 74.00%  Train lm=0.7188±0.0019ϵ[0.7188,0.7305] n_halted=106.6060±7.5972ϵ[43.0000,118.0000]  (27.612s / 175.155s)
  n_active=128.0000±0.0000ϵ[128.0000,128.0000] n_expunged=0.0000±0.0000ϵ[0.0000,0.0000] pool_util=1.0000±0.0000ϵ[1.0000,1.0000]
  cell_acc=99.16%, puzzle_acc=74.70%
  eval_avg_halt_step: 1.84
  per_H_acc: ['H0=70.6%', 'H1=91.1%', 'H2=98.8%']
  H_cos: ['0.887', '0.945']
  z_H_delta: ['22.250', '17.250']
  cells: fixed=[50314, 17192] broken=[7644, 1131]
  per_ACT_cell_acc: ['H1=70.6%', 'H2=91.1%', 'H3=98.8%', 'H4=99.0%', 'H5=99.1%', 'H6=99.1%', 'H7=99.1%', 'H8=99.1%', 'H9=99.1%', 'H10=99.1%', 'H11=99.1%', 'H12=99.1%', 'H13=99.1%', 'H14=99.1%', 'H15=99.1%', 'H16=99.1%']
  per_ACT_puzzle_acc: ['H1=0.0%', 'H2=0.0%', 'H3=46.6%', 'H4=68.1%', 'H5=72.0%', 'H6=72.8%', 'H7=73.7%', 'H8=73.7%', 'H9=73.3%', 'H10=73.7%', 'H11=74.1%', 'H12=74.1%', 'H13=73.7%', 'H14=73.7%', 'H15=73.7%', 'H16=73.3%']
  mean_sigmoid_q_halt: ['0.961', '0.396', '0.590', '0.840', '0.891', '0.918', '0.930', '0.934', '0.938', '0.938', '0.949', '0.945', '0.941', '0.941', '0.941', '0.941']
  halt_rates: ['1.00', '0.37', '0.57', '0.85', '0.91', '0.93', '0.94', '0.94', '0.94', '0.94', '0.95', '0.94', '0.94', '0.94', '0.94', '0.94']
  halt_histogram %: [68.6, 24.6, 3.6, 0.8, 0.3, 0.2, 0.1, 0.1, 0.1, 0.1, 0.1, 0.0, 0.0, 0.0, 0.0, 1.4]
  Avg ACT steps (last 100): 1.16
  saved: /home/jvdillon/projects/sic/code/maze/ckpts/x000p/step09000.pt acc=99.16% (0.056s)
  saved: /home/jvdillon/projects/sic/code/maze/ckpts/x000p/best.pt acc=99.16% (0.138s)
Step  9000  Test 99.16% / 74.70%  Train lm=0.7188±0.0017ϵ[0.7188,0.7305] n_halted=108.7180±8.1800ϵ[22.0000,123.0000]  (27.876s / 174.748s)
  n_active=128.0000±0.0000ϵ[128.0000,128.0000] n_expunged=0.0000±0.0000ϵ[0.0000,0.0000] pool_util=1.0000±0.0000ϵ[1.0000,1.0000]
  cell_acc=98.90%, puzzle_acc=69.40%
  eval_avg_halt_step: 1.61
  per_H_acc: ['H0=84.4%', 'H1=90.3%', 'H2=98.7%']
  H_cos: ['0.852', '0.949']
  z_H_delta: ['23.000', '15.438']
  cells: fixed=[31995, 18689] broken=[19590, 1163]
  per_ACT_cell_acc: ['H1=84.4%', 'H2=90.3%', 'H3=98.7%', 'H4=98.9%', 'H5=98.9%', 'H6=98.9%', 'H7=99.0%', 'H8=99.0%', 'H9=99.0%', 'H10=99.0%', 'H11=99.0%', 'H12=99.0%', 'H13=99.0%', 'H14=99.0%', 'H15=99.0%', 'H16=99.0%']
  per_ACT_puzzle_acc: ['H1=0.0%', 'H2=0.0%', 'H3=58.2%', 'H4=66.8%', 'H5=71.6%', 'H6=72.8%', 'H7=74.1%', 'H8=74.1%', 'H9=74.1%', 'H10=74.1%', 'H11=74.1%', 'H12=74.1%', 'H13=74.1%', 'H14=74.1%', 'H15=73.7%', 'H16=74.1%']
  mean_sigmoid_q_halt: ['0.973', '0.151', '0.703', '0.875', '0.922', '0.941', '0.949', '0.957', '0.957', '0.961', '0.957', '0.961', '0.961', '0.961', '0.957', '0.961']
  halt_rates: ['1.00', '0.02', '0.71', '0.88', '0.94', '0.97', '0.97', '0.98', '0.97', '0.98', '0.98', '0.98', '0.98', '0.98', '0.97', '0.98']
  halt_histogram %: [69.8, 23.7, 3.4, 0.7, 0.3, 0.2, 0.1, 0.1, 0.1, 0.1, 0.1, 0.0, 0.0, 0.0, 0.0, 1.3]
  Avg ACT steps (last 100): 1.15
  saved: /home/jvdillon/projects/sic/code/maze/ckpts/x000p/step09500.pt acc=98.90% (0.054s)
Step  9500  Test 98.90% / 69.40%  Train lm=0.7188±0.0016ϵ[0.7188,0.7305] n_halted=109.1220±6.5926ϵ[54.0000,120.0000]  (27.701s / 174.971s)
  n_active=128.0000±0.0000ϵ[128.0000,128.0000] n_expunged=0.0000±0.0000ϵ[0.0000,0.0000] pool_util=1.0000±0.0000ϵ[1.0000,1.0000]
  cell_acc=99.20%, puzzle_acc=74.70%
  eval_avg_halt_step: 1.86
  per_H_acc: ['H0=50.3%', 'H1=89.1%', 'H2=98.7%']
  H_cos: ['0.844', '0.941']
  z_H_delta: ['23.625', '15.062']
  cells: fixed=[81485, 21441] broken=[445, 1538]
  per_ACT_cell_acc: ['H1=50.3%', 'H2=89.1%', 'H3=98.7%', 'H4=98.9%', 'H5=99.1%', 'H6=99.1%', 'H7=99.1%', 'H8=99.1%', 'H9=99.1%', 'H10=99.1%', 'H11=99.1%', 'H12=99.1%', 'H13=99.1%', 'H14=99.1%', 'H15=99.1%', 'H16=99.1%']
  per_ACT_puzzle_acc: ['H1=0.0%', 'H2=0.0%', 'H3=42.2%', 'H4=57.8%', 'H5=65.1%', 'H6=68.5%', 'H7=69.4%', 'H8=70.3%', 'H9=69.8%', 'H10=70.7%', 'H11=70.7%', 'H12=71.1%', 'H13=71.1%', 'H14=71.1%', 'H15=71.1%', 'H16=71.1%']
  mean_sigmoid_q_halt: ['0.941', '0.656', '0.578', '0.820', '0.879', '0.922', '0.938', '0.941', '0.949', '0.949', '0.949', '0.953', '0.953', '0.953', '0.957', '0.957']
  halt_rates: ['1.00', '0.69', '0.54', '0.82', '0.89', '0.93', '0.94', '0.95', '0.96', '0.95', '0.96', '0.97', '0.97', '0.96', '0.96', '0.96']
  halt_histogram %: [70.7, 23.1, 3.3, 0.7, 0.3, 0.2, 0.1, 0.1, 0.1, 0.1, 0.1, 0.0, 0.0, 0.0, 0.0, 1.2]
  Avg ACT steps (last 100): 1.15
  saved: /home/jvdillon/projects/sic/code/maze/ckpts/x000p/step10000.pt acc=99.20% (0.054s)
  saved: /home/jvdillon/projects/sic/code/maze/ckpts/x000p/best.pt acc=99.20% (0.134s)
Step 10000  Test 99.20% / 74.70%  Train lm=0.7188±0.0021ϵ[0.7188,0.7305] n_halted=106.3720±8.0264ϵ[65.0000,122.0000]  (27.942s / 175.482s)
  n_active=128.0000±0.0000ϵ[128.0000,128.0000] n_expunged=0.0000±0.0000ϵ[0.0000,0.0000] pool_util=1.0000±0.0000ϵ[1.0000,1.0000]
  cell_acc=99.10%, puzzle_acc=66.90%
  eval_avg_halt_step: 1.42
  per_H_acc: ['H0=50.3%', 'H1=94.7%', 'H2=98.9%']
  H_cos: ['0.828', '0.973']
  z_H_delta: ['24.125', '11.188']
  cells: fixed=[94821, 9616] broken=[2222, 818]
  per_ACT_cell_acc: ['H1=50.3%', 'H2=94.7%', 'H3=98.9%', 'H4=98.9%', 'H5=99.0%', 'H6=99.0%', 'H7=99.0%', 'H8=99.0%', 'H9=99.0%', 'H10=99.0%', 'H11=99.0%', 'H12=99.0%', 'H13=99.0%', 'H14=99.0%', 'H15=98.9%', 'H16=98.9%']
  per_ACT_puzzle_acc: ['H1=0.0%', 'H2=0.0%', 'H3=56.5%', 'H4=63.8%', 'H5=65.5%', 'H6=65.1%', 'H7=65.1%', 'H8=64.7%', 'H9=64.7%', 'H10=64.7%', 'H11=63.8%', 'H12=63.4%', 'H13=62.9%', 'H14=62.5%', 'H15=62.5%', 'H16=62.5%']
  mean_sigmoid_q_halt: ['0.895', '0.216', '0.742', '0.875', '0.926', '0.938', '0.949', '0.957', '0.957', '0.961', '0.961', '0.961', '0.957', '0.957', '0.957', '0.953']
  halt_rates: ['1.00', '0.15', '0.75', '0.91', '0.94', '0.94', '0.96', '0.97', '0.97', '0.97', '0.97', '0.97', '0.97', '0.97', '0.97', '0.96']
  halt_histogram %: [71.6, 22.5, 3.2, 0.7, 0.3, 0.2, 0.1, 0.1, 0.1, 0.1, 0.0, 0.0, 0.0, 0.0, 0.0, 1.1]
  Avg ACT steps (last 100): 1.17
  saved: /home/jvdillon/projects/sic/code/maze/ckpts/x000p/step10500.pt acc=99.10% (0.055s)
Step 10500  Test 99.10% / 66.90%  Train lm=0.7188±0.0014ϵ[0.7188,0.7305] n_halted=109.3480±7.1460ϵ[48.0000,123.0000]  (27.572s / 175.558s)
  n_active=128.0000±0.0000ϵ[128.0000,128.0000] n_expunged=0.0000±0.0000ϵ[0.0000,0.0000] pool_util=1.0000±0.0000ϵ[1.0000,1.0000]
  cell_acc=99.15%, puzzle_acc=76.00%
  eval_avg_halt_step: 1.56
  per_H_acc: ['H0=50.3%', 'H1=87.7%', 'H2=98.5%']
  H_cos: ['0.820', '0.922']
  z_H_delta: ['22.500', '13.750']
  cells: fixed=[78316, 24514] broken=[67, 1944]
  per_ACT_cell_acc: ['H1=50.3%', 'H2=87.7%', 'H3=98.5%', 'H4=98.9%', 'H5=99.0%', 'H6=99.0%', 'H7=99.0%', 'H8=99.0%', 'H9=99.0%', 'H10=99.0%', 'H11=99.0%', 'H12=99.0%', 'H13=99.0%', 'H14=99.0%', 'H15=99.0%', 'H16=99.0%']
  per_ACT_puzzle_acc: ['H1=0.0%', 'H2=0.0%', 'H3=47.8%', 'H4=66.4%', 'H5=69.4%', 'H6=70.7%', 'H7=70.7%', 'H8=71.6%', 'H9=71.6%', 'H10=71.6%', 'H11=71.6%', 'H12=71.1%', 'H13=72.0%', 'H14=71.6%', 'H15=72.0%', 'H16=72.0%']
  mean_sigmoid_q_halt: ['0.918', '0.949', '0.617', '0.820', '0.898', '0.922', '0.945', '0.953', '0.957', '0.961', '0.961', '0.961', '0.965', '0.965', '0.965', '0.965']
  halt_rates: ['1.00', '1.00', '0.59', '0.83', '0.92', '0.94', '0.96', '0.97', '0.97', '0.97', '0.97', '0.97', '0.97', '0.97', '0.97', '0.97']
  halt_histogram %: [72.4, 22.0, 3.1, 0.6, 0.2, 0.1, 0.1, 0.1, 0.1, 0.1, 0.0, 0.0, 0.0, 0.0, 0.0, 1.1]
  Avg ACT steps (last 100): 1.17
  saved: /home/jvdillon/projects/sic/code/maze/ckpts/x000p/step11000.pt acc=99.15% (0.054s)
Step 11000  Test 99.15% / 76.00%  Train lm=0.7188±0.0018ϵ[0.7188,0.7266] n_halted=108.8360±6.9626ϵ[44.0000,123.0000]  (27.547s / 174.610s)
  n_active=128.0000±0.0000ϵ[128.0000,128.0000] n_expunged=0.0000±0.0000ϵ[0.0000,0.0000] pool_util=1.0000±0.0000ϵ[1.0000,1.0000]
  cell_acc=99.31%, puzzle_acc=76.60%
  eval_avg_halt_step: 1.55
  per_H_acc: ['H0=50.2%', 'H1=85.4%', 'H2=99.0%']
  H_cos: ['0.914', '0.922']
  z_H_delta: ['21.000', '15.125']
  cells: fixed=[74130, 29360] broken=[564, 1071]
  per_ACT_cell_acc: ['H1=50.2%', 'H2=85.4%', 'H3=99.0%', 'H4=99.2%', 'H5=99.3%', 'H6=99.4%', 'H7=99.4%', 'H8=99.4%', 'H9=99.4%', 'H10=99.3%', 'H11=99.3%', 'H12=99.3%', 'H13=99.3%', 'H14=99.3%', 'H15=99.3%', 'H16=99.3%']
  per_ACT_puzzle_acc: ['H1=0.0%', 'H2=0.0%', 'H3=56.0%', 'H4=71.6%', 'H5=76.7%', 'H6=78.0%', 'H7=78.4%', 'H8=78.9%', 'H9=78.9%', 'H10=78.9%', 'H11=78.9%', 'H12=78.9%', 'H13=78.9%', 'H14=78.4%', 'H15=78.4%', 'H16=77.6%']
  mean_sigmoid_q_halt: ['0.902', '0.934', '0.637', '0.824', '0.891', '0.926', '0.941', '0.949', '0.953', '0.957', '0.961', '0.961', '0.961', '0.961', '0.965', '0.965']
  halt_rates: ['1.00', '1.00', '0.61', '0.83', '0.90', '0.94', '0.95', '0.96', '0.96', '0.96', '0.96', '0.97', '0.97', '0.97', '0.97', '0.97']
  halt_histogram %: [73.1, 21.5, 3.0, 0.6, 0.2, 0.1, 0.1, 0.1, 0.1, 0.1, 0.0, 0.0, 0.0, 0.0, 0.0, 1.0]
  Avg ACT steps (last 100): 1.10
  saved: /home/jvdillon/projects/sic/code/maze/ckpts/x000p/step11500.pt acc=99.31% (0.056s)
  saved: /home/jvdillon/projects/sic/code/maze/ckpts/x000p/best.pt acc=99.31% (0.136s)
Step 11500  Test 99.31% / 76.60%  Train lm=0.7188±0.0014ϵ[0.7188,0.7266] n_halted=108.8840±5.7355ϵ[81.0000,119.0000]  (27.638s / 174.590s)
  n_active=128.0000±0.0000ϵ[128.0000,128.0000] n_expunged=0.0000±0.0000ϵ[0.0000,0.0000] pool_util=1.0000±0.0000ϵ[1.0000,1.0000]
  cell_acc=99.21%, puzzle_acc=76.80%
  eval_avg_halt_step: 1.56
  per_H_acc: ['H0=50.2%', 'H1=74.7%', 'H2=98.8%']
  H_cos: ['0.879', '0.867']
  z_H_delta: ['18.375', '19.750']
  cells: fixed=[51324, 51544] broken=[217, 1222]
  per_ACT_cell_acc: ['H1=50.2%', 'H2=74.7%', 'H3=98.8%', 'H4=99.1%', 'H5=99.2%', 'H6=99.2%', 'H7=99.2%', 'H8=99.2%', 'H9=99.2%', 'H10=99.2%', 'H11=99.2%', 'H12=99.2%', 'H13=99.2%', 'H14=99.2%', 'H15=99.2%', 'H16=99.2%']
  per_ACT_puzzle_acc: ['H1=0.0%', 'H2=0.0%', 'H3=46.6%', 'H4=69.0%', 'H5=74.1%', 'H6=75.4%', 'H7=75.9%', 'H8=75.9%', 'H9=75.9%', 'H10=75.9%', 'H11=75.9%', 'H12=75.9%', 'H13=75.9%', 'H14=75.9%', 'H15=75.9%', 'H16=75.9%']
  mean_sigmoid_q_halt: ['0.883', '0.984', '0.570', '0.895', '0.953', '0.973', '0.984', '0.988', '0.988', '0.992', '0.992', '0.992', '0.992', '0.992', '0.992', '0.992']
  halt_rates: ['1.00', '1.00', '0.53', '0.91', '0.96', '0.97', '0.99', '0.99', '0.99', '1.00', '1.00', '1.00', '1.00', '1.00', '1.00', '1.00']
  halt_histogram %: [73.6, 21.2, 2.9, 0.6, 0.2, 0.1, 0.1, 0.1, 0.1, 0.1, 0.0, 0.0, 0.0, 0.0, 0.0, 1.0]
  Avg ACT steps (last 100): 1.19
  saved: /home/jvdillon/projects/sic/code/maze/ckpts/x000p/step12000.pt acc=99.21% (0.055s)
Step 12000  Test 99.21% / 76.80%  Train lm=0.7188±0.0056ϵ[0.7188,0.7617] n_halted=102.1540±20.7964ϵ[0.0000,121.0000]  (27.588s / 174.677s)
  n_active=128.0000±0.0000ϵ[128.0000,128.0000] n_expunged=0.0000±0.0000ϵ[0.0000,0.0000] pool_util=1.0000±0.0000ϵ[1.0000,1.0000]
  cell_acc=99.21%, puzzle_acc=68.40%
  eval_avg_halt_step: 1.66
  per_H_acc: ['H0=50.2%', 'H1=88.9%', 'H2=98.8%']
  H_cos: ['0.828', '0.926']
  z_H_delta: ['21.875', '13.750']
  cells: fixed=[81163, 22204] broken=[451, 1375]
  per_ACT_cell_acc: ['H1=50.2%', 'H2=88.9%', 'H3=98.8%', 'H4=99.1%', 'H5=99.2%', 'H6=99.2%', 'H7=99.2%', 'H8=99.2%', 'H9=99.2%', 'H10=99.2%', 'H11=99.2%', 'H12=99.2%', 'H13=99.2%', 'H14=99.2%', 'H15=99.2%', 'H16=99.2%']
  per_ACT_puzzle_acc: ['H1=0.0%', 'H2=0.0%', 'H3=50.0%', 'H4=69.0%', 'H5=73.3%', 'H6=74.6%', 'H7=75.4%', 'H8=75.9%', 'H9=75.4%', 'H10=75.0%', 'H11=75.0%', 'H12=75.0%', 'H13=75.4%', 'H14=75.4%', 'H15=75.9%', 'H16=75.0%']
  mean_sigmoid_q_halt: ['0.926', '0.645', '0.641', '0.848', '0.914', '0.938', '0.953', '0.965', '0.965', '0.965', '0.969', '0.969', '0.969', '0.973', '0.973', '0.977']
  halt_rates: ['1.00', '0.79', '0.61', '0.85', '0.93', '0.95', '0.97', '0.97', '0.97', '0.97', '0.97', '0.97', '0.97', '0.98', '0.98', '0.98']
  halt_histogram %: [74.1, 20.8, 2.8, 0.6, 0.2, 0.1, 0.1, 0.1, 0.1, 0.0, 0.0, 0.0, 0.0, 0.0, 0.0, 0.9]
  Avg ACT steps (last 100): 1.11
  saved: /home/jvdillon/projects/sic/code/maze/ckpts/x000p/step12500.pt acc=99.21% (0.057s)
Step 12500  Test 99.21% / 68.40%  Train lm=0.7188±0.0020ϵ[0.7188,0.7305] n_halted=107.0280±10.3273ϵ[13.0000,123.0000]  (27.610s / 174.773s)
  n_active=128.0000±0.0000ϵ[128.0000,128.0000] n_expunged=0.0000±0.0000ϵ[0.0000,0.0000] pool_util=1.0000±0.0000ϵ[1.0000,1.0000]
  cell_acc=99.15%, puzzle_acc=72.30%
  eval_avg_halt_step: 1.79
  per_H_acc: ['H0=50.2%', 'H1=90.5%', 'H2=98.9%']
  H_cos: ['0.738', '0.926']
  z_H_delta: ['24.500', '15.625']
  cells: fixed=[86404, 18716] broken=[2340, 1047]
  per_ACT_cell_acc: ['H1=50.2%', 'H2=90.5%', 'H3=98.9%', 'H4=99.2%', 'H5=99.2%', 'H6=99.2%', 'H7=99.2%', 'H8=99.2%', 'H9=99.2%', 'H10=99.2%', 'H11=99.2%', 'H12=99.2%', 'H13=99.1%', 'H14=99.1%', 'H15=99.2%', 'H16=99.2%']
  per_ACT_puzzle_acc: ['H1=0.0%', 'H2=0.0%', 'H3=53.9%', 'H4=66.8%', 'H5=69.8%', 'H6=70.7%', 'H7=72.0%', 'H8=72.8%', 'H9=72.8%', 'H10=72.8%', 'H11=72.8%', 'H12=72.8%', 'H13=72.4%', 'H14=72.8%', 'H15=72.4%', 'H16=72.8%']
  mean_sigmoid_q_halt: ['0.918', '0.516', '0.766', '0.828', '0.848', '0.871', '0.879', '0.902', '0.906', '0.914', '0.918', '0.922', '0.926', '0.922', '0.926', '0.926']
  halt_rates: ['1.00', '0.53', '0.80', '0.84', '0.87', '0.88', '0.89', '0.92', '0.92', '0.92', '0.92', '0.92', '0.93', '0.94', '0.94', '0.94']
  halt_histogram %: [74.6, 20.5, 2.8, 0.6, 0.2, 0.1, 0.1, 0.1, 0.1, 0.0, 0.0, 0.0, 0.0, 0.0, 0.0, 0.9]
  Avg ACT steps (last 100): 1.14
  saved: /home/jvdillon/projects/sic/code/maze/ckpts/x000p/step13000.pt acc=99.15% (0.055s)
Step 13000  Test 99.15% / 72.30%  Train lm=0.7188±0.0015ϵ[0.7188,0.7305] n_halted=109.1040±7.6751ϵ[61.0000,121.0000]  (27.570s / 174.828s)
  n_active=128.0000±0.0000ϵ[128.0000,128.0000] n_expunged=0.0000±0.0000ϵ[0.0000,0.0000] pool_util=1.0000±0.0000ϵ[1.0000,1.0000]
  cell_acc=99.32%, puzzle_acc=77.70%
  eval_avg_halt_step: 1.34
  per_H_acc: ['H0=50.2%', 'H1=87.7%', 'H2=99.1%']
  H_cos: ['0.766', '0.879']
  z_H_delta: ['23.000', '15.250']
  cells: fixed=[78882, 24990] broken=[547, 1166]
  per_ACT_cell_acc: ['H1=50.2%', 'H2=87.7%', 'H3=99.1%', 'H4=99.3%', 'H5=99.4%', 'H6=99.4%', 'H7=99.4%', 'H8=99.4%', 'H9=99.4%', 'H10=99.4%', 'H11=99.4%', 'H12=99.4%', 'H13=99.4%', 'H14=99.4%', 'H15=99.3%', 'H16=99.4%']
  per_ACT_puzzle_acc: ['H1=0.0%', 'H2=0.0%', 'H3=53.4%', 'H4=69.8%', 'H5=76.3%', 'H6=77.2%', 'H7=78.4%', 'H8=78.4%', 'H9=78.0%', 'H10=78.0%', 'H11=78.0%', 'H12=78.0%', 'H13=78.0%', 'H14=78.0%', 'H15=78.0%', 'H16=78.0%']
  mean_sigmoid_q_halt: ['0.953', '0.730', '0.766', '0.891', '0.953', '0.969', '0.984', '0.988', '0.984', '0.984', '0.988', '0.992', '0.988', '0.988', '0.988', '0.984']
  halt_rates: ['1.00', '0.97', '0.76', '0.89', '0.96', '0.97', '0.99', '1.00', '0.99', '0.99', '1.00', '1.00', '0.99', '0.99', '1.00', '0.99']
  halt_histogram %: [75.0, 20.1, 2.7, 0.5, 0.2, 0.1, 0.1, 0.1, 0.0, 0.0, 0.0, 0.0, 0.0, 0.0, 0.0, 0.9]
  Avg ACT steps (last 100): 1.13
  saved: /home/jvdillon/projects/sic/code/maze/ckpts/x000p/step13500.pt acc=99.32% (0.056s)
  saved: /home/jvdillon/projects/sic/code/maze/ckpts/x000p/best.pt acc=99.32% (0.136s)
Step 13500  Test 99.32% / 77.70%  Train lm=0.7188±0.0020ϵ[0.7188,0.7383] n_halted=107.4920±11.8995ϵ[0.0000,121.0000]  (27.655s / 174.755s)
  n_active=128.0000±0.0000ϵ[128.0000,128.0000] n_expunged=0.0000±0.0000ϵ[0.0000,0.0000] pool_util=1.0000±0.0000ϵ[1.0000,1.0000]
  cell_acc=99.10%, puzzle_acc=69.60%
  eval_avg_halt_step: 1.46
  per_H_acc: ['H0=50.1%', 'H1=74.8%', 'H2=98.9%']
  H_cos: ['0.844', '0.816']
  z_H_delta: ['22.875', '18.375']
  cells: fixed=[51632, 51658] broken=[60, 1287]
  per_ACT_cell_acc: ['H1=50.1%', 'H2=74.8%', 'H3=98.9%', 'H4=99.2%', 'H5=99.2%', 'H6=99.2%', 'H7=99.2%', 'H8=99.2%', 'H9=99.2%', 'H10=99.2%', 'H11=99.2%', 'H12=99.2%', 'H13=99.2%', 'H14=99.2%', 'H15=99.2%', 'H16=99.2%']
  per_ACT_puzzle_acc: ['H1=0.0%', 'H2=0.0%', 'H3=54.7%', 'H4=71.6%', 'H5=73.3%', 'H6=74.6%', 'H7=74.6%', 'H8=73.7%', 'H9=73.7%', 'H10=74.1%', 'H11=74.1%', 'H12=74.1%', 'H13=73.3%', 'H14=73.3%', 'H15=72.8%', 'H16=71.1%']
  mean_sigmoid_q_halt: ['0.926', '0.938', '0.676', '0.832', '0.902', '0.934', '0.949', '0.953', '0.957', '0.949', '0.949', '0.949', '0.953', '0.953', '0.949', '0.945']
  halt_rates: ['1.00', '1.00', '0.69', '0.87', '0.92', '0.96', '0.97', '0.97', '0.97', '0.97', '0.97', '0.97', '0.97', '0.97', '0.97', '0.96']
  halt_histogram %: [75.5, 19.8, 2.7, 0.5, 0.2, 0.1, 0.1, 0.1, 0.0, 0.0, 0.0, 0.0, 0.0, 0.0, 0.0, 0.8]
  Avg ACT steps (last 100): 1.17
  saved: /home/jvdillon/projects/sic/code/maze/ckpts/x000p/step14000.pt acc=99.10% (0.054s)
Step 14000  Test 99.10% / 69.60%  Train lm=0.7188±0.0027ϵ[0.7188,0.7383] n_halted=108.0780±11.1141ϵ[36.0000,122.0000]  (27.624s / 174.757s)
  n_active=128.0000±0.0000ϵ[128.0000,128.0000] n_expunged=0.0000±0.0000ϵ[0.0000,0.0000] pool_util=1.0000±0.0000ϵ[1.0000,1.0000]
  cell_acc=99.15%, puzzle_acc=73.10%
  eval_avg_halt_step: 1.72
  per_H_acc: ['H0=50.1%', 'H1=52.6%', 'H2=98.4%']
  H_cos: ['0.871', '0.727']
  z_H_delta: ['21.375', '21.875']
  cells: fixed=[5380, 97627] broken=[171, 1913]
  per_ACT_cell_acc: ['H1=50.1%', 'H2=52.6%', 'H3=98.4%', 'H4=98.9%', 'H5=99.1%', 'H6=99.1%', 'H7=99.1%', 'H8=99.1%', 'H9=99.1%', 'H10=99.1%', 'H11=99.1%', 'H12=99.1%', 'H13=99.1%', 'H14=99.1%', 'H15=99.1%', 'H16=99.1%']
  per_ACT_puzzle_acc: ['H1=0.0%', 'H2=0.0%', 'H3=28.4%', 'H4=61.2%', 'H5=70.7%', 'H6=72.0%', 'H7=72.8%', 'H8=72.8%', 'H9=73.3%', 'H10=73.7%', 'H11=73.7%', 'H12=73.7%', 'H13=74.1%', 'H14=74.1%', 'H15=74.1%', 'H16=74.1%']
  mean_sigmoid_q_halt: ['0.895', '0.965', '0.439', '0.812', '0.914', '0.938', '0.957', '0.961', '0.969', '0.977', '0.977', '0.977', '0.980', '0.980', '0.980', '0.980']
  halt_rates: ['1.00', '1.00', '0.38', '0.83', '0.94', '0.96', '0.98', '0.97', '0.98', '0.99', '0.99', '0.99', '1.00', '1.00', '0.99', '0.99']
  halt_histogram %: [75.9, 19.5, 2.6, 0.5, 0.2, 0.1, 0.1, 0.1, 0.0, 0.0, 0.0, 0.0, 0.0, 0.0, 0.0, 0.8]
  Avg ACT steps (last 100): 1.15
  saved: /home/jvdillon/projects/sic/code/maze/ckpts/x000p/step14500.pt acc=99.15% (0.057s)
Step 14500  Test 99.15% / 73.10%  Train lm=0.7188±0.0015ϵ[0.7188,0.7305] n_halted=110.0080±7.1651ϵ[44.0000,125.0000]  (27.653s / 175.607s)
  n_active=128.0000±0.0000ϵ[128.0000,128.0000] n_expunged=0.0000±0.0000ϵ[0.0000,0.0000] pool_util=1.0000±0.0000ϵ[1.0000,1.0000]
Traceback (most recent call last):
  File "/home/jvdillon/projects/sic/code/experiment.py", line 2985, in main
    return train(experiment)  # pyright: ignore[reportArgumentType]
           ^^^^^^^^^^^^^^^^^
  File "/home/jvdillon/projects/sic/code/experiment.py", line 2954, in train
    loss = experiment.step(samples, targets, puzzle_ids, valid_count)
           ^^^^^^^^^^^^^^^^^^^^^^^^^^^^^^^^^^^^^^^^^^^^^^^^^^^^^^^^^^
  File "/home/jvdillon/projects/sic/code/experiment.py", line 1785, in step
    state.z_H[valid_chains] = forward_result["z_H"][valid_chains].detach()
                              ^^^^^^^^^^^^^^^^^^^^^^^^^^^^^^^^^^^^^^^^^^^^
KeyboardInterrupt
