Adam params: ('embed_tokens.weight', 'head.weight', 'head.bias', 'q_head.weight', 'q_head.bias', 'puzzle_id_embed.weight')
Muon 2D params: ('reasoning.0.attn.o_proj.weight', 'reasoning.0.mlp.up_proj.weight', 'reasoning.0.mlp.down_proj.weight', 'reasoning.1.attn.o_proj.weight', 'reasoning.1.mlp.up_proj.weight', 'reasoning.1.mlp.down_proj.weight')
Muon 3D params (ensemble_dims=1): ('reasoning.0.attn.qkv_proj.weight', 'reasoning.1.attn.qkv_proj.weight')
  cell_acc=91.34%, puzzle_acc=0.00%
  eval_avg_halt_step: 16.00
  per_H_acc: ['H0=87.4%', 'H1=79.0%', 'H2=87.5%']
  H_cos: ['0.754', '0.922']
  z_H_delta: ['19.875', '12.125']
  cells: fixed=[11746, 27395] broken=[29314, 9535]
  per_ACT_cell_acc: ['H1=87.4%', 'H2=79.0%', 'H3=87.5%', 'H4=88.9%', 'H5=89.7%', 'H6=90.2%', 'H7=90.4%', 'H8=90.6%', 'H9=90.7%', 'H10=90.8%', 'H11=90.9%', 'H12=91.0%', 'H13=91.0%', 'H14=91.0%', 'H15=91.1%', 'H16=91.1%']
  per_ACT_puzzle_acc: ['H1=0.0%', 'H2=0.0%', 'H3=0.0%', 'H4=0.0%', 'H5=0.0%', 'H6=0.0%', 'H7=0.0%', 'H8=0.0%', 'H9=0.0%', 'H10=0.0%', 'H11=0.0%', 'H12=0.0%', 'H13=0.0%', 'H14=0.0%', 'H15=0.0%', 'H16=0.0%']
  mean_sigmoid_q_halt: ['0.001', '0.000', '0.000', '0.000', '0.000', '0.000', '0.000', '0.000', '0.000', '0.000', '0.000', '0.000', '0.000', '0.000', '0.000', '0.000']
  halt_rates: ['0.00', '0.00', '0.00', '0.00', '0.00', '0.00', '0.00', '0.00', '0.00', '0.00', '0.00', '0.00', '0.00', '0.00', '0.00', '0.00']
  halt_histogram %: [0.0, 0.0, 0.0, 0.0, 0.0, 0.0, 0.0, 0.0, 0.0, 0.0, 0.0, 0.0, 0.0, 0.0, 0.0, 100.0]
  Avg ACT steps (last 100): 16.00
  saved: /home/jvdillon/projects/sic/code/maze/ckpts/x000f/step00500.pt acc=91.34% (0.086s)
  saved: /home/jvdillon/projects/sic/code/maze/ckpts/x000f/best.pt acc=91.34% (0.166s)
Step   500  Test 91.34% /  0.00%  Train lm=0.8906±0.1040ϵ[0.7383,1.9141] n_active=128.0000±0.0000ϵ[128.0000,128.0000] n_expunged=0.0000±0.0000ϵ[0.0000,0.0000] n_halted=7.9360±30.8988ϵ[0.0000,128.0000] pool_util=1.0000±0.0000ϵ[1.0000,1.0000]  (36.751s / 184.343s)
  cell_acc=96.62%, puzzle_acc=14.40%
  eval_avg_halt_step: 12.66
  per_H_acc: ['H0=87.4%', 'H1=87.5%', 'H2=93.3%']
  H_cos: ['0.836', '0.922']
  z_H_delta: ['20.500', '14.562']
  cells: fixed=[303, 18229] broken=[39, 6167]
  per_ACT_cell_acc: ['H1=87.4%', 'H2=87.5%', 'H3=93.3%', 'H4=95.0%', 'H5=95.8%', 'H6=96.2%', 'H7=96.4%', 'H8=96.5%', 'H9=96.6%', 'H10=96.6%', 'H11=96.6%', 'H12=96.6%', 'H13=96.6%', 'H14=96.6%', 'H15=96.6%', 'H16=96.6%']
  per_ACT_puzzle_acc: ['H1=0.0%', 'H2=0.0%', 'H3=0.0%', 'H4=0.4%', 'H5=1.3%', 'H6=3.0%', 'H7=5.6%', 'H8=6.9%', 'H9=6.9%', 'H10=9.9%', 'H11=10.8%', 'H12=11.2%', 'H13=10.3%', 'H14=12.5%', 'H15=12.5%', 'H16=11.2%']
  mean_sigmoid_q_halt: ['0.002', '0.000', '0.002', '0.005', '0.020', '0.043', '0.068', '0.087', '0.108', '0.134', '0.145', '0.152', '0.165', '0.179', '0.187', '0.194']
  halt_rates: ['0.00', '0.00', '0.00', '0.00', '0.00', '0.01', '0.03', '0.04', '0.07', '0.10', '0.11', '0.11', '0.12', '0.13', '0.16', '0.15']
  halt_histogram %: [0.0, 0.2, 1.8, 2.7, 3.8, 2.5, 2.8, 1.8, 1.7, 1.7, 1.4, 1.2, 1.1, 0.9, 1.2, 75.2]
  Avg ACT steps (last 100): 8.89
  saved: /home/jvdillon/projects/sic/code/maze/ckpts/x000f/step01000.pt acc=96.62% (0.084s)
  saved: /home/jvdillon/projects/sic/code/maze/ckpts/x000f/best.pt acc=96.62% (0.166s)
Step  1000  Test 96.62% / 14.40%  Train lm=0.7773±0.0275ϵ[0.7500,0.9414] n_active=128.0000±0.0000ϵ[128.0000,128.0000] n_expunged=0.0000±0.0000ϵ[0.0000,0.0000] n_halted=10.3200±22.8720ϵ[0.0000,128.0000] pool_util=1.0000±0.0000ϵ[1.0000,1.0000]  (28.112s / 176.187s)
  cell_acc=98.33%, puzzle_acc=43.10%
  eval_avg_halt_step: 5.89
  per_H_acc: ['H0=87.4%', 'H1=87.4%', 'H2=96.6%']
  H_cos: ['0.914', '0.875']
  z_H_delta: ['17.875', '20.000']
  cells: fixed=[81, 23232] broken=[4, 3984]
  per_ACT_cell_acc: ['H1=87.4%', 'H2=87.4%', 'H3=96.6%', 'H4=97.8%', 'H5=98.2%', 'H6=98.3%', 'H7=98.4%', 'H8=98.4%', 'H9=98.3%', 'H10=98.4%', 'H11=98.4%', 'H12=98.4%', 'H13=98.4%', 'H14=98.4%', 'H15=98.4%', 'H16=98.4%']
  per_ACT_puzzle_acc: ['H1=0.0%', 'H2=0.0%', 'H3=1.3%', 'H4=10.3%', 'H5=29.7%', 'H6=36.2%', 'H7=40.1%', 'H8=42.2%', 'H9=44.0%', 'H10=46.1%', 'H11=45.3%', 'H12=44.0%', 'H13=44.4%', 'H14=43.5%', 'H15=44.0%', 'H16=44.0%']
  mean_sigmoid_q_halt: ['0.008', '0.002', '0.018', '0.215', '0.348', '0.453', '0.492', '0.539', '0.547', '0.562', '0.570', '0.570', '0.590', '0.598', '0.609', '0.609']
  halt_rates: ['0.00', '0.00', '0.00', '0.17', '0.33', '0.46', '0.50', '0.56', '0.56', '0.58', '0.59', '0.59', '0.62', '0.62', '0.63', '0.63']
  halt_histogram %: [0.0, 25.4, 15.9, 8.4, 5.5, 3.4, 2.7, 1.9, 1.6, 1.3, 1.0, 0.9, 0.8, 0.6, 0.7, 29.9]
  Avg ACT steps (last 100): 2.35
  saved: /home/jvdillon/projects/sic/code/maze/ckpts/x000f/step01500.pt acc=98.33% (0.080s)
  saved: /home/jvdillon/projects/sic/code/maze/ckpts/x000f/best.pt acc=98.33% (0.162s)
Step  1500  Test 98.33% / 43.10%  Train lm=0.7500±0.0090ϵ[0.7305,0.7852] n_active=128.0000±0.0000ϵ[128.0000,128.0000] n_expunged=0.0000±0.0000ϵ[0.0000,0.0000] n_halted=31.4900±14.2982ϵ[2.0000,66.0000] pool_util=1.0000±0.0000ϵ[1.0000,1.0000]  (28.117s / 176.099s)
  cell_acc=98.58%, puzzle_acc=54.80%
  eval_avg_halt_step: 3.17
  per_H_acc: ['H0=51.1%', 'H1=87.4%', 'H2=97.6%']
  H_cos: ['0.934', '0.840']
  z_H_delta: ['19.500', '18.875']
  cells: fixed=[75747, 23915] broken=[81, 2548]
  per_ACT_cell_acc: ['H1=51.1%', 'H2=87.4%', 'H3=97.6%', 'H4=98.3%', 'H5=98.5%', 'H6=98.6%', 'H7=98.6%', 'H8=98.6%', 'H9=98.6%', 'H10=98.6%', 'H11=98.6%', 'H12=98.7%', 'H13=98.7%', 'H14=98.7%', 'H15=98.7%', 'H16=98.7%']
  per_ACT_puzzle_acc: ['H1=0.0%', 'H2=0.0%', 'H3=6.5%', 'H4=32.3%', 'H5=49.1%', 'H6=58.2%', 'H7=60.3%', 'H8=61.2%', 'H9=60.3%', 'H10=61.2%', 'H11=61.6%', 'H12=60.3%', 'H13=60.8%', 'H14=60.8%', 'H15=61.2%', 'H16=59.5%']
  mean_sigmoid_q_halt: ['0.002', '0.000', '0.050', '0.371', '0.582', '0.719', '0.781', '0.809', '0.828', '0.844', '0.852', '0.855', '0.867', '0.859', '0.863', '0.863']
  halt_rates: ['0.00', '0.00', '0.00', '0.35', '0.60', '0.76', '0.81', '0.84', '0.86', '0.89', '0.88', '0.90', '0.91', '0.89', '0.88', '0.90']
  halt_histogram %: [6.6, 48.2, 14.4, 5.5, 3.1, 1.8, 1.4, 1.1, 0.8, 0.7, 0.5, 0.5, 0.4, 0.3, 0.3, 14.2]
  Avg ACT steps (last 100): 1.86
  saved: /home/jvdillon/projects/sic/code/maze/ckpts/x000f/step02000.pt acc=98.58% (0.084s)
  saved: /home/jvdillon/projects/sic/code/maze/ckpts/x000f/best.pt acc=98.58% (0.168s)
Step  2000  Test 98.58% / 54.80%  Train lm=0.7305±0.0036ϵ[0.7227,0.7422] n_active=128.0000±0.0000ϵ[128.0000,128.0000] n_expunged=0.0000±0.0000ϵ[0.0000,0.0000] n_halted=56.5180±10.8850ϵ[20.0000,87.0000] pool_util=1.0000±0.0000ϵ[1.0000,1.0000]  (28.106s / 176.102s)
  cell_acc=98.76%, puzzle_acc=67.00%
  eval_avg_halt_step: 3.30
  per_H_acc: ['H0=80.8%', 'H1=91.9%', 'H2=97.8%']
  H_cos: ['0.867', '0.938']
  z_H_delta: ['20.625', '17.000']
  cells: fixed=[29504, 14051] broken=[6287, 1874]
  per_ACT_cell_acc: ['H1=80.8%', 'H2=91.9%', 'H3=97.8%', 'H4=98.3%', 'H5=98.5%', 'H6=98.6%', 'H7=98.7%', 'H8=98.7%', 'H9=98.7%', 'H10=98.7%', 'H11=98.7%', 'H12=98.7%', 'H13=98.7%', 'H14=98.7%', 'H15=98.7%', 'H16=98.7%']
  per_ACT_puzzle_acc: ['H1=0.0%', 'H2=0.0%', 'H3=17.7%', 'H4=42.7%', 'H5=54.3%', 'H6=58.2%', 'H7=62.1%', 'H8=62.5%', 'H9=63.4%', 'H10=65.1%', 'H11=65.5%', 'H12=65.9%', 'H13=66.4%', 'H14=66.8%', 'H15=66.4%', 'H16=66.4%']
  mean_sigmoid_q_halt: ['0.006', '0.106', '0.239', '0.443', '0.590', '0.664', '0.703', '0.707', '0.723', '0.746', '0.758', '0.762', '0.750', '0.758', '0.758', '0.766']
  halt_rates: ['0.00', '0.00', '0.20', '0.47', '0.64', '0.73', '0.78', '0.79', '0.80', '0.83', '0.86', '0.85', '0.84', '0.84', '0.85', '0.85']
  halt_histogram %: [18.6, 49.0, 12.0, 4.0, 2.2, 1.2, 1.0, 0.7, 0.6, 0.5, 0.3, 0.3, 0.3, 0.2, 0.2, 9.0]
  Avg ACT steps (last 100): 2.00
  saved: /home/jvdillon/projects/sic/code/maze/ckpts/x000f/step02500.pt acc=98.76% (0.082s)
  saved: /home/jvdillon/projects/sic/code/maze/ckpts/x000f/best.pt acc=98.76% (0.164s)
Step  2500  Test 98.76% / 67.00%  Train lm=0.7266±0.0029ϵ[0.7227,0.7344] n_active=128.0000±0.0000ϵ[128.0000,128.0000] n_expunged=0.0000±0.0000ϵ[0.0000,0.0000] n_halted=66.6600±15.7515ϵ[5.0000,107.0000] pool_util=1.0000±0.0000ϵ[1.0000,1.0000]  (28.101s / 176.047s)
  cell_acc=99.12%, puzzle_acc=74.60%
  eval_avg_halt_step: 1.71
  per_H_acc: ['H0=75.1%', 'H1=88.3%', 'H2=98.6%']
  H_cos: ['0.762', '0.898']
  z_H_delta: ['21.000', '19.375']
  cells: fixed=[46506, 22758] broken=[19004, 1245]
  per_ACT_cell_acc: ['H1=75.1%', 'H2=88.3%', 'H3=98.6%', 'H4=98.9%', 'H5=99.0%', 'H6=99.0%', 'H7=99.1%', 'H8=99.1%', 'H9=99.1%', 'H10=99.1%', 'H11=99.1%', 'H12=99.1%', 'H13=99.1%', 'H14=99.1%', 'H15=99.1%', 'H16=99.1%']
  per_ACT_puzzle_acc: ['H1=0.0%', 'H2=0.0%', 'H3=40.1%', 'H4=61.6%', 'H5=68.5%', 'H6=72.0%', 'H7=72.8%', 'H8=73.3%', 'H9=73.7%', 'H10=74.6%', 'H11=74.1%', 'H12=74.1%', 'H13=74.1%', 'H14=74.1%', 'H15=74.6%', 'H16=74.6%']
  mean_sigmoid_q_halt: ['0.006', '0.034', '0.551', '0.746', '0.836', '0.898', '0.910', '0.926', '0.934', '0.945', '0.957', '0.957', '0.957', '0.953', '0.957', '0.957']
  halt_rates: ['0.00', '0.00', '0.53', '0.73', '0.84', '0.91', '0.92', '0.94', '0.95', '0.97', '0.97', '0.97', '0.97', '0.97', '0.97', '0.97']
  halt_histogram %: [31.9, 43.6, 9.8, 3.1, 1.6, 0.9, 0.7, 0.5, 0.4, 0.3, 0.2, 0.2, 0.2, 0.2, 0.2, 6.1]
  Avg ACT steps (last 100): 1.42
  saved: /home/jvdillon/projects/sic/code/maze/ckpts/x000f/step03000.pt acc=99.12% (0.082s)
  saved: /home/jvdillon/projects/sic/code/maze/ckpts/x000f/best.pt acc=99.12% (0.163s)
Step  3000  Test 99.12% / 74.60%  Train lm=0.7227±0.0026ϵ[0.7188,0.7344] n_active=128.0000±0.0000ϵ[128.0000,128.0000] n_expunged=0.0000±0.0000ϵ[0.0000,0.0000] n_halted=82.6560±11.1579ϵ[35.0000,104.0000] pool_util=1.0000±0.0000ϵ[1.0000,1.0000]  (28.094s / 176.043s)
  cell_acc=99.13%, puzzle_acc=65.80%
  eval_avg_halt_step: 1.88
  per_H_acc: ['H0=87.5%', 'H1=88.6%', 'H2=98.7%']
  H_cos: ['0.805', '0.887']
  z_H_delta: ['21.375', '21.750']
  cells: fixed=[16735, 22262] broken=[14499, 1166]
  per_ACT_cell_acc: ['H1=87.5%', 'H2=88.6%', 'H3=98.7%', 'H4=99.1%', 'H5=99.1%', 'H6=99.1%', 'H7=99.1%', 'H8=99.1%', 'H9=99.1%', 'H10=99.1%', 'H11=99.2%', 'H12=99.2%', 'H13=99.1%', 'H14=99.1%', 'H15=99.1%', 'H16=99.1%']
  per_ACT_puzzle_acc: ['H1=0.0%', 'H2=0.0%', 'H3=37.5%', 'H4=60.3%', 'H5=63.4%', 'H6=68.1%', 'H7=69.8%', 'H8=71.6%', 'H9=70.7%', 'H10=70.7%', 'H11=70.3%', 'H12=70.7%', 'H13=69.8%', 'H14=69.4%', 'H15=69.0%', 'H16=69.4%']
  mean_sigmoid_q_halt: ['0.338', '0.645', '0.570', '0.758', '0.812', '0.848', '0.895', '0.906', '0.910', '0.926', '0.926', '0.922', '0.922', '0.918', '0.918', '0.910']
  halt_rates: ['0.00', '0.96', '0.55', '0.77', '0.80', '0.84', '0.91', '0.92', '0.92', '0.93', '0.94', '0.93', '0.93', '0.92', '0.93', '0.92']
  halt_histogram %: [39.9, 40.0, 8.4, 2.5, 1.3, 0.7, 0.5, 0.4, 0.3, 0.3, 0.2, 0.2, 0.2, 0.1, 0.1, 4.7]
  Avg ACT steps (last 100): 1.44
  saved: /home/jvdillon/projects/sic/code/maze/ckpts/x000f/step03500.pt acc=99.13% (0.081s)
  saved: /home/jvdillon/projects/sic/code/maze/ckpts/x000f/best.pt acc=99.13% (0.164s)
Step  3500  Test 99.13% / 65.80%  Train lm=0.7227±0.0032ϵ[0.7148,0.7383] n_active=128.0000±0.0000ϵ[128.0000,128.0000] n_expunged=0.0000±0.0000ϵ[0.0000,0.0000] n_halted=81.9420±21.1990ϵ[4.0000,112.0000] pool_util=1.0000±0.0000ϵ[1.0000,1.0000]  (28.094s / 175.929s)
  cell_acc=99.07%, puzzle_acc=72.20%
  eval_avg_halt_step: 1.73
  per_H_acc: ['H0=77.9%', 'H1=91.0%', 'H2=98.6%']
  H_cos: ['0.867', '0.914']
  z_H_delta: ['22.000', '16.375']
  cells: fixed=[38146, 16988] broken=[10840, 992]
  per_ACT_cell_acc: ['H1=77.9%', 'H2=91.0%', 'H3=98.6%', 'H4=98.9%', 'H5=99.0%', 'H6=99.0%', 'H7=99.0%', 'H8=99.0%', 'H9=99.0%', 'H10=99.0%', 'H11=99.1%', 'H12=99.1%', 'H13=99.1%', 'H14=99.1%', 'H15=99.1%', 'H16=99.1%']
  per_ACT_puzzle_acc: ['H1=0.0%', 'H2=0.0%', 'H3=43.1%', 'H4=57.8%', 'H5=65.5%', 'H6=68.1%', 'H7=69.8%', 'H8=70.3%', 'H9=70.3%', 'H10=71.1%', 'H11=71.6%', 'H12=71.1%', 'H13=71.6%', 'H14=71.1%', 'H15=71.6%', 'H16=71.6%']
  mean_sigmoid_q_halt: ['0.066', '0.019', '0.613', '0.762', '0.859', '0.898', '0.914', '0.934', '0.938', '0.945', '0.953', '0.953', '0.961', '0.957', '0.957', '0.961']
  halt_rates: ['0.00', '0.00', '0.60', '0.78', '0.88', '0.91', '0.93', '0.95', '0.96', '0.96', '0.97', '0.97', '0.97', '0.97', '0.97', '0.98']
  halt_histogram %: [45.3, 37.6, 7.5, 2.2, 1.0, 0.6, 0.4, 0.3, 0.3, 0.2, 0.2, 0.2, 0.1, 0.1, 0.1, 3.8]
  Avg ACT steps (last 100): 1.26
  saved: /home/jvdillon/projects/sic/code/maze/ckpts/x000f/step04000.pt acc=99.07% (0.084s)
Step  4000  Test 99.07% / 72.20%  Train lm=0.7227±0.0070ϵ[0.6875,0.7383] n_active=128.0000±0.0000ϵ[128.0000,128.0000] n_expunged=0.0000±0.0000ϵ[0.0000,0.0000] n_halted=86.9300±16.0546ϵ[0.0000,114.0000] pool_util=1.0000±0.0000ϵ[1.0000,1.0000]  (28.037s / 175.996s)
  cell_acc=99.15%, puzzle_acc=72.30%
  eval_avg_halt_step: 1.62
  per_H_acc: ['H0=87.5%', 'H1=90.8%', 'H2=98.8%']
  H_cos: ['0.902', '0.895']
  z_H_delta: ['21.000', '20.625']
  cells: fixed=[22688, 17827] broken=[15876, 1045]
  per_ACT_cell_acc: ['H1=87.5%', 'H2=90.8%', 'H3=98.8%', 'H4=98.9%', 'H5=99.0%', 'H6=99.1%', 'H7=99.1%', 'H8=99.1%', 'H9=99.1%', 'H10=99.1%', 'H11=99.1%', 'H12=99.1%', 'H13=99.1%', 'H14=99.1%', 'H15=99.1%', 'H16=99.1%']
  per_ACT_puzzle_acc: ['H1=0.0%', 'H2=0.0%', 'H3=51.7%', 'H4=67.2%', 'H5=71.6%', 'H6=73.3%', 'H7=75.0%', 'H8=75.0%', 'H9=75.4%', 'H10=75.0%', 'H11=75.4%', 'H12=75.4%', 'H13=75.0%', 'H14=74.1%', 'H15=73.3%', 'H16=72.8%']
  mean_sigmoid_q_halt: ['0.191', '0.570', '0.645', '0.773', '0.855', '0.891', '0.902', '0.918', '0.930', '0.926', '0.926', '0.930', '0.930', '0.922', '0.918', '0.918']
  halt_rates: ['0.00', '0.71', '0.64', '0.80', '0.88', '0.91', '0.92', '0.93', '0.95', '0.94', '0.96', '0.96', '0.96', '0.95', '0.94', '0.94']
  halt_histogram %: [51.1, 34.2, 6.6, 1.8, 0.9, 0.5, 0.4, 0.3, 0.2, 0.2, 0.2, 0.1, 0.1, 0.1, 0.1, 3.1]
  Avg ACT steps (last 100): 1.35
  saved: /home/jvdillon/projects/sic/code/maze/ckpts/x000f/step04500.pt acc=99.15% (0.082s)
  saved: /home/jvdillon/projects/sic/code/maze/ckpts/x000f/best.pt acc=99.15% (0.164s)
Step  4500  Test 99.15% / 72.30%  Train lm=0.7109±0.0209ϵ[0.6094,0.7500] n_active=128.0000±0.0000ϵ[128.0000,128.0000] n_expunged=0.0000±0.0000ϵ[0.0000,0.0000] n_halted=96.1860±14.1034ϵ[4.0000,116.0000] pool_util=1.0000±0.0000ϵ[1.0000,1.0000]  (28.110s / 176.125s)
  cell_acc=99.18%, puzzle_acc=75.30%
  eval_avg_halt_step: 1.83
  per_H_acc: ['H0=66.6%', 'H1=85.9%', 'H2=98.9%']
  H_cos: ['0.773', '0.844']
  z_H_delta: ['24.375', '20.750']
  cells: fixed=[49970, 28161] broken=[9633, 909]
  per_ACT_cell_acc: ['H1=66.6%', 'H2=85.9%', 'H3=98.9%', 'H4=99.2%', 'H5=99.3%', 'H6=99.2%', 'H7=99.3%', 'H8=99.3%', 'H9=99.3%', 'H10=99.3%', 'H11=99.3%', 'H12=99.3%', 'H13=99.3%', 'H14=99.3%', 'H15=99.3%', 'H16=99.3%']
  per_ACT_puzzle_acc: ['H1=0.0%', 'H2=0.0%', 'H3=45.3%', 'H4=65.9%', 'H5=76.3%', 'H6=75.9%', 'H7=77.2%', 'H8=76.7%', 'H9=76.7%', 'H10=75.9%', 'H11=75.4%', 'H12=75.4%', 'H13=75.4%', 'H14=75.4%', 'H15=75.4%', 'H16=75.4%']
  mean_sigmoid_q_halt: ['0.443', '0.291', '0.598', '0.766', '0.887', '0.906', '0.918', '0.941', '0.949', '0.945', '0.945', '0.945', '0.945', '0.949', '0.941', '0.945']
  halt_rates: ['0.00', '0.01', '0.58', '0.77', '0.91', '0.91', '0.93', '0.95', '0.96', '0.96', '0.96', '0.96', '0.96', '0.97', '0.96', '0.96']
  halt_histogram %: [54.9, 32.1, 6.0, 1.6, 0.8, 0.5, 0.3, 0.2, 0.2, 0.2, 0.1, 0.1, 0.1, 0.1, 0.1, 2.7]
  Avg ACT steps (last 100): 1.34
  saved: /home/jvdillon/projects/sic/code/maze/ckpts/x000f/step05000.pt acc=99.18% (0.083s)
  saved: /home/jvdillon/projects/sic/code/maze/ckpts/x000f/best.pt acc=99.18% (0.164s)
Step  5000  Test 99.18% / 75.30%  Train lm=0.7109±0.0171ϵ[0.6289,0.7305] n_active=128.0000±0.0000ϵ[128.0000,128.0000] n_expunged=0.0000±0.0000ϵ[0.0000,0.0000] n_halted=95.8340±12.1029ϵ[25.0000,115.0000] pool_util=1.0000±0.0000ϵ[1.0000,1.0000]  (28.085s / 176.071s)
  cell_acc=99.15%, puzzle_acc=73.70%
  eval_avg_halt_step: 1.92
  per_H_acc: ['H0=66.7%', 'H1=92.0%', 'H2=98.7%']
  H_cos: ['0.734', '0.898']
  z_H_delta: ['24.875', '18.875']
  cells: fixed=[59658, 15341] broken=[6760, 1304]
  per_ACT_cell_acc: ['H1=66.7%', 'H2=92.0%', 'H3=98.7%', 'H4=98.9%', 'H5=99.0%', 'H6=99.0%', 'H7=99.0%', 'H8=99.0%', 'H9=99.0%', 'H10=99.0%', 'H11=99.0%', 'H12=99.0%', 'H13=99.0%', 'H14=99.0%', 'H15=99.0%', 'H16=99.0%']
  per_ACT_puzzle_acc: ['H1=0.0%', 'H2=0.0%', 'H3=44.4%', 'H4=59.5%', 'H5=63.8%', 'H6=68.1%', 'H7=69.4%', 'H8=69.8%', 'H9=69.8%', 'H10=69.4%', 'H11=69.8%', 'H12=69.8%', 'H13=69.8%', 'H14=69.8%', 'H15=69.8%', 'H16=69.8%']
  mean_sigmoid_q_halt: ['0.158', '0.052', '0.582', '0.762', '0.828', '0.879', '0.902', '0.910', '0.910', '0.906', '0.914', '0.918', '0.926', '0.930', '0.930', '0.930']
  halt_rates: ['0.00', '0.00', '0.55', '0.77', '0.85', '0.91', '0.92', '0.94', '0.93', '0.93', '0.94', '0.94', '0.95', '0.95', '0.95', '0.95']
  halt_histogram %: [58.3, 30.0, 5.5, 1.5, 0.7, 0.4, 0.3, 0.2, 0.2, 0.2, 0.1, 0.1, 0.1, 0.1, 0.1, 2.3]
  Avg ACT steps (last 100): 1.15
  saved: /home/jvdillon/projects/sic/code/maze/ckpts/x000f/step05500.pt acc=99.15% (0.081s)
Step  5500  Test 99.15% / 73.70%  Train lm=0.7070±0.0167ϵ[0.6523,0.7305] n_active=128.0000±0.0000ϵ[128.0000,128.0000] n_expunged=0.0000±0.0000ϵ[0.0000,0.0000] n_halted=99.7920±7.5511ϵ[41.0000,116.0000] pool_util=1.0000±0.0000ϵ[1.0000,1.0000]  (28.036s / 176.008s)
  cell_acc=99.06%, puzzle_acc=69.80%
  eval_avg_halt_step: 1.87
  per_H_acc: ['H0=53.3%', 'H1=93.0%', 'H2=98.8%']
  H_cos: ['0.621', '0.926']
  z_H_delta: ['23.625', '15.438']
  cells: fixed=[87382, 13258] broken=[4452, 1045]
  per_ACT_cell_acc: ['H1=53.3%', 'H2=93.0%', 'H3=98.8%', 'H4=99.0%', 'H5=99.0%', 'H6=99.1%', 'H7=99.1%', 'H8=99.0%', 'H9=99.1%', 'H10=99.1%', 'H11=99.1%', 'H12=99.1%', 'H13=99.1%', 'H14=99.1%', 'H15=99.1%', 'H16=99.1%']
  per_ACT_puzzle_acc: ['H1=0.0%', 'H2=0.0%', 'H3=52.2%', 'H4=62.9%', 'H5=68.1%', 'H6=69.8%', 'H7=69.8%', 'H8=69.8%', 'H9=69.8%', 'H10=70.3%', 'H11=70.3%', 'H12=70.3%', 'H13=70.7%', 'H14=70.7%', 'H15=70.7%', 'H16=69.8%']
  mean_sigmoid_q_halt: ['0.049', '0.141', '0.660', '0.781', '0.848', '0.879', '0.887', '0.879', '0.879', '0.887', '0.895', '0.895', '0.887', '0.891', '0.891', '0.887']
  halt_rates: ['0.00', '0.00', '0.65', '0.78', '0.86', '0.90', '0.91', '0.89', '0.88', '0.91', '0.91', '0.91', '0.90', '0.92', '0.91', '0.91']
  halt_histogram %: [61.0, 28.4, 5.1, 1.3, 0.6, 0.4, 0.3, 0.2, 0.2, 0.1, 0.1, 0.1, 0.1, 0.1, 0.1, 2.1]
  Avg ACT steps (last 100): 1.28
  saved: /home/jvdillon/projects/sic/code/maze/ckpts/x000f/step06000.pt acc=99.06% (0.080s)
Step  6000  Test 99.06% / 69.80%  Train lm=0.7070±0.0220ϵ[0.6367,0.7578] n_active=128.0000±0.0000ϵ[128.0000,128.0000] n_expunged=0.0000±0.0000ϵ[0.0000,0.0000] n_halted=100.2260±11.9178ϵ[1.0000,120.0000] pool_util=1.0000±0.0000ϵ[1.0000,1.0000]  (27.991s / 176.040s)
  cell_acc=99.19%, puzzle_acc=76.80%
  eval_avg_halt_step: 1.55
  per_H_acc: ['H0=57.2%', 'H1=90.6%', 'H2=98.8%']
  H_cos: ['0.723', '0.875']
  z_H_delta: ['23.375', '20.125']
  cells: fixed=[73196, 18175] broken=[3490, 980]
  per_ACT_cell_acc: ['H1=57.2%', 'H2=90.6%', 'H3=98.8%', 'H4=99.0%', 'H5=99.1%', 'H6=99.1%', 'H7=99.1%', 'H8=99.1%', 'H9=99.1%', 'H10=99.1%', 'H11=99.1%', 'H12=99.1%', 'H13=99.1%', 'H14=99.1%', 'H15=99.1%', 'H16=99.1%']
  per_ACT_puzzle_acc: ['H1=0.0%', 'H2=0.0%', 'H3=54.7%', 'H4=69.4%', 'H5=72.0%', 'H6=72.4%', 'H7=72.8%', 'H8=73.7%', 'H9=74.1%', 'H10=74.1%', 'H11=74.1%', 'H12=74.1%', 'H13=74.1%', 'H14=74.1%', 'H15=74.1%', 'H16=74.1%']
  mean_sigmoid_q_halt: ['0.322', '0.056', '0.664', '0.844', '0.918', '0.938', '0.961', '0.973', '0.980', '0.977', '0.977', '0.977', '0.977', '0.977', '0.977', '0.980']
  halt_rates: ['0.00', '0.00', '0.66', '0.86', '0.93', '0.95', '0.97', '0.98', '0.99', '0.99', '0.99', '0.99', '0.98', '0.99', '0.99', '0.99']
  halt_histogram %: [62.8, 27.4, 4.8, 1.2, 0.6, 0.3, 0.2, 0.2, 0.1, 0.1, 0.1, 0.1, 0.1, 0.1, 0.1, 1.9]
  Avg ACT steps (last 100): 1.29
  saved: /home/jvdillon/projects/sic/code/maze/ckpts/x000f/step06500.pt acc=99.19% (0.081s)
  saved: /home/jvdillon/projects/sic/code/maze/ckpts/x000f/best.pt acc=99.19% (0.162s)
Step  6500  Test 99.19% / 76.80%  Train lm=0.7031±0.0231ϵ[0.6172,0.7422] n_active=128.0000±0.0000ϵ[128.0000,128.0000] n_expunged=0.0000±0.0000ϵ[0.0000,0.0000] n_halted=98.6120±10.2367ϵ[24.0000,116.0000] pool_util=1.0000±0.0000ϵ[1.0000,1.0000]  (28.103s / 176.039s)
  cell_acc=98.97%, puzzle_acc=64.10%
  eval_avg_halt_step: 2.96
  per_H_acc: ['H0=61.8%', 'H1=88.1%', 'H2=98.6%']
  H_cos: ['0.723', '0.855']
  z_H_delta: ['21.500', '21.375']
  cells: fixed=[59917, 23215] broken=[4904, 1332]
  per_ACT_cell_acc: ['H1=61.8%', 'H2=88.1%', 'H3=98.6%', 'H4=98.8%', 'H5=98.9%', 'H6=98.9%', 'H7=98.9%', 'H8=98.9%', 'H9=98.9%', 'H10=98.9%', 'H11=98.9%', 'H12=98.9%', 'H13=98.9%', 'H14=98.9%', 'H15=98.9%', 'H16=98.9%']
  per_ACT_puzzle_acc: ['H1=0.0%', 'H2=0.0%', 'H3=40.9%', 'H4=57.3%', 'H5=59.5%', 'H6=61.6%', 'H7=61.6%', 'H8=61.6%', 'H9=61.2%', 'H10=61.6%', 'H11=62.1%', 'H12=62.1%', 'H13=61.6%', 'H14=60.8%', 'H15=60.3%', 'H16=61.6%']
  mean_sigmoid_q_halt: ['0.209', '0.303', '0.543', '0.684', '0.734', '0.742', '0.746', '0.758', '0.773', '0.777', '0.781', '0.770', '0.777', '0.777', '0.773', '0.773']
  halt_rates: ['0.00', '0.00', '0.52', '0.71', '0.77', '0.80', '0.80', '0.81', '0.82', '0.84', '0.83', '0.81', '0.81', '0.82', '0.81', '0.81']
  halt_histogram %: [64.5, 26.3, 4.5, 1.1, 0.5, 0.3, 0.2, 0.2, 0.1, 0.1, 0.1, 0.1, 0.1, 0.1, 0.1, 1.7]
  Avg ACT steps (last 100): 1.19
  saved: /home/jvdillon/projects/sic/code/maze/ckpts/x000f/step07000.pt acc=98.97% (0.082s)
Step  7000  Test 98.97% / 64.10%  Train lm=0.6953±0.0305ϵ[0.5898,0.7305] n_active=128.0000±0.0000ϵ[128.0000,128.0000] n_expunged=0.0000±0.0000ϵ[0.0000,0.0000] n_halted=100.5680±9.4463ϵ[47.0000,118.0000] pool_util=1.0000±0.0000ϵ[1.0000,1.0000]  (27.862s / 174.636s)
  cell_acc=99.29%, puzzle_acc=78.30%
  eval_avg_halt_step: 1.49
  per_H_acc: ['H0=65.3%', 'H1=86.5%', 'H2=99.0%']
  H_cos: ['0.785', '0.828']
  z_H_delta: ['23.250', '21.750']
  cells: fixed=[51465, 27089] broken=[7299, 909]
  per_ACT_cell_acc: ['H1=65.3%', 'H2=86.5%', 'H3=99.0%', 'H4=99.1%', 'H5=99.2%', 'H6=99.2%', 'H7=99.2%', 'H8=99.2%', 'H9=99.2%', 'H10=99.2%', 'H11=99.2%', 'H12=99.2%', 'H13=99.2%', 'H14=99.2%', 'H15=99.2%', 'H16=99.2%']
  per_ACT_puzzle_acc: ['H1=0.0%', 'H2=0.0%', 'H3=53.0%', 'H4=70.7%', 'H5=74.1%', 'H6=75.9%', 'H7=76.7%', 'H8=76.7%', 'H9=76.3%', 'H10=76.3%', 'H11=76.3%', 'H12=76.3%', 'H13=76.3%', 'H14=76.3%', 'H15=76.3%', 'H16=76.3%']
  mean_sigmoid_q_halt: ['0.326', '0.040', '0.652', '0.836', '0.910', '0.949', '0.957', '0.969', '0.973', '0.977', '0.980', '0.984', '0.984', '0.984', '0.980', '0.980']
  halt_rates: ['0.00', '0.00', '0.65', '0.85', '0.93', '0.97', '0.97', '0.98', '0.99', '0.99', '0.99', '1.00', '1.00', '1.00', '0.99', '0.99']
  halt_histogram %: [65.9, 25.5, 4.3, 1.1, 0.5, 0.3, 0.2, 0.1, 0.1, 0.1, 0.1, 0.1, 0.1, 0.0, 0.0, 1.6]
  Avg ACT steps (last 100): 1.20
  saved: /home/jvdillon/projects/sic/code/maze/ckpts/x000f/step07500.pt acc=99.29% (0.082s)
  saved: /home/jvdillon/projects/sic/code/maze/ckpts/x000f/best.pt acc=99.29% (0.164s)
Step  7500  Test 99.29% / 78.30%  Train lm=0.6992±0.0251ϵ[0.6367,0.7539] n_active=128.0000±0.0000ϵ[128.0000,128.0000] n_expunged=0.0000±0.0000ϵ[0.0000,0.0000] n_halted=99.4780±12.7552ϵ[8.0000,120.0000] pool_util=1.0000±0.0000ϵ[1.0000,1.0000]  (28.056s / 175.677s)
  cell_acc=99.27%, puzzle_acc=79.60%
  eval_avg_halt_step: 1.52
  per_H_acc: ['H0=82.7%', 'H1=89.4%', 'H2=99.2%']
  H_cos: ['0.871', '0.887']
  z_H_delta: ['22.875', '20.625']
  cells: fixed=[30426, 21362] broken=[16462, 821]
  per_ACT_cell_acc: ['H1=82.7%', 'H2=89.4%', 'H3=99.2%', 'H4=99.3%', 'H5=99.3%', 'H6=99.3%', 'H7=99.3%', 'H8=99.3%', 'H9=99.3%', 'H10=99.3%', 'H11=99.3%', 'H12=99.3%', 'H13=99.3%', 'H14=99.3%', 'H15=99.4%', 'H16=99.3%']
  per_ACT_puzzle_acc: ['H1=0.0%', 'H2=0.0%', 'H3=58.6%', 'H4=72.4%', 'H5=77.6%', 'H6=78.9%', 'H7=79.3%', 'H8=79.3%', 'H9=80.2%', 'H10=80.6%', 'H11=80.6%', 'H12=80.6%', 'H13=80.6%', 'H14=80.6%', 'H15=80.6%', 'H16=81.0%']
  mean_sigmoid_q_halt: ['0.420', '0.063', '0.715', '0.828', '0.875', '0.902', '0.922', '0.930', '0.941', '0.945', '0.949', '0.953', '0.949', '0.949', '0.953', '0.953']
  halt_rates: ['0.00', '0.00', '0.70', '0.84', '0.90', '0.92', '0.96', '0.96', '0.97', '0.97', '0.97', '0.97', '0.97', '0.97', '0.97', '0.98']
  halt_histogram %: [67.3, 24.6, 4.1, 1.0, 0.5, 0.3, 0.2, 0.1, 0.1, 0.1, 0.1, 0.1, 0.1, 0.0, 0.0, 1.5]
  Avg ACT steps (last 100): 1.17
  saved: /home/jvdillon/projects/sic/code/maze/ckpts/x000f/step08000.pt acc=99.27% (0.082s)
Step  8000  Test 99.27% / 79.60%  Train lm=0.6953±0.0281ϵ[0.6016,0.7344] n_active=128.0000±0.0000ϵ[128.0000,128.0000] n_expunged=0.0000±0.0000ϵ[0.0000,0.0000] n_halted=102.8300±9.3815ϵ[28.0000,120.0000] pool_util=1.0000±0.0000ϵ[1.0000,1.0000]  (27.950s / 175.447s)
