Adam params: ('embed_tokens.weight', 'head.weight', 'head.bias', 'q_head.weight', 'q_head.bias', 'puzzle_id_embed.weight')
Muon 2D params: ('reasoning.0.attn.o_proj.weight', 'reasoning.0.mlp.up_proj.weight', 'reasoning.0.mlp.down_proj.weight', 'reasoning.1.attn.o_proj.weight', 'reasoning.1.mlp.up_proj.weight', 'reasoning.1.mlp.down_proj.weight')
Muon 3D params (ensemble_dims=1): ('reasoning.0.attn.qkv_proj.weight', 'reasoning.1.attn.qkv_proj.weight')
  cell_acc=90.67%, puzzle_acc=0.00%
  eval_avg_halt_step: 16.00
  per_H_acc: ['H0=0.1%', 'H1=87.1%', 'H2=87.7%']
  H_cos: ['0.656', '0.891']
  z_H_delta: ['20.250', '12.875']
  cells: fixed=[181613, 3101] broken=[0, 1825]
  per_ACT_cell_acc: ['H1=0.1%', 'H2=87.1%', 'H3=87.7%', 'H4=88.3%', 'H5=88.9%', 'H6=89.4%', 'H7=89.8%', 'H8=90.0%', 'H9=90.2%', 'H10=90.3%', 'H11=90.4%', 'H12=90.5%', 'H13=90.6%', 'H14=90.6%', 'H15=90.6%', 'H16=90.7%']
  per_ACT_puzzle_acc: ['H1=0.0%', 'H2=0.0%', 'H3=0.0%', 'H4=0.0%', 'H5=0.0%', 'H6=0.0%', 'H7=0.0%', 'H8=0.0%', 'H9=0.0%', 'H10=0.0%', 'H11=0.0%', 'H12=0.0%', 'H13=0.0%', 'H14=0.0%', 'H15=0.0%', 'H16=0.0%']
  mean_sigmoid_q_halt: ['0.001', '0.000', '0.000', '0.000', '0.000', '0.000', '0.000', '0.000', '0.000', '0.000', '0.000', '0.000', '0.000', '0.000', '0.000', '0.000']
  halt_rates: ['0.00', '0.00', '0.00', '0.00', '0.00', '0.00', '0.00', '0.00', '0.00', '0.00', '0.00', '0.00', '0.00', '0.00', '0.00', '0.00']
  halt_histogram %: [0.0, 0.0, 0.0, 0.0, 0.0, 0.0, 0.0, 0.0, 0.0, 0.0, 0.0, 0.0, 0.0, 0.0, 0.0, 100.0]
  Avg ACT steps (last 100): 16.00
  saved: /home/jvdillon/projects/sic/code/maze/ckpts/x000l/step00500.pt acc=90.67% (0.090s)
  saved: /home/jvdillon/projects/sic/code/maze/ckpts/x000l/best.pt acc=90.67% (0.171s)
Step   500  Test 90.67% /  0.00%  Train lm=0.9102±0.0981ϵ[0.8047,1.9141] n_halted=7.9360±30.8988ϵ[0.0000,128.0000]  (36.376s / 182.537s)
  n_active=128.0000±0.0000ϵ[128.0000,128.0000] n_expunged=0.0000±0.0000ϵ[0.0000,0.0000] pool_util=1.0000±0.0000ϵ[1.0000,1.0000]
  cell_acc=96.54%, puzzle_acc=11.00%
  eval_avg_halt_step: 14.45
  per_H_acc: ['H0=0.1%', 'H1=87.5%', 'H2=93.1%']
  H_cos: ['0.625', '0.863']
  z_H_delta: ['19.750', '16.125']
  cells: fixed=[182453, 18409] broken=[0, 6639]
  per_ACT_cell_acc: ['H1=0.1%', 'H2=87.5%', 'H3=93.1%', 'H4=95.0%', 'H5=95.6%', 'H6=96.0%', 'H7=96.2%', 'H8=96.3%', 'H9=96.3%', 'H10=96.4%', 'H11=96.4%', 'H12=96.4%', 'H13=96.3%', 'H14=96.4%', 'H15=96.3%', 'H16=96.4%']
  per_ACT_puzzle_acc: ['H1=0.0%', 'H2=0.0%', 'H3=0.0%', 'H4=0.0%', 'H5=0.9%', 'H6=3.4%', 'H7=7.3%', 'H8=9.1%', 'H9=9.5%', 'H10=8.2%', 'H11=7.8%', 'H12=9.5%', 'H13=9.5%', 'H14=9.1%', 'H15=9.5%', 'H16=8.2%']
  mean_sigmoid_q_halt: ['0.001', '0.000', '0.000', '0.005', '0.020', '0.031', '0.039', '0.050', '0.064', '0.073', '0.085', '0.097', '0.105', '0.110', '0.114', '0.117']
  halt_rates: ['0.00', '0.00', '0.00', '0.00', '0.00', '0.01', '0.01', '0.02', '0.03', '0.04', '0.05', '0.05', '0.08', '0.07', '0.08', '0.08']
  halt_histogram %: [0.0, 0.3, 2.6, 3.7, 3.5, 2.9, 2.3, 2.1, 1.9, 1.5, 1.4, 1.8, 1.1, 1.0, 0.8, 73.0]
  Avg ACT steps (last 100): 7.09
  saved: /home/jvdillon/projects/sic/code/maze/ckpts/x000l/step01000.pt acc=96.54% (0.090s)
  saved: /home/jvdillon/projects/sic/code/maze/ckpts/x000l/best.pt acc=96.54% (0.173s)
Step  1000  Test 96.54% / 11.00%  Train lm=0.7812±0.0276ϵ[0.7500,0.9141] n_halted=10.6800±22.2551ϵ[0.0000,128.0000]  (27.763s / 173.861s)
  n_active=128.0000±0.0000ϵ[128.0000,128.0000] n_expunged=0.0000±0.0000ϵ[0.0000,0.0000] pool_util=1.0000±0.0000ϵ[1.0000,1.0000]
  cell_acc=98.26%, puzzle_acc=43.80%
  eval_avg_halt_step: 5.01
  per_H_acc: ['H0=87.4%', 'H1=87.5%', 'H2=97.3%']
  H_cos: ['0.766', '0.895']
  z_H_delta: ['18.250', '18.750']
  cells: fixed=[427, 22974] broken=[198, 2633]
  per_ACT_cell_acc: ['H1=87.4%', 'H2=87.5%', 'H3=97.3%', 'H4=98.1%', 'H5=98.2%', 'H6=98.3%', 'H7=98.3%', 'H8=98.3%', 'H9=98.3%', 'H10=98.3%', 'H11=98.3%', 'H12=98.3%', 'H13=98.3%', 'H14=98.3%', 'H15=98.3%', 'H16=98.3%']
  per_ACT_puzzle_acc: ['H1=0.0%', 'H2=0.0%', 'H3=2.6%', 'H4=23.7%', 'H5=36.6%', 'H6=42.7%', 'H7=46.6%', 'H8=48.7%', 'H9=50.4%', 'H10=49.1%', 'H11=47.8%', 'H12=47.8%', 'H13=49.1%', 'H14=48.3%', 'H15=47.4%', 'H16=46.6%']
  mean_sigmoid_q_halt: ['0.001', '0.001', '0.037', '0.258', '0.426', '0.527', '0.590', '0.637', '0.648', '0.652', '0.652', '0.637', '0.629', '0.645', '0.633', '0.633']
  halt_rates: ['0.00', '0.00', '0.00', '0.24', '0.47', '0.56', '0.62', '0.66', '0.69', '0.69', '0.70', '0.66', '0.64', '0.66', '0.66', '0.66']
  halt_histogram %: [0.1, 28.7, 15.5, 7.7, 4.7, 3.2, 2.4, 2.0, 1.5, 1.2, 1.0, 1.1, 0.8, 0.7, 0.6, 28.8]
  Avg ACT steps (last 100): 2.98
  saved: /home/jvdillon/projects/sic/code/maze/ckpts/x000l/step01500.pt acc=98.26% (0.082s)
  saved: /home/jvdillon/projects/sic/code/maze/ckpts/x000l/best.pt acc=98.26% (0.162s)
Step  1500  Test 98.26% / 43.80%  Train lm=0.7500±0.0103ϵ[0.7266,0.7734] n_halted=32.4640±15.9189ϵ[1.0000,71.0000]  (27.748s / 174.059s)
  n_active=128.0000±0.0000ϵ[128.0000,128.0000] n_expunged=0.0000±0.0000ϵ[0.0000,0.0000] pool_util=1.0000±0.0000ϵ[1.0000,1.0000]
  cell_acc=98.45%, puzzle_acc=46.30%
  eval_avg_halt_step: 3.62
  per_H_acc: ['H0=86.6%', 'H1=78.7%', 'H2=97.5%']
  H_cos: ['0.625', '0.824']
  z_H_delta: ['20.500', '21.375']
  cells: fixed=[23073, 41590] broken=[39609, 2316]
  per_ACT_cell_acc: ['H1=86.6%', 'H2=78.7%', 'H3=97.5%', 'H4=98.1%', 'H5=98.2%', 'H6=98.2%', 'H7=98.3%', 'H8=98.3%', 'H9=98.3%', 'H10=98.3%', 'H11=98.3%', 'H12=98.3%', 'H13=98.3%', 'H14=98.3%', 'H15=98.3%', 'H16=98.3%']
  per_ACT_puzzle_acc: ['H1=0.0%', 'H2=0.0%', 'H3=7.8%', 'H4=33.2%', 'H5=42.7%', 'H6=46.1%', 'H7=48.7%', 'H8=49.1%', 'H9=49.6%', 'H10=48.3%', 'H11=48.7%', 'H12=47.8%', 'H13=47.4%', 'H14=47.0%', 'H15=47.4%', 'H16=47.0%']
  mean_sigmoid_q_halt: ['0.003', '0.043', '0.072', '0.410', '0.594', '0.668', '0.719', '0.734', '0.754', '0.758', '0.777', '0.781', '0.777', '0.777', '0.781', '0.785']
  halt_rates: ['0.00', '0.00', '0.04', '0.41', '0.63', '0.69', '0.73', '0.75', '0.77', '0.77', '0.80', '0.80', '0.78', '0.79', '0.80', '0.80']
  halt_histogram %: [9.5, 46.3, 14.2, 5.3, 2.9, 1.8, 1.4, 1.1, 0.8, 0.6, 0.5, 0.6, 0.4, 0.4, 0.3, 13.8]
  Avg ACT steps (last 100): 2.01
  saved: /home/jvdillon/projects/sic/code/maze/ckpts/x000l/step02000.pt acc=98.45% (0.083s)
  saved: /home/jvdillon/projects/sic/code/maze/ckpts/x000l/best.pt acc=98.45% (0.163s)
Step  2000  Test 98.45% / 46.30%  Train lm=0.7305±0.0033ϵ[0.7227,0.7422] n_halted=57.1620±12.0892ϵ[20.0000,88.0000]  (27.748s / 174.109s)
  n_active=128.0000±0.0000ϵ[128.0000,128.0000] n_expunged=0.0000±0.0000ϵ[0.0000,0.0000] pool_util=1.0000±0.0000ϵ[1.0000,1.0000]
  cell_acc=98.93%, puzzle_acc=65.20%
  eval_avg_halt_step: 2.59
  per_H_acc: ['H0=70.1%', 'H1=72.7%', 'H2=98.2%']
  H_cos: ['0.664', '0.758']
  z_H_delta: ['21.250', '23.250']
  cells: fixed=[31515, 55111] broken=[26250, 1720]
  per_ACT_cell_acc: ['H1=70.1%', 'H2=72.7%', 'H3=98.2%', 'H4=98.7%', 'H5=98.8%', 'H6=98.9%', 'H7=98.9%', 'H8=98.9%', 'H9=98.9%', 'H10=98.9%', 'H11=98.9%', 'H12=98.9%', 'H13=98.9%', 'H14=98.9%', 'H15=98.9%', 'H16=98.9%']
  per_ACT_puzzle_acc: ['H1=0.0%', 'H2=0.0%', 'H3=15.5%', 'H4=41.4%', 'H5=51.3%', 'H6=57.8%', 'H7=60.3%', 'H8=62.1%', 'H9=61.2%', 'H10=62.5%', 'H11=62.5%', 'H12=61.6%', 'H13=60.8%', 'H14=60.3%', 'H15=60.8%', 'H16=60.3%']
  mean_sigmoid_q_halt: ['0.009', '0.032', '0.324', '0.555', '0.664', '0.754', '0.812', '0.828', '0.844', '0.848', '0.863', '0.859', '0.852', '0.852', '0.852', '0.852']
  halt_rates: ['0.00', '0.00', '0.30', '0.53', '0.68', '0.76', '0.83', '0.83', '0.86', '0.84', '0.87', '0.87', '0.86', '0.86', '0.85', '0.86']
  halt_histogram %: [21.0, 47.4, 12.0, 3.9, 2.0, 1.2, 0.9, 0.7, 0.5, 0.4, 0.4, 0.4, 0.3, 0.2, 0.2, 8.5]
  Avg ACT steps (last 100): 1.88
  saved: /home/jvdillon/projects/sic/code/maze/ckpts/x000l/step02500.pt acc=98.93% (0.083s)
  saved: /home/jvdillon/projects/sic/code/maze/ckpts/x000l/best.pt acc=98.93% (0.163s)
Step  2500  Test 98.93% / 65.20%  Train lm=0.7266±0.0026ϵ[0.7227,0.7383] n_halted=69.8140±11.8118ϵ[27.0000,97.0000]  (28.117s / 174.559s)
  n_active=128.0000±0.0000ϵ[128.0000,128.0000] n_expunged=0.0000±0.0000ϵ[0.0000,0.0000] pool_util=1.0000±0.0000ϵ[1.0000,1.0000]
  cell_acc=98.83%, puzzle_acc=60.50%
  eval_avg_halt_step: 2.48
  per_H_acc: ['H0=50.9%', 'H1=65.3%', 'H2=97.9%']
  H_cos: ['0.730', '0.738']
  z_H_delta: ['20.375', '23.500']
  cells: fixed=[30943, 70539] broken=[845, 2408]
  per_ACT_cell_acc: ['H1=50.9%', 'H2=65.3%', 'H3=97.9%', 'H4=98.4%', 'H5=98.6%', 'H6=98.7%', 'H7=98.7%', 'H8=98.7%', 'H9=98.8%', 'H10=98.8%', 'H11=98.8%', 'H12=98.8%', 'H13=98.8%', 'H14=98.8%', 'H15=98.8%', 'H16=98.8%']
  per_ACT_puzzle_acc: ['H1=0.0%', 'H2=0.0%', 'H3=13.4%', 'H4=40.9%', 'H5=51.7%', 'H6=55.2%', 'H7=56.5%', 'H8=57.8%', 'H9=57.8%', 'H10=57.3%', 'H11=57.8%', 'H12=58.2%', 'H13=58.2%', 'H14=58.6%', 'H15=58.2%', 'H16=57.8%']
  mean_sigmoid_q_halt: ['0.174', '0.013', '0.214', '0.574', '0.703', '0.797', '0.828', '0.852', '0.867', '0.879', '0.883', '0.883', '0.887', '0.883', '0.891', '0.891']
  halt_rates: ['0.00', '0.00', '0.16', '0.55', '0.71', '0.82', '0.86', '0.88', '0.89', '0.90', '0.91', '0.91', '0.91', '0.90', '0.92', '0.92']
  halt_histogram %: [31.7, 44.1, 10.0, 3.0, 1.5, 0.9, 0.6, 0.5, 0.4, 0.3, 0.3, 0.3, 0.2, 0.2, 0.1, 5.9]
  Avg ACT steps (last 100): 1.77
  saved: /home/jvdillon/projects/sic/code/maze/ckpts/x000l/step03000.pt acc=98.83% (0.085s)
Step  3000  Test 98.83% / 60.50%  Train lm=0.7227±0.0023ϵ[0.7188,0.7383] n_halted=80.4480±11.3294ϵ[39.0000,103.0000]  (28.015s / 176.210s)
  n_active=128.0000±0.0000ϵ[128.0000,128.0000] n_expunged=0.0000±0.0000ϵ[0.0000,0.0000] pool_util=1.0000±0.0000ϵ[1.0000,1.0000]
  cell_acc=99.04%, puzzle_acc=67.50%
  eval_avg_halt_step: 1.77
  per_H_acc: ['H0=12.7%', 'H1=70.1%', 'H2=98.4%']
  H_cos: ['0.785', '0.766']
  z_H_delta: ['22.875', '23.750']
  cells: fixed=[120980, 60608] broken=[1120, 1581]
  per_ACT_cell_acc: ['H1=12.7%', 'H2=70.1%', 'H3=98.4%', 'H4=98.7%', 'H5=98.8%', 'H6=98.9%', 'H7=98.9%', 'H8=99.0%', 'H9=99.0%', 'H10=99.0%', 'H11=99.0%', 'H12=99.0%', 'H13=99.0%', 'H14=99.0%', 'H15=99.0%', 'H16=99.0%']
  per_ACT_puzzle_acc: ['H1=0.0%', 'H2=0.0%', 'H3=32.3%', 'H4=46.6%', 'H5=59.5%', 'H6=63.4%', 'H7=65.5%', 'H8=66.4%', 'H9=68.5%', 'H10=68.1%', 'H11=68.5%', 'H12=68.1%', 'H13=68.1%', 'H14=68.1%', 'H15=68.1%', 'H16=67.2%']
  mean_sigmoid_q_halt: ['0.072', '0.007', '0.543', '0.691', '0.785', '0.883', '0.902', '0.918', '0.938', '0.945', '0.953', '0.957', '0.957', '0.957', '0.953', '0.957']
  halt_rates: ['0.00', '0.00', '0.51', '0.69', '0.81', '0.93', '0.92', '0.94', '0.96', '0.96', '0.97', '0.97', '0.97', '0.97', '0.97', '0.97']
  halt_histogram %: [40.4, 40.2, 8.5, 2.4, 1.2, 0.7, 0.5, 0.4, 0.3, 0.2, 0.2, 0.2, 0.1, 0.1, 0.1, 4.4]
  Avg ACT steps (last 100): 1.34
  saved: /home/jvdillon/projects/sic/code/maze/ckpts/x000l/step03500.pt acc=99.04% (0.085s)
  saved: /home/jvdillon/projects/sic/code/maze/ckpts/x000l/best.pt acc=99.04% (0.167s)
Step  3500  Test 99.04% / 67.50%  Train lm=0.7227±0.0021ϵ[0.7188,0.7344] n_halted=89.2580±10.3652ϵ[32.0000,113.0000]  (28.091s / 176.081s)
  n_active=128.0000±0.0000ϵ[128.0000,128.0000] n_expunged=0.0000±0.0000ϵ[0.0000,0.0000] pool_util=1.0000±0.0000ϵ[1.0000,1.0000]
  cell_acc=98.94%, puzzle_acc=56.00%
  eval_avg_halt_step: 1.82
  per_H_acc: ['H0=12.7%', 'H1=72.3%', 'H2=98.6%']
  H_cos: ['0.715', '0.785']
  z_H_delta: ['24.125', '22.750']
  cells: fixed=[124625, 56002] broken=[312, 1082]
  per_ACT_cell_acc: ['H1=12.7%', 'H2=72.3%', 'H3=98.6%', 'H4=98.8%', 'H5=98.8%', 'H6=98.8%', 'H7=98.9%', 'H8=98.9%', 'H9=98.8%', 'H10=98.9%', 'H11=98.8%', 'H12=98.8%', 'H13=98.8%', 'H14=98.8%', 'H15=98.8%', 'H16=98.8%']
  per_ACT_puzzle_acc: ['H1=0.0%', 'H2=0.0%', 'H3=38.4%', 'H4=56.5%', 'H5=62.1%', 'H6=63.8%', 'H7=64.2%', 'H8=65.5%', 'H9=63.8%', 'H10=60.3%', 'H11=58.6%', 'H12=57.8%', 'H13=58.2%', 'H14=57.8%', 'H15=58.2%', 'H16=55.6%']
  mean_sigmoid_q_halt: ['0.144', '0.009', '0.613', '0.789', '0.844', '0.867', '0.891', '0.895', '0.906', '0.910', '0.910', '0.902', '0.902', '0.902', '0.898', '0.906']
  halt_rates: ['0.00', '0.00', '0.62', '0.81', '0.85', '0.89', '0.92', '0.92', '0.93', '0.94', '0.94', '0.93', '0.93', '0.94', '0.94', '0.94']
  halt_histogram %: [47.9, 36.0, 7.4, 2.0, 1.0, 0.6, 0.4, 0.3, 0.2, 0.2, 0.2, 0.2, 0.1, 0.1, 0.1, 3.4]
  Avg ACT steps (last 100): 1.15
  saved: /home/jvdillon/projects/sic/code/maze/ckpts/x000l/step04000.pt acc=98.94% (0.083s)
Step  4000  Test 98.94% / 56.00%  Train lm=0.7227±0.0019ϵ[0.7188,0.7305] n_halted=96.8520±8.0560ϵ[59.0000,114.0000]  (28.003s / 176.067s)
  n_active=128.0000±0.0000ϵ[128.0000,128.0000] n_expunged=0.0000±0.0000ϵ[0.0000,0.0000] pool_util=1.0000±0.0000ϵ[1.0000,1.0000]
  cell_acc=98.83%, puzzle_acc=64.10%
  eval_avg_halt_step: 2.25
  per_H_acc: ['H0=49.9%', 'H1=72.9%', 'H2=98.2%']
  H_cos: ['0.867', '0.773']
  z_H_delta: ['23.500', '21.750']
  cells: fixed=[49258, 54354] broken=[1332, 1479]
  per_ACT_cell_acc: ['H1=49.9%', 'H2=72.9%', 'H3=98.2%', 'H4=98.5%', 'H5=98.7%', 'H6=98.7%', 'H7=98.7%', 'H8=98.7%', 'H9=98.7%', 'H10=98.7%', 'H11=98.7%', 'H12=98.7%', 'H13=98.7%', 'H14=98.7%', 'H15=98.7%', 'H16=98.7%']
  per_ACT_puzzle_acc: ['H1=0.0%', 'H2=0.0%', 'H3=25.9%', 'H4=44.8%', 'H5=53.4%', 'H6=58.2%', 'H7=59.1%', 'H8=59.9%', 'H9=61.2%', 'H10=61.2%', 'H11=61.6%', 'H12=61.6%', 'H13=62.1%', 'H14=62.5%', 'H15=62.5%', 'H16=62.1%']
  mean_sigmoid_q_halt: ['0.391', '0.007', '0.355', '0.680', '0.812', '0.875', '0.895', '0.910', '0.926', '0.922', '0.926', '0.926', '0.930', '0.938', '0.938', '0.938']
  halt_rates: ['0.00', '0.00', '0.32', '0.67', '0.81', '0.87', '0.89', '0.91', '0.93', '0.92', '0.92', '0.92', '0.93', '0.94', '0.94', '0.94']
  halt_histogram %: [52.8, 33.3, 6.5, 1.8, 0.8, 0.5, 0.3, 0.3, 0.2, 0.2, 0.1, 0.1, 0.1, 0.1, 0.1, 2.8]
  Avg ACT steps (last 100): 1.47
  saved: /home/jvdillon/projects/sic/code/maze/ckpts/x000l/step04500.pt acc=98.83% (0.084s)
Step  4500  Test 98.83% / 64.10%  Train lm=0.7227±0.0019ϵ[0.7188,0.7266] n_halted=97.5620±8.9426ϵ[44.0000,116.0000]  (28.034s / 176.156s)
  n_active=128.0000±0.0000ϵ[128.0000,128.0000] n_expunged=0.0000±0.0000ϵ[0.0000,0.0000] pool_util=1.0000±0.0000ϵ[1.0000,1.0000]
  cell_acc=98.87%, puzzle_acc=59.20%
  eval_avg_halt_step: 2.64
  per_H_acc: ['H0=72.1%', 'H1=94.1%', 'H2=99.1%']
  H_cos: ['0.734', '0.930']
  z_H_delta: ['26.375', '17.750']
  cells: fixed=[52262, 11171] broken=[6409, 722]
  per_ACT_cell_acc: ['H1=72.1%', 'H2=94.1%', 'H3=99.1%', 'H4=99.2%', 'H5=99.2%', 'H6=99.2%', 'H7=99.2%', 'H8=99.2%', 'H9=99.1%', 'H10=99.1%', 'H11=99.2%', 'H12=99.1%', 'H13=99.1%', 'H14=99.1%', 'H15=99.1%', 'H16=99.1%']
  per_ACT_puzzle_acc: ['H1=0.0%', 'H2=0.0%', 'H3=52.6%', 'H4=64.7%', 'H5=69.0%', 'H6=72.0%', 'H7=73.3%', 'H8=70.7%', 'H9=71.1%', 'H10=69.4%', 'H11=68.5%', 'H12=67.2%', 'H13=67.7%', 'H14=65.5%', 'H15=66.4%', 'H16=67.2%']
  mean_sigmoid_q_halt: ['0.594', '0.045', '0.566', '0.738', '0.738', '0.770', '0.762', '0.750', '0.734', '0.719', '0.719', '0.715', '0.715', '0.703', '0.691', '0.703']
  halt_rates: ['1.00', '0.00', '0.56', '0.76', '0.78', '0.83', '0.80', '0.80', '0.79', '0.79', '0.77', '0.76', '0.79', '0.77', '0.75', '0.78']
  halt_histogram %: [55.8, 31.8, 6.0, 1.6, 0.7, 0.4, 0.3, 0.2, 0.2, 0.1, 0.1, 0.1, 0.1, 0.1, 0.1, 2.4]
  Avg ACT steps (last 100): 1.22
  saved: /home/jvdillon/projects/sic/code/maze/ckpts/x000l/step05000.pt acc=98.87% (0.083s)
Step  5000  Test 98.87% / 59.20%  Train lm=0.7227±0.0022ϵ[0.7188,0.7383] n_halted=94.9920±10.1516ϵ[44.0000,117.0000]  (28.045s / 176.066s)
  n_active=128.0000±0.0000ϵ[128.0000,128.0000] n_expunged=0.0000±0.0000ϵ[0.0000,0.0000] pool_util=1.0000±0.0000ϵ[1.0000,1.0000]
  cell_acc=99.19%, puzzle_acc=71.90%
  eval_avg_halt_step: 1.72
  per_H_acc: ['H0=50.3%', 'H1=80.0%', 'H2=98.8%']
  H_cos: ['0.816', '0.812']
  z_H_delta: ['23.250', '25.875']
  cells: fixed=[99757, 40430] broken=[37757, 1200]
  per_ACT_cell_acc: ['H1=50.3%', 'H2=80.0%', 'H3=98.8%', 'H4=99.0%', 'H5=99.1%', 'H6=99.1%', 'H7=99.1%', 'H8=99.1%', 'H9=99.1%', 'H10=99.1%', 'H11=99.1%', 'H12=99.1%', 'H13=99.1%', 'H14=99.1%', 'H15=99.1%', 'H16=99.1%']
  per_ACT_puzzle_acc: ['H1=0.0%', 'H2=0.0%', 'H3=47.4%', 'H4=63.8%', 'H5=68.1%', 'H6=70.7%', 'H7=71.6%', 'H8=72.0%', 'H9=72.0%', 'H10=72.4%', 'H11=72.0%', 'H12=72.4%', 'H13=72.4%', 'H14=72.0%', 'H15=71.1%', 'H16=70.7%']
  mean_sigmoid_q_halt: ['0.271', '0.033', '0.617', '0.734', '0.852', '0.902', '0.922', '0.934', '0.938', '0.934', '0.934', '0.938', '0.941', '0.938', '0.934', '0.934']
  halt_rates: ['0.00', '0.00', '0.61', '0.73', '0.87', '0.92', '0.94', '0.96', '0.97', '0.95', '0.96', '0.96', '0.97', '0.96', '0.96', '0.96']
  halt_histogram %: [58.6, 30.2, 5.5, 1.4, 0.6, 0.4, 0.3, 0.2, 0.2, 0.1, 0.1, 0.1, 0.1, 0.1, 0.1, 2.1]
  Avg ACT steps (last 100): 1.23
  saved: /home/jvdillon/projects/sic/code/maze/ckpts/x000l/step05500.pt acc=99.19% (0.083s)
  saved: /home/jvdillon/projects/sic/code/maze/ckpts/x000l/best.pt acc=99.19% (0.164s)
Step  5500  Test 99.19% / 71.90%  Train lm=0.7227±0.0023ϵ[0.7188,0.7305] n_halted=99.4100±10.1143ϵ[46.0000,117.0000]  (28.121s / 176.031s)
  n_active=128.0000±0.0000ϵ[128.0000,128.0000] n_expunged=0.0000±0.0000ϵ[0.0000,0.0000] pool_util=1.0000±0.0000ϵ[1.0000,1.0000]
  cell_acc=99.29%, puzzle_acc=76.50%
  eval_avg_halt_step: 1.47
  per_H_acc: ['H0=70.9%', 'H1=67.9%', 'H2=99.1%']
  H_cos: ['0.793', '0.730']
  z_H_delta: ['22.250', '25.000']
  cells: fixed=[59894, 65845] broken=[66015, 884]
  per_ACT_cell_acc: ['H1=70.9%', 'H2=67.9%', 'H3=99.1%', 'H4=99.3%', 'H5=99.3%', 'H6=99.3%', 'H7=99.3%', 'H8=99.3%', 'H9=99.3%', 'H10=99.4%', 'H11=99.4%', 'H12=99.4%', 'H13=99.4%', 'H14=99.4%', 'H15=99.4%', 'H16=99.4%']
  per_ACT_puzzle_acc: ['H1=0.0%', 'H2=0.0%', 'H3=47.8%', 'H4=67.2%', 'H5=75.0%', 'H6=76.7%', 'H7=77.6%', 'H8=77.6%', 'H9=77.6%', 'H10=78.0%', 'H11=78.4%', 'H12=78.9%', 'H13=78.9%', 'H14=78.9%', 'H15=78.4%', 'H16=78.4%']
  mean_sigmoid_q_halt: ['0.805', '0.793', '0.664', '0.887', '0.938', '0.961', '0.973', '0.973', '0.977', '0.980', '0.984', '0.988', '0.988', '0.988', '0.984', '0.984']
  halt_rates: ['1.00', '1.00', '0.63', '0.91', '0.95', '0.97', '0.99', '0.98', '0.99', '1.00', '0.99', '1.00', '1.00', '1.00', '1.00', '1.00']
  halt_histogram %: [61.0, 28.8, 5.1, 1.3, 0.6, 0.3, 0.2, 0.2, 0.1, 0.1, 0.1, 0.1, 0.1, 0.1, 0.1, 1.8]
  Avg ACT steps (last 100): 1.29
  saved: /home/jvdillon/projects/sic/code/maze/ckpts/x000l/step06000.pt acc=99.29% (0.084s)
  saved: /home/jvdillon/projects/sic/code/maze/ckpts/x000l/best.pt acc=99.29% (0.164s)
Step  6000  Test 99.29% / 76.50%  Train lm=0.7188±0.0021ϵ[0.7188,0.7305] n_halted=100.4040±9.1049ϵ[46.0000,120.0000]  (27.961s / 176.124s)
  n_active=128.0000±0.0000ϵ[128.0000,128.0000] n_expunged=0.0000±0.0000ϵ[0.0000,0.0000] pool_util=1.0000±0.0000ϵ[1.0000,1.0000]
  cell_acc=99.31%, puzzle_acc=76.90%
  eval_avg_halt_step: 1.52
  per_H_acc: ['H0=50.3%', 'H1=87.2%', 'H2=99.0%']
  H_cos: ['0.762', '0.844']
  z_H_delta: ['22.500', '23.875']
  cells: fixed=[86071, 25712] broken=[9001, 1004]
  per_ACT_cell_acc: ['H1=50.3%', 'H2=87.2%', 'H3=99.0%', 'H4=99.3%', 'H5=99.4%', 'H6=99.4%', 'H7=99.4%', 'H8=99.4%', 'H9=99.4%', 'H10=99.4%', 'H11=99.4%', 'H12=99.4%', 'H13=99.4%', 'H14=99.4%', 'H15=99.4%', 'H16=99.4%']
  per_ACT_puzzle_acc: ['H1=0.0%', 'H2=0.0%', 'H3=52.6%', 'H4=66.8%', 'H5=77.2%', 'H6=79.3%', 'H7=80.6%', 'H8=80.6%', 'H9=80.6%', 'H10=81.0%', 'H11=81.0%', 'H12=81.0%', 'H13=81.0%', 'H14=80.6%', 'H15=80.6%', 'H16=80.2%']
  mean_sigmoid_q_halt: ['0.660', '0.520', '0.617', '0.855', '0.898', '0.949', '0.969', '0.973', '0.973', '0.977', '0.980', '0.980', '0.980', '0.977', '0.977', '0.980']
  halt_rates: ['1.00', '0.62', '0.59', '0.87', '0.91', '0.96', '0.97', '0.98', '0.97', '0.98', '0.98', '0.99', '0.99', '0.98', '0.98', '0.98']
  halt_histogram %: [63.1, 27.5, 4.8, 1.2, 0.5, 0.3, 0.2, 0.2, 0.1, 0.1, 0.1, 0.1, 0.1, 0.1, 0.0, 1.7]
  Avg ACT steps (last 100): 1.12
  saved: /home/jvdillon/projects/sic/code/maze/ckpts/x000l/step06500.pt acc=99.31% (0.083s)
  saved: /home/jvdillon/projects/sic/code/maze/ckpts/x000l/best.pt acc=99.31% (0.162s)
Step  6500  Test 99.31% / 76.90%  Train lm=0.7227±0.0044ϵ[0.7188,0.7812] n_halted=101.9920±12.7155ϵ[13.0000,119.0000]  (27.704s / 174.179s)
  n_active=128.0000±0.0000ϵ[128.0000,128.0000] n_expunged=0.0000±0.0000ϵ[0.0000,0.0000] pool_util=1.0000±0.0000ϵ[1.0000,1.0000]
  cell_acc=99.24%, puzzle_acc=73.30%
  eval_avg_halt_step: 1.77
  per_H_acc: ['H0=17.1%', 'H1=93.6%', 'H2=98.9%']
  H_cos: ['0.570', '0.922']
  z_H_delta: ['24.875', '20.000']
  cells: fixed=[162668, 12114] broken=[2955, 995]
  per_ACT_cell_acc: ['H1=17.1%', 'H2=93.6%', 'H3=98.9%', 'H4=99.1%', 'H5=99.1%', 'H6=99.2%', 'H7=99.2%', 'H8=99.2%', 'H9=99.2%', 'H10=99.2%', 'H11=99.2%', 'H12=99.2%', 'H13=99.2%', 'H14=99.2%', 'H15=99.2%', 'H16=99.2%']
  per_ACT_puzzle_acc: ['H1=0.0%', 'H2=0.0%', 'H3=56.0%', 'H4=64.2%', 'H5=69.4%', 'H6=72.0%', 'H7=73.3%', 'H8=74.1%', 'H9=72.8%', 'H10=72.8%', 'H11=72.8%', 'H12=72.4%', 'H13=72.4%', 'H14=72.0%', 'H15=72.0%', 'H16=72.0%']
  mean_sigmoid_q_halt: ['0.570', '0.173', '0.637', '0.766', '0.844', '0.902', '0.918', '0.926', '0.934', '0.934', '0.938', '0.938', '0.941', '0.938', '0.938', '0.938']
  halt_rates: ['0.94', '0.01', '0.62', '0.78', '0.85', '0.91', '0.93', '0.94', '0.94', '0.94', '0.95', '0.96', '0.95', '0.95', '0.95', '0.95']
  halt_histogram %: [65.2, 26.1, 4.5, 1.1, 0.5, 0.3, 0.2, 0.2, 0.1, 0.1, 0.1, 0.1, 0.1, 0.0, 0.0, 1.5]
  Avg ACT steps (last 100): 1.16
  saved: /home/jvdillon/projects/sic/code/maze/ckpts/x000l/step07000.pt acc=99.24% (0.084s)
Step  7000  Test 99.24% / 73.30%  Train lm=0.7188±0.0021ϵ[0.7188,0.7344] n_halted=106.6040±7.0778ϵ[42.0000,121.0000]  (27.626s / 174.083s)
  n_active=128.0000±0.0000ϵ[128.0000,128.0000] n_expunged=0.0000±0.0000ϵ[0.0000,0.0000] pool_util=1.0000±0.0000ϵ[1.0000,1.0000]
  cell_acc=99.32%, puzzle_acc=67.90%
  eval_avg_halt_step: 1.75
  per_H_acc: ['H0=50.4%', 'H1=76.6%', 'H2=99.2%']
  H_cos: ['0.770', '0.789']
  z_H_delta: ['24.375', '25.125']
  cells: fixed=[102463, 48013] broken=[47883, 718]
  per_ACT_cell_acc: ['H1=50.4%', 'H2=76.6%', 'H3=99.2%', 'H4=99.4%', 'H5=99.4%', 'H6=99.5%', 'H7=99.5%', 'H8=99.5%', 'H9=99.5%', 'H10=99.5%', 'H11=99.5%', 'H12=99.5%', 'H13=99.5%', 'H14=99.5%', 'H15=99.5%', 'H16=99.5%']
  per_ACT_puzzle_acc: ['H1=0.0%', 'H2=0.0%', 'H3=55.6%', 'H4=71.6%', 'H5=75.0%', 'H6=77.2%', 'H7=79.3%', 'H8=81.0%', 'H9=81.9%', 'H10=81.9%', 'H11=81.0%', 'H12=81.0%', 'H13=81.9%', 'H14=79.7%', 'H15=80.6%', 'H16=79.3%']
  mean_sigmoid_q_halt: ['0.875', '0.311', '0.641', '0.832', '0.836', '0.879', '0.891', '0.898', '0.922', '0.930', '0.926', '0.938', '0.938', '0.934', '0.930', '0.938']
  halt_rates: ['1.00', '0.03', '0.61', '0.85', '0.85', '0.91', '0.91', '0.93', '0.94', '0.94', '0.94', '0.95', '0.95', '0.95', '0.94', '0.95']
  halt_histogram %: [66.9, 25.0, 4.3, 1.0, 0.5, 0.3, 0.2, 0.1, 0.1, 0.1, 0.1, 0.1, 0.0, 0.0, 0.0, 1.3]
  Avg ACT steps (last 100): 1.25
  saved: /home/jvdillon/projects/sic/code/maze/ckpts/x000l/step07500.pt acc=99.32% (0.083s)
  saved: /home/jvdillon/projects/sic/code/maze/ckpts/x000l/best.pt acc=99.32% (0.162s)
Step  7500  Test 99.32% / 67.90%  Train lm=0.7188±0.0027ϵ[0.7188,0.7500] n_halted=106.8800±9.7972ϵ[1.0000,119.0000]  (27.708s / 174.069s)
  n_active=128.0000±0.0000ϵ[128.0000,128.0000] n_expunged=0.0000±0.0000ϵ[0.0000,0.0000] pool_util=1.0000±0.0000ϵ[1.0000,1.0000]
  cell_acc=99.26%, puzzle_acc=76.80%
  eval_avg_halt_step: 1.44
  per_H_acc: ['H0=52.7%', 'H1=89.4%', 'H2=99.1%']
  H_cos: ['0.758', '0.840']
  z_H_delta: ['22.500', '24.750']
  cells: fixed=[96464, 20858] broken=[19704, 704]
  per_ACT_cell_acc: ['H1=52.7%', 'H2=89.4%', 'H3=99.1%', 'H4=99.2%', 'H5=99.3%', 'H6=99.3%', 'H7=99.3%', 'H8=99.3%', 'H9=99.3%', 'H10=99.3%', 'H11=99.3%', 'H12=99.3%', 'H13=99.3%', 'H14=99.4%', 'H15=99.4%', 'H16=99.3%']
  per_ACT_puzzle_acc: ['H1=0.0%', 'H2=0.0%', 'H3=58.6%', 'H4=69.4%', 'H5=75.0%', 'H6=75.0%', 'H7=75.9%', 'H8=75.9%', 'H9=77.2%', 'H10=76.7%', 'H11=76.7%', 'H12=77.2%', 'H13=76.7%', 'H14=77.6%', 'H15=78.0%', 'H16=77.6%']
  mean_sigmoid_q_halt: ['0.457', '0.162', '0.746', '0.848', '0.910', '0.922', '0.934', '0.941', '0.941', '0.938', '0.961', '0.965', '0.965', '0.969', '0.973', '0.973']
  halt_rates: ['0.17', '0.00', '0.73', '0.83', '0.92', '0.93', '0.94', '0.94', '0.94', '0.95', '0.97', '0.97', '0.97', '0.97', '0.98', '0.98']
  halt_histogram %: [68.3, 24.1, 4.0, 1.0, 0.4, 0.2, 0.2, 0.1, 0.1, 0.1, 0.1, 0.1, 0.0, 0.0, 0.0, 1.2]
  Avg ACT steps (last 100): 1.20
  saved: /home/jvdillon/projects/sic/code/maze/ckpts/x000l/step08000.pt acc=99.26% (0.082s)
Step  8000  Test 99.26% / 76.80%  Train lm=0.7188±0.0018ϵ[0.7188,0.7266] n_halted=106.4020±7.4788ϵ[66.0000,119.0000]  (27.618s / 174.098s)
  n_active=128.0000±0.0000ϵ[128.0000,128.0000] n_expunged=0.0000±0.0000ϵ[0.0000,0.0000] pool_util=1.0000±0.0000ϵ[1.0000,1.0000]
  cell_acc=98.48%, puzzle_acc=37.40%
  eval_avg_halt_step: 1.36
  per_H_acc: ['H0=87.5%', 'H1=83.5%', 'H2=98.9%']
  H_cos: ['0.777', '0.793']
  z_H_delta: ['22.750', '26.125']
  cells: fixed=[21314, 33158] broken=[29575, 955]
  per_ACT_cell_acc: ['H1=87.5%', 'H2=83.5%', 'H3=98.9%', 'H4=99.1%', 'H5=99.1%', 'H6=99.2%', 'H7=99.2%', 'H8=99.2%', 'H9=99.2%', 'H10=99.2%', 'H11=99.2%', 'H12=99.2%', 'H13=99.1%', 'H14=99.1%', 'H15=99.1%', 'H16=99.0%']
  per_ACT_puzzle_acc: ['H1=0.0%', 'H2=0.0%', 'H3=58.2%', 'H4=70.3%', 'H5=72.8%', 'H6=72.8%', 'H7=73.7%', 'H8=74.1%', 'H9=74.6%', 'H10=74.1%', 'H11=73.3%', 'H12=73.7%', 'H13=72.0%', 'H14=70.3%', 'H15=68.1%', 'H16=65.5%']
  mean_sigmoid_q_halt: ['0.559', '0.482', '0.742', '0.867', '0.902', '0.922', '0.930', '0.934', '0.941', '0.941', '0.934', '0.926', '0.926', '0.922', '0.910', '0.891']
  halt_rates: ['0.86', '0.35', '0.72', '0.87', '0.91', '0.93', '0.95', '0.94', '0.96', '0.96', '0.96', '0.95', '0.96', '0.95', '0.94', '0.92']
  halt_histogram %: [69.5, 23.3, 3.9, 0.9, 0.4, 0.2, 0.2, 0.1, 0.1, 0.1, 0.1, 0.1, 0.0, 0.0, 0.0, 1.1]
  Avg ACT steps (last 100): 1.18
  saved: /home/jvdillon/projects/sic/code/maze/ckpts/x000l/step08500.pt acc=98.48% (0.084s)
Step  8500  Test 98.48% / 37.40%  Train lm=0.7188±0.0028ϵ[0.7188,0.7578] n_halted=106.0060±10.4599ϵ[1.0000,120.0000]  (27.912s / 174.367s)
  n_active=128.0000±0.0000ϵ[128.0000,128.0000] n_expunged=0.0000±0.0000ϵ[0.0000,0.0000] pool_util=1.0000±0.0000ϵ[1.0000,1.0000]
  cell_acc=99.11%, puzzle_acc=60.50%
  eval_avg_halt_step: 1.46
  per_H_acc: ['H0=50.3%', 'H1=81.0%', 'H2=99.2%']
  H_cos: ['0.621', '0.762']
  z_H_delta: ['22.625', '26.750']
  cells: fixed=[101527, 38880] broken=[37494, 786]
  per_ACT_cell_acc: ['H1=50.3%', 'H2=81.0%', 'H3=99.2%', 'H4=99.3%', 'H5=99.3%', 'H6=99.3%', 'H7=99.3%', 'H8=99.3%', 'H9=99.3%', 'H10=99.3%', 'H11=99.3%', 'H12=99.3%', 'H13=99.3%', 'H14=99.3%', 'H15=99.3%', 'H16=99.3%']
  per_ACT_puzzle_acc: ['H1=0.0%', 'H2=0.0%', 'H3=62.5%', 'H4=74.6%', 'H5=77.6%', 'H6=77.6%', 'H7=78.0%', 'H8=77.6%', 'H9=77.2%', 'H10=76.7%', 'H11=75.9%', 'H12=74.6%', 'H13=72.4%', 'H14=69.8%', 'H15=68.5%', 'H16=68.1%']
  mean_sigmoid_q_halt: ['0.781', '0.758', '0.766', '0.867', '0.910', '0.922', '0.926', '0.938', '0.934', '0.926', '0.922', '0.926', '0.926', '0.918', '0.918', '0.914']
  halt_rates: ['1.00', '1.00', '0.76', '0.89', '0.93', '0.93', '0.94', '0.94', '0.94', '0.93', '0.93', '0.94', '0.93', '0.92', '0.93', '0.93']
  halt_histogram %: [70.5, 22.7, 3.7, 0.9, 0.4, 0.2, 0.1, 0.1, 0.1, 0.1, 0.1, 0.1, 0.0, 0.0, 0.0, 1.1]
  Avg ACT steps (last 100): 1.10
  saved: /home/jvdillon/projects/sic/code/maze/ckpts/x000l/step09000.pt acc=99.11% (0.086s)
Step  9000  Test 99.11% / 60.50%  Train lm=0.7188±0.0020ϵ[0.7188,0.7344] n_halted=106.1280±10.7824ϵ[16.0000,122.0000]  (28.109s / 175.583s)
  n_active=128.0000±0.0000ϵ[128.0000,128.0000] n_expunged=0.0000±0.0000ϵ[0.0000,0.0000] pool_util=1.0000±0.0000ϵ[1.0000,1.0000]
  cell_acc=98.66%, puzzle_acc=48.80%
  eval_avg_halt_step: 1.61
  per_H_acc: ['H0=87.4%', 'H1=93.4%', 'H2=99.1%']
  H_cos: ['0.914', '0.879']
  z_H_delta: ['23.625', '22.875']
  cells: fixed=[23864, 12862] broken=[11352, 812]
  per_ACT_cell_acc: ['H1=87.4%', 'H2=93.4%', 'H3=99.1%', 'H4=99.2%', 'H5=99.2%', 'H6=99.2%', 'H7=99.2%', 'H8=99.2%', 'H9=99.2%', 'H10=99.2%', 'H11=99.2%', 'H12=99.2%', 'H13=99.2%', 'H14=99.2%', 'H15=99.2%', 'H16=99.1%']
  per_ACT_puzzle_acc: ['H1=0.0%', 'H2=0.0%', 'H3=62.1%', 'H4=73.3%', 'H5=76.3%', 'H6=78.0%', 'H7=78.0%', 'H8=78.0%', 'H9=78.0%', 'H10=77.6%', 'H11=76.7%', 'H12=75.9%', 'H13=73.3%', 'H14=72.4%', 'H15=70.7%', 'H16=69.0%']
  mean_sigmoid_q_halt: ['0.816', '0.361', '0.680', '0.762', '0.824', '0.871', '0.883', '0.887', '0.883', '0.863', '0.832', '0.793', '0.754', '0.715', '0.680', '0.656']
  halt_rates: ['1.00', '0.04', '0.67', '0.78', '0.88', '0.93', '0.95', '0.96', '0.97', '0.97', '0.97', '0.94', '0.93', '0.86', '0.84', '0.80']
  halt_histogram %: [71.4, 22.0, 3.6, 0.8, 0.4, 0.2, 0.1, 0.1, 0.1, 0.1, 0.1, 0.1, 0.0, 0.0, 0.0, 1.0]
  Avg ACT steps (last 100): 1.19
  saved: /home/jvdillon/projects/sic/code/maze/ckpts/x000l/step09500.pt acc=98.66% (0.084s)
Step  9500  Test 98.66% / 48.80%  Train lm=0.7188±0.0028ϵ[0.7188,0.7344] n_halted=103.4660±18.9798ϵ[3.0000,122.0000]  (27.921s / 176.119s)
  n_active=128.0000±0.0000ϵ[128.0000,128.0000] n_expunged=0.0000±0.0000ϵ[0.0000,0.0000] pool_util=1.0000±0.0000ϵ[1.0000,1.0000]
  cell_acc=98.65%, puzzle_acc=46.20%
  eval_avg_halt_step: 1.66
  per_H_acc: ['H0=87.5%', 'H1=87.6%', 'H2=99.1%']
  H_cos: ['0.832', '0.859']
  z_H_delta: ['24.625', '23.750']
  cells: fixed=[23918, 24837] broken=[23589, 909]
  per_ACT_cell_acc: ['H1=87.5%', 'H2=87.6%', 'H3=99.1%', 'H4=99.3%', 'H5=99.3%', 'H6=99.3%', 'H7=99.3%', 'H8=99.3%', 'H9=99.3%', 'H10=99.3%', 'H11=99.3%', 'H12=99.3%', 'H13=99.3%', 'H14=99.3%', 'H15=99.3%', 'H16=99.3%']
  per_ACT_puzzle_acc: ['H1=0.0%', 'H2=0.0%', 'H3=52.6%', 'H4=69.4%', 'H5=75.0%', 'H6=75.9%', 'H7=76.7%', 'H8=76.7%', 'H9=77.6%', 'H10=77.6%', 'H11=77.6%', 'H12=78.0%', 'H13=77.6%', 'H14=77.2%', 'H15=74.6%', 'H16=69.8%']
  mean_sigmoid_q_halt: ['0.891', '0.441', '0.664', '0.832', '0.898', '0.918', '0.934', '0.941', '0.945', '0.945', '0.945', '0.949', '0.953', '0.949', '0.938', '0.898']
  halt_rates: ['1.00', '0.06', '0.64', '0.85', '0.92', '0.93', '0.94', '0.96', '0.95', '0.95', '0.95', '0.96', '0.96', '0.97', '0.95', '0.91']
  halt_histogram %: [72.2, 21.5, 3.5, 0.8, 0.3, 0.2, 0.1, 0.1, 0.1, 0.1, 0.1, 0.0, 0.0, 0.0, 0.0, 0.9]
  Avg ACT steps (last 100): 1.24
  saved: /home/jvdillon/projects/sic/code/maze/ckpts/x000l/step10000.pt acc=98.65% (0.083s)
Step 10000  Test 98.65% / 46.20%  Train lm=0.7188±0.0021ϵ[0.7188,0.7305] n_halted=106.2380±8.9828ϵ[51.0000,121.0000]  (27.941s / 175.071s)
  n_active=128.0000±0.0000ϵ[128.0000,128.0000] n_expunged=0.0000±0.0000ϵ[0.0000,0.0000] pool_util=1.0000±0.0000ϵ[1.0000,1.0000]
  cell_acc=99.15%, puzzle_acc=73.30%
  eval_avg_halt_step: 1.34
  per_H_acc: ['H0=51.5%', 'H1=83.3%', 'H2=99.1%']
  H_cos: ['0.793', '0.863']
  z_H_delta: ['23.375', '25.875']
  cells: fixed=[95865, 33837] broken=[29598, 841]
  per_ACT_cell_acc: ['H1=51.5%', 'H2=83.3%', 'H3=99.1%', 'H4=99.1%', 'H5=99.2%', 'H6=99.2%', 'H7=99.1%', 'H8=99.1%', 'H9=99.1%', 'H10=99.1%', 'H11=99.1%', 'H12=99.1%', 'H13=99.1%', 'H14=99.1%', 'H15=99.1%', 'H16=99.1%']
  per_ACT_puzzle_acc: ['H1=0.0%', 'H2=0.0%', 'H3=67.2%', 'H4=72.8%', 'H5=75.4%', 'H6=77.2%', 'H7=77.2%', 'H8=76.3%', 'H9=76.3%', 'H10=75.4%', 'H11=75.4%', 'H12=75.0%', 'H13=74.6%', 'H14=74.1%', 'H15=74.1%', 'H16=74.1%']
  mean_sigmoid_q_halt: ['0.766', '0.273', '0.824', '0.887', '0.938', '0.957', '0.961', '0.977', '0.977', '0.973', '0.973', '0.965', '0.973', '0.969', '0.969', '0.965']
  halt_rates: ['1.00', '0.00', '0.84', '0.91', '0.95', '0.96', '0.97', '0.98', '0.99', '0.97', '0.98', '0.97', '0.98', '0.97', '0.97', '0.96']
  halt_histogram %: [72.8, 21.1, 3.4, 0.8, 0.3, 0.2, 0.1, 0.1, 0.1, 0.1, 0.0, 0.0, 0.0, 0.0, 0.0, 0.9]
  Avg ACT steps (last 100): 1.13
  saved: /home/jvdillon/projects/sic/code/maze/ckpts/x000l/step10500.pt acc=99.15% (0.085s)
Step 10500  Test 99.15% / 73.30%  Train lm=0.7188±0.0028ϵ[0.7188,0.7383] n_halted=101.3960±17.5903ϵ[21.0000,124.0000]  (27.958s / 175.394s)
  n_active=128.0000±0.0000ϵ[128.0000,128.0000] n_expunged=0.0000±0.0000ϵ[0.0000,0.0000] pool_util=1.0000±0.0000ϵ[1.0000,1.0000]
  cell_acc=99.21%, puzzle_acc=68.70%
  eval_avg_halt_step: 1.46
  per_H_acc: ['H0=50.9%', 'H1=87.5%', 'H2=99.1%']
  H_cos: ['0.859', '0.875']
  z_H_delta: ['23.000', '24.875']
  cells: fixed=[96680, 24912] broken=[20181, 738]
  per_ACT_cell_acc: ['H1=50.9%', 'H2=87.5%', 'H3=99.1%', 'H4=99.3%', 'H5=99.4%', 'H6=99.4%', 'H7=99.4%', 'H8=99.4%', 'H9=99.4%', 'H10=99.4%', 'H11=99.4%', 'H12=99.4%', 'H13=99.4%', 'H14=99.4%', 'H15=99.4%', 'H16=99.4%']
  per_ACT_puzzle_acc: ['H1=0.0%', 'H2=0.0%', 'H3=57.3%', 'H4=69.4%', 'H5=75.0%', 'H6=78.0%', 'H7=78.9%', 'H8=79.3%', 'H9=80.2%', 'H10=80.2%', 'H11=80.2%', 'H12=81.0%', 'H13=81.0%', 'H14=81.0%', 'H15=81.0%', 'H16=80.6%']
  mean_sigmoid_q_halt: ['0.785', '0.139', '0.672', '0.863', '0.922', '0.945', '0.965', '0.965', '0.973', '0.977', '0.973', '0.973', '0.977', '0.977', '0.977', '0.977']
  halt_rates: ['1.00', '0.00', '0.67', '0.87', '0.94', '0.97', '0.99', '0.98', '0.99', '0.99', '0.99', '0.99', '0.99', '0.99', '0.99', '0.99']
  halt_histogram %: [73.5, 20.6, 3.3, 0.7, 0.3, 0.2, 0.1, 0.1, 0.1, 0.1, 0.0, 0.0, 0.0, 0.0, 0.0, 0.9]
  Avg ACT steps (last 100): 1.14
  saved: /home/jvdillon/projects/sic/code/maze/ckpts/x000l/step11000.pt acc=99.21% (0.084s)
Step 11000  Test 99.21% / 68.70%  Train lm=0.7188±0.0023ϵ[0.7188,0.7344] n_halted=107.8240±7.7385ϵ[43.0000,123.0000]  (27.948s / 175.378s)
  n_active=128.0000±0.0000ϵ[128.0000,128.0000] n_expunged=0.0000±0.0000ϵ[0.0000,0.0000] pool_util=1.0000±0.0000ϵ[1.0000,1.0000]
  cell_acc=99.26%, puzzle_acc=78.40%
  eval_avg_halt_step: 1.65
  per_H_acc: ['H0=87.5%', 'H1=85.5%', 'H2=99.0%']
  H_cos: ['0.867', '0.852']
  z_H_delta: ['23.750', '24.125']
  cells: fixed=[25196, 29057] broken=[29306, 997]
  per_ACT_cell_acc: ['H1=87.5%', 'H2=85.5%', 'H3=99.0%', 'H4=99.1%', 'H5=99.1%', 'H6=99.1%', 'H7=99.1%', 'H8=99.1%', 'H9=99.1%', 'H10=99.1%', 'H11=99.1%', 'H12=99.1%', 'H13=99.1%', 'H14=99.1%', 'H15=99.1%', 'H16=99.1%']
  per_ACT_puzzle_acc: ['H1=0.0%', 'H2=0.0%', 'H3=56.5%', 'H4=70.7%', 'H5=73.7%', 'H6=73.7%', 'H7=75.4%', 'H8=75.4%', 'H9=75.4%', 'H10=75.4%', 'H11=75.4%', 'H12=75.4%', 'H13=75.4%', 'H14=75.4%', 'H15=75.4%', 'H16=75.4%']
  mean_sigmoid_q_halt: ['0.930', '0.213', '0.645', '0.824', '0.867', '0.902', '0.914', '0.922', '0.926', '0.934', '0.930', '0.930', '0.934', '0.934', '0.934', '0.938']
  halt_rates: ['1.00', '0.00', '0.64', '0.83', '0.89', '0.93', '0.94', '0.94', '0.95', '0.96', '0.96', '0.96', '0.96', '0.96', '0.96', '0.96']
  halt_histogram %: [74.1, 20.2, 3.2, 0.7, 0.3, 0.2, 0.1, 0.1, 0.1, 0.1, 0.0, 0.0, 0.0, 0.0, 0.0, 0.8]
  Avg ACT steps (last 100): 1.09
  saved: /home/jvdillon/projects/sic/code/maze/ckpts/x000l/step11500.pt acc=99.26% (0.081s)
Step 11500  Test 99.26% / 78.40%  Train lm=0.7188±0.0022ϵ[0.7188,0.7461] n_halted=107.9000±8.7745ϵ[12.0000,123.0000]  (27.656s / 174.734s)
  n_active=128.0000±0.0000ϵ[128.0000,128.0000] n_expunged=0.0000±0.0000ϵ[0.0000,0.0000] pool_util=1.0000±0.0000ϵ[1.0000,1.0000]
  cell_acc=98.57%, puzzle_acc=39.70%
  eval_avg_halt_step: 1.39
  per_H_acc: ['H0=62.8%', 'H1=91.6%', 'H2=99.1%']
  H_cos: ['0.824', '0.941']
  z_H_delta: ['26.000', '16.500']
  cells: fixed=[72188, 16505] broken=[12111, 813]
  per_ACT_cell_acc: ['H1=62.8%', 'H2=91.6%', 'H3=99.1%', 'H4=99.4%', 'H5=99.4%', 'H6=99.4%', 'H7=99.4%', 'H8=99.4%', 'H9=99.4%', 'H10=99.4%', 'H11=99.4%', 'H12=99.4%', 'H13=99.4%', 'H14=99.4%', 'H15=99.3%', 'H16=99.3%']
  per_ACT_puzzle_acc: ['H1=0.0%', 'H2=0.0%', 'H3=62.9%', 'H4=77.2%', 'H5=79.7%', 'H6=80.6%', 'H7=81.0%', 'H8=80.6%', 'H9=81.0%', 'H10=80.2%', 'H11=80.6%', 'H12=80.2%', 'H13=79.3%', 'H14=76.3%', 'H15=74.6%', 'H16=71.1%']
  mean_sigmoid_q_halt: ['0.828', '0.089', '0.723', '0.898', '0.938', '0.953', '0.965', '0.965', '0.977', '0.973', '0.973', '0.961', '0.957', '0.941', '0.930', '0.906']
  halt_rates: ['1.00', '0.00', '0.73', '0.91', '0.94', '0.96', '0.97', '0.97', '0.98', '0.98', '0.98', '0.97', '0.97', '0.96', '0.94', '0.91']
  halt_histogram %: [74.6, 19.9, 3.1, 0.7, 0.3, 0.2, 0.1, 0.1, 0.1, 0.1, 0.0, 0.0, 0.0, 0.0, 0.0, 0.8]
  Avg ACT steps (last 100): 1.22
  saved: /home/jvdillon/projects/sic/code/maze/ckpts/x000l/step12000.pt acc=98.57% (0.083s)
Step 12000  Test 98.57% / 39.70%  Train lm=0.7188±0.0018ϵ[0.7188,0.7266] n_halted=107.0700±6.2446ϵ[57.0000,121.0000]  (27.656s / 174.281s)
  n_active=128.0000±0.0000ϵ[128.0000,128.0000] n_expunged=0.0000±0.0000ϵ[0.0000,0.0000] pool_util=1.0000±0.0000ϵ[1.0000,1.0000]
  cell_acc=99.30%, puzzle_acc=77.40%
  eval_avg_halt_step: 1.41
  per_H_acc: ['H0=82.6%', 'H1=96.1%', 'H2=99.2%']
  H_cos: ['0.910', '0.973']
  z_H_delta: ['22.000', '11.000']
  cells: fixed=[31525, 7184] broken=[3492, 649]
  per_ACT_cell_acc: ['H1=82.6%', 'H2=96.1%', 'H3=99.2%', 'H4=99.4%', 'H5=99.4%', 'H6=99.4%', 'H7=99.4%', 'H8=99.4%', 'H9=99.4%', 'H10=99.4%', 'H11=99.4%', 'H12=99.4%', 'H13=99.4%', 'H14=99.4%', 'H15=99.4%', 'H16=99.4%']
  per_ACT_puzzle_acc: ['H1=0.0%', 'H2=0.4%', 'H3=62.9%', 'H4=75.4%', 'H5=78.9%', 'H6=79.7%', 'H7=80.6%', 'H8=80.2%', 'H9=80.2%', 'H10=80.6%', 'H11=79.3%', 'H12=80.2%', 'H13=79.7%', 'H14=79.3%', 'H15=79.3%', 'H16=78.9%']
  mean_sigmoid_q_halt: ['0.934', '0.110', '0.699', '0.879', '0.906', '0.930', '0.945', '0.957', '0.945', '0.945', '0.949', '0.953', '0.945', '0.945', '0.934', '0.934']
  halt_rates: ['1.00', '0.00', '0.69', '0.89', '0.92', '0.96', '0.97', '0.98', '0.95', '0.96', '0.96', '0.97', '0.97', '0.97', '0.96', '0.96']
  halt_histogram %: [75.1, 19.6, 3.0, 0.7, 0.3, 0.2, 0.1, 0.1, 0.1, 0.0, 0.0, 0.0, 0.0, 0.0, 0.0, 0.7]
  Avg ACT steps (last 100): 1.12
  saved: /home/jvdillon/projects/sic/code/maze/ckpts/x000l/step12500.pt acc=99.30% (0.085s)
Step 12500  Test 99.30% / 77.40%  Train lm=0.7188±0.0022ϵ[0.7188,0.7422] n_halted=107.9300±7.7261ϵ[40.0000,120.0000]  (27.660s / 174.124s)
  n_active=128.0000±0.0000ϵ[128.0000,128.0000] n_expunged=0.0000±0.0000ϵ[0.0000,0.0000] pool_util=1.0000±0.0000ϵ[1.0000,1.0000]
  cell_acc=99.34%, puzzle_acc=71.80%
  eval_avg_halt_step: 1.38
  per_H_acc: ['H0=66.8%', 'H1=95.5%', 'H2=99.3%']
  H_cos: ['0.859', '0.965']
  z_H_delta: ['21.250', '14.062']
  cells: fixed=[62490, 8559] broken=[2653, 574]
  per_ACT_cell_acc: ['H1=66.8%', 'H2=95.5%', 'H3=99.3%', 'H4=99.5%', 'H5=99.5%', 'H6=99.5%', 'H7=99.5%', 'H8=99.5%', 'H9=99.5%', 'H10=99.5%', 'H11=99.4%', 'H12=99.4%', 'H13=99.4%', 'H14=99.4%', 'H15=99.4%', 'H16=99.4%']
  per_ACT_puzzle_acc: ['H1=0.0%', 'H2=1.3%', 'H3=68.5%', 'H4=79.3%', 'H5=81.5%', 'H6=81.5%', 'H7=81.5%', 'H8=81.5%', 'H9=81.5%', 'H10=81.0%', 'H11=78.9%', 'H12=77.2%', 'H13=75.0%', 'H14=74.1%', 'H15=73.7%', 'H16=72.8%']
  mean_sigmoid_q_halt: ['0.949', '0.146', '0.770', '0.875', '0.949', '0.965', '0.965', '0.969', '0.973', '0.969', '0.969', '0.969', '0.965', '0.969', '0.969', '0.965']
  halt_rates: ['1.00', '0.00', '0.75', '0.88', '0.96', '0.97', '0.98', '0.97', '0.98', '0.98', '0.98', '0.97', '0.97', '0.98', '0.98', '0.97']
  halt_histogram %: [75.6, 19.3, 2.9, 0.6, 0.3, 0.1, 0.1, 0.1, 0.1, 0.0, 0.0, 0.0, 0.0, 0.0, 0.0, 0.7]
  Avg ACT steps (last 100): 1.12
  saved: /home/jvdillon/projects/sic/code/maze/ckpts/x000l/step13000.pt acc=99.34% (0.082s)
  saved: /home/jvdillon/projects/sic/code/maze/ckpts/x000l/best.pt acc=99.34% (0.162s)
Step 13000  Test 99.34% / 71.80%  Train lm=0.7188±0.0017ϵ[0.7188,0.7344] n_halted=108.6320±7.0288ϵ[33.0000,123.0000]  (28.058s / 174.511s)
  n_active=128.0000±0.0000ϵ[128.0000,128.0000] n_expunged=0.0000±0.0000ϵ[0.0000,0.0000] pool_util=1.0000±0.0000ϵ[1.0000,1.0000]
  cell_acc=99.40%, puzzle_acc=78.40%
  eval_avg_halt_step: 1.56
  per_H_acc: ['H0=54.6%', 'H1=90.1%', 'H2=99.2%']
  H_cos: ['0.766', '0.875']
  z_H_delta: ['22.250', '21.500']
  cells: fixed=[76512, 19762] broken=[2264, 734]
  per_ACT_cell_acc: ['H1=54.6%', 'H2=90.1%', 'H3=99.2%', 'H4=99.3%', 'H5=99.3%', 'H6=99.3%', 'H7=99.3%', 'H8=99.3%', 'H9=99.3%', 'H10=99.3%', 'H11=99.3%', 'H12=99.3%', 'H13=99.3%', 'H14=99.3%', 'H15=99.3%', 'H16=99.3%']
  per_ACT_puzzle_acc: ['H1=0.0%', 'H2=0.0%', 'H3=64.7%', 'H4=74.1%', 'H5=75.0%', 'H6=74.6%', 'H7=75.9%', 'H8=75.4%', 'H9=75.0%', 'H10=75.9%', 'H11=75.4%', 'H12=74.6%', 'H13=74.1%', 'H14=74.6%', 'H15=74.1%', 'H16=74.1%']
  mean_sigmoid_q_halt: ['0.965', '0.695', '0.738', '0.852', '0.867', '0.855', '0.871', '0.867', '0.855', '0.848', '0.844', '0.848', '0.848', '0.852', '0.859', '0.859']
  halt_rates: ['1.00', '0.98', '0.72', '0.85', '0.89', '0.89', '0.92', '0.93', '0.93', '0.93', '0.92', '0.94', '0.94', '0.93', '0.95', '0.94']
  halt_histogram %: [75.9, 19.1, 2.9, 0.6, 0.3, 0.1, 0.1, 0.1, 0.1, 0.0, 0.0, 0.0, 0.0, 0.0, 0.0, 0.7]
  Avg ACT steps (last 100): 1.18
  saved: /home/jvdillon/projects/sic/code/maze/ckpts/x000l/step13500.pt acc=99.40% (0.083s)
  saved: /home/jvdillon/projects/sic/code/maze/ckpts/x000l/best.pt acc=99.40% (0.163s)
Step 13500  Test 99.40% / 78.40%  Train lm=0.7188±0.0024ϵ[0.7188,0.7422] n_halted=106.4480±10.4712ϵ[3.0000,121.0000]  (28.170s / 176.147s)
  n_active=128.0000±0.0000ϵ[128.0000,128.0000] n_expunged=0.0000±0.0000ϵ[0.0000,0.0000] pool_util=1.0000±0.0000ϵ[1.0000,1.0000]
  cell_acc=99.18%, puzzle_acc=72.60%
  eval_avg_halt_step: 2.05
  per_H_acc: ['H0=49.9%', 'H1=70.5%', 'H2=99.0%']
  H_cos: ['0.438', '0.750']
  z_H_delta: ['23.375', '23.750']
  cells: fixed=[43273, 60506] broken=[275, 941]
  per_ACT_cell_acc: ['H1=49.9%', 'H2=70.5%', 'H3=99.0%', 'H4=99.3%', 'H5=99.4%', 'H6=99.4%', 'H7=99.4%', 'H8=99.4%', 'H9=99.4%', 'H10=99.4%', 'H11=99.4%', 'H12=99.3%', 'H13=99.3%', 'H14=99.3%', 'H15=99.3%', 'H16=99.4%']
  per_ACT_puzzle_acc: ['H1=0.0%', 'H2=0.0%', 'H3=57.8%', 'H4=70.3%', 'H5=77.2%', 'H6=78.0%', 'H7=79.3%', 'H8=78.4%', 'H9=77.6%', 'H10=78.4%', 'H11=77.2%', 'H12=76.7%', 'H13=77.6%', 'H14=77.6%', 'H15=76.7%', 'H16=76.7%']
  mean_sigmoid_q_halt: ['0.961', '0.961', '0.625', '0.801', '0.828', '0.852', '0.855', '0.859', '0.855', '0.852', '0.848', '0.848', '0.848', '0.852', '0.852', '0.852']
  halt_rates: ['1.00', '1.00', '0.60', '0.81', '0.85', '0.88', '0.88', '0.89', '0.89', '0.89', '0.89', '0.88', '0.88', '0.89', '0.89', '0.90']
  halt_histogram %: [76.3, 18.8, 2.8, 0.6, 0.3, 0.1, 0.1, 0.1, 0.1, 0.0, 0.0, 0.0, 0.0, 0.0, 0.0, 0.6]
  Avg ACT steps (last 100): 1.18
  saved: /home/jvdillon/projects/sic/code/maze/ckpts/x000l/step14000.pt acc=99.18% (0.084s)
Step 14000  Test 99.18% / 72.60%  Train lm=0.7188±0.0017ϵ[0.7188,0.7305] n_halted=107.9540±7.8188ϵ[52.0000,121.0000]  (27.643s / 174.620s)
  n_active=128.0000±0.0000ϵ[128.0000,128.0000] n_expunged=0.0000±0.0000ϵ[0.0000,0.0000] pool_util=1.0000±0.0000ϵ[1.0000,1.0000]
  cell_acc=99.08%, puzzle_acc=51.60%
  eval_avg_halt_step: 1.31
  per_H_acc: ['H0=50.1%', 'H1=77.4%', 'H2=99.0%']
  H_cos: ['0.793', '0.812']
  z_H_delta: ['21.875', '22.000']
  cells: fixed=[57580, 46134] broken=[534, 896]
  per_ACT_cell_acc: ['H1=50.1%', 'H2=77.4%', 'H3=99.0%', 'H4=99.1%', 'H5=99.2%', 'H6=99.2%', 'H7=99.2%', 'H8=99.2%', 'H9=99.2%', 'H10=99.2%', 'H11=99.2%', 'H12=99.2%', 'H13=99.2%', 'H14=99.1%', 'H15=99.1%', 'H16=99.1%']
  per_ACT_puzzle_acc: ['H1=0.0%', 'H2=0.0%', 'H3=62.9%', 'H4=69.0%', 'H5=72.4%', 'H6=73.3%', 'H7=73.7%', 'H8=73.7%', 'H9=73.3%', 'H10=72.8%', 'H11=72.0%', 'H12=71.6%', 'H13=70.3%', 'H14=69.4%', 'H15=68.1%', 'H16=66.8%']
  mean_sigmoid_q_halt: ['0.965', '0.785', '0.758', '0.855', '0.906', '0.926', '0.941', '0.949', '0.961', '0.961', '0.957', '0.957', '0.965', '0.961', '0.953', '0.953']
  halt_rates: ['1.00', '1.00', '0.76', '0.85', '0.92', '0.93', '0.94', '0.96', '0.97', '0.97', '0.96', '0.96', '0.98', '0.97', '0.96', '0.97']
  halt_histogram %: [76.7, 18.6, 2.8, 0.6, 0.2, 0.1, 0.1, 0.1, 0.1, 0.0, 0.0, 0.0, 0.0, 0.0, 0.0, 0.6]
  Avg ACT steps (last 100): 1.11
  saved: /home/jvdillon/projects/sic/code/maze/ckpts/x000l/step14500.pt acc=99.08% (0.080s)
Step 14500  Test 99.08% / 51.60%  Train lm=0.7188±0.0015ϵ[0.7188,0.7266] n_halted=109.1780±5.6137ϵ[75.0000,122.0000]  (27.628s / 174.163s)
  n_active=128.0000±0.0000ϵ[128.0000,128.0000] n_expunged=0.0000±0.0000ϵ[0.0000,0.0000] pool_util=1.0000±0.0000ϵ[1.0000,1.0000]
  cell_acc=99.27%, puzzle_acc=78.10%
  eval_avg_halt_step: 1.30
  per_H_acc: ['H0=51.5%', 'H1=81.6%', 'H2=99.2%']
  H_cos: ['0.777', '0.848']
  z_H_delta: ['21.750', '20.625']
  cells: fixed=[63653, 37475] broken=[958, 731]
  per_ACT_cell_acc: ['H1=51.5%', 'H2=81.6%', 'H3=99.2%', 'H4=99.3%', 'H5=99.3%', 'H6=99.3%', 'H7=99.3%', 'H8=99.3%', 'H9=99.3%', 'H10=99.3%', 'H11=99.3%', 'H12=99.3%', 'H13=99.3%', 'H14=99.3%', 'H15=99.3%', 'H16=99.3%']
  per_ACT_puzzle_acc: ['H1=0.0%', 'H2=0.0%', 'H3=65.9%', 'H4=76.3%', 'H5=79.7%', 'H6=81.0%', 'H7=80.2%', 'H8=79.3%', 'H9=79.3%', 'H10=79.3%', 'H11=79.3%', 'H12=78.9%', 'H13=78.9%', 'H14=78.9%', 'H15=78.9%', 'H16=78.9%']
  mean_sigmoid_q_halt: ['0.980', '0.777', '0.785', '0.898', '0.961', '0.977', '0.973', '0.973', '0.973', '0.973', '0.973', '0.973', '0.969', '0.973', '0.973', '0.973']
  halt_rates: ['1.00', '1.00', '0.77', '0.90', '0.97', '0.99', '0.98', '0.98', '0.98', '0.97', '0.97', '0.98', '0.97', '0.97', '0.98', '0.98']
  halt_histogram %: [76.9, 18.4, 2.7, 0.6, 0.2, 0.1, 0.1, 0.1, 0.1, 0.0, 0.0, 0.0, 0.0, 0.0, 0.0, 0.6]
  Avg ACT steps (last 100): 1.19
  saved: /home/jvdillon/projects/sic/code/maze/ckpts/x000l/step15000.pt acc=99.27% (0.082s)
Step 15000  Test 99.27% / 78.10%  Train lm=0.7188±0.0044ϵ[0.7188,0.7773] n_halted=106.8360±12.3329ϵ[3.0000,123.0000]  (27.641s / 174.145s)
  n_active=128.0000±0.0000ϵ[128.0000,128.0000] n_expunged=0.0000±0.0000ϵ[0.0000,0.0000] pool_util=1.0000±0.0000ϵ[1.0000,1.0000]
  cell_acc=99.30%, puzzle_acc=77.10%
  eval_avg_halt_step: 1.58
  per_H_acc: ['H0=85.1%', 'H1=87.3%', 'H2=98.9%']
  H_cos: ['0.938', '0.879']
  z_H_delta: ['22.250', '22.000']
  cells: fixed=[11387, 25272] broken=[6771, 1102]
  per_ACT_cell_acc: ['H1=85.1%', 'H2=87.3%', 'H3=98.9%', 'H4=99.4%', 'H5=99.4%', 'H6=99.4%', 'H7=99.4%', 'H8=99.4%', 'H9=99.4%', 'H10=99.4%', 'H11=99.4%', 'H12=99.4%', 'H13=99.4%', 'H14=99.4%', 'H15=99.4%', 'H16=99.4%']
  per_ACT_puzzle_acc: ['H1=0.0%', 'H2=0.0%', 'H3=43.1%', 'H4=76.7%', 'H5=80.6%', 'H6=82.8%', 'H7=84.1%', 'H8=84.1%', 'H9=84.1%', 'H10=83.6%', 'H11=83.6%', 'H12=83.6%', 'H13=83.2%', 'H14=83.6%', 'H15=83.6%', 'H16=83.2%']
  mean_sigmoid_q_halt: ['0.887', '0.730', '0.562', '0.891', '0.949', '0.953', '0.973', '0.984', '0.984', '0.977', '0.984', '0.988', '0.992', '0.992', '0.992', '0.992']
  halt_rates: ['1.00', '1.00', '0.53', '0.90', '0.96', '0.97', '0.98', '0.99', '0.99', '0.98', '0.99', '0.99', '1.00', '1.00', '1.00', '1.00']
  halt_histogram %: [77.2, 18.2, 2.7, 0.6, 0.2, 0.1, 0.1, 0.1, 0.1, 0.0, 0.0, 0.0, 0.0, 0.0, 0.0, 0.6]
  Avg ACT steps (last 100): 1.24
  saved: /home/jvdillon/projects/sic/code/maze/ckpts/x000l/step15500.pt acc=99.30% (0.083s)
Step 15500  Test 99.30% / 77.10%  Train lm=0.7188±0.0015ϵ[0.7188,0.7266] n_halted=108.2240±6.5788ϵ[63.0000,124.0000]  (27.633s / 174.127s)
  n_active=128.0000±0.0000ϵ[128.0000,128.0000] n_expunged=0.0000±0.0000ϵ[0.0000,0.0000] pool_util=1.0000±0.0000ϵ[1.0000,1.0000]
  cell_acc=99.20%, puzzle_acc=36.90%
  eval_avg_halt_step: 1.33
  per_H_acc: ['H0=50.0%', 'H1=82.2%', 'H2=99.2%']
  H_cos: ['0.629', '0.809']
  z_H_delta: ['23.125', '24.000']
  cells: fixed=[72208, 36262] broken=[4961, 740]
  per_ACT_cell_acc: ['H1=50.0%', 'H2=82.2%', 'H3=99.2%', 'H4=99.4%', 'H5=99.5%', 'H6=99.5%', 'H7=99.5%', 'H8=99.5%', 'H9=99.4%', 'H10=99.4%', 'H11=99.4%', 'H12=99.4%', 'H13=99.4%', 'H14=99.4%', 'H15=99.4%', 'H16=99.4%']
  per_ACT_puzzle_acc: ['H1=0.0%', 'H2=0.0%', 'H3=61.6%', 'H4=80.2%', 'H5=82.8%', 'H6=84.1%', 'H7=81.5%', 'H8=72.0%', 'H9=62.5%', 'H10=53.4%', 'H11=51.7%', 'H12=54.7%', 'H13=55.6%', 'H14=56.0%', 'H15=55.2%', 'H16=50.4%']
  mean_sigmoid_q_halt: ['0.938', '0.746', '0.719', '0.887', '0.949', '0.969', '0.977', '0.977', '0.977', '0.977', '0.973', '0.973', '0.969', '0.969', '0.969', '0.965']
  halt_rates: ['1.00', '1.00', '0.70', '0.90', '0.96', '0.98', '0.99', '0.99', '0.99', '0.99', '0.99', '0.99', '0.99', '0.99', '0.99', '0.98']
  halt_histogram %: [77.4, 18.1, 2.6, 0.6, 0.2, 0.1, 0.1, 0.1, 0.0, 0.0, 0.0, 0.0, 0.0, 0.0, 0.0, 0.6]
  Avg ACT steps (last 100): 1.12
  saved: /home/jvdillon/projects/sic/code/maze/ckpts/x000l/step16000.pt acc=99.20% (0.081s)
Step 16000  Test 99.20% / 36.90%  Train lm=0.7188±0.0016ϵ[0.7188,0.7266] n_halted=107.0840±7.4204ϵ[74.0000,123.0000]  (27.639s / 174.098s)
  n_active=128.0000±0.0000ϵ[128.0000,128.0000] n_expunged=0.0000±0.0000ϵ[0.0000,0.0000] pool_util=1.0000±0.0000ϵ[1.0000,1.0000]
