Adam params: ('embed_tokens.weight', 'head.weight', 'head.bias', 'q_head.weight', 'q_head.bias')
Muon 2D params: ('reasoning.0.attn.o_proj.weight', 'reasoning.0.mlp.up_proj.weight', 'reasoning.0.mlp.down_proj.weight', 'reasoning.1.attn.o_proj.weight', 'reasoning.1.mlp.up_proj.weight', 'reasoning.1.mlp.down_proj.weight')
Muon 3D params (ensemble_dims=1): ('reasoning.0.attn.qkv_proj.weight', 'reasoning.1.attn.qkv_proj.weight')
  cell_acc=87.76%, puzzle_acc=0.00%
  eval_avg_halt_step: 16.00
  per_H_acc: ['H0=87.3%', 'H1=87.5%', 'H2=87.5%']
  H_cos: ['0.695', '0.918']
  z_H_delta: ['20.125', '11.375']
  cells: fixed=[435, 179] broken=[0, 114]
  per_ACT_cell_acc: ['H1=87.3%', 'H2=87.5%', 'H3=87.5%', 'H4=87.7%', 'H5=88.2%', 'H6=88.6%', 'H7=88.7%', 'H8=88.8%', 'H9=88.9%', 'H10=88.9%', 'H11=88.8%', 'H12=88.7%', 'H13=88.7%', 'H14=88.6%', 'H15=88.6%', 'H16=88.5%']
  per_ACT_puzzle_acc: ['H1=0.0%', 'H2=0.0%', 'H3=0.0%', 'H4=0.0%', 'H5=0.0%', 'H6=0.0%', 'H7=0.0%', 'H8=0.0%', 'H9=0.0%', 'H10=0.0%', 'H11=0.0%', 'H12=0.0%', 'H13=0.0%', 'H14=0.0%', 'H15=0.0%', 'H16=0.0%']
  mean_sigmoid_q_halt: ['0.001', '0.000', '0.000', '0.000', '0.000', '0.000', '0.000', '0.000', '0.000', '0.000', '0.000', '0.000', '0.000', '0.000', '0.000', '0.000']
  halt_rates: ['0.00', '0.00', '0.00', '0.00', '0.00', '0.00', '0.00', '0.00', '0.00', '0.00', '0.00', '0.00', '0.00', '0.00', '0.00', '0.00']
  halt_histogram %: [0.0, 0.0, 0.0, 0.0, 0.0, 0.0, 0.0, 0.0, 0.0, 0.0, 0.0, 0.0, 0.0, 0.0, 0.0, 100.0]
  Avg ACT steps (last 100): 16.00
  saved: /home/jvdillon/projects/sic/code/maze/ckpts/x000/step00500.pt acc=87.76% (0.068s)
  saved: /home/jvdillon/projects/sic/code/maze/ckpts/x000/best.pt acc=87.76% (0.131s)
Step   500  Test 87.76% /  0.00%  Train lm=1.1562±0.2988ϵ[1.0391,4.6562] n_active=128.0000±0.0000ϵ[128.0000,128.0000] n_expunged=0.0000±0.0000ϵ[0.0000,0.0000] n_halted=7.9360±30.8988ϵ[0.0000,128.0000] pool_util=1.0000±0.0000ϵ[1.0000,1.0000]  (55.405s / 259.616s)
  cell_acc=94.75%, puzzle_acc=0.40%
  eval_avg_halt_step: 16.00
  per_H_acc: ['H0=86.8%', 'H1=87.4%', 'H2=91.1%']
  H_cos: ['0.742', '0.848']
  z_H_delta: ['23.625', '15.750']
  cells: fixed=[1198, 12401] broken=[0, 4714]
  per_ACT_cell_acc: ['H1=86.8%', 'H2=87.4%', 'H3=91.1%', 'H4=92.3%', 'H5=93.5%', 'H6=94.2%', 'H7=94.4%', 'H8=94.5%', 'H9=94.5%', 'H10=94.5%', 'H11=94.5%', 'H12=94.5%', 'H13=94.5%', 'H14=94.5%', 'H15=94.5%', 'H16=94.5%']
  per_ACT_puzzle_acc: ['H1=0.0%', 'H2=0.0%', 'H3=0.0%', 'H4=0.0%', 'H5=0.0%', 'H6=0.0%', 'H7=0.0%', 'H8=0.0%', 'H9=0.0%', 'H10=0.4%', 'H11=0.4%', 'H12=0.4%', 'H13=0.4%', 'H14=0.4%', 'H15=0.4%', 'H16=0.0%']
  mean_sigmoid_q_halt: ['0.002', '0.000', '0.000', '0.000', '0.000', '0.000', '0.000', '0.001', '0.001', '0.001', '0.001', '0.001', '0.001', '0.001', '0.001', '0.001']
  halt_rates: ['0.00', '0.00', '0.00', '0.00', '0.00', '0.00', '0.00', '0.00', '0.00', '0.00', '0.00', '0.00', '0.00', '0.00', '0.00', '0.00']
  halt_histogram %: [0.0, 0.0, 0.0, 0.0, 0.0, 0.2, 0.3, 0.2, 0.3, 0.2, 0.6, 0.2, 0.4, 0.5, 0.2, 96.8]
  Avg ACT steps (last 100): 13.02
  saved: /home/jvdillon/projects/sic/code/maze/ckpts/x000/step01000.pt acc=94.75% (0.067s)
  saved: /home/jvdillon/projects/sic/code/maze/ckpts/x000/best.pt acc=94.75% (0.129s)
Step  1000  Test 94.75% /  0.40%  Train lm=1.0078±0.0374ϵ[0.9531,1.1250] n_active=128.0000±0.0000ϵ[128.0000,128.0000] n_expunged=0.0000±0.0000ϵ[0.0000,0.0000] n_halted=8.1300±28.6378ϵ[0.0000,128.0000] pool_util=1.0000±0.0000ϵ[1.0000,1.0000]  (37.111s / 233.710s)
  cell_acc=97.95%, puzzle_acc=37.70%
  eval_avg_halt_step: 8.53
  per_H_acc: ['H0=52.8%', 'H1=87.6%', 'H2=96.2%']
  H_cos: ['0.695', '0.781']
  z_H_delta: ['20.375', '19.125']
  cells: fixed=[73416, 22476] broken=[808, 4390]
  per_ACT_cell_acc: ['H1=52.8%', 'H2=87.6%', 'H3=96.2%', 'H4=97.4%', 'H5=97.6%', 'H6=97.7%', 'H7=97.7%', 'H8=97.8%', 'H9=97.8%', 'H10=97.8%', 'H11=97.8%', 'H12=97.8%', 'H13=97.8%', 'H14=97.8%', 'H15=97.7%', 'H16=97.7%']
  per_ACT_puzzle_acc: ['H1=0.0%', 'H2=0.0%', 'H3=0.9%', 'H4=8.2%', 'H5=20.3%', 'H6=25.4%', 'H7=27.2%', 'H8=28.0%', 'H9=29.3%', 'H10=29.7%', 'H11=28.9%', 'H12=30.6%', 'H13=33.2%', 'H14=32.3%', 'H15=32.3%', 'H16=32.8%']
  mean_sigmoid_q_halt: ['0.000', '0.000', '0.002', '0.075', '0.189', '0.246', '0.291', '0.330', '0.363', '0.377', '0.373', '0.379', '0.391', '0.400', '0.404', '0.400']
  halt_rates: ['0.00', '0.00', '0.00', '0.03', '0.18', '0.28', '0.30', '0.36', '0.39', '0.39', '0.39', '0.41', '0.41', '0.44', '0.44', '0.45']
  halt_histogram %: [0.0, 12.2, 11.7, 7.3, 5.1, 3.3, 2.8, 2.0, 1.6, 1.5, 1.3, 1.0, 1.0, 0.8, 0.7, 47.8]
  Avg ACT steps (last 100): 3.40
  saved: /home/jvdillon/projects/sic/code/maze/ckpts/x000/step01500.pt acc=97.95% (0.064s)
  saved: /home/jvdillon/projects/sic/code/maze/ckpts/x000/best.pt acc=97.95% (0.126s)
Step  1500  Test 97.95% / 37.70%  Train lm=0.9609±0.0089ϵ[0.9375,0.9961] n_active=128.0000±0.0000ϵ[128.0000,128.0000] n_expunged=0.0000±0.0000ϵ[0.0000,0.0000] n_halted=21.3740±14.0488ϵ[0.0000,61.0000] pool_util=1.0000±0.0000ϵ[1.0000,1.0000]  (37.110s / 234.066s)
  cell_acc=98.44%, puzzle_acc=53.20%
  eval_avg_halt_step: 3.81
  per_H_acc: ['H0=64.1%', 'H1=87.5%', 'H2=97.2%']
  H_cos: ['0.676', '0.820']
  z_H_delta: ['26.625', '18.125']
  cells: fixed=[49020, 23048] broken=[41, 2856]
  per_ACT_cell_acc: ['H1=64.1%', 'H2=87.5%', 'H3=97.2%', 'H4=97.9%', 'H5=98.1%', 'H6=98.1%', 'H7=98.2%', 'H8=98.2%', 'H9=98.2%', 'H10=98.2%', 'H11=98.2%', 'H12=98.2%', 'H13=98.2%', 'H14=98.2%', 'H15=98.2%', 'H16=98.2%']
  per_ACT_puzzle_acc: ['H1=0.0%', 'H2=0.0%', 'H3=7.3%', 'H4=32.3%', 'H5=42.2%', 'H6=45.7%', 'H7=47.8%', 'H8=49.6%', 'H9=50.0%', 'H10=49.6%', 'H11=49.1%', 'H12=48.7%', 'H13=49.6%', 'H14=50.0%', 'H15=49.1%', 'H16=49.1%']
  mean_sigmoid_q_halt: ['0.000', '0.003', '0.079', '0.391', '0.562', '0.641', '0.695', '0.734', '0.750', '0.746', '0.766', '0.773', '0.766', '0.770', '0.770', '0.762']
  halt_rates: ['0.00', '0.00', '0.05', '0.38', '0.59', '0.66', '0.73', '0.79', '0.79', '0.80', '0.81', '0.81', '0.81', '0.80', '0.81', '0.80']
  halt_histogram %: [5.0, 38.2, 14.5, 6.4, 3.6, 2.3, 1.8, 1.3, 1.0, 0.9, 0.8, 0.6, 0.6, 0.5, 0.4, 22.0]
  Avg ACT steps (last 100): 1.83
  saved: /home/jvdillon/projects/sic/code/maze/ckpts/x000/step02000.pt acc=98.44% (0.066s)
  saved: /home/jvdillon/projects/sic/code/maze/ckpts/x000/best.pt acc=98.44% (0.128s)
Step  2000  Test 98.44% / 53.20%  Train lm=0.9375±0.0065ϵ[0.9219,0.9570] n_active=128.0000±0.0000ϵ[128.0000,128.0000] n_expunged=0.0000±0.0000ϵ[0.0000,0.0000] n_halted=46.1980±13.9361ϵ[11.0000,80.0000] pool_util=1.0000±0.0000ϵ[1.0000,1.0000]  (37.112s / 234.059s)
  cell_acc=98.58%, puzzle_acc=49.30%
  eval_avg_halt_step: 3.73
  per_H_acc: ['H0=51.2%', 'H1=87.7%', 'H2=98.1%']
  H_cos: ['0.436', '0.867']
  z_H_delta: ['28.000', '19.375']
  cells: fixed=[76354, 24141] broken=[225, 2348]
  per_ACT_cell_acc: ['H1=51.2%', 'H2=87.7%', 'H3=98.1%', 'H4=98.5%', 'H5=98.5%', 'H6=98.5%', 'H7=98.5%', 'H8=98.5%', 'H9=98.6%', 'H10=98.5%', 'H11=98.5%', 'H12=98.5%', 'H13=98.5%', 'H14=98.5%', 'H15=98.5%', 'H16=98.5%']
  per_ACT_puzzle_acc: ['H1=0.0%', 'H2=0.0%', 'H3=25.4%', 'H4=42.7%', 'H5=47.0%', 'H6=46.6%', 'H7=47.0%', 'H8=48.3%', 'H9=47.0%', 'H10=47.8%', 'H11=47.4%', 'H12=48.3%', 'H13=47.8%', 'H14=47.4%', 'H15=47.4%', 'H16=47.4%']
  mean_sigmoid_q_halt: ['0.000', '0.137', '0.365', '0.582', '0.645', '0.664', '0.672', '0.688', '0.703', '0.707', '0.699', '0.695', '0.707', '0.707', '0.711', '0.699']
  halt_rates: ['0.00', '0.00', '0.33', '0.60', '0.67', '0.69', '0.69', '0.70', '0.73', '0.73', '0.71', '0.71', '0.72', '0.72', '0.72', '0.71']
  halt_histogram %: [19.9, 42.2, 11.7, 4.5, 2.4, 1.5, 1.2, 0.8, 0.7, 0.6, 0.5, 0.4, 0.4, 0.3, 0.2, 12.6]
  Avg ACT steps (last 100): 1.46
  saved: /home/jvdillon/projects/sic/code/maze/ckpts/x000/step02500.pt acc=98.58% (0.065s)
  saved: /home/jvdillon/projects/sic/code/maze/ckpts/x000/best.pt acc=98.58% (0.127s)
Step  2500  Test 98.58% / 49.30%  Train lm=0.9258±0.0040ϵ[0.9180,0.9375] n_active=128.0000±0.0000ϵ[128.0000,128.0000] n_expunged=0.0000±0.0000ϵ[0.0000,0.0000] n_halted=64.9580±14.7905ϵ[16.0000,98.0000] pool_util=1.0000±0.0000ϵ[1.0000,1.0000]  (37.123s / 234.104s)
  cell_acc=98.76%, puzzle_acc=62.30%
  eval_avg_halt_step: 2.54
  per_H_acc: ['H0=50.6%', 'H1=88.4%', 'H2=98.2%']
  H_cos: ['0.531', '0.871']
  z_H_delta: ['27.375', '18.500']
  cells: fixed=[79666, 22443] broken=[766, 2117]
  per_ACT_cell_acc: ['H1=50.6%', 'H2=88.4%', 'H3=98.2%', 'H4=98.5%', 'H5=98.6%', 'H6=98.7%', 'H7=98.7%', 'H8=98.7%', 'H9=98.7%', 'H10=98.7%', 'H11=98.7%', 'H12=98.7%', 'H13=98.7%', 'H14=98.7%', 'H15=98.7%', 'H16=98.7%']
  per_ACT_puzzle_acc: ['H1=0.0%', 'H2=0.0%', 'H3=29.7%', 'H4=46.1%', 'H5=52.6%', 'H6=56.0%', 'H7=56.9%', 'H8=58.2%', 'H9=59.9%', 'H10=60.3%', 'H11=59.9%', 'H12=58.6%', 'H13=59.1%', 'H14=58.6%', 'H15=58.6%', 'H16=57.8%']
  mean_sigmoid_q_halt: ['0.000', '0.181', '0.439', '0.641', '0.746', '0.805', '0.844', '0.852', '0.875', '0.883', '0.883', '0.879', '0.879', '0.883', '0.887', '0.891']
  halt_rates: ['0.00', '0.02', '0.40', '0.66', '0.75', '0.83', '0.87', '0.87', '0.90', '0.90', '0.90', '0.89', '0.89', '0.90', '0.91', '0.91']
  halt_histogram %: [35.2, 38.3, 9.2, 3.2, 1.7, 1.0, 0.8, 0.6, 0.4, 0.4, 0.3, 0.3, 0.2, 0.2, 0.2, 8.1]
  Avg ACT steps (last 100): 1.30
  saved: /home/jvdillon/projects/sic/code/maze/ckpts/x000/step03000.pt acc=98.76% (0.065s)
  saved: /home/jvdillon/projects/sic/code/maze/ckpts/x000/best.pt acc=98.76% (0.126s)
Step  3000  Test 98.76% / 62.30%  Train lm=0.9219±0.0030ϵ[0.9141,0.9336] n_active=128.0000±0.0000ϵ[128.0000,128.0000] n_expunged=0.0000±0.0000ϵ[0.0000,0.0000] n_halted=84.4320±9.5366ϵ[40.0000,106.0000] pool_util=1.0000±0.0000ϵ[1.0000,1.0000]  (37.117s / 234.206s)
  cell_acc=98.96%, puzzle_acc=69.70%
  eval_avg_halt_step: 2.07
  per_H_acc: ['H0=50.1%', 'H1=88.4%', 'H2=98.6%']
  H_cos: ['0.441', '0.848']
  z_H_delta: ['28.125', '20.000']
  cells: fixed=[81194, 22750] broken=[1159, 1428]
  per_ACT_cell_acc: ['H1=50.1%', 'H2=88.4%', 'H3=98.6%', 'H4=98.9%', 'H5=98.9%', 'H6=98.9%', 'H7=99.0%', 'H8=99.0%', 'H9=98.9%', 'H10=99.0%', 'H11=99.0%', 'H12=99.0%', 'H13=99.0%', 'H14=99.0%', 'H15=99.0%', 'H16=99.0%']
  per_ACT_puzzle_acc: ['H1=0.0%', 'H2=0.0%', 'H3=44.0%', 'H4=61.6%', 'H5=65.1%', 'H6=68.1%', 'H7=69.0%', 'H8=69.8%', 'H9=70.3%', 'H10=70.3%', 'H11=70.3%', 'H12=70.3%', 'H13=70.7%', 'H14=70.7%', 'H15=69.8%', 'H16=70.3%']
  mean_sigmoid_q_halt: ['0.000', '0.309', '0.547', '0.770', '0.863', '0.891', '0.910', '0.922', '0.922', '0.926', '0.926', '0.930', '0.930', '0.930', '0.926', '0.922']
  halt_rates: ['0.00', '0.21', '0.53', '0.78', '0.89', '0.91', '0.94', '0.95', '0.94', '0.94', '0.94', '0.95', '0.95', '0.95', '0.95', '0.94']
  halt_histogram %: [45.8, 34.1, 7.4, 2.4, 1.2, 0.8, 0.6, 0.4, 0.3, 0.3, 0.2, 0.2, 0.2, 0.1, 0.1, 5.9]
  Avg ACT steps (last 100): 1.12
  saved: /home/jvdillon/projects/sic/code/maze/ckpts/x000/step03500.pt acc=98.96% (0.066s)
  saved: /home/jvdillon/projects/sic/code/maze/ckpts/x000/best.pt acc=98.96% (0.128s)
Step  3500  Test 98.96% / 69.70%  Train lm=0.9180±0.0036ϵ[0.9141,0.9492] n_active=128.0000±0.0000ϵ[128.0000,128.0000] n_expunged=0.0000±0.0000ϵ[0.0000,0.0000] n_halted=92.7960±13.4706ϵ[17.0000,115.0000] pool_util=1.0000±0.0000ϵ[1.0000,1.0000]  (37.119s / 234.181s)
  cell_acc=98.95%, puzzle_acc=68.20%
  eval_avg_halt_step: 1.79
  per_H_acc: ['H0=62.5%', 'H1=88.2%', 'H2=98.5%']
  H_cos: ['0.500', '0.867']
  z_H_delta: ['26.000', '19.000']
  cells: fixed=[56777, 23203] broken=[3154, 1641]
  per_ACT_cell_acc: ['H1=62.5%', 'H2=88.2%', 'H3=98.5%', 'H4=98.7%', 'H5=98.8%', 'H6=98.8%', 'H7=98.8%', 'H8=98.8%', 'H9=98.8%', 'H10=98.8%', 'H11=98.8%', 'H12=98.8%', 'H13=98.8%', 'H14=98.8%', 'H15=98.8%', 'H16=98.8%']
  per_ACT_puzzle_acc: ['H1=0.0%', 'H2=0.0%', 'H3=40.5%', 'H4=58.6%', 'H5=63.8%', 'H6=64.2%', 'H7=65.5%', 'H8=65.5%', 'H9=65.5%', 'H10=65.5%', 'H11=65.1%', 'H12=65.1%', 'H13=64.7%', 'H14=64.7%', 'H15=64.2%', 'H16=63.8%']
  mean_sigmoid_q_halt: ['0.000', '0.297', '0.535', '0.809', '0.883', '0.898', '0.922', '0.930', '0.934', '0.938', '0.941', '0.941', '0.934', '0.938', '0.941', '0.945']
  halt_rates: ['0.00', '0.06', '0.49', '0.82', '0.91', '0.92', '0.95', '0.94', '0.94', '0.95', '0.96', '0.95', '0.94', '0.95', '0.95', '0.96']
  halt_histogram %: [54.3, 29.8, 6.1, 1.9, 0.9, 0.6, 0.4, 0.3, 0.2, 0.2, 0.2, 0.1, 0.1, 0.1, 0.1, 4.5]
  Avg ACT steps (last 100): 1.14
  saved: /home/jvdillon/projects/sic/code/maze/ckpts/x000/step04000.pt acc=98.95% (0.066s)
Step  4000  Test 98.95% / 68.20%  Train lm=0.9180±0.0022ϵ[0.9141,0.9258] n_active=128.0000±0.0000ϵ[128.0000,128.0000] n_expunged=0.0000±0.0000ϵ[0.0000,0.0000] n_halted=104.0120±5.7830ϵ[76.0000,118.0000] pool_util=1.0000±0.0000ϵ[1.0000,1.0000]  (37.055s / 234.160s)
  cell_acc=98.99%, puzzle_acc=69.40%
  eval_avg_halt_step: 2.12
  per_H_acc: ['H0=70.3%', 'H1=87.6%', 'H2=98.7%']
  H_cos: ['0.473', '0.832']
  z_H_delta: ['28.375', '22.750']
  cells: fixed=[50720, 24289] broken=[14661, 1217]
  per_ACT_cell_acc: ['H1=70.3%', 'H2=87.6%', 'H3=98.7%', 'H4=99.0%', 'H5=99.0%', 'H6=99.1%', 'H7=99.1%', 'H8=99.1%', 'H9=99.1%', 'H10=99.1%', 'H11=99.1%', 'H12=99.1%', 'H13=99.1%', 'H14=99.1%', 'H15=99.1%', 'H16=99.1%']
  per_ACT_puzzle_acc: ['H1=0.0%', 'H2=0.0%', 'H3=40.5%', 'H4=65.1%', 'H5=69.8%', 'H6=70.7%', 'H7=72.0%', 'H8=72.0%', 'H9=72.4%', 'H10=72.0%', 'H11=72.0%', 'H12=72.0%', 'H13=72.0%', 'H14=72.0%', 'H15=72.0%', 'H16=72.0%']
  mean_sigmoid_q_halt: ['0.000', '0.508', '0.498', '0.727', '0.852', '0.887', '0.918', '0.922', '0.914', '0.922', '0.926', '0.930', '0.926', '0.930', '0.926', '0.930']
  halt_rates: ['0.00', '0.56', '0.47', '0.74', '0.90', '0.93', '0.95', '0.95', '0.94', '0.94', '0.96', '0.96', '0.95', '0.95', '0.95', '0.96']
  halt_histogram %: [60.5, 26.5, 5.1, 1.5, 0.8, 0.5, 0.4, 0.3, 0.2, 0.2, 0.1, 0.1, 0.1, 0.1, 0.1, 3.6]
  Avg ACT steps (last 100): 1.17
  saved: /home/jvdillon/projects/sic/code/maze/ckpts/x000/step04500.pt acc=98.99% (0.066s)
  saved: /home/jvdillon/projects/sic/code/maze/ckpts/x000/best.pt acc=98.99% (0.127s)
Step  4500  Test 98.99% / 69.40%  Train lm=0.9141±0.0015ϵ[0.9141,0.9180] n_active=128.0000±0.0000ϵ[128.0000,128.0000] n_expunged=0.0000±0.0000ϵ[0.0000,0.0000] n_halted=108.4800±4.4404ϵ[93.0000,120.0000] pool_util=1.0000±0.0000ϵ[1.0000,1.0000]  (37.122s / 234.201s)
  cell_acc=99.00%, puzzle_acc=72.80%
  eval_avg_halt_step: 1.54
  per_H_acc: ['H0=53.8%', 'H1=89.3%', 'H2=98.7%']
  H_cos: ['0.477', '0.836']
  z_H_delta: ['27.625', '21.875']
  cells: fixed=[82284, 21033] broken=[8322, 1221]
  per_ACT_cell_acc: ['H1=53.8%', 'H2=89.3%', 'H3=98.7%', 'H4=98.9%', 'H5=99.0%', 'H6=98.9%', 'H7=98.9%', 'H8=99.0%', 'H9=99.0%', 'H10=99.0%', 'H11=99.0%', 'H12=99.0%', 'H13=99.0%', 'H14=99.0%', 'H15=99.0%', 'H16=99.0%']
  per_ACT_puzzle_acc: ['H1=0.0%', 'H2=0.0%', 'H3=47.4%', 'H4=62.9%', 'H5=68.5%', 'H6=68.5%', 'H7=68.5%', 'H8=68.5%', 'H9=69.4%', 'H10=69.8%', 'H11=69.8%', 'H12=69.8%', 'H13=69.8%', 'H14=69.8%', 'H15=69.8%', 'H16=69.8%']
  mean_sigmoid_q_halt: ['0.000', '0.605', '0.699', '0.875', '0.938', '0.957', '0.961', '0.961', '0.973', '0.973', '0.973', '0.977', '0.973', '0.973', '0.977', '0.977']
  halt_rates: ['0.00', '0.79', '0.67', '0.88', '0.95', '0.97', '0.97', '0.97', '0.98', '0.97', '0.98', '0.98', '0.98', '0.98', '0.98', '0.98']
  halt_histogram %: [65.1, 23.9, 4.4, 1.3, 0.6, 0.4, 0.3, 0.2, 0.2, 0.1, 0.1, 0.1, 0.1, 0.1, 0.1, 3.0]
  Avg ACT steps (last 100): 1.16
  saved: /home/jvdillon/projects/sic/code/maze/ckpts/x000/step05000.pt acc=99.00% (0.067s)
  saved: /home/jvdillon/projects/sic/code/maze/ckpts/x000/best.pt acc=99.00% (0.129s)
Step  5000  Test 99.00% / 72.80%  Train lm=0.9141±0.0005ϵ[0.9141,0.9180] n_active=128.0000±0.0000ϵ[128.0000,128.0000] n_expunged=0.0000±0.0000ϵ[0.0000,0.0000] n_halted=112.2280±3.9072ϵ[97.0000,121.0000] pool_util=1.0000±0.0000ϵ[1.0000,1.0000]  (37.128s / 234.139s)
  cell_acc=99.09%, puzzle_acc=73.70%
  eval_avg_halt_step: 1.65
  per_H_acc: ['H0=72.2%', 'H1=88.8%', 'H2=98.8%']
  H_cos: ['0.535', '0.840']
  z_H_delta: ['27.375', '21.250']
  cells: fixed=[45794, 21987] broken=[11125, 1109]
  per_ACT_cell_acc: ['H1=72.2%', 'H2=88.8%', 'H3=98.8%', 'H4=99.0%', 'H5=99.0%', 'H6=99.1%', 'H7=99.1%', 'H8=99.1%', 'H9=99.1%', 'H10=99.1%', 'H11=99.1%', 'H12=99.1%', 'H13=99.1%', 'H14=99.1%', 'H15=99.1%', 'H16=99.1%']
  per_ACT_puzzle_acc: ['H1=0.0%', 'H2=0.0%', 'H3=52.2%', 'H4=66.4%', 'H5=70.7%', 'H6=71.1%', 'H7=71.6%', 'H8=72.0%', 'H9=72.8%', 'H10=73.3%', 'H11=73.3%', 'H12=73.3%', 'H13=73.3%', 'H14=73.3%', 'H15=73.3%', 'H16=73.3%']
  mean_sigmoid_q_halt: ['0.000', '0.621', '0.680', '0.855', '0.918', '0.941', '0.961', '0.973', '0.980', '0.980', '0.980', '0.984', '0.984', '0.984', '0.984', '0.980']
  halt_rates: ['0.00', '0.80', '0.67', '0.86', '0.92', '0.95', '0.97', '0.98', '0.98', '0.99', '0.98', '0.99', '0.99', '0.99', '0.99', '0.98']
  halt_histogram %: [68.7, 21.8, 3.9, 1.1, 0.5, 0.3, 0.3, 0.2, 0.1, 0.1, 0.1, 0.1, 0.1, 0.1, 0.1, 2.5]
  Avg ACT steps (last 100): 1.09
  saved: /home/jvdillon/projects/sic/code/maze/ckpts/x000/step05500.pt acc=99.09% (0.064s)
  saved: /home/jvdillon/projects/sic/code/maze/ckpts/x000/best.pt acc=99.09% (0.124s)
Step  5500  Test 99.09% / 73.70%  Train lm=0.9141±0.0004ϵ[0.9141,0.9180] n_active=128.0000±0.0000ϵ[128.0000,128.0000] n_expunged=0.0000±0.0000ϵ[0.0000,0.0000] n_halted=114.2140±3.4734ϵ[103.0000,123.0000] pool_util=1.0000±0.0000ϵ[1.0000,1.0000]  (37.816s / 234.993s)
  cell_acc=98.94%, puzzle_acc=69.50%
  eval_avg_halt_step: 1.50
  per_H_acc: ['H0=86.1%', 'H1=87.2%', 'H2=98.6%']
  H_cos: ['0.645', '0.840']
  z_H_delta: ['26.750', '21.000']
  cells: fixed=[21188, 24836] broken=[18878, 1181]
  per_ACT_cell_acc: ['H1=86.1%', 'H2=87.2%', 'H3=98.6%', 'H4=98.8%', 'H5=98.8%', 'H6=98.8%', 'H7=98.8%', 'H8=98.8%', 'H9=98.8%', 'H10=98.8%', 'H11=98.8%', 'H12=98.9%', 'H13=98.9%', 'H14=98.9%', 'H15=98.9%', 'H16=98.9%']
  per_ACT_puzzle_acc: ['H1=0.0%', 'H2=0.0%', 'H3=47.4%', 'H4=62.1%', 'H5=64.2%', 'H6=65.1%', 'H7=65.5%', 'H8=66.4%', 'H9=66.4%', 'H10=66.4%', 'H11=66.4%', 'H12=66.4%', 'H13=66.8%', 'H14=66.8%', 'H15=66.8%', 'H16=66.8%']
  mean_sigmoid_q_halt: ['0.000', '0.789', '0.727', '0.855', '0.930', '0.949', '0.949', '0.965', '0.969', '0.977', '0.977', '0.977', '0.977', '0.980', '0.984', '0.980']
  halt_rates: ['0.00', '0.99', '0.72', '0.85', '0.94', '0.95', '0.95', '0.97', '0.97', '0.98', '0.98', '0.98', '0.98', '0.98', '0.99', '0.99']
  halt_histogram %: [71.5, 20.1, 3.5, 1.0, 0.5, 0.3, 0.2, 0.2, 0.1, 0.1, 0.1, 0.1, 0.1, 0.1, 0.0, 2.2]
  Avg ACT steps (last 100): 1.13
  saved: /home/jvdillon/projects/sic/code/maze/ckpts/x000/step06000.pt acc=98.94% (0.065s)
Step  6000  Test 98.94% / 69.50%  Train lm=0.9141±0.0000ϵ[0.9141,0.9141] n_active=128.0000±0.0000ϵ[128.0000,128.0000] n_expunged=0.0000±0.0000ϵ[0.0000,0.0000] n_halted=115.0500±3.4704ϵ[105.0000,124.0000] pool_util=1.0000±0.0000ϵ[1.0000,1.0000]  (37.694s / 237.135s)
  cell_acc=98.90%, puzzle_acc=67.80%
  eval_avg_halt_step: 1.77
  per_H_acc: ['H0=86.8%', 'H1=87.3%', 'H2=98.6%']
  H_cos: ['0.672', '0.859']
  z_H_delta: ['26.750', '20.750']
  cells: fixed=[19030, 24828] broken=[18009, 1231]
  per_ACT_cell_acc: ['H1=86.8%', 'H2=87.3%', 'H3=98.6%', 'H4=98.8%', 'H5=98.8%', 'H6=98.8%', 'H7=98.8%', 'H8=98.8%', 'H9=98.8%', 'H10=98.8%', 'H11=98.8%', 'H12=98.8%', 'H13=98.8%', 'H14=98.8%', 'H15=98.8%', 'H16=98.8%']
  per_ACT_puzzle_acc: ['H1=0.0%', 'H2=0.0%', 'H3=47.4%', 'H4=58.2%', 'H5=61.6%', 'H6=62.5%', 'H7=62.5%', 'H8=62.5%', 'H9=62.9%', 'H10=63.8%', 'H11=63.8%', 'H12=63.8%', 'H13=63.8%', 'H14=63.8%', 'H15=63.8%', 'H16=63.8%']
  mean_sigmoid_q_halt: ['0.000', '0.809', '0.645', '0.812', '0.906', '0.926', '0.934', '0.949', '0.957', '0.965', '0.965', '0.965', '0.969', '0.969', '0.969', '0.973']
  halt_rates: ['0.00', '1.00', '0.63', '0.81', '0.91', '0.93', '0.94', '0.96', '0.96', '0.97', '0.97', '0.97', '0.97', '0.97', '0.97', '0.97']
  halt_histogram %: [73.6, 18.9, 3.2, 0.9, 0.4, 0.3, 0.2, 0.1, 0.1, 0.1, 0.1, 0.1, 0.1, 0.0, 0.0, 1.9]
  Avg ACT steps (last 100): 1.07
  saved: /home/jvdillon/projects/sic/code/maze/ckpts/x000/step06500.pt acc=98.90% (0.066s)
Step  6500  Test 98.90% / 67.80%  Train lm=0.9141±0.0002ϵ[0.9141,0.9180] n_active=128.0000±0.0000ϵ[128.0000,128.0000] n_expunged=0.0000±0.0000ϵ[0.0000,0.0000] n_halted=115.1320±3.4430ϵ[106.0000,124.0000] pool_util=1.0000±0.0000ϵ[1.0000,1.0000]  (37.656s / 237.183s)
  cell_acc=98.77%, puzzle_acc=63.10%
  eval_avg_halt_step: 1.77
  per_H_acc: ['H0=87.1%', 'H1=88.1%', 'H2=98.5%']
  H_cos: ['0.723', '0.879']
  z_H_delta: ['26.750', '20.875']
  cells: fixed=[17397, 22958] broken=[15169, 1349]
  per_ACT_cell_acc: ['H1=87.1%', 'H2=88.1%', 'H3=98.5%', 'H4=98.6%', 'H5=98.7%', 'H6=98.7%', 'H7=98.7%', 'H8=98.7%', 'H9=98.7%', 'H10=98.7%', 'H11=98.7%', 'H12=98.7%', 'H13=98.7%', 'H14=98.7%', 'H15=98.7%', 'H16=98.7%']
  per_ACT_puzzle_acc: ['H1=0.0%', 'H2=0.0%', 'H3=43.1%', 'H4=56.5%', 'H5=58.2%', 'H6=60.3%', 'H7=60.8%', 'H8=61.6%', 'H9=61.6%', 'H10=61.6%', 'H11=61.6%', 'H12=62.1%', 'H13=62.5%', 'H14=62.5%', 'H15=62.5%', 'H16=62.5%']
  mean_sigmoid_q_halt: ['0.000', '0.852', '0.645', '0.801', '0.871', '0.910', '0.918', '0.922', '0.930', '0.938', '0.941', '0.945', '0.953', '0.953', '0.961', '0.969']
  halt_rates: ['0.00', '1.00', '0.63', '0.80', '0.88', '0.91', '0.92', '0.92', '0.93', '0.94', '0.94', '0.95', '0.96', '0.95', '0.96', '0.97']
  halt_histogram %: [75.3, 17.9, 3.0, 0.8, 0.4, 0.2, 0.2, 0.1, 0.1, 0.1, 0.1, 0.1, 0.1, 0.0, 0.0, 1.7]
  Avg ACT steps (last 100): 1.08
  saved: /home/jvdillon/projects/sic/code/maze/ckpts/x000/step07000.pt acc=98.77% (0.065s)
Step  7000  Test 98.77% / 63.10%  Train lm=0.9141±0.0000ϵ[0.9141,0.9141] n_active=128.0000±0.0000ϵ[128.0000,128.0000] n_expunged=0.0000±0.0000ϵ[0.0000,0.0000] n_halted=115.0500±3.4069ϵ[103.0000,123.0000] pool_util=1.0000±0.0000ϵ[1.0000,1.0000]  (37.645s / 237.113s)
  cell_acc=98.76%, puzzle_acc=63.40%
  eval_avg_halt_step: 1.76
  per_H_acc: ['H0=87.1%', 'H1=88.1%', 'H2=98.4%']
  H_cos: ['0.727', '0.883']
  z_H_delta: ['26.750', '20.875']
  cells: fixed=[17155, 22886] broken=[14919, 1377]
  per_ACT_cell_acc: ['H1=87.1%', 'H2=88.1%', 'H3=98.4%', 'H4=98.6%', 'H5=98.6%', 'H6=98.7%', 'H7=98.7%', 'H8=98.7%', 'H9=98.7%', 'H10=98.7%', 'H11=98.7%', 'H12=98.7%', 'H13=98.7%', 'H14=98.7%', 'H15=98.7%', 'H16=98.7%']
  per_ACT_puzzle_acc: ['H1=0.0%', 'H2=0.0%', 'H3=43.1%', 'H4=55.2%', 'H5=57.8%', 'H6=59.9%', 'H7=61.2%', 'H8=61.2%', 'H9=61.2%', 'H10=61.6%', 'H11=61.6%', 'H12=61.6%', 'H13=62.1%', 'H14=62.5%', 'H15=62.5%', 'H16=62.5%']
  mean_sigmoid_q_halt: ['0.000', '0.855', '0.641', '0.801', '0.859', '0.891', '0.922', '0.938', '0.941', '0.941', '0.945', '0.941', '0.941', '0.953', '0.949', '0.953']
  halt_rates: ['0.00', '1.00', '0.64', '0.79', '0.86', '0.89', '0.93', '0.94', '0.94', '0.94', '0.95', '0.94', '0.94', '0.96', '0.95', '0.96']
  halt_histogram %: [76.7, 17.0, 2.8, 0.7, 0.3, 0.2, 0.2, 0.1, 0.1, 0.1, 0.1, 0.1, 0.0, 0.0, 0.0, 1.6]
  Avg ACT steps (last 100): 1.10
  saved: /home/jvdillon/projects/sic/code/maze/ckpts/x000/step07500.pt acc=98.76% (0.066s)
Step  7500  Test 98.76% / 63.40%  Train lm=0.9141±0.0000ϵ[0.9141,0.9141] n_active=128.0000±0.0000ϵ[128.0000,128.0000] n_expunged=0.0000±0.0000ϵ[0.0000,0.0000] n_halted=115.3840±3.3049ϵ[106.0000,125.0000] pool_util=1.0000±0.0000ϵ[1.0000,1.0000]  (37.197s / 236.821s)
  cell_acc=98.75%, puzzle_acc=63.30%
  eval_avg_halt_step: 1.78
  per_H_acc: ['H0=87.1%', 'H1=88.2%', 'H2=98.4%']
  H_cos: ['0.727', '0.883']
  z_H_delta: ['26.750', '20.875']
  cells: fixed=[17156, 22836] broken=[14872, 1387]
  per_ACT_cell_acc: ['H1=87.1%', 'H2=88.2%', 'H3=98.4%', 'H4=98.6%', 'H5=98.6%', 'H6=98.7%', 'H7=98.7%', 'H8=98.7%', 'H9=98.7%', 'H10=98.7%', 'H11=98.7%', 'H12=98.7%', 'H13=98.7%', 'H14=98.7%', 'H15=98.7%', 'H16=98.7%']
  per_ACT_puzzle_acc: ['H1=0.0%', 'H2=0.0%', 'H3=43.1%', 'H4=54.7%', 'H5=57.8%', 'H6=59.9%', 'H7=61.2%', 'H8=61.2%', 'H9=61.2%', 'H10=61.2%', 'H11=61.2%', 'H12=61.6%', 'H13=62.1%', 'H14=62.1%', 'H15=62.1%', 'H16=62.1%']
  mean_sigmoid_q_halt: ['0.000', '0.855', '0.652', '0.797', '0.867', '0.910', '0.930', '0.934', '0.941', '0.938', '0.949', '0.941', '0.953', '0.957', '0.961', '0.965']
  halt_rates: ['0.00', '1.00', '0.64', '0.78', '0.87', '0.91', '0.93', '0.94', '0.94', '0.94', '0.95', '0.94', '0.95', '0.96', '0.97', '0.97']
  halt_histogram %: [77.8, 16.3, 2.6, 0.7, 0.3, 0.2, 0.1, 0.1, 0.1, 0.1, 0.1, 0.0, 0.0, 0.0, 0.0, 1.4]
  Avg ACT steps (last 100): 1.12
  saved: /home/jvdillon/projects/sic/code/maze/ckpts/x000/step08000.pt acc=98.75% (0.065s)
Step  8000  Test 98.75% / 63.30%  Train lm=0.9141±0.0000ϵ[0.9141,0.9141] n_active=128.0000±0.0000ϵ[128.0000,128.0000] n_expunged=0.0000±0.0000ϵ[0.0000,0.0000] n_halted=115.1820±3.4018ϵ[102.0000,123.0000] pool_util=1.0000±0.0000ϵ[1.0000,1.0000]  (37.670s / 236.929s)
