Adam params: ('embed_tokens.weight', 'head.weight', 'head.bias', 'q_head.weight', 'q_head.bias')
Muon 2D params: ('reasoning.0.attn.o_proj.weight', 'reasoning.0.mlp.up_proj.weight', 'reasoning.0.mlp.down_proj.weight', 'reasoning.1.attn.o_proj.weight', 'reasoning.1.mlp.up_proj.weight', 'reasoning.1.mlp.down_proj.weight')
Muon 3D params (ensemble_dims=1): ('reasoning.0.attn.qkv_proj.weight', 'reasoning.1.attn.qkv_proj.weight')
Saved step 0 checkpoint with RNG: /home/jvdillon/projects/sic/code/maze/ckpts/x000h/step00000_rng.pt
  cell_acc=87.49%, puzzle_acc=0.00%
  eval_avg_halt_step: 16.00
  per_H_acc: ['H0=87.4%', 'H1=87.5%', 'H2=87.5%']
  H_cos: ['0.781', '0.965']
  z_H_delta: ['18.375', '8.562']
  cells: fixed=[283, 0] broken=[0, 0]
  per_ACT_cell_acc: ['H1=87.4%', 'H2=87.5%', 'H3=87.5%', 'H4=87.5%', 'H5=87.5%', 'H6=87.5%', 'H7=87.5%', 'H8=87.5%', 'H9=87.5%', 'H10=87.5%', 'H11=87.5%', 'H12=87.5%', 'H13=87.5%', 'H14=87.5%', 'H15=87.5%', 'H16=87.5%']
  per_ACT_puzzle_acc: ['H1=0.0%', 'H2=0.0%', 'H3=0.0%', 'H4=0.0%', 'H5=0.0%', 'H6=0.0%', 'H7=0.0%', 'H8=0.0%', 'H9=0.0%', 'H10=0.0%', 'H11=0.0%', 'H12=0.0%', 'H13=0.0%', 'H14=0.0%', 'H15=0.0%', 'H16=0.0%']
  mean_sigmoid_q_halt: ['0.000', '0.000', '0.000', '0.000', '0.000', '0.000', '0.000', '0.000', '0.000', '0.000', '0.000', '0.000', '0.000', '0.000', '0.000', '0.000']
  halt_rates: ['0.00', '0.00', '0.00', '0.00', '0.00', '0.00', '0.00', '0.00', '0.00', '0.00', '0.00', '0.00', '0.00', '0.00', '0.00', '0.00']
  halt_histogram %: [0.0, 0.0, 0.0, 0.0, 0.0, 0.0, 0.0, 0.0, 0.0, 0.0, 0.0, 0.0, 0.0, 0.0, 0.0, 100.0]
  Avg ACT steps (last 100): 16.00
  saved: /home/jvdillon/projects/sic/code/maze/ckpts/x000h/step00500.pt acc=87.49% (0.043s)
  saved: /home/jvdillon/projects/sic/code/maze/ckpts/x000h/best.pt acc=87.49% (0.085s)
Step   500  Test 87.49% /  0.00%  Train lm=1.1719±0.2451ϵ[1.0938,3.6562] n_active=128.0000±0.0000ϵ[128.0000,128.0000] n_expunged=0.0000±0.0000ϵ[0.0000,0.0000] n_halted=7.9360±30.8988ϵ[0.0000,128.0000] pool_util=1.0000±0.0000ϵ[1.0000,1.0000]  (55.521s / 263.063s)
  cell_acc=89.37%, puzzle_acc=0.00%
  eval_avg_halt_step: 16.00
  per_H_acc: ['H0=87.3%', 'H1=87.5%', 'H2=87.5%']
  H_cos: ['0.730', '0.965']
  z_H_delta: ['21.375', '9.812']
  cells: fixed=[429, 37] broken=[0, 2]
  per_ACT_cell_acc: ['H1=87.3%', 'H2=87.5%', 'H3=87.5%', 'H4=87.6%', 'H5=87.8%', 'H6=88.0%', 'H7=88.2%', 'H8=88.4%', 'H9=88.5%', 'H10=88.6%', 'H11=88.7%', 'H12=88.8%', 'H13=88.9%', 'H14=89.0%', 'H15=89.0%', 'H16=89.0%']
  per_ACT_puzzle_acc: ['H1=0.0%', 'H2=0.0%', 'H3=0.0%', 'H4=0.0%', 'H5=0.0%', 'H6=0.0%', 'H7=0.0%', 'H8=0.0%', 'H9=0.0%', 'H10=0.0%', 'H11=0.0%', 'H12=0.0%', 'H13=0.0%', 'H14=0.0%', 'H15=0.0%', 'H16=0.0%']
  mean_sigmoid_q_halt: ['0.001', '0.000', '0.000', '0.000', '0.000', '0.000', '0.000', '0.000', '0.000', '0.000', '0.000', '0.000', '0.000', '0.000', '0.000', '0.000']
  halt_rates: ['0.00', '0.00', '0.00', '0.00', '0.00', '0.00', '0.00', '0.00', '0.00', '0.00', '0.00', '0.00', '0.00', '0.00', '0.00', '0.00']
  halt_histogram %: [0.0, 0.0, 0.0, 0.0, 0.0, 0.0, 0.0, 0.0, 0.0, 0.0, 0.0, 0.0, 0.0, 0.0, 0.0, 100.0]
  Avg ACT steps (last 100): 16.00
  saved: /home/jvdillon/projects/sic/code/maze/ckpts/x000h/step01000.pt acc=89.37% (0.044s)
  saved: /home/jvdillon/projects/sic/code/maze/ckpts/x000h/best.pt acc=89.37% (0.106s)
Step  1000  Test 89.37% /  0.00%  Train lm=1.0781±0.0222ϵ[1.0234,1.1328] n_active=128.0000±0.0000ϵ[128.0000,128.0000] n_expunged=0.0000±0.0000ϵ[0.0000,0.0000] n_halted=7.9360±30.8988ϵ[0.0000,128.0000] pool_util=1.0000±0.0000ϵ[1.0000,1.0000]  (38.029s / 237.970s)
  cell_acc=94.42%, puzzle_acc=0.10%
  eval_avg_halt_step: 16.00
  per_H_acc: ['H0=51.4%', 'H1=87.5%', 'H2=87.7%']
  H_cos: ['0.590', '0.918']
  z_H_delta: ['24.000', '13.625']
  cells: fixed=[75423, 2771] broken=[48, 2263]
  per_ACT_cell_acc: ['H1=51.4%', 'H2=87.5%', 'H3=87.7%', 'H4=89.3%', 'H5=90.8%', 'H6=91.7%', 'H7=92.3%', 'H8=92.8%', 'H9=93.1%', 'H10=93.4%', 'H11=93.6%', 'H12=93.8%', 'H13=93.8%', 'H14=93.9%', 'H15=94.0%', 'H16=94.0%']
  per_ACT_puzzle_acc: ['H1=0.0%', 'H2=0.0%', 'H3=0.0%', 'H4=0.0%', 'H5=0.0%', 'H6=0.0%', 'H7=0.0%', 'H8=0.0%', 'H9=0.0%', 'H10=0.0%', 'H11=0.0%', 'H12=0.0%', 'H13=0.0%', 'H14=0.0%', 'H15=0.0%', 'H16=0.0%']
  mean_sigmoid_q_halt: ['0.001', '0.000', '0.000', '0.000', '0.000', '0.000', '0.000', '0.000', '0.000', '0.000', '0.001', '0.001', '0.001', '0.001', '0.001', '0.002']
  halt_rates: ['0.00', '0.00', '0.00', '0.00', '0.00', '0.00', '0.00', '0.00', '0.00', '0.00', '0.00', '0.00', '0.00', '0.00', '0.00', '0.00']
  halt_histogram %: [0.0, 0.0, 0.0, 0.0, 0.0, 0.0, 0.0, 0.0, 0.0, 0.0, 0.0, 0.0, 0.0, 0.0, 0.0, 100.0]
  Avg ACT steps (last 100): 16.00
  saved: /home/jvdillon/projects/sic/code/maze/ckpts/x000h/step01500.pt acc=94.42% (0.043s)
  saved: /home/jvdillon/projects/sic/code/maze/ckpts/x000h/best.pt acc=94.42% (0.105s)
Step  1500  Test 94.42% /  0.10%  Train lm=1.0156±0.0393ϵ[0.9453,1.1328] n_active=128.0000±0.0000ϵ[128.0000,128.0000] n_expunged=0.0000±0.0000ϵ[0.0000,0.0000] n_halted=7.9360±30.8589ϵ[0.0000,128.0000] pool_util=1.0000±0.0000ϵ[1.0000,1.0000]  (38.068s / 238.254s)
  cell_acc=96.06%, puzzle_acc=1.50%
  eval_avg_halt_step: 15.94
  per_H_acc: ['H0=84.3%', 'H1=86.8%', 'H2=93.1%']
  H_cos: ['0.738', '0.914']
  z_H_delta: ['22.625', '12.750']
  cells: fixed=[9287, 18978] broken=[4069, 5761]
  per_ACT_cell_acc: ['H1=84.3%', 'H2=86.8%', 'H3=93.1%', 'H4=94.6%', 'H5=95.2%', 'H6=95.5%', 'H7=95.7%', 'H8=95.8%', 'H9=95.9%', 'H10=95.8%', 'H11=95.8%', 'H12=95.8%', 'H13=95.8%', 'H14=95.8%', 'H15=95.8%', 'H16=95.9%']
  per_ACT_puzzle_acc: ['H1=0.0%', 'H2=0.0%', 'H3=0.0%', 'H4=0.0%', 'H5=0.0%', 'H6=0.4%', 'H7=0.4%', 'H8=0.9%', 'H9=0.9%', 'H10=0.9%', 'H11=0.9%', 'H12=1.3%', 'H13=1.7%', 'H14=2.2%', 'H15=2.2%', 'H16=2.6%']
  mean_sigmoid_q_halt: ['0.000', '0.000', '0.000', '0.002', '0.002', '0.004', '0.007', '0.011', '0.014', '0.016', '0.016', '0.016', '0.016', '0.016', '0.016', '0.018']
  halt_rates: ['0.00', '0.00', '0.00', '0.00', '0.00', '0.00', '0.00', '0.00', '0.00', '0.00', '0.00', '0.00', '0.00', '0.00', '0.00', '0.00']
  halt_histogram %: [0.0, 0.0, 0.3, 0.9, 1.2, 1.5, 1.2, 1.1, 1.3, 1.0, 0.9, 1.0, 0.7, 0.8, 0.7, 87.1]
  Avg ACT steps (last 100): 11.27
  saved: /home/jvdillon/projects/sic/code/maze/ckpts/x000h/step02000.pt acc=96.06% (0.043s)
  saved: /home/jvdillon/projects/sic/code/maze/ckpts/x000h/best.pt acc=96.06% (0.105s)
Step  2000  Test 96.06% /  1.50%  Train lm=0.9648±0.0166ϵ[0.9453,1.0859] n_active=128.0000±0.0000ϵ[128.0000,128.0000] n_expunged=0.0000±0.0000ϵ[0.0000,0.0000] n_halted=10.0700±14.3869ϵ[0.0000,123.0000] pool_util=1.0000±0.0000ϵ[1.0000,1.0000]  (38.069s / 238.491s)
  cell_acc=97.87%, puzzle_acc=29.70%
  eval_avg_halt_step: 9.61
  per_H_acc: ['H0=58.1%', 'H1=87.5%', 'H2=95.5%']
  H_cos: ['0.691', '0.887']
  z_H_delta: ['22.125', '14.250']
  cells: fixed=[61873, 21151] broken=[369, 4492]
  per_ACT_cell_acc: ['H1=58.1%', 'H2=87.5%', 'H3=95.5%', 'H4=96.0%', 'H5=96.8%', 'H6=97.3%', 'H7=97.4%', 'H8=97.5%', 'H9=97.6%', 'H10=97.6%', 'H11=97.6%', 'H12=97.7%', 'H13=97.7%', 'H14=97.7%', 'H15=97.7%', 'H16=97.7%']
  per_ACT_puzzle_acc: ['H1=0.0%', 'H2=0.0%', 'H3=0.0%', 'H4=0.4%', 'H5=3.0%', 'H6=9.1%', 'H7=15.5%', 'H8=22.0%', 'H9=26.3%', 'H10=25.4%', 'H11=28.4%', 'H12=28.0%', 'H13=26.7%', 'H14=27.2%', 'H15=28.0%', 'H16=27.6%']
  mean_sigmoid_q_halt: ['0.000', '0.000', '0.002', '0.016', '0.041', '0.102', '0.171', '0.221', '0.270', '0.297', '0.301', '0.311', '0.312', '0.316', '0.324', '0.330']
  halt_rates: ['0.00', '0.00', '0.00', '0.00', '0.01', '0.04', '0.12', '0.21', '0.27', '0.30', '0.33', '0.33', '0.31', '0.31', '0.34', '0.34']
  halt_histogram %: [0.0, 1.8, 6.3, 5.9, 4.7, 3.6, 3.2, 2.3, 2.3, 1.6, 1.6, 1.4, 1.2, 1.1, 1.0, 62.1]
  Avg ACT steps (last 100): 6.51
  saved: /home/jvdillon/projects/sic/code/maze/ckpts/x000h/step02500.pt acc=97.87% (0.043s)
  saved: /home/jvdillon/projects/sic/code/maze/ckpts/x000h/best.pt acc=97.87% (0.105s)
Step  2500  Test 97.87% / 29.70%  Train lm=0.9531±0.0067ϵ[0.9414,0.9766] n_active=128.0000±0.0000ϵ[128.0000,128.0000] n_expunged=0.0000±0.0000ϵ[0.0000,0.0000] n_halted=17.5920±11.6553ϵ[0.0000,57.0000] pool_util=1.0000±0.0000ϵ[1.0000,1.0000]  (38.083s / 238.544s)
  cell_acc=98.57%, puzzle_acc=48.10%
  eval_avg_halt_step: 4.34
  per_H_acc: ['H0=80.7%', 'H1=87.7%', 'H2=97.1%']
  H_cos: ['0.723', '0.855']
  z_H_delta: ['21.000', '15.500']
  cells: fixed=[15048, 23367] broken=[609, 3687]
  per_ACT_cell_acc: ['H1=80.7%', 'H2=87.7%', 'H3=97.1%', 'H4=97.9%', 'H5=98.1%', 'H6=98.2%', 'H7=98.3%', 'H8=98.4%', 'H9=98.4%', 'H10=98.5%', 'H11=98.5%', 'H12=98.5%', 'H13=98.5%', 'H14=98.5%', 'H15=98.5%', 'H16=98.5%']
  per_ACT_puzzle_acc: ['H1=0.0%', 'H2=0.0%', 'H3=2.2%', 'H4=11.6%', 'H5=27.2%', 'H6=36.2%', 'H7=38.8%', 'H8=43.1%', 'H9=42.7%', 'H10=44.0%', 'H11=45.3%', 'H12=46.6%', 'H13=47.4%', 'H14=47.0%', 'H15=47.8%', 'H16=47.4%']
  mean_sigmoid_q_halt: ['0.000', '0.000', '0.022', '0.140', '0.301', '0.449', '0.512', '0.574', '0.621', '0.641', '0.668', '0.672', '0.691', '0.695', '0.711', '0.707']
  halt_rates: ['0.00', '0.00', '0.00', '0.12', '0.28', '0.47', '0.53', '0.59', '0.66', '0.66', '0.70', '0.69', '0.72', '0.73', '0.75', '0.75']
  halt_histogram %: [0.0, 15.4, 14.2, 8.5, 5.5, 3.5, 2.9, 2.1, 1.9, 1.4, 1.3, 1.1, 0.9, 0.8, 0.8, 39.6]
  Avg ACT steps (last 100): 3.16
  saved: /home/jvdillon/projects/sic/code/maze/ckpts/x000h/step03000.pt acc=98.57% (0.044s)
  saved: /home/jvdillon/projects/sic/code/maze/ckpts/x000h/best.pt acc=98.57% (0.106s)
Step  3000  Test 98.57% / 48.10%  Train lm=0.9453±0.0063ϵ[0.9297,0.9648] n_active=128.0000±0.0000ϵ[128.0000,128.0000] n_expunged=0.0000±0.0000ϵ[0.0000,0.0000] n_halted=31.8640±13.9559ϵ[0.0000,69.0000] pool_util=1.0000±0.0000ϵ[1.0000,1.0000]  (38.119s / 238.637s)
  cell_acc=98.70%, puzzle_acc=53.90%
  eval_avg_halt_step: 3.75
  per_H_acc: ['H0=64.2%', 'H1=87.5%', 'H2=97.5%']
  H_cos: ['0.770', '0.867']
  z_H_delta: ['21.875', '16.375']
  cells: fixed=[48744, 23625] broken=[71, 2791]
  per_ACT_cell_acc: ['H1=64.2%', 'H2=87.5%', 'H3=97.5%', 'H4=98.1%', 'H5=98.2%', 'H6=98.3%', 'H7=98.4%', 'H8=98.5%', 'H9=98.5%', 'H10=98.5%', 'H11=98.5%', 'H12=98.5%', 'H13=98.5%', 'H14=98.6%', 'H15=98.5%', 'H16=98.6%']
  per_ACT_puzzle_acc: ['H1=0.0%', 'H2=0.0%', 'H3=4.7%', 'H4=28.4%', 'H5=38.8%', 'H6=43.5%', 'H7=47.0%', 'H8=47.4%', 'H9=47.4%', 'H10=47.8%', 'H11=48.3%', 'H12=49.1%', 'H13=49.1%', 'H14=51.3%', 'H15=50.0%', 'H16=50.9%']
  mean_sigmoid_q_halt: ['0.000', '0.000', '0.076', '0.377', '0.543', '0.633', '0.688', '0.738', '0.754', '0.770', '0.773', '0.789', '0.801', '0.809', '0.812', '0.828']
  halt_rates: ['0.00', '0.00', '0.06', '0.39', '0.58', '0.66', '0.72', '0.76', '0.78', '0.79', '0.79', '0.82', '0.82', '0.83', '0.83', '0.86']
  halt_histogram %: [1.3, 35.0, 15.5, 7.1, 4.2, 2.6, 2.1, 1.5, 1.3, 1.0, 0.9, 0.7, 0.6, 0.6, 0.5, 25.1]
  Avg ACT steps (last 100): 2.13
  saved: /home/jvdillon/projects/sic/code/maze/ckpts/x000h/step03500.pt acc=98.70% (0.043s)
  saved: /home/jvdillon/projects/sic/code/maze/ckpts/x000h/best.pt acc=98.70% (0.109s)
Step  3500  Test 98.70% / 53.90%  Train lm=0.9297±0.0040ϵ[0.9219,0.9453] n_active=128.0000±0.0000ϵ[128.0000,128.0000] n_expunged=0.0000±0.0000ϵ[0.0000,0.0000] n_halted=49.3160±10.3364ϵ[21.0000,75.0000] pool_util=1.0000±0.0000ϵ[1.0000,1.0000]  (38.161s / 238.977s)
  cell_acc=98.82%, puzzle_acc=58.00%
  eval_avg_halt_step: 3.85
  per_H_acc: ['H0=60.3%', 'H1=87.5%', 'H2=97.5%']
  H_cos: ['0.758', '0.848']
  z_H_delta: ['22.750', '17.625']
  cells: fixed=[56734, 23830] broken=[39, 2769]
  per_ACT_cell_acc: ['H1=60.3%', 'H2=87.5%', 'H3=97.5%', 'H4=98.1%', 'H5=98.4%', 'H6=98.5%', 'H7=98.5%', 'H8=98.5%', 'H9=98.5%', 'H10=98.6%', 'H11=98.5%', 'H12=98.5%', 'H13=98.6%', 'H14=98.6%', 'H15=98.6%', 'H16=98.6%']
  per_ACT_puzzle_acc: ['H1=0.0%', 'H2=0.0%', 'H3=7.8%', 'H4=29.3%', 'H5=39.2%', 'H6=46.1%', 'H7=50.4%', 'H8=48.7%', 'H9=50.4%', 'H10=50.0%', 'H11=50.9%', 'H12=50.0%', 'H13=50.9%', 'H14=50.9%', 'H15=50.0%', 'H16=51.3%']
  mean_sigmoid_q_halt: ['0.000', '0.000', '0.084', '0.342', '0.484', '0.605', '0.676', '0.707', '0.723', '0.727', '0.746', '0.734', '0.750', '0.734', '0.746', '0.746']
  halt_rates: ['0.00', '0.00', '0.07', '0.34', '0.50', '0.62', '0.71', '0.75', '0.75', '0.76', '0.78', '0.76', '0.77', '0.75', '0.77', '0.78']
  halt_histogram %: [5.6, 45.5, 14.4, 5.6, 3.1, 1.9, 1.5, 1.1, 1.0, 0.7, 0.6, 0.5, 0.4, 0.4, 0.4, 17.4]
  Avg ACT steps (last 100): 1.92
  saved: /home/jvdillon/projects/sic/code/maze/ckpts/x000h/step04000.pt acc=98.82% (0.044s)
  saved: /home/jvdillon/projects/sic/code/maze/ckpts/x000h/best.pt acc=98.82% (0.105s)
Step  4000  Test 98.82% / 58.00%  Train lm=0.9258±0.0026ϵ[0.9180,0.9336] n_active=128.0000±0.0000ϵ[128.0000,128.0000] n_expunged=0.0000±0.0000ϵ[0.0000,0.0000] n_halted=59.8620±7.9227ϵ[34.0000,83.0000] pool_util=1.0000±0.0000ϵ[1.0000,1.0000]  (38.211s / 239.220s)
  cell_acc=98.79%, puzzle_acc=60.80%
  eval_avg_halt_step: 2.91
  per_H_acc: ['H0=67.2%', 'H1=87.4%', 'H2=97.9%']
  H_cos: ['0.715', '0.844']
  z_H_delta: ['22.625', '18.625']
  cells: fixed=[42413, 24416] broken=[300, 2554]
  per_ACT_cell_acc: ['H1=67.2%', 'H2=87.4%', 'H3=97.9%', 'H4=98.4%', 'H5=98.5%', 'H6=98.6%', 'H7=98.7%', 'H8=98.7%', 'H9=98.7%', 'H10=98.7%', 'H11=98.7%', 'H12=98.7%', 'H13=98.7%', 'H14=98.7%', 'H15=98.7%', 'H16=98.7%']
  per_ACT_puzzle_acc: ['H1=0.0%', 'H2=0.0%', 'H3=12.9%', 'H4=33.2%', 'H5=45.3%', 'H6=50.0%', 'H7=54.7%', 'H8=55.2%', 'H9=56.5%', 'H10=56.9%', 'H11=57.3%', 'H12=56.5%', 'H13=57.3%', 'H14=57.3%', 'H15=57.3%', 'H16=58.2%']
  mean_sigmoid_q_halt: ['0.001', '0.000', '0.182', '0.459', '0.617', '0.723', '0.785', '0.801', '0.809', '0.816', '0.824', '0.820', '0.832', '0.828', '0.836', '0.848']
  halt_rates: ['0.00', '0.00', '0.16', '0.46', '0.63', '0.73', '0.81', '0.82', '0.81', '0.82', '0.84', '0.84', '0.84', '0.85', '0.84', '0.86']
  halt_histogram %: [14.1, 47.5, 12.5, 4.4, 2.3, 1.4, 1.1, 0.8, 0.7, 0.5, 0.5, 0.4, 0.3, 0.3, 0.3, 12.7]
  Avg ACT steps (last 100): 1.63
  saved: /home/jvdillon/projects/sic/code/maze/ckpts/x000h/step04500.pt acc=98.79% (0.043s)
Step  4500  Test 98.79% / 60.80%  Train lm=0.9219±0.0020ϵ[0.9180,0.9258] n_active=128.0000±0.0000ϵ[128.0000,128.0000] n_expunged=0.0000±0.0000ϵ[0.0000,0.0000] n_halted=71.3700±7.7414ϵ[43.0000,93.0000] pool_util=1.0000±0.0000ϵ[1.0000,1.0000]  (38.140s / 239.413s)
  cell_acc=98.79%, puzzle_acc=60.40%
  eval_avg_halt_step: 2.91
  per_H_acc: ['H0=57.9%', 'H1=87.3%', 'H2=97.8%']
  H_cos: ['0.688', '0.828']
  z_H_delta: ['23.500', '18.750']
  cells: fixed=[62500, 24545] broken=[1233, 2508]
  per_ACT_cell_acc: ['H1=57.9%', 'H2=87.3%', 'H3=97.8%', 'H4=98.2%', 'H5=98.4%', 'H6=98.4%', 'H7=98.5%', 'H8=98.5%', 'H9=98.6%', 'H10=98.6%', 'H11=98.6%', 'H12=98.6%', 'H13=98.6%', 'H14=98.6%', 'H15=98.6%', 'H16=98.6%']
  per_ACT_puzzle_acc: ['H1=0.0%', 'H2=0.0%', 'H3=18.1%', 'H4=36.6%', 'H5=46.6%', 'H6=48.7%', 'H7=53.0%', 'H8=53.0%', 'H9=54.7%', 'H10=54.7%', 'H11=56.0%', 'H12=56.9%', 'H13=57.3%', 'H14=57.8%', 'H15=58.2%', 'H16=58.2%']
  mean_sigmoid_q_halt: ['0.001', '0.000', '0.239', '0.523', '0.641', '0.738', '0.777', '0.812', '0.820', '0.848', '0.844', '0.848', '0.863', '0.871', '0.875', '0.879']
  halt_rates: ['0.00', '0.00', '0.21', '0.51', '0.65', '0.74', '0.78', '0.83', '0.83', '0.87', '0.86', '0.86', '0.88', '0.88', '0.89', '0.89']
  halt_histogram %: [23.8, 45.6, 10.7, 3.5, 1.8, 1.1, 0.9, 0.6, 0.5, 0.4, 0.4, 0.3, 0.2, 0.2, 0.2, 9.8]
  Avg ACT steps (last 100): 1.43
  saved: /home/jvdillon/projects/sic/code/maze/ckpts/x000h/step05000.pt acc=98.79% (0.042s)
Step  5000  Test 98.79% / 60.40%  Train lm=0.9180±0.0012ϵ[0.9141,0.9219] n_active=128.0000±0.0000ϵ[128.0000,128.0000] n_expunged=0.0000±0.0000ϵ[0.0000,0.0000] n_halted=82.3300±6.5766ϵ[63.0000,102.0000] pool_util=1.0000±0.0000ϵ[1.0000,1.0000]  (38.017s / 239.268s)
  cell_acc=98.86%, puzzle_acc=62.10%
  eval_avg_halt_step: 2.43
  per_H_acc: ['H0=58.8%', 'H1=87.2%', 'H2=98.0%']
  H_cos: ['0.703', '0.828']
  z_H_delta: ['24.000', '18.250']
  cells: fixed=[60880, 24918] broken=[1491, 2289]
  per_ACT_cell_acc: ['H1=58.8%', 'H2=87.2%', 'H3=98.0%', 'H4=98.4%', 'H5=98.5%', 'H6=98.6%', 'H7=98.6%', 'H8=98.6%', 'H9=98.6%', 'H10=98.6%', 'H11=98.6%', 'H12=98.6%', 'H13=98.6%', 'H14=98.7%', 'H15=98.7%', 'H16=98.7%']
  per_ACT_puzzle_acc: ['H1=0.0%', 'H2=0.0%', 'H3=19.0%', 'H4=40.1%', 'H5=49.6%', 'H6=53.4%', 'H7=56.5%', 'H8=56.5%', 'H9=56.5%', 'H10=56.9%', 'H11=57.3%', 'H12=57.8%', 'H13=56.9%', 'H14=57.3%', 'H15=57.3%', 'H16=58.2%']
  mean_sigmoid_q_halt: ['0.001', '0.000', '0.287', '0.555', '0.738', '0.812', '0.875', '0.887', '0.895', '0.902', '0.914', '0.910', '0.902', '0.902', '0.898', '0.914']
  halt_rates: ['0.00', '0.00', '0.27', '0.56', '0.74', '0.82', '0.89', '0.89', '0.91', '0.91', '0.92', '0.92', '0.91', '0.91', '0.91', '0.92']
  halt_histogram %: [33.4, 41.8, 9.1, 2.8, 1.4, 0.9, 0.7, 0.5, 0.4, 0.3, 0.3, 0.2, 0.2, 0.2, 0.2, 7.7]
  Avg ACT steps (last 100): 1.25
  saved: /home/jvdillon/projects/sic/code/maze/ckpts/x000h/step05500.pt acc=98.86% (0.043s)
  saved: /home/jvdillon/projects/sic/code/maze/ckpts/x000h/best.pt acc=98.86% (0.104s)
Step  5500  Test 98.86% / 62.10%  Train lm=0.9180±0.0023ϵ[0.9141,0.9336] n_active=128.0000±0.0000ϵ[128.0000,128.0000] n_expunged=0.0000±0.0000ϵ[0.0000,0.0000] n_halted=94.0420±5.8690ϵ[76.0000,111.0000] pool_util=1.0000±0.0000ϵ[1.0000,1.0000]  (38.077s / 238.593s)
  cell_acc=98.89%, puzzle_acc=60.90%
  eval_avg_halt_step: 2.40
  per_H_acc: ['H0=59.7%', 'H1=87.3%', 'H2=98.1%']
  H_cos: ['0.703', '0.836']
  z_H_delta: ['24.250', '17.750']
  cells: fixed=[59687, 24715] broken=[2134, 2239]
  per_ACT_cell_acc: ['H1=59.7%', 'H2=87.3%', 'H3=98.1%', 'H4=98.4%', 'H5=98.5%', 'H6=98.5%', 'H7=98.6%', 'H8=98.6%', 'H9=98.6%', 'H10=98.7%', 'H11=98.7%', 'H12=98.7%', 'H13=98.7%', 'H14=98.7%', 'H15=98.7%', 'H16=98.7%']
  per_ACT_puzzle_acc: ['H1=0.0%', 'H2=0.0%', 'H3=24.1%', 'H4=38.4%', 'H5=45.7%', 'H6=50.4%', 'H7=52.2%', 'H8=53.9%', 'H9=53.4%', 'H10=55.2%', 'H11=55.6%', 'H12=55.6%', 'H13=55.2%', 'H14=56.0%', 'H15=55.6%', 'H16=56.0%']
  mean_sigmoid_q_halt: ['0.001', '0.000', '0.332', '0.570', '0.730', '0.801', '0.828', '0.840', '0.852', '0.863', '0.879', '0.883', '0.898', '0.898', '0.895', '0.910']
  halt_rates: ['0.00', '0.00', '0.31', '0.56', '0.75', '0.81', '0.84', '0.84', '0.86', '0.87', '0.90', '0.90', '0.91', '0.91', '0.91', '0.92']
  halt_histogram %: [41.9, 37.4, 7.7, 2.3, 1.2, 0.7, 0.6, 0.4, 0.3, 0.3, 0.2, 0.2, 0.2, 0.1, 0.1, 6.3]
  Avg ACT steps (last 100): 1.23
  saved: /home/jvdillon/projects/sic/code/maze/ckpts/x000h/step06000.pt acc=98.89% (0.044s)
  saved: /home/jvdillon/projects/sic/code/maze/ckpts/x000h/best.pt acc=98.89% (0.107s)
Step  6000  Test 98.89% / 60.90%  Train lm=0.9141±0.0027ϵ[0.9141,0.9414] n_active=128.0000±0.0000ϵ[128.0000,128.0000] n_expunged=0.0000±0.0000ϵ[0.0000,0.0000] n_halted=101.5480±5.4095ϵ[86.0000,116.0000] pool_util=1.0000±0.0000ϵ[1.0000,1.0000]  (38.077s / 238.522s)
  cell_acc=98.78%, puzzle_acc=58.30%
  eval_avg_halt_step: 2.30
  per_H_acc: ['H0=58.7%', 'H1=87.2%', 'H2=98.0%']
  H_cos: ['0.707', '0.836']
  z_H_delta: ['24.250', '17.875']
  cells: fixed=[61498, 24867] broken=[1985, 2305]
  per_ACT_cell_acc: ['H1=58.7%', 'H2=87.2%', 'H3=98.0%', 'H4=98.4%', 'H5=98.4%', 'H6=98.5%', 'H7=98.5%', 'H8=98.5%', 'H9=98.6%', 'H10=98.6%', 'H11=98.6%', 'H12=98.6%', 'H13=98.6%', 'H14=98.6%', 'H15=98.6%', 'H16=98.6%']
  per_ACT_puzzle_acc: ['H1=0.0%', 'H2=0.0%', 'H3=20.7%', 'H4=38.8%', 'H5=47.8%', 'H6=50.0%', 'H7=52.2%', 'H8=53.4%', 'H9=53.4%', 'H10=53.9%', 'H11=54.7%', 'H12=54.7%', 'H13=53.9%', 'H14=54.3%', 'H15=54.3%', 'H16=54.3%']
  mean_sigmoid_q_halt: ['0.001', '0.000', '0.365', '0.609', '0.762', '0.820', '0.852', '0.883', '0.902', '0.906', '0.906', '0.918', '0.918', '0.922', '0.926', '0.930']
  halt_rates: ['0.00', '0.00', '0.37', '0.60', '0.77', '0.83', '0.86', '0.88', '0.91', '0.91', '0.91', '0.93', '0.92', '0.93', '0.93', '0.94']
  halt_histogram %: [49.0, 33.5, 6.7, 2.0, 1.0, 0.6, 0.5, 0.3, 0.3, 0.2, 0.2, 0.2, 0.1, 0.1, 0.1, 5.2]
  Avg ACT steps (last 100): 1.12
  saved: /home/jvdillon/projects/sic/code/maze/ckpts/x000h/step06500.pt acc=98.78% (0.043s)
Step  6500  Test 98.78% / 58.30%  Train lm=0.9141±0.0000ϵ[0.9141,0.9141] n_active=128.0000±0.0000ϵ[128.0000,128.0000] n_expunged=0.0000±0.0000ϵ[0.0000,0.0000] n_halted=108.6240±4.5660ϵ[94.0000,121.0000] pool_util=1.0000±0.0000ϵ[1.0000,1.0000]  (38.013s / 238.514s)
  cell_acc=98.70%, puzzle_acc=55.40%
  eval_avg_halt_step: 2.23
  per_H_acc: ['H0=58.4%', 'H1=87.1%', 'H2=98.0%']
  H_cos: ['0.707', '0.836']
  z_H_delta: ['24.250', '17.875']
  cells: fixed=[62185, 24908] broken=[2261, 2276]
  per_ACT_cell_acc: ['H1=58.4%', 'H2=87.1%', 'H3=98.0%', 'H4=98.3%', 'H5=98.4%', 'H6=98.5%', 'H7=98.5%', 'H8=98.5%', 'H9=98.5%', 'H10=98.5%', 'H11=98.5%', 'H12=98.5%', 'H13=98.5%', 'H14=98.5%', 'H15=98.5%', 'H16=98.5%']
  per_ACT_puzzle_acc: ['H1=0.0%', 'H2=0.0%', 'H3=19.0%', 'H4=38.8%', 'H5=46.1%', 'H6=49.1%', 'H7=50.4%', 'H8=51.7%', 'H9=52.6%', 'H10=53.0%', 'H11=53.0%', 'H12=53.0%', 'H13=53.9%', 'H14=53.0%', 'H15=52.6%', 'H16=53.0%']
  mean_sigmoid_q_halt: ['0.001', '0.000', '0.387', '0.625', '0.785', '0.824', '0.855', '0.887', '0.910', '0.922', '0.918', '0.930', '0.938', '0.934', '0.926', '0.934']
  halt_rates: ['0.00', '0.00', '0.37', '0.62', '0.79', '0.83', '0.85', '0.89', '0.92', '0.93', '0.93', '0.94', '0.95', '0.94', '0.94', '0.94']
  halt_histogram %: [54.6, 30.3, 5.9, 1.7, 0.8, 0.5, 0.4, 0.3, 0.2, 0.2, 0.2, 0.1, 0.1, 0.1, 0.1, 4.5]
  Avg ACT steps (last 100): 1.12
  saved: /home/jvdillon/projects/sic/code/maze/ckpts/x000h/step07000.pt acc=98.70% (0.042s)
Step  7000  Test 98.70% / 55.40%  Train lm=0.9141±0.0000ϵ[0.9141,0.9141] n_active=128.0000±0.0000ϵ[128.0000,128.0000] n_expunged=0.0000±0.0000ϵ[0.0000,0.0000] n_halted=112.0100±3.7403ϵ[99.0000,122.0000] pool_util=1.0000±0.0000ϵ[1.0000,1.0000]  (38.012s / 238.417s)
  cell_acc=98.67%, puzzle_acc=55.20%
  eval_avg_halt_step: 2.19
  per_H_acc: ['H0=58.5%', 'H1=87.1%', 'H2=97.9%']
  H_cos: ['0.707', '0.836']
  z_H_delta: ['24.250', '17.875']
  cells: fixed=[62089, 24938] broken=[2341, 2329]
  per_ACT_cell_acc: ['H1=58.5%', 'H2=87.1%', 'H3=97.9%', 'H4=98.3%', 'H5=98.4%', 'H6=98.4%', 'H7=98.5%', 'H8=98.5%', 'H9=98.5%', 'H10=98.5%', 'H11=98.5%', 'H12=98.5%', 'H13=98.5%', 'H14=98.5%', 'H15=98.5%', 'H16=98.5%']
  per_ACT_puzzle_acc: ['H1=0.0%', 'H2=0.0%', 'H3=18.5%', 'H4=38.8%', 'H5=45.3%', 'H6=48.7%', 'H7=50.0%', 'H8=50.4%', 'H9=51.3%', 'H10=51.7%', 'H11=52.2%', 'H12=51.7%', 'H13=51.7%', 'H14=51.7%', 'H15=51.7%', 'H16=50.9%']
  mean_sigmoid_q_halt: ['0.001', '0.000', '0.408', '0.621', '0.777', '0.816', '0.848', '0.875', '0.898', '0.914', '0.922', '0.926', '0.922', '0.930', '0.930', '0.926']
  halt_rates: ['0.00', '0.00', '0.39', '0.62', '0.78', '0.82', '0.86', '0.88', '0.91', '0.92', '0.93', '0.93', '0.93', '0.94', '0.93', '0.94']
  halt_histogram %: [58.9, 27.8, 5.2, 1.5, 0.7, 0.4, 0.3, 0.2, 0.2, 0.2, 0.1, 0.1, 0.1, 0.1, 0.1, 3.9]
  Avg ACT steps (last 100): 1.13
  saved: /home/jvdillon/projects/sic/code/maze/ckpts/x000h/step07500.pt acc=98.67% (0.043s)
Step  7500  Test 98.67% / 55.20%  Train lm=0.9141±0.0000ϵ[0.9141,0.9141] n_active=128.0000±0.0000ϵ[128.0000,128.0000] n_expunged=0.0000±0.0000ϵ[0.0000,0.0000] n_halted=112.9240±3.6117ϵ[101.0000,122.0000] pool_util=1.0000±0.0000ϵ[1.0000,1.0000]  (38.021s / 238.421s)
  cell_acc=98.67%, puzzle_acc=55.60%
  eval_avg_halt_step: 2.17
  per_H_acc: ['H0=58.5%', 'H1=87.1%', 'H2=97.9%']
  H_cos: ['0.707', '0.836']
  z_H_delta: ['24.250', '17.875']
  cells: fixed=[62119, 24932] broken=[2355, 2366]
  per_ACT_cell_acc: ['H1=58.5%', 'H2=87.1%', 'H3=97.9%', 'H4=98.3%', 'H5=98.4%', 'H6=98.4%', 'H7=98.4%', 'H8=98.4%', 'H9=98.5%', 'H10=98.5%', 'H11=98.5%', 'H12=98.5%', 'H13=98.5%', 'H14=98.5%', 'H15=98.5%', 'H16=98.5%']
  per_ACT_puzzle_acc: ['H1=0.0%', 'H2=0.0%', 'H3=18.5%', 'H4=39.2%', 'H5=46.6%', 'H6=49.1%', 'H7=50.4%', 'H8=51.3%', 'H9=52.2%', 'H10=53.0%', 'H11=53.4%', 'H12=53.4%', 'H13=54.3%', 'H14=55.2%', 'H15=54.7%', 'H16=54.7%']
  mean_sigmoid_q_halt: ['0.001', '0.000', '0.398', '0.617', '0.754', '0.816', '0.840', '0.859', '0.879', '0.906', '0.906', '0.922', '0.926', '0.938', '0.938', '0.934']
  halt_rates: ['0.00', '0.00', '0.38', '0.62', '0.76', '0.82', '0.84', '0.86', '0.88', '0.91', '0.91', '0.93', '0.93', '0.94', '0.94', '0.94']
  halt_histogram %: [62.2, 25.9, 4.8, 1.3, 0.6, 0.4, 0.3, 0.2, 0.2, 0.1, 0.1, 0.1, 0.1, 0.1, 0.1, 3.4]
  Avg ACT steps (last 100): 1.15
  saved: /home/jvdillon/projects/sic/code/maze/ckpts/x000h/step08000.pt acc=98.67% (0.042s)
Step  8000  Test 98.67% / 55.60%  Train lm=0.9141±0.0000ϵ[0.9141,0.9141] n_active=128.0000±0.0000ϵ[128.0000,128.0000] n_expunged=0.0000±0.0000ϵ[0.0000,0.0000] n_halted=112.6920±3.6226ϵ[101.0000,122.0000] pool_util=1.0000±0.0000ϵ[1.0000,1.0000]  (38.029s / 238.643s)
