Adam params: ('embed_tokens.weight', 'head.weight', 'head.bias', 'q_head.weight', 'q_head.bias', 'puzzle_id_embed.weight')
Muon 2D params: ('reasoning.0.attn.o_proj.weight', 'reasoning.0.mlp.up_proj.weight', 'reasoning.0.mlp.down_proj.weight', 'reasoning.1.attn.o_proj.weight', 'reasoning.1.mlp.up_proj.weight', 'reasoning.1.mlp.down_proj.weight')
Muon 3D params (ensemble_dims=1): ('reasoning.0.attn.qkv_proj.weight', 'reasoning.1.attn.qkv_proj.weight')
  cell_acc=89.01%, puzzle_acc=0.00%
  eval_avg_halt_step: 16.00
  per_H_acc: ['H0=87.4%', 'H1=87.4%', 'H2=87.5%']
  H_cos: ['0.793', '0.984']
  z_H_delta: ['10.750', '6.875']
  cells: fixed=[0, 289] broken=[57, 0]
  per_ACT_cell_acc: ['H1=87.4%', 'H2=87.4%', 'H3=87.5%', 'H4=87.5%', 'H5=87.5%', 'H6=87.7%', 'H7=88.0%', 'H8=88.3%', 'H9=88.6%', 'H10=88.8%', 'H11=89.0%', 'H12=89.1%', 'H13=89.2%', 'H14=89.3%', 'H15=89.3%', 'H16=89.3%']
  per_ACT_puzzle_acc: ['H1=0.0%', 'H2=0.0%', 'H3=0.0%', 'H4=0.0%', 'H5=0.0%', 'H6=0.0%', 'H7=0.0%', 'H8=0.0%', 'H9=0.0%', 'H10=0.0%', 'H11=0.0%', 'H12=0.0%', 'H13=0.0%', 'H14=0.0%', 'H15=0.0%', 'H16=0.0%']
  mean_sigmoid_q_halt: ['0.001', '0.000', '0.000', '0.000', '0.000', '0.000', '0.000', '0.000', '0.000', '0.000', '0.000', '0.000', '0.000', '0.000', '0.000', '0.000']
  halt_rates: ['0.00', '0.00', '0.00', '0.00', '0.00', '0.00', '0.00', '0.00', '0.00', '0.00', '0.00', '0.00', '0.00', '0.00', '0.00', '0.00']
  halt_histogram %: [0.0, 0.0, 0.0, 0.0, 0.0, 0.0, 0.0, 0.0, 0.0, 0.0, 0.0, 0.0, 0.0, 0.0, 0.0, 100.0]
  Avg ACT steps (last 100): 16.00
  saved: /home/jvdillon/projects/sic/code/maze/ckpts/x000q/step00500.pt acc=89.01% (0.059s)
  saved: /home/jvdillon/projects/sic/code/maze/ckpts/x000q/best.pt acc=89.01% (0.113s)
Step   500  Test 89.01% /  0.00%  Train lm=0.9141±0.0996ϵ[0.8125,2.0781] n_halted=7.9360±30.8988ϵ[0.0000,128.0000]  (43.915s / 196.384s)
  n_active=128.0000±0.0000ϵ[128.0000,128.0000] n_expunged=0.0000±0.0000ϵ[0.0000,0.0000] pool_util=1.0000±0.0000ϵ[1.0000,1.0000]
  cell_acc=95.36%, puzzle_acc=5.10%
  eval_avg_halt_step: 14.98
  per_H_acc: ['H0=48.5%', 'H1=86.8%', 'H2=93.3%']
  H_cos: ['0.645', '0.941']
  z_H_delta: ['11.125', '10.000']
  cells: fixed=[95443, 19841] broken=[15381, 6234]
  per_ACT_cell_acc: ['H1=48.5%', 'H2=86.8%', 'H3=93.3%', 'H4=94.9%', 'H5=95.5%', 'H6=95.7%', 'H7=95.8%', 'H8=95.9%', 'H9=95.8%', 'H10=95.8%', 'H11=95.8%', 'H12=95.7%', 'H13=95.6%', 'H14=95.5%', 'H15=95.5%', 'H16=95.5%']
  per_ACT_puzzle_acc: ['H1=0.0%', 'H2=0.0%', 'H3=0.0%', 'H4=0.0%', 'H5=0.0%', 'H6=1.3%', 'H7=2.2%', 'H8=3.0%', 'H9=3.0%', 'H10=4.3%', 'H11=4.3%', 'H12=3.9%', 'H13=5.2%', 'H14=4.7%', 'H15=4.3%', 'H16=4.3%']
  mean_sigmoid_q_halt: ['0.005', '0.001', '0.000', '0.001', '0.003', '0.010', '0.025', '0.043', '0.056', '0.063', '0.066', '0.068', '0.071', '0.073', '0.075', '0.075']
  halt_rates: ['0.00', '0.00', '0.00', '0.00', '0.00', '0.00', '0.00', '0.01', '0.02', '0.03', '0.03', '0.05', '0.06', '0.06', '0.06', '0.05']
  halt_histogram %: [0.0, 0.0, 1.3, 2.7, 2.1, 2.1, 1.9, 2.1, 2.2, 1.4, 1.7, 1.2, 1.0, 1.0, 0.9, 78.3]
  Avg ACT steps (last 100): 9.49
  saved: /home/jvdillon/projects/sic/code/maze/ckpts/x000q/step01000.pt acc=95.36% (0.059s)
  saved: /home/jvdillon/projects/sic/code/maze/ckpts/x000q/best.pt acc=95.36% (0.139s)
Step  1000  Test 95.36% /  5.10%  Train lm=0.7852±0.0277ϵ[0.7539,0.9258] n_halted=9.8980±21.2673ϵ[0.0000,128.0000]  (28.025s / 174.860s)
  n_active=128.0000±0.0000ϵ[128.0000,128.0000] n_expunged=0.0000±0.0000ϵ[0.0000,0.0000] pool_util=1.0000±0.0000ϵ[1.0000,1.0000]
  cell_acc=97.31%, puzzle_acc=11.00%
  eval_avg_halt_step: 6.88
  per_H_acc: ['H0=26.1%', 'H1=87.0%', 'H2=96.7%']
  H_cos: ['0.508', '0.898']
  z_H_delta: ['11.438', '11.125']
  cells: fixed=[137008, 23860] broken=[9950, 3674]
  per_ACT_cell_acc: ['H1=26.1%', 'H2=87.0%', 'H3=96.7%', 'H4=97.7%', 'H5=97.9%', 'H6=98.0%', 'H7=98.1%', 'H8=98.1%', 'H9=98.1%', 'H10=98.1%', 'H11=98.1%', 'H12=98.1%', 'H13=98.1%', 'H14=98.1%', 'H15=98.0%', 'H16=98.0%']
  per_ACT_puzzle_acc: ['H1=0.0%', 'H2=0.0%', 'H3=1.7%', 'H4=21.1%', 'H5=31.9%', 'H6=37.9%', 'H7=40.5%', 'H8=41.4%', 'H9=40.9%', 'H10=39.7%', 'H11=39.2%', 'H12=37.1%', 'H13=36.6%', 'H14=33.6%', 'H15=30.6%', 'H16=27.6%']
  mean_sigmoid_q_halt: ['0.014', '0.008', '0.062', '0.289', '0.434', '0.535', '0.574', '0.562', '0.539', '0.492', '0.453', '0.420', '0.387', '0.357', '0.320', '0.287']
  halt_rates: ['0.00', '0.00', '0.00', '0.25', '0.46', '0.56', '0.62', '0.60', '0.56', '0.54', '0.50', '0.44', '0.41', '0.36', '0.33', '0.29']
  halt_histogram %: [0.0, 21.7, 11.8, 7.1, 4.1, 3.0, 2.5, 2.2, 1.8, 1.5, 1.4, 1.3, 1.1, 0.9, 0.8, 38.7]
  Avg ACT steps (last 100): 2.74
  saved: /home/jvdillon/projects/sic/code/maze/ckpts/x000q/step01500.pt acc=97.31% (0.055s)
  saved: /home/jvdillon/projects/sic/code/maze/ckpts/x000q/best.pt acc=97.31% (0.133s)
Step  1500  Test 97.31% / 11.00%  Train lm=0.7539±0.0088ϵ[0.7344,0.7773] n_halted=24.7040±12.4432ϵ[1.0000,61.0000]  (27.988s / 175.151s)
  n_active=128.0000±0.0000ϵ[128.0000,128.0000] n_expunged=0.0000±0.0000ϵ[0.0000,0.0000] pool_util=1.0000±0.0000ϵ[1.0000,1.0000]
  cell_acc=98.53%, puzzle_acc=50.50%
  eval_avg_halt_step: 3.00
  per_H_acc: ['H0=49.2%', 'H1=87.9%', 'H2=97.6%']
  H_cos: ['0.652', '0.883']
  z_H_delta: ['10.875', '11.438']
  cells: fixed=[86124, 22557] broken=[5317, 2305]
  per_ACT_cell_acc: ['H1=49.2%', 'H2=87.9%', 'H3=97.6%', 'H4=98.3%', 'H5=98.4%', 'H6=98.4%', 'H7=98.5%', 'H8=98.5%', 'H9=98.5%', 'H10=98.5%', 'H11=98.5%', 'H12=98.5%', 'H13=98.5%', 'H14=98.5%', 'H15=98.5%', 'H16=98.5%']
  per_ACT_puzzle_acc: ['H1=0.0%', 'H2=0.0%', 'H3=9.1%', 'H4=37.9%', 'H5=46.1%', 'H6=50.4%', 'H7=53.0%', 'H8=53.9%', 'H9=53.9%', 'H10=54.3%', 'H11=54.3%', 'H12=54.3%', 'H13=54.3%', 'H14=54.3%', 'H15=53.9%', 'H16=53.9%']
  mean_sigmoid_q_halt: ['0.046', '0.032', '0.234', '0.539', '0.719', '0.797', '0.832', '0.855', '0.871', '0.879', '0.879', '0.879', '0.879', '0.879', '0.875', '0.875']
  halt_rates: ['0.00', '0.00', '0.15', '0.55', '0.74', '0.81', '0.85', '0.87', '0.88', '0.88', '0.88', '0.88', '0.88', '0.88', '0.88', '0.88']
  halt_histogram %: [8.7, 46.9, 10.7, 4.4, 2.3, 1.7, 1.3, 1.1, 1.0, 0.8, 0.8, 0.7, 0.5, 0.5, 0.4, 18.2]
  Avg ACT steps (last 100): 2.11
  saved: /home/jvdillon/projects/sic/code/maze/ckpts/x000q/step02000.pt acc=98.53% (0.055s)
  saved: /home/jvdillon/projects/sic/code/maze/ckpts/x000q/best.pt acc=98.53% (0.134s)
Step  2000  Test 98.53% / 50.50%  Train lm=0.7305±0.0043ϵ[0.7227,0.7422] n_halted=52.8920±13.2760ϵ[25.0000,90.0000]  (27.977s / 175.213s)
  n_active=128.0000±0.0000ϵ[128.0000,128.0000] n_expunged=0.0000±0.0000ϵ[0.0000,0.0000] pool_util=1.0000±0.0000ϵ[1.0000,1.0000]
  cell_acc=98.43%, puzzle_acc=53.80%
  eval_avg_halt_step: 3.29
  per_H_acc: ['H0=85.9%', 'H1=89.4%', 'H2=97.7%']
  H_cos: ['0.820', '0.891']
  z_H_delta: ['11.188', '10.938']
  cells: fixed=[12901, 19785] broken=[5699, 2444]
  per_ACT_cell_acc: ['H1=85.9%', 'H2=89.4%', 'H3=97.7%', 'H4=98.1%', 'H5=98.2%', 'H6=98.3%', 'H7=98.3%', 'H8=98.4%', 'H9=98.4%', 'H10=98.4%', 'H11=98.4%', 'H12=98.4%', 'H13=98.4%', 'H14=98.4%', 'H15=98.4%', 'H16=98.4%']
  per_ACT_puzzle_acc: ['H1=0.0%', 'H2=0.0%', 'H3=17.7%', 'H4=35.8%', 'H5=43.5%', 'H6=51.3%', 'H7=53.4%', 'H8=54.7%', 'H9=55.6%', 'H10=55.6%', 'H11=56.5%', 'H12=56.5%', 'H13=56.0%', 'H14=55.6%', 'H15=55.6%', 'H16=55.6%']
  mean_sigmoid_q_halt: ['0.092', '0.036', '0.322', '0.602', '0.719', '0.766', '0.793', '0.812', '0.836', '0.844', '0.855', '0.863', '0.867', '0.863', '0.859', '0.859']
  halt_rates: ['0.00', '0.00', '0.26', '0.61', '0.73', '0.78', '0.81', '0.81', '0.85', '0.85', '0.87', '0.86', '0.88', '0.86', '0.86', '0.86']
  halt_histogram %: [25.1, 45.8, 8.4, 2.9, 1.5, 1.1, 0.8, 0.7, 0.6, 0.5, 0.5, 0.4, 0.3, 0.3, 0.2, 10.8]
  Avg ACT steps (last 100): 2.30
  saved: /home/jvdillon/projects/sic/code/maze/ckpts/x000q/step02500.pt acc=98.43% (0.054s)
Step  2500  Test 98.43% / 53.80%  Train lm=0.7266±0.0030ϵ[0.7227,0.7344] n_halted=71.1280±12.7771ϵ[33.0000,101.0000]  (27.904s / 175.232s)
  n_active=128.0000±0.0000ϵ[128.0000,128.0000] n_expunged=0.0000±0.0000ϵ[0.0000,0.0000] pool_util=1.0000±0.0000ϵ[1.0000,1.0000]
  cell_acc=98.84%, puzzle_acc=59.20%
  eval_avg_halt_step: 1.93
  per_H_acc: ['H0=79.1%', 'H1=93.2%', 'H2=98.5%']
  H_cos: ['0.777', '0.926']
  z_H_delta: ['11.375', '10.062']
  cells: fixed=[37228, 12194] broken=[7809, 1184]
  per_ACT_cell_acc: ['H1=79.1%', 'H2=93.2%', 'H3=98.5%', 'H4=98.8%', 'H5=98.9%', 'H6=98.9%', 'H7=98.9%', 'H8=98.9%', 'H9=98.9%', 'H10=98.9%', 'H11=98.9%', 'H12=98.9%', 'H13=98.9%', 'H14=98.9%', 'H15=98.9%', 'H16=98.9%']
  per_ACT_puzzle_acc: ['H1=0.0%', 'H2=0.0%', 'H3=32.3%', 'H4=60.3%', 'H5=63.4%', 'H6=66.4%', 'H7=66.8%', 'H8=66.4%', 'H9=65.9%', 'H10=65.9%', 'H11=65.9%', 'H12=65.1%', 'H13=65.1%', 'H14=64.7%', 'H15=65.1%', 'H16=64.7%']
  mean_sigmoid_q_halt: ['0.226', '0.155', '0.539', '0.840', '0.895', '0.918', '0.930', '0.938', '0.938', '0.938', '0.938', '0.941', '0.945', '0.949', '0.953', '0.949']
  halt_rates: ['0.00', '0.00', '0.50', '0.84', '0.90', '0.94', '0.95', '0.95', '0.95', '0.95', '0.95', '0.95', '0.95', '0.96', '0.96', '0.97']
  halt_histogram %: [38.1, 40.6, 6.9, 2.2, 1.1, 0.8, 0.6, 0.5, 0.4, 0.4, 0.3, 0.3, 0.2, 0.2, 0.2, 7.4]
  Avg ACT steps (last 100): 1.36
  saved: /home/jvdillon/projects/sic/code/maze/ckpts/x000q/step03000.pt acc=98.84% (0.056s)
  saved: /home/jvdillon/projects/sic/code/maze/ckpts/x000q/best.pt acc=98.84% (0.135s)
Step  3000  Test 98.84% / 59.20%  Train lm=0.7266±0.0024ϵ[0.7188,0.7344] n_halted=83.1020±11.7408ϵ[43.0000,110.0000]  (27.973s / 175.224s)
  n_active=128.0000±0.0000ϵ[128.0000,128.0000] n_expunged=0.0000±0.0000ϵ[0.0000,0.0000] pool_util=1.0000±0.0000ϵ[1.0000,1.0000]
  cell_acc=98.80%, puzzle_acc=59.50%
  eval_avg_halt_step: 2.06
  per_H_acc: ['H0=87.4%', 'H1=92.6%', 'H2=98.6%']
  H_cos: ['0.844', '0.902']
  z_H_delta: ['11.812', '10.250']
  cells: fixed=[21556, 13781] broken=[10761, 1215]
  per_ACT_cell_acc: ['H1=87.4%', 'H2=92.6%', 'H3=98.6%', 'H4=98.8%', 'H5=98.9%', 'H6=98.9%', 'H7=98.9%', 'H8=98.9%', 'H9=98.9%', 'H10=98.9%', 'H11=98.9%', 'H12=98.9%', 'H13=98.9%', 'H14=98.9%', 'H15=98.9%', 'H16=98.9%']
  per_ACT_puzzle_acc: ['H1=0.0%', 'H2=0.0%', 'H3=35.3%', 'H4=62.9%', 'H5=66.8%', 'H6=68.5%', 'H7=68.1%', 'H8=68.1%', 'H9=68.5%', 'H10=68.1%', 'H11=68.1%', 'H12=67.2%', 'H13=67.2%', 'H14=67.7%', 'H15=67.2%', 'H16=65.9%']
  mean_sigmoid_q_halt: ['0.283', '0.119', '0.508', '0.824', '0.895', '0.910', '0.914', '0.918', '0.926', '0.926', '0.922', '0.918', '0.914', '0.910', '0.906', '0.906']
  halt_rates: ['0.00', '0.00', '0.47', '0.84', '0.91', '0.94', '0.94', '0.94', '0.94', '0.94', '0.94', '0.94', '0.93', '0.93', '0.92', '0.92']
  halt_histogram %: [48.1, 35.3, 5.7, 1.7, 0.8, 0.6, 0.4, 0.4, 0.3, 0.3, 0.3, 0.2, 0.2, 0.2, 0.1, 5.4]
  Avg ACT steps (last 100): 1.18
  saved: /home/jvdillon/projects/sic/code/maze/ckpts/x000q/step03500.pt acc=98.80% (0.056s)
Step  3500  Test 98.80% / 59.50%  Train lm=0.7227±0.0020ϵ[0.7188,0.7344] n_halted=94.1160±10.8182ϵ[35.0000,114.0000]  (27.896s / 175.228s)
  n_active=128.0000±0.0000ϵ[128.0000,128.0000] n_expunged=0.0000±0.0000ϵ[0.0000,0.0000] pool_util=1.0000±0.0000ϵ[1.0000,1.0000]
  cell_acc=98.80%, puzzle_acc=54.50%
  eval_avg_halt_step: 2.07
  per_H_acc: ['H0=87.4%', 'H1=92.3%', 'H2=98.6%']
  H_cos: ['0.840', '0.906']
  z_H_delta: ['11.500', '10.188']
  cells: fixed=[20252, 14470] broken=[10043, 1261]
  per_ACT_cell_acc: ['H1=87.4%', 'H2=92.3%', 'H3=98.6%', 'H4=98.8%', 'H5=98.9%', 'H6=98.9%', 'H7=98.9%', 'H8=98.9%', 'H9=98.9%', 'H10=98.9%', 'H11=98.9%', 'H12=98.9%', 'H13=98.9%', 'H14=98.9%', 'H15=98.9%', 'H16=98.9%']
  per_ACT_puzzle_acc: ['H1=0.0%', 'H2=0.0%', 'H3=42.7%', 'H4=62.5%', 'H5=67.2%', 'H6=69.8%', 'H7=69.8%', 'H8=70.7%', 'H9=70.3%', 'H10=68.5%', 'H11=68.5%', 'H12=68.5%', 'H13=68.1%', 'H14=67.7%', 'H15=67.7%', 'H16=66.8%']
  mean_sigmoid_q_halt: ['0.434', '0.201', '0.527', '0.781', '0.855', '0.871', '0.875', '0.883', '0.883', '0.883', '0.883', '0.875', '0.859', '0.844', '0.832', '0.820']
  halt_rates: ['0.00', '0.00', '0.48', '0.78', '0.88', '0.90', '0.91', '0.92', '0.91', '0.91', '0.90', '0.92', '0.90', '0.88', '0.87', '0.86']
  halt_histogram %: [54.9, 31.5, 4.9, 1.4, 0.7, 0.5, 0.4, 0.3, 0.3, 0.2, 0.2, 0.2, 0.1, 0.1, 0.1, 4.2]
  Avg ACT steps (last 100): 1.16
  saved: /home/jvdillon/projects/sic/code/maze/ckpts/x000q/step04000.pt acc=98.80% (0.054s)
Step  4000  Test 98.80% / 54.50%  Train lm=0.7227±0.0020ϵ[0.7188,0.7266] n_halted=98.8180±8.8373ϵ[54.0000,118.0000]  (27.919s / 175.313s)
  n_active=128.0000±0.0000ϵ[128.0000,128.0000] n_expunged=0.0000±0.0000ϵ[0.0000,0.0000] pool_util=1.0000±0.0000ϵ[1.0000,1.0000]
  cell_acc=98.81%, puzzle_acc=63.20%
  eval_avg_halt_step: 2.31
  per_H_acc: ['H0=50.1%', 'H1=89.6%', 'H2=98.5%']
  H_cos: ['0.797', '0.875']
  z_H_delta: ['11.375', '10.938']
  cells: fixed=[96902, 19685] broken=[14314, 1243]
  per_ACT_cell_acc: ['H1=50.1%', 'H2=89.6%', 'H3=98.5%', 'H4=98.8%', 'H5=98.8%', 'H6=98.8%', 'H7=98.8%', 'H8=98.9%', 'H9=98.9%', 'H10=98.9%', 'H11=98.9%', 'H12=98.9%', 'H13=98.9%', 'H14=98.9%', 'H15=98.9%', 'H16=98.9%']
  per_ACT_puzzle_acc: ['H1=0.0%', 'H2=0.0%', 'H3=36.2%', 'H4=60.8%', 'H5=62.1%', 'H6=62.5%', 'H7=62.5%', 'H8=63.4%', 'H9=63.4%', 'H10=64.7%', 'H11=65.5%', 'H12=65.1%', 'H13=65.1%', 'H14=65.5%', 'H15=64.7%', 'H16=64.7%']
  mean_sigmoid_q_halt: ['0.350', '0.119', '0.451', '0.781', '0.820', '0.844', '0.863', '0.879', '0.895', '0.902', '0.914', '0.922', '0.930', '0.938', '0.938', '0.938']
  halt_rates: ['0.00', '0.00', '0.40', '0.81', '0.87', '0.88', '0.88', '0.89', '0.90', '0.91', '0.93', '0.94', '0.94', '0.94', '0.94', '0.95']
  halt_histogram %: [59.3, 29.1, 4.3, 1.2, 0.6, 0.4, 0.3, 0.3, 0.2, 0.2, 0.2, 0.1, 0.1, 0.1, 0.1, 3.5]
  Avg ACT steps (last 100): 1.22
  saved: /home/jvdillon/projects/sic/code/maze/ckpts/x000q/step04500.pt acc=98.81% (0.056s)
Step  4500  Test 98.81% / 63.20%  Train lm=0.7227±0.0022ϵ[0.7188,0.7344] n_halted=100.2060±9.6570ϵ[47.0000,119.0000]  (27.896s / 175.236s)
  n_active=128.0000±0.0000ϵ[128.0000,128.0000] n_expunged=0.0000±0.0000ϵ[0.0000,0.0000] pool_util=1.0000±0.0000ϵ[1.0000,1.0000]
  cell_acc=99.10%, puzzle_acc=66.40%
  eval_avg_halt_step: 1.61
  per_H_acc: ['H0=86.6%', 'H1=95.1%', 'H2=98.9%']
  H_cos: ['0.840', '0.922']
  z_H_delta: ['12.188', '10.125']
  cells: fixed=[20970, 8776] broken=[3152, 822]
  per_ACT_cell_acc: ['H1=86.6%', 'H2=95.1%', 'H3=98.9%', 'H4=99.1%', 'H5=99.2%', 'H6=99.2%', 'H7=99.2%', 'H8=99.2%', 'H9=99.2%', 'H10=99.2%', 'H11=99.2%', 'H12=99.2%', 'H13=99.2%', 'H14=99.2%', 'H15=99.2%', 'H16=99.2%']
  per_ACT_puzzle_acc: ['H1=0.0%', 'H2=0.0%', 'H3=54.3%', 'H4=71.1%', 'H5=76.3%', 'H6=76.7%', 'H7=77.2%', 'H8=77.2%', 'H9=77.2%', 'H10=77.2%', 'H11=77.2%', 'H12=75.9%', 'H13=75.0%', 'H14=75.0%', 'H15=74.6%', 'H16=74.1%']
  mean_sigmoid_q_halt: ['0.887', '0.418', '0.703', '0.855', '0.910', '0.922', '0.934', '0.941', '0.949', '0.957', '0.961', '0.961', '0.961', '0.961', '0.961', '0.961']
  halt_rates: ['1.00', '0.10', '0.70', '0.86', '0.94', '0.94', '0.95', '0.96', '0.96', '0.97', '0.97', '0.97', '0.97', '0.97', '0.97', '0.97']
  halt_histogram %: [63.1, 26.8, 3.9, 1.1, 0.5, 0.3, 0.3, 0.2, 0.2, 0.2, 0.1, 0.1, 0.1, 0.1, 0.1, 2.9]
  Avg ACT steps (last 100): 1.35
  saved: /home/jvdillon/projects/sic/code/maze/ckpts/x000q/step05000.pt acc=99.10% (0.056s)
  saved: /home/jvdillon/projects/sic/code/maze/ckpts/x000q/best.pt acc=99.10% (0.136s)
Step  5000  Test 99.10% / 66.40%  Train lm=0.7227±0.0025ϵ[0.7188,0.7344] n_halted=103.7760±10.4313ϵ[14.0000,120.0000]  (27.975s / 175.311s)
  n_active=128.0000±0.0000ϵ[128.0000,128.0000] n_expunged=0.0000±0.0000ϵ[0.0000,0.0000] pool_util=1.0000±0.0000ϵ[1.0000,1.0000]
  cell_acc=99.08%, puzzle_acc=66.10%
  eval_avg_halt_step: 1.49
  per_H_acc: ['H0=50.1%', 'H1=93.6%', 'H2=99.0%']
  H_cos: ['0.801', '0.891']
  z_H_delta: ['11.312', '10.812']
  cells: fixed=[93934, 12063] broken=[3058, 888]
  per_ACT_cell_acc: ['H1=50.1%', 'H2=93.6%', 'H3=99.0%', 'H4=99.1%', 'H5=99.1%', 'H6=99.1%', 'H7=99.2%', 'H8=99.2%', 'H9=99.2%', 'H10=99.2%', 'H11=99.2%', 'H12=99.2%', 'H13=99.1%', 'H14=99.1%', 'H15=99.1%', 'H16=99.1%']
  per_ACT_puzzle_acc: ['H1=0.0%', 'H2=0.0%', 'H3=54.7%', 'H4=72.4%', 'H5=74.6%', 'H6=74.6%', 'H7=75.0%', 'H8=75.0%', 'H9=75.4%', 'H10=75.0%', 'H11=75.0%', 'H12=74.6%', 'H13=74.1%', 'H14=74.1%', 'H15=73.3%', 'H16=73.3%']
  mean_sigmoid_q_halt: ['0.695', '0.279', '0.719', '0.934', '0.941', '0.949', '0.961', '0.965', '0.961', '0.957', '0.945', '0.934', '0.918', '0.902', '0.887', '0.875']
  halt_rates: ['1.00', '0.01', '0.73', '0.94', '0.97', '0.98', '0.99', '0.99', '0.99', '1.00', '0.99', '0.99', '0.98', '0.97', '0.97', '0.96']
  halt_histogram %: [65.6, 25.4, 3.6, 1.0, 0.4, 0.3, 0.2, 0.2, 0.2, 0.1, 0.1, 0.1, 0.1, 0.1, 0.1, 2.5]
  Avg ACT steps (last 100): 1.13
  saved: /home/jvdillon/projects/sic/code/maze/ckpts/x000q/step05500.pt acc=99.08% (0.056s)
Step  5500  Test 99.08% / 66.10%  Train lm=0.7227±0.0025ϵ[0.7188,0.7344] n_halted=103.4780±10.3150ϵ[44.0000,119.0000]  (27.911s / 175.290s)
  n_active=128.0000±0.0000ϵ[128.0000,128.0000] n_expunged=0.0000±0.0000ϵ[0.0000,0.0000] pool_util=1.0000±0.0000ϵ[1.0000,1.0000]
  cell_acc=99.03%, puzzle_acc=69.30%
  eval_avg_halt_step: 1.68
  per_H_acc: ['H0=50.1%', 'H1=92.8%', 'H2=98.7%']
  H_cos: ['0.758', '0.906']
  z_H_delta: ['12.062', '10.000']
  cells: fixed=[91543, 13531] broken=[2442, 1162]
  per_ACT_cell_acc: ['H1=50.1%', 'H2=92.8%', 'H3=98.7%', 'H4=98.9%', 'H5=99.0%', 'H6=98.9%', 'H7=99.0%', 'H8=99.0%', 'H9=99.0%', 'H10=99.0%', 'H11=98.9%', 'H12=99.0%', 'H13=99.0%', 'H14=99.0%', 'H15=99.0%', 'H16=99.0%']
  per_ACT_puzzle_acc: ['H1=0.0%', 'H2=0.0%', 'H3=50.4%', 'H4=65.9%', 'H5=68.5%', 'H6=69.4%', 'H7=69.0%', 'H8=69.4%', 'H9=69.4%', 'H10=69.4%', 'H11=68.5%', 'H12=68.1%', 'H13=68.1%', 'H14=68.5%', 'H15=69.0%', 'H16=68.5%']
  mean_sigmoid_q_halt: ['0.602', '0.224', '0.668', '0.887', '0.922', '0.918', '0.930', '0.938', '0.949', '0.953', '0.957', '0.957', '0.957', '0.961', '0.965', '0.961']
  halt_rates: ['1.00', '0.01', '0.67', '0.89', '0.93', '0.94', '0.94', '0.95', '0.96', '0.97', '0.97', '0.97', '0.97', '0.97', '0.97', '0.97']
  halt_histogram %: [67.5, 24.2, 3.4, 0.9, 0.4, 0.3, 0.2, 0.2, 0.1, 0.1, 0.1, 0.1, 0.1, 0.1, 0.1, 2.2]
  Avg ACT steps (last 100): 1.33
  saved: /home/jvdillon/projects/sic/code/maze/ckpts/x000q/step06000.pt acc=99.03% (0.055s)
Step  6000  Test 99.03% / 69.30%  Train lm=0.7227±0.0025ϵ[0.7188,0.7383] n_halted=103.7420±10.0490ϵ[15.0000,123.0000]  (27.917s / 175.303s)
  n_active=128.0000±0.0000ϵ[128.0000,128.0000] n_expunged=0.0000±0.0000ϵ[0.0000,0.0000] pool_util=1.0000±0.0000ϵ[1.0000,1.0000]
  cell_acc=99.20%, puzzle_acc=62.20%
  eval_avg_halt_step: 1.60
  per_H_acc: ['H0=50.1%', 'H1=90.9%', 'H2=99.0%']
  H_cos: ['0.766', '0.887']
  z_H_delta: ['12.188', '10.688']
  cells: fixed=[95564, 17754] broken=[10297, 900]
  per_ACT_cell_acc: ['H1=50.1%', 'H2=90.9%', 'H3=99.0%', 'H4=99.3%', 'H5=99.3%', 'H6=99.3%', 'H7=99.3%', 'H8=99.3%', 'H9=99.3%', 'H10=99.3%', 'H11=99.3%', 'H12=99.3%', 'H13=99.3%', 'H14=99.3%', 'H15=99.3%', 'H16=99.3%']
  per_ACT_puzzle_acc: ['H1=0.0%', 'H2=0.0%', 'H3=52.6%', 'H4=76.7%', 'H5=78.4%', 'H6=78.9%', 'H7=78.4%', 'H8=78.4%', 'H9=78.4%', 'H10=78.4%', 'H11=78.4%', 'H12=78.0%', 'H13=76.7%', 'H14=75.9%', 'H15=75.0%', 'H16=73.3%']
  mean_sigmoid_q_halt: ['0.871', '0.609', '0.641', '0.918', '0.949', '0.965', '0.969', '0.973', '0.973', '0.973', '0.973', '0.973', '0.973', '0.973', '0.973', '0.969']
  halt_rates: ['1.00', '0.97', '0.62', '0.93', '0.97', '0.97', '0.97', '0.98', '0.98', '0.98', '0.98', '0.98', '0.99', '0.99', '0.99', '0.99']
  halt_histogram %: [69.3, 23.1, 3.2, 0.8, 0.4, 0.2, 0.2, 0.2, 0.1, 0.1, 0.1, 0.1, 0.1, 0.1, 0.1, 2.0]
  Avg ACT steps (last 100): 1.15
  saved: /home/jvdillon/projects/sic/code/maze/ckpts/x000q/step06500.pt acc=99.20% (0.055s)
  saved: /home/jvdillon/projects/sic/code/maze/ckpts/x000q/best.pt acc=99.20% (0.133s)
Step  6500  Test 99.20% / 62.20%  Train lm=0.7188±0.0023ϵ[0.7188,0.7305] n_halted=105.8940±7.3312ϵ[64.0000,121.0000]  (27.985s / 175.255s)
  n_active=128.0000±0.0000ϵ[128.0000,128.0000] n_expunged=0.0000±0.0000ϵ[0.0000,0.0000] pool_util=1.0000±0.0000ϵ[1.0000,1.0000]
  cell_acc=99.20%, puzzle_acc=74.00%
  eval_avg_halt_step: 1.79
  per_H_acc: ['H0=50.1%', 'H1=91.3%', 'H2=99.0%']
  H_cos: ['0.805', '0.875']
  z_H_delta: ['11.688', '10.562']
  cells: fixed=[89481, 17001] broken=[3493, 904]
  per_ACT_cell_acc: ['H1=50.1%', 'H2=91.3%', 'H3=99.0%', 'H4=99.2%', 'H5=99.2%', 'H6=99.2%', 'H7=99.2%', 'H8=99.2%', 'H9=99.2%', 'H10=99.2%', 'H11=99.2%', 'H12=99.2%', 'H13=99.2%', 'H14=99.2%', 'H15=99.2%', 'H16=99.2%']
  per_ACT_puzzle_acc: ['H1=0.0%', 'H2=0.0%', 'H3=47.4%', 'H4=70.7%', 'H5=73.7%', 'H6=74.1%', 'H7=74.6%', 'H8=75.4%', 'H9=75.4%', 'H10=75.4%', 'H11=75.0%', 'H12=75.0%', 'H13=75.0%', 'H14=75.0%', 'H15=75.0%', 'H16=75.0%']
  mean_sigmoid_q_halt: ['0.805', '0.324', '0.531', '0.852', '0.922', '0.941', '0.949', '0.961', '0.965', '0.969', '0.969', '0.969', '0.973', '0.973', '0.977', '0.977']
  halt_rates: ['1.00', '0.01', '0.49', '0.85', '0.93', '0.95', '0.95', '0.97', '0.97', '0.97', '0.97', '0.97', '0.97', '0.97', '0.98', '0.98']
  halt_histogram %: [70.9, 22.1, 3.0, 0.7, 0.3, 0.2, 0.2, 0.1, 0.1, 0.1, 0.1, 0.1, 0.1, 0.1, 0.0, 1.8]
  Avg ACT steps (last 100): 1.12
  saved: /home/jvdillon/projects/sic/code/maze/ckpts/x000q/step07000.pt acc=99.20% (0.055s)
  saved: /home/jvdillon/projects/sic/code/maze/ckpts/x000q/best.pt acc=99.20% (0.136s)
Step  7000  Test 99.20% / 74.00%  Train lm=0.7188±0.0020ϵ[0.7188,0.7266] n_halted=107.1620±5.8244ϵ[71.0000,119.0000]  (27.974s / 175.225s)
  n_active=128.0000±0.0000ϵ[128.0000,128.0000] n_expunged=0.0000±0.0000ϵ[0.0000,0.0000] pool_util=1.0000±0.0000ϵ[1.0000,1.0000]
  cell_acc=99.02%, puzzle_acc=24.60%
  eval_avg_halt_step: 1.69
  per_H_acc: ['H0=50.1%', 'H1=92.1%', 'H2=99.0%']
  H_cos: ['0.781', '0.859']
  z_H_delta: ['11.750', '10.938']
  cells: fixed=[99428, 15308] broken=[11772, 825]
  per_ACT_cell_acc: ['H1=50.1%', 'H2=92.1%', 'H3=99.0%', 'H4=99.1%', 'H5=99.1%', 'H6=99.1%', 'H7=99.1%', 'H8=99.1%', 'H9=99.1%', 'H10=99.1%', 'H11=99.1%', 'H12=99.1%', 'H13=99.1%', 'H14=99.1%', 'H15=99.1%', 'H16=99.1%']
  per_ACT_puzzle_acc: ['H1=0.0%', 'H2=0.0%', 'H3=56.9%', 'H4=72.0%', 'H5=72.4%', 'H6=72.8%', 'H7=73.3%', 'H8=73.3%', 'H9=72.8%', 'H10=68.5%', 'H11=64.7%', 'H12=61.2%', 'H13=57.8%', 'H14=57.8%', 'H15=56.0%', 'H16=54.3%']
  mean_sigmoid_q_halt: ['0.531', '0.256', '0.621', '0.809', '0.840', '0.852', '0.844', '0.812', '0.762', '0.699', '0.645', '0.598', '0.562', '0.539', '0.520', '0.508']
  halt_rates: ['1.00', '0.00', '0.60', '0.88', '0.92', '0.93', '0.93', '0.94', '0.94', '0.91', '0.88', '0.85', '0.81', '0.74', '0.69', '0.64']
  halt_histogram %: [72.2, 21.3, 2.9, 0.7, 0.3, 0.2, 0.1, 0.1, 0.1, 0.1, 0.1, 0.1, 0.1, 0.1, 0.0, 1.7]
  Avg ACT steps (last 100): 1.24
  saved: /home/jvdillon/projects/sic/code/maze/ckpts/x000q/step07500.pt acc=99.02% (0.056s)
Step  7500  Test 99.02% / 24.60%  Train lm=0.7188±0.0020ϵ[0.7188,0.7266] n_halted=106.8820±7.4428ϵ[54.0000,121.0000]  (27.914s / 175.274s)
  n_active=128.0000±0.0000ϵ[128.0000,128.0000] n_expunged=0.0000±0.0000ϵ[0.0000,0.0000] pool_util=1.0000±0.0000ϵ[1.0000,1.0000]
  cell_acc=99.12%, puzzle_acc=63.70%
  eval_avg_halt_step: 1.54
  per_H_acc: ['H0=50.1%', 'H1=92.5%', 'H2=99.0%']
  H_cos: ['0.801', '0.789']
  z_H_delta: ['12.688', '11.000']
  cells: fixed=[98625, 14499] broken=[10132, 773]
  per_ACT_cell_acc: ['H1=50.1%', 'H2=92.5%', 'H3=99.0%', 'H4=99.2%', 'H5=99.2%', 'H6=99.2%', 'H7=99.2%', 'H8=99.2%', 'H9=99.2%', 'H10=99.2%', 'H11=99.2%', 'H12=99.2%', 'H13=99.2%', 'H14=99.2%', 'H15=99.2%', 'H16=99.2%']
  per_ACT_puzzle_acc: ['H1=0.0%', 'H2=0.0%', 'H3=59.1%', 'H4=74.6%', 'H5=76.7%', 'H6=76.7%', 'H7=76.7%', 'H8=76.3%', 'H9=76.7%', 'H10=75.9%', 'H11=75.9%', 'H12=75.9%', 'H13=74.6%', 'H14=72.4%', 'H15=70.7%', 'H16=69.8%']
  mean_sigmoid_q_halt: ['0.852', '0.275', '0.668', '0.875', '0.863', '0.879', '0.910', '0.930', '0.941', '0.941', '0.938', '0.934', '0.922', '0.910', '0.898', '0.887']
  halt_rates: ['1.00', '0.00', '0.68', '0.94', '0.96', '0.96', '0.96', '0.96', '0.97', '0.97', '0.97', '0.97', '0.97', '0.95', '0.95', '0.94']
  halt_histogram %: [73.3, 20.5, 2.7, 0.7, 0.3, 0.2, 0.1, 0.1, 0.1, 0.1, 0.1, 0.1, 0.1, 0.0, 0.0, 1.5]
  Avg ACT steps (last 100): 1.30
  saved: /home/jvdillon/projects/sic/code/maze/ckpts/x000q/step08000.pt acc=99.12% (0.056s)
Step  8000  Test 99.12% / 63.70%  Train lm=0.7188±0.0021ϵ[0.7188,0.7344] n_halted=107.4540±7.5018ϵ[15.0000,121.0000]  (27.901s / 175.262s)
  n_active=128.0000±0.0000ϵ[128.0000,128.0000] n_expunged=0.0000±0.0000ϵ[0.0000,0.0000] pool_util=1.0000±0.0000ϵ[1.0000,1.0000]
  cell_acc=99.16%, puzzle_acc=74.60%
  eval_avg_halt_step: 1.66
  per_H_acc: ['H0=50.1%', 'H1=91.7%', 'H2=99.1%']
  H_cos: ['0.816', '0.809']
  z_H_delta: ['11.750', '11.250']
  cells: fixed=[94934, 16225] broken=[8008, 780]
  per_ACT_cell_acc: ['H1=50.1%', 'H2=91.7%', 'H3=99.1%', 'H4=99.3%', 'H5=99.3%', 'H6=99.3%', 'H7=99.3%', 'H8=99.3%', 'H9=99.3%', 'H10=99.3%', 'H11=99.3%', 'H12=99.3%', 'H13=99.3%', 'H14=99.3%', 'H15=99.3%', 'H16=99.3%']
  per_ACT_puzzle_acc: ['H1=0.0%', 'H2=0.0%', 'H3=58.2%', 'H4=76.7%', 'H5=78.9%', 'H6=78.9%', 'H7=79.3%', 'H8=79.3%', 'H9=79.3%', 'H10=79.3%', 'H11=79.7%', 'H12=79.3%', 'H13=79.3%', 'H14=78.9%', 'H15=79.3%', 'H16=78.9%']
  mean_sigmoid_q_halt: ['0.734', '0.248', '0.703', '0.930', '0.953', '0.949', '0.957', '0.965', '0.969', '0.969', '0.973', '0.969', '0.961', '0.953', '0.949', '0.945']
  halt_rates: ['1.00', '0.00', '0.68', '0.94', '0.97', '0.97', '0.98', '0.98', '0.98', '0.98', '0.97', '0.98', '0.97', '0.97', '0.96', '0.95']
  halt_histogram %: [74.3, 19.9, 2.6, 0.6, 0.3, 0.2, 0.1, 0.1, 0.1, 0.1, 0.1, 0.1, 0.1, 0.0, 0.0, 1.4]
  Avg ACT steps (last 100): 1.27
  saved: /home/jvdillon/projects/sic/code/maze/ckpts/x000q/step08500.pt acc=99.16% (0.056s)
Step  8500  Test 99.16% / 74.60%  Train lm=0.7188±0.0023ϵ[0.7188,0.7305] n_halted=107.6500±9.3765ϵ[40.0000,121.0000]  (27.893s / 175.282s)
  n_active=128.0000±0.0000ϵ[128.0000,128.0000] n_expunged=0.0000±0.0000ϵ[0.0000,0.0000] pool_util=1.0000±0.0000ϵ[1.0000,1.0000]
  cell_acc=99.19%, puzzle_acc=71.90%
  eval_avg_halt_step: 1.39
  per_H_acc: ['H0=50.1%', 'H1=92.6%', 'H2=99.0%']
  H_cos: ['0.797', '0.875']
  z_H_delta: ['11.625', '10.812']
  cells: fixed=[90890, 14189] broken=[2067, 782]
  per_ACT_cell_acc: ['H1=50.1%', 'H2=92.6%', 'H3=99.0%', 'H4=99.2%', 'H5=99.2%', 'H6=99.2%', 'H7=99.2%', 'H8=99.2%', 'H9=99.2%', 'H10=99.2%', 'H11=99.2%', 'H12=99.2%', 'H13=99.2%', 'H14=99.2%', 'H15=99.2%', 'H16=99.2%']
  per_ACT_puzzle_acc: ['H1=0.0%', 'H2=0.0%', 'H3=60.8%', 'H4=74.1%', 'H5=76.3%', 'H6=77.2%', 'H7=77.2%', 'H8=77.2%', 'H9=77.2%', 'H10=77.2%', 'H11=77.2%', 'H12=77.2%', 'H13=76.7%', 'H14=76.3%', 'H15=76.3%', 'H16=76.3%']
  mean_sigmoid_q_halt: ['0.617', '0.350', '0.703', '0.922', '0.949', '0.965', '0.977', '0.980', '0.977', '0.973', '0.965', '0.953', '0.945', '0.938', '0.934', '0.934']
  halt_rates: ['1.00', '0.08', '0.69', '0.93', '0.97', '1.00', '1.00', '1.00', '1.00', '1.00', '0.99', '0.99', '0.99', '0.99', '0.99', '0.99']
  halt_histogram %: [75.0, 19.4, 2.5, 0.6, 0.3, 0.2, 0.1, 0.1, 0.1, 0.1, 0.1, 0.1, 0.1, 0.0, 0.0, 1.3]
  Avg ACT steps (last 100): 1.13
  saved: /home/jvdillon/projects/sic/code/maze/ckpts/x000q/step09000.pt acc=99.19% (0.055s)
Step  9000  Test 99.19% / 71.90%  Train lm=0.7188±0.0024ϵ[0.7188,0.7461] n_halted=107.2500±8.9135ϵ[40.0000,120.0000]  (27.896s / 175.256s)
  n_active=128.0000±0.0000ϵ[128.0000,128.0000] n_expunged=0.0000±0.0000ϵ[0.0000,0.0000] pool_util=1.0000±0.0000ϵ[1.0000,1.0000]
  cell_acc=99.27%, puzzle_acc=77.90%
  eval_avg_halt_step: 1.26
  per_H_acc: ['H0=50.1%', 'H1=79.0%', 'H2=99.1%']
  H_cos: ['0.879', '0.773']
  z_H_delta: ['11.562', '11.500']
  cells: fixed=[63709, 42901] broken=[3339, 833]
  per_ACT_cell_acc: ['H1=50.1%', 'H2=79.0%', 'H3=99.1%', 'H4=99.2%', 'H5=99.2%', 'H6=99.2%', 'H7=99.2%', 'H8=99.2%', 'H9=99.2%', 'H10=99.2%', 'H11=99.2%', 'H12=99.2%', 'H13=99.2%', 'H14=99.2%', 'H15=99.2%', 'H16=99.2%']
  per_ACT_puzzle_acc: ['H1=0.0%', 'H2=0.0%', 'H3=60.8%', 'H4=76.7%', 'H5=78.0%', 'H6=78.4%', 'H7=78.4%', 'H8=78.4%', 'H9=78.4%', 'H10=78.0%', 'H11=78.0%', 'H12=78.0%', 'H13=78.0%', 'H14=78.0%', 'H15=78.0%', 'H16=78.0%']
  mean_sigmoid_q_halt: ['0.867', '0.496', '0.789', '0.941', '0.945', '0.965', '0.977', '0.980', '0.980', '0.984', '0.984', '0.980', '0.980', '0.980', '0.980', '0.980']
  halt_rates: ['1.00', '0.46', '0.82', '0.94', '0.96', '0.99', '0.99', '0.99', '0.99', '0.99', '0.99', '0.99', '0.98', '0.98', '0.98', '0.98']
  halt_histogram %: [75.8, 18.9, 2.5, 0.6, 0.2, 0.2, 0.1, 0.1, 0.1, 0.1, 0.1, 0.1, 0.0, 0.0, 0.0, 1.2]
  Avg ACT steps (last 100): 1.21
  saved: /home/jvdillon/projects/sic/code/maze/ckpts/x000q/step09500.pt acc=99.27% (0.055s)
  saved: /home/jvdillon/projects/sic/code/maze/ckpts/x000q/best.pt acc=99.27% (0.134s)
Step  9500  Test 99.27% / 77.90%  Train lm=0.7188±0.0025ϵ[0.7188,0.7461] n_halted=109.2640±7.5623ϵ[7.0000,122.0000]  (27.980s / 175.262s)
  n_active=128.0000±0.0000ϵ[128.0000,128.0000] n_expunged=0.0000±0.0000ϵ[0.0000,0.0000] pool_util=1.0000±0.0000ϵ[1.0000,1.0000]
  cell_acc=98.51%, puzzle_acc=45.80%
  eval_avg_halt_step: 3.05
  per_H_acc: ['H0=50.1%', 'H1=93.3%', 'H2=98.8%']
  H_cos: ['0.809', '0.875']
  z_H_delta: ['11.375', '10.875']
  cells: fixed=[94944, 12761] broken=[4788, 1179]
  per_ACT_cell_acc: ['H1=50.1%', 'H2=93.3%', 'H3=98.8%', 'H4=99.2%', 'H5=99.2%', 'H6=99.2%', 'H7=99.2%', 'H8=99.2%', 'H9=99.2%', 'H10=99.2%', 'H11=99.1%', 'H12=99.2%', 'H13=99.1%', 'H14=99.1%', 'H15=99.1%', 'H16=99.1%']
  per_ACT_puzzle_acc: ['H1=0.0%', 'H2=0.0%', 'H3=48.7%', 'H4=68.1%', 'H5=71.6%', 'H6=73.7%', 'H7=74.6%', 'H8=74.6%', 'H9=74.1%', 'H10=75.0%', 'H11=74.6%', 'H12=73.3%', 'H13=72.4%', 'H14=71.6%', 'H15=71.1%', 'H16=70.3%']
  mean_sigmoid_q_halt: ['0.750', '0.227', '0.486', '0.719', '0.758', '0.793', '0.812', '0.824', '0.824', '0.824', '0.816', '0.812', '0.801', '0.793', '0.781', '0.770']
  halt_rates: ['1.00', '0.00', '0.47', '0.75', '0.81', '0.82', '0.83', '0.84', '0.84', '0.85', '0.84', '0.84', '0.84', '0.83', '0.80', '0.80']
  halt_histogram %: [76.4, 18.5, 2.4, 0.5, 0.2, 0.2, 0.1, 0.1, 0.1, 0.1, 0.1, 0.1, 0.0, 0.0, 0.0, 1.2]
  Avg ACT steps (last 100): 1.15
  saved: /home/jvdillon/projects/sic/code/maze/ckpts/x000q/step10000.pt acc=98.51% (0.055s)
Step 10000  Test 98.51% / 45.80%  Train lm=0.7188±0.0028ϵ[0.7188,0.7383] n_halted=108.0780±10.9513ϵ[26.0000,122.0000]  (27.908s / 175.240s)
  n_active=128.0000±0.0000ϵ[128.0000,128.0000] n_expunged=0.0000±0.0000ϵ[0.0000,0.0000] pool_util=1.0000±0.0000ϵ[1.0000,1.0000]
  cell_acc=99.11%, puzzle_acc=68.00%
  eval_avg_halt_step: 1.46
  per_H_acc: ['H0=50.1%', 'H1=87.9%', 'H2=98.9%']
  H_cos: ['0.797', '0.883']
  z_H_delta: ['11.875', '10.750']
  cells: fixed=[82773, 24014] broken=[3880, 917]
  per_ACT_cell_acc: ['H1=50.1%', 'H2=87.9%', 'H3=98.9%', 'H4=99.1%', 'H5=99.1%', 'H6=99.1%', 'H7=99.1%', 'H8=99.1%', 'H9=99.1%', 'H10=99.1%', 'H11=99.1%', 'H12=99.1%', 'H13=99.1%', 'H14=99.1%', 'H15=99.1%', 'H16=99.1%']
  per_ACT_puzzle_acc: ['H1=0.0%', 'H2=0.0%', 'H3=55.2%', 'H4=70.3%', 'H5=72.0%', 'H6=73.3%', 'H7=73.7%', 'H8=74.1%', 'H9=74.1%', 'H10=74.1%', 'H11=73.7%', 'H12=73.7%', 'H13=73.7%', 'H14=73.7%', 'H15=73.7%', 'H16=72.4%']
  mean_sigmoid_q_halt: ['0.723', '0.547', '0.648', '0.863', '0.898', '0.922', '0.938', '0.945', '0.953', '0.953', '0.949', '0.949', '0.941', '0.938', '0.934', '0.926']
  halt_rates: ['1.00', '0.76', '0.60', '0.89', '0.93', '0.95', '0.96', '0.97', '0.98', '0.98', '0.98', '0.99', '0.99', '0.99', '0.99', '0.98']
  halt_histogram %: [77.0, 18.1, 2.3, 0.5, 0.2, 0.2, 0.1, 0.1, 0.1, 0.1, 0.1, 0.1, 0.0, 0.0, 0.0, 1.1]
  Avg ACT steps (last 100): 1.20
  saved: /home/jvdillon/projects/sic/code/maze/ckpts/x000q/step10500.pt acc=99.11% (0.055s)
Step 10500  Test 99.11% / 68.00%  Train lm=0.7188±0.0020ϵ[0.7188,0.7305] n_halted=108.9980±5.2860ϵ[85.0000,122.0000]  (27.901s / 175.230s)
  n_active=128.0000±0.0000ϵ[128.0000,128.0000] n_expunged=0.0000±0.0000ϵ[0.0000,0.0000] pool_util=1.0000±0.0000ϵ[1.0000,1.0000]
  cell_acc=98.90%, puzzle_acc=46.70%
  eval_avg_halt_step: 1.88
  per_H_acc: ['H0=50.1%', 'H1=81.2%', 'H2=98.9%']
  H_cos: ['0.891', '0.773']
  z_H_delta: ['11.188', '11.875']
  cells: fixed=[66832, 38343] broken=[1807, 1344]
  per_ACT_cell_acc: ['H1=50.1%', 'H2=81.2%', 'H3=98.9%', 'H4=99.0%', 'H5=99.1%', 'H6=99.1%', 'H7=99.1%', 'H8=99.2%', 'H9=99.2%', 'H10=99.2%', 'H11=99.2%', 'H12=99.2%', 'H13=99.2%', 'H14=99.2%', 'H15=99.2%', 'H16=99.2%']
  per_ACT_puzzle_acc: ['H1=0.0%', 'H2=0.0%', 'H3=45.7%', 'H4=61.6%', 'H5=65.9%', 'H6=69.0%', 'H7=69.8%', 'H8=70.3%', 'H9=70.3%', 'H10=70.3%', 'H11=70.7%', 'H12=70.3%', 'H13=70.3%', 'H14=70.3%', 'H15=69.4%', 'H16=66.8%']
  mean_sigmoid_q_halt: ['0.828', '0.480', '0.637', '0.777', '0.848', '0.871', '0.887', '0.910', '0.918', '0.922', '0.922', '0.922', '0.922', '0.918', '0.914', '0.914']
  halt_rates: ['1.00', '0.37', '0.62', '0.77', '0.85', '0.89', '0.90', '0.92', '0.92', '0.93', '0.93', '0.94', '0.94', '0.94', '0.93', '0.94']
  halt_histogram %: [77.5, 17.8, 2.3, 0.5, 0.2, 0.1, 0.1, 0.1, 0.1, 0.1, 0.1, 0.0, 0.0, 0.0, 0.0, 1.0]
  Avg ACT steps (last 100): 1.15
  saved: /home/jvdillon/projects/sic/code/maze/ckpts/x000q/step11000.pt acc=98.90% (0.055s)
Step 11000  Test 98.90% / 46.70%  Train lm=0.7188±0.0016ϵ[0.7188,0.7305] n_halted=109.2920±7.5132ϵ[12.0000,125.0000]  (27.918s / 175.119s)
  n_active=128.0000±0.0000ϵ[128.0000,128.0000] n_expunged=0.0000±0.0000ϵ[0.0000,0.0000] pool_util=1.0000±0.0000ϵ[1.0000,1.0000]
  cell_acc=99.08%, puzzle_acc=63.10%
  eval_avg_halt_step: 2.04
  per_H_acc: ['H0=50.1%', 'H1=62.1%', 'H2=98.5%']
  H_cos: ['0.941', '0.695']
  z_H_delta: ['10.062', '12.250']
  cells: fixed=[25090, 77340] broken=[0, 1269]
  per_ACT_cell_acc: ['H1=50.1%', 'H2=62.1%', 'H3=98.5%', 'H4=99.0%', 'H5=99.0%', 'H6=99.0%', 'H7=99.0%', 'H8=99.0%', 'H9=99.0%', 'H10=99.0%', 'H11=99.0%', 'H12=99.0%', 'H13=99.0%', 'H14=99.0%', 'H15=99.0%', 'H16=99.0%']
  per_ACT_puzzle_acc: ['H1=0.0%', 'H2=0.0%', 'H3=34.1%', 'H4=66.4%', 'H5=69.0%', 'H6=70.3%', 'H7=70.7%', 'H8=70.7%', 'H9=70.7%', 'H10=71.1%', 'H11=71.1%', 'H12=71.6%', 'H13=71.1%', 'H14=70.7%', 'H15=70.7%', 'H16=70.7%']
  mean_sigmoid_q_halt: ['0.902', '0.863', '0.451', '0.797', '0.859', '0.898', '0.922', '0.926', '0.922', '0.910', '0.895', '0.883', '0.871', '0.863', '0.855', '0.852']
  halt_rates: ['1.00', '1.00', '0.39', '0.83', '0.92', '0.93', '0.95', '0.94', '0.95', '0.95', '0.95', '0.94', '0.94', '0.94', '0.94', '0.94']
  halt_histogram %: [77.9, 17.6, 2.2, 0.5, 0.2, 0.1, 0.1, 0.1, 0.1, 0.1, 0.1, 0.0, 0.0, 0.0, 0.0, 1.0]
  Avg ACT steps (last 100): 1.43
  saved: /home/jvdillon/projects/sic/code/maze/ckpts/x000q/step11500.pt acc=99.08% (0.054s)
Step 11500  Test 99.08% / 63.10%  Train lm=0.7188±0.0018ϵ[0.7188,0.7266] n_halted=107.7060±6.5640ϵ[64.0000,122.0000]  (27.905s / 175.214s)
  n_active=128.0000±0.0000ϵ[128.0000,128.0000] n_expunged=0.0000±0.0000ϵ[0.0000,0.0000] pool_util=1.0000±0.0000ϵ[1.0000,1.0000]
  cell_acc=99.23%, puzzle_acc=61.80%
  eval_avg_halt_step: 1.31
  per_H_acc: ['H0=50.1%', 'H1=68.4%', 'H2=98.9%']
  H_cos: ['0.934', '0.719']
  z_H_delta: ['11.875', '11.812']
  cells: fixed=[38279, 64969] broken=[59, 1173]
  per_ACT_cell_acc: ['H1=50.1%', 'H2=68.4%', 'H3=98.9%', 'H4=99.1%', 'H5=99.2%', 'H6=99.2%', 'H7=99.2%', 'H8=99.2%', 'H9=99.2%', 'H10=99.2%', 'H11=99.2%', 'H12=99.2%', 'H13=99.2%', 'H14=99.2%', 'H15=99.2%', 'H16=99.2%']
  per_ACT_puzzle_acc: ['H1=0.0%', 'H2=0.0%', 'H3=53.0%', 'H4=71.6%', 'H5=76.3%', 'H6=77.6%', 'H7=77.6%', 'H8=77.6%', 'H9=77.6%', 'H10=77.6%', 'H11=77.2%', 'H12=77.2%', 'H13=77.2%', 'H14=75.4%', 'H15=75.4%', 'H16=74.1%']
  mean_sigmoid_q_halt: ['0.898', '0.395', '0.723', '0.875', '0.906', '0.938', '0.941', '0.922', '0.883', '0.840', '0.812', '0.801', '0.801', '0.805', '0.809', '0.812']
  halt_rates: ['1.00', '0.04', '0.72', '0.90', '0.96', '0.97', '0.98', '0.98', '0.98', '0.97', '0.97', '0.97', '0.96', '0.96', '0.96', '0.96']
  halt_histogram %: [78.3, 17.3, 2.2, 0.5, 0.2, 0.1, 0.1, 0.1, 0.1, 0.1, 0.1, 0.0, 0.0, 0.0, 0.0, 0.9]
  Avg ACT steps (last 100): 1.12
  saved: /home/jvdillon/projects/sic/code/maze/ckpts/x000q/step12000.pt acc=99.23% (0.054s)
Step 12000  Test 99.23% / 61.80%  Train lm=0.7188±0.0027ϵ[0.7188,0.7461] n_halted=108.6660±7.9370ϵ[37.0000,120.0000]  (27.914s / 175.235s)
  n_active=128.0000±0.0000ϵ[128.0000,128.0000] n_expunged=0.0000±0.0000ϵ[0.0000,0.0000] pool_util=1.0000±0.0000ϵ[1.0000,1.0000]
  cell_acc=97.49%, puzzle_acc=43.20%
  eval_avg_halt_step: 1.70
  per_H_acc: ['H0=50.1%', 'H1=87.7%', 'H2=99.1%']
  H_cos: ['0.852', '0.844']
  z_H_delta: ['11.750', '11.312']
  cells: fixed=[79713, 24712] broken=[1143, 1007]
  per_ACT_cell_acc: ['H1=50.1%', 'H2=87.7%', 'H3=99.1%', 'H4=99.1%', 'H5=99.1%', 'H6=99.1%', 'H7=99.1%', 'H8=99.1%', 'H9=99.1%', 'H10=99.1%', 'H11=99.1%', 'H12=99.1%', 'H13=99.1%', 'H14=99.0%', 'H15=99.0%', 'H16=99.0%']
  per_ACT_puzzle_acc: ['H1=0.0%', 'H2=0.0%', 'H3=55.6%', 'H4=65.1%', 'H5=69.8%', 'H6=70.7%', 'H7=71.1%', 'H8=71.1%', 'H9=71.1%', 'H10=71.1%', 'H11=71.1%', 'H12=70.3%', 'H13=69.4%', 'H14=67.7%', 'H15=66.4%', 'H16=65.1%']
  mean_sigmoid_q_halt: ['0.863', '0.711', '0.723', '0.828', '0.895', '0.922', '0.930', '0.934', '0.938', '0.934', '0.926', '0.918', '0.906', '0.895', '0.879', '0.863']
  halt_rates: ['1.00', '1.00', '0.72', '0.84', '0.93', '0.94', '0.94', '0.94', '0.94', '0.94', '0.94', '0.92', '0.91', '0.90', '0.88', '0.86']
  halt_histogram %: [78.7, 17.1, 2.1, 0.5, 0.2, 0.1, 0.1, 0.1, 0.1, 0.1, 0.0, 0.0, 0.0, 0.0, 0.0, 0.9]
  Avg ACT steps (last 100): 1.22
  saved: /home/jvdillon/projects/sic/code/maze/ckpts/x000q/step12500.pt acc=97.49% (0.054s)
Step 12500  Test 97.49% / 43.20%  Train lm=0.7188±0.0017ϵ[0.7188,0.7305] n_halted=109.9580±5.5622ϵ[82.0000,123.0000]  (27.900s / 175.273s)
  n_active=128.0000±0.0000ϵ[128.0000,128.0000] n_expunged=0.0000±0.0000ϵ[0.0000,0.0000] pool_util=1.0000±0.0000ϵ[1.0000,1.0000]
  cell_acc=98.95%, puzzle_acc=58.80%
  eval_avg_halt_step: 1.22
  per_H_acc: ['H0=50.1%', 'H1=87.3%', 'H2=99.0%']
  H_cos: ['0.801', '0.875']
  z_H_delta: ['11.938', '11.250']
  cells: fixed=[77882, 25477] broken=[126, 1188]
  per_ACT_cell_acc: ['H1=50.1%', 'H2=87.3%', 'H3=99.0%', 'H4=99.1%', 'H5=99.1%', 'H6=99.1%', 'H7=99.1%', 'H8=99.1%', 'H9=99.1%', 'H10=99.1%', 'H11=99.1%', 'H12=99.1%', 'H13=99.1%', 'H14=99.1%', 'H15=99.1%', 'H16=99.1%']
  per_ACT_puzzle_acc: ['H1=0.0%', 'H2=0.0%', 'H3=56.9%', 'H4=70.3%', 'H5=71.1%', 'H6=71.6%', 'H7=72.0%', 'H8=71.6%', 'H9=70.7%', 'H10=71.1%', 'H11=70.7%', 'H12=70.3%', 'H13=70.3%', 'H14=69.4%', 'H15=68.1%', 'H16=65.5%']
  mean_sigmoid_q_halt: ['0.820', '0.801', '0.844', '0.926', '0.941', '0.945', '0.953', '0.957', '0.961', '0.961', '0.953', '0.949', '0.941', '0.930', '0.922', '0.910']
  halt_rates: ['1.00', '1.00', '0.88', '0.94', '0.95', '0.95', '0.96', '0.97', '0.97', '0.97', '0.97', '0.97', '0.96', '0.95', '0.94', '0.93']
  halt_histogram %: [79.0, 16.9, 2.1, 0.4, 0.2, 0.1, 0.1, 0.1, 0.1, 0.1, 0.0, 0.0, 0.0, 0.0, 0.0, 0.9]
  Avg ACT steps (last 100): 1.06
  saved: /home/jvdillon/projects/sic/code/maze/ckpts/x000q/step13000.pt acc=98.95% (0.055s)
Step 13000  Test 98.95% / 58.80%  Train lm=0.7188±0.0021ϵ[0.7188,0.7305] n_halted=106.7540±9.4577ϵ[36.0000,120.0000]  (27.913s / 175.330s)
  n_active=128.0000±0.0000ϵ[128.0000,128.0000] n_expunged=0.0000±0.0000ϵ[0.0000,0.0000] pool_util=1.0000±0.0000ϵ[1.0000,1.0000]
  cell_acc=99.30%, puzzle_acc=75.40%
  eval_avg_halt_step: 1.52
  per_H_acc: ['H0=50.1%', 'H1=61.0%', 'H2=99.1%']
  H_cos: ['0.934', '0.734']
  z_H_delta: ['11.812', '11.812']
  cells: fixed=[22710, 80603] broken=[1, 1004]
  per_ACT_cell_acc: ['H1=50.1%', 'H2=61.0%', 'H3=99.1%', 'H4=99.3%', 'H5=99.3%', 'H6=99.3%', 'H7=99.3%', 'H8=99.3%', 'H9=99.3%', 'H10=99.3%', 'H11=99.3%', 'H12=99.3%', 'H13=99.3%', 'H14=99.3%', 'H15=99.3%', 'H16=99.3%']
  per_ACT_puzzle_acc: ['H1=0.0%', 'H2=0.0%', 'H3=50.4%', 'H4=73.3%', 'H5=75.4%', 'H6=75.9%', 'H7=76.3%', 'H8=76.3%', 'H9=76.7%', 'H10=77.2%', 'H11=77.6%', 'H12=78.0%', 'H13=78.0%', 'H14=77.6%', 'H15=77.6%', 'H16=77.6%']
  mean_sigmoid_q_halt: ['0.961', '0.516', '0.648', '0.863', '0.883', '0.906', '0.934', '0.941', '0.945', '0.949', '0.949', '0.949', '0.953', '0.957', '0.957', '0.957']
  halt_rates: ['1.00', '0.70', '0.62', '0.91', '0.94', '0.94', '0.96', '0.96', '0.96', '0.97', '0.97', '0.97', '0.97', '0.97', '0.97', '0.98']
  halt_histogram %: [79.3, 16.7, 2.1, 0.4, 0.2, 0.1, 0.1, 0.1, 0.1, 0.0, 0.0, 0.0, 0.0, 0.0, 0.0, 0.8]
  Avg ACT steps (last 100): 1.15
  saved: /home/jvdillon/projects/sic/code/maze/ckpts/x000q/step13500.pt acc=99.30% (0.056s)
  saved: /home/jvdillon/projects/sic/code/maze/ckpts/x000q/best.pt acc=99.30% (0.138s)
Step 13500  Test 99.30% / 75.40%  Train lm=0.7188±0.0018ϵ[0.7188,0.7266] n_halted=108.0340±6.7111ϵ[53.0000,120.0000]  (27.998s / 175.302s)
  n_active=128.0000±0.0000ϵ[128.0000,128.0000] n_expunged=0.0000±0.0000ϵ[0.0000,0.0000] pool_util=1.0000±0.0000ϵ[1.0000,1.0000]
  cell_acc=99.11%, puzzle_acc=65.50%
  eval_avg_halt_step: 1.30
  per_H_acc: ['H0=50.1%', 'H1=60.4%', 'H2=98.9%']
  H_cos: ['0.949', '0.723']
  z_H_delta: ['11.938', '12.062']
  cells: fixed=[21625, 81564] broken=[75, 1132]
  per_ACT_cell_acc: ['H1=50.1%', 'H2=60.4%', 'H3=98.9%', 'H4=99.0%', 'H5=99.1%', 'H6=99.1%', 'H7=99.1%', 'H8=99.0%', 'H9=99.0%', 'H10=99.0%', 'H11=99.0%', 'H12=99.0%', 'H13=99.0%', 'H14=99.0%', 'H15=99.0%', 'H16=99.0%']
  per_ACT_puzzle_acc: ['H1=0.0%', 'H2=0.0%', 'H3=55.2%', 'H4=69.8%', 'H5=71.1%', 'H6=72.0%', 'H7=72.0%', 'H8=72.0%', 'H9=72.0%', 'H10=72.0%', 'H11=72.0%', 'H12=72.0%', 'H13=70.7%', 'H14=69.0%', 'H15=69.0%', 'H16=68.1%']
  mean_sigmoid_q_halt: ['0.941', '0.355', '0.715', '0.926', '0.957', '0.977', '0.984', '0.984', '0.984', '0.988', '0.988', '0.984', '0.984', '0.984', '0.984', '0.984']
  halt_rates: ['1.00', '0.00', '0.70', '0.94', '0.98', '0.99', '0.99', '0.99', '0.99', '0.99', '0.99', '0.99', '0.99', '0.99', '0.99', '0.99']
  halt_histogram %: [79.5, 16.5, 2.0, 0.4, 0.2, 0.1, 0.1, 0.1, 0.1, 0.0, 0.0, 0.0, 0.0, 0.0, 0.0, 0.8]
  Avg ACT steps (last 100): 1.17
  saved: /home/jvdillon/projects/sic/code/maze/ckpts/x000q/step14000.pt acc=99.11% (0.055s)
Step 14000  Test 99.11% / 65.50%  Train lm=0.7188±0.0035ϵ[0.7188,0.7539] n_halted=106.9280±11.8113ϵ[5.0000,121.0000]  (27.913s / 175.325s)
  n_active=128.0000±0.0000ϵ[128.0000,128.0000] n_expunged=0.0000±0.0000ϵ[0.0000,0.0000] pool_util=1.0000±0.0000ϵ[1.0000,1.0000]
  cell_acc=94.33%, puzzle_acc=12.90%
  eval_avg_halt_step: 8.15
  per_H_acc: ['H0=50.1%', 'H1=65.4%', 'H2=97.9%']
  H_cos: ['0.941', '0.738']
  z_H_delta: ['11.438', '12.312']
  cells: fixed=[32017, 71561] broken=[1, 3773]
  per_ACT_cell_acc: ['H1=50.1%', 'H2=65.4%', 'H3=97.9%', 'H4=98.0%', 'H5=98.1%', 'H6=98.1%', 'H7=98.1%', 'H8=98.0%', 'H9=98.0%', 'H10=97.9%', 'H11=97.9%', 'H12=97.8%', 'H13=97.8%', 'H14=97.7%', 'H15=97.6%', 'H16=97.5%']
  per_ACT_puzzle_acc: ['H1=0.0%', 'H2=0.0%', 'H3=16.4%', 'H4=30.2%', 'H5=37.5%', 'H6=41.4%', 'H7=43.5%', 'H8=43.5%', 'H9=44.4%', 'H10=44.0%', 'H11=43.5%', 'H12=41.8%', 'H13=40.5%', 'H14=37.9%', 'H15=36.2%', 'H16=34.9%']
  mean_sigmoid_q_halt: ['0.871', '0.695', '0.277', '0.350', '0.406', '0.441', '0.471', '0.486', '0.498', '0.500', '0.494', '0.479', '0.459', '0.439', '0.424', '0.406']
  halt_rates: ['1.00', '1.00', '0.21', '0.32', '0.42', '0.44', '0.50', '0.51', '0.50', '0.52', '0.51', '0.51', '0.47', '0.45', '0.44', '0.42']
  halt_histogram %: [79.8, 16.3, 2.0, 0.4, 0.2, 0.1, 0.1, 0.1, 0.1, 0.0, 0.0, 0.0, 0.0, 0.0, 0.0, 0.8]
  Avg ACT steps (last 100): 1.13
  saved: /home/jvdillon/projects/sic/code/maze/ckpts/x000q/step14500.pt acc=94.33% (0.055s)
Step 14500  Test 94.33% / 12.90%  Train lm=0.7188±0.0016ϵ[0.7188,0.7305] n_halted=109.3120±7.0420ϵ[57.0000,121.0000]  (27.913s / 175.281s)
  n_active=128.0000±0.0000ϵ[128.0000,128.0000] n_expunged=0.0000±0.0000ϵ[0.0000,0.0000] pool_util=1.0000±0.0000ϵ[1.0000,1.0000]
  cell_acc=99.13%, puzzle_acc=71.80%
  eval_avg_halt_step: 1.52
  per_H_acc: ['H0=50.1%', 'H1=56.9%', 'H2=98.9%']
  H_cos: ['0.957', '0.699']
  z_H_delta: ['12.062', '12.500']
  cells: fixed=[14567, 89090] broken=[236, 1469]
  per_ACT_cell_acc: ['H1=50.1%', 'H2=56.9%', 'H3=98.9%', 'H4=99.4%', 'H5=99.4%', 'H6=99.4%', 'H7=99.4%', 'H8=99.4%', 'H9=99.4%', 'H10=99.4%', 'H11=99.4%', 'H12=99.4%', 'H13=99.4%', 'H14=99.4%', 'H15=99.4%', 'H16=99.4%']
  per_ACT_puzzle_acc: ['H1=0.0%', 'H2=0.0%', 'H3=37.5%', 'H4=76.3%', 'H5=81.0%', 'H6=81.9%', 'H7=81.9%', 'H8=81.9%', 'H9=81.9%', 'H10=81.9%', 'H11=81.9%', 'H12=81.9%', 'H13=81.9%', 'H14=81.9%', 'H15=81.9%', 'H16=81.9%']
  mean_sigmoid_q_halt: ['0.934', '0.578', '0.598', '0.891', '0.949', '0.969', '0.977', '0.980', '0.984', '0.984', '0.984', '0.984', '0.980', '0.980', '0.977', '0.969']
  halt_rates: ['1.00', '1.00', '0.60', '0.90', '0.97', '0.98', '0.98', '0.98', '0.99', '0.99', '0.99', '0.99', '0.99', '0.99', '0.99', '0.99']
  halt_histogram %: [80.0, 16.2, 2.0, 0.4, 0.2, 0.1, 0.1, 0.1, 0.1, 0.0, 0.0, 0.0, 0.0, 0.0, 0.0, 0.7]
  Avg ACT steps (last 100): 1.38
  saved: /home/jvdillon/projects/sic/code/maze/ckpts/x000q/step15000.pt acc=99.13% (0.055s)
Step 15000  Test 99.13% / 71.80%  Train lm=0.7188±0.0019ϵ[0.7188,0.7344] n_halted=109.2820±6.8595ϵ[42.0000,122.0000]  (27.907s / 175.338s)
  n_active=128.0000±0.0000ϵ[128.0000,128.0000] n_expunged=0.0000±0.0000ϵ[0.0000,0.0000] pool_util=1.0000±0.0000ϵ[1.0000,1.0000]
  cell_acc=98.75%, puzzle_acc=44.70%
  eval_avg_halt_step: 1.56
  per_H_acc: ['H0=50.1%', 'H1=64.3%', 'H2=99.1%']
  H_cos: ['0.945', '0.730']
  z_H_delta: ['11.750', '12.375']
  cells: fixed=[31088, 73755] broken=[1471, 951]
  per_ACT_cell_acc: ['H1=50.1%', 'H2=64.3%', 'H3=99.1%', 'H4=99.3%', 'H5=99.4%', 'H6=99.4%', 'H7=99.4%', 'H8=99.4%', 'H9=99.4%', 'H10=99.3%', 'H11=99.3%', 'H12=99.3%', 'H13=99.3%', 'H14=99.3%', 'H15=99.3%', 'H16=99.2%']
  per_ACT_puzzle_acc: ['H1=0.0%', 'H2=0.0%', 'H3=62.9%', 'H4=75.9%', 'H5=78.9%', 'H6=79.7%', 'H7=80.2%', 'H8=79.7%', 'H9=78.4%', 'H10=75.0%', 'H11=72.4%', 'H12=69.0%', 'H13=64.7%', 'H14=62.5%', 'H15=60.3%', 'H16=57.8%']
  mean_sigmoid_q_halt: ['0.949', '0.439', '0.746', '0.902', '0.930', '0.941', '0.949', '0.957', '0.961', '0.961', '0.957', '0.941', '0.914', '0.875', '0.832', '0.793']
  halt_rates: ['1.00', '0.04', '0.75', '0.93', '0.96', '0.96', '0.96', '0.97', '0.97', '0.97', '0.97', '0.95', '0.94', '0.88', '0.84', '0.81']
  halt_histogram %: [80.2, 16.1, 2.0, 0.4, 0.2, 0.1, 0.1, 0.1, 0.1, 0.0, 0.0, 0.0, 0.0, 0.0, 0.0, 0.7]
  Avg ACT steps (last 100): 1.16
  saved: /home/jvdillon/projects/sic/code/maze/ckpts/x000q/step15500.pt acc=98.75% (0.055s)
Step 15500  Test 98.75% / 44.70%  Train lm=0.7188±0.0022ϵ[0.7188,0.7461] n_halted=108.1400±9.0046ϵ[42.0000,122.0000]  (27.911s / 175.294s)
  n_active=128.0000±0.0000ϵ[128.0000,128.0000] n_expunged=0.0000±0.0000ϵ[0.0000,0.0000] pool_util=1.0000±0.0000ϵ[1.0000,1.0000]
  cell_acc=98.82%, puzzle_acc=71.20%
  eval_avg_halt_step: 1.39
  per_H_acc: ['H0=50.1%', 'H1=88.9%', 'H2=99.0%']
  H_cos: ['0.855', '0.844']
  z_H_delta: ['12.125', '11.812']
  cells: fixed=[98382, 22091] broken=[17363, 904]
  per_ACT_cell_acc: ['H1=50.1%', 'H2=88.9%', 'H3=99.0%', 'H4=99.1%', 'H5=99.1%', 'H6=99.1%', 'H7=99.1%', 'H8=99.1%', 'H9=99.1%', 'H10=99.1%', 'H11=99.1%', 'H12=99.1%', 'H13=99.1%', 'H14=99.1%', 'H15=99.1%', 'H16=99.1%']
  per_ACT_puzzle_acc: ['H1=0.0%', 'H2=0.0%', 'H3=59.1%', 'H4=73.7%', 'H5=75.4%', 'H6=75.9%', 'H7=75.9%', 'H8=75.9%', 'H9=75.9%', 'H10=75.9%', 'H11=75.4%', 'H12=75.0%', 'H13=74.1%', 'H14=74.1%', 'H15=73.3%', 'H16=72.4%']
  mean_sigmoid_q_halt: ['0.957', '0.543', '0.746', '0.941', '0.961', '0.977', '0.984', '0.988', '0.984', '0.977', '0.961', '0.930', '0.887', '0.836', '0.789', '0.750']
  halt_rates: ['1.00', '0.95', '0.74', '0.95', '0.98', '0.99', '0.99', '0.99', '0.99', '0.99', '0.99', '0.99', '0.99', '0.99', '0.99', '0.99']
  halt_histogram %: [80.4, 15.9, 1.9, 0.4, 0.2, 0.1, 0.1, 0.1, 0.1, 0.0, 0.0, 0.0, 0.0, 0.0, 0.0, 0.7]
  Avg ACT steps (last 100): 1.09
  saved: /home/jvdillon/projects/sic/code/maze/ckpts/x000q/step16000.pt acc=98.82% (0.055s)
Step 16000  Test 98.82% / 71.20%  Train lm=0.7188±0.0019ϵ[0.7188,0.7305] n_halted=109.0420±6.5300ϵ[64.0000,120.0000]  (27.897s / 175.280s)
  n_active=128.0000±0.0000ϵ[128.0000,128.0000] n_expunged=0.0000±0.0000ϵ[0.0000,0.0000] pool_util=1.0000±0.0000ϵ[1.0000,1.0000]
