Adam params: ('embed_tokens.weight', 'head.weight', 'head.bias', 'q_head.weight', 'q_head.bias', 'puzzle_id_embed.weight')
Muon 2D params: ('reasoning.0.attn.o_proj.weight', 'reasoning.0.mlp.up_proj.weight', 'reasoning.0.mlp.down_proj.weight', 'reasoning.1.attn.o_proj.weight', 'reasoning.1.mlp.up_proj.weight', 'reasoning.1.mlp.down_proj.weight')
Muon 3D params (ensemble_dims=1): ('reasoning.0.attn.qkv_proj.weight', 'reasoning.1.attn.qkv_proj.weight')
Saved step 0 checkpoint with RNG: /home/jvdillon/projects/sic/code/maze/ckpts/x002b/step00000_rng.pt
  cell_acc=90.04%, puzzle_acc=0.00%
  eval_avg_halt_step: 16.00
  per_H_acc: ['H0=37.3%', 'H1=87.5%', 'H2=87.5%']
  H_cos: ['0.527', '0.965']
  z_H_delta: ['22.750', '10.312']
  cells: fixed=[104767, 35] broken=[0, 101]
  per_ACT_cell_acc: ['H1=37.3%', 'H2=87.5%', 'H3=87.5%', 'H4=87.4%', 'H5=87.5%', 'H6=87.5%', 'H7=87.5%', 'H8=87.5%', 'H9=87.4%', 'H10=87.3%', 'H11=87.3%', 'H12=87.2%', 'H13=87.1%', 'H14=87.0%', 'H15=87.0%', 'H16=86.9%']
  per_ACT_puzzle_acc: ['H1=0.0%', 'H2=0.0%', 'H3=0.0%', 'H4=0.0%', 'H5=0.0%', 'H6=0.0%', 'H7=0.0%', 'H8=0.0%', 'H9=0.0%', 'H10=0.0%', 'H11=0.0%', 'H12=0.0%', 'H13=0.0%', 'H14=0.0%', 'H15=0.0%', 'H16=0.0%']
  mean_sigmoid_q_halt: ['0.001', '0.000', '0.000', '0.000', '0.000', '0.000', '0.000', '0.000', '0.000', '0.000', '0.000', '0.000', '0.000', '0.000', '0.000', '0.000']
  halt_rates: ['0.00', '0.00', '0.00', '0.00', '0.00', '0.00', '0.00', '0.00', '0.00', '0.00', '0.00', '0.00', '0.00', '0.00', '0.00', '0.00']
  halt_histogram %: [0.0, 0.0, 0.0, 0.0, 0.0, 0.0, 0.0, 0.0, 0.0, 0.0, 0.0, 0.0, 0.0, 0.0, 0.0, 100.0]
  Avg ACT steps (last 100): 16.00
  saved: /home/jvdillon/projects/sic/code/maze/ckpts/x002b/step00500.pt acc=90.04% (0.057s)
  saved: /home/jvdillon/projects/sic/code/maze/ckpts/x002b/best.pt acc=90.04% (0.111s)
Step   500  Test 90.04% /  0.00%  Train lm=0.8984±0.0854ϵ[0.8125,1.6719] n_halted=10.9120±42.4859ϵ[0.0000,176.0000]  (36.438s / 249.551s)
  n_active=176.0000±0.0000ϵ[176.0000,176.0000] n_expunged=0.0000±0.0000ϵ[0.0000,0.0000] pool_util=1.0000±0.0000ϵ[1.0000,1.0000]
  cell_acc=96.32%, puzzle_acc=11.90%
  eval_avg_halt_step: 12.21
  per_H_acc: ['H0=48.6%', 'H1=86.6%', 'H2=86.4%']
  H_cos: ['0.516', '0.926']
  z_H_delta: ['23.750', '14.188']
  cells: fixed=[102858, 10059] broken=[23444, 10482]
  per_ACT_cell_acc: ['H1=48.6%', 'H2=86.6%', 'H3=86.4%', 'H4=86.2%', 'H5=85.9%', 'H6=85.8%', 'H7=85.9%', 'H8=85.9%', 'H9=85.9%', 'H10=85.9%', 'H11=85.9%', 'H12=85.9%', 'H13=85.9%', 'H14=85.9%', 'H15=85.9%', 'H16=85.9%']
  per_ACT_puzzle_acc: ['H1=0.0%', 'H2=0.0%', 'H3=0.0%', 'H4=0.0%', 'H5=0.0%', 'H6=0.0%', 'H7=0.0%', 'H8=0.0%', 'H9=0.0%', 'H10=0.0%', 'H11=0.0%', 'H12=0.0%', 'H13=0.0%', 'H14=0.0%', 'H15=0.0%', 'H16=0.0%']
  mean_sigmoid_q_halt: ['0.005', '0.000', '0.000', '0.000', '0.000', '0.001', '0.003', '0.007', '0.012', '0.019', '0.029', '0.039', '0.053', '0.071', '0.089', '0.100']
  halt_rates: ['0.00', '0.00', '0.00', '0.00', '0.00', '0.00', '0.00', '0.00', '0.00', '0.00', '0.00', '0.00', '0.00', '0.01', '0.01', '0.00']
  halt_histogram %: [0.0, 0.0, 0.1, 0.7, 1.2, 1.6, 1.8, 1.5, 1.8, 1.3, 1.3, 1.0, 0.9, 0.9, 1.0, 84.9]
  Avg ACT steps (last 100): 9.61
  saved: /home/jvdillon/projects/sic/code/maze/ckpts/x002b/step01000.pt acc=96.32% (0.058s)
  saved: /home/jvdillon/projects/sic/code/maze/ckpts/x002b/best.pt acc=96.32% (0.138s)
Step  1000  Test 96.32% / 11.90%  Train lm=0.7852±0.0294ϵ[0.7500,0.9336] n_halted=12.5140±31.5833ϵ[0.0000,176.0000]  (28.104s / 240.690s)
  n_active=176.0000±0.0000ϵ[176.0000,176.0000] n_expunged=0.0000±0.0000ϵ[0.0000,0.0000] pool_util=1.0000±0.0000ϵ[1.0000,1.0000]
  cell_acc=97.88%, puzzle_acc=32.90%
  eval_avg_halt_step: 8.86
  per_H_acc: ['H0=25.4%', 'H1=70.8%', 'H2=86.9%']
  H_cos: ['0.523', '0.855']
  z_H_delta: ['22.750', '18.750']
  cells: fixed=[99393, 44789] broken=[4589, 11180]
  per_ACT_cell_acc: ['H1=25.4%', 'H2=70.8%', 'H3=86.9%', 'H4=88.5%', 'H5=88.5%', 'H6=88.5%', 'H7=88.4%', 'H8=88.3%', 'H9=88.2%', 'H10=88.1%', 'H11=88.1%', 'H12=88.0%', 'H13=87.9%', 'H14=87.9%', 'H15=87.8%', 'H16=87.8%']
  per_ACT_puzzle_acc: ['H1=0.0%', 'H2=0.0%', 'H3=0.0%', 'H4=0.0%', 'H5=0.0%', 'H6=0.0%', 'H7=0.0%', 'H8=0.0%', 'H9=0.0%', 'H10=0.0%', 'H11=0.0%', 'H12=0.0%', 'H13=0.0%', 'H14=0.0%', 'H15=0.0%', 'H16=0.0%']
  mean_sigmoid_q_halt: ['0.007', '0.003', '0.000', '0.000', '0.001', '0.002', '0.005', '0.008', '0.010', '0.012', '0.015', '0.020', '0.023', '0.023', '0.025', '0.029']
  halt_rates: ['0.00', '0.00', '0.00', '0.00', '0.00', '0.00', '0.00', '0.00', '0.00', '0.00', '0.00', '0.00', '0.00', '0.00', '0.00', '0.00']
  halt_histogram %: [0.0, 4.5, 11.6, 10.0, 6.8, 4.9, 3.8, 3.0, 2.5, 2.1, 1.6, 1.5, 1.2, 1.0, 1.0, 44.5]
  Avg ACT steps (last 100): 3.71
  saved: /home/jvdillon/projects/sic/code/maze/ckpts/x002b/step01500.pt acc=97.88% (0.055s)
  saved: /home/jvdillon/projects/sic/code/maze/ckpts/x002b/best.pt acc=97.88% (0.134s)
Step  1500  Test 97.88% / 32.90%  Train lm=0.7539±0.0070ϵ[0.7383,0.7773] n_halted=27.5860±16.1193ϵ[0.0000,81.0000]  (28.102s / 240.809s)
  n_active=176.0000±0.0000ϵ[176.0000,176.0000] n_expunged=0.0000±0.0000ϵ[0.0000,0.0000] pool_util=1.0000±0.0000ϵ[1.0000,1.0000]
  cell_acc=98.32%, puzzle_acc=53.60%
  eval_avg_halt_step: 4.12
  per_H_acc: ['H0=0.2%', 'H1=85.9%', 'H2=84.4%']
  H_cos: ['0.428', '0.906']
  z_H_delta: ['24.625', '17.625']
  cells: fixed=[178844, 12305] broken=[0, 15362]
  per_ACT_cell_acc: ['H1=0.2%', 'H2=85.9%', 'H3=84.4%', 'H4=85.3%', 'H5=85.8%', 'H6=86.1%', 'H7=86.2%', 'H8=86.2%', 'H9=86.1%', 'H10=86.0%', 'H11=85.8%', 'H12=85.6%', 'H13=85.4%', 'H14=85.2%', 'H15=85.0%', 'H16=84.8%']
  per_ACT_puzzle_acc: ['H1=0.0%', 'H2=0.0%', 'H3=0.0%', 'H4=0.0%', 'H5=0.0%', 'H6=0.0%', 'H7=0.0%', 'H8=0.0%', 'H9=0.0%', 'H10=0.0%', 'H11=0.0%', 'H12=0.0%', 'H13=0.0%', 'H14=0.0%', 'H15=0.0%', 'H16=0.0%']
  mean_sigmoid_q_halt: ['0.011', '0.535', '0.053', '0.045', '0.033', '0.040', '0.054', '0.063', '0.072', '0.086', '0.093', '0.104', '0.119', '0.122', '0.129', '0.132']
  halt_rates: ['0.00', '0.70', '0.00', '0.00', '0.00', '0.00', '0.01', '0.00', '0.00', '0.02', '0.01', '0.03', '0.04', '0.04', '0.05', '0.05']
  halt_histogram %: [1.6, 37.9, 16.2, 7.9, 4.4, 2.9, 2.1, 1.6, 1.3, 1.1, 0.8, 0.7, 0.6, 0.5, 0.5, 19.9]
  Avg ACT steps (last 100): 2.50
  saved: /home/jvdillon/projects/sic/code/maze/ckpts/x002b/step02000.pt acc=98.32% (0.057s)
  saved: /home/jvdillon/projects/sic/code/maze/ckpts/x002b/best.pt acc=98.32% (0.138s)
Step  2000  Test 98.32% / 53.60%  Train lm=0.7344±0.0079ϵ[0.7227,0.7617] n_halted=65.2480±18.5622ϵ[8.0000,109.0000]  (28.089s / 240.831s)
  n_active=176.0000±0.0000ϵ[176.0000,176.0000] n_expunged=0.0000±0.0000ϵ[0.0000,0.0000] pool_util=1.0000±0.0000ϵ[1.0000,1.0000]
  cell_acc=98.73%, puzzle_acc=60.70%
  eval_avg_halt_step: 2.56
  per_H_acc: ['H0=50.3%', 'H1=90.2%', 'H2=95.9%']
  H_cos: ['0.523', '0.930']
  z_H_delta: ['22.375', '15.375']
  cells: fixed=[87711, 15354] broken=[4444, 3395]
  per_ACT_cell_acc: ['H1=50.3%', 'H2=90.2%', 'H3=95.9%', 'H4=96.4%', 'H5=96.5%', 'H6=96.5%', 'H7=96.4%', 'H8=96.4%', 'H9=96.3%', 'H10=96.3%', 'H11=96.2%', 'H12=96.2%', 'H13=96.1%', 'H14=96.1%', 'H15=96.0%', 'H16=96.0%']
  per_ACT_puzzle_acc: ['H1=0.0%', 'H2=0.0%', 'H3=0.0%', 'H4=1.3%', 'H5=2.6%', 'H6=2.2%', 'H7=2.2%', 'H8=2.2%', 'H9=1.7%', 'H10=2.2%', 'H11=2.2%', 'H12=1.7%', 'H13=1.7%', 'H14=1.3%', 'H15=1.3%', 'H16=0.9%']
  mean_sigmoid_q_halt: ['0.009', '0.293', '0.146', '0.324', '0.357', '0.436', '0.492', '0.535', '0.570', '0.598', '0.621', '0.633', '0.637', '0.645', '0.652', '0.656']
  halt_rates: ['0.00', '0.01', '0.02', '0.27', '0.31', '0.44', '0.51', '0.55', '0.60', '0.62', '0.67', '0.69', '0.68', '0.67', '0.71', '0.70']
  halt_histogram %: [11.2, 49.0, 13.2, 5.2, 2.8, 1.8, 1.3, 1.0, 0.7, 0.6, 0.5, 0.4, 0.3, 0.3, 0.3, 11.4]
  Avg ACT steps (last 100): 1.65
  saved: /home/jvdillon/projects/sic/code/maze/ckpts/x002b/step02500.pt acc=98.73% (0.055s)
  saved: /home/jvdillon/projects/sic/code/maze/ckpts/x002b/best.pt acc=98.73% (0.133s)
Step  2500  Test 98.73% / 60.70%  Train lm=0.7266±0.0025ϵ[0.7188,0.7344] n_halted=88.7680±16.5533ϵ[53.0000,146.0000]  (28.092s / 240.847s)
  n_active=176.0000±0.0000ϵ[176.0000,176.0000] n_expunged=0.0000±0.0000ϵ[0.0000,0.0000] pool_util=1.0000±0.0000ϵ[1.0000,1.0000]
  cell_acc=98.78%, puzzle_acc=63.70%
  eval_avg_halt_step: 3.71
  per_H_acc: ['H0=50.3%', 'H1=90.1%', 'H2=95.0%']
  H_cos: ['0.586', '0.949']
  z_H_delta: ['21.625', '14.875']
  cells: fixed=[88201, 14921] broken=[5080, 4738]
  per_ACT_cell_acc: ['H1=50.3%', 'H2=90.1%', 'H3=95.0%', 'H4=95.5%', 'H5=95.7%', 'H6=95.7%', 'H7=95.7%', 'H8=95.6%', 'H9=95.5%', 'H10=95.4%', 'H11=95.2%', 'H12=95.0%', 'H13=95.0%', 'H14=94.9%', 'H15=94.8%', 'H16=94.7%']
  per_ACT_puzzle_acc: ['H1=0.0%', 'H2=0.0%', 'H3=0.0%', 'H4=0.4%', 'H5=0.4%', 'H6=1.7%', 'H7=3.4%', 'H8=4.3%', 'H9=3.0%', 'H10=2.2%', 'H11=2.6%', 'H12=2.2%', 'H13=0.9%', 'H14=0.9%', 'H15=1.3%', 'H16=0.9%']
  mean_sigmoid_q_halt: ['0.021', '0.271', '0.074', '0.126', '0.120', '0.119', '0.118', '0.127', '0.129', '0.136', '0.129', '0.134', '0.127', '0.130', '0.139', '0.140']
  halt_rates: ['0.00', '0.09', '0.00', '0.06', '0.05', '0.06', '0.06', '0.06', '0.06', '0.07', '0.06', '0.08', '0.07', '0.06', '0.08', '0.10']
  halt_histogram %: [28.1, 44.1, 10.3, 3.6, 1.9, 1.2, 0.8, 0.6, 0.5, 0.4, 0.3, 0.3, 0.2, 0.2, 0.2, 7.3]
  Avg ACT steps (last 100): 1.50
  saved: /home/jvdillon/projects/sic/code/maze/ckpts/x002b/step03000.pt acc=98.78% (0.055s)
  saved: /home/jvdillon/projects/sic/code/maze/ckpts/x002b/best.pt acc=98.78% (0.135s)
Step  3000  Test 98.78% / 63.70%  Train lm=0.7227±0.0020ϵ[0.7188,0.7344] n_halted=115.7200±18.2370ϵ[42.0000,150.0000]  (28.110s / 240.888s)
  n_active=176.0000±0.0000ϵ[176.0000,176.0000] n_expunged=0.0000±0.0000ϵ[0.0000,0.0000] pool_util=1.0000±0.0000ϵ[1.0000,1.0000]
  cell_acc=99.01%, puzzle_acc=66.20%
  eval_avg_halt_step: 1.99
  per_H_acc: ['H0=50.3%', 'H1=88.8%', 'H2=95.8%']
  H_cos: ['0.660', '0.914']
  z_H_delta: ['21.125', '15.688']
  cells: fixed=[81956, 19778] broken=[1568, 5123]
  per_ACT_cell_acc: ['H1=50.3%', 'H2=88.8%', 'H3=95.8%', 'H4=96.6%', 'H5=96.7%', 'H6=96.8%', 'H7=96.8%', 'H8=96.7%', 'H9=96.7%', 'H10=96.6%', 'H11=96.5%', 'H12=96.4%', 'H13=96.4%', 'H14=96.3%', 'H15=96.2%', 'H16=96.2%']
  per_ACT_puzzle_acc: ['H1=0.0%', 'H2=0.0%', 'H3=0.0%', 'H4=3.4%', 'H5=6.0%', 'H6=8.6%', 'H7=10.8%', 'H8=9.5%', 'H9=7.8%', 'H10=8.2%', 'H11=8.6%', 'H12=6.9%', 'H13=5.6%', 'H14=5.6%', 'H15=5.2%', 'H16=5.6%']
  mean_sigmoid_q_halt: ['0.037', '0.344', '0.128', '0.212', '0.264', '0.322', '0.381', '0.410', '0.430', '0.439', '0.471', '0.486', '0.484', '0.486', '0.480', '0.484']
  halt_rates: ['0.00', '0.06', '0.03', '0.14', '0.21', '0.27', '0.37', '0.41', '0.43', '0.44', '0.49', '0.50', '0.49', '0.50', '0.49', '0.50']
  halt_histogram %: [40.8, 38.2, 8.2, 2.7, 1.4, 0.9, 0.6, 0.5, 0.4, 0.3, 0.2, 0.2, 0.2, 0.1, 0.1, 5.2]
  Avg ACT steps (last 100): 1.19
  saved: /home/jvdillon/projects/sic/code/maze/ckpts/x002b/step03500.pt acc=99.01% (0.056s)
  saved: /home/jvdillon/projects/sic/code/maze/ckpts/x002b/best.pt acc=99.01% (0.134s)
Step  3500  Test 99.01% / 66.20%  Train lm=0.7227±0.0019ϵ[0.7188,0.7266] n_halted=130.7860±12.2029ϵ[70.0000,155.0000]  (28.093s / 240.836s)
  n_active=176.0000±0.0000ϵ[176.0000,176.0000] n_expunged=0.0000±0.0000ϵ[0.0000,0.0000] pool_util=1.0000±0.0000ϵ[1.0000,1.0000]
  cell_acc=99.06%, puzzle_acc=72.60%
  eval_avg_halt_step: 1.78
  per_H_acc: ['H0=50.3%', 'H1=89.5%', 'H2=94.8%']
  H_cos: ['0.605', '0.938']
  z_H_delta: ['23.000', '16.875']
  cells: fixed=[90286, 16562] broken=[8403, 5506]
  per_ACT_cell_acc: ['H1=50.3%', 'H2=89.5%', 'H3=94.8%', 'H4=96.3%', 'H5=97.0%', 'H6=97.4%', 'H7=97.5%', 'H8=97.5%', 'H9=97.6%', 'H10=97.6%', 'H11=97.6%', 'H12=97.6%', 'H13=97.6%', 'H14=97.7%', 'H15=97.7%', 'H16=97.7%']
  per_ACT_puzzle_acc: ['H1=0.0%', 'H2=0.0%', 'H3=1.3%', 'H4=9.9%', 'H5=22.0%', 'H6=25.9%', 'H7=28.4%', 'H8=30.2%', 'H9=31.9%', 'H10=32.3%', 'H11=31.0%', 'H12=30.6%', 'H13=30.6%', 'H14=32.3%', 'H15=29.7%', 'H16=28.9%']
  mean_sigmoid_q_halt: ['0.291', '0.068', '0.091', '0.271', '0.393', '0.494', '0.562', '0.594', '0.617', '0.637', '0.645', '0.652', '0.660', '0.676', '0.676', '0.672']
  halt_rates: ['0.00', '0.00', '0.05', '0.25', '0.37', '0.49', '0.58', '0.62', '0.64', '0.67', '0.68', '0.69', '0.69', '0.71', '0.70', '0.71']
  halt_histogram %: [48.1, 34.8, 7.1, 2.2, 1.1, 0.7, 0.5, 0.4, 0.3, 0.2, 0.2, 0.2, 0.1, 0.1, 0.1, 4.0]
  Avg ACT steps (last 100): 1.40
  saved: /home/jvdillon/projects/sic/code/maze/ckpts/x002b/step04000.pt acc=99.06% (0.058s)
  saved: /home/jvdillon/projects/sic/code/maze/ckpts/x002b/best.pt acc=99.06% (0.139s)
Step  4000  Test 99.06% / 72.60%  Train lm=0.7227±0.0020ϵ[0.7188,0.7266] n_halted=131.2600±11.9580ϵ[79.0000,158.0000]  (28.039s / 240.757s)
  n_active=176.0000±0.0000ϵ[176.0000,176.0000] n_expunged=0.0000±0.0000ϵ[0.0000,0.0000] pool_util=1.0000±0.0000ϵ[1.0000,1.0000]
  cell_acc=99.03%, puzzle_acc=70.90%
  eval_avg_halt_step: 2.15
  per_H_acc: ['H0=50.3%', 'H1=84.5%', 'H2=95.0%']
  H_cos: ['0.652', '0.898']
  z_H_delta: ['20.625', '19.125']
  cells: fixed=[88398, 27205] broken=[16916, 5412]
  per_ACT_cell_acc: ['H1=50.3%', 'H2=84.5%', 'H3=95.0%', 'H4=96.8%', 'H5=97.0%', 'H6=97.0%', 'H7=97.1%', 'H8=97.1%', 'H9=97.0%', 'H10=97.1%', 'H11=97.0%', 'H12=97.0%', 'H13=96.9%', 'H14=96.9%', 'H15=96.9%', 'H16=96.9%']
  per_ACT_puzzle_acc: ['H1=0.0%', 'H2=0.0%', 'H3=0.9%', 'H4=11.6%', 'H5=18.5%', 'H6=19.8%', 'H7=20.3%', 'H8=21.1%', 'H9=20.7%', 'H10=20.3%', 'H11=20.3%', 'H12=19.0%', 'H13=17.7%', 'H14=15.5%', 'H15=15.5%', 'H16=15.1%']
  mean_sigmoid_q_halt: ['0.324', '0.660', '0.061', '0.230', '0.367', '0.420', '0.455', '0.459', '0.451', '0.439', '0.408', '0.369', '0.348', '0.320', '0.307', '0.303']
  halt_rates: ['0.00', '0.88', '0.00', '0.18', '0.33', '0.39', '0.44', '0.46', '0.46', '0.46', '0.40', '0.35', '0.34', '0.31', '0.30', '0.28']
  halt_histogram %: [52.7, 32.6, 6.3, 1.9, 0.9, 0.6, 0.4, 0.3, 0.2, 0.2, 0.1, 0.1, 0.1, 0.1, 0.1, 3.3]
  Avg ACT steps (last 100): 1.19
  saved: /home/jvdillon/projects/sic/code/maze/ckpts/x002b/step04500.pt acc=99.03% (0.058s)
Step  4500  Test 99.03% / 70.90%  Train lm=0.7227±0.0021ϵ[0.7188,0.7266] n_halted=132.4740±11.3237ϵ[85.0000,157.0000]  (27.709s / 238.813s)
  n_active=176.0000±0.0000ϵ[176.0000,176.0000] n_expunged=0.0000±0.0000ϵ[0.0000,0.0000] pool_util=1.0000±0.0000ϵ[1.0000,1.0000]
  cell_acc=98.91%, puzzle_acc=66.90%
  eval_avg_halt_step: 2.25
  per_H_acc: ['H0=12.5%', 'H1=86.3%', 'H2=90.8%']
  H_cos: ['0.535', '0.883']
  z_H_delta: ['21.750', '22.375']
  cells: fixed=[176940, 18117] broken=[22857, 8705]
  per_ACT_cell_acc: ['H1=12.5%', 'H2=86.3%', 'H3=90.8%', 'H4=92.9%', 'H5=93.4%', 'H6=93.6%', 'H7=93.6%', 'H8=93.6%', 'H9=93.5%', 'H10=93.5%', 'H11=93.4%', 'H12=93.3%', 'H13=93.2%', 'H14=93.2%', 'H15=93.1%', 'H16=93.0%']
  per_ACT_puzzle_acc: ['H1=0.0%', 'H2=0.0%', 'H3=0.0%', 'H4=0.4%', 'H5=0.9%', 'H6=0.9%', 'H7=1.3%', 'H8=0.9%', 'H9=0.9%', 'H10=0.4%', 'H11=0.0%', 'H12=0.0%', 'H13=0.0%', 'H14=0.0%', 'H15=0.0%', 'H16=0.0%']
  mean_sigmoid_q_halt: ['0.197', '0.074', '0.050', '0.058', '0.122', '0.172', '0.236', '0.232', '0.258', '0.279', '0.311', '0.348', '0.361', '0.367', '0.393', '0.400']
  halt_rates: ['0.00', '0.00', '0.00', '0.01', '0.08', '0.12', '0.19', '0.18', '0.20', '0.24', '0.25', '0.31', '0.34', '0.35', '0.36', '0.39']
  halt_histogram %: [56.7, 30.5, 5.7, 1.7, 0.8, 0.5, 0.3, 0.3, 0.2, 0.2, 0.1, 0.1, 0.1, 0.1, 0.1, 2.8]
  Avg ACT steps (last 100): 1.16
  saved: /home/jvdillon/projects/sic/code/maze/ckpts/x002b/step05000.pt acc=98.91% (0.057s)
Step  5000  Test 98.91% / 66.90%  Train lm=0.7188±0.0023ϵ[0.7188,0.7461] n_halted=137.9180±13.0088ϵ[40.0000,162.0000]  (27.715s / 238.777s)
  n_active=176.0000±0.0000ϵ[176.0000,176.0000] n_expunged=0.0000±0.0000ϵ[0.0000,0.0000] pool_util=1.0000±0.0000ϵ[1.0000,1.0000]
  cell_acc=99.01%, puzzle_acc=68.90%
  eval_avg_halt_step: 3.11
  per_H_acc: ['H0=50.3%', 'H1=88.1%', 'H2=94.8%']
  H_cos: ['0.551', '0.926']
  z_H_delta: ['24.375', '20.625']
  cells: fixed=[80459, 18079] broken=[1531, 4160]
  per_ACT_cell_acc: ['H1=50.3%', 'H2=88.1%', 'H3=94.8%', 'H4=95.9%', 'H5=96.4%', 'H6=96.7%', 'H7=96.8%', 'H8=96.9%', 'H9=96.9%', 'H10=96.9%', 'H11=96.9%', 'H12=96.9%', 'H13=96.9%', 'H14=96.9%', 'H15=96.9%', 'H16=97.0%']
  per_ACT_puzzle_acc: ['H1=0.0%', 'H2=0.0%', 'H3=0.4%', 'H4=5.2%', 'H5=12.1%', 'H6=17.2%', 'H7=22.0%', 'H8=23.3%', 'H9=25.0%', 'H10=27.2%', 'H11=26.7%', 'H12=26.7%', 'H13=26.3%', 'H14=26.3%', 'H15=26.3%', 'H16=26.3%']
  mean_sigmoid_q_halt: ['0.225', '0.163', '0.005', '0.034', '0.117', '0.189', '0.264', '0.312', '0.328', '0.348', '0.359', '0.377', '0.381', '0.383', '0.385', '0.387']
  halt_rates: ['0.00', '0.02', '0.00', '0.03', '0.12', '0.19', '0.28', '0.33', '0.34', '0.37', '0.38', '0.40', '0.41', '0.41', '0.41', '0.41']
  halt_histogram %: [60.0, 28.5, 5.2, 1.5, 0.7, 0.4, 0.3, 0.2, 0.2, 0.1, 0.1, 0.1, 0.1, 0.1, 0.1, 2.4]
  Avg ACT steps (last 100): 10.45
  saved: /home/jvdillon/projects/sic/code/maze/ckpts/x002b/step05500.pt acc=99.01% (0.057s)
Step  5500  Test 99.01% / 68.90%  Train lm=0.7227±0.0096ϵ[0.7188,0.8242] n_halted=135.3580±33.8156ϵ[0.0000,165.0000]  (27.723s / 238.813s)
  n_active=176.0000±0.0000ϵ[176.0000,176.0000] n_expunged=0.0000±0.0000ϵ[0.0000,0.0000] pool_util=1.0000±0.0000ϵ[1.0000,1.0000]
  cell_acc=99.16%, puzzle_acc=71.80%
  eval_avg_halt_step: 1.82
  per_H_acc: ['H0=38.7%', 'H1=89.1%', 'H2=95.7%']
  H_cos: ['0.451', '0.918']
  z_H_delta: ['27.250', '16.000']
  cells: fixed=[121713, 18133] broken=[16367, 4289]
  per_ACT_cell_acc: ['H1=38.7%', 'H2=89.1%', 'H3=95.7%', 'H4=97.3%', 'H5=97.8%', 'H6=97.9%', 'H7=98.0%', 'H8=98.0%', 'H9=98.0%', 'H10=98.1%', 'H11=98.0%', 'H12=98.1%', 'H13=98.0%', 'H14=98.1%', 'H15=98.1%', 'H16=98.1%']
  per_ACT_puzzle_acc: ['H1=0.0%', 'H2=0.0%', 'H3=2.2%', 'H4=14.2%', 'H5=32.8%', 'H6=43.5%', 'H7=42.7%', 'H8=37.5%', 'H9=35.8%', 'H10=33.6%', 'H11=32.3%', 'H12=31.5%', 'H13=34.5%', 'H14=35.3%', 'H15=35.3%', 'H16=38.4%']
  mean_sigmoid_q_halt: ['0.535', '0.244', '0.097', '0.316', '0.605', '0.727', '0.785', '0.805', '0.805', '0.801', '0.797', '0.781', '0.785', '0.801', '0.805', '0.801']
  halt_rates: ['0.64', '0.00', '0.01', '0.25', '0.62', '0.72', '0.79', '0.81', '0.80', '0.81', '0.80', '0.77', '0.80', '0.82', '0.80', '0.79']
  halt_histogram %: [62.2, 27.3, 4.8, 1.4, 0.6, 0.4, 0.3, 0.2, 0.2, 0.1, 0.1, 0.1, 0.1, 0.1, 0.1, 2.1]
  Avg ACT steps (last 100): 1.54
  saved: /home/jvdillon/projects/sic/code/maze/ckpts/x002b/step06000.pt acc=99.16% (0.057s)
  saved: /home/jvdillon/projects/sic/code/maze/ckpts/x002b/best.pt acc=99.16% (0.134s)
Step  6000  Test 99.16% / 71.80%  Train lm=0.7188±0.0027ϵ[0.7188,0.7344] n_halted=135.7160±24.7963ϵ[1.0000,162.0000]  (27.798s / 238.809s)
  n_active=176.0000±0.0000ϵ[176.0000,176.0000] n_expunged=0.0000±0.0000ϵ[0.0000,0.0000] pool_util=1.0000±0.0000ϵ[1.0000,1.0000]
  cell_acc=99.16%, puzzle_acc=73.10%
  eval_avg_halt_step: 1.89
  per_H_acc: ['H0=50.3%', 'H1=91.0%', 'H2=97.6%']
  H_cos: ['0.527', '0.941']
  z_H_delta: ['25.000', '17.000']
  cells: fixed=[90809, 15528] broken=[5855, 1830]
  per_ACT_cell_acc: ['H1=50.3%', 'H2=91.0%', 'H3=97.6%', 'H4=98.0%', 'H5=98.4%', 'H6=98.5%', 'H7=98.6%', 'H8=98.6%', 'H9=98.6%', 'H10=98.6%', 'H11=98.6%', 'H12=98.6%', 'H13=98.5%', 'H14=98.5%', 'H15=98.5%', 'H16=98.5%']
  per_ACT_puzzle_acc: ['H1=0.0%', 'H2=0.0%', 'H3=17.2%', 'H4=37.5%', 'H5=49.6%', 'H6=53.9%', 'H7=55.2%', 'H8=53.9%', 'H9=52.6%', 'H10=51.7%', 'H11=50.9%', 'H12=48.3%', 'H13=48.3%', 'H14=47.4%', 'H15=47.4%', 'H16=46.6%']
  mean_sigmoid_q_halt: ['0.547', '0.172', '0.299', '0.531', '0.648', '0.676', '0.691', '0.699', '0.684', '0.668', '0.648', '0.645', '0.637', '0.629', '0.621', '0.613']
  halt_rates: ['0.98', '0.00', '0.26', '0.52', '0.69', '0.71', '0.71', '0.73', '0.74', '0.74', '0.70', '0.71', '0.70', '0.70', '0.67', '0.68']
  halt_histogram %: [64.3, 26.1, 4.5, 1.2, 0.6, 0.3, 0.2, 0.2, 0.1, 0.1, 0.1, 0.1, 0.1, 0.1, 0.1, 1.9]
  Avg ACT steps (last 100): 1.17
  saved: /home/jvdillon/projects/sic/code/maze/ckpts/x002b/step06500.pt acc=99.16% (0.056s)
Step  6500  Test 99.16% / 73.10%  Train lm=0.7188±0.0020ϵ[0.7188,0.7422] n_halted=143.1760±13.9857ϵ[53.0000,162.0000]  (27.725s / 238.872s)
  n_active=176.0000±0.0000ϵ[176.0000,176.0000] n_expunged=0.0000±0.0000ϵ[0.0000,0.0000] pool_util=1.0000±0.0000ϵ[1.0000,1.0000]
  cell_acc=99.21%, puzzle_acc=75.90%
  eval_avg_halt_step: 1.97
  per_H_acc: ['H0=50.3%', 'H1=92.5%', 'H2=98.3%']
  H_cos: ['0.707', '0.945']
  z_H_delta: ['23.750', '16.750']
  cells: fixed=[89508, 13907] broken=[1457, 1700]
  per_ACT_cell_acc: ['H1=50.3%', 'H2=92.5%', 'H3=98.3%', 'H4=98.8%', 'H5=99.0%', 'H6=99.0%', 'H7=99.1%', 'H8=99.1%', 'H9=99.1%', 'H10=99.1%', 'H11=99.1%', 'H12=99.1%', 'H13=99.1%', 'H14=99.1%', 'H15=99.1%', 'H16=99.1%']
  per_ACT_puzzle_acc: ['H1=0.0%', 'H2=0.0%', 'H3=28.9%', 'H4=54.7%', 'H5=62.5%', 'H6=65.1%', 'H7=68.1%', 'H8=68.1%', 'H9=68.1%', 'H10=67.7%', 'H11=68.1%', 'H12=67.2%', 'H13=67.7%', 'H14=67.7%', 'H15=67.7%', 'H16=67.2%']
  mean_sigmoid_q_halt: ['0.012', '0.516', '0.359', '0.672', '0.797', '0.852', '0.898', '0.918', '0.922', '0.922', '0.930', '0.934', '0.938', '0.941', '0.941', '0.941']
  halt_rates: ['0.00', '0.59', '0.34', '0.68', '0.82', '0.87', '0.91', '0.94', '0.93', '0.93', '0.94', '0.95', '0.94', '0.94', '0.95', '0.94']
  halt_histogram %: [66.1, 25.0, 4.3, 1.1, 0.5, 0.3, 0.2, 0.2, 0.1, 0.1, 0.1, 0.1, 0.1, 0.0, 0.0, 1.7]
  Avg ACT steps (last 100): 1.15
  saved: /home/jvdillon/projects/sic/code/maze/ckpts/x002b/step07000.pt acc=99.21% (0.058s)
  saved: /home/jvdillon/projects/sic/code/maze/ckpts/x002b/best.pt acc=99.21% (0.139s)
Step  7000  Test 99.21% / 75.90%  Train lm=0.7188±0.0031ϵ[0.7188,0.7422] n_halted=140.8620±26.2120ϵ[0.0000,162.0000]  (27.804s / 238.855s)
  n_active=176.0000±0.0000ϵ[176.0000,176.0000] n_expunged=0.0000±0.0000ϵ[0.0000,0.0000] pool_util=1.0000±0.0000ϵ[1.0000,1.0000]
  cell_acc=99.19%, puzzle_acc=76.40%
  eval_avg_halt_step: 1.90
  per_H_acc: ['H0=50.1%', 'H1=40.7%', 'H2=90.0%']
  H_cos: ['0.641', '0.684']
  z_H_delta: ['26.000', '24.250']
  cells: fixed=[68231, 107770] broken=[87882, 4747]
  per_ACT_cell_acc: ['H1=50.1%', 'H2=40.7%', 'H3=90.0%', 'H4=95.6%', 'H5=96.2%', 'H6=96.3%', 'H7=96.0%', 'H8=95.8%', 'H9=95.5%', 'H10=95.2%', 'H11=94.8%', 'H12=94.5%', 'H13=94.2%', 'H14=94.0%', 'H15=93.7%', 'H16=93.5%']
  per_ACT_puzzle_acc: ['H1=0.0%', 'H2=0.0%', 'H3=0.0%', 'H4=0.9%', 'H5=5.2%', 'H6=6.5%', 'H7=6.5%', 'H8=5.2%', 'H9=4.7%', 'H10=3.4%', 'H11=2.2%', 'H12=1.3%', 'H13=0.0%', 'H14=0.0%', 'H15=0.0%', 'H16=0.0%']
  mean_sigmoid_q_halt: ['0.129', '0.436', '0.153', '0.116', '0.273', '0.344', '0.359', '0.320', '0.275', '0.250', '0.242', '0.229', '0.229', '0.224', '0.212', '0.207']
  halt_rates: ['0.00', '0.12', '0.00', '0.05', '0.19', '0.29', '0.32', '0.26', '0.20', '0.20', '0.19', '0.18', '0.19', '0.18', '0.16', '0.16']
  halt_histogram %: [67.6, 24.1, 4.0, 1.1, 0.5, 0.3, 0.2, 0.2, 0.1, 0.1, 0.1, 0.1, 0.1, 0.0, 0.0, 1.6]
  Avg ACT steps (last 100): 1.26
  saved: /home/jvdillon/projects/sic/code/maze/ckpts/x002b/step07500.pt acc=99.19% (0.057s)
Step  7500  Test 99.19% / 76.40%  Train lm=0.7188±0.0023ϵ[0.7188,0.7383] n_halted=142.9200±19.2416ϵ[4.0000,162.0000]  (27.719s / 238.877s)
  n_active=176.0000±0.0000ϵ[176.0000,176.0000] n_expunged=0.0000±0.0000ϵ[0.0000,0.0000] pool_util=1.0000±0.0000ϵ[1.0000,1.0000]
  cell_acc=99.21%, puzzle_acc=77.00%
  eval_avg_halt_step: 1.65
  per_H_acc: ['H0=50.1%', 'H1=87.7%', 'H2=97.8%']
  H_cos: ['0.746', '0.898']
  z_H_delta: ['24.875', '23.750']
  cells: fixed=[79798, 23830] broken=[1170, 2905]
  per_ACT_cell_acc: ['H1=50.1%', 'H2=87.7%', 'H3=97.8%', 'H4=98.3%', 'H5=98.5%', 'H6=98.5%', 'H7=98.6%', 'H8=98.6%', 'H9=98.6%', 'H10=98.6%', 'H11=98.6%', 'H12=98.6%', 'H13=98.6%', 'H14=98.6%', 'H15=98.6%', 'H16=98.6%']
  per_ACT_puzzle_acc: ['H1=0.0%', 'H2=0.0%', 'H3=7.8%', 'H4=28.9%', 'H5=43.1%', 'H6=48.3%', 'H7=48.3%', 'H8=49.1%', 'H9=47.0%', 'H10=45.3%', 'H11=46.1%', 'H12=47.8%', 'H13=47.4%', 'H14=47.8%', 'H15=46.1%', 'H16=45.3%']
  mean_sigmoid_q_halt: ['0.074', '0.789', '0.268', '0.527', '0.656', '0.746', '0.766', '0.773', '0.777', '0.785', '0.785', '0.797', '0.809', '0.801', '0.797', '0.801']
  halt_rates: ['0.00', '1.00', '0.19', '0.54', '0.66', '0.77', '0.78', '0.77', '0.77', '0.78', '0.80', '0.81', '0.81', '0.83', '0.84', '0.83']
  halt_histogram %: [69.0, 23.2, 3.8, 1.0, 0.5, 0.3, 0.2, 0.1, 0.1, 0.1, 0.1, 0.1, 0.0, 0.0, 0.0, 1.4]
  Avg ACT steps (last 100): 1.13
  saved: /home/jvdillon/projects/sic/code/maze/ckpts/x002b/step08000.pt acc=99.21% (0.056s)
  saved: /home/jvdillon/projects/sic/code/maze/ckpts/x002b/best.pt acc=99.21% (0.135s)
Step  8000  Test 99.21% / 77.00%  Train lm=0.7188±0.0015ϵ[0.7188,0.7344] n_halted=148.7780±8.6245ϵ[64.0000,163.0000]  (27.796s / 238.869s)
  n_active=176.0000±0.0000ϵ[176.0000,176.0000] n_expunged=0.0000±0.0000ϵ[0.0000,0.0000] pool_util=1.0000±0.0000ϵ[1.0000,1.0000]
  cell_acc=99.28%, puzzle_acc=75.40%
  eval_avg_halt_step: 2.04
  per_H_acc: ['H0=56.0%', 'H1=94.3%', 'H2=98.3%']
  H_cos: ['0.824', '0.973']
  z_H_delta: ['22.750', '13.688']
  cells: fixed=[84159, 9434] broken=[4216, 1082]
  per_ACT_cell_acc: ['H1=56.0%', 'H2=94.3%', 'H3=98.3%', 'H4=98.7%', 'H5=98.7%', 'H6=98.7%', 'H7=98.7%', 'H8=98.6%', 'H9=98.6%', 'H10=98.6%', 'H11=98.6%', 'H12=98.6%', 'H13=98.6%', 'H14=98.5%', 'H15=98.5%', 'H16=98.5%']
  per_ACT_puzzle_acc: ['H1=0.0%', 'H2=0.0%', 'H3=24.6%', 'H4=40.1%', 'H5=48.7%', 'H6=51.3%', 'H7=52.2%', 'H8=50.9%', 'H9=52.2%', 'H10=52.2%', 'H11=52.6%', 'H12=52.2%', 'H13=52.6%', 'H14=51.3%', 'H15=50.0%', 'H16=49.1%']
  mean_sigmoid_q_halt: ['0.248', '0.361', '0.258', '0.453', '0.555', '0.598', '0.621', '0.641', '0.648', '0.652', '0.660', '0.668', '0.668', '0.664', '0.664', '0.672']
  halt_rates: ['0.00', '0.13', '0.20', '0.45', '0.58', '0.62', '0.63', '0.66', '0.68', '0.67', '0.69', '0.68', '0.68', '0.69', '0.66', '0.67']
  halt_histogram %: [70.1, 22.5, 3.7, 0.9, 0.4, 0.3, 0.2, 0.1, 0.1, 0.1, 0.1, 0.1, 0.0, 0.0, 0.0, 1.4]
  Avg ACT steps (last 100): 1.25
  saved: /home/jvdillon/projects/sic/code/maze/ckpts/x002b/step08500.pt acc=99.28% (0.055s)
  saved: /home/jvdillon/projects/sic/code/maze/ckpts/x002b/best.pt acc=99.28% (0.135s)
Step  8500  Test 99.28% / 75.40%  Train lm=0.7188±0.0028ϵ[0.7188,0.7422] n_halted=140.9720±29.0264ϵ[0.0000,163.0000]  (27.804s / 238.884s)
  n_active=176.0000±0.0000ϵ[176.0000,176.0000] n_expunged=0.0000±0.0000ϵ[0.0000,0.0000] pool_util=1.0000±0.0000ϵ[1.0000,1.0000]
  cell_acc=99.22%, puzzle_acc=74.20%
  eval_avg_halt_step: 2.60
  per_H_acc: ['H0=50.1%', 'H1=89.3%', 'H2=96.3%']
  H_cos: ['0.719', '0.930']
  z_H_delta: ['25.375', '21.500']
  cells: fixed=[86168, 17911] broken=[4269, 3251]
  per_ACT_cell_acc: ['H1=50.1%', 'H2=89.3%', 'H3=96.3%', 'H4=97.6%', 'H5=98.0%', 'H6=98.1%', 'H7=98.0%', 'H8=97.8%', 'H9=97.5%', 'H10=97.2%', 'H11=96.9%', 'H12=96.6%', 'H13=96.3%', 'H14=96.0%', 'H15=95.8%', 'H16=95.6%']
  per_ACT_puzzle_acc: ['H1=0.0%', 'H2=0.0%', 'H3=2.2%', 'H4=13.4%', 'H5=21.1%', 'H6=20.7%', 'H7=17.7%', 'H8=17.7%', 'H9=18.1%', 'H10=19.8%', 'H11=15.5%', 'H12=12.9%', 'H13=11.2%', 'H14=12.1%', 'H15=12.5%', 'H16=11.2%']
  mean_sigmoid_q_halt: ['0.443', '0.365', '0.085', '0.187', '0.279', '0.237', '0.214', '0.209', '0.224', '0.226', '0.233', '0.220', '0.217', '0.222', '0.208', '0.204']
  halt_rates: ['0.12', '0.08', '0.03', '0.17', '0.25', '0.19', '0.18', '0.17', '0.20', '0.19', '0.20', '0.18', '0.17', '0.19', '0.18', '0.17']
  halt_histogram %: [71.1, 21.8, 3.5, 0.9, 0.4, 0.2, 0.2, 0.1, 0.1, 0.1, 0.1, 0.1, 0.0, 0.0, 0.0, 1.3]
  Avg ACT steps (last 100): 1.13
  saved: /home/jvdillon/projects/sic/code/maze/ckpts/x002b/step09000.pt acc=99.22% (0.056s)
Step  9000  Test 99.22% / 74.20%  Train lm=0.7188±0.0032ϵ[0.7188,0.7461] n_halted=143.2540±25.1598ϵ[0.0000,166.0000]  (27.725s / 238.870s)
  n_active=176.0000±0.0000ϵ[176.0000,176.0000] n_expunged=0.0000±0.0000ϵ[0.0000,0.0000] pool_util=1.0000±0.0000ϵ[1.0000,1.0000]
  cell_acc=99.17%, puzzle_acc=73.50%
  eval_avg_halt_step: 1.63
  per_H_acc: ['H0=87.4%', 'H1=94.3%', 'H2=96.9%']
  H_cos: ['0.840', '0.980']
  z_H_delta: ['25.000', '10.250']
  cells: fixed=[18458, 7642] broken=[4133, 2185]
  per_ACT_cell_acc: ['H1=87.4%', 'H2=94.3%', 'H3=96.9%', 'H4=97.6%', 'H5=97.9%', 'H6=98.0%', 'H7=98.1%', 'H8=98.1%', 'H9=98.1%', 'H10=98.1%', 'H11=98.2%', 'H12=98.1%', 'H13=98.1%', 'H14=98.1%', 'H15=98.1%', 'H16=98.1%']
  per_ACT_puzzle_acc: ['H1=0.0%', 'H2=0.9%', 'H3=21.1%', 'H4=32.3%', 'H5=36.2%', 'H6=37.1%', 'H7=46.6%', 'H8=49.1%', 'H9=48.7%', 'H10=46.1%', 'H11=46.6%', 'H12=48.3%', 'H13=46.1%', 'H14=43.1%', 'H15=41.8%', 'H16=42.2%']
  mean_sigmoid_q_halt: ['0.656', '0.231', '0.350', '0.475', '0.494', '0.508', '0.664', '0.711', '0.680', '0.617', '0.621', '0.699', '0.703', '0.645', '0.586', '0.625']
  halt_rates: ['0.86', '0.03', '0.32', '0.48', '0.53', '0.55', '0.72', '0.77', '0.74', '0.71', '0.69', '0.76', '0.76', '0.73', '0.66', '0.67']
  halt_histogram %: [72.0, 21.2, 3.4, 0.9, 0.4, 0.2, 0.2, 0.1, 0.1, 0.1, 0.1, 0.0, 0.0, 0.0, 0.0, 1.2]
  Avg ACT steps (last 100): 1.20
  saved: /home/jvdillon/projects/sic/code/maze/ckpts/x002b/step09500.pt acc=99.17% (0.055s)
Step  9500  Test 99.17% / 73.50%  Train lm=0.7188±0.0019ϵ[0.7188,0.7344] n_halted=146.0200±16.7915ϵ[14.0000,164.0000]  (27.718s / 238.825s)
  n_active=176.0000±0.0000ϵ[176.0000,176.0000] n_expunged=0.0000±0.0000ϵ[0.0000,0.0000] pool_util=1.0000±0.0000ϵ[1.0000,1.0000]
  cell_acc=99.21%, puzzle_acc=74.20%
  eval_avg_halt_step: 1.65
  per_H_acc: ['H0=50.1%', 'H1=90.1%', 'H2=97.0%']
  H_cos: ['0.836', '0.965']
  z_H_delta: ['22.875', '15.062']
  cells: fixed=[84917, 18316] broken=[1506, 3785]
  per_ACT_cell_acc: ['H1=50.1%', 'H2=90.1%', 'H3=97.0%', 'H4=97.6%', 'H5=97.6%', 'H6=97.7%', 'H7=97.7%', 'H8=97.6%', 'H9=97.5%', 'H10=97.4%', 'H11=97.3%', 'H12=97.3%', 'H13=97.3%', 'H14=97.2%', 'H15=97.2%', 'H16=97.1%']
  per_ACT_puzzle_acc: ['H1=0.0%', 'H2=0.0%', 'H3=7.8%', 'H4=14.7%', 'H5=18.1%', 'H6=19.4%', 'H7=20.7%', 'H8=22.4%', 'H9=22.4%', 'H10=21.1%', 'H11=19.0%', 'H12=19.0%', 'H13=19.4%', 'H14=20.7%', 'H15=20.7%', 'H16=19.4%']
  mean_sigmoid_q_halt: ['0.930', '0.133', '0.148', '0.258', '0.262', '0.340', '0.375', '0.402', '0.408', '0.404', '0.393', '0.396', '0.412', '0.414', '0.414', '0.406']
  halt_rates: ['1.00', '0.00', '0.08', '0.23', '0.20', '0.34', '0.35', '0.39', '0.38', '0.38', '0.37', '0.38', '0.39', '0.40', '0.39', '0.39']
  halt_histogram %: [72.9, 20.7, 3.3, 0.8, 0.4, 0.2, 0.2, 0.1, 0.1, 0.1, 0.1, 0.0, 0.0, 0.0, 0.0, 1.1]
  Avg ACT steps (last 100): 1.25
  saved: /home/jvdillon/projects/sic/code/maze/ckpts/x002b/step10000.pt acc=99.21% (0.056s)
Step 10000  Test 99.21% / 74.20%  Train lm=0.7188±0.0012ϵ[0.7188,0.7266] n_halted=149.9520±6.3266ϵ[124.0000,165.0000]  (27.717s / 238.759s)
  n_active=176.0000±0.0000ϵ[176.0000,176.0000] n_expunged=0.0000±0.0000ϵ[0.0000,0.0000] pool_util=1.0000±0.0000ϵ[1.0000,1.0000]
  cell_acc=99.15%, puzzle_acc=76.10%
  eval_avg_halt_step: 1.61
  per_H_acc: ['H0=87.5%', 'H1=89.9%', 'H2=96.8%']
  H_cos: ['0.824', '0.949']
  z_H_delta: ['22.875', '18.250']
  cells: fixed=[16364, 17583] broken=[11223, 3274]
  per_ACT_cell_acc: ['H1=87.5%', 'H2=89.9%', 'H3=96.8%', 'H4=97.5%', 'H5=97.7%', 'H6=97.8%', 'H7=98.0%', 'H8=98.2%', 'H9=98.2%', 'H10=98.3%', 'H11=98.3%', 'H12=98.2%', 'H13=98.2%', 'H14=98.2%', 'H15=98.2%', 'H16=98.2%']
  per_ACT_puzzle_acc: ['H1=0.0%', 'H2=0.0%', 'H3=0.4%', 'H4=0.4%', 'H5=0.9%', 'H6=1.3%', 'H7=6.0%', 'H8=8.2%', 'H9=17.2%', 'H10=25.0%', 'H11=26.3%', 'H12=25.9%', 'H13=28.0%', 'H14=28.0%', 'H15=28.4%', 'H16=26.3%']
  mean_sigmoid_q_halt: ['0.906', '0.613', '0.171', '0.385', '0.471', '0.574', '0.645', '0.660', '0.637', '0.660', '0.645', '0.605', '0.625', '0.641', '0.613', '0.605']
  halt_rates: ['1.00', '0.76', '0.09', '0.35', '0.50', '0.62', '0.70', '0.72', '0.71', '0.73', '0.69', '0.65', '0.67', '0.68', '0.66', '0.66']
  halt_histogram %: [73.6, 20.3, 3.2, 0.8, 0.3, 0.2, 0.1, 0.1, 0.1, 0.1, 0.1, 0.0, 0.0, 0.0, 0.0, 1.0]
  Avg ACT steps (last 100): 1.08
  saved: /home/jvdillon/projects/sic/code/maze/ckpts/x002b/step10500.pt acc=99.15% (0.057s)
Step 10500  Test 99.15% / 76.10%  Train lm=0.7188±0.0020ϵ[0.7188,0.7344] n_halted=146.7500±14.4551ϵ[43.0000,167.0000]  (27.722s / 238.832s)
  n_active=176.0000±0.0000ϵ[176.0000,176.0000] n_expunged=0.0000±0.0000ϵ[0.0000,0.0000] pool_util=1.0000±0.0000ϵ[1.0000,1.0000]
  cell_acc=99.21%, puzzle_acc=76.60%
  eval_avg_halt_step: 1.42
  per_H_acc: ['H0=87.4%', 'H1=88.0%', 'H2=97.6%']
  H_cos: ['0.906', '0.953']
  z_H_delta: ['22.375', '18.500']
  cells: fixed=[1849, 22443] broken=[467, 2563]
  per_ACT_cell_acc: ['H1=87.4%', 'H2=88.0%', 'H3=97.6%', 'H4=98.3%', 'H5=98.3%', 'H6=98.2%', 'H7=98.0%', 'H8=97.8%', 'H9=97.5%', 'H10=97.3%', 'H11=97.0%', 'H12=96.7%', 'H13=96.5%', 'H14=96.3%', 'H15=96.0%', 'H16=95.7%']
  per_ACT_puzzle_acc: ['H1=0.0%', 'H2=0.0%', 'H3=9.1%', 'H4=21.6%', 'H5=25.4%', 'H6=23.7%', 'H7=19.0%', 'H8=12.1%', 'H9=9.9%', 'H10=6.5%', 'H11=5.2%', 'H12=3.9%', 'H13=2.2%', 'H14=3.0%', 'H15=0.9%', 'H16=1.3%']
  mean_sigmoid_q_halt: ['0.660', '0.965', '0.194', '0.363', '0.361', '0.344', '0.285', '0.222', '0.179', '0.153', '0.135', '0.116', '0.096', '0.076', '0.069', '0.060']
  halt_rates: ['1.00', '1.00', '0.13', '0.34', '0.33', '0.33', '0.26', '0.19', '0.15', '0.11', '0.11', '0.09', '0.06', '0.04', '0.03', '0.03']
  halt_histogram %: [74.2, 19.9, 3.1, 0.7, 0.3, 0.2, 0.1, 0.1, 0.1, 0.1, 0.1, 0.0, 0.0, 0.0, 0.0, 1.0]
  Avg ACT steps (last 100): 1.11
  saved: /home/jvdillon/projects/sic/code/maze/ckpts/x002b/step11000.pt acc=99.21% (0.056s)
Step 11000  Test 99.21% / 76.60%  Train lm=0.7188±0.0020ϵ[0.7188,0.7344] n_halted=144.3500±25.1287ϵ[0.0000,167.0000]  (27.717s / 238.732s)
  n_active=176.0000±0.0000ϵ[176.0000,176.0000] n_expunged=0.0000±0.0000ϵ[0.0000,0.0000] pool_util=1.0000±0.0000ϵ[1.0000,1.0000]
  cell_acc=99.18%, puzzle_acc=76.40%
  eval_avg_halt_step: 1.38
  per_H_acc: ['H0=85.0%', 'H1=90.0%', 'H2=97.8%']
  H_cos: ['0.875', '0.953']
  z_H_delta: ['22.250', '18.875']
  cells: fixed=[12886, 18783] broken=[2476, 2514]
  per_ACT_cell_acc: ['H1=85.0%', 'H2=90.0%', 'H3=97.8%', 'H4=98.5%', 'H5=98.6%', 'H6=98.7%', 'H7=98.6%', 'H8=98.6%', 'H9=98.6%', 'H10=98.6%', 'H11=98.6%', 'H12=98.6%', 'H13=98.5%', 'H14=98.5%', 'H15=98.5%', 'H16=98.5%']
  per_ACT_puzzle_acc: ['H1=0.0%', 'H2=0.0%', 'H3=15.5%', 'H4=34.9%', 'H5=38.8%', 'H6=38.4%', 'H7=44.4%', 'H8=45.7%', 'H9=40.9%', 'H10=40.5%', 'H11=40.9%', 'H12=39.7%', 'H13=35.8%', 'H14=32.8%', 'H15=34.9%', 'H16=29.7%']
  mean_sigmoid_q_halt: ['0.672', '0.887', '0.150', '0.496', '0.621', '0.621', '0.691', '0.738', '0.730', '0.707', '0.727', '0.723', '0.699', '0.684', '0.691', '0.672']
  halt_rates: ['1.00', '0.97', '0.11', '0.47', '0.64', '0.65', '0.71', '0.76', '0.75', '0.73', '0.74', '0.72', '0.75', '0.70', '0.70', '0.71']
  halt_histogram %: [74.9, 19.4, 3.0, 0.7, 0.3, 0.2, 0.1, 0.1, 0.1, 0.1, 0.0, 0.0, 0.0, 0.0, 0.0, 0.9]
  Avg ACT steps (last 100): 1.21
  saved: /home/jvdillon/projects/sic/code/maze/ckpts/x002b/step11500.pt acc=99.18% (0.057s)
Step 11500  Test 99.18% / 76.40%  Train lm=0.7188±0.0013ϵ[0.7188,0.7266] n_halted=151.4880±7.3150ϵ[104.0000,166.0000]  (27.724s / 238.825s)
  n_active=176.0000±0.0000ϵ[176.0000,176.0000] n_expunged=0.0000±0.0000ϵ[0.0000,0.0000] pool_util=1.0000±0.0000ϵ[1.0000,1.0000]
  cell_acc=99.27%, puzzle_acc=76.60%
  eval_avg_halt_step: 1.40
  per_H_acc: ['H0=87.5%', 'H1=89.6%', 'H2=97.7%']
  H_cos: ['0.801', '0.934']
  z_H_delta: ['21.875', '18.875']
  cells: fixed=[10105, 19528] broken=[5668, 2693]
  per_ACT_cell_acc: ['H1=87.5%', 'H2=89.6%', 'H3=97.7%', 'H4=98.3%', 'H5=98.5%', 'H6=98.6%', 'H7=98.6%', 'H8=98.6%', 'H9=98.5%', 'H10=98.4%', 'H11=98.3%', 'H12=98.2%', 'H13=98.2%', 'H14=98.1%', 'H15=98.0%', 'H16=98.0%']
  per_ACT_puzzle_acc: ['H1=0.0%', 'H2=0.0%', 'H3=12.1%', 'H4=33.2%', 'H5=40.9%', 'H6=49.1%', 'H7=49.6%', 'H8=48.7%', 'H9=43.5%', 'H10=40.1%', 'H11=41.4%', 'H12=38.4%', 'H13=35.3%', 'H14=33.6%', 'H15=35.3%', 'H16=31.9%']
  mean_sigmoid_q_halt: ['0.883', '0.906', '0.295', '0.555', '0.680', '0.672', '0.785', '0.770', '0.734', '0.723', '0.770', '0.746', '0.676', '0.711', '0.719', '0.688']
  halt_rates: ['1.00', '1.00', '0.21', '0.53', '0.72', '0.75', '0.80', '0.80', '0.80', '0.78', '0.79', '0.80', '0.73', '0.75', '0.76', '0.75']
  halt_histogram %: [75.5, 19.0, 2.9, 0.7, 0.3, 0.2, 0.1, 0.1, 0.1, 0.1, 0.1, 0.0, 0.0, 0.0, 0.0, 0.9]
  Avg ACT steps (last 100): 1.23
  saved: /home/jvdillon/projects/sic/code/maze/ckpts/x002b/step12000.pt acc=99.27% (0.055s)
Step 12000  Test 99.27% / 76.60%  Train lm=0.7188±0.0022ϵ[0.7188,0.7383] n_halted=148.0720±22.5288ϵ[0.0000,168.0000]  (27.717s / 238.826s)
  n_active=176.0000±0.0000ϵ[176.0000,176.0000] n_expunged=0.0000±0.0000ϵ[0.0000,0.0000] pool_util=1.0000±0.0000ϵ[1.0000,1.0000]
  cell_acc=98.84%, puzzle_acc=64.50%
  eval_avg_halt_step: 2.44
  per_H_acc: ['H0=87.4%', 'H1=87.7%', 'H2=95.9%']
  H_cos: ['0.934', '0.953']
  z_H_delta: ['22.125', '15.625']
  cells: fixed=[656, 20305] broken=[101, 3091]
  per_ACT_cell_acc: ['H1=87.4%', 'H2=87.7%', 'H3=95.9%', 'H4=96.9%', 'H5=96.6%', 'H6=96.1%', 'H7=96.0%', 'H8=95.6%', 'H9=95.1%', 'H10=94.7%', 'H11=94.3%', 'H12=93.8%', 'H13=93.4%', 'H14=93.0%', 'H15=92.5%', 'H16=92.0%']
  per_ACT_puzzle_acc: ['H1=0.0%', 'H2=0.0%', 'H3=1.7%', 'H4=11.6%', 'H5=10.3%', 'H6=10.3%', 'H7=10.8%', 'H8=9.5%', 'H9=7.3%', 'H10=6.9%', 'H11=6.9%', 'H12=6.5%', 'H13=6.9%', 'H14=6.5%', 'H15=5.6%', 'H16=5.2%']
  mean_sigmoid_q_halt: ['0.412', '0.941', '0.087', '0.180', '0.239', '0.211', '0.270', '0.277', '0.268', '0.289', '0.293', '0.258', '0.250', '0.249', '0.235', '0.227']
  halt_rates: ['0.13', '1.00', '0.02', '0.13', '0.20', '0.17', '0.27', '0.28', '0.28', '0.28', '0.31', '0.26', '0.25', '0.24', '0.24', '0.21']
  halt_histogram %: [76.0, 18.7, 2.8, 0.7, 0.3, 0.2, 0.1, 0.1, 0.1, 0.1, 0.0, 0.0, 0.0, 0.0, 0.0, 0.8]
  Avg ACT steps (last 100): 1.10
  saved: /home/jvdillon/projects/sic/code/maze/ckpts/x002b/step12500.pt acc=98.84% (0.056s)
Step 12500  Test 98.84% / 64.50%  Train lm=0.7188±0.0011ϵ[0.7188,0.7227] n_halted=149.9140±7.8507ϵ[113.0000,168.0000]  (27.719s / 238.667s)
  n_active=176.0000±0.0000ϵ[176.0000,176.0000] n_expunged=0.0000±0.0000ϵ[0.0000,0.0000] pool_util=1.0000±0.0000ϵ[1.0000,1.0000]
  cell_acc=99.27%, puzzle_acc=76.70%
  eval_avg_halt_step: 1.88
  per_H_acc: ['H0=87.4%', 'H1=91.5%', 'H2=97.6%']
  H_cos: ['0.879', '0.957']
  z_H_delta: ['23.125', '19.625']
  cells: fixed=[12298, 15465] broken=[3782, 2655]
  per_ACT_cell_acc: ['H1=87.4%', 'H2=91.5%', 'H3=97.6%', 'H4=98.1%', 'H5=98.1%', 'H6=98.0%', 'H7=97.9%', 'H8=97.9%', 'H9=97.8%', 'H10=97.8%', 'H11=97.7%', 'H12=97.7%', 'H13=97.6%', 'H14=97.5%', 'H15=97.5%', 'H16=97.4%']
  per_ACT_puzzle_acc: ['H1=0.0%', 'H2=0.0%', 'H3=5.6%', 'H4=7.3%', 'H5=3.9%', 'H6=4.3%', 'H7=4.3%', 'H8=4.3%', 'H9=3.4%', 'H10=3.4%', 'H11=3.4%', 'H12=3.4%', 'H13=3.0%', 'H14=3.0%', 'H15=3.0%', 'H16=3.0%']
  mean_sigmoid_q_halt: ['0.408', '0.859', '0.134', '0.326', '0.455', '0.527', '0.555', '0.598', '0.605', '0.570', '0.535', '0.523', '0.520', '0.520', '0.508', '0.498']
  halt_rates: ['0.00', '1.00', '0.09', '0.31', '0.48', '0.57', '0.60', '0.66', '0.69', '0.67', '0.64', '0.63', '0.63', '0.61', '0.59', '0.58']
  halt_histogram %: [76.4, 18.4, 2.8, 0.6, 0.3, 0.2, 0.1, 0.1, 0.1, 0.1, 0.0, 0.0, 0.0, 0.0, 0.0, 0.8]
  Avg ACT steps (last 100): 1.19
  saved: /home/jvdillon/projects/sic/code/maze/ckpts/x002b/step13000.pt acc=99.27% (0.056s)
Step 13000  Test 99.27% / 76.70%  Train lm=0.7188±0.0011ϵ[0.7188,0.7227] n_halted=149.8200±6.6814ϵ[108.0000,165.0000]  (27.718s / 238.712s)
  n_active=176.0000±0.0000ϵ[176.0000,176.0000] n_expunged=0.0000±0.0000ϵ[0.0000,0.0000] pool_util=1.0000±0.0000ϵ[1.0000,1.0000]
  cell_acc=99.02%, puzzle_acc=67.00%
  eval_avg_halt_step: 1.53
  per_H_acc: ['H0=87.1%', 'H1=87.6%', 'H2=97.0%']
  H_cos: ['0.871', '0.934']
  z_H_delta: ['24.875', '17.875']
  cells: fixed=[1486, 24485] broken=[307, 4943]
  per_ACT_cell_acc: ['H1=87.1%', 'H2=87.6%', 'H3=97.0%', 'H4=98.4%', 'H5=98.6%', 'H6=98.6%', 'H7=98.6%', 'H8=98.6%', 'H9=98.6%', 'H10=98.5%', 'H11=98.5%', 'H12=98.5%', 'H13=98.4%', 'H14=98.4%', 'H15=98.3%', 'H16=98.2%']
  per_ACT_puzzle_acc: ['H1=0.0%', 'H2=0.0%', 'H3=2.2%', 'H4=24.1%', 'H5=28.0%', 'H6=27.2%', 'H7=26.3%', 'H8=25.9%', 'H9=23.7%', 'H10=22.8%', 'H11=21.6%', 'H12=21.6%', 'H13=21.6%', 'H14=20.3%', 'H15=19.0%', 'H16=18.5%']
  mean_sigmoid_q_halt: ['0.641', '0.973', '0.119', '0.559', '0.746', '0.820', '0.848', '0.848', '0.832', '0.809', '0.797', '0.758', '0.742', '0.719', '0.707', '0.680']
  halt_rates: ['1.00', '1.00', '0.04', '0.55', '0.75', '0.85', '0.88', '0.88', '0.86', '0.83', '0.81', '0.78', '0.75', '0.73', '0.71', '0.67']
  halt_histogram %: [76.8, 18.2, 2.7, 0.6, 0.3, 0.2, 0.1, 0.1, 0.1, 0.1, 0.0, 0.0, 0.0, 0.0, 0.0, 0.8]
  Avg ACT steps (last 100): 1.15
  saved: /home/jvdillon/projects/sic/code/maze/ckpts/x002b/step13500.pt acc=99.02% (0.055s)
Step 13500  Test 99.02% / 67.00%  Train lm=0.7188±0.0011ϵ[0.7188,0.7227] n_halted=149.3300±8.8198ϵ[90.0000,166.0000]  (27.722s / 238.791s)
  n_active=176.0000±0.0000ϵ[176.0000,176.0000] n_expunged=0.0000±0.0000ϵ[0.0000,0.0000] pool_util=1.0000±0.0000ϵ[1.0000,1.0000]
  cell_acc=99.31%, puzzle_acc=79.90%
  eval_avg_halt_step: 1.28
  per_H_acc: ['H0=87.4%', 'H1=93.1%', 'H2=98.1%']
  H_cos: ['0.895', '0.969']
  z_H_delta: ['23.375', '15.000']
  cells: fixed=[18761, 11837] broken=[6698, 1418]
  per_ACT_cell_acc: ['H1=87.4%', 'H2=93.1%', 'H3=98.1%', 'H4=98.5%', 'H5=98.5%', 'H6=98.5%', 'H7=98.4%', 'H8=98.4%', 'H9=98.4%', 'H10=98.4%', 'H11=98.3%', 'H12=98.3%', 'H13=98.3%', 'H14=98.2%', 'H15=98.2%', 'H16=98.2%']
  per_ACT_puzzle_acc: ['H1=0.0%', 'H2=0.0%', 'H3=19.8%', 'H4=37.9%', 'H5=38.8%', 'H6=37.9%', 'H7=35.3%', 'H8=34.1%', 'H9=33.6%', 'H10=31.0%', 'H11=30.2%', 'H12=29.3%', 'H13=26.3%', 'H14=26.7%', 'H15=27.2%', 'H16=27.2%']
  mean_sigmoid_q_halt: ['0.898', '0.420', '0.400', '0.520', '0.555', '0.535', '0.555', '0.543', '0.578', '0.570', '0.512', '0.473', '0.451', '0.447', '0.447', '0.441']
  halt_rates: ['1.00', '0.22', '0.37', '0.51', '0.61', '0.62', '0.63', '0.63', '0.65', '0.65', '0.55', '0.45', '0.36', '0.33', '0.31', '0.29']
  halt_histogram %: [77.2, 17.9, 2.6, 0.6, 0.3, 0.2, 0.1, 0.1, 0.1, 0.1, 0.0, 0.0, 0.0, 0.0, 0.0, 0.7]
  Avg ACT steps (last 100): 1.11
  saved: /home/jvdillon/projects/sic/code/maze/ckpts/x002b/step14000.pt acc=99.31% (0.056s)
  saved: /home/jvdillon/projects/sic/code/maze/ckpts/x002b/best.pt acc=99.31% (0.135s)
Step 14000  Test 99.31% / 79.90%  Train lm=0.7188±0.0015ϵ[0.7188,0.7305] n_halted=148.9260±16.9396ϵ[38.0000,165.0000]  (27.799s / 238.831s)
  n_active=176.0000±0.0000ϵ[176.0000,176.0000] n_expunged=0.0000±0.0000ϵ[0.0000,0.0000] pool_util=1.0000±0.0000ϵ[1.0000,1.0000]
  cell_acc=99.30%, puzzle_acc=78.80%
  eval_avg_halt_step: 1.54
  per_H_acc: ['H0=87.4%', 'H1=83.1%', 'H2=96.6%']
  H_cos: ['0.918', '0.934']
  z_H_delta: ['22.250', '20.375']
  cells: fixed=[21462, 30687] broken=[30514, 2337]
  per_ACT_cell_acc: ['H1=87.4%', 'H2=83.1%', 'H3=96.6%', 'H4=97.0%', 'H5=97.7%', 'H6=97.7%', 'H7=97.7%', 'H8=97.8%', 'H9=97.8%', 'H10=97.8%', 'H11=97.7%', 'H12=97.7%', 'H13=97.8%', 'H14=97.8%', 'H15=97.7%', 'H16=97.8%']
  per_ACT_puzzle_acc: ['H1=0.0%', 'H2=0.0%', 'H3=6.9%', 'H4=6.9%', 'H5=12.9%', 'H6=25.4%', 'H7=22.8%', 'H8=34.5%', 'H9=31.9%', 'H10=25.4%', 'H11=37.9%', 'H12=25.4%', 'H13=33.6%', 'H14=33.2%', 'H15=25.0%', 'H16=36.2%']
  mean_sigmoid_q_halt: ['0.934', '0.381', '0.181', '0.109', '0.186', '0.418', '0.350', '0.482', '0.443', '0.311', '0.520', '0.377', '0.492', '0.469', '0.398', '0.531']
  halt_rates: ['1.00', '0.00', '0.11', '0.04', '0.08', '0.44', '0.31', '0.46', '0.46', '0.26', '0.54', '0.36', '0.50', '0.48', '0.38', '0.56']
  halt_histogram %: [77.6, 17.7, 2.6, 0.6, 0.3, 0.2, 0.1, 0.1, 0.1, 0.1, 0.0, 0.0, 0.0, 0.0, 0.0, 0.7]
  Avg ACT steps (last 100): 1.10
  saved: /home/jvdillon/projects/sic/code/maze/ckpts/x002b/step14500.pt acc=99.30% (0.056s)
Step 14500  Test 99.30% / 78.80%  Train lm=0.7188±0.0025ϵ[0.7188,0.7539] n_halted=150.9100±12.0979ϵ[3.0000,165.0000]  (27.717s / 238.745s)
  n_active=176.0000±0.0000ϵ[176.0000,176.0000] n_expunged=0.0000±0.0000ϵ[0.0000,0.0000] pool_util=1.0000±0.0000ϵ[1.0000,1.0000]
  cell_acc=99.37%, puzzle_acc=78.00%
  eval_avg_halt_step: 1.43
  per_H_acc: ['H0=87.1%', 'H1=88.6%', 'H2=98.7%']
  H_cos: ['0.828', '0.941']
  z_H_delta: ['23.250', '15.875']
  cells: fixed=[13224, 22255] broken=[10031, 1307]
  per_ACT_cell_acc: ['H1=87.1%', 'H2=88.6%', 'H3=98.7%', 'H4=99.0%', 'H5=99.0%', 'H6=99.0%', 'H7=98.9%', 'H8=98.8%', 'H9=98.7%', 'H10=98.6%', 'H11=98.4%', 'H12=98.3%', 'H13=98.2%', 'H14=98.0%', 'H15=97.9%', 'H16=97.8%']
  per_ACT_puzzle_acc: ['H1=0.0%', 'H2=0.0%', 'H3=33.6%', 'H4=57.3%', 'H5=59.5%', 'H6=52.2%', 'H7=40.9%', 'H8=27.6%', 'H9=16.4%', 'H10=9.1%', 'H11=5.6%', 'H12=2.6%', 'H13=1.3%', 'H14=0.9%', 'H15=0.9%', 'H16=0.4%']
  mean_sigmoid_q_halt: ['0.941', '0.977', '0.543', '0.668', '0.691', '0.676', '0.719', '0.684', '0.652', '0.707', '0.711', '0.664', '0.656', '0.688', '0.668', '0.637']
  halt_rates: ['1.00', '1.00', '0.52', '0.70', '0.72', '0.68', '0.74', '0.71', '0.65', '0.74', '0.75', '0.70', '0.65', '0.69', '0.69', '0.66']
  halt_histogram %: [77.9, 17.5, 2.5, 0.6, 0.2, 0.1, 0.1, 0.1, 0.1, 0.1, 0.0, 0.0, 0.0, 0.0, 0.0, 0.7]
  Avg ACT steps (last 100): 1.18
  saved: /home/jvdillon/projects/sic/code/maze/ckpts/x002b/step15000.pt acc=99.37% (0.056s)
  saved: /home/jvdillon/projects/sic/code/maze/ckpts/x002b/best.pt acc=99.37% (0.136s)
Step 15000  Test 99.37% / 78.00%  Train lm=0.7188±0.0013ϵ[0.7188,0.7305] n_halted=150.7000±9.1650ϵ[95.0000,167.0000]  (27.800s / 238.901s)
  n_active=176.0000±0.0000ϵ[176.0000,176.0000] n_expunged=0.0000±0.0000ϵ[0.0000,0.0000] pool_util=1.0000±0.0000ϵ[1.0000,1.0000]
  cell_acc=99.36%, puzzle_acc=81.00%
  eval_avg_halt_step: 1.29
  per_H_acc: ['H0=87.3%', 'H1=83.0%', 'H2=98.0%']
  H_cos: ['0.926', '0.934']
  z_H_delta: ['21.500', '14.562']
  cells: fixed=[18021, 32612] broken=[26882, 1353]
  per_ACT_cell_acc: ['H1=87.3%', 'H2=83.0%', 'H3=98.0%', 'H4=98.3%', 'H5=98.4%', 'H6=98.4%', 'H7=98.6%', 'H8=98.5%', 'H9=98.3%', 'H10=98.5%', 'H11=98.4%', 'H12=98.2%', 'H13=98.3%', 'H14=98.4%', 'H15=98.2%', 'H16=98.1%']
  per_ACT_puzzle_acc: ['H1=0.0%', 'H2=0.0%', 'H3=28.4%', 'H4=26.3%', 'H5=22.8%', 'H6=33.2%', 'H7=42.2%', 'H8=32.8%', 'H9=25.0%', 'H10=39.7%', 'H11=33.2%', 'H12=22.4%', 'H13=26.3%', 'H14=27.2%', 'H15=19.0%', 'H16=20.7%']
  mean_sigmoid_q_halt: ['0.938', '0.969', '0.439', '0.443', '0.359', '0.404', '0.602', '0.551', '0.311', '0.586', '0.547', '0.426', '0.445', '0.578', '0.498', '0.408']
  halt_rates: ['1.00', '1.00', '0.39', '0.41', '0.32', '0.38', '0.57', '0.53', '0.25', '0.58', '0.54', '0.39', '0.45', '0.55', '0.46', '0.37']
  halt_histogram %: [78.2, 17.2, 2.5, 0.6, 0.2, 0.1, 0.1, 0.1, 0.1, 0.1, 0.0, 0.0, 0.0, 0.0, 0.0, 0.7]
  Avg ACT steps (last 100): 1.16
  saved: /home/jvdillon/projects/sic/code/maze/ckpts/x002b/step15500.pt acc=99.36% (0.058s)
Step 15500  Test 99.36% / 81.00%  Train lm=0.7188±0.0014ϵ[0.7188,0.7344] n_halted=150.9240±9.8387ϵ[74.0000,169.0000]  (27.723s / 238.887s)
  n_active=176.0000±0.0000ϵ[176.0000,176.0000] n_expunged=0.0000±0.0000ϵ[0.0000,0.0000] pool_util=1.0000±0.0000ϵ[1.0000,1.0000]
  cell_acc=99.13%, puzzle_acc=70.60%
  eval_avg_halt_step: 2.19
  per_H_acc: ['H0=68.2%', 'H1=91.4%', 'H2=98.0%']
  H_cos: ['0.918', '0.969']
  z_H_delta: ['22.125', '15.188']
  cells: fixed=[56902, 15673] broken=[8461, 1882]
  per_ACT_cell_acc: ['H1=68.2%', 'H2=91.4%', 'H3=98.0%', 'H4=98.6%', 'H5=98.7%', 'H6=98.6%', 'H7=98.4%', 'H8=98.2%', 'H9=98.1%', 'H10=97.8%', 'H11=97.5%', 'H12=97.3%', 'H13=97.1%', 'H14=96.9%', 'H15=96.6%', 'H16=96.4%']
  per_ACT_puzzle_acc: ['H1=0.0%', 'H2=0.0%', 'H3=17.7%', 'H4=42.2%', 'H5=50.4%', 'H6=49.6%', 'H7=46.1%', 'H8=42.2%', 'H9=33.6%', 'H10=22.4%', 'H11=15.5%', 'H12=10.3%', 'H13=8.2%', 'H14=4.3%', 'H15=2.6%', 'H16=2.6%']
  mean_sigmoid_q_halt: ['0.984', '0.178', '0.179', '0.465', '0.582', '0.629', '0.645', '0.645', '0.652', '0.625', '0.605', '0.602', '0.602', '0.586', '0.586', '0.586']
  halt_rates: ['1.00', '0.00', '0.11', '0.49', '0.62', '0.67', '0.67', '0.68', '0.69', '0.67', '0.64', '0.64', '0.65', '0.60', '0.62', '0.62']
  halt_histogram %: [78.4, 17.1, 2.5, 0.6, 0.2, 0.1, 0.1, 0.1, 0.1, 0.1, 0.0, 0.0, 0.0, 0.0, 0.0, 0.6]
  Avg ACT steps (last 100): 1.11
  saved: /home/jvdillon/projects/sic/code/maze/ckpts/x002b/step16000.pt acc=99.13% (0.055s)
Step 16000  Test 99.13% / 70.60%  Train lm=0.7188±0.0055ϵ[0.7188,0.7656] n_halted=138.5340±32.6346ϵ[0.0000,164.0000]  (27.722s / 238.854s)
  n_active=176.0000±0.0000ϵ[176.0000,176.0000] n_expunged=0.0000±0.0000ϵ[0.0000,0.0000] pool_util=1.0000±0.0000ϵ[1.0000,1.0000]
