Adam params: ('embed_tokens.weight', 'head.weight', 'head.bias', 'q_head.weight', 'q_head.bias', 'puzzle_id_embed.weight')
Muon 2D params: ('reasoning.0.attn.o_proj.weight', 'reasoning.0.mlp.up_proj.weight', 'reasoning.0.mlp.down_proj.weight', 'reasoning.1.attn.o_proj.weight', 'reasoning.1.mlp.up_proj.weight', 'reasoning.1.mlp.down_proj.weight')
Muon 3D params (ensemble_dims=1): ('reasoning.0.attn.qkv_proj.weight', 'reasoning.1.attn.qkv_proj.weight')
Saved step 0 checkpoint with RNG: /home/jvdillon/projects/sic/code/maze/ckpts/x005/step00000_rng.pt
  cell_acc=89.81%, puzzle_acc=0.00%
  eval_avg_halt_step: 16.00
  per_H_acc: ['H0=61.9%', 'H1=87.5%', 'H2=87.5%']
  H_cos: ['0.566', '0.918']
  z_H_delta: ['21.125', '12.062']
  cells: fixed=[53493, 30] broken=[0, 10]
  per_ACT_cell_acc: ['H1=61.9%', 'H2=87.5%', 'H3=87.5%', 'H4=88.5%', 'H5=89.0%', 'H6=89.4%', 'H7=89.7%', 'H8=89.8%', 'H9=89.9%', 'H10=89.9%', 'H11=89.9%', 'H12=89.9%', 'H13=89.9%', 'H14=89.8%', 'H15=89.8%', 'H16=89.9%']
  per_ACT_puzzle_acc: ['H1=0.0%', 'H2=0.0%', 'H3=0.0%', 'H4=0.0%', 'H5=0.0%', 'H6=0.0%', 'H7=0.0%', 'H8=0.0%', 'H9=0.0%', 'H10=0.0%', 'H11=0.0%', 'H12=0.0%', 'H13=0.0%', 'H14=0.0%', 'H15=0.0%', 'H16=0.0%']
  mean_sigmoid_q_halt: ['0.001', '0.000', '0.000', '0.000', '0.000', '0.000', '0.000', '0.000', '0.000', '0.000', '0.000', '0.000', '0.000', '0.000', '0.000', '0.000']
  halt_rates: ['0.00', '0.00', '0.00', '0.00', '0.00', '0.00', '0.00', '0.00', '0.00', '0.00', '0.00', '0.00', '0.00', '0.00', '0.00', '0.00']
  halt_histogram %: [0.0, 0.0, 0.0, 0.0, 0.0, 0.0, 0.0, 0.0, 0.0, 0.0, 0.0, 0.0, 0.0, 0.0, 0.0, 100.0]
  Avg ACT steps (last 100): 16.00
  saved: /home/jvdillon/projects/sic/code/maze/ckpts/x005/step00500.pt acc=89.81% (0.059s)
  saved: /home/jvdillon/projects/sic/code/maze/ckpts/x005/best.pt acc=89.81% (0.113s)
Step   500  Test 89.81% /  0.00%  Train lm=1.0773±0.0956ϵ[0.8961,1.9326] n_halted=7.9360±30.8988ϵ[0.0000,128.0000]  (36.993s / 185.819s)
  n_active=128.0000±0.0000ϵ[128.0000,128.0000] n_expunged=0.0000±0.0000ϵ[0.0000,0.0000] pool_util=1.0000±0.0000ϵ[1.0000,1.0000]
  cell_acc=97.52%, puzzle_acc=33.90%
  eval_avg_halt_step: 7.19
  per_H_acc: ['H0=87.5%', 'H1=87.5%', 'H2=94.2%']
  H_cos: ['0.758', '0.910']
  z_H_delta: ['23.375', '15.688']
  cells: fixed=[68, 18912] broken=[15, 4986]
  per_ACT_cell_acc: ['H1=87.5%', 'H2=87.5%', 'H3=94.2%', 'H4=95.8%', 'H5=96.8%', 'H6=97.1%', 'H7=97.3%', 'H8=97.4%', 'H9=97.5%', 'H10=97.5%', 'H11=97.4%', 'H12=97.5%', 'H13=97.5%', 'H14=97.5%', 'H15=97.5%', 'H16=97.5%']
  per_ACT_puzzle_acc: ['H1=0.0%', 'H2=0.0%', 'H3=0.0%', 'H4=0.9%', 'H5=6.0%', 'H6=16.8%', 'H7=22.4%', 'H8=27.2%', 'H9=31.0%', 'H10=31.9%', 'H11=33.6%', 'H12=33.2%', 'H13=34.9%', 'H14=34.9%', 'H15=34.9%', 'H16=34.5%']
  mean_sigmoid_q_halt: ['0.002', '0.000', '0.000', '0.015', '0.065', '0.149', '0.233', '0.303', '0.354', '0.383', '0.402', '0.414', '0.439', '0.451', '0.459', '0.469']
  halt_rates: ['0.00', '0.00', '0.00', '0.00', '0.03', '0.12', '0.22', '0.29', '0.37', '0.40', '0.44', '0.45', '0.47', '0.48', '0.50', '0.50']
  halt_histogram %: [0.0, 5.1, 13.5, 10.9, 7.6, 5.0, 3.6, 2.4, 2.0, 1.3, 1.3, 1.2, 0.5, 1.6, 0.4, 43.5]
  Avg ACT steps (last 100): 3.26
  saved: /home/jvdillon/projects/sic/code/maze/ckpts/x005/step01000.pt acc=97.52% (0.059s)
  saved: /home/jvdillon/projects/sic/code/maze/ckpts/x005/best.pt acc=97.52% (0.138s)
Step  1000  Test 97.52% / 33.90%  Train lm=0.8317±0.0626ϵ[0.7537,1.0041] n_halted=17.6840±23.8726ϵ[0.0000,128.0000]  (28.369s / 177.370s)
  n_active=128.0000±0.0000ϵ[128.0000,128.0000] n_expunged=0.0000±0.0000ϵ[0.0000,0.0000] pool_util=1.0000±0.0000ϵ[1.0000,1.0000]
  cell_acc=98.36%, puzzle_acc=50.20%
  eval_avg_halt_step: 2.98
  per_H_acc: ['H0=87.5%', 'H1=88.3%', 'H2=97.0%']
  H_cos: ['0.855', '0.902']
  z_H_delta: ['20.750', '15.562']
  cells: fixed=[4392, 21172] broken=[2705, 3036]
  per_ACT_cell_acc: ['H1=87.5%', 'H2=88.3%', 'H3=97.0%', 'H4=97.7%', 'H5=98.0%', 'H6=98.2%', 'H7=98.2%', 'H8=98.2%', 'H9=98.2%', 'H10=98.2%', 'H11=98.3%', 'H12=98.3%', 'H13=98.3%', 'H14=98.3%', 'H15=98.3%', 'H16=98.3%']
  per_ACT_puzzle_acc: ['H1=0.0%', 'H2=0.0%', 'H3=3.9%', 'H4=21.6%', 'H5=34.5%', 'H6=42.2%', 'H7=44.8%', 'H8=46.6%', 'H9=47.0%', 'H10=47.4%', 'H11=47.4%', 'H12=47.4%', 'H13=47.4%', 'H14=47.8%', 'H15=47.8%', 'H16=47.0%']
  mean_sigmoid_q_halt: ['0.002', '0.022', '0.136', '0.395', '0.578', '0.727', '0.789', '0.824', '0.836', '0.855', '0.859', '0.867', '0.879', '0.887', '0.887', '0.887']
  halt_rates: ['0.00', '0.00', '0.05', '0.34', '0.57', '0.75', '0.78', '0.83', '0.84', '0.85', '0.86', '0.88', '0.89', '0.89', '0.89', '0.89']
  halt_histogram %: [1.4, 45.1, 18.1, 7.7, 4.3, 2.5, 1.7, 1.1, 0.9, 0.6, 0.5, 0.5, 0.2, 0.6, 0.1, 14.8]
  Avg ACT steps (last 100): 1.98
  saved: /home/jvdillon/projects/sic/code/maze/ckpts/x005/step01500.pt acc=98.36% (0.055s)
  saved: /home/jvdillon/projects/sic/code/maze/ckpts/x005/best.pt acc=98.36% (0.134s)
Step  1500  Test 98.36% / 50.20%  Train lm=0.7433±0.0121ϵ[0.7260,0.7844] n_halted=50.0060±13.9923ϵ[1.0000,84.0000]  (28.367s / 177.483s)
  n_active=128.0000±0.0000ϵ[128.0000,128.0000] n_expunged=0.0000±0.0000ϵ[0.0000,0.0000] pool_util=1.0000±0.0000ϵ[1.0000,1.0000]
  cell_acc=98.26%, puzzle_acc=52.80%
  eval_avg_halt_step: 4.62
  per_H_acc: ['H0=87.4%', 'H1=88.9%', 'H2=97.2%']
  H_cos: ['0.770', '0.871']
  z_H_delta: ['22.000', '16.875']
  cells: fixed=[9181, 20199] broken=[6147, 2852]
  per_ACT_cell_acc: ['H1=87.4%', 'H2=88.9%', 'H3=97.2%', 'H4=97.9%', 'H5=98.1%', 'H6=98.2%', 'H7=98.2%', 'H8=98.2%', 'H9=98.2%', 'H10=98.2%', 'H11=98.3%', 'H12=98.2%', 'H13=98.2%', 'H14=98.2%', 'H15=98.2%', 'H16=98.2%']
  per_ACT_puzzle_acc: ['H1=0.0%', 'H2=0.0%', 'H3=6.9%', 'H4=27.2%', 'H5=38.4%', 'H6=43.1%', 'H7=47.0%', 'H8=47.4%', 'H9=49.1%', 'H10=48.7%', 'H11=49.1%', 'H12=50.0%', 'H13=49.6%', 'H14=50.9%', 'H15=50.9%', 'H16=50.9%']
  mean_sigmoid_q_halt: ['0.006', '0.005', '0.146', '0.414', '0.520', '0.598', '0.621', '0.648', '0.676', '0.688', '0.684', '0.691', '0.688', '0.691', '0.699', '0.695']
  halt_rates: ['0.00', '0.00', '0.07', '0.38', '0.50', '0.59', '0.62', '0.65', '0.68', '0.69', '0.68', '0.70', '0.69', '0.68', '0.71', '0.70']
  halt_histogram %: [9.2, 55.5, 14.5, 5.1, 2.6, 1.5, 1.0, 0.7, 0.5, 0.3, 0.3, 0.3, 0.1, 0.3, 0.1, 8.0]
  Avg ACT steps (last 100): 1.87
  saved: /home/jvdillon/projects/sic/code/maze/ckpts/x005/step02000.pt acc=98.26% (0.057s)
Step  2000  Test 98.26% / 52.80%  Train lm=0.7291±0.0033ϵ[0.7224,0.7435] n_halted=63.4340±10.9880ϵ[13.0000,101.0000]  (28.297s / 177.528s)
  n_active=128.0000±0.0000ϵ[128.0000,128.0000] n_expunged=0.0000±0.0000ϵ[0.0000,0.0000] pool_util=1.0000±0.0000ϵ[1.0000,1.0000]
  cell_acc=98.76%, puzzle_acc=64.00%
  eval_avg_halt_step: 2.52
  per_H_acc: ['H0=87.5%', 'H1=87.9%', 'H2=97.7%']
  H_cos: ['0.410', '0.883']
  z_H_delta: ['23.000', '20.000']
  cells: fixed=[2013, 22543] broken=[1086, 2236]
  per_ACT_cell_acc: ['H1=87.5%', 'H2=87.9%', 'H3=97.7%', 'H4=98.2%', 'H5=98.5%', 'H6=98.5%', 'H7=98.5%', 'H8=98.6%', 'H9=98.6%', 'H10=98.6%', 'H11=98.6%', 'H12=98.6%', 'H13=98.6%', 'H14=98.7%', 'H15=98.6%', 'H16=98.7%']
  per_ACT_puzzle_acc: ['H1=0.0%', 'H2=0.0%', 'H3=14.7%', 'H4=39.2%', 'H5=53.0%', 'H6=57.8%', 'H7=61.2%', 'H8=62.9%', 'H9=64.2%', 'H10=64.7%', 'H11=64.2%', 'H12=64.2%', 'H13=64.2%', 'H14=64.7%', 'H15=63.8%', 'H16=64.2%']
  mean_sigmoid_q_halt: ['0.008', '0.656', '0.227', '0.504', '0.684', '0.777', '0.828', '0.852', '0.875', '0.879', '0.891', '0.891', '0.898', '0.895', '0.898', '0.898']
  halt_rates: ['0.00', '0.98', '0.16', '0.51', '0.70', '0.81', '0.86', '0.88', '0.91', '0.91', '0.91', '0.91', '0.94', '0.92', '0.93', '0.94']
  halt_histogram %: [17.1, 56.2, 12.2, 3.8, 1.8, 1.0, 0.7, 0.5, 0.3, 0.2, 0.2, 0.2, 0.1, 0.2, 0.1, 5.3]
  Avg ACT steps (last 100): 1.60
  saved: /home/jvdillon/projects/sic/code/maze/ckpts/x005/step02500.pt acc=98.76% (0.055s)
  saved: /home/jvdillon/projects/sic/code/maze/ckpts/x005/best.pt acc=98.76% (0.136s)
Step  2500  Test 98.76% / 64.00%  Train lm=0.7260±0.0028ϵ[0.7210,0.7455] n_halted=70.6760±12.1808ϵ[33.0000,100.0000]  (28.300s / 177.461s)
  n_active=128.0000±0.0000ϵ[128.0000,128.0000] n_expunged=0.0000±0.0000ϵ[0.0000,0.0000] pool_util=1.0000±0.0000ϵ[1.0000,1.0000]
  cell_acc=98.98%, puzzle_acc=70.60%
  eval_avg_halt_step: 2.10
  per_H_acc: ['H0=86.3%', 'H1=88.2%', 'H2=98.1%']
  H_cos: ['0.586', '0.855']
  z_H_delta: ['25.875', '19.750']
  cells: fixed=[8979, 22562] broken=[5145, 1818]
  per_ACT_cell_acc: ['H1=86.3%', 'H2=88.2%', 'H3=98.1%', 'H4=98.6%', 'H5=98.9%', 'H6=99.0%', 'H7=99.0%', 'H8=99.0%', 'H9=99.0%', 'H10=99.0%', 'H11=99.0%', 'H12=99.1%', 'H13=99.0%', 'H14=99.0%', 'H15=99.0%', 'H16=99.0%']
  per_ACT_puzzle_acc: ['H1=0.0%', 'H2=0.0%', 'H3=23.7%', 'H4=50.9%', 'H5=63.8%', 'H6=68.5%', 'H7=70.3%', 'H8=71.1%', 'H9=71.6%', 'H10=71.1%', 'H11=71.6%', 'H12=71.1%', 'H13=71.1%', 'H14=71.6%', 'H15=71.6%', 'H16=71.6%']
  mean_sigmoid_q_halt: ['0.011', '0.555', '0.369', '0.621', '0.812', '0.898', '0.930', '0.949', '0.953', '0.957', '0.957', '0.957', '0.965', '0.965', '0.965', '0.961']
  halt_rates: ['0.00', '0.72', '0.31', '0.61', '0.83', '0.91', '0.94', '0.96', '0.97', '0.97', '0.97', '0.97', '0.98', '0.98', '0.97', '0.97']
  halt_histogram %: [28.6, 50.6, 10.2, 2.9, 1.4, 0.8, 0.5, 0.3, 0.2, 0.2, 0.1, 0.1, 0.1, 0.1, 0.0, 3.8]
  Avg ACT steps (last 100): 1.52
  saved: /home/jvdillon/projects/sic/code/maze/ckpts/x005/step03000.pt acc=98.98% (0.055s)
  saved: /home/jvdillon/projects/sic/code/maze/ckpts/x005/best.pt acc=98.98% (0.133s)
Step  3000  Test 98.98% / 70.60%  Train lm=0.7242±0.0027ϵ[0.7199,0.7334] n_halted=84.1580±11.9169ϵ[40.0000,110.0000]  (28.288s / 176.976s)
  n_active=128.0000±0.0000ϵ[128.0000,128.0000] n_expunged=0.0000±0.0000ϵ[0.0000,0.0000] pool_util=1.0000±0.0000ϵ[1.0000,1.0000]
  cell_acc=98.95%, puzzle_acc=69.30%
  eval_avg_halt_step: 2.28
  per_H_acc: ['H0=87.5%', 'H1=86.9%', 'H2=98.4%']
  H_cos: ['0.465', '0.812']
  z_H_delta: ['24.875', '19.875']
  cells: fixed=[11501, 25736] broken=[12852, 1710]
  per_ACT_cell_acc: ['H1=87.5%', 'H2=86.9%', 'H3=98.4%', 'H4=98.7%', 'H5=98.8%', 'H6=98.9%', 'H7=98.9%', 'H8=98.9%', 'H9=98.9%', 'H10=98.9%', 'H11=98.9%', 'H12=98.9%', 'H13=98.9%', 'H14=98.9%', 'H15=98.8%', 'H16=98.9%']
  per_ACT_puzzle_acc: ['H1=0.0%', 'H2=0.0%', 'H3=31.5%', 'H4=49.6%', 'H5=59.1%', 'H6=62.1%', 'H7=64.7%', 'H8=65.9%', 'H9=65.9%', 'H10=66.4%', 'H11=66.8%', 'H12=66.8%', 'H13=66.8%', 'H14=65.5%', 'H15=65.9%', 'H16=66.4%']
  mean_sigmoid_q_halt: ['0.020', '0.539', '0.441', '0.652', '0.750', '0.809', '0.832', '0.863', '0.875', '0.891', '0.895', '0.898', '0.898', '0.902', '0.906', '0.910']
  halt_rates: ['0.00', '0.66', '0.41', '0.64', '0.75', '0.81', '0.84', '0.88', '0.89', '0.89', '0.91', '0.91', '0.91', '0.91', '0.92', '0.92']
  halt_histogram %: [36.4, 46.3, 8.8, 2.4, 1.1, 0.6, 0.4, 0.3, 0.2, 0.1, 0.1, 0.1, 0.0, 0.1, 0.0, 2.9]
  Avg ACT steps (last 100): 1.25
  saved: /home/jvdillon/projects/sic/code/maze/ckpts/x005/step03500.pt acc=98.95% (0.054s)
Step  3500  Test 98.95% / 69.30%  Train lm=0.7233±0.0022ϵ[0.7194,0.7336] n_halted=88.1000±12.2116ϵ[45.0000,112.0000]  (28.228s / 177.048s)
  n_active=128.0000±0.0000ϵ[128.0000,128.0000] n_expunged=0.0000±0.0000ϵ[0.0000,0.0000] pool_util=1.0000±0.0000ϵ[1.0000,1.0000]
  cell_acc=99.09%, puzzle_acc=59.90%
  eval_avg_halt_step: 2.25
  per_H_acc: ['H0=86.9%', 'H1=87.2%', 'H2=98.5%']
  H_cos: ['0.551', '0.875']
  z_H_delta: ['27.250', '20.750']
  cells: fixed=[9395, 25184] broken=[8765, 1478]
  per_ACT_cell_acc: ['H1=86.9%', 'H2=87.2%', 'H3=98.5%', 'H4=98.9%', 'H5=99.1%', 'H6=99.2%', 'H7=99.2%', 'H8=99.2%', 'H9=99.3%', 'H10=99.3%', 'H11=99.3%', 'H12=99.3%', 'H13=99.3%', 'H14=99.2%', 'H15=99.3%', 'H16=99.3%']
  per_ACT_puzzle_acc: ['H1=0.0%', 'H2=0.0%', 'H3=30.6%', 'H4=55.2%', 'H5=65.9%', 'H6=71.1%', 'H7=74.1%', 'H8=73.3%', 'H9=72.0%', 'H10=71.1%', 'H11=67.2%', 'H12=67.2%', 'H13=66.4%', 'H14=64.7%', 'H15=65.5%', 'H16=65.1%']
  mean_sigmoid_q_halt: ['0.005', '0.910', '0.369', '0.633', '0.762', '0.824', '0.871', '0.898', '0.918', '0.926', '0.930', '0.930', '0.918', '0.918', '0.922', '0.918']
  halt_rates: ['0.00', '1.00', '0.30', '0.63', '0.78', '0.84', '0.89', '0.92', '0.95', '0.96', '0.97', '0.96', '0.94', '0.95', '0.95', '0.95']
  halt_histogram %: [42.7, 42.6, 7.7, 2.0, 0.9, 0.5, 0.3, 0.2, 0.2, 0.1, 0.1, 0.1, 0.0, 0.1, 0.0, 2.4]
  Avg ACT steps (last 100): 1.33
  saved: /home/jvdillon/projects/sic/code/maze/ckpts/x005/step04000.pt acc=99.09% (0.055s)
  saved: /home/jvdillon/projects/sic/code/maze/ckpts/x005/best.pt acc=99.09% (0.136s)
Step  4000  Test 99.09% / 59.90%  Train lm=0.7224±0.0020ϵ[0.7191,0.7311] n_halted=93.1780±12.3628ϵ[45.0000,119.0000]  (28.309s / 177.028s)
  n_active=128.0000±0.0000ϵ[128.0000,128.0000] n_expunged=0.0000±0.0000ϵ[0.0000,0.0000] pool_util=1.0000±0.0000ϵ[1.0000,1.0000]
  cell_acc=99.05%, puzzle_acc=72.80%
  eval_avg_halt_step: 1.83
  per_H_acc: ['H0=87.5%', 'H1=91.9%', 'H2=98.8%']
  H_cos: ['0.680', '0.906']
  z_H_delta: ['22.625', '20.125']
  cells: fixed=[18536, 15440] broken=[9436, 975]
  per_ACT_cell_acc: ['H1=87.5%', 'H2=91.9%', 'H3=98.8%', 'H4=99.0%', 'H5=99.0%', 'H6=99.0%', 'H7=99.0%', 'H8=99.1%', 'H9=99.1%', 'H10=99.1%', 'H11=99.1%', 'H12=99.1%', 'H13=99.1%', 'H14=99.0%', 'H15=99.0%', 'H16=99.0%']
  per_ACT_puzzle_acc: ['H1=0.0%', 'H2=0.0%', 'H3=42.2%', 'H4=62.1%', 'H5=68.5%', 'H6=69.8%', 'H7=70.7%', 'H8=71.6%', 'H9=72.4%', 'H10=72.8%', 'H11=72.8%', 'H12=72.8%', 'H13=72.8%', 'H14=72.8%', 'H15=73.3%', 'H16=73.3%']
  mean_sigmoid_q_halt: ['0.023', '0.598', '0.590', '0.781', '0.840', '0.883', '0.910', '0.930', '0.941', '0.949', '0.953', '0.953', '0.953', '0.953', '0.957', '0.957']
  halt_rates: ['0.00', '0.75', '0.56', '0.77', '0.84', '0.88', '0.91', '0.93', '0.95', '0.96', '0.96', '0.96', '0.96', '0.96', '0.97', '0.97']
  halt_histogram %: [49.0, 38.4, 6.8, 1.7, 0.8, 0.4, 0.3, 0.2, 0.1, 0.1, 0.1, 0.1, 0.0, 0.1, 0.0, 1.9]
  Avg ACT steps (last 100): 1.13
  saved: /home/jvdillon/projects/sic/code/maze/ckpts/x005/step04500.pt acc=99.05% (0.056s)
Step  4500  Test 99.05% / 72.80%  Train lm=0.7217±0.0018ϵ[0.7189,0.7292] n_halted=101.7500±7.3293ϵ[68.0000,116.0000]  (28.234s / 177.096s)
  n_active=128.0000±0.0000ϵ[128.0000,128.0000] n_expunged=0.0000±0.0000ϵ[0.0000,0.0000] pool_util=1.0000±0.0000ϵ[1.0000,1.0000]
  cell_acc=99.17%, puzzle_acc=74.80%
  eval_avg_halt_step: 1.54
  per_H_acc: ['H0=87.2%', 'H1=91.3%', 'H2=98.9%']
  H_cos: ['0.447', '0.891']
  z_H_delta: ['25.625', '21.625']
  cells: fixed=[16426, 16882] broken=[7830, 1020]
  per_ACT_cell_acc: ['H1=87.2%', 'H2=91.3%', 'H3=98.9%', 'H4=99.1%', 'H5=99.2%', 'H6=99.2%', 'H7=99.2%', 'H8=99.2%', 'H9=99.2%', 'H10=99.2%', 'H11=99.2%', 'H12=99.2%', 'H13=99.2%', 'H14=99.2%', 'H15=99.2%', 'H16=99.2%']
  per_ACT_puzzle_acc: ['H1=0.0%', 'H2=0.0%', 'H3=50.9%', 'H4=67.7%', 'H5=72.4%', 'H6=75.4%', 'H7=76.3%', 'H8=76.7%', 'H9=76.7%', 'H10=76.7%', 'H11=76.7%', 'H12=76.3%', 'H13=76.3%', 'H14=76.3%', 'H15=75.9%', 'H16=76.3%']
  mean_sigmoid_q_halt: ['0.006', '0.742', '0.676', '0.844', '0.902', '0.926', '0.949', '0.957', '0.969', '0.965', '0.965', '0.965', '0.969', '0.965', '0.961', '0.973']
  halt_rates: ['0.00', '1.00', '0.66', '0.85', '0.91', '0.92', '0.95', '0.97', '0.98', '0.97', '0.97', '0.97', '0.97', '0.97', '0.97', '0.98']
  halt_histogram %: [53.5, 35.3, 6.1, 1.5, 0.7, 0.4, 0.3, 0.2, 0.1, 0.1, 0.1, 0.1, 0.0, 0.1, 0.0, 1.7]
  Avg ACT steps (last 100): 1.25
  saved: /home/jvdillon/projects/sic/code/maze/ckpts/x005/step05000.pt acc=99.17% (0.056s)
  saved: /home/jvdillon/projects/sic/code/maze/ckpts/x005/best.pt acc=99.17% (0.135s)
Step  5000  Test 99.17% / 74.80%  Train lm=0.7218±0.0033ϵ[0.7188,0.7590] n_halted=101.3640±11.8928ϵ[2.0000,117.0000]  (28.318s / 177.140s)
  n_active=128.0000±0.0000ϵ[128.0000,128.0000] n_expunged=0.0000±0.0000ϵ[0.0000,0.0000] pool_util=1.0000±0.0000ϵ[1.0000,1.0000]
  cell_acc=99.10%, puzzle_acc=74.00%
  eval_avg_halt_step: 2.18
  per_H_acc: ['H0=79.2%', 'H1=90.7%', 'H2=98.8%']
  H_cos: ['0.449', '0.918']
  z_H_delta: ['24.750', '18.500']
  cells: fixed=[29057, 17966] broken=[5019, 1103]
  per_ACT_cell_acc: ['H1=79.2%', 'H2=90.7%', 'H3=98.8%', 'H4=98.9%', 'H5=99.1%', 'H6=99.1%', 'H7=99.1%', 'H8=99.1%', 'H9=99.2%', 'H10=99.2%', 'H11=99.1%', 'H12=99.1%', 'H13=99.2%', 'H14=99.1%', 'H15=99.1%', 'H16=99.1%']
  per_ACT_puzzle_acc: ['H1=0.0%', 'H2=0.0%', 'H3=44.0%', 'H4=60.8%', 'H5=68.5%', 'H6=72.0%', 'H7=74.1%', 'H8=75.4%', 'H9=75.9%', 'H10=75.9%', 'H11=75.0%', 'H12=76.3%', 'H13=76.3%', 'H14=75.9%', 'H15=75.9%', 'H16=75.9%']
  mean_sigmoid_q_halt: ['0.005', '0.371', '0.559', '0.734', '0.777', '0.840', '0.875', '0.891', '0.898', '0.902', '0.902', '0.910', '0.910', '0.910', '0.906', '0.906']
  halt_rates: ['0.00', '0.09', '0.53', '0.72', '0.80', '0.86', '0.88', '0.90', '0.91', '0.91', '0.91', '0.92', '0.92', '0.92', '0.91', '0.91']
  halt_histogram %: [56.9, 33.0, 5.6, 1.4, 0.6, 0.3, 0.2, 0.1, 0.1, 0.1, 0.1, 0.1, 0.0, 0.1, 0.0, 1.4]
  Avg ACT steps (last 100): 1.18
  saved: /home/jvdillon/projects/sic/code/maze/ckpts/x005/step05500.pt acc=99.10% (0.056s)
Step  5500  Test 99.10% / 74.00%  Train lm=0.7215±0.0018ϵ[0.7189,0.7335] n_halted=102.6500±8.7233ϵ[48.0000,120.0000]  (28.237s / 177.118s)
  n_active=128.0000±0.0000ϵ[128.0000,128.0000] n_expunged=0.0000±0.0000ϵ[0.0000,0.0000] pool_util=1.0000±0.0000ϵ[1.0000,1.0000]
  cell_acc=99.10%, puzzle_acc=74.40%
  eval_avg_halt_step: 1.77
  per_H_acc: ['H0=87.5%', 'H1=93.3%', 'H2=98.8%']
  H_cos: ['0.797', '0.934']
  z_H_delta: ['22.375', '18.500']
  cells: fixed=[19900, 12699] broken=[7795, 1236]
  per_ACT_cell_acc: ['H1=87.5%', 'H2=93.3%', 'H3=98.8%', 'H4=99.0%', 'H5=99.0%', 'H6=99.1%', 'H7=99.1%', 'H8=99.0%', 'H9=99.1%', 'H10=99.1%', 'H11=99.1%', 'H12=99.1%', 'H13=99.1%', 'H14=99.1%', 'H15=99.1%', 'H16=99.1%']
  per_ACT_puzzle_acc: ['H1=0.0%', 'H2=0.0%', 'H3=48.3%', 'H4=65.5%', 'H5=67.2%', 'H6=69.0%', 'H7=70.3%', 'H8=69.8%', 'H9=70.3%', 'H10=70.7%', 'H11=70.3%', 'H12=71.1%', 'H13=71.6%', 'H14=71.1%', 'H15=71.6%', 'H16=71.6%']
  mean_sigmoid_q_halt: ['0.016', '0.126', '0.590', '0.785', '0.859', '0.898', '0.918', '0.930', '0.938', '0.945', '0.945', '0.949', '0.953', '0.957', '0.957', '0.965']
  halt_rates: ['0.00', '0.00', '0.57', '0.79', '0.88', '0.91', '0.94', '0.94', '0.95', '0.96', '0.96', '0.96', '0.96', '0.97', '0.97', '0.97']
  halt_histogram %: [59.7, 31.1, 5.2, 1.3, 0.5, 0.3, 0.2, 0.1, 0.1, 0.1, 0.1, 0.0, 0.0, 0.1, 0.0, 1.3]
  Avg ACT steps (last 100): 1.26
  saved: /home/jvdillon/projects/sic/code/maze/ckpts/x005/step06000.pt acc=99.10% (0.055s)
Step  6000  Test 99.10% / 74.40%  Train lm=0.7214±0.0018ϵ[0.7188,0.7316] n_halted=104.4160±8.9521ϵ[29.0000,120.0000]  (28.248s / 177.168s)
  n_active=128.0000±0.0000ϵ[128.0000,128.0000] n_expunged=0.0000±0.0000ϵ[0.0000,0.0000] pool_util=1.0000±0.0000ϵ[1.0000,1.0000]
  cell_acc=99.12%, puzzle_acc=73.70%
  eval_avg_halt_step: 1.65
  per_H_acc: ['H0=42.5%', 'H1=92.2%', 'H2=98.7%']
  H_cos: ['0.562', '0.902']
  z_H_delta: ['20.875', '22.250']
  cells: fixed=[104490, 14715] broken=[770, 1050]
  per_ACT_cell_acc: ['H1=42.5%', 'H2=92.2%', 'H3=98.7%', 'H4=99.0%', 'H5=99.1%', 'H6=99.1%', 'H7=99.1%', 'H8=99.1%', 'H9=99.1%', 'H10=99.1%', 'H11=99.1%', 'H12=99.1%', 'H13=99.1%', 'H14=99.1%', 'H15=99.1%', 'H16=99.1%']
  per_ACT_puzzle_acc: ['H1=0.0%', 'H2=0.0%', 'H3=43.5%', 'H4=66.8%', 'H5=72.0%', 'H6=72.0%', 'H7=72.0%', 'H8=72.0%', 'H9=72.8%', 'H10=73.3%', 'H11=72.8%', 'H12=72.8%', 'H13=72.8%', 'H14=72.4%', 'H15=72.4%', 'H16=72.4%']
  mean_sigmoid_q_halt: ['0.013', '0.133', '0.555', '0.809', '0.902', '0.930', '0.934', '0.938', '0.941', '0.945', '0.941', '0.945', '0.945', '0.949', '0.945', '0.949']
  halt_rates: ['0.00', '0.00', '0.53', '0.85', '0.94', '0.97', '0.97', '0.97', '0.98', '0.98', '0.98', '0.97', '0.98', '0.98', '0.98', '0.98']
  halt_histogram %: [62.1, 29.4, 4.8, 1.2, 0.5, 0.3, 0.2, 0.1, 0.1, 0.1, 0.0, 0.0, 0.0, 0.0, 0.0, 1.1]
  Avg ACT steps (last 100): 1.18
  saved: /home/jvdillon/projects/sic/code/maze/ckpts/x005/step06500.pt acc=99.12% (0.056s)
Step  6500  Test 99.12% / 73.70%  Train lm=0.7211±0.0017ϵ[0.7187,0.7309] n_halted=105.6000±7.8791ϵ[40.0000,119.0000]  (28.244s / 177.210s)
  n_active=128.0000±0.0000ϵ[128.0000,128.0000] n_expunged=0.0000±0.0000ϵ[0.0000,0.0000] pool_util=1.0000±0.0000ϵ[1.0000,1.0000]
  cell_acc=99.24%, puzzle_acc=76.90%
  eval_avg_halt_step: 1.42
  per_H_acc: ['H0=87.2%', 'H1=92.6%', 'H2=99.0%']
  H_cos: ['0.812', '0.926']
  z_H_delta: ['22.375', '21.625']
  cells: fixed=[21003, 14143] broken=[9641, 686]
  per_ACT_cell_acc: ['H1=87.2%', 'H2=92.6%', 'H3=99.0%', 'H4=99.2%', 'H5=99.2%', 'H6=99.2%', 'H7=99.3%', 'H8=99.3%', 'H9=99.3%', 'H10=99.3%', 'H11=99.3%', 'H12=99.3%', 'H13=99.3%', 'H14=99.3%', 'H15=99.3%', 'H16=99.3%']
  per_ACT_puzzle_acc: ['H1=0.0%', 'H2=0.0%', 'H3=57.3%', 'H4=69.0%', 'H5=75.9%', 'H6=76.7%', 'H7=78.0%', 'H8=78.0%', 'H9=78.0%', 'H10=78.4%', 'H11=78.4%', 'H12=78.4%', 'H13=78.9%', 'H14=78.9%', 'H15=78.4%', 'H16=78.9%']
  mean_sigmoid_q_halt: ['0.033', '0.723', '0.730', '0.887', '0.941', '0.961', '0.973', '0.973', '0.973', '0.977', '0.977', '0.977', '0.980', '0.980', '0.977', '0.977']
  halt_rates: ['0.00', '1.00', '0.73', '0.90', '0.95', '0.97', '0.98', '0.98', '0.98', '0.98', '0.98', '0.99', '0.98', '0.99', '0.99', '0.98']
  halt_histogram %: [64.1, 28.1, 4.5, 1.1, 0.5, 0.2, 0.2, 0.1, 0.1, 0.1, 0.0, 0.0, 0.0, 0.0, 0.0, 1.0]
  Avg ACT steps (last 100): 1.14
  saved: /home/jvdillon/projects/sic/code/maze/ckpts/x005/step07000.pt acc=99.24% (0.055s)
  saved: /home/jvdillon/projects/sic/code/maze/ckpts/x005/best.pt acc=99.24% (0.136s)
Step  7000  Test 99.24% / 76.90%  Train lm=0.7209±0.0017ϵ[0.7188,0.7335] n_halted=106.1780±7.2412ϵ[53.0000,119.0000]  (28.311s / 177.161s)
  n_active=128.0000±0.0000ϵ[128.0000,128.0000] n_expunged=0.0000±0.0000ϵ[0.0000,0.0000] pool_util=1.0000±0.0000ϵ[1.0000,1.0000]
  cell_acc=99.28%, puzzle_acc=73.90%
  eval_avg_halt_step: 1.76
  per_H_acc: ['H0=87.5%', 'H1=95.3%', 'H2=99.2%']
  H_cos: ['0.848', '0.926']
  z_H_delta: ['20.000', '22.125']
  cells: fixed=[20264, 8653] broken=[3834, 604]
  per_ACT_cell_acc: ['H1=87.5%', 'H2=95.3%', 'H3=99.2%', 'H4=99.2%', 'H5=99.3%', 'H6=99.3%', 'H7=99.3%', 'H8=99.3%', 'H9=99.3%', 'H10=99.3%', 'H11=99.3%', 'H12=99.3%', 'H13=99.3%', 'H14=99.3%', 'H15=99.3%', 'H16=99.3%']
  per_ACT_puzzle_acc: ['H1=0.0%', 'H2=0.0%', 'H3=61.6%', 'H4=68.5%', 'H5=72.0%', 'H6=72.0%', 'H7=73.3%', 'H8=72.8%', 'H9=72.0%', 'H10=70.7%', 'H11=70.7%', 'H12=72.4%', 'H13=71.1%', 'H14=72.0%', 'H15=72.0%', 'H16=72.8%']
  mean_sigmoid_q_halt: ['0.040', '0.508', '0.648', '0.812', '0.863', '0.883', '0.902', '0.914', '0.906', '0.910', '0.906', '0.910', '0.910', '0.914', '0.914', '0.914']
  halt_rates: ['0.00', '0.56', '0.66', '0.84', '0.89', '0.90', '0.91', '0.92', '0.91', '0.92', '0.91', '0.92', '0.92', '0.91', '0.93', '0.92']
  halt_histogram %: [65.8, 26.9, 4.3, 1.0, 0.4, 0.2, 0.2, 0.1, 0.1, 0.0, 0.0, 0.0, 0.0, 0.0, 0.0, 0.9]
  Avg ACT steps (last 100): 1.12
  saved: /home/jvdillon/projects/sic/code/maze/ckpts/x005/step07500.pt acc=99.28% (0.055s)
  saved: /home/jvdillon/projects/sic/code/maze/ckpts/x005/best.pt acc=99.28% (0.133s)
Step  7500  Test 99.28% / 73.90%  Train lm=0.7206±0.0013ϵ[0.7186,0.7299] n_halted=107.4900±6.0281ϵ[75.0000,121.0000]  (28.339s / 177.259s)
  n_active=128.0000±0.0000ϵ[128.0000,128.0000] n_expunged=0.0000±0.0000ϵ[0.0000,0.0000] pool_util=1.0000±0.0000ϵ[1.0000,1.0000]
  cell_acc=98.80%, puzzle_acc=63.00%
  eval_avg_halt_step: 4.29
  per_H_acc: ['H0=87.5%', 'H1=90.1%', 'H2=98.6%']
  H_cos: ['0.840', '0.926']
  z_H_delta: ['20.000', '22.625']
  cells: fixed=[7989, 19236] broken=[2525, 1452]
  per_ACT_cell_acc: ['H1=87.5%', 'H2=90.1%', 'H3=98.6%', 'H4=98.9%', 'H5=99.0%', 'H6=99.1%', 'H7=99.1%', 'H8=99.1%', 'H9=99.0%', 'H10=99.0%', 'H11=99.0%', 'H12=99.0%', 'H13=99.0%', 'H14=99.0%', 'H15=99.0%', 'H16=99.0%']
  per_ACT_puzzle_acc: ['H1=0.0%', 'H2=0.0%', 'H3=28.9%', 'H4=53.4%', 'H5=59.1%', 'H6=62.1%', 'H7=64.7%', 'H8=66.8%', 'H9=64.7%', 'H10=65.9%', 'H11=65.1%', 'H12=64.7%', 'H13=65.5%', 'H14=64.7%', 'H15=63.8%', 'H16=65.1%']
  mean_sigmoid_q_halt: ['0.027', '0.254', '0.289', '0.535', '0.609', '0.656', '0.680', '0.711', '0.719', '0.727', '0.734', '0.742', '0.742', '0.742', '0.746', '0.738']
  halt_rates: ['0.00', '0.00', '0.24', '0.54', '0.63', '0.69', '0.69', '0.74', '0.74', '0.75', '0.75', '0.78', '0.77', '0.76', '0.77', '0.75']
  halt_histogram %: [67.3, 25.8, 4.0, 0.9, 0.4, 0.2, 0.1, 0.1, 0.1, 0.0, 0.0, 0.0, 0.0, 0.0, 0.0, 0.9]
  Avg ACT steps (last 100): 1.23
  saved: /home/jvdillon/projects/sic/code/maze/ckpts/x005/step08000.pt acc=98.80% (0.055s)
Step  8000  Test 98.80% / 63.00%  Train lm=0.7210±0.0020ϵ[0.7187,0.7354] n_halted=107.5340±8.5108ϵ[24.0000,121.0000]  (28.285s / 177.446s)
  n_active=128.0000±0.0000ϵ[128.0000,128.0000] n_expunged=0.0000±0.0000ϵ[0.0000,0.0000] pool_util=1.0000±0.0000ϵ[1.0000,1.0000]
  cell_acc=99.23%, puzzle_acc=75.00%
  eval_avg_halt_step: 1.77
  per_H_acc: ['H0=87.5%', 'H1=93.8%', 'H2=99.0%']
  H_cos: ['0.820', '0.922']
  z_H_delta: ['21.375', '21.125']
  cells: fixed=[15575, 11747] broken=[2492, 907]
  per_ACT_cell_acc: ['H1=87.5%', 'H2=93.8%', 'H3=99.0%', 'H4=99.1%', 'H5=99.1%', 'H6=99.2%', 'H7=99.2%', 'H8=99.2%', 'H9=99.2%', 'H10=99.2%', 'H11=99.2%', 'H12=99.1%', 'H13=99.2%', 'H14=99.2%', 'H15=99.2%', 'H16=99.2%']
  per_ACT_puzzle_acc: ['H1=0.0%', 'H2=0.0%', 'H3=48.3%', 'H4=64.7%', 'H5=67.2%', 'H6=71.6%', 'H7=73.3%', 'H8=73.7%', 'H9=74.6%', 'H10=74.6%', 'H11=73.3%', 'H12=73.3%', 'H13=73.7%', 'H14=73.7%', 'H15=73.7%', 'H16=74.1%']
  mean_sigmoid_q_halt: ['0.120', '0.136', '0.547', '0.711', '0.727', '0.805', '0.844', '0.832', '0.836', '0.863', '0.852', '0.832', '0.859', '0.859', '0.836', '0.852']
  halt_rates: ['0.00', '0.00', '0.53', '0.76', '0.81', '0.89', '0.91', '0.93', '0.94', '0.94', '0.93', '0.94', '0.94', '0.94', '0.93', '0.94']
  halt_histogram %: [68.5, 25.0, 3.9, 0.9, 0.4, 0.2, 0.1, 0.1, 0.1, 0.0, 0.0, 0.0, 0.0, 0.0, 0.0, 0.8]
  Avg ACT steps (last 100): 1.13
  saved: /home/jvdillon/projects/sic/code/maze/ckpts/x005/step08500.pt acc=99.23% (0.056s)
Step  8500  Test 99.23% / 75.00%  Train lm=0.7221±0.0057ϵ[0.7187,0.7732] n_halted=104.9360±14.1244ϵ[4.0000,120.0000]  (28.300s / 177.563s)
  n_active=128.0000±0.0000ϵ[128.0000,128.0000] n_expunged=0.0000±0.0000ϵ[0.0000,0.0000] pool_util=1.0000±0.0000ϵ[1.0000,1.0000]
  cell_acc=99.26%, puzzle_acc=78.50%
  eval_avg_halt_step: 1.33
  per_H_acc: ['H0=79.0%', 'H1=90.3%', 'H2=99.1%']
  H_cos: ['0.918', '0.891']
  z_H_delta: ['21.000', '23.000']
  cells: fixed=[34903, 19189] broken=[11241, 894]
  per_ACT_cell_acc: ['H1=79.0%', 'H2=90.3%', 'H3=99.1%', 'H4=99.1%', 'H5=99.1%', 'H6=99.1%', 'H7=99.1%', 'H8=99.2%', 'H9=99.2%', 'H10=99.1%', 'H11=99.1%', 'H12=99.1%', 'H13=99.2%', 'H14=99.1%', 'H15=99.1%', 'H16=99.1%']
  per_ACT_puzzle_acc: ['H1=0.0%', 'H2=0.0%', 'H3=60.3%', 'H4=70.7%', 'H5=73.7%', 'H6=74.6%', 'H7=76.7%', 'H8=76.7%', 'H9=76.7%', 'H10=76.3%', 'H11=76.3%', 'H12=76.3%', 'H13=76.3%', 'H14=76.7%', 'H15=76.7%', 'H16=76.7%']
  mean_sigmoid_q_halt: ['0.064', '0.215', '0.754', '0.875', '0.930', '0.934', '0.949', '0.949', '0.965', '0.957', '0.953', '0.957', '0.961', '0.957', '0.965', '0.961']
  halt_rates: ['0.00', '0.00', '0.75', '0.87', '0.95', '0.95', '0.97', '0.98', '0.99', '0.98', '0.98', '0.97', '0.99', '0.98', '0.98', '0.99']
  halt_histogram %: [69.6, 24.1, 3.7, 0.8, 0.3, 0.2, 0.1, 0.1, 0.1, 0.0, 0.0, 0.0, 0.0, 0.0, 0.0, 0.7]
  Avg ACT steps (last 100): 1.11
  saved: /home/jvdillon/projects/sic/code/maze/ckpts/x005/step09000.pt acc=99.26% (0.055s)
Step  9000  Test 99.26% / 78.50%  Train lm=0.7206±0.0015ϵ[0.7185,0.7273] n_halted=108.8900±4.8902ϵ[91.0000,120.0000]  (28.311s / 177.494s)
  n_active=128.0000±0.0000ϵ[128.0000,128.0000] n_expunged=0.0000±0.0000ϵ[0.0000,0.0000] pool_util=1.0000±0.0000ϵ[1.0000,1.0000]
  cell_acc=99.20%, puzzle_acc=73.90%
  eval_avg_halt_step: 1.63
  per_H_acc: ['H0=87.0%', 'H1=88.2%', 'H2=98.7%']
  H_cos: ['0.471', '0.883']
  z_H_delta: ['21.250', '24.375']
  cells: fixed=[21100, 23343] broken=[18695, 1256]
  per_ACT_cell_acc: ['H1=87.0%', 'H2=88.2%', 'H3=98.7%', 'H4=99.0%', 'H5=99.1%', 'H6=99.1%', 'H7=99.1%', 'H8=99.1%', 'H9=99.1%', 'H10=99.1%', 'H11=99.1%', 'H12=99.1%', 'H13=99.1%', 'H14=99.1%', 'H15=99.1%', 'H16=99.1%']
  per_ACT_puzzle_acc: ['H1=0.0%', 'H2=0.0%', 'H3=50.9%', 'H4=63.8%', 'H5=67.7%', 'H6=69.0%', 'H7=69.0%', 'H8=69.8%', 'H9=70.3%', 'H10=70.3%', 'H11=70.3%', 'H12=70.7%', 'H13=71.1%', 'H14=70.7%', 'H15=70.7%', 'H16=70.7%']
  mean_sigmoid_q_halt: ['0.104', '0.244', '0.559', '0.805', '0.863', '0.914', '0.938', '0.945', '0.957', '0.961', '0.965', '0.965', '0.961', '0.965', '0.969', '0.973']
  halt_rates: ['0.00', '0.00', '0.55', '0.82', '0.90', '0.94', '0.95', '0.96', '0.97', '0.98', '0.98', '0.98', '0.98', '0.98', '0.98', '0.99']
  halt_histogram %: [70.6, 23.5, 3.6, 0.8, 0.3, 0.2, 0.1, 0.1, 0.1, 0.0, 0.0, 0.0, 0.0, 0.0, 0.0, 0.7]
  Avg ACT steps (last 100): 1.33
  saved: /home/jvdillon/projects/sic/code/maze/ckpts/x005/step09500.pt acc=99.20% (0.056s)
Step  9500  Test 99.20% / 73.90%  Train lm=0.7206±0.0016ϵ[0.7184,0.7283] n_halted=107.7440±6.6621ϵ[71.0000,121.0000]  (28.326s / 177.755s)
  n_active=128.0000±0.0000ϵ[128.0000,128.0000] n_expunged=0.0000±0.0000ϵ[0.0000,0.0000] pool_util=1.0000±0.0000ϵ[1.0000,1.0000]
  cell_acc=99.40%, puzzle_acc=82.20%
  eval_avg_halt_step: 1.45
  per_H_acc: ['H0=87.5%', 'H1=80.0%', 'H2=99.0%']
  H_cos: ['0.457', '0.871']
  z_H_delta: ['24.125', '20.000']
  cells: fixed=[24801, 40657] broken=[40465, 859]
  per_ACT_cell_acc: ['H1=87.5%', 'H2=80.0%', 'H3=99.0%', 'H4=99.3%', 'H5=99.3%', 'H6=99.4%', 'H7=99.4%', 'H8=99.4%', 'H9=99.4%', 'H10=99.4%', 'H11=99.4%', 'H12=99.4%', 'H13=99.4%', 'H14=99.4%', 'H15=99.4%', 'H16=99.4%']
  per_ACT_puzzle_acc: ['H1=0.0%', 'H2=0.0%', 'H3=55.6%', 'H4=69.8%', 'H5=78.4%', 'H6=80.2%', 'H7=82.3%', 'H8=82.3%', 'H9=81.5%', 'H10=81.9%', 'H11=81.9%', 'H12=81.5%', 'H13=81.9%', 'H14=81.9%', 'H15=81.9%', 'H16=81.5%']
  mean_sigmoid_q_halt: ['0.902', '0.734', '0.645', '0.844', '0.918', '0.949', '0.973', '0.977', '0.977', '0.980', '0.980', '0.980', '0.980', '0.984', '0.984', '0.980']
  halt_rates: ['1.00', '0.82', '0.64', '0.85', '0.93', '0.96', '0.99', '0.99', '0.98', '0.99', '0.99', '0.99', '0.99', '0.99', '0.99', '0.99']
  halt_histogram %: [71.1, 23.1, 3.5, 0.8, 0.3, 0.2, 0.1, 0.1, 0.1, 0.0, 0.0, 0.0, 0.0, 0.0, 0.0, 0.7]
  Avg ACT steps (last 100): 1.28
  saved: /home/jvdillon/projects/sic/code/maze/ckpts/x005/step10000.pt acc=99.40% (0.058s)
  saved: /home/jvdillon/projects/sic/code/maze/ckpts/x005/best.pt acc=99.40% (0.138s)
Step 10000  Test 99.40% / 82.20%  Train lm=0.7212±0.0026ϵ[0.7186,0.7409] n_halted=103.3580±10.9639ϵ[39.0000,120.0000]  (28.410s / 177.803s)
  n_active=128.0000±0.0000ϵ[128.0000,128.0000] n_expunged=0.0000±0.0000ϵ[0.0000,0.0000] pool_util=1.0000±0.0000ϵ[1.0000,1.0000]
  cell_acc=99.23%, puzzle_acc=74.80%
  eval_avg_halt_step: 1.54
  per_H_acc: ['H0=64.0%', 'H1=87.8%', 'H2=98.7%']
  H_cos: ['0.299', '0.891']
  z_H_delta: ['26.125', '21.625']
  cells: fixed=[61367, 24157] broken=[11659, 1447]
  per_ACT_cell_acc: ['H1=64.0%', 'H2=87.8%', 'H3=98.7%', 'H4=99.0%', 'H5=99.1%', 'H6=99.2%', 'H7=99.2%', 'H8=99.2%', 'H9=99.2%', 'H10=99.2%', 'H11=99.2%', 'H12=99.2%', 'H13=99.2%', 'H14=99.2%', 'H15=99.3%', 'H16=99.3%']
  per_ACT_puzzle_acc: ['H1=0.0%', 'H2=0.0%', 'H3=47.4%', 'H4=65.1%', 'H5=69.0%', 'H6=72.8%', 'H7=74.1%', 'H8=73.3%', 'H9=73.7%', 'H10=73.3%', 'H11=74.1%', 'H12=74.1%', 'H13=74.6%', 'H14=74.1%', 'H15=74.1%', 'H16=74.1%']
  mean_sigmoid_q_halt: ['0.193', '0.711', '0.582', '0.805', '0.871', '0.902', '0.938', '0.945', '0.945', '0.945', '0.953', '0.957', '0.965', '0.961', '0.965', '0.961']
  halt_rates: ['0.00', '0.97', '0.55', '0.81', '0.88', '0.94', '0.98', '0.98', '0.97', '0.97', '0.97', '0.98', '0.98', '0.98', '0.98', '0.97']
  halt_histogram %: [71.8, 22.6, 3.4, 0.7, 0.3, 0.2, 0.1, 0.1, 0.1, 0.0, 0.0, 0.0, 0.0, 0.0, 0.0, 0.6]
  Avg ACT steps (last 100): 1.20
  saved: /home/jvdillon/projects/sic/code/maze/ckpts/x005/step10500.pt acc=99.23% (0.057s)
Step 10500  Test 99.23% / 74.80%  Train lm=0.7200±0.0014ϵ[0.7185,0.7310] n_halted=107.4820±10.3825ϵ[5.0000,122.0000]  (28.332s / 177.743s)
  n_active=128.0000±0.0000ϵ[128.0000,128.0000] n_expunged=0.0000±0.0000ϵ[0.0000,0.0000] pool_util=1.0000±0.0000ϵ[1.0000,1.0000]
  cell_acc=99.36%, puzzle_acc=80.00%
  eval_avg_halt_step: 1.54
  per_H_acc: ['H0=79.7%', 'H1=88.7%', 'H2=99.2%']
  H_cos: ['0.408', '0.660']
  z_H_delta: ['23.875', '25.750']
  cells: fixed=[33635, 22563] broken=[14829, 755]
  per_ACT_cell_acc: ['H1=79.7%', 'H2=88.7%', 'H3=99.2%', 'H4=99.4%', 'H5=99.4%', 'H6=99.4%', 'H7=99.4%', 'H8=99.4%', 'H9=99.4%', 'H10=99.4%', 'H11=99.4%', 'H12=99.4%', 'H13=99.4%', 'H14=99.4%', 'H15=99.4%', 'H16=99.4%']
  per_ACT_puzzle_acc: ['H1=0.0%', 'H2=0.0%', 'H3=56.0%', 'H4=76.3%', 'H5=79.3%', 'H6=80.6%', 'H7=80.6%', 'H8=80.6%', 'H9=81.0%', 'H10=81.5%', 'H11=81.9%', 'H12=81.9%', 'H13=81.0%', 'H14=81.0%', 'H15=81.0%', 'H16=81.0%']
  mean_sigmoid_q_halt: ['0.148', '0.508', '0.602', '0.848', '0.902', '0.934', '0.945', '0.949', '0.949', '0.949', '0.953', '0.957', '0.953', '0.957', '0.957', '0.957']
  halt_rates: ['0.00', '0.53', '0.57', '0.88', '0.94', '0.97', '0.97', '0.99', '0.98', '0.98', '0.98', '0.99', '0.99', '0.99', '0.99', '1.00']
  halt_histogram %: [72.4, 22.3, 3.3, 0.7, 0.3, 0.1, 0.1, 0.1, 0.0, 0.0, 0.0, 0.0, 0.0, 0.0, 0.0, 0.6]
  Avg ACT steps (last 100): 1.12
  saved: /home/jvdillon/projects/sic/code/maze/ckpts/x005/step11000.pt acc=99.36% (0.055s)
Step 11000  Test 99.36% / 80.00%  Train lm=0.7204±0.0015ϵ[0.7186,0.7316] n_halted=106.1640±9.2017ϵ[36.0000,123.0000]  (28.246s / 177.609s)
  n_active=128.0000±0.0000ϵ[128.0000,128.0000] n_expunged=0.0000±0.0000ϵ[0.0000,0.0000] pool_util=1.0000±0.0000ϵ[1.0000,1.0000]
  cell_acc=99.21%, puzzle_acc=74.80%
  eval_avg_halt_step: 1.41
  per_H_acc: ['H0=56.2%', 'H1=92.5%', 'H2=99.3%']
  H_cos: ['0.617', '0.867']
  z_H_delta: ['21.625', '23.625']
  cells: fixed=[77479, 14783] broken=[1798, 603]
  per_ACT_cell_acc: ['H1=56.2%', 'H2=92.5%', 'H3=99.3%', 'H4=99.4%', 'H5=99.4%', 'H6=99.5%', 'H7=99.5%', 'H8=99.5%', 'H9=99.5%', 'H10=99.5%', 'H11=99.5%', 'H12=99.5%', 'H13=99.5%', 'H14=99.5%', 'H15=99.5%', 'H16=99.5%']
  per_ACT_puzzle_acc: ['H1=0.0%', 'H2=0.0%', 'H3=66.4%', 'H4=76.3%', 'H5=78.4%', 'H6=79.7%', 'H7=80.2%', 'H8=80.6%', 'H9=81.0%', 'H10=81.0%', 'H11=80.6%', 'H12=80.6%', 'H13=80.6%', 'H14=80.6%', 'H15=80.2%', 'H16=80.2%']
  mean_sigmoid_q_halt: ['0.124', '0.260', '0.695', '0.863', '0.918', '0.957', '0.969', '0.969', '0.977', '0.977', '0.977', '0.980', '0.980', '0.980', '0.980', '0.977']
  halt_rates: ['0.00', '0.00', '0.69', '0.88', '0.95', '0.98', '0.99', '0.99', '0.99', '0.99', '1.00', '1.00', '1.00', '1.00', '1.00', '0.99']
  halt_histogram %: [73.0, 21.9, 3.2, 0.7, 0.3, 0.1, 0.1, 0.1, 0.0, 0.0, 0.0, 0.0, 0.0, 0.0, 0.0, 0.6]
  Avg ACT steps (last 100): 1.23
  saved: /home/jvdillon/projects/sic/code/maze/ckpts/x005/step11500.pt acc=99.21% (0.054s)
Step 11500  Test 99.21% / 74.80%  Train lm=0.7210±0.0039ϵ[0.7185,0.7529] n_halted=106.2420±13.4131ϵ[7.0000,121.0000]  (28.240s / 177.220s)
  n_active=128.0000±0.0000ϵ[128.0000,128.0000] n_expunged=0.0000±0.0000ϵ[0.0000,0.0000] pool_util=1.0000±0.0000ϵ[1.0000,1.0000]
  cell_acc=99.27%, puzzle_acc=77.70%
  eval_avg_halt_step: 1.34
  per_H_acc: ['H0=37.5%', 'H1=89.0%', 'H2=99.1%']
  H_cos: ['0.352', '0.852']
  z_H_delta: ['22.625', '25.250']
  cells: fixed=[109353, 21954] broken=[1881, 770]
  per_ACT_cell_acc: ['H1=37.5%', 'H2=89.0%', 'H3=99.1%', 'H4=99.3%', 'H5=99.3%', 'H6=99.3%', 'H7=99.3%', 'H8=99.3%', 'H9=99.3%', 'H10=99.3%', 'H11=99.3%', 'H12=99.3%', 'H13=99.3%', 'H14=99.3%', 'H15=99.3%', 'H16=99.3%']
  per_ACT_puzzle_acc: ['H1=0.0%', 'H2=0.0%', 'H3=62.1%', 'H4=73.7%', 'H5=78.0%', 'H6=79.7%', 'H7=78.9%', 'H8=78.0%', 'H9=78.4%', 'H10=78.0%', 'H11=78.0%', 'H12=77.6%', 'H13=78.0%', 'H14=78.4%', 'H15=77.6%', 'H16=77.6%']
  mean_sigmoid_q_halt: ['0.244', '0.270', '0.762', '0.883', '0.934', '0.953', '0.957', '0.969', '0.977', '0.973', '0.973', '0.969', '0.973', '0.977', '0.973', '0.973']
  halt_rates: ['0.00', '0.00', '0.80', '0.88', '0.96', '0.97', '0.98', '0.99', '1.00', '0.99', '0.99', '0.98', '0.99', '0.99', '0.99', '0.98']
  halt_histogram %: [73.5, 21.5, 3.1, 0.7, 0.3, 0.1, 0.1, 0.1, 0.0, 0.0, 0.0, 0.0, 0.0, 0.0, 0.0, 0.5]
  Avg ACT steps (last 100): 1.16
  saved: /home/jvdillon/projects/sic/code/maze/ckpts/x005/step12000.pt acc=99.27% (0.055s)
Step 12000  Test 99.27% / 77.70%  Train lm=0.7202±0.0015ϵ[0.7186,0.7332] n_halted=108.7860±6.4752ϵ[65.0000,121.0000]  (28.245s / 177.227s)
  n_active=128.0000±0.0000ϵ[128.0000,128.0000] n_expunged=0.0000±0.0000ϵ[0.0000,0.0000] pool_util=1.0000±0.0000ϵ[1.0000,1.0000]
  cell_acc=99.22%, puzzle_acc=78.00%
  eval_avg_halt_step: 1.42
  per_H_acc: ['H0=48.4%', 'H1=88.6%', 'H2=99.0%']
  H_cos: ['0.641', '0.855']
  z_H_delta: ['21.375', '25.250']
  cells: fixed=[86703, 22535] broken=[2600, 862]
  per_ACT_cell_acc: ['H1=48.4%', 'H2=88.6%', 'H3=99.0%', 'H4=99.2%', 'H5=99.2%', 'H6=99.2%', 'H7=99.3%', 'H8=99.3%', 'H9=99.2%', 'H10=99.2%', 'H11=99.2%', 'H12=99.2%', 'H13=99.2%', 'H14=99.2%', 'H15=99.2%', 'H16=99.2%']
  per_ACT_puzzle_acc: ['H1=0.0%', 'H2=0.0%', 'H3=57.8%', 'H4=72.8%', 'H5=74.6%', 'H6=75.4%', 'H7=75.9%', 'H8=75.9%', 'H9=75.9%', 'H10=75.9%', 'H11=75.9%', 'H12=75.9%', 'H13=75.9%', 'H14=75.9%', 'H15=75.9%', 'H16=75.9%']
  mean_sigmoid_q_halt: ['0.191', '0.134', '0.676', '0.906', '0.949', '0.973', '0.980', '0.984', '0.988', '0.988', '0.988', '0.988', '0.988', '0.984', '0.984', '0.984']
  halt_rates: ['0.00', '0.00', '0.66', '0.92', '0.96', '0.98', '0.99', '0.99', '1.00', '1.00', '1.00', '1.00', '0.99', '0.99', '0.99', '0.99']
  halt_histogram %: [74.1, 21.0, 3.0, 0.6, 0.3, 0.1, 0.1, 0.1, 0.0, 0.0, 0.0, 0.0, 0.0, 0.0, 0.0, 0.5]
  Avg ACT steps (last 100): 1.16
  saved: /home/jvdillon/projects/sic/code/maze/ckpts/x005/step12500.pt acc=99.22% (0.058s)
Step 12500  Test 99.22% / 78.00%  Train lm=0.7205±0.0016ϵ[0.7186,0.7336] n_halted=109.0300±8.2751ϵ[10.0000,121.0000]  (28.270s / 177.242s)
  n_active=128.0000±0.0000ϵ[128.0000,128.0000] n_expunged=0.0000±0.0000ϵ[0.0000,0.0000] pool_util=1.0000±0.0000ϵ[1.0000,1.0000]
  cell_acc=99.22%, puzzle_acc=76.70%
  eval_avg_halt_step: 1.28
  per_H_acc: ['H0=44.0%', 'H1=87.5%', 'H2=99.2%']
  H_cos: ['0.570', '0.809']
  z_H_delta: ['20.125', '26.375']
  cells: fixed=[96230, 24940] broken=[5357, 628]
  per_ACT_cell_acc: ['H1=44.0%', 'H2=87.5%', 'H3=99.2%', 'H4=99.3%', 'H5=99.3%', 'H6=99.3%', 'H7=99.3%', 'H8=99.3%', 'H9=99.3%', 'H10=99.3%', 'H11=99.3%', 'H12=99.3%', 'H13=99.3%', 'H14=99.3%', 'H15=99.3%', 'H16=99.3%']
  per_ACT_puzzle_acc: ['H1=0.0%', 'H2=0.0%', 'H3=62.5%', 'H4=76.3%', 'H5=77.6%', 'H6=77.6%', 'H7=78.0%', 'H8=78.4%', 'H9=78.4%', 'H10=78.9%', 'H11=78.9%', 'H12=78.9%', 'H13=78.9%', 'H14=78.4%', 'H15=78.4%', 'H16=78.4%']
  mean_sigmoid_q_halt: ['0.218', '0.104', '0.785', '0.914', '0.949', '0.965', '0.977', '0.980', '0.984', '0.988', '0.988', '0.988', '0.992', '0.988', '0.988', '0.988']
  halt_rates: ['0.00', '0.00', '0.78', '0.93', '0.98', '0.98', '0.99', '0.99', '1.00', '1.00', '1.00', '1.00', '1.00', '1.00', '1.00', '1.00']
  halt_histogram %: [74.6, 20.6, 3.0, 0.6, 0.2, 0.1, 0.1, 0.1, 0.0, 0.0, 0.0, 0.0, 0.0, 0.0, 0.0, 0.5]
  Avg ACT steps (last 100): 1.07
  saved: /home/jvdillon/projects/sic/code/maze/ckpts/x005/step13000.pt acc=99.22% (0.056s)
Step 13000  Test 99.22% / 76.70%  Train lm=0.7203±0.0015ϵ[0.7186,0.7303] n_halted=110.1260±6.1999ϵ[58.0000,121.0000]  (28.251s / 177.354s)
  n_active=128.0000±0.0000ϵ[128.0000,128.0000] n_expunged=0.0000±0.0000ϵ[0.0000,0.0000] pool_util=1.0000±0.0000ϵ[1.0000,1.0000]
  cell_acc=99.34%, puzzle_acc=80.60%
  eval_avg_halt_step: 1.46
  per_H_acc: ['H0=69.1%', 'H1=81.0%', 'H2=99.0%']
  H_cos: ['0.805', '0.816']
  z_H_delta: ['26.500', '25.750']
  cells: fixed=[44902, 38694] broken=[20153, 1054]
  per_ACT_cell_acc: ['H1=69.1%', 'H2=81.0%', 'H3=99.0%', 'H4=99.1%', 'H5=99.2%', 'H6=99.2%', 'H7=99.2%', 'H8=99.3%', 'H9=99.3%', 'H10=99.3%', 'H11=99.3%', 'H12=99.3%', 'H13=99.3%', 'H14=99.3%', 'H15=99.3%', 'H16=99.3%']
  per_ACT_puzzle_acc: ['H1=0.0%', 'H2=0.0%', 'H3=57.8%', 'H4=72.0%', 'H5=75.0%', 'H6=76.7%', 'H7=77.2%', 'H8=78.4%', 'H9=78.9%', 'H10=79.3%', 'H11=78.9%', 'H12=78.4%', 'H13=79.3%', 'H14=78.4%', 'H15=78.0%', 'H16=78.0%']
  mean_sigmoid_q_halt: ['0.202', '0.871', '0.719', '0.848', '0.891', '0.926', '0.934', '0.941', '0.941', '0.949', '0.953', '0.938', '0.941', '0.941', '0.941', '0.945']
  halt_rates: ['0.00', '1.00', '0.70', '0.85', '0.91', '0.94', '0.94', '0.97', '0.97', '0.98', '0.98', '0.97', '0.97', '0.97', '0.97', '0.97']
  halt_histogram %: [75.1, 20.3, 2.9, 0.6, 0.2, 0.1, 0.1, 0.1, 0.0, 0.0, 0.0, 0.0, 0.0, 0.0, 0.0, 0.5]
  Avg ACT steps (last 100): 1.18
  saved: /home/jvdillon/projects/sic/code/maze/ckpts/x005/step13500.pt acc=99.34% (0.055s)
Step 13500  Test 99.34% / 80.60%  Train lm=0.7204±0.0023ϵ[0.7186,0.7538] n_halted=108.1740±9.2920ϵ[18.0000,121.0000]  (28.253s / 177.200s)
  n_active=128.0000±0.0000ϵ[128.0000,128.0000] n_expunged=0.0000±0.0000ϵ[0.0000,0.0000] pool_util=1.0000±0.0000ϵ[1.0000,1.0000]
  cell_acc=99.31%, puzzle_acc=79.60%
  eval_avg_halt_step: 1.48
  per_H_acc: ['H0=87.4%', 'H1=87.9%', 'H2=98.9%']
  H_cos: ['0.883', '0.922']
  z_H_delta: ['26.875', '18.125']
  cells: fixed=[6393, 24259] broken=[5354, 1172]
  per_ACT_cell_acc: ['H1=87.4%', 'H2=87.9%', 'H3=98.9%', 'H4=99.3%', 'H5=99.3%', 'H6=99.3%', 'H7=99.2%', 'H8=99.2%', 'H9=99.3%', 'H10=99.3%', 'H11=99.3%', 'H12=99.3%', 'H13=99.3%', 'H14=99.3%', 'H15=99.3%', 'H16=99.3%']
  per_ACT_puzzle_acc: ['H1=0.0%', 'H2=0.0%', 'H3=47.8%', 'H4=74.1%', 'H5=78.4%', 'H6=79.7%', 'H7=79.7%', 'H8=79.7%', 'H9=80.6%', 'H10=81.0%', 'H11=80.6%', 'H12=80.6%', 'H13=80.6%', 'H14=80.6%', 'H15=81.0%', 'H16=81.0%']
  mean_sigmoid_q_halt: ['0.539', '0.984', '0.637', '0.840', '0.891', '0.945', '0.965', '0.965', '0.969', '0.977', '0.980', '0.980', '0.980', '0.980', '0.977', '0.977']
  halt_rates: ['0.83', '1.00', '0.62', '0.85', '0.90', '0.96', '0.98', '0.97', '0.97', '0.98', '0.99', '0.98', '0.99', '0.98', '0.98', '0.98']
  halt_histogram %: [75.4, 20.1, 2.8, 0.6, 0.2, 0.1, 0.1, 0.1, 0.0, 0.0, 0.0, 0.0, 0.0, 0.0, 0.0, 0.4]
  Avg ACT steps (last 100): 1.17
  saved: /home/jvdillon/projects/sic/code/maze/ckpts/x005/step14000.pt acc=99.31% (0.056s)
Step 14000  Test 99.31% / 79.60%  Train lm=0.7202±0.0013ϵ[0.7187,0.7290] n_halted=107.0220±7.8381ϵ[53.0000,124.0000]  (28.268s / 177.339s)
  n_active=128.0000±0.0000ϵ[128.0000,128.0000] n_expunged=0.0000±0.0000ϵ[0.0000,0.0000] pool_util=1.0000±0.0000ϵ[1.0000,1.0000]
  cell_acc=98.90%, puzzle_acc=65.80%
  eval_avg_halt_step: 2.40
  per_H_acc: ['H0=79.7%', 'H1=83.6%', 'H2=98.9%']
  H_cos: ['0.844', '0.906']
  z_H_delta: ['22.625', '17.875']
  cells: fixed=[28593, 32915] broken=[20424, 1003]
  per_ACT_cell_acc: ['H1=79.7%', 'H2=83.6%', 'H3=98.9%', 'H4=99.2%', 'H5=99.1%', 'H6=99.0%', 'H7=99.0%', 'H8=98.9%', 'H9=98.9%', 'H10=98.9%', 'H11=98.9%', 'H12=98.9%', 'H13=98.9%', 'H14=98.9%', 'H15=98.9%', 'H16=98.9%']
  per_ACT_puzzle_acc: ['H1=0.0%', 'H2=0.0%', 'H3=43.1%', 'H4=65.5%', 'H5=68.5%', 'H6=69.8%', 'H7=68.5%', 'H8=67.2%', 'H9=68.1%', 'H10=68.1%', 'H11=68.5%', 'H12=67.7%', 'H13=67.7%', 'H14=68.5%', 'H15=67.2%', 'H16=66.4%']
  mean_sigmoid_q_halt: ['0.629', '0.734', '0.508', '0.785', '0.832', '0.836', '0.855', '0.859', '0.852', '0.859', '0.863', '0.867', '0.863', '0.855', '0.859', '0.855']
  halt_rates: ['0.97', '0.88', '0.44', '0.79', '0.86', '0.85', '0.86', '0.84', '0.84', '0.85', '0.86', '0.87', '0.85', '0.84', '0.86', '0.84']
  halt_histogram %: [75.7, 19.9, 2.8, 0.6, 0.2, 0.1, 0.1, 0.1, 0.0, 0.0, 0.0, 0.0, 0.0, 0.0, 0.0, 0.4]
  Avg ACT steps (last 100): 1.10
  saved: /home/jvdillon/projects/sic/code/maze/ckpts/x005/step14500.pt acc=98.90% (0.056s)
Step 14500  Test 98.90% / 65.80%  Train lm=0.7201±0.0014ϵ[0.7186,0.7271] n_halted=108.6260±8.3516ϵ[45.0000,122.0000]  (28.245s / 177.271s)
  n_active=128.0000±0.0000ϵ[128.0000,128.0000] n_expunged=0.0000±0.0000ϵ[0.0000,0.0000] pool_util=1.0000±0.0000ϵ[1.0000,1.0000]
  cell_acc=99.29%, puzzle_acc=79.10%
  eval_avg_halt_step: 1.45
  per_H_acc: ['H0=87.5%', 'H1=89.3%', 'H2=99.0%']
  H_cos: ['0.934', '0.918']
  z_H_delta: ['21.500', '19.000']
  cells: fixed=[12801, 21166] broken=[9023, 919]
  per_ACT_cell_acc: ['H1=87.5%', 'H2=89.3%', 'H3=99.0%', 'H4=99.1%', 'H5=99.2%', 'H6=99.2%', 'H7=99.2%', 'H8=99.2%', 'H9=99.1%', 'H10=99.1%', 'H11=99.1%', 'H12=99.1%', 'H13=99.1%', 'H14=99.1%', 'H15=99.1%', 'H16=99.1%']
  per_ACT_puzzle_acc: ['H1=0.0%', 'H2=0.0%', 'H3=52.2%', 'H4=71.6%', 'H5=74.1%', 'H6=74.1%', 'H7=74.6%', 'H8=74.1%', 'H9=74.6%', 'H10=74.6%', 'H11=74.6%', 'H12=74.6%', 'H13=74.6%', 'H14=74.6%', 'H15=74.6%', 'H16=74.6%']
  mean_sigmoid_q_halt: ['0.898', '0.578', '0.617', '0.891', '0.961', '0.977', '0.984', '0.988', '0.988', '0.992', '0.992', '0.992', '0.988', '0.988', '0.988', '0.988']
  halt_rates: ['1.00', '0.72', '0.61', '0.90', '0.97', '0.98', '0.99', '0.99', '0.99', '1.00', '1.00', '1.00', '0.99', '0.99', '0.99', '0.99']
  halt_histogram %: [76.1, 19.7, 2.7, 0.6, 0.2, 0.1, 0.1, 0.1, 0.0, 0.0, 0.0, 0.0, 0.0, 0.0, 0.0, 0.4]
  Avg ACT steps (last 100): 1.29
  saved: /home/jvdillon/projects/sic/code/maze/ckpts/x005/step15000.pt acc=99.29% (0.054s)
Step 15000  Test 99.29% / 79.10%  Train lm=0.7202±0.0020ϵ[0.7186,0.7476] n_halted=108.0500±9.8273ϵ[17.0000,123.0000]  (28.265s / 177.342s)
  n_active=128.0000±0.0000ϵ[128.0000,128.0000] n_expunged=0.0000±0.0000ϵ[0.0000,0.0000] pool_util=1.0000±0.0000ϵ[1.0000,1.0000]
  cell_acc=99.35%, puzzle_acc=72.70%
  eval_avg_halt_step: 1.28
  per_H_acc: ['H0=87.5%', 'H1=90.8%', 'H2=99.0%']
  H_cos: ['0.922', '0.938']
  z_H_delta: ['20.125', '17.375']
  cells: fixed=[19408, 18137] broken=[12563, 864]
  per_ACT_cell_acc: ['H1=87.5%', 'H2=90.8%', 'H3=99.0%', 'H4=99.2%', 'H5=99.3%', 'H6=99.3%', 'H7=99.3%', 'H8=99.3%', 'H9=99.3%', 'H10=99.3%', 'H11=99.3%', 'H12=99.3%', 'H13=99.3%', 'H14=99.3%', 'H15=99.3%', 'H16=99.3%']
  per_ACT_puzzle_acc: ['H1=0.0%', 'H2=0.0%', 'H3=59.1%', 'H4=70.7%', 'H5=77.6%', 'H6=79.3%', 'H7=78.0%', 'H8=78.9%', 'H9=78.9%', 'H10=78.4%', 'H11=76.3%', 'H12=76.7%', 'H13=76.7%', 'H14=75.9%', 'H15=75.4%', 'H16=75.4%']
  mean_sigmoid_q_halt: ['0.953', '0.660', '0.766', '0.875', '0.938', '0.957', '0.957', '0.965', '0.973', '0.973', '0.973', '0.973', '0.977', '0.977', '0.973', '0.977']
  halt_rates: ['1.00', '0.91', '0.77', '0.91', '0.97', '0.99', '0.98', '0.99', '1.00', '0.99', '1.00', '1.00', '1.00', '1.00', '0.99', '0.99']
  halt_histogram %: [76.3, 19.5, 2.7, 0.5, 0.2, 0.1, 0.1, 0.0, 0.0, 0.0, 0.0, 0.0, 0.0, 0.0, 0.0, 0.4]
  Avg ACT steps (last 100): 1.13
  saved: /home/jvdillon/projects/sic/code/maze/ckpts/x005/step15500.pt acc=99.35% (0.056s)
Step 15500  Test 99.35% / 72.70%  Train lm=0.7204±0.0025ϵ[0.7186,0.7543] n_halted=106.8200±10.7887ϵ[2.0000,121.0000]  (28.267s / 177.224s)
  n_active=128.0000±0.0000ϵ[128.0000,128.0000] n_expunged=0.0000±0.0000ϵ[0.0000,0.0000] pool_util=1.0000±0.0000ϵ[1.0000,1.0000]
  cell_acc=99.29%, puzzle_acc=78.00%
  eval_avg_halt_step: 1.39
  per_H_acc: ['H0=87.4%', 'H1=87.3%', 'H2=99.1%']
  H_cos: ['0.883', '0.883']
  z_H_delta: ['23.750', '21.750']
  cells: fixed=[22919, 25435] broken=[23047, 830]
  per_ACT_cell_acc: ['H1=87.4%', 'H2=87.3%', 'H3=99.1%', 'H4=99.3%', 'H5=99.4%', 'H6=99.4%', 'H7=99.4%', 'H8=99.4%', 'H9=99.4%', 'H10=99.4%', 'H11=99.4%', 'H12=99.4%', 'H13=99.4%', 'H14=99.4%', 'H15=99.4%', 'H16=99.4%']
  per_ACT_puzzle_acc: ['H1=0.0%', 'H2=0.0%', 'H3=60.3%', 'H4=75.9%', 'H5=81.0%', 'H6=80.6%', 'H7=81.0%', 'H8=80.6%', 'H9=80.6%', 'H10=80.2%', 'H11=80.2%', 'H12=80.6%', 'H13=80.6%', 'H14=81.0%', 'H15=81.0%', 'H16=80.2%']
  mean_sigmoid_q_halt: ['0.938', '0.173', '0.715', '0.891', '0.934', '0.965', '0.965', '0.965', '0.969', '0.973', '0.965', '0.961', '0.965', '0.961', '0.965', '0.965']
  halt_rates: ['1.00', '0.00', '0.70', '0.91', '0.96', '0.99', '0.99', '0.99', '0.99', '1.00', '0.98', '0.98', '0.98', '0.98', '0.99', '0.98']
  halt_histogram %: [76.6, 19.2, 2.7, 0.5, 0.2, 0.1, 0.1, 0.0, 0.0, 0.0, 0.0, 0.0, 0.0, 0.0, 0.0, 0.4]
  Avg ACT steps (last 100): 1.08
  saved: /home/jvdillon/projects/sic/code/maze/ckpts/x005/step16000.pt acc=99.29% (0.056s)
Step 16000  Test 99.29% / 78.00%  Train lm=0.7202±0.0016ϵ[0.7187,0.7369] n_halted=108.8180±9.3277ϵ[3.0000,123.0000]  (28.249s / 177.260s)
  n_active=128.0000±0.0000ϵ[128.0000,128.0000] n_expunged=0.0000±0.0000ϵ[0.0000,0.0000] pool_util=1.0000±0.0000ϵ[1.0000,1.0000]
