Saved step 0 checkpoint with RNG: /home/jvdillon/research/research/projects/trm3/ckpts/x179q/step00000_rng.pt
  cell_acc=69.38%, puzzle_acc=22.64%
  eval_avg_halt_step: 12.61
  per_H_acc: ['H0=53.6%', 'H1=60.8%', 'H2=62.9%', 'H3=63.9%', 'H4=64.5%', 'H5=64.8%']
  H_cos: ['0.824', '0.961', '0.973', '0.973', '0.977']
  z_H_delta: ['15.500', '8.125', '6.875', '6.750', '6.438']
  cells: fixed=[4170, 2463, 1883, 1898, 1773] broken=[1930, 1817, 1556, 1719, 1665]
  per_ACT_cell_acc: ['H1=53.6%', 'H2=60.8%', 'H3=62.9%', 'H4=63.9%', 'H5=64.5%', 'H6=64.8%', 'H7=65.4%', 'H8=65.7%', 'H9=66.1%', 'H10=66.0%', 'H11=66.0%', 'H12=66.2%', 'H13=66.6%', 'H14=66.6%', 'H15=66.8%', 'H16=66.5%']
  per_ACT_puzzle_acc: ['H1=0.0%', 'H2=1.6%', 'H3=3.1%', 'H4=3.6%', 'H5=6.5%', 'H6=7.3%', 'H7=8.6%', 'H8=10.2%', 'H9=11.7%', 'H10=12.0%', 'H11=12.8%', 'H12=13.3%', 'H13=13.8%', 'H14=14.1%', 'H15=14.1%', 'H16=14.6%']
  mean_sigmoid_q_halt: ['0.001', '0.004', '0.032', '0.050', '0.065', '0.086', '0.094', '0.110', '0.124', '0.137', '0.146', '0.154', '0.157', '0.162', '0.163', '0.165']
  halt_rates: ['0.00', '0.00', '0.03', '0.04', '0.07', '0.09', '0.10', '0.11', '0.12', '0.13', '0.15', '0.15', '0.16', '0.16', '0.16', '0.17']
  halt_histogram %: [10.9, 13.6, 15.0, 22.6, 13.6, 9.4, 5.3, 3.5, 1.8, 1.0, 0.4, 0.2, 0.1, 0.2, 0.0, 2.7]
  Avg ACT steps (last 100): 4.99
  saved: /home/jvdillon/research/research/projects/trm3/ckpts/x179q/step02000.pt acc=69.38% (0.034s)
  saved: /home/jvdillon/research/research/projects/trm3/ckpts/x179q/best.pt acc=69.38% (0.067s)
Step  2000  Test 69.38% / 22.64%  Train lm=1.2910±0.1929ϵ[0.9262,2.9507] q_halt=0.2077±0.4018ϵ[0.0038,4.0045] head0_wins=0.2497±0.0307ϵ[0.1406,0.3542]  (337.807s / 1228.293s)
  cell_acc=73.83%, puzzle_acc=33.28%
  eval_avg_halt_step: 11.64
  per_H_acc: ['H0=52.9%', 'H1=62.4%', 'H2=64.7%', 'H3=66.5%', 'H4=67.7%', 'H5=68.2%']
  H_cos: ['0.820', '0.957', '0.973', '0.973', '0.977']
  z_H_delta: ['13.125', '6.625', '5.750', '5.531', '5.250']
  cells: fixed=[4870, 2500, 2029, 1984, 1682] broken=[1930, 1776, 1466, 1612, 1549]
  per_ACT_cell_acc: ['H1=52.9%', 'H2=62.4%', 'H3=64.7%', 'H4=66.5%', 'H5=67.7%', 'H6=68.2%', 'H7=68.6%', 'H8=68.9%', 'H9=69.1%', 'H10=69.2%', 'H11=69.2%', 'H12=69.4%', 'H13=69.7%', 'H14=69.8%', 'H15=70.1%', 'H16=70.2%']
  per_ACT_puzzle_acc: ['H1=0.0%', 'H2=1.6%', 'H3=3.1%', 'H4=5.5%', 'H5=10.7%', 'H6=13.8%', 'H7=15.4%', 'H8=16.1%', 'H9=18.5%', 'H10=19.0%', 'H11=19.3%', 'H12=19.8%', 'H13=20.8%', 'H14=21.9%', 'H15=21.9%', 'H16=22.4%']
  mean_sigmoid_q_halt: ['0.001', '0.011', '0.032', '0.065', '0.104', '0.141', '0.162', '0.173', '0.199', '0.207', '0.207', '0.215', '0.224', '0.236', '0.237', '0.242']
  halt_rates: ['0.00', '0.01', '0.03', '0.07', '0.10', '0.14', '0.16', '0.17', '0.20', '0.21', '0.21', '0.22', '0.22', '0.24', '0.24', '0.24']
  halt_histogram %: [13.3, 14.5, 13.5, 17.2, 12.2, 9.5, 6.4, 4.6, 2.9, 1.8, 1.1, 0.7, 0.4, 0.3, 0.1, 1.5]
  Avg ACT steps (last 100): 4.86
  saved: /home/jvdillon/research/research/projects/trm3/ckpts/x179q/step04000.pt acc=73.83% (0.036s)
  saved: /home/jvdillon/research/research/projects/trm3/ckpts/x179q/best.pt acc=73.83% (0.084s)
Step  4000  Test 73.83% / 33.28%  Train lm=1.2872±0.0216ϵ[1.2191,1.3663] q_halt=0.0373±0.0238ϵ[0.0037,0.1419] head0_wins=0.2488±0.0312ϵ[0.1406,0.3646]  (303.426s / 1186.217s)
  cell_acc=87.14%, puzzle_acc=67.98%
  eval_avg_halt_step: 7.41
  per_H_acc: ['H0=54.7%', 'H1=64.2%', 'H2=66.4%', 'H3=68.4%', 'H4=70.6%', 'H5=71.5%']
  H_cos: ['0.797', '0.945', '0.965', '0.969', '0.969']
  z_H_delta: ['13.375', '7.250', '6.125', '5.688', '5.469']
  cells: fixed=[4690, 2675, 1830, 2097, 1849] broken=[1759, 1977, 1223, 1417, 1554]
  per_ACT_cell_acc: ['H1=54.7%', 'H2=64.2%', 'H3=66.4%', 'H4=68.4%', 'H5=70.6%', 'H6=71.5%', 'H7=72.2%', 'H8=72.6%', 'H9=73.4%', 'H10=73.9%', 'H11=74.4%', 'H12=74.6%', 'H13=75.0%', 'H14=75.7%', 'H15=76.2%', 'H16=76.4%']
  per_ACT_puzzle_acc: ['H1=0.8%', 'H2=1.6%', 'H3=6.5%', 'H4=13.3%', 'H5=16.7%', 'H6=21.1%', 'H7=23.7%', 'H8=25.5%', 'H9=27.1%', 'H10=28.9%', 'H11=30.5%', 'H12=31.5%', 'H13=33.3%', 'H14=34.9%', 'H15=36.2%', 'H16=36.7%']
  mean_sigmoid_q_halt: ['0.011', '0.016', '0.070', '0.131', '0.167', '0.218', '0.242', '0.262', '0.281', '0.297', '0.318', '0.326', '0.342', '0.355', '0.369', '0.377']
  halt_rates: ['0.00', '0.02', '0.06', '0.12', '0.16', '0.22', '0.24', '0.26', '0.28', '0.30', '0.32', '0.33', '0.34', '0.36', '0.37', '0.38']
  halt_histogram %: [18.0, 17.0, 13.1, 14.2, 10.5, 8.2, 5.8, 4.2, 2.9, 1.9, 1.2, 0.8, 0.5, 0.3, 0.2, 1.2]
  Avg ACT steps (last 100): 3.32
  saved: /home/jvdillon/research/research/projects/trm3/ckpts/x179q/step06000.pt acc=87.14% (0.034s)
  saved: /home/jvdillon/research/research/projects/trm3/ckpts/x179q/best.pt acc=87.14% (0.084s)
Step  6000  Test 87.14% / 67.98%  Train lm=1.2564±0.0235ϵ[1.1680,1.3338] q_halt=0.0319±0.0226ϵ[0.0024,0.1318] head0_wins=0.2508±0.0308ϵ[0.1458,0.3646]  (303.192s / 1186.781s)
  cell_acc=90.82%, puzzle_acc=76.99%
  eval_avg_halt_step: 5.91
  per_H_acc: ['H0=54.5%', 'H1=62.6%', 'H2=67.6%', 'H3=71.0%', 'H4=73.0%', 'H5=74.2%']
  H_cos: ['0.836', '0.957', '0.965', '0.969', '0.973']
  z_H_delta: ['11.750', '5.750', '5.469', '5.188', '4.719']
  cells: fixed=[4306, 3000, 2340, 1980, 1701] broken=[1788, 1458, 1286, 1354, 1316]
  per_ACT_cell_acc: ['H1=54.5%', 'H2=62.6%', 'H3=67.6%', 'H4=71.0%', 'H5=73.0%', 'H6=74.2%', 'H7=75.4%', 'H8=76.0%', 'H9=76.5%', 'H10=77.2%', 'H11=78.4%', 'H12=79.5%', 'H13=80.3%', 'H14=80.8%', 'H15=81.3%', 'H16=81.4%']
  per_ACT_puzzle_acc: ['H1=0.3%', 'H2=2.1%', 'H3=6.5%', 'H4=13.3%', 'H5=18.8%', 'H6=23.7%', 'H7=28.4%', 'H8=31.5%', 'H9=36.2%', 'H10=37.8%', 'H11=39.6%', 'H12=43.0%', 'H13=46.4%', 'H14=47.7%', 'H15=49.0%', 'H16=50.0%']
  mean_sigmoid_q_halt: ['0.050', '0.021', '0.064', '0.140', '0.203', '0.254', '0.305', '0.342', '0.387', '0.400', '0.426', '0.463', '0.494', '0.512', '0.523', '0.531']
  halt_rates: ['0.00', '0.02', '0.06', '0.14', '0.20', '0.25', '0.30', '0.34', '0.39', '0.40', '0.42', '0.46', '0.49', '0.51', '0.53', '0.53']
  halt_histogram %: [25.4, 19.7, 12.6, 11.7, 8.5, 6.6, 4.7, 3.4, 2.4, 1.6, 1.0, 0.7, 0.4, 0.3, 0.2, 0.9]
  Avg ACT steps (last 100): 2.45
  saved: /home/jvdillon/research/research/projects/trm3/ckpts/x179q/step08000.pt acc=90.82% (0.035s)
  saved: /home/jvdillon/research/research/projects/trm3/ckpts/x179q/best.pt acc=90.82% (0.084s)
Step  8000  Test 90.82% / 76.99%  Train lm=1.2028±0.0277ϵ[1.1143,1.2889] q_halt=0.0286±0.0219ϵ[0.0027,0.1706] head0_wins=0.2503±0.0316ϵ[0.1510,0.3698]  (303.360s / 1195.335s)
  cell_acc=93.90%, puzzle_acc=84.99%
  eval_avg_halt_step: 4.67
  per_H_acc: ['H0=55.7%', 'H1=63.3%', 'H2=68.2%', 'H3=72.5%', 'H4=74.6%', 'H5=76.3%']
  H_cos: ['0.820', '0.945', '0.953', '0.957', '0.965']
  z_H_delta: ['12.125', '6.531', '6.156', '5.906', '5.312']
  cells: fixed=[4266, 3064, 2793, 2198, 1854] broken=[1908, 1538, 1454, 1532, 1342]
  per_ACT_cell_acc: ['H1=55.7%', 'H2=63.3%', 'H3=68.2%', 'H4=72.5%', 'H5=74.6%', 'H6=76.3%', 'H7=77.7%', 'H8=78.8%', 'H9=79.9%', 'H10=80.5%', 'H11=81.2%', 'H12=81.7%', 'H13=82.8%', 'H14=83.4%', 'H15=83.4%', 'H16=83.7%']
  per_ACT_puzzle_acc: ['H1=0.8%', 'H2=2.3%', 'H3=9.1%', 'H4=16.9%', 'H5=25.0%', 'H6=31.8%', 'H7=37.5%', 'H8=39.8%', 'H9=43.2%', 'H10=45.8%', 'H11=46.6%', 'H12=49.0%', 'H13=52.1%', 'H14=54.4%', 'H15=55.2%', 'H16=56.5%']
  mean_sigmoid_q_halt: ['0.117', '0.024', '0.107', '0.178', '0.262', '0.328', '0.385', '0.408', '0.443', '0.469', '0.479', '0.504', '0.531', '0.555', '0.562', '0.578']
  halt_rates: ['0.00', '0.02', '0.10', '0.17', '0.26', '0.33', '0.38', '0.41', '0.44', '0.47', '0.48', '0.50', '0.53', '0.55', '0.57', '0.58']
  halt_histogram %: [32.5, 21.2, 11.7, 9.7, 6.9, 5.3, 3.8, 2.8, 1.9, 1.3, 0.8, 0.6, 0.4, 0.3, 0.2, 0.8]
  Avg ACT steps (last 100): 2.15
  saved: /home/jvdillon/research/research/projects/trm3/ckpts/x179q/step10000.pt acc=93.90% (0.034s)
  saved: /home/jvdillon/research/research/projects/trm3/ckpts/x179q/best.pt acc=93.90% (0.082s)
Step 10000  Test 93.90% / 84.99%  Train lm=1.1616±0.0282ϵ[1.0585,1.2410] q_halt=0.0291±0.0211ϵ[0.0026,0.1448] head0_wins=0.2513±0.0314ϵ[0.1302,0.3490]  (303.065s / 1198.331s)
  cell_acc=96.01%, puzzle_acc=90.19%
  eval_avg_halt_step: 3.95
  per_H_acc: ['H0=57.4%', 'H1=64.2%', 'H2=69.7%', 'H3=73.7%', 'H4=76.7%', 'H5=78.3%']
  H_cos: ['0.863', '0.941', '0.953', '0.961', '0.961']
  z_H_delta: ['10.688', '6.562', '6.250', '5.562', '5.219']
  cells: fixed=[4200, 3082, 2742, 2253, 1841] broken=[2094, 1389, 1480, 1318, 1337]
  per_ACT_cell_acc: ['H1=57.4%', 'H2=64.2%', 'H3=69.7%', 'H4=73.7%', 'H5=76.7%', 'H6=78.3%', 'H7=80.5%', 'H8=81.3%', 'H9=81.8%', 'H10=82.4%', 'H11=83.2%', 'H12=84.3%', 'H13=84.7%', 'H14=85.1%', 'H15=86.0%', 'H16=86.8%']
  per_ACT_puzzle_acc: ['H1=0.3%', 'H2=3.4%', 'H3=12.2%', 'H4=21.4%', 'H5=30.2%', 'H6=37.5%', 'H7=43.8%', 'H8=46.9%', 'H9=50.5%', 'H10=52.9%', 'H11=55.7%', 'H12=57.6%', 'H13=58.9%', 'H14=60.9%', 'H15=63.5%', 'H16=64.8%']
  mean_sigmoid_q_halt: ['0.233', '0.026', '0.125', '0.213', '0.295', '0.377', '0.434', '0.475', '0.504', '0.527', '0.555', '0.570', '0.590', '0.605', '0.629', '0.645']
  halt_rates: ['0.03', '0.02', '0.12', '0.21', '0.29', '0.37', '0.43', '0.47', '0.50', '0.53', '0.55', '0.57', '0.59', '0.61', '0.63', '0.65']
  halt_histogram %: [38.7, 21.8, 10.8, 8.3, 5.8, 4.4, 3.1, 2.2, 1.5, 1.0, 0.7, 0.5, 0.3, 0.2, 0.1, 0.6]
  Avg ACT steps (last 100): 1.72
  saved: /home/jvdillon/research/research/projects/trm3/ckpts/x179q/step12000.pt acc=96.01% (0.059s)
  saved: /home/jvdillon/research/research/projects/trm3/ckpts/x179q/best.pt acc=96.01% (0.141s)
Step 12000  Test 96.01% / 90.19%  Train lm=1.1234±0.0273ϵ[1.0216,1.2135] q_halt=0.0280±0.0208ϵ[0.0023,0.1413] head0_wins=0.2510±0.0320ϵ[0.1510,0.3750]  (303.883s / 1203.875s)
  cell_acc=96.10%, puzzle_acc=90.36%
  eval_avg_halt_step: 3.77
  per_H_acc: ['H0=59.9%', 'H1=65.5%', 'H2=70.8%', 'H3=75.3%', 'H4=77.4%', 'H5=79.3%']
  H_cos: ['0.875', '0.945', '0.949', '0.957', '0.965']
  z_H_delta: ['10.312', '6.406', '6.250', '5.625', '4.969']
  cells: fixed=[3880, 3075, 2910, 2052, 1837] broken=[2130, 1433, 1512, 1393, 1242]
  per_ACT_cell_acc: ['H1=59.9%', 'H2=65.5%', 'H3=70.8%', 'H4=75.3%', 'H5=77.4%', 'H6=79.3%', 'H7=80.4%', 'H8=81.4%', 'H9=82.3%', 'H10=83.7%', 'H11=85.5%', 'H12=86.1%', 'H13=86.1%', 'H14=86.2%', 'H15=86.9%', 'H16=87.9%']
  per_ACT_puzzle_acc: ['H1=1.3%', 'H2=3.1%', 'H3=13.0%', 'H4=23.2%', 'H5=31.8%', 'H6=40.1%', 'H7=44.8%', 'H8=49.0%', 'H9=51.6%', 'H10=54.2%', 'H11=58.3%', 'H12=61.5%', 'H13=62.8%', 'H14=64.6%', 'H15=66.1%', 'H16=67.7%']
  mean_sigmoid_q_halt: ['0.326', '0.039', '0.140', '0.241', '0.328', '0.418', '0.459', '0.498', '0.527', '0.551', '0.590', '0.621', '0.641', '0.656', '0.672', '0.691']
  halt_rates: ['0.16', '0.03', '0.13', '0.24', '0.32', '0.42', '0.46', '0.49', '0.53', '0.55', '0.59', '0.62', '0.64', '0.66', '0.67', '0.69']
  halt_histogram %: [43.9, 21.9, 9.9, 7.1, 4.9, 3.6, 2.6, 1.9, 1.3, 0.9, 0.6, 0.4, 0.3, 0.2, 0.1, 0.5]
  Avg ACT steps (last 100): 1.54
  saved: /home/jvdillon/research/research/projects/trm3/ckpts/x179q/step14000.pt acc=96.10% (0.036s)
  saved: /home/jvdillon/research/research/projects/trm3/ckpts/x179q/best.pt acc=96.10% (0.085s)
Step 14000  Test 96.10% / 90.36%  Train lm=1.0934±0.0271ϵ[0.9964,1.1762] q_halt=0.0233±0.0177ϵ[0.0026,0.1545] head0_wins=0.2512±0.0313ϵ[0.1562,0.3542]  (304.651s / 1207.339s)
  cell_acc=97.29%, puzzle_acc=93.38%
  eval_avg_halt_step: 3.28
  per_H_acc: ['H0=60.8%', 'H1=66.7%', 'H2=71.8%', 'H3=76.4%', 'H4=79.3%', 'H5=81.3%']
  H_cos: ['0.879', '0.945', '0.953', '0.953', '0.969']
  z_H_delta: ['10.188', '6.438', '5.969', '5.781', '4.719']
  cells: fixed=[3779, 2848, 2643, 2056, 1619] broken=[1954, 1246, 1236, 1139, 1010]
  per_ACT_cell_acc: ['H1=60.8%', 'H2=66.7%', 'H3=71.8%', 'H4=76.4%', 'H5=79.3%', 'H6=81.3%', 'H7=83.0%', 'H8=84.0%', 'H9=85.2%', 'H10=86.3%', 'H11=87.1%', 'H12=87.8%', 'H13=88.1%', 'H14=88.3%', 'H15=88.8%', 'H16=88.7%']
  per_ACT_puzzle_acc: ['H1=1.0%', 'H2=4.7%', 'H3=14.8%', 'H4=24.5%', 'H5=37.0%', 'H6=45.3%', 'H7=51.3%', 'H8=54.4%', 'H9=57.8%', 'H10=62.5%', 'H11=64.8%', 'H12=66.7%', 'H13=67.4%', 'H14=69.5%', 'H15=70.3%', 'H16=71.6%']
  mean_sigmoid_q_halt: ['0.128', '0.045', '0.158', '0.250', '0.385', '0.459', '0.516', '0.551', '0.582', '0.637', '0.652', '0.676', '0.680', '0.699', '0.711', '0.727']
  halt_rates: ['0.01', '0.04', '0.15', '0.24', '0.38', '0.46', '0.51', '0.55', '0.58', '0.64', '0.65', '0.68', '0.68', '0.70', '0.71', '0.73']
  halt_histogram %: [48.3, 21.7, 9.1, 6.2, 4.2, 3.1, 2.2, 1.6, 1.1, 0.7, 0.5, 0.3, 0.2, 0.2, 0.1, 0.4]
  Avg ACT steps (last 100): 1.36
  saved: /home/jvdillon/research/research/projects/trm3/ckpts/x179q/step16000.pt acc=97.29% (0.035s)
  saved: /home/jvdillon/research/research/projects/trm3/ckpts/x179q/best.pt acc=97.29% (0.084s)
Step 16000  Test 97.29% / 93.38%  Train lm=1.0680±0.0242ϵ[0.9901,1.1389] q_halt=0.0216±0.0170ϵ[0.0024,0.1245] head0_wins=0.2507±0.0318ϵ[0.1510,0.3698]  (304.578s / 1208.613s)
  cell_acc=97.58%, puzzle_acc=94.03%
  eval_avg_halt_step: 3.08
  per_H_acc: ['H0=59.0%', 'H1=65.8%', 'H2=71.3%', 'H3=75.7%', 'H4=77.6%', 'H5=79.2%']
  H_cos: ['0.859', '0.938', '0.938', '0.953', '0.961']
  z_H_delta: ['10.688', '6.906', '6.781', '5.906', '4.906']
  cells: fixed=[4008, 3010, 2942, 2113, 1769] broken=[1909, 1291, 1583, 1510, 1280]
  per_ACT_cell_acc: ['H1=59.0%', 'H2=65.8%', 'H3=71.3%', 'H4=75.7%', 'H5=77.6%', 'H6=79.2%', 'H7=81.6%', 'H8=83.0%', 'H9=84.0%', 'H10=84.8%', 'H11=85.8%', 'H12=87.0%', 'H13=87.7%', 'H14=87.8%', 'H15=88.5%', 'H16=88.8%']
  per_ACT_puzzle_acc: ['H1=1.8%', 'H2=4.4%', 'H3=13.5%', 'H4=27.1%', 'H5=34.9%', 'H6=41.4%', 'H7=46.1%', 'H8=51.3%', 'H9=54.4%', 'H10=58.1%', 'H11=61.7%', 'H12=63.8%', 'H13=66.1%', 'H14=68.0%', 'H15=69.3%', 'H16=70.3%']
  mean_sigmoid_q_halt: ['0.146', '0.053', '0.164', '0.275', '0.369', '0.432', '0.467', '0.520', '0.559', '0.590', '0.621', '0.652', '0.672', '0.691', '0.699', '0.719']
  halt_rates: ['0.01', '0.04', '0.15', '0.26', '0.36', '0.43', '0.46', '0.52', '0.55', '0.59', '0.62', '0.65', '0.67', '0.69', '0.70', '0.72']
  halt_histogram %: [52.1, 21.3, 8.5, 5.5, 3.7, 2.7, 1.9, 1.4, 0.9, 0.6, 0.4, 0.3, 0.2, 0.1, 0.1, 0.4]
  Avg ACT steps (last 100): 1.45
  saved: /home/jvdillon/research/research/projects/trm3/ckpts/x179q/step18000.pt acc=97.58% (0.035s)
  saved: /home/jvdillon/research/research/projects/trm3/ckpts/x179q/best.pt acc=97.58% (0.083s)
Step 18000  Test 97.58% / 94.03%  Train lm=1.0443±0.0230ϵ[0.9705,1.1136] q_halt=0.0202±0.0155ϵ[0.0021,0.1056] head0_wins=0.2519±0.0315ϵ[0.1510,0.3594]  (304.882s / 1210.375s)
  cell_acc=97.92%, puzzle_acc=94.92%
  eval_avg_halt_step: 2.83
  per_H_acc: ['H0=60.1%', 'H1=65.7%', 'H2=71.5%', 'H3=77.2%', 'H4=79.6%', 'H5=81.1%']
  H_cos: ['0.863', '0.941', '0.938', '0.953', '0.961']
  z_H_delta: ['10.750', '6.750', '6.812', '5.906', '4.938']
  cells: fixed=[3749, 3060, 3177, 1998, 1589] broken=[2018, 1251, 1415, 1247, 1120]
  per_ACT_cell_acc: ['H1=60.1%', 'H2=65.7%', 'H3=71.5%', 'H4=77.2%', 'H5=79.6%', 'H6=81.1%', 'H7=82.6%', 'H8=83.9%', 'H9=85.7%', 'H10=87.5%', 'H11=89.0%', 'H12=89.4%', 'H13=90.1%', 'H14=90.2%', 'H15=90.5%', 'H16=91.0%']
  per_ACT_puzzle_acc: ['H1=1.8%', 'H2=5.5%', 'H3=14.1%', 'H4=27.6%', 'H5=40.4%', 'H6=47.7%', 'H7=52.9%', 'H8=56.0%', 'H9=60.7%', 'H10=64.6%', 'H11=68.0%', 'H12=70.8%', 'H13=72.9%', 'H14=74.0%', 'H15=75.0%', 'H16=76.3%']
  mean_sigmoid_q_halt: ['0.191', '0.069', '0.159', '0.287', '0.406', '0.494', '0.535', '0.566', '0.621', '0.652', '0.688', '0.715', '0.734', '0.750', '0.758', '0.766']
  halt_rates: ['0.03', '0.06', '0.14', '0.28', '0.40', '0.49', '0.53', '0.56', '0.62', '0.65', '0.69', '0.71', '0.74', '0.75', '0.76', '0.77']
  halt_histogram %: [55.3, 20.9, 7.9, 4.9, 3.2, 2.3, 1.6, 1.2, 0.8, 0.6, 0.4, 0.3, 0.2, 0.1, 0.1, 0.3]
  Avg ACT steps (last 100): 1.31
  saved: /home/jvdillon/research/research/projects/trm3/ckpts/x179q/step20000.pt acc=97.92% (0.036s)
  saved: /home/jvdillon/research/research/projects/trm3/ckpts/x179q/best.pt acc=97.92% (0.130s)
Step 20000  Test 97.92% / 94.92%  Train lm=1.0258±0.0215ϵ[0.9549,1.0901] q_halt=0.0180±0.0140ϵ[0.0022,0.0966] head0_wins=0.2523±0.0315ϵ[0.1406,0.3542]  (304.797s / 1211.906s)
  cell_acc=98.51%, puzzle_acc=96.38%
  eval_avg_halt_step: 2.56
  per_H_acc: ['H0=63.2%', 'H1=70.1%', 'H2=74.7%', 'H3=79.3%', 'H4=81.7%', 'H5=84.2%']
  H_cos: ['0.855', '0.934', '0.941', '0.957', '0.965']
  z_H_delta: ['11.188', '7.188', '6.344', '5.312', '4.438']
  cells: fixed=[4175, 2706, 2541, 1844, 1665] broken=[2028, 1287, 1124, 1086, 875]
  per_ACT_cell_acc: ['H1=63.2%', 'H2=70.1%', 'H3=74.7%', 'H4=79.3%', 'H5=81.7%', 'H6=84.2%', 'H7=85.9%', 'H8=86.7%', 'H9=87.4%', 'H10=88.3%', 'H11=89.2%', 'H12=90.3%', 'H13=91.3%', 'H14=91.8%', 'H15=92.1%', 'H16=92.6%']
  per_ACT_puzzle_acc: ['H1=2.1%', 'H2=12.5%', 'H3=27.1%', 'H4=38.5%', 'H5=48.7%', 'H6=54.9%', 'H7=59.1%', 'H8=63.0%', 'H9=66.7%', 'H10=69.3%', 'H11=71.1%', 'H12=74.0%', 'H13=75.8%', 'H14=77.6%', 'H15=79.4%', 'H16=79.9%']
  mean_sigmoid_q_halt: ['0.135', '0.132', '0.283', '0.402', '0.492', '0.555', '0.594', '0.629', '0.668', '0.699', '0.719', '0.738', '0.766', '0.785', '0.801', '0.809']
  halt_rates: ['0.01', '0.12', '0.28', '0.39', '0.48', '0.55', '0.59', '0.63', '0.66', '0.70', '0.72', '0.74', '0.77', '0.78', '0.80', '0.81']
  halt_histogram %: [58.1, 20.4, 7.3, 4.4, 2.9, 2.1, 1.4, 1.0, 0.7, 0.5, 0.3, 0.2, 0.1, 0.1, 0.1, 0.3]
  Avg ACT steps (last 100): 1.36
  saved: /home/jvdillon/research/research/projects/trm3/ckpts/x179q/step22000.pt acc=98.51% (0.036s)
  saved: /home/jvdillon/research/research/projects/trm3/ckpts/x179q/best.pt acc=98.51% (0.129s)
Step 22000  Test 98.51% / 96.38%  Train lm=1.0072±0.0202ϵ[0.9478,1.0752] q_halt=0.0166±0.0130ϵ[0.0021,0.0841] head0_wins=0.2520±0.0315ϵ[0.1354,0.3542]  (304.607s / 1213.571s)
  cell_acc=98.69%, puzzle_acc=96.81%
  eval_avg_halt_step: 2.43
  per_H_acc: ['H0=62.9%', 'H1=68.8%', 'H2=73.7%', 'H3=78.1%', 'H4=81.1%', 'H5=84.0%']
  H_cos: ['0.859', '0.934', '0.938', '0.953', '0.961']
  z_H_delta: ['11.188', '7.312', '6.562', '5.656', '4.625']
  cells: fixed=[3818, 2775, 2680, 2007, 1812] broken=[1987, 1253, 1311, 1084, 894]
  per_ACT_cell_acc: ['H1=62.9%', 'H2=68.8%', 'H3=73.7%', 'H4=78.1%', 'H5=81.1%', 'H6=84.0%', 'H7=85.6%', 'H8=86.9%', 'H9=87.7%', 'H10=88.3%', 'H11=89.2%', 'H12=90.1%', 'H13=90.5%', 'H14=90.7%', 'H15=90.9%', 'H16=91.5%']
  per_ACT_puzzle_acc: ['H1=2.1%', 'H2=8.9%', 'H3=22.4%', 'H4=36.2%', 'H5=45.6%', 'H6=52.1%', 'H7=58.9%', 'H8=63.8%', 'H9=66.1%', 'H10=69.3%', 'H11=70.8%', 'H12=73.4%', 'H13=75.0%', 'H14=75.8%', 'H15=75.8%', 'H16=77.3%']
  mean_sigmoid_q_halt: ['0.199', '0.105', '0.244', '0.363', '0.473', '0.535', '0.594', '0.641', '0.668', '0.695', '0.711', '0.738', '0.758', '0.762', '0.762', '0.773']
  halt_rates: ['0.03', '0.09', '0.23', '0.35', '0.47', '0.53', '0.59', '0.64', '0.66', '0.69', '0.71', '0.74', '0.76', '0.76', '0.76', '0.77']
  halt_histogram %: [60.5, 19.9, 6.9, 4.0, 2.6, 1.8, 1.3, 0.9, 0.6, 0.4, 0.3, 0.2, 0.1, 0.1, 0.1, 0.2]
  Avg ACT steps (last 100): 1.37
  saved: /home/jvdillon/research/research/projects/trm3/ckpts/x179q/step24000.pt acc=98.69% (0.036s)
  saved: /home/jvdillon/research/research/projects/trm3/ckpts/x179q/best.pt acc=98.69% (0.085s)
Step 24000  Test 98.69% / 96.81%  Train lm=0.9918±0.0182ϵ[0.9354,1.0441] q_halt=0.0148±0.0122ϵ[0.0022,0.0765] head0_wins=0.2528±0.0315ϵ[0.1615,0.3698]  (304.764s / 1215.421s)
  cell_acc=98.85%, puzzle_acc=97.22%
  eval_avg_halt_step: 2.37
  per_H_acc: ['H0=62.8%', 'H1=69.3%', 'H2=74.3%', 'H3=78.5%', 'H4=81.4%', 'H5=84.2%']
  H_cos: ['0.859', '0.934', '0.938', '0.953', '0.953']
  z_H_delta: ['11.188', '7.312', '6.625', '5.375', '4.719']
  cells: fixed=[4066, 2894, 2606, 2098, 1843] broken=[2060, 1319, 1312, 1179, 1001]
  per_ACT_cell_acc: ['H1=62.8%', 'H2=69.3%', 'H3=74.3%', 'H4=78.5%', 'H5=81.4%', 'H6=84.2%', 'H7=85.8%', 'H8=87.3%', 'H9=87.8%', 'H10=89.0%', 'H11=90.1%', 'H12=91.3%', 'H13=91.8%', 'H14=92.7%', 'H15=92.9%', 'H16=93.4%']
  per_ACT_puzzle_acc: ['H1=2.1%', 'H2=10.7%', 'H3=23.7%', 'H4=37.0%', 'H5=44.8%', 'H6=54.4%', 'H7=59.4%', 'H8=65.4%', 'H9=67.4%', 'H10=70.3%', 'H11=74.7%', 'H12=75.5%', 'H13=78.1%', 'H14=79.7%', 'H15=80.7%', 'H16=81.5%']
  mean_sigmoid_q_halt: ['0.252', '0.119', '0.264', '0.383', '0.469', '0.555', '0.602', '0.652', '0.680', '0.707', '0.742', '0.758', '0.785', '0.809', '0.812', '0.816']
  halt_rates: ['0.09', '0.10', '0.25', '0.37', '0.47', '0.55', '0.60', '0.65', '0.68', '0.70', '0.74', '0.76', '0.78', '0.81', '0.81', '0.82']
  halt_histogram %: [62.7, 19.4, 6.4, 3.6, 2.3, 1.6, 1.1, 0.8, 0.6, 0.4, 0.3, 0.2, 0.1, 0.1, 0.1, 0.2]
  Avg ACT steps (last 100): 1.23
  saved: /home/jvdillon/research/research/projects/trm3/ckpts/x179q/step26000.pt acc=98.85% (0.036s)
  saved: /home/jvdillon/research/research/projects/trm3/ckpts/x179q/best.pt acc=98.85% (0.084s)
Step 26000  Test 98.85% / 97.22%  Train lm=0.9794±0.0162ϵ[0.9301,1.0401] q_halt=0.0128±0.0111ϵ[0.0021,0.0843] head0_wins=0.2533±0.0315ϵ[0.1458,0.3490]  (304.624s / 1216.377s)
  cell_acc=98.93%, puzzle_acc=97.42%
  eval_avg_halt_step: 2.27
  per_H_acc: ['H0=62.6%', 'H1=70.0%', 'H2=76.1%', 'H3=80.4%', 'H4=83.0%', 'H5=84.8%']
  H_cos: ['0.855', '0.930', '0.938', '0.949', '0.961']
  z_H_delta: ['11.500', '7.531', '6.656', '5.438', '4.438']
  cells: fixed=[4269, 3023, 2655, 1873, 1558] broken=[1969, 1128, 1320, 1067, 993]
  per_ACT_cell_acc: ['H1=62.6%', 'H2=70.0%', 'H3=76.1%', 'H4=80.4%', 'H5=83.0%', 'H6=84.8%', 'H7=86.7%', 'H8=88.1%', 'H9=89.4%', 'H10=90.6%', 'H11=91.3%', 'H12=91.9%', 'H13=92.5%', 'H14=92.9%', 'H15=93.1%', 'H16=93.3%']
  per_ACT_puzzle_acc: ['H1=2.1%', 'H2=10.4%', 'H3=27.9%', 'H4=39.8%', 'H5=50.5%', 'H6=58.1%', 'H7=62.5%', 'H8=67.4%', 'H9=70.6%', 'H10=74.0%', 'H11=76.0%', 'H12=77.6%', 'H13=79.7%', 'H14=80.7%', 'H15=82.3%', 'H16=82.8%']
  mean_sigmoid_q_halt: ['0.227', '0.131', '0.305', '0.418', '0.520', '0.594', '0.633', '0.680', '0.711', '0.742', '0.773', '0.781', '0.801', '0.812', '0.828', '0.832']
  halt_rates: ['0.05', '0.12', '0.29', '0.41', '0.51', '0.59', '0.63', '0.68', '0.71', '0.74', '0.76', '0.78', '0.80', '0.81', '0.83', '0.83']
  halt_histogram %: [64.7, 18.9, 6.0, 3.3, 2.1, 1.5, 1.0, 0.7, 0.5, 0.3, 0.2, 0.2, 0.1, 0.1, 0.0, 0.2]
  Avg ACT steps (last 100): 1.21
  saved: /home/jvdillon/research/research/projects/trm3/ckpts/x179q/step28000.pt acc=98.93% (0.036s)
  saved: /home/jvdillon/research/research/projects/trm3/ckpts/x179q/best.pt acc=98.93% (0.085s)
Step 28000  Test 98.93% / 97.42%  Train lm=0.9692±0.0142ϵ[0.9283,1.0095] q_halt=0.0115±0.0101ϵ[0.0021,0.0714] head0_wins=0.2545±0.0307ϵ[0.1458,0.3490]  (304.402s / 1216.825s)
  cell_acc=99.01%, puzzle_acc=97.60%
  eval_avg_halt_step: 2.24
  per_H_acc: ['H0=62.8%', 'H1=71.6%', 'H2=76.8%', 'H3=80.9%', 'H4=83.6%', 'H5=84.9%']
  H_cos: ['0.848', '0.930', '0.938', '0.953', '0.961']
  z_H_delta: ['11.812', '7.625', '6.531', '5.125', '4.250']
  cells: fixed=[4571, 2805, 2463, 1923, 1500] broken=[1842, 1186, 1189, 1088, 1097]
  per_ACT_cell_acc: ['H1=62.8%', 'H2=71.6%', 'H3=76.8%', 'H4=80.9%', 'H5=83.6%', 'H6=84.9%', 'H7=86.3%', 'H8=87.5%', 'H9=88.9%', 'H10=90.1%', 'H11=91.3%', 'H12=92.6%', 'H13=93.1%', 'H14=93.5%', 'H15=93.6%', 'H16=93.7%']
  per_ACT_puzzle_acc: ['H1=2.1%', 'H2=11.2%', 'H3=31.2%', 'H4=42.7%', 'H5=51.0%', 'H6=57.6%', 'H7=62.5%', 'H8=65.4%', 'H9=69.0%', 'H10=72.9%', 'H11=75.5%', 'H12=77.9%', 'H13=80.7%', 'H14=82.8%', 'H15=83.1%', 'H16=84.1%']
  mean_sigmoid_q_halt: ['0.279', '0.142', '0.342', '0.447', '0.531', '0.582', '0.629', '0.668', '0.699', '0.734', '0.758', '0.785', '0.816', '0.832', '0.836', '0.840']
  halt_rates: ['0.11', '0.12', '0.33', '0.44', '0.53', '0.58', '0.63', '0.66', '0.70', '0.73', '0.76', '0.78', '0.82', '0.83', '0.83', '0.84']
  halt_histogram %: [66.3, 18.5, 5.7, 3.1, 1.9, 1.4, 0.9, 0.7, 0.5, 0.3, 0.2, 0.1, 0.1, 0.1, 0.0, 0.2]
  Avg ACT steps (last 100): 1.32
  saved: /home/jvdillon/research/research/projects/trm3/ckpts/x179q/step30000.pt acc=99.01% (0.036s)
  saved: /home/jvdillon/research/research/projects/trm3/ckpts/x179q/best.pt acc=99.01% (0.085s)
Step 30000  Test 99.01% / 97.60%  Train lm=0.9628±0.0134ϵ[0.9234,0.9983] q_halt=0.0117±0.0100ϵ[0.0022,0.0904] head0_wins=0.2555±0.0311ϵ[0.1719,0.3646]  (304.589s / 1217.415s)
  cell_acc=98.99%, puzzle_acc=97.55%
  eval_avg_halt_step: 2.26
  per_H_acc: ['H0=62.8%', 'H1=70.8%', 'H2=75.8%', 'H3=80.6%', 'H4=83.1%', 'H5=85.1%']
  H_cos: ['0.848', '0.934', '0.934', '0.953', '0.961']
  z_H_delta: ['11.750', '7.438', '6.625', '5.375', '4.375']
  cells: fixed=[4347, 2777, 2747, 1838, 1560] broken=[1880, 1203, 1264, 1053, 962]
  per_ACT_cell_acc: ['H1=62.8%', 'H2=70.8%', 'H3=75.8%', 'H4=80.6%', 'H5=83.1%', 'H6=85.1%', 'H7=86.4%', 'H8=87.6%', 'H9=88.6%', 'H10=90.3%', 'H11=91.5%', 'H12=92.3%', 'H13=92.6%', 'H14=93.0%', 'H15=93.3%', 'H16=93.8%']
  per_ACT_puzzle_acc: ['H1=2.1%', 'H2=12.2%', 'H3=27.9%', 'H4=40.6%', 'H5=50.5%', 'H6=57.3%', 'H7=61.2%', 'H8=65.6%', 'H9=68.8%', 'H10=71.9%', 'H11=75.3%', 'H12=77.9%', 'H13=79.2%', 'H14=81.2%', 'H15=82.3%', 'H16=83.6%']
  mean_sigmoid_q_halt: ['0.279', '0.138', '0.318', '0.436', '0.523', '0.582', '0.633', '0.660', '0.688', '0.730', '0.754', '0.781', '0.793', '0.816', '0.828', '0.840']
  halt_rates: ['0.10', '0.12', '0.31', '0.42', '0.52', '0.58', '0.63', '0.66', '0.68', '0.73', '0.75', '0.78', '0.79', '0.82', '0.83', '0.84']
  halt_histogram %: [67.7, 18.2, 5.4, 2.9, 1.8, 1.2, 0.9, 0.6, 0.4, 0.3, 0.2, 0.1, 0.1, 0.1, 0.0, 0.2]
  Avg ACT steps (last 100): 1.19
  saved: /home/jvdillon/research/research/projects/trm3/ckpts/x179q/step32000.pt acc=98.99% (0.036s)
Step 32000  Test 98.99% / 97.55%  Train lm=0.9618±0.0132ϵ[0.9216,1.0064] q_halt=0.0115±0.0099ϵ[0.0022,0.0748] head0_wins=0.2549±0.0312ϵ[0.1354,0.3594]  (304.472s / 1217.458s)
  cell_acc=99.05%, puzzle_acc=97.70%
  eval_avg_halt_step: 2.22
  per_H_acc: ['H0=62.9%', 'H1=70.8%', 'H2=75.5%', 'H3=80.5%', 'H4=83.3%', 'H5=85.6%']
  H_cos: ['0.848', '0.934', '0.934', '0.953', '0.957']
  z_H_delta: ['11.750', '7.406', '6.594', '5.375', '4.562']
  cells: fixed=[4356, 2673, 2826, 1935, 1625] broken=[1894, 1231, 1252, 1080, 896]
  per_ACT_cell_acc: ['H1=62.9%', 'H2=70.8%', 'H3=75.5%', 'H4=80.5%', 'H5=83.3%', 'H6=85.6%', 'H7=87.3%', 'H8=88.7%', 'H9=89.4%', 'H10=90.3%', 'H11=91.3%', 'H12=91.8%', 'H13=92.2%', 'H14=92.8%', 'H15=93.4%', 'H16=94.2%']
  per_ACT_puzzle_acc: ['H1=2.1%', 'H2=11.7%', 'H3=27.6%', 'H4=39.6%', 'H5=51.0%', 'H6=58.9%', 'H7=63.5%', 'H8=68.5%', 'H9=71.4%', 'H10=72.7%', 'H11=75.0%', 'H12=77.3%', 'H13=79.2%', 'H14=80.5%', 'H15=81.8%', 'H16=83.6%']
  mean_sigmoid_q_halt: ['0.277', '0.143', '0.314', '0.416', '0.520', '0.598', '0.645', '0.688', '0.715', '0.738', '0.762', '0.781', '0.793', '0.812', '0.824', '0.844']
  halt_rates: ['0.10', '0.13', '0.30', '0.40', '0.51', '0.59', '0.64', '0.68', '0.71', '0.73', '0.76', '0.78', '0.79', '0.81', '0.82', '0.84']
  halt_histogram %: [68.9, 17.8, 5.2, 2.7, 1.6, 1.2, 0.8, 0.6, 0.4, 0.3, 0.2, 0.1, 0.1, 0.1, 0.0, 0.2]
  Avg ACT steps (last 100): 1.33
  saved: /home/jvdillon/research/research/projects/trm3/ckpts/x179q/step34000.pt acc=99.05% (0.034s)
  saved: /home/jvdillon/research/research/projects/trm3/ckpts/x179q/best.pt acc=99.05% (0.128s)
Step 34000  Test 99.05% / 97.70%  Train lm=0.9611±0.0132ϵ[0.9254,1.0162] q_halt=0.0112±0.0094ϵ[0.0021,0.0645] head0_wins=0.2547±0.0305ϵ[0.1667,0.3594]  (304.381s / 1217.262s)
