  cell_acc=65.50%, puzzle_acc=14.71%
  eval_avg_halt_step: 12.22
  per_H_acc: ['H0=51.6%', 'H1=58.2%', 'H2=61.5%', 'H3=62.8%', 'H4=63.3%', 'H5=63.4%']
  H_cos: ['0.809', '0.945', '0.969', '0.977', '0.980']
  z_H_delta: ['15.125', '8.125', '6.281', '5.625', '5.281']
  cells: fixed=[3576, 2447, 1729, 1188, 826] broken=[1512, 1446, 1309, 1025, 794]
  per_ACT_cell_acc: ['H1=51.6%', 'H2=58.2%', 'H3=61.5%', 'H4=62.8%', 'H5=63.3%', 'H6=63.4%', 'H7=63.5%', 'H8=63.6%', 'H9=63.8%', 'H10=64.1%', 'H11=64.5%', 'H12=64.3%', 'H13=64.2%', 'H14=64.3%', 'H15=64.3%', 'H16=64.5%']
  per_ACT_puzzle_acc: ['H1=0.0%', 'H2=0.8%', 'H3=1.6%', 'H4=2.9%', 'H5=3.9%', 'H6=4.9%', 'H7=6.5%', 'H8=7.6%', 'H9=8.6%', 'H10=9.1%', 'H11=9.4%', 'H12=10.2%', 'H13=10.2%', 'H14=10.7%', 'H15=10.7%', 'H16=10.9%']
  mean_sigmoid_q_halt: ['0.001', '0.002', '0.019', '0.045', '0.078', '0.106', '0.121', '0.141', '0.166', '0.169', '0.185', '0.191', '0.199', '0.206', '0.208', '0.213']
  halt_rates: ['0.00', '0.00', '0.02', '0.04', '0.07', '0.10', '0.12', '0.14', '0.16', '0.16', '0.18', '0.19', '0.20', '0.20', '0.21', '0.21']
  halt_histogram %: [8.5, 14.4, 25.0, 22.3, 13.1, 6.7, 3.4, 2.2, 1.3, 0.4, 0.1, 0.0, 0.0, 0.0, 0.1, 2.5]
  Avg ACT steps (last 100): 3.74
  saved: /home/jvdillon/research/research/projects/trm3/ckpts/x179e/step02000.pt acc=65.50% (0.044s)
  saved: /home/jvdillon/research/research/projects/trm3/ckpts/x179e/best.pt acc=65.50% (0.084s)
Step  2000  Test 65.50% / 14.71%  Train lm=1.2740±0.2082ϵ[0.9276,2.9455] q_halt=0.2125±0.4449ϵ[0.0018,3.8927] head0_wins=0.2478±0.0518ϵ[0.0625,0.6667]  (301.554s / 565.683s)
  cell_acc=68.81%, puzzle_acc=23.05%
  eval_avg_halt_step: 12.24
  per_H_acc: ['H0=52.4%', 'H1=61.5%', 'H2=62.8%', 'H3=62.9%', 'H4=63.4%', 'H5=64.3%']
  H_cos: ['0.758', '0.961', '0.977', '0.980', '0.980']
  z_H_delta: ['15.250', '6.719', '5.125', '4.656', '4.438']
  cells: fixed=[4396, 2150, 1248, 900, 1069] broken=[1552, 1759, 1213, 747, 797]
  per_ACT_cell_acc: ['H1=52.4%', 'H2=61.5%', 'H3=62.8%', 'H4=62.9%', 'H5=63.4%', 'H6=64.3%', 'H7=64.8%', 'H8=65.2%', 'H9=65.3%', 'H10=65.5%', 'H11=65.8%', 'H12=66.2%', 'H13=66.4%', 'H14=66.7%', 'H15=66.6%', 'H16=66.7%']
  per_ACT_puzzle_acc: ['H1=0.0%', 'H2=1.0%', 'H3=2.6%', 'H4=4.4%', 'H5=5.7%', 'H6=7.6%', 'H7=8.6%', 'H8=10.4%', 'H9=11.2%', 'H10=12.2%', 'H11=13.8%', 'H12=15.1%', 'H13=16.1%', 'H14=16.4%', 'H15=17.4%', 'H16=18.5%']
  mean_sigmoid_q_halt: ['0.001', '0.011', '0.033', '0.067', '0.071', '0.085', '0.107', '0.127', '0.140', '0.148', '0.166', '0.186', '0.186', '0.194', '0.204', '0.213']
  halt_rates: ['0.00', '0.01', '0.02', '0.06', '0.06', '0.08', '0.10', '0.12', '0.14', '0.14', '0.16', '0.18', '0.18', '0.18', '0.20', '0.21']
  halt_histogram %: [10.1, 13.7, 19.8, 18.9, 13.8, 9.1, 5.7, 3.5, 2.2, 1.0, 0.5, 0.2, 0.1, 0.1, 0.0, 1.4]
  Avg ACT steps (last 100): 4.24
  saved: /home/jvdillon/research/research/projects/trm3/ckpts/x179e/step04000.pt acc=68.81% (0.044s)
  saved: /home/jvdillon/research/research/projects/trm3/ckpts/x179e/best.pt acc=68.81% (0.090s)
Step  4000  Test 68.81% / 23.05%  Train lm=1.2778±0.0301ϵ[1.1770,1.3691] q_halt=0.0263±0.0294ϵ[0.0012,0.3815] head0_wins=0.2541±0.0437ϵ[0.1146,0.3958]  (301.699s / 561.995s)
  cell_acc=74.60%, puzzle_acc=37.35%
  eval_avg_halt_step: 10.86
  per_H_acc: ['H0=49.9%', 'H1=61.4%', 'H2=63.1%', 'H3=63.8%', 'H4=64.5%', 'H5=65.3%']
  H_cos: ['0.688', '0.961', '0.973', '0.980', '0.984']
  z_H_delta: ['16.000', '7.000', '5.344', '4.969', '4.500']
  cells: fixed=[5141, 2380, 1500, 1333, 1367] broken=[1553, 1852, 1274, 1126, 1108]
  per_ACT_cell_acc: ['H1=49.9%', 'H2=61.4%', 'H3=63.1%', 'H4=63.8%', 'H5=64.5%', 'H6=65.3%', 'H7=66.2%', 'H8=66.8%', 'H9=67.1%', 'H10=67.6%', 'H11=67.6%', 'H12=67.9%', 'H13=68.2%', 'H14=68.1%', 'H15=68.2%', 'H16=68.4%']
  per_ACT_puzzle_acc: ['H1=0.0%', 'H2=1.3%', 'H3=4.2%', 'H4=7.0%', 'H5=9.6%', 'H6=10.9%', 'H7=12.2%', 'H8=14.3%', 'H9=15.6%', 'H10=16.4%', 'H11=18.0%', 'H12=18.8%', 'H13=19.5%', 'H14=19.8%', 'H15=20.1%', 'H16=20.3%']
  mean_sigmoid_q_halt: ['0.000', '0.012', '0.050', '0.097', '0.129', '0.140', '0.164', '0.188', '0.203', '0.209', '0.228', '0.237', '0.247', '0.252', '0.250', '0.252']
  halt_rates: ['0.00', '0.01', '0.04', '0.09', '0.13', '0.14', '0.16', '0.19', '0.20', '0.21', '0.23', '0.24', '0.25', '0.25', '0.25', '0.25']
  halt_histogram %: [12.2, 13.8, 17.5, 16.7, 12.9, 9.3, 6.3, 4.2, 2.7, 1.5, 0.8, 0.5, 0.3, 0.2, 0.1, 1.0]
  Avg ACT steps (last 100): 4.46
  saved: /home/jvdillon/research/research/projects/trm3/ckpts/x179e/step06000.pt acc=74.60% (0.043s)
  saved: /home/jvdillon/research/research/projects/trm3/ckpts/x179e/best.pt acc=74.60% (0.088s)
Step  6000  Test 74.60% / 37.35%  Train lm=1.2786±0.0272ϵ[1.1850,1.3739] q_halt=0.0222±0.0266ϵ[0.0010,0.1710] head0_wins=0.2508±0.0438ϵ[0.1146,0.4271]  (301.580s / 562.023s)
  cell_acc=82.50%, puzzle_acc=56.46%
  eval_avg_halt_step: 8.78
  per_H_acc: ['H0=52.5%', 'H1=63.5%', 'H2=65.4%', 'H3=67.0%', 'H4=68.5%', 'H5=69.3%']
  H_cos: ['0.746', '0.965', '0.977', '0.977', '0.980']
  z_H_delta: ['14.812', '6.406', '5.188', '5.188', '4.688']
  cells: fixed=[5079, 2317, 1692, 1709, 1482] broken=[1663, 1720, 1217, 1237, 1225]
  per_ACT_cell_acc: ['H1=52.5%', 'H2=63.5%', 'H3=65.4%', 'H4=67.0%', 'H5=68.5%', 'H6=69.3%', 'H7=70.1%', 'H8=70.6%', 'H9=71.4%', 'H10=72.0%', 'H11=72.2%', 'H12=72.2%', 'H13=72.1%', 'H14=72.4%', 'H15=72.9%', 'H16=73.1%']
  per_ACT_puzzle_acc: ['H1=0.0%', 'H2=1.8%', 'H3=4.2%', 'H4=8.6%', 'H5=13.3%', 'H6=16.7%', 'H7=19.0%', 'H8=21.1%', 'H9=24.0%', 'H10=24.7%', 'H11=26.0%', 'H12=27.6%', 'H13=28.9%', 'H14=29.2%', 'H15=29.4%', 'H16=30.7%']
  mean_sigmoid_q_halt: ['0.000', '0.017', '0.046', '0.084', '0.146', '0.186', '0.218', '0.232', '0.262', '0.277', '0.289', '0.307', '0.320', '0.322', '0.324', '0.338']
  halt_rates: ['0.00', '0.02', '0.04', '0.08', '0.15', '0.18', '0.22', '0.23', '0.26', '0.28', '0.29', '0.31', '0.32', '0.32', '0.33', '0.34']
  halt_histogram %: [14.9, 14.5, 16.1, 15.1, 11.9, 8.8, 6.2, 4.3, 2.9, 1.7, 1.0, 0.6, 0.4, 0.3, 0.2, 0.9]
  Avg ACT steps (last 100): 3.96
  saved: /home/jvdillon/research/research/projects/trm3/ckpts/x179e/step08000.pt acc=82.50% (0.043s)
  saved: /home/jvdillon/research/research/projects/trm3/ckpts/x179e/best.pt acc=82.50% (0.090s)
Step  8000  Test 82.50% / 56.46%  Train lm=1.2678±0.0263ϵ[1.1789,1.3486] q_halt=0.0189±0.0242ϵ[0.0010,0.1655] head0_wins=0.2516±0.0440ϵ[0.1146,0.3958]  (301.619s / 562.539s)
  cell_acc=86.92%, puzzle_acc=67.45%
  eval_avg_halt_step: 7.14
  per_H_acc: ['H0=53.0%', 'H1=63.2%', 'H2=65.5%', 'H3=68.0%', 'H4=70.1%', 'H5=71.8%']
  H_cos: ['0.707', '0.961', '0.973', '0.969', '0.977']
  z_H_delta: ['15.938', '6.688', '5.594', '5.531', '4.844']
  cells: fixed=[4895, 2374, 2025, 1960, 1699] broken=[1717, 1655, 1261, 1307, 1156]
  per_ACT_cell_acc: ['H1=53.0%', 'H2=63.2%', 'H3=65.5%', 'H4=68.0%', 'H5=70.1%', 'H6=71.8%', 'H7=72.6%', 'H8=73.5%', 'H9=74.2%', 'H10=74.9%', 'H11=75.5%', 'H12=75.7%', 'H13=76.4%', 'H14=76.7%', 'H15=77.1%', 'H16=77.5%']
  per_ACT_puzzle_acc: ['H1=0.0%', 'H2=2.3%', 'H3=4.4%', 'H4=7.3%', 'H5=14.3%', 'H6=17.4%', 'H7=22.4%', 'H8=25.5%', 'H9=28.6%', 'H10=30.2%', 'H11=32.3%', 'H12=34.1%', 'H13=35.2%', 'H14=35.9%', 'H15=38.3%', 'H16=39.1%']
  mean_sigmoid_q_halt: ['0.000', '0.018', '0.054', '0.089', '0.167', '0.192', '0.247', '0.279', '0.312', '0.324', '0.346', '0.365', '0.383', '0.389', '0.410', '0.418']
  halt_rates: ['0.00', '0.02', '0.05', '0.09', '0.16', '0.19', '0.25', '0.28', '0.31', '0.32', '0.35', '0.37', '0.38', '0.39', '0.41', '0.42']
  halt_histogram %: [18.7, 15.7, 15.2, 13.7, 10.8, 8.0, 5.8, 4.1, 2.8, 1.7, 1.1, 0.7, 0.4, 0.3, 0.2, 0.9]
  Avg ACT steps (last 100): 3.09
  saved: /home/jvdillon/research/research/projects/trm3/ckpts/x179e/step10000.pt acc=86.92% (0.087s)
  saved: /home/jvdillon/research/research/projects/trm3/ckpts/x179e/best.pt acc=86.92% (0.133s)
Step 10000  Test 86.92% / 67.45%  Train lm=1.2466±0.0267ϵ[1.1514,1.3277] q_halt=0.0197±0.0237ϵ[0.0013,0.1454] head0_wins=0.2528±0.0445ϵ[0.1146,0.4271]  (301.650s / 563.556s)
  cell_acc=91.30%, puzzle_acc=78.52%
  eval_avg_halt_step: 5.78
  per_H_acc: ['H0=58.2%', 'H1=64.1%', 'H2=66.6%', 'H3=69.7%', 'H4=71.8%', 'H5=72.9%']
  H_cos: ['0.852', '0.965', '0.973', '0.973', '0.977']
  z_H_delta: ['12.000', '6.531', '5.625', '5.500', '5.156']
  cells: fixed=[3474, 2229, 2327, 2019, 1648] broken=[1631, 1474, 1353, 1350, 1323]
  per_ACT_cell_acc: ['H1=58.2%', 'H2=64.1%', 'H3=66.6%', 'H4=69.7%', 'H5=71.8%', 'H6=72.9%', 'H7=74.5%', 'H8=75.4%', 'H9=76.3%', 'H10=77.6%', 'H11=77.9%', 'H12=78.4%', 'H13=78.8%', 'H14=79.4%', 'H15=79.6%', 'H16=80.5%']
  per_ACT_puzzle_acc: ['H1=1.6%', 'H2=4.7%', 'H3=9.9%', 'H4=14.6%', 'H5=19.8%', 'H6=24.5%', 'H7=29.9%', 'H8=32.6%', 'H9=35.4%', 'H10=38.0%', 'H11=39.3%', 'H12=40.6%', 'H13=42.4%', 'H14=44.0%', 'H15=45.1%', 'H16=46.6%']
  mean_sigmoid_q_halt: ['0.009', '0.052', '0.117', '0.159', '0.210', '0.266', '0.316', '0.346', '0.375', '0.410', '0.420', '0.426', '0.449', '0.471', '0.480', '0.494']
  halt_rates: ['0.01', '0.05', '0.11', '0.15', '0.21', '0.27', '0.32', '0.34', '0.37', '0.41', '0.42', '0.42', '0.45', '0.47', '0.48', '0.49']
  halt_histogram %: [23.1, 16.9, 14.3, 12.3, 9.6, 7.1, 5.2, 3.7, 2.6, 1.6, 1.0, 0.7, 0.5, 0.3, 0.2, 0.8]
  Avg ACT steps (last 100): 2.55
  saved: /home/jvdillon/research/research/projects/trm3/ckpts/x179e/step12000.pt acc=91.30% (0.042s)
  saved: /home/jvdillon/research/research/projects/trm3/ckpts/x179e/best.pt acc=91.30% (0.089s)
Step 12000  Test 91.30% / 78.52%  Train lm=1.2229±0.0291ϵ[1.1358,1.4023] q_halt=0.0202±0.0224ϵ[0.0013,0.1857] head0_wins=0.2527±0.0453ϵ[0.0625,0.4167]  (301.699s / 564.631s)
  cell_acc=94.37%, puzzle_acc=86.12%
  eval_avg_halt_step: 4.78
  per_H_acc: ['H0=61.1%', 'H1=67.4%', 'H2=70.6%', 'H3=73.8%', 'H4=75.5%', 'H5=76.7%']
  H_cos: ['0.906', '0.961', '0.969', '0.973', '0.980']
  z_H_delta: ['10.188', '6.469', '5.938', '5.219', '4.469']
  cells: fixed=[3827, 2375, 2176, 1898, 1536] broken=[1863, 1394, 1174, 1368, 1177]
  per_ACT_cell_acc: ['H1=61.1%', 'H2=67.4%', 'H3=70.6%', 'H4=73.8%', 'H5=75.5%', 'H6=76.7%', 'H7=77.6%', 'H8=78.4%', 'H9=79.4%', 'H10=80.1%', 'H11=80.8%', 'H12=81.7%', 'H13=82.1%', 'H14=82.9%', 'H15=83.4%', 'H16=83.7%']
  per_ACT_puzzle_acc: ['H1=2.1%', 'H2=4.9%', 'H3=15.4%', 'H4=24.2%', 'H5=30.5%', 'H6=33.1%', 'H7=38.3%', 'H8=40.9%', 'H9=43.0%', 'H10=45.3%', 'H11=46.6%', 'H12=49.5%', 'H13=52.6%', 'H14=53.9%', 'H15=55.7%', 'H16=57.6%']
  mean_sigmoid_q_halt: ['0.006', '0.044', '0.159', '0.244', '0.316', '0.344', '0.400', '0.422', '0.436', '0.465', '0.484', '0.508', '0.539', '0.555', '0.570', '0.590']
  halt_rates: ['0.01', '0.04', '0.15', '0.24', '0.32', '0.34', '0.40', '0.42', '0.43', '0.47', '0.48', '0.51', '0.54', '0.55', '0.57', '0.59']
  halt_histogram %: [28.2, 17.8, 13.4, 11.0, 8.5, 6.3, 4.6, 3.2, 2.3, 1.5, 1.0, 0.7, 0.4, 0.3, 0.2, 0.8]
  Avg ACT steps (last 100): 2.66
  saved: /home/jvdillon/research/research/projects/trm3/ckpts/x179e/step14000.pt acc=94.37% (0.089s)
  saved: /home/jvdillon/research/research/projects/trm3/ckpts/x179e/best.pt acc=94.37% (0.135s)
Step 14000  Test 94.37% / 86.12%  Train lm=1.1884±0.0277ϵ[1.0849,1.2769] q_halt=0.0215±0.0266ϵ[0.0014,0.2458] head0_wins=0.2522±0.0447ϵ[0.1250,0.4062]  (301.781s / 565.669s)
  cell_acc=95.74%, puzzle_acc=89.46%
  eval_avg_halt_step: 4.15
  per_H_acc: ['H0=62.5%', 'H1=67.7%', 'H2=72.4%', 'H3=75.6%', 'H4=76.8%', 'H5=77.4%']
  H_cos: ['0.914', '0.961', '0.965', '0.969', '0.980']
  z_H_delta: ['10.188', '6.594', '6.125', '5.438', '4.469']
  cells: fixed=[3503, 2782, 2328, 1686, 1535] broken=[1873, 1306, 1344, 1318, 1332]
  per_ACT_cell_acc: ['H1=62.5%', 'H2=67.7%', 'H3=72.4%', 'H4=75.6%', 'H5=76.8%', 'H6=77.4%', 'H7=79.6%', 'H8=81.1%', 'H9=82.7%', 'H10=83.4%', 'H11=83.8%', 'H12=84.1%', 'H13=84.7%', 'H14=85.4%', 'H15=85.8%', 'H16=86.0%']
  per_ACT_puzzle_acc: ['H1=1.8%', 'H2=7.0%', 'H3=17.7%', 'H4=26.0%', 'H5=32.8%', 'H6=37.5%', 'H7=40.6%', 'H8=46.6%', 'H9=50.8%', 'H10=53.4%', 'H11=55.7%', 'H12=57.8%', 'H13=59.6%', 'H14=61.2%', 'H15=62.5%', 'H16=63.8%']
  mean_sigmoid_q_halt: ['0.006', '0.066', '0.180', '0.260', '0.338', '0.375', '0.412', '0.467', '0.516', '0.535', '0.562', '0.578', '0.605', '0.617', '0.633', '0.645']
  halt_rates: ['0.00', '0.06', '0.17', '0.26', '0.33', '0.38', '0.41', '0.47', '0.52', '0.54', '0.56', '0.58', '0.60', '0.62', '0.63', '0.65']
  halt_histogram %: [33.5, 18.3, 12.4, 9.8, 7.4, 5.5, 4.0, 2.8, 2.0, 1.3, 0.9, 0.6, 0.4, 0.3, 0.2, 0.7]
  Avg ACT steps (last 100): 1.98
  saved: /home/jvdillon/research/research/projects/trm3/ckpts/x179e/step16000.pt acc=95.74% (0.042s)
  saved: /home/jvdillon/research/research/projects/trm3/ckpts/x179e/best.pt acc=95.74% (0.089s)
Step 16000  Test 95.74% / 89.46%  Train lm=1.1575±0.0281ϵ[1.0661,1.2596] q_halt=0.0202±0.0219ϵ[0.0019,0.1420] head0_wins=0.2540±0.0456ϵ[0.1146,0.4062]  (301.739s / 566.805s)
  cell_acc=96.95%, puzzle_acc=92.59%
  eval_avg_halt_step: 3.58
  per_H_acc: ['H0=61.8%', 'H1=66.2%', 'H2=70.4%', 'H3=74.2%', 'H4=77.1%', 'H5=78.9%']
  H_cos: ['0.910', '0.957', '0.953', '0.961', '0.973']
  z_H_delta: ['10.250', '7.062', '6.875', '6.125', '5.094']
  cells: fixed=[3325, 2657, 2625, 2140, 1714] broken=[1959, 1332, 1452, 1231, 1147]
  per_ACT_cell_acc: ['H1=61.8%', 'H2=66.2%', 'H3=70.4%', 'H4=74.2%', 'H5=77.1%', 'H6=78.9%', 'H7=80.2%', 'H8=81.5%', 'H9=82.4%', 'H10=82.8%', 'H11=83.3%', 'H12=84.5%', 'H13=85.1%', 'H14=85.5%', 'H15=86.1%', 'H16=86.4%']
  per_ACT_puzzle_acc: ['H1=1.8%', 'H2=6.5%', 'H3=16.1%', 'H4=26.6%', 'H5=33.6%', 'H6=39.6%', 'H7=44.0%', 'H8=48.4%', 'H9=50.0%', 'H10=53.9%', 'H11=54.9%', 'H12=58.6%', 'H13=60.9%', 'H14=61.7%', 'H15=62.0%', 'H16=65.4%']
  mean_sigmoid_q_halt: ['0.016', '0.072', '0.177', '0.266', '0.348', '0.406', '0.459', '0.496', '0.523', '0.559', '0.570', '0.602', '0.625', '0.633', '0.641', '0.668']
  halt_rates: ['0.02', '0.07', '0.17', '0.26', '0.34', '0.40', '0.46', '0.49', '0.52', '0.55', '0.57', '0.60', '0.62', '0.64', '0.64', '0.67']
  halt_histogram %: [38.5, 18.4, 11.5, 8.7, 6.5, 4.8, 3.5, 2.5, 1.8, 1.2, 0.8, 0.5, 0.4, 0.3, 0.2, 0.7]
  Avg ACT steps (last 100): 1.74
  saved: /home/jvdillon/research/research/projects/trm3/ckpts/x179e/step18000.pt acc=96.95% (0.042s)
  saved: /home/jvdillon/research/research/projects/trm3/ckpts/x179e/best.pt acc=96.95% (0.088s)
Step 18000  Test 96.95% / 92.59%  Train lm=1.1285±0.0268ϵ[1.0438,1.2266] q_halt=0.0183±0.0198ϵ[0.0018,0.1439] head0_wins=0.2535±0.0465ϵ[0.0833,0.4271]  (301.646s / 567.712s)
  cell_acc=97.84%, puzzle_acc=94.76%
  eval_avg_halt_step: 3.18
  per_H_acc: ['H0=61.9%', 'H1=66.8%', 'H2=71.2%', 'H3=75.5%', 'H4=77.2%', 'H5=78.7%']
  H_cos: ['0.922', '0.957', '0.953', '0.965', '0.969']
  z_H_delta: ['9.875', '6.969', '6.875', '5.844', '5.188']
  cells: fixed=[3364, 2750, 2608, 1863, 1677] broken=[1848, 1362, 1286, 1320, 1235]
  per_ACT_cell_acc: ['H1=61.9%', 'H2=66.8%', 'H3=71.2%', 'H4=75.5%', 'H5=77.2%', 'H6=78.7%', 'H7=79.5%', 'H8=81.3%', 'H9=83.0%', 'H10=83.9%', 'H11=84.3%', 'H12=84.8%', 'H13=85.4%', 'H14=86.7%', 'H15=87.9%', 'H16=88.2%']
  per_ACT_puzzle_acc: ['H1=2.1%', 'H2=6.5%', 'H3=15.1%', 'H4=27.3%', 'H5=34.9%', 'H6=40.1%', 'H7=44.5%', 'H8=49.0%', 'H9=53.6%', 'H10=55.2%', 'H11=58.3%', 'H12=60.4%', 'H13=62.8%', 'H14=63.5%', 'H15=67.2%', 'H16=69.3%']
  mean_sigmoid_q_halt: ['0.021', '0.070', '0.168', '0.285', '0.361', '0.424', '0.463', '0.504', '0.555', '0.570', '0.602', '0.625', '0.641', '0.656', '0.688', '0.707']
  halt_rates: ['0.02', '0.06', '0.16', '0.28', '0.35', '0.42', '0.46', '0.50', '0.55', '0.57', '0.60', '0.62', '0.64', '0.66', '0.69', '0.71']
  halt_histogram %: [43.2, 18.3, 10.5, 7.8, 5.7, 4.2, 3.0, 2.2, 1.5, 1.0, 0.7, 0.5, 0.3, 0.2, 0.2, 0.7]
  Avg ACT steps (last 100): 1.56
  saved: /home/jvdillon/research/research/projects/trm3/ckpts/x179e/step20000.pt acc=97.84% (0.043s)
  saved: /home/jvdillon/research/research/projects/trm3/ckpts/x179e/best.pt acc=97.84% (0.090s)
Step 20000  Test 97.84% / 94.76%  Train lm=1.1063±0.0260ϵ[1.0236,1.1950] q_halt=0.0166±0.0172ϵ[0.0017,0.1137] head0_wins=0.2489±0.0448ϵ[0.1146,0.4583]  (301.543s / 568.611s)
  cell_acc=98.10%, puzzle_acc=95.37%
  eval_avg_halt_step: 3.04
  per_H_acc: ['H0=62.2%', 'H1=67.9%', 'H2=72.6%', 'H3=75.9%', 'H4=77.8%', 'H5=79.8%']
  H_cos: ['0.914', '0.953', '0.953', '0.965', '0.973']
  z_H_delta: ['10.125', '7.219', '7.000', '5.938', '4.969']
  cells: fixed=[3623, 2729, 2432, 1985, 1776] broken=[1853, 1267, 1407, 1386, 1163]
  per_ACT_cell_acc: ['H1=62.2%', 'H2=67.9%', 'H3=72.6%', 'H4=75.9%', 'H5=77.8%', 'H6=79.8%', 'H7=81.5%', 'H8=82.7%', 'H9=83.8%', 'H10=84.5%', 'H11=85.3%', 'H12=85.9%', 'H13=86.5%', 'H14=87.4%', 'H15=87.9%', 'H16=88.7%']
  per_ACT_puzzle_acc: ['H1=1.8%', 'H2=7.6%', 'H3=17.7%', 'H4=27.9%', 'H5=38.3%', 'H6=42.2%', 'H7=48.4%', 'H8=51.6%', 'H9=57.0%', 'H10=59.4%', 'H11=60.4%', 'H12=62.2%', 'H13=64.1%', 'H14=67.4%', 'H15=69.3%', 'H16=70.1%']
  mean_sigmoid_q_halt: ['0.019', '0.075', '0.183', '0.285', '0.383', '0.441', '0.492', '0.535', '0.578', '0.605', '0.621', '0.633', '0.652', '0.688', '0.703', '0.711']
  halt_rates: ['0.02', '0.07', '0.17', '0.28', '0.38', '0.44', '0.49', '0.53', '0.58', '0.61', '0.62', '0.63', '0.65', '0.68', '0.71', '0.71']
  halt_histogram %: [47.1, 18.0, 9.8, 7.0, 5.1, 3.7, 2.7, 1.9, 1.4, 0.9, 0.6, 0.4, 0.3, 0.2, 0.2, 0.7]
  Avg ACT steps (last 100): 2.00
  saved: /home/jvdillon/research/research/projects/trm3/ckpts/x179e/step22000.pt acc=98.10% (0.043s)
  saved: /home/jvdillon/research/research/projects/trm3/ckpts/x179e/best.pt acc=98.10% (0.089s)
Step 22000  Test 98.10% / 95.37%  Train lm=1.0973±0.0262ϵ[1.0069,1.2015] q_halt=0.0144±0.0151ϵ[0.0019,0.0968] head0_wins=0.2503±0.0489ϵ[0.1042,0.5000]  (301.540s / 568.786s)
  cell_acc=98.23%, puzzle_acc=95.73%
  eval_avg_halt_step: 2.97
  per_H_acc: ['H0=62.6%', 'H1=67.9%', 'H2=72.8%', 'H3=77.1%', 'H4=79.5%', 'H5=81.4%']
  H_cos: ['0.910', '0.953', '0.949', '0.965', '0.969']
  z_H_delta: ['10.250', '7.375', '7.219', '5.969', '5.031']
  cells: fixed=[3536, 2826, 2658, 1885, 1790] broken=[1892, 1295, 1331, 1144, 1200]
  per_ACT_cell_acc: ['H1=62.6%', 'H2=67.9%', 'H3=72.8%', 'H4=77.1%', 'H5=79.5%', 'H6=81.4%', 'H7=82.6%', 'H8=84.5%', 'H9=85.7%', 'H10=86.4%', 'H11=87.3%', 'H12=88.0%', 'H13=88.5%', 'H14=89.0%', 'H15=90.1%', 'H16=90.5%']
  per_ACT_puzzle_acc: ['H1=1.8%', 'H2=6.5%', 'H3=16.9%', 'H4=29.9%', 'H5=39.3%', 'H6=46.4%', 'H7=51.3%', 'H8=55.2%', 'H9=59.4%', 'H10=62.5%', 'H11=64.6%', 'H12=66.9%', 'H13=68.2%', 'H14=70.6%', 'H15=72.4%', 'H16=74.5%']
  mean_sigmoid_q_halt: ['0.020', '0.069', '0.183', '0.311', '0.402', '0.467', '0.523', '0.562', '0.602', '0.633', '0.660', '0.680', '0.691', '0.715', '0.734', '0.758']
  halt_rates: ['0.02', '0.06', '0.18', '0.30', '0.40', '0.46', '0.52', '0.56', '0.60', '0.63', '0.66', '0.68', '0.69', '0.71', '0.73', '0.76']
  halt_histogram %: [50.3, 17.8, 9.1, 6.3, 4.6, 3.3, 2.4, 1.7, 1.2, 0.8, 0.6, 0.4, 0.3, 0.2, 0.2, 0.7]
  Avg ACT steps (last 100): 1.93
  saved: /home/jvdillon/research/research/projects/trm3/ckpts/x179e/step24000.pt acc=98.23% (0.043s)
  saved: /home/jvdillon/research/research/projects/trm3/ckpts/x179e/best.pt acc=98.23% (0.089s)
Step 24000  Test 98.23% / 95.73%  Train lm=1.1024±0.0253ϵ[1.0203,1.1813] q_halt=0.0130±0.0143ϵ[0.0018,0.0871] head0_wins=0.2486±0.0475ϵ[0.1042,0.4583]  (301.367s / 568.696s)
  cell_acc=98.29%, puzzle_acc=95.88%
  eval_avg_halt_step: 2.93
  per_H_acc: ['H0=62.7%', 'H1=68.0%', 'H2=72.8%', 'H3=77.1%', 'H4=79.3%', 'H5=80.6%']
  H_cos: ['0.910', '0.953', '0.949', '0.965', '0.969']
  z_H_delta: ['10.375', '7.438', '7.250', '5.938', '4.938']
  cells: fixed=[3533, 2808, 2626, 2025, 1607] broken=[1876, 1327, 1291, 1329, 1202]
  per_ACT_cell_acc: ['H1=62.7%', 'H2=68.0%', 'H3=72.8%', 'H4=77.1%', 'H5=79.3%', 'H6=80.6%', 'H7=83.0%', 'H8=84.6%', 'H9=85.9%', 'H10=86.6%', 'H11=87.3%', 'H12=88.4%', 'H13=89.4%', 'H14=90.0%', 'H15=90.3%', 'H16=90.6%']
  per_ACT_puzzle_acc: ['H1=1.8%', 'H2=7.3%', 'H3=17.2%', 'H4=29.2%', 'H5=38.8%', 'H6=44.8%', 'H7=50.8%', 'H8=55.5%', 'H9=59.1%', 'H10=61.2%', 'H11=65.4%', 'H12=67.7%', 'H13=69.3%', 'H14=72.4%', 'H15=73.7%', 'H16=74.7%']
  mean_sigmoid_q_halt: ['0.020', '0.070', '0.182', '0.311', '0.393', '0.459', '0.520', '0.566', '0.602', '0.625', '0.656', '0.680', '0.699', '0.730', '0.742', '0.758']
  halt_rates: ['0.02', '0.06', '0.18', '0.31', '0.39', '0.46', '0.52', '0.57', '0.60', '0.62', '0.66', '0.68', '0.70', '0.73', '0.74', '0.76']
  halt_histogram %: [52.8, 17.6, 8.6, 5.8, 4.2, 3.0, 2.2, 1.6, 1.1, 0.8, 0.5, 0.4, 0.3, 0.2, 0.2, 0.8]
  Avg ACT steps (last 100): 1.83
  saved: /home/jvdillon/research/research/projects/trm3/ckpts/x179e/step26000.pt acc=98.29% (0.043s)
  saved: /home/jvdillon/research/research/projects/trm3/ckpts/x179e/best.pt acc=98.29% (0.089s)
Step 26000  Test 98.29% / 95.88%  Train lm=1.1060±0.0258ϵ[1.0100,1.1973] q_halt=0.0128±0.0149ϵ[0.0019,0.1252] head0_wins=0.2478±0.0479ϵ[0.1042,0.4688]  (301.396s / 568.927s)
  cell_acc=98.31%, puzzle_acc=95.94%
  eval_avg_halt_step: 2.94
  per_H_acc: ['H0=62.5%', 'H1=67.9%', 'H2=72.7%', 'H3=76.8%', 'H4=79.5%', 'H5=80.5%']
  H_cos: ['0.910', '0.953', '0.953', '0.961', '0.969']
  z_H_delta: ['10.438', '7.500', '7.000', '6.219', '5.094']
  cells: fixed=[3536, 2803, 2627, 2071, 1450] broken=[1848, 1328, 1341, 1247, 1142]
  per_ACT_cell_acc: ['H1=62.5%', 'H2=67.9%', 'H3=72.7%', 'H4=76.8%', 'H5=79.5%', 'H6=80.5%', 'H7=82.1%', 'H8=83.2%', 'H9=84.6%', 'H10=85.4%', 'H11=86.5%', 'H12=87.0%', 'H13=88.1%', 'H14=88.6%', 'H15=89.0%', 'H16=89.4%']
  per_ACT_puzzle_acc: ['H1=1.8%', 'H2=7.3%', 'H3=17.4%', 'H4=29.4%', 'H5=40.4%', 'H6=46.1%', 'H7=49.2%', 'H8=51.8%', 'H9=56.0%', 'H10=57.3%', 'H11=60.2%', 'H12=64.8%', 'H13=66.1%', 'H14=69.0%', 'H15=70.3%', 'H16=71.4%']
  mean_sigmoid_q_halt: ['0.020', '0.075', '0.180', '0.301', '0.406', '0.471', '0.504', '0.527', '0.566', '0.586', '0.609', '0.652', '0.668', '0.695', '0.707', '0.723']
  halt_rates: ['0.02', '0.07', '0.18', '0.30', '0.40', '0.47', '0.50', '0.52', '0.57', '0.59', '0.61', '0.65', '0.67', '0.70', '0.71', '0.72']
  halt_histogram %: [54.8, 17.3, 8.1, 5.4, 3.9, 2.8, 2.0, 1.5, 1.1, 0.7, 0.5, 0.4, 0.3, 0.2, 0.1, 0.9]
  Avg ACT steps (last 100): 1.95
  saved: /home/jvdillon/research/research/projects/trm3/ckpts/x179e/step28000.pt acc=98.31% (0.043s)
  saved: /home/jvdillon/research/research/projects/trm3/ckpts/x179e/best.pt acc=98.31% (0.090s)
Step 28000  Test 98.31% / 95.94%  Train lm=1.1098±0.0281ϵ[1.0262,1.2102] q_halt=0.0133±0.0154ϵ[0.0017,0.1130] head0_wins=0.2468±0.0462ϵ[0.1146,0.4062]  (301.345s / 568.726s)
