  cell_acc=66.09%, puzzle_acc=15.04%
  eval_avg_halt_step: 12.98
  per_H_acc: ['H0=51.7%', 'H1=58.9%', 'H2=62.8%', 'H3=64.2%', 'H4=64.2%', 'H5=64.3%']
  H_cos: ['0.793', '0.941', '0.977', '0.984', '0.988']
  z_H_delta: ['16.625', '8.500', '5.656', '4.469', '3.969']
  cells: fixed=[3984, 2734, 1723, 1033, 813] broken=[1746, 1528, 1291, 1016, 782]
  per_ACT_cell_acc: ['H1=51.7%', 'H2=58.9%', 'H3=62.8%', 'H4=64.2%', 'H5=64.2%', 'H6=64.3%', 'H7=64.6%', 'H8=64.7%', 'H9=64.7%', 'H10=64.5%', 'H11=64.6%', 'H12=65.0%', 'H13=65.4%', 'H14=65.3%', 'H15=65.1%', 'H16=65.1%']
  per_ACT_puzzle_acc: ['H1=0.0%', 'H2=0.3%', 'H3=1.6%', 'H4=3.4%', 'H5=4.7%', 'H6=5.2%', 'H7=7.3%', 'H8=7.8%', 'H9=9.4%', 'H10=9.9%', 'H11=10.7%', 'H12=10.9%', 'H13=11.5%', 'H14=12.0%', 'H15=12.0%', 'H16=12.5%']
  mean_sigmoid_q_halt: ['0.001', '0.000', '0.015', '0.031', '0.050', '0.070', '0.087', '0.104', '0.120', '0.132', '0.149', '0.152', '0.156', '0.164', '0.164', '0.174']
  halt_rates: ['0.00', '0.00', '0.02', '0.03', '0.05', '0.07', '0.09', '0.10', '0.12', '0.13', '0.15', '0.15', '0.16', '0.16', '0.16', '0.17']
  halt_histogram %: [7.0, 16.9, 23.6, 24.8, 12.7, 6.2, 3.0, 1.4, 0.9, 0.6, 0.4, 0.1, 0.0, 0.0, 0.0, 2.5]
  Avg ACT steps (last 100): 3.45
  saved: /home/jvdillon/research/research/projects/trm3/ckpts/x179f/step02000.pt acc=66.09% (0.053s)
  saved: /home/jvdillon/research/research/projects/trm3/ckpts/x179f/best.pt acc=66.09% (0.101s)
Step  2000  Test 66.09% / 15.04%  Train lm=1.2773±0.2177ϵ[0.9235,3.0001] q_halt=0.2449±0.4570ϵ[0.0023,4.0477] head0_wins=0.2600±0.0575ϵ[0.0729,0.7708]  (302.742s / 579.484s)
  cell_acc=65.99%, puzzle_acc=15.24%
  eval_avg_halt_step: 12.71
  per_H_acc: ['H0=49.9%', 'H1=60.4%', 'H2=62.5%', 'H3=63.1%', 'H4=63.5%', 'H5=64.1%']
  H_cos: ['0.723', '0.957', '0.980', '0.984', '0.988']
  z_H_delta: ['16.500', '6.688', '4.531', '4.062', '3.672']
  cells: fixed=[4890, 2459, 1439, 1005, 934] broken=[1605, 1810, 1253, 893, 738]
  per_ACT_cell_acc: ['H1=49.9%', 'H2=60.4%', 'H3=62.5%', 'H4=63.1%', 'H5=63.5%', 'H6=64.1%', 'H7=64.5%', 'H8=64.4%', 'H9=64.3%', 'H10=64.4%', 'H11=64.5%', 'H12=64.5%', 'H13=64.6%', 'H14=64.8%', 'H15=64.7%', 'H16=64.9%']
  per_ACT_puzzle_acc: ['H1=0.0%', 'H2=0.3%', 'H3=1.8%', 'H4=2.9%', 'H5=4.9%', 'H6=7.0%', 'H7=7.8%', 'H8=9.1%', 'H9=9.9%', 'H10=9.9%', 'H11=10.2%', 'H12=11.2%', 'H13=11.5%', 'H14=11.5%', 'H15=11.7%', 'H16=11.7%']
  mean_sigmoid_q_halt: ['0.000', '0.003', '0.021', '0.038', '0.076', '0.099', '0.114', '0.131', '0.149', '0.151', '0.152', '0.169', '0.176', '0.178', '0.185', '0.186']
  halt_rates: ['0.00', '0.00', '0.02', '0.04', '0.08', '0.10', '0.11', '0.13', '0.15', '0.15', '0.15', '0.17', '0.18', '0.18', '0.18', '0.19']
  halt_histogram %: [8.4, 15.7, 19.3, 21.0, 14.1, 9.1, 5.3, 2.8, 1.5, 0.9, 0.4, 0.2, 0.1, 0.1, 0.0, 1.3]
  Avg ACT steps (last 100): 4.79
  saved: /home/jvdillon/research/research/projects/trm3/ckpts/x179f/step04000.pt acc=65.99% (0.052s)
Step  4000  Test 65.99% / 15.24%  Train lm=1.2780±0.0303ϵ[1.1759,1.3757] q_halt=0.0317±0.0327ϵ[0.0016,0.2686] head0_wins=0.2492±0.0440ϵ[0.0938,0.3750]  (303.761s / 574.893s)
  cell_acc=70.54%, puzzle_acc=24.86%
  eval_avg_halt_step: 11.86
  per_H_acc: ['H0=48.5%', 'H1=61.0%', 'H2=64.0%', 'H3=65.0%', 'H4=65.6%', 'H5=66.5%']
  H_cos: ['0.691', '0.957', '0.980', '0.984', '0.984']
  z_H_delta: ['17.125', '6.344', '4.406', '4.000', '3.609']
  cells: fixed=[5619, 2706, 1621, 1290, 1265] broken=[1734, 1787, 1303, 1119, 984]
  per_ACT_cell_acc: ['H1=48.5%', 'H2=61.0%', 'H3=64.0%', 'H4=65.0%', 'H5=65.6%', 'H6=66.5%', 'H7=67.0%', 'H8=67.1%', 'H9=67.2%', 'H10=67.3%', 'H11=67.0%', 'H12=67.1%', 'H13=67.4%', 'H14=67.6%', 'H15=67.8%', 'H16=67.8%']
  per_ACT_puzzle_acc: ['H1=0.0%', 'H2=0.3%', 'H3=2.1%', 'H4=4.4%', 'H5=6.2%', 'H6=9.1%', 'H7=11.2%', 'H8=12.2%', 'H9=13.3%', 'H10=14.1%', 'H11=14.3%', 'H12=14.6%', 'H13=15.1%', 'H14=15.1%', 'H15=15.1%', 'H16=15.6%']
  mean_sigmoid_q_halt: ['0.000', '0.000', '0.029', '0.071', '0.107', '0.137', '0.171', '0.186', '0.196', '0.204', '0.211', '0.213', '0.220', '0.220', '0.221', '0.225']
  halt_rates: ['0.00', '0.00', '0.03', '0.07', '0.11', '0.14', '0.17', '0.19', '0.20', '0.21', '0.21', '0.21', '0.22', '0.22', '0.22', '0.23']
  halt_histogram %: [9.7, 15.3, 16.9, 18.3, 13.6, 9.7, 6.4, 3.9, 2.3, 1.4, 0.8, 0.4, 0.2, 0.1, 0.1, 1.0]
  Avg ACT steps (last 100): 4.69
  saved: /home/jvdillon/research/research/projects/trm3/ckpts/x179f/step06000.pt acc=70.54% (0.094s)
  saved: /home/jvdillon/research/research/projects/trm3/ckpts/x179f/best.pt acc=70.54% (0.141s)
Step  6000  Test 70.54% / 24.86%  Train lm=1.2861±0.0267ϵ[1.2087,1.3744] q_halt=0.0253±0.0292ϵ[0.0010,0.2070] head0_wins=0.2475±0.0436ϵ[0.1042,0.4167]  (303.844s / 575.508s)
  cell_acc=75.09%, puzzle_acc=35.70%
  eval_avg_halt_step: 10.99
  per_H_acc: ['H0=49.8%', 'H1=62.2%', 'H2=65.5%', 'H3=66.8%', 'H4=67.8%', 'H5=68.0%']
  H_cos: ['0.691', '0.961', '0.980', '0.980', '0.984']
  z_H_delta: ['16.875', '5.969', '4.344', '4.062', '3.703']
  cells: fixed=[5519, 2699, 1661, 1383, 1204] broken=[1667, 1676, 1241, 1083, 1147]
  per_ACT_cell_acc: ['H1=49.8%', 'H2=62.2%', 'H3=65.5%', 'H4=66.8%', 'H5=67.8%', 'H6=68.0%', 'H7=68.2%', 'H8=68.8%', 'H9=69.0%', 'H10=69.5%', 'H11=69.8%', 'H12=69.9%', 'H13=70.0%', 'H14=70.4%', 'H15=70.7%', 'H16=70.6%']
  per_ACT_puzzle_acc: ['H1=0.0%', 'H2=0.8%', 'H3=2.9%', 'H4=5.2%', 'H5=9.9%', 'H6=12.5%', 'H7=13.5%', 'H8=15.4%', 'H9=16.7%', 'H10=17.7%', 'H11=19.3%', 'H12=19.8%', 'H13=20.8%', 'H14=21.4%', 'H15=21.9%', 'H16=22.7%']
  mean_sigmoid_q_halt: ['0.000', '0.003', '0.030', '0.075', '0.129', '0.156', '0.167', '0.185', '0.200', '0.208', '0.229', '0.234', '0.246', '0.256', '0.260', '0.266']
  halt_rates: ['0.00', '0.00', '0.03', '0.07', '0.13', '0.15', '0.17', '0.18', '0.20', '0.21', '0.23', '0.23', '0.25', '0.26', '0.26', '0.27']
  halt_histogram %: [11.3, 15.7, 15.6, 16.5, 12.7, 9.5, 6.6, 4.3, 2.8, 1.7, 1.0, 0.6, 0.4, 0.2, 0.1, 0.9]
  Avg ACT steps (last 100): 5.25
  saved: /home/jvdillon/research/research/projects/trm3/ckpts/x179f/step08000.pt acc=75.09% (0.095s)
  saved: /home/jvdillon/research/research/projects/trm3/ckpts/x179f/best.pt acc=75.09% (0.141s)
Step  8000  Test 75.09% / 35.70%  Train lm=1.2814±0.0262ϵ[1.1976,1.3821] q_halt=0.0226±0.0282ϵ[0.0013,0.2464] head0_wins=0.2476±0.0447ϵ[0.1146,0.3958]  (303.977s / 575.762s)
  cell_acc=81.76%, puzzle_acc=54.40%
  eval_avg_halt_step: 8.44
  per_H_acc: ['H0=47.0%', 'H1=61.6%', 'H2=65.1%', 'H3=66.9%', 'H4=68.3%', 'H5=69.3%']
  H_cos: ['0.648', '0.945', '0.969', '0.977', '0.980']
  z_H_delta: ['17.875', '6.750', '5.250', '4.688', '4.344']
  cells: fixed=[6012, 2848, 1872, 1672, 1546] broken=[1468, 1758, 1317, 1239, 1234]
  per_ACT_cell_acc: ['H1=47.0%', 'H2=61.6%', 'H3=65.1%', 'H4=66.9%', 'H5=68.3%', 'H6=69.3%', 'H7=70.6%', 'H8=71.7%', 'H9=72.5%', 'H10=73.3%', 'H11=73.8%', 'H12=74.1%', 'H13=74.6%', 'H14=75.1%', 'H15=75.4%', 'H16=75.0%']
  per_ACT_puzzle_acc: ['H1=0.0%', 'H2=0.0%', 'H3=3.4%', 'H4=7.6%', 'H5=10.4%', 'H6=13.8%', 'H7=18.2%', 'H8=21.1%', 'H9=24.7%', 'H10=26.6%', 'H11=29.2%', 'H12=31.2%', 'H13=32.0%', 'H14=33.6%', 'H15=34.1%', 'H16=34.9%']
  mean_sigmoid_q_halt: ['0.000', '0.000', '0.046', '0.106', '0.149', '0.188', '0.234', '0.268', '0.307', '0.324', '0.348', '0.367', '0.381', '0.393', '0.400', '0.410']
  halt_rates: ['0.00', '0.00', '0.04', '0.10', '0.15', '0.19', '0.23', '0.27', '0.31', '0.33', '0.35', '0.37', '0.38', '0.39', '0.40', '0.41']
  halt_histogram %: [13.6, 16.7, 14.8, 15.0, 11.7, 8.9, 6.4, 4.3, 2.9, 1.9, 1.2, 0.7, 0.5, 0.3, 0.2, 0.9]
  Avg ACT steps (last 100): 3.45
  saved: /home/jvdillon/research/research/projects/trm3/ckpts/x179f/step10000.pt acc=81.76% (0.094s)
  saved: /home/jvdillon/research/research/projects/trm3/ckpts/x179f/best.pt acc=81.76% (0.140s)
Step 10000  Test 81.76% / 54.40%  Train lm=1.2695±0.0254ϵ[1.1855,1.3593] q_halt=0.0219±0.0272ϵ[0.0013,0.2033] head0_wins=0.2437±0.0432ϵ[0.1042,0.3854]  (303.905s / 575.928s)
  cell_acc=86.09%, puzzle_acc=64.76%
  eval_avg_halt_step: 7.30
  per_H_acc: ['H0=50.1%', 'H1=63.6%', 'H2=65.8%', 'H3=68.0%', 'H4=70.7%', 'H5=72.2%']
  H_cos: ['0.688', '0.953', '0.973', '0.977', '0.977']
  z_H_delta: ['16.750', '6.688', '5.156', '4.688', '4.469']
  cells: fixed=[5727, 2529, 1779, 1848, 1567] broken=[1527, 1831, 1095, 1023, 1102]
  per_ACT_cell_acc: ['H1=50.1%', 'H2=63.6%', 'H3=65.8%', 'H4=68.0%', 'H5=70.7%', 'H6=72.2%', 'H7=73.2%', 'H8=74.2%', 'H9=75.3%', 'H10=75.9%', 'H11=76.3%', 'H12=77.0%', 'H13=77.3%', 'H14=77.4%', 'H15=77.9%', 'H16=78.3%']
  per_ACT_puzzle_acc: ['H1=0.0%', 'H2=2.1%', 'H3=4.9%', 'H4=9.4%', 'H5=14.6%', 'H6=19.5%', 'H7=24.5%', 'H8=27.1%', 'H9=29.2%', 'H10=31.8%', 'H11=34.6%', 'H12=36.2%', 'H13=38.3%', 'H14=39.1%', 'H15=39.8%', 'H16=41.9%']
  mean_sigmoid_q_halt: ['0.000', '0.014', '0.077', '0.119', '0.169', '0.229', '0.271', '0.309', '0.334', '0.359', '0.387', '0.404', '0.422', '0.434', '0.441', '0.461']
  halt_rates: ['0.00', '0.01', '0.08', '0.11', '0.17', '0.23', '0.27', '0.31', '0.34', '0.36', '0.39', '0.41', '0.42', '0.43', '0.45', '0.46']
  halt_histogram %: [16.7, 18.1, 14.2, 13.6, 10.5, 8.1, 5.9, 4.1, 2.8, 1.9, 1.2, 0.8, 0.5, 0.4, 0.2, 0.9]
  Avg ACT steps (last 100): 3.35
  saved: /home/jvdillon/research/research/projects/trm3/ckpts/x179f/step12000.pt acc=86.09% (0.094s)
  saved: /home/jvdillon/research/research/projects/trm3/ckpts/x179f/best.pt acc=86.09% (0.141s)
Step 12000  Test 86.09% / 64.76%  Train lm=1.2513±0.0262ϵ[1.1706,1.3347] q_halt=0.0221±0.0272ϵ[0.0019,0.2166] head0_wins=0.2476±0.0435ϵ[0.1042,0.3958]  (303.908s / 576.620s)
  cell_acc=89.66%, puzzle_acc=74.59%
  eval_avg_halt_step: 5.50
  per_H_acc: ['H0=47.8%', 'H1=63.4%', 'H2=66.1%', 'H3=68.7%', 'H4=70.7%', 'H5=72.5%']
  H_cos: ['0.609', '0.938', '0.965', '0.969', '0.973']
  z_H_delta: ['18.625', '7.688', '6.156', '5.469', '4.781']
  cells: fixed=[6224, 2678, 1948, 1838, 1737] broken=[1383, 1813, 1166, 1196, 1173]
  per_ACT_cell_acc: ['H1=47.8%', 'H2=63.4%', 'H3=66.1%', 'H4=68.7%', 'H5=70.7%', 'H6=72.5%', 'H7=73.8%', 'H8=74.6%', 'H9=75.8%', 'H10=76.9%', 'H11=77.3%', 'H12=77.8%', 'H13=78.4%', 'H14=79.0%', 'H15=79.7%', 'H16=79.9%']
  per_ACT_puzzle_acc: ['H1=0.0%', 'H2=1.8%', 'H3=7.0%', 'H4=11.7%', 'H5=17.2%', 'H6=21.6%', 'H7=25.8%', 'H8=29.9%', 'H9=32.6%', 'H10=35.4%', 'H11=37.5%', 'H12=40.4%', 'H13=42.4%', 'H14=43.5%', 'H15=45.3%', 'H16=47.7%']
  mean_sigmoid_q_halt: ['0.000', '0.011', '0.105', '0.169', '0.223', '0.268', '0.314', '0.348', '0.385', '0.404', '0.434', '0.457', '0.482', '0.488', '0.504', '0.531']
  halt_rates: ['0.00', '0.01', '0.10', '0.17', '0.22', '0.27', '0.31', '0.35', '0.39', '0.41', '0.43', '0.46', '0.48', '0.49', '0.51', '0.53']
  halt_histogram %: [20.9, 19.7, 13.5, 12.2, 9.4, 7.1, 5.3, 3.7, 2.5, 1.8, 1.2, 0.8, 0.5, 0.4, 0.2, 0.9]
  Avg ACT steps (last 100): 2.68
  saved: /home/jvdillon/research/research/projects/trm3/ckpts/x179f/step14000.pt acc=89.66% (0.094s)
  saved: /home/jvdillon/research/research/projects/trm3/ckpts/x179f/best.pt acc=89.66% (0.140s)
Step 14000  Test 89.66% / 74.59%  Train lm=1.2200±0.0312ϵ[1.1179,1.4062] q_halt=0.0214±0.0240ϵ[0.0019,0.1926] head0_wins=0.2471±0.0433ϵ[0.1146,0.3854]  (303.951s / 577.702s)
  cell_acc=93.07%, puzzle_acc=82.65%
  eval_avg_halt_step: 4.90
  per_H_acc: ['H0=44.3%', 'H1=62.7%', 'H2=66.4%', 'H3=69.7%', 'H4=73.0%', 'H5=75.2%']
  H_cos: ['0.531', '0.938', '0.961', '0.965', '0.969']
  z_H_delta: ['19.750', '7.625', '6.156', '5.656', '5.125']
  cells: fixed=[6950, 2840, 2402, 2234, 1819] broken=[1238, 1703, 1353, 1221, 1117]
  per_ACT_cell_acc: ['H1=44.3%', 'H2=62.7%', 'H3=66.4%', 'H4=69.7%', 'H5=73.0%', 'H6=75.2%', 'H7=76.4%', 'H8=77.2%', 'H9=77.6%', 'H10=78.5%', 'H11=79.9%', 'H12=80.9%', 'H13=81.6%', 'H14=82.1%', 'H15=82.3%', 'H16=82.8%']
  per_ACT_puzzle_acc: ['H1=0.0%', 'H2=1.8%', 'H3=6.2%', 'H4=12.8%', 'H5=21.1%', 'H6=29.9%', 'H7=33.6%', 'H8=36.7%', 'H9=39.3%', 'H10=42.4%', 'H11=46.1%', 'H12=48.4%', 'H13=50.0%', 'H14=52.1%', 'H15=54.9%', 'H16=55.5%']
  mean_sigmoid_q_halt: ['0.000', '0.011', '0.083', '0.155', '0.243', '0.322', '0.375', '0.404', '0.428', '0.457', '0.492', '0.520', '0.531', '0.555', '0.582', '0.586']
  halt_rates: ['0.00', '0.01', '0.07', '0.15', '0.24', '0.32', '0.37', '0.41', '0.42', '0.46', '0.49', '0.52', '0.53', '0.55', '0.58', '0.59']
  halt_histogram %: [25.4, 21.1, 12.9, 10.8, 8.2, 6.2, 4.6, 3.2, 2.3, 1.6, 1.0, 0.7, 0.5, 0.4, 0.2, 0.9]
  Avg ACT steps (last 100): 2.48
  saved: /home/jvdillon/research/research/projects/trm3/ckpts/x179f/step16000.pt acc=93.07% (0.050s)
  saved: /home/jvdillon/research/research/projects/trm3/ckpts/x179f/best.pt acc=93.07% (0.097s)
Step 16000  Test 93.07% / 82.65%  Train lm=1.1839±0.0282ϵ[1.0875,1.2787] q_halt=0.0245±0.0258ϵ[0.0022,0.1989] head0_wins=0.2393±0.0425ϵ[0.1042,0.3750]  (303.824s / 578.570s)
  cell_acc=95.29%, puzzle_acc=88.43%
  eval_avg_halt_step: 3.92
  per_H_acc: ['H0=45.9%', 'H1=63.0%', 'H2=66.2%', 'H3=70.7%', 'H4=74.4%', 'H5=76.4%']
  H_cos: ['0.562', '0.941', '0.953', '0.961', '0.965']
  z_H_delta: ['19.250', '7.688', '6.781', '6.094', '5.500']
  cells: fixed=[6563, 2729, 2736, 2353, 1793] broken=[1240, 1751, 1324, 1190, 1192]
  per_ACT_cell_acc: ['H1=45.9%', 'H2=63.0%', 'H3=66.2%', 'H4=70.7%', 'H5=74.4%', 'H6=76.4%', 'H7=78.0%', 'H8=79.3%', 'H9=80.7%', 'H10=81.8%', 'H11=83.0%', 'H12=83.7%', 'H13=84.2%', 'H14=84.8%', 'H15=85.3%', 'H16=86.1%']
  per_ACT_puzzle_acc: ['H1=0.0%', 'H2=2.1%', 'H3=6.2%', 'H4=15.1%', 'H5=23.7%', 'H6=32.0%', 'H7=39.1%', 'H8=42.7%', 'H9=45.8%', 'H10=49.0%', 'H11=52.9%', 'H12=55.2%', 'H13=58.6%', 'H14=59.6%', 'H15=61.7%', 'H16=63.5%']
  mean_sigmoid_q_halt: ['0.000', '0.021', '0.084', '0.176', '0.268', '0.348', '0.420', '0.455', '0.496', '0.516', '0.559', '0.586', '0.613', '0.629', '0.645', '0.660']
  halt_rates: ['0.00', '0.02', '0.08', '0.17', '0.27', '0.34', '0.42', '0.45', '0.50', '0.52', '0.56', '0.59', '0.61', '0.63', '0.65', '0.66']
  halt_histogram %: [30.4, 22.1, 12.1, 9.5, 7.1, 5.4, 4.0, 2.8, 1.9, 1.4, 0.9, 0.6, 0.5, 0.3, 0.2, 0.8]
  Avg ACT steps (last 100): 1.66
  saved: /home/jvdillon/research/research/projects/trm3/ckpts/x179f/step18000.pt acc=95.29% (0.049s)
  saved: /home/jvdillon/research/research/projects/trm3/ckpts/x179f/best.pt acc=95.29% (0.094s)
Step 18000  Test 95.29% / 88.43%  Train lm=1.1437±0.0280ϵ[1.0444,1.2354] q_halt=0.0231±0.0244ϵ[0.0022,0.3089] head0_wins=0.2424±0.0446ϵ[0.1042,0.4375]  (303.875s / 580.068s)
  cell_acc=96.61%, puzzle_acc=91.74%
  eval_avg_halt_step: 3.48
  per_H_acc: ['H0=46.3%', 'H1=62.9%', 'H2=67.5%', 'H3=71.5%', 'H4=74.7%', 'H5=77.0%']
  H_cos: ['0.551', '0.934', '0.957', '0.961', '0.969']
  z_H_delta: ['19.250', '8.062', '6.719', '6.031', '5.188']
  cells: fixed=[6410, 3005, 2637, 2274, 1992] broken=[1264, 1578, 1369, 1289, 1292]
  per_ACT_cell_acc: ['H1=46.3%', 'H2=62.9%', 'H3=67.5%', 'H4=71.5%', 'H5=74.7%', 'H6=77.0%', 'H7=78.2%', 'H8=79.1%', 'H9=80.1%', 'H10=81.4%', 'H11=82.3%', 'H12=83.6%', 'H13=84.5%', 'H14=85.8%', 'H15=86.7%', 'H16=86.9%']
  per_ACT_puzzle_acc: ['H1=0.3%', 'H2=2.1%', 'H3=9.6%', 'H4=18.2%', 'H5=27.3%', 'H6=32.0%', 'H7=39.1%', 'H8=43.5%', 'H9=45.8%', 'H10=49.5%', 'H11=51.8%', 'H12=53.6%', 'H13=58.6%', 'H14=60.9%', 'H15=63.3%', 'H16=64.8%']
  mean_sigmoid_q_halt: ['0.001', '0.021', '0.128', '0.216', '0.312', '0.367', '0.436', '0.471', '0.494', '0.527', '0.555', '0.574', '0.621', '0.641', '0.668', '0.684']
  halt_rates: ['0.00', '0.02', '0.12', '0.21', '0.31', '0.37', '0.43', '0.47', '0.49', '0.53', '0.55', '0.58', '0.62', '0.64', '0.67', '0.68']
  halt_histogram %: [35.3, 22.6, 11.2, 8.4, 6.2, 4.6, 3.4, 2.4, 1.7, 1.2, 0.8, 0.5, 0.4, 0.3, 0.2, 0.7]
  Avg ACT steps (last 100): 1.91
  saved: /home/jvdillon/research/research/projects/trm3/ckpts/x179f/step20000.pt acc=96.61% (0.049s)
  saved: /home/jvdillon/research/research/projects/trm3/ckpts/x179f/best.pt acc=96.61% (0.095s)
Step 20000  Test 96.61% / 91.74%  Train lm=1.1084±0.0273ϵ[1.0271,1.1977] q_halt=0.0231±0.0227ϵ[0.0030,0.1606] head0_wins=0.2420±0.0464ϵ[0.1042,0.4688]  (303.812s / 581.421s)
  cell_acc=97.18%, puzzle_acc=93.17%
  eval_avg_halt_step: 3.27
  per_H_acc: ['H0=47.2%', 'H1=63.6%', 'H2=67.8%', 'H3=71.6%', 'H4=75.6%', 'H5=78.6%']
  H_cos: ['0.570', '0.934', '0.957', '0.953', '0.965']
  z_H_delta: ['18.750', '8.062', '6.594', '6.375', '5.406']
  cells: fixed=[6267, 2879, 2497, 2459, 1977] broken=[1172, 1572, 1306, 1220, 1044]
  per_ACT_cell_acc: ['H1=47.2%', 'H2=63.6%', 'H3=67.8%', 'H4=71.6%', 'H5=75.6%', 'H6=78.6%', 'H7=80.3%', 'H8=81.4%', 'H9=82.4%', 'H10=83.4%', 'H11=84.3%', 'H12=85.0%', 'H13=85.1%', 'H14=85.7%', 'H15=86.6%', 'H16=87.5%']
  per_ACT_puzzle_acc: ['H1=1.3%', 'H2=2.9%', 'H3=10.9%', 'H4=19.3%', 'H5=29.2%', 'H6=36.7%', 'H7=44.3%', 'H8=48.4%', 'H9=51.8%', 'H10=55.7%', 'H11=58.3%', 'H12=60.2%', 'H13=61.2%', 'H14=63.5%', 'H15=65.1%', 'H16=67.2%']
  mean_sigmoid_q_halt: ['0.006', '0.022', '0.125', '0.215', '0.322', '0.400', '0.473', '0.512', '0.543', '0.582', '0.605', '0.629', '0.637', '0.664', '0.684', '0.695']
  halt_rates: ['0.00', '0.02', '0.12', '0.21', '0.32', '0.40', '0.47', '0.51', '0.54', '0.58', '0.60', '0.63', '0.64', '0.67', '0.68', '0.70']
  halt_histogram %: [39.8, 22.8, 10.4, 7.5, 5.4, 4.0, 2.9, 2.1, 1.5, 1.0, 0.7, 0.5, 0.3, 0.2, 0.2, 0.7]
  Avg ACT steps (last 100): 1.54
  saved: /home/jvdillon/research/research/projects/trm3/ckpts/x179f/step22000.pt acc=97.18% (0.049s)
  saved: /home/jvdillon/research/research/projects/trm3/ckpts/x179f/best.pt acc=97.18% (0.095s)
Step 22000  Test 97.18% / 93.17%  Train lm=1.0822±0.0245ϵ[1.0011,1.1725] q_halt=0.0213±0.0204ϵ[0.0031,0.1427] head0_wins=0.2455±0.0505ϵ[0.0938,0.5521]  (303.829s / 582.135s)
  cell_acc=97.35%, puzzle_acc=93.61%
  eval_avg_halt_step: 3.16
  per_H_acc: ['H0=47.6%', 'H1=63.6%', 'H2=67.6%', 'H3=72.6%', 'H4=76.9%', 'H5=79.3%']
  H_cos: ['0.582', '0.938', '0.949', '0.949', '0.965']
  z_H_delta: ['18.625', '8.000', '7.219', '6.812', '5.688']
  cells: fixed=[6127, 2788, 2933, 2593, 1813] broken=[1157, 1557, 1374, 1254, 1081]
  per_ACT_cell_acc: ['H1=47.6%', 'H2=63.6%', 'H3=67.6%', 'H4=72.6%', 'H5=76.9%', 'H6=79.3%', 'H7=80.7%', 'H8=81.9%', 'H9=82.6%', 'H10=83.5%', 'H11=84.4%', 'H12=86.0%', 'H13=86.8%', 'H14=87.7%', 'H15=88.0%', 'H16=88.2%']
  per_ACT_puzzle_acc: ['H1=1.3%', 'H2=2.9%', 'H3=8.6%', 'H4=18.0%', 'H5=29.2%', 'H6=38.5%', 'H7=45.3%', 'H8=50.3%', 'H9=52.6%', 'H10=56.2%', 'H11=58.3%', 'H12=62.0%', 'H13=65.1%', 'H14=65.9%', 'H15=68.2%', 'H16=69.3%']
  mean_sigmoid_q_halt: ['0.008', '0.021', '0.114', '0.202', '0.328', '0.414', '0.484', '0.531', '0.559', '0.590', '0.609', '0.641', '0.676', '0.684', '0.707', '0.723']
  halt_rates: ['0.01', '0.02', '0.10', '0.19', '0.32', '0.41', '0.48', '0.53', '0.55', '0.58', '0.61', '0.64', '0.68', '0.68', '0.71', '0.72']
  halt_histogram %: [43.5, 22.7, 9.8, 6.7, 4.8, 3.5, 2.6, 1.8, 1.3, 0.9, 0.6, 0.4, 0.3, 0.2, 0.2, 0.7]
  Avg ACT steps (last 100): 1.51
  saved: /home/jvdillon/research/research/projects/trm3/ckpts/x179f/step24000.pt acc=97.35% (0.051s)
  saved: /home/jvdillon/research/research/projects/trm3/ckpts/x179f/best.pt acc=97.35% (0.097s)
Step 24000  Test 97.35% / 93.61%  Train lm=1.0710±0.0249ϵ[0.9906,1.1499] q_halt=0.0196±0.0186ϵ[0.0032,0.1624] head0_wins=0.2444±0.0520ϵ[0.0833,0.6146]  (303.759s / 582.707s)
  cell_acc=97.40%, puzzle_acc=93.78%
  eval_avg_halt_step: 3.13
  per_H_acc: ['H0=47.7%', 'H1=63.5%', 'H2=67.5%', 'H3=72.3%', 'H4=75.3%', 'H5=78.6%']
  H_cos: ['0.582', '0.938', '0.949', '0.953', '0.961']
  z_H_delta: ['18.625', '7.969', '7.188', '6.688', '5.625']
  cells: fixed=[6096, 2818, 2710, 2271, 2016] broken=[1166, 1568, 1236, 1324, 986]
  per_ACT_cell_acc: ['H1=47.7%', 'H2=63.5%', 'H3=67.5%', 'H4=72.3%', 'H5=75.3%', 'H6=78.6%', 'H7=80.6%', 'H8=82.1%', 'H9=83.2%', 'H10=84.4%', 'H11=85.1%', 'H12=85.9%', 'H13=86.7%', 'H14=87.5%', 'H15=88.3%', 'H16=88.8%']
  per_ACT_puzzle_acc: ['H1=1.3%', 'H2=2.9%', 'H3=8.6%', 'H4=18.0%', 'H5=29.2%', 'H6=38.3%', 'H7=46.1%', 'H8=50.0%', 'H9=54.4%', 'H10=59.1%', 'H11=60.4%', 'H12=63.5%', 'H13=65.9%', 'H14=68.0%', 'H15=69.5%', 'H16=70.3%']
  mean_sigmoid_q_halt: ['0.007', '0.021', '0.121', '0.209', '0.334', '0.412', '0.496', '0.539', '0.578', '0.621', '0.637', '0.668', '0.688', '0.707', '0.723', '0.734']
  halt_rates: ['0.01', '0.02', '0.10', '0.20', '0.33', '0.40', '0.49', '0.54', '0.58', '0.62', '0.64', '0.67', '0.68', '0.71', '0.72', '0.73']
  halt_histogram %: [46.5, 22.6, 9.3, 6.1, 4.3, 3.2, 2.3, 1.6, 1.1, 0.8, 0.6, 0.4, 0.3, 0.2, 0.1, 0.6]
  Avg ACT steps (last 100): 1.57
  saved: /home/jvdillon/research/research/projects/trm3/ckpts/x179f/step26000.pt acc=97.40% (0.097s)
  saved: /home/jvdillon/research/research/projects/trm3/ckpts/x179f/best.pt acc=97.40% (0.143s)
Step 26000  Test 97.40% / 93.78%  Train lm=1.0666±0.0242ϵ[0.9864,1.1477] q_halt=0.0191±0.0175ϵ[0.0033,0.1224] head0_wins=0.2433±0.0505ϵ[0.0833,0.4896]  (303.812s / 582.699s)
  cell_acc=97.36%, puzzle_acc=93.66%
  eval_avg_halt_step: 3.13
  per_H_acc: ['H0=47.7%', 'H1=63.6%', 'H2=67.9%', 'H3=72.6%', 'H4=76.1%', 'H5=78.9%']
  H_cos: ['0.582', '0.938', '0.949', '0.953', '0.965']
  z_H_delta: ['18.625', '8.000', '7.156', '6.688', '5.531']
  cells: fixed=[6093, 2889, 2761, 2309, 1965] broken=[1144, 1550, 1312, 1217, 1090]
  per_ACT_cell_acc: ['H1=47.7%', 'H2=63.6%', 'H3=67.9%', 'H4=72.6%', 'H5=76.1%', 'H6=78.9%', 'H7=80.6%', 'H8=82.5%', 'H9=84.1%', 'H10=85.0%', 'H11=85.8%', 'H12=86.6%', 'H13=87.1%', 'H14=87.6%', 'H15=88.1%', 'H16=88.6%']
  per_ACT_puzzle_acc: ['H1=1.3%', 'H2=2.9%', 'H3=9.4%', 'H4=19.0%', 'H5=31.2%', 'H6=39.3%', 'H7=46.6%', 'H8=52.1%', 'H9=57.3%', 'H10=60.2%', 'H11=62.0%', 'H12=64.8%', 'H13=66.9%', 'H14=68.8%', 'H15=69.3%', 'H16=70.1%']
  mean_sigmoid_q_halt: ['0.007', '0.021', '0.129', '0.225', '0.346', '0.434', '0.500', '0.555', '0.609', '0.637', '0.652', '0.680', '0.699', '0.719', '0.723', '0.730']
  halt_rates: ['0.01', '0.02', '0.11', '0.22', '0.34', '0.43', '0.50', '0.55', '0.61', '0.64', '0.65', '0.68', '0.70', '0.72', '0.73', '0.73']
  halt_histogram %: [48.8, 22.6, 8.8, 5.6, 3.9, 2.9, 2.1, 1.5, 1.0, 0.7, 0.5, 0.3, 0.3, 0.2, 0.1, 0.6]
  Avg ACT steps (last 100): 1.64
  saved: /home/jvdillon/research/research/projects/trm3/ckpts/x179f/step28000.pt acc=97.36% (0.050s)
Step 28000  Test 97.36% / 93.66%  Train lm=1.0674±0.0232ϵ[0.9952,1.1462] q_halt=0.0191±0.0177ϵ[0.0034,0.1272] head0_wins=0.2403±0.0491ϵ[0.1042,0.4896]  (303.724s / 582.631s)
