  cell_acc=65.69%, puzzle_acc=14.14%
  eval_avg_halt_step: 12.87
  per_H_acc: ['H0=50.9%', 'H1=59.4%', 'H2=62.6%', 'H3=63.5%', 'H4=64.2%', 'H5=64.7%']
  H_cos: ['0.750', '0.938', '0.973', '0.980', '0.984']
  z_H_delta: ['18.250', '9.188', '6.438', '5.344', '4.906']
  cells: fixed=[4390, 2684, 1641, 1178, 961] broken=[1749, 1672, 1363, 984, 800]
  per_ACT_cell_acc: ['H1=50.9%', 'H2=59.4%', 'H3=62.6%', 'H4=63.5%', 'H5=64.2%', 'H6=64.7%', 'H7=65.1%', 'H8=65.0%', 'H9=65.3%', 'H10=65.6%', 'H11=65.5%', 'H12=65.3%', 'H13=65.4%', 'H14=65.4%', 'H15=65.5%', 'H16=65.6%']
  per_ACT_puzzle_acc: ['H1=0.0%', 'H2=0.3%', 'H3=1.3%', 'H4=2.1%', 'H5=3.6%', 'H6=5.2%', 'H7=5.7%', 'H8=7.3%', 'H9=7.8%', 'H10=8.3%', 'H11=8.9%', 'H12=9.4%', 'H13=10.2%', 'H14=9.9%', 'H15=10.4%', 'H16=11.2%']
  mean_sigmoid_q_halt: ['0.010', '0.001', '0.014', '0.028', '0.047', '0.064', '0.069', '0.086', '0.106', '0.114', '0.122', '0.134', '0.145', '0.146', '0.151', '0.159']
  halt_rates: ['0.00', '0.00', '0.01', '0.02', '0.04', '0.06', '0.06', '0.08', '0.10', '0.11', '0.11', '0.13', '0.14', '0.14', '0.15', '0.16']
  halt_histogram %: [6.9, 15.9, 25.0, 24.1, 12.6, 6.0, 3.3, 1.9, 1.0, 0.4, 0.1, 0.2, 0.0, 0.0, 0.0, 2.5]
  Avg ACT steps (last 100): 4.47
  saved: /home/jvdillon/research/research/projects/trm3/ckpts/x179g/step02000.pt acc=65.69% (0.053s)
  saved: /home/jvdillon/research/research/projects/trm3/ckpts/x179g/best.pt acc=65.69% (0.099s)
Step  2000  Test 65.69% / 14.14%  Train lm=1.2745±0.2159ϵ[0.9242,2.9932] q_halt=0.2473±0.4883ϵ[0.0021,4.3219] head0_wins=0.2504±0.0502ϵ[0.0729,0.6979]  (301.454s / 566.440s)
  cell_acc=67.56%, puzzle_acc=19.54%
  eval_avg_halt_step: 12.17
  per_H_acc: ['H0=53.3%', 'H1=61.9%', 'H2=63.5%', 'H3=64.2%', 'H4=64.7%', 'H5=65.1%']
  H_cos: ['0.773', '0.953', '0.977', '0.980', '0.984']
  z_H_delta: ['14.750', '7.250', '5.094', '4.688', '4.469']
  cells: fixed=[4820, 2322, 1412, 1131, 1024] broken=[2128, 1845, 1184, 975, 890]
  per_ACT_cell_acc: ['H1=53.3%', 'H2=61.9%', 'H3=63.5%', 'H4=64.2%', 'H5=64.7%', 'H6=65.1%', 'H7=64.9%', 'H8=65.2%', 'H9=65.1%', 'H10=65.2%', 'H11=65.4%', 'H12=65.4%', 'H13=65.2%', 'H14=65.2%', 'H15=65.2%', 'H16=65.2%']
  per_ACT_puzzle_acc: ['H1=0.0%', 'H2=1.0%', 'H3=2.6%', 'H4=4.9%', 'H5=7.3%', 'H6=9.1%', 'H7=10.9%', 'H8=10.9%', 'H9=10.9%', 'H10=11.5%', 'H11=12.5%', 'H12=13.3%', 'H13=13.3%', 'H14=13.8%', 'H15=14.3%', 'H16=14.3%']
  mean_sigmoid_q_halt: ['0.007', '0.001', '0.029', '0.057', '0.087', '0.118', '0.142', '0.143', '0.151', '0.157', '0.171', '0.179', '0.186', '0.204', '0.207', '0.207']
  halt_rates: ['0.00', '0.00', '0.03', '0.05', '0.09', '0.11', '0.14', '0.14', '0.15', '0.16', '0.17', '0.18', '0.18', '0.20', '0.21', '0.21']
  halt_histogram %: [8.3, 14.6, 19.8, 20.5, 14.2, 9.0, 5.6, 3.4, 1.6, 0.9, 0.4, 0.3, 0.1, 0.0, 0.0, 1.3]
  Avg ACT steps (last 100): 4.45
  saved: /home/jvdillon/research/research/projects/trm3/ckpts/x179g/step04000.pt acc=67.56% (0.051s)
  saved: /home/jvdillon/research/research/projects/trm3/ckpts/x179g/best.pt acc=67.56% (0.098s)
Step  4000  Test 67.56% / 19.54%  Train lm=1.2774±0.0302ϵ[1.1615,1.3670] q_halt=0.0311±0.0335ϵ[0.0017,0.2869] head0_wins=0.2501±0.0440ϵ[0.1042,0.4271]  (301.586s / 563.375s)
  cell_acc=70.14%, puzzle_acc=25.48%
  eval_avg_halt_step: 12.07
  per_H_acc: ['H0=52.9%', 'H1=61.6%', 'H2=63.2%', 'H3=63.8%', 'H4=64.4%', 'H5=65.1%']
  H_cos: ['0.801', '0.953', '0.977', '0.984', '0.984']
  z_H_delta: ['13.062', '7.125', '5.094', '4.500', '4.219']
  cells: fixed=[4645, 2385, 1275, 1162, 1104] broken=[1964, 1861, 1099, 990, 873]
  per_ACT_cell_acc: ['H1=52.9%', 'H2=61.6%', 'H3=63.2%', 'H4=63.8%', 'H5=64.4%', 'H6=65.1%', 'H7=65.8%', 'H8=66.1%', 'H9=66.6%', 'H10=67.0%', 'H11=66.9%', 'H12=66.8%', 'H13=66.9%', 'H14=67.1%', 'H15=67.2%', 'H16=67.5%']
  per_ACT_puzzle_acc: ['H1=0.0%', 'H2=1.3%', 'H3=2.6%', 'H4=4.9%', 'H5=6.2%', 'H6=8.1%', 'H7=9.4%', 'H8=12.2%', 'H9=13.5%', 'H10=15.1%', 'H11=15.4%', 'H12=15.9%', 'H13=16.4%', 'H14=16.9%', 'H15=17.4%', 'H16=17.7%']
  mean_sigmoid_q_halt: ['0.002', '0.001', '0.038', '0.059', '0.086', '0.114', '0.135', '0.164', '0.182', '0.202', '0.202', '0.209', '0.216', '0.223', '0.226', '0.229']
  halt_rates: ['0.00', '0.00', '0.04', '0.06', '0.09', '0.11', '0.14', '0.16', '0.18', '0.20', '0.20', '0.21', '0.22', '0.22', '0.23', '0.23']
  halt_histogram %: [9.5, 14.3, 17.2, 17.9, 13.6, 9.6, 6.6, 4.4, 2.5, 1.5, 0.8, 0.5, 0.3, 0.2, 0.1, 1.0]
  Avg ACT steps (last 100): 5.19
  saved: /home/jvdillon/research/research/projects/trm3/ckpts/x179g/step06000.pt acc=70.14% (0.095s)
  saved: /home/jvdillon/research/research/projects/trm3/ckpts/x179g/best.pt acc=70.14% (0.142s)
Step  6000  Test 70.14% / 25.48%  Train lm=1.2889±0.0267ϵ[1.1990,1.3658] q_halt=0.0257±0.0296ϵ[0.0015,0.2114] head0_wins=0.2487±0.0444ϵ[0.1042,0.4167]  (301.645s / 563.048s)
  cell_acc=73.88%, puzzle_acc=34.10%
  eval_avg_halt_step: 10.81
  per_H_acc: ['H0=51.8%', 'H1=61.9%', 'H2=64.1%', 'H3=65.6%', 'H4=66.8%', 'H5=67.7%']
  H_cos: ['0.762', '0.953', '0.977', '0.980', '0.980']
  z_H_delta: ['14.188', '6.875', '5.062', '4.750', '4.469']
  cells: fixed=[4940, 2577, 1635, 1432, 1296] broken=[1783, 1890, 1188, 1054, 1023]
  per_ACT_cell_acc: ['H1=51.8%', 'H2=61.9%', 'H3=64.1%', 'H4=65.6%', 'H5=66.8%', 'H6=67.7%', 'H7=68.1%', 'H8=68.5%', 'H9=68.8%', 'H10=69.5%', 'H11=69.8%', 'H12=69.8%', 'H13=70.2%', 'H14=70.2%', 'H15=69.9%', 'H16=70.2%']
  per_ACT_puzzle_acc: ['H1=0.0%', 'H2=1.3%', 'H3=3.4%', 'H4=6.2%', 'H5=9.6%', 'H6=13.0%', 'H7=15.6%', 'H8=16.4%', 'H9=17.2%', 'H10=18.5%', 'H11=19.5%', 'H12=20.6%', 'H13=21.6%', 'H14=22.4%', 'H15=22.9%', 'H16=23.2%']
  mean_sigmoid_q_halt: ['0.024', '0.008', '0.035', '0.078', '0.113', '0.152', '0.179', '0.190', '0.195', '0.210', '0.227', '0.232', '0.244', '0.258', '0.260', '0.264']
  halt_rates: ['0.00', '0.01', '0.03', '0.08', '0.11', '0.15', '0.18', '0.19', '0.20', '0.21', '0.22', '0.23', '0.24', '0.26', '0.26', '0.27']
  halt_histogram %: [10.8, 14.4, 15.6, 16.0, 12.7, 9.5, 6.9, 4.9, 3.1, 2.0, 1.3, 0.8, 0.5, 0.3, 0.2, 1.0]
  Avg ACT steps (last 100): 5.12
  saved: /home/jvdillon/research/research/projects/trm3/ckpts/x179g/step08000.pt acc=73.88% (0.049s)
  saved: /home/jvdillon/research/research/projects/trm3/ckpts/x179g/best.pt acc=73.88% (0.096s)
Step  8000  Test 73.88% / 34.10%  Train lm=1.2926±0.0252ϵ[1.1990,1.3669] q_halt=0.0222±0.0280ϵ[0.0015,0.2033] head0_wins=0.2451±0.0444ϵ[0.1146,0.4167]  (301.625s / 563.350s)
  cell_acc=77.26%, puzzle_acc=41.89%
  eval_avg_halt_step: 9.81
  per_H_acc: ['H0=53.4%', 'H1=61.8%', 'H2=64.5%', 'H3=66.4%', 'H4=68.0%', 'H5=69.0%']
  H_cos: ['0.801', '0.953', '0.977', '0.980', '0.980']
  z_H_delta: ['12.938', '6.594', '4.938', '4.500', '4.281']
  cells: fixed=[4423, 2446, 1648, 1595, 1408] broken=[1817, 1618, 1047, 1098, 1091]
  per_ACT_cell_acc: ['H1=53.4%', 'H2=61.8%', 'H3=64.5%', 'H4=66.4%', 'H5=68.0%', 'H6=69.0%', 'H7=69.7%', 'H8=70.0%', 'H9=70.7%', 'H10=70.9%', 'H11=71.0%', 'H12=71.2%', 'H13=71.3%', 'H14=71.5%', 'H15=71.7%', 'H16=72.0%']
  per_ACT_puzzle_acc: ['H1=0.0%', 'H2=1.3%', 'H3=4.2%', 'H4=6.8%', 'H5=9.9%', 'H6=13.0%', 'H7=16.7%', 'H8=19.5%', 'H9=20.6%', 'H10=21.9%', 'H11=22.7%', 'H12=24.0%', 'H13=24.7%', 'H14=25.0%', 'H15=25.0%', 'H16=25.5%']
  mean_sigmoid_q_halt: ['0.073', '0.006', '0.056', '0.093', '0.145', '0.190', '0.234', '0.268', '0.281', '0.297', '0.307', '0.318', '0.326', '0.328', '0.328', '0.334']
  halt_rates: ['0.02', '0.01', '0.05', '0.09', '0.14', '0.19', '0.23', '0.27', '0.28', '0.30', '0.31', '0.32', '0.33', '0.33', '0.33', '0.34']
  halt_histogram %: [12.5, 15.0, 14.6, 14.6, 11.8, 9.0, 6.8, 5.0, 3.4, 2.3, 1.5, 1.0, 0.7, 0.4, 0.3, 1.1]
  Avg ACT steps (last 100): 4.05
  saved: /home/jvdillon/research/research/projects/trm3/ckpts/x179g/step10000.pt acc=77.26% (0.049s)
  saved: /home/jvdillon/research/research/projects/trm3/ckpts/x179g/best.pt acc=77.26% (0.095s)
Step 10000  Test 77.26% / 41.89%  Train lm=1.2863±0.0248ϵ[1.2078,1.3699] q_halt=0.0205±0.0264ϵ[0.0011,0.1502] head0_wins=0.2414±0.0439ϵ[0.0729,0.3958]  (301.608s / 563.599s)
  cell_acc=83.79%, puzzle_acc=58.38%
  eval_avg_halt_step: 7.92
  per_H_acc: ['H0=53.4%', 'H1=62.7%', 'H2=64.8%', 'H3=67.1%', 'H4=68.9%', 'H5=70.0%']
  H_cos: ['0.770', '0.953', '0.969', '0.977', '0.980']
  z_H_delta: ['14.625', '6.625', '5.500', '5.062', '4.469']
  cells: fixed=[4647, 2486, 1990, 1726, 1495] broken=[1766, 1826, 1296, 1156, 1139]
  per_ACT_cell_acc: ['H1=53.4%', 'H2=62.7%', 'H3=64.8%', 'H4=67.1%', 'H5=68.9%', 'H6=70.0%', 'H7=71.2%', 'H8=71.9%', 'H9=72.5%', 'H10=73.6%', 'H11=74.2%', 'H12=75.0%', 'H13=75.3%', 'H14=75.6%', 'H15=75.9%', 'H16=76.1%']
  per_ACT_puzzle_acc: ['H1=0.0%', 'H2=1.6%', 'H3=3.1%', 'H4=6.8%', 'H5=12.0%', 'H6=15.4%', 'H7=19.5%', 'H8=21.9%', 'H9=24.2%', 'H10=26.0%', 'H11=28.6%', 'H12=31.2%', 'H13=33.9%', 'H14=35.2%', 'H15=36.7%', 'H16=37.5%']
  mean_sigmoid_q_halt: ['0.436', '0.017', '0.043', '0.109', '0.168', '0.215', '0.262', '0.287', '0.309', '0.330', '0.352', '0.381', '0.406', '0.420', '0.436', '0.443']
  halt_rates: ['0.41', '0.02', '0.04', '0.11', '0.17', '0.21', '0.26', '0.29', '0.31', '0.34', '0.35', '0.38', '0.41', '0.42', '0.44', '0.45']
  halt_histogram %: [14.8, 16.2, 14.0, 13.3, 10.8, 8.4, 6.4, 4.8, 3.3, 2.3, 1.6, 1.1, 0.8, 0.5, 0.4, 1.3]
  Avg ACT steps (last 100): 3.95
  saved: /home/jvdillon/research/research/projects/trm3/ckpts/x179g/step12000.pt acc=83.79% (0.049s)
  saved: /home/jvdillon/research/research/projects/trm3/ckpts/x179g/best.pt acc=83.79% (0.095s)
Step 12000  Test 83.79% / 58.38%  Train lm=1.2713±0.0246ϵ[1.1825,1.3522] q_halt=0.0191±0.0243ϵ[0.0012,0.1817] head0_wins=0.2428±0.0435ϵ[0.1042,0.3854]  (301.605s / 564.249s)
  cell_acc=88.01%, puzzle_acc=70.08%
  eval_avg_halt_step: 6.25
  per_H_acc: ['H0=50.9%', 'H1=62.3%', 'H2=65.2%', 'H3=67.1%', 'H4=69.5%', 'H5=70.9%']
  H_cos: ['0.688', '0.941', '0.965', '0.973', '0.973']
  z_H_delta: ['17.125', '7.656', '5.938', '5.438', '5.156']
  cells: fixed=[5201, 2640, 1850, 1985, 1652] broken=[1639, 1745, 1254, 1239, 1226]
  per_ACT_cell_acc: ['H1=50.9%', 'H2=62.3%', 'H3=65.2%', 'H4=67.1%', 'H5=69.5%', 'H6=70.9%', 'H7=72.4%', 'H8=73.3%', 'H9=74.1%', 'H10=74.7%', 'H11=75.7%', 'H12=76.3%', 'H13=77.1%', 'H14=77.4%', 'H15=77.9%', 'H16=78.3%']
  per_ACT_puzzle_acc: ['H1=0.0%', 'H2=1.8%', 'H3=4.9%', 'H4=9.1%', 'H5=13.0%', 'H6=18.2%', 'H7=23.4%', 'H8=27.6%', 'H9=28.6%', 'H10=29.9%', 'H11=32.8%', 'H12=33.9%', 'H13=35.9%', 'H14=37.5%', 'H15=39.3%', 'H16=41.9%']
  mean_sigmoid_q_halt: ['0.828', '0.019', '0.061', '0.134', '0.183', '0.248', '0.303', '0.340', '0.355', '0.371', '0.395', '0.418', '0.436', '0.453', '0.471', '0.494']
  halt_rates: ['0.98', '0.02', '0.06', '0.14', '0.18', '0.25', '0.30', '0.34', '0.35', '0.37', '0.40', '0.42', '0.44', '0.46', '0.47', '0.49']
  halt_histogram %: [17.9, 17.8, 13.5, 12.1, 9.7, 7.6, 5.8, 4.4, 3.1, 2.2, 1.5, 1.1, 0.8, 0.6, 0.4, 1.4]
  Avg ACT steps (last 100): 3.80
  saved: /home/jvdillon/research/research/projects/trm3/ckpts/x179g/step14000.pt acc=88.01% (0.049s)
  saved: /home/jvdillon/research/research/projects/trm3/ckpts/x179g/best.pt acc=88.01% (0.095s)
Step 14000  Test 88.01% / 70.08%  Train lm=1.2504±0.0258ϵ[1.1708,1.3382] q_halt=0.0211±0.0257ϵ[0.0014,0.1925] head0_wins=0.2433±0.0431ϵ[0.1146,0.3958]  (301.496s / 564.944s)
  cell_acc=90.83%, puzzle_acc=77.33%
  eval_avg_halt_step: 5.05
  per_H_acc: ['H0=48.5%', 'H1=62.2%', 'H2=65.3%', 'H3=68.3%', 'H4=71.8%', 'H5=73.3%']
  H_cos: ['0.617', '0.941', '0.969', '0.969', '0.973']
  z_H_delta: ['19.000', '8.062', '6.094', '5.969', '5.469']
  cells: fixed=[5733, 2781, 2262, 2337, 1687] broken=[1447, 1833, 1315, 1257, 1216]
  per_ACT_cell_acc: ['H1=48.5%', 'H2=62.2%', 'H3=65.3%', 'H4=68.3%', 'H5=71.8%', 'H6=73.3%', 'H7=74.7%', 'H8=76.1%', 'H9=77.2%', 'H10=78.1%', 'H11=79.0%', 'H12=79.8%', 'H13=80.5%', 'H14=81.5%', 'H15=82.0%', 'H16=82.6%']
  per_ACT_puzzle_acc: ['H1=0.0%', 'H2=2.1%', 'H3=5.7%', 'H4=10.4%', 'H5=16.7%', 'H6=24.2%', 'H7=28.9%', 'H8=33.1%', 'H9=36.5%', 'H10=39.3%', 'H11=40.9%', 'H12=42.4%', 'H13=45.8%', 'H14=48.7%', 'H15=51.0%', 'H16=53.1%']
  mean_sigmoid_q_halt: ['0.824', '0.021', '0.061', '0.127', '0.194', '0.268', '0.324', '0.373', '0.418', '0.449', '0.465', '0.484', '0.512', '0.543', '0.566', '0.586']
  halt_rates: ['0.98', '0.02', '0.06', '0.12', '0.19', '0.27', '0.33', '0.38', '0.42', '0.45', '0.46', '0.48', '0.51', '0.55', '0.57', '0.59']
  halt_histogram %: [21.8, 19.5, 13.0, 10.9, 8.6, 6.7, 5.2, 3.9, 2.8, 2.0, 1.4, 1.0, 0.7, 0.5, 0.4, 1.4]
  Avg ACT steps (last 100): 2.46
  saved: /home/jvdillon/research/research/projects/trm3/ckpts/x179g/step16000.pt acc=90.83% (0.049s)
  saved: /home/jvdillon/research/research/projects/trm3/ckpts/x179g/best.pt acc=90.83% (0.096s)
Step 16000  Test 90.83% / 77.33%  Train lm=1.2189±0.0303ϵ[1.1325,1.3329] q_halt=0.0234±0.0267ϵ[0.0020,0.2003] head0_wins=0.2447±0.0438ϵ[0.1042,0.4271]  (301.372s / 566.025s)
  cell_acc=93.26%, puzzle_acc=83.41%
  eval_avg_halt_step: 4.44
  per_H_acc: ['H0=51.3%', 'H1=62.9%', 'H2=66.3%', 'H3=69.6%', 'H4=73.2%', 'H5=75.2%']
  H_cos: ['0.664', '0.930', '0.957', '0.961', '0.965']
  z_H_delta: ['18.125', '8.938', '7.156', '6.312', '5.969']
  cells: fixed=[5101, 2886, 2253, 2333, 1753] broken=[1468, 1856, 1211, 1228, 1117]
  per_ACT_cell_acc: ['H1=51.3%', 'H2=62.9%', 'H3=66.3%', 'H4=69.6%', 'H5=73.2%', 'H6=75.2%', 'H7=76.6%', 'H8=77.7%', 'H9=78.8%', 'H10=79.9%', 'H11=81.1%', 'H12=82.2%', 'H13=83.1%', 'H14=83.7%', 'H15=84.2%', 'H16=84.1%']
  per_ACT_puzzle_acc: ['H1=0.5%', 'H2=2.3%', 'H3=6.8%', 'H4=14.3%', 'H5=20.6%', 'H6=29.2%', 'H7=33.1%', 'H8=37.8%', 'H9=39.6%', 'H10=43.0%', 'H11=47.1%', 'H12=51.6%', 'H13=53.1%', 'H14=54.9%', 'H15=56.8%', 'H16=57.8%']
  mean_sigmoid_q_halt: ['0.664', '0.024', '0.095', '0.184', '0.262', '0.365', '0.412', '0.457', '0.480', '0.520', '0.555', '0.602', '0.613', '0.633', '0.652', '0.660']
  halt_rates: ['0.84', '0.02', '0.08', '0.18', '0.26', '0.36', '0.41', '0.46', '0.48', '0.52', '0.55', '0.60', '0.61', '0.63', '0.65', '0.66']
  halt_histogram %: [26.3, 20.9, 12.3, 9.8, 7.6, 5.8, 4.5, 3.4, 2.5, 1.8, 1.3, 0.9, 0.7, 0.5, 0.4, 1.4]
  Avg ACT steps (last 100): 2.16
  saved: /home/jvdillon/research/research/projects/trm3/ckpts/x179g/step18000.pt acc=93.26% (0.049s)
  saved: /home/jvdillon/research/research/projects/trm3/ckpts/x179g/best.pt acc=93.26% (0.095s)
Step 18000  Test 93.26% / 83.41%  Train lm=1.1807±0.0276ϵ[1.0892,1.2786] q_halt=0.0244±0.0251ϵ[0.0021,0.1975] head0_wins=0.2493±0.0447ϵ[0.0833,0.4062]  (301.304s / 567.150s)
  cell_acc=94.78%, puzzle_acc=87.32%
  eval_avg_halt_step: 3.81
  per_H_acc: ['H0=49.8%', 'H1=62.2%', 'H2=66.1%', 'H3=69.8%', 'H4=73.3%', 'H5=75.8%']
  H_cos: ['0.625', '0.918', '0.953', '0.961', '0.965']
  z_H_delta: ['19.000', '9.375', '7.219', '6.281', '5.750']
  cells: fixed=[5331, 3010, 2370, 2302, 1892] broken=[1477, 1819, 1206, 1200, 1126]
  per_ACT_cell_acc: ['H1=49.8%', 'H2=62.2%', 'H3=66.1%', 'H4=69.8%', 'H5=73.3%', 'H6=75.8%', 'H7=77.8%', 'H8=78.7%', 'H9=79.8%', 'H10=80.3%', 'H11=82.2%', 'H12=82.9%', 'H13=83.5%', 'H14=83.9%', 'H15=84.3%', 'H16=84.8%']
  per_ACT_puzzle_acc: ['H1=0.8%', 'H2=2.1%', 'H3=7.8%', 'H4=14.3%', 'H5=21.9%', 'H6=28.4%', 'H7=34.4%', 'H8=39.3%', 'H9=43.2%', 'H10=47.1%', 'H11=50.0%', 'H12=53.6%', 'H13=55.5%', 'H14=57.0%', 'H15=58.1%', 'H16=59.9%']
  mean_sigmoid_q_halt: ['0.621', '0.026', '0.121', '0.185', '0.275', '0.346', '0.404', '0.461', '0.500', '0.535', '0.562', '0.598', '0.617', '0.633', '0.645', '0.660']
  halt_rates: ['0.80', '0.02', '0.10', '0.19', '0.27', '0.34', '0.40', '0.46', '0.50', '0.54', '0.56', '0.60', '0.62', '0.64', '0.65', '0.66']
  halt_histogram %: [31.0, 22.0, 11.6, 8.7, 6.6, 5.0, 3.9, 3.0, 2.1, 1.5, 1.1, 0.8, 0.6, 0.4, 0.3, 1.3]
  Avg ACT steps (last 100): 1.97
  saved: /home/jvdillon/research/research/projects/trm3/ckpts/x179g/step20000.pt acc=94.78% (0.050s)
  saved: /home/jvdillon/research/research/projects/trm3/ckpts/x179g/best.pt acc=94.78% (0.096s)
Step 20000  Test 94.78% / 87.32%  Train lm=1.1405±0.0258ϵ[1.0574,1.2171] q_halt=0.0241±0.0231ϵ[0.0023,0.1341] head0_wins=0.2500±0.0454ϵ[0.1042,0.4375]  (301.301s / 568.457s)
  cell_acc=95.99%, puzzle_acc=90.27%
  eval_avg_halt_step: 3.58
  per_H_acc: ['H0=51.5%', 'H1=62.9%', 'H2=67.5%', 'H3=71.3%', 'H4=75.1%', 'H5=77.9%']
  H_cos: ['0.664', '0.922', '0.949', '0.957', '0.965']
  z_H_delta: ['18.125', '9.062', '7.562', '6.531', '5.750']
  cells: fixed=[5097, 3180, 2481, 2466, 1951] broken=[1546, 1761, 1301, 1287, 1074]
  per_ACT_cell_acc: ['H1=51.5%', 'H2=62.9%', 'H3=67.5%', 'H4=71.3%', 'H5=75.1%', 'H6=77.9%', 'H7=79.4%', 'H8=80.9%', 'H9=82.1%', 'H10=82.9%', 'H11=83.6%', 'H12=83.8%', 'H13=84.1%', 'H14=84.6%', 'H15=85.3%', 'H16=86.3%']
  per_ACT_puzzle_acc: ['H1=0.8%', 'H2=2.3%', 'H3=7.8%', 'H4=17.2%', 'H5=26.6%', 'H6=34.1%', 'H7=40.6%', 'H8=46.9%', 'H9=50.0%', 'H10=52.9%', 'H11=55.2%', 'H12=57.3%', 'H13=59.4%', 'H14=60.4%', 'H15=61.2%', 'H16=63.3%']
  mean_sigmoid_q_halt: ['0.645', '0.034', '0.121', '0.208', '0.295', '0.377', '0.441', '0.500', '0.539', '0.566', '0.590', '0.613', '0.629', '0.637', '0.648', '0.668']
  halt_rates: ['0.82', '0.03', '0.11', '0.20', '0.29', '0.38', '0.44', '0.50', '0.54', '0.57', '0.59', '0.61', '0.63', '0.64', '0.65', '0.67']
  halt_histogram %: [35.3, 22.7, 10.9, 7.8, 5.8, 4.4, 3.4, 2.6, 1.8, 1.3, 1.0, 0.7, 0.5, 0.4, 0.3, 1.2]
  Avg ACT steps (last 100): 1.83
  saved: /home/jvdillon/research/research/projects/trm3/ckpts/x179g/step22000.pt acc=95.99% (0.050s)
  saved: /home/jvdillon/research/research/projects/trm3/ckpts/x179g/best.pt acc=95.99% (0.095s)
Step 22000  Test 95.99% / 90.27%  Train lm=1.1165±0.0249ϵ[1.0091,1.1933] q_halt=0.0232±0.0221ϵ[0.0028,0.1481] head0_wins=0.2503±0.0472ϵ[0.0938,0.4479]  (301.189s / 569.350s)
