  cell_acc=65.74%, puzzle_acc=16.30%
  eval_avg_halt_step: 11.86
  per_H_acc: ['H0=53.5%', 'H1=60.6%', 'H2=62.8%', 'H3=63.2%', 'H4=63.5%', 'H5=63.3%']
  H_cos: ['0.828', '0.953', '0.973', '0.977', '0.977']
  z_H_delta: ['15.188', '8.438', '6.969', '6.438', '6.156']
  cells: fixed=[3905, 2402, 1400, 1040, 950] broken=[1694, 1722, 1272, 949, 1002]
  per_ACT_cell_acc: ['H1=53.5%', 'H2=60.6%', 'H3=62.8%', 'H4=63.2%', 'H5=63.5%', 'H6=63.3%', 'H7=63.1%', 'H8=63.1%', 'H9=63.4%', 'H10=63.3%', 'H11=63.4%', 'H12=63.5%', 'H13=63.6%', 'H14=63.6%', 'H15=63.7%', 'H16=63.9%']
  per_ACT_puzzle_acc: ['H1=0.0%', 'H2=1.3%', 'H3=1.8%', 'H4=3.1%', 'H5=4.7%', 'H6=6.0%', 'H7=6.8%', 'H8=7.0%', 'H9=7.8%', 'H10=8.6%', 'H11=8.9%', 'H12=9.4%', 'H13=9.4%', 'H14=9.9%', 'H15=9.9%', 'H16=9.9%']
  mean_sigmoid_q_halt: ['0.002', '0.004', '0.018', '0.042', '0.060', '0.076', '0.088', '0.104', '0.123', '0.131', '0.144', '0.149', '0.158', '0.162', '0.166', '0.163']
  halt_rates: ['0.00', '0.01', '0.01', '0.04', '0.05', '0.07', '0.08', '0.10', '0.12', '0.12', '0.14', '0.14', '0.16', '0.16', '0.16', '0.16']
  halt_histogram %: [6.5, 15.0, 23.8, 26.0, 13.0, 5.5, 3.2, 2.1, 1.4, 0.5, 0.1, 0.2, 0.1, 0.2, 0.0, 2.5]
  Avg ACT steps (last 100): 4.42
  saved: /home/jvdillon/research/research/projects/trm3/ckpts/x179/step02000.pt acc=65.74% (0.098s)
  saved: /home/jvdillon/research/research/projects/trm3/ckpts/x179/best.pt acc=65.74% (0.145s)
Step  2000  Test 65.74% / 16.30%  Train lm=1.2804±0.2299ϵ[0.9247,2.9935] q_halt=0.2699±0.4706ϵ[0.0029,4.0043] head0_wins=0.2493±0.0535ϵ[0.0521,0.7604]  (304.267s / 578.765s)
  cell_acc=69.49%, puzzle_acc=22.63%
  eval_avg_halt_step: 12.68
  per_H_acc: ['H0=51.3%', 'H1=61.6%', 'H2=63.7%', 'H3=64.4%', 'H4=64.9%', 'H5=65.2%']
  H_cos: ['0.742', '0.957', '0.977', '0.977', '0.977']
  z_H_delta: ['15.812', '7.438', '5.656', '5.562', '5.438']
  cells: fixed=[5039, 2649, 1648, 1710, 1710] broken=[1826, 2000, 1431, 1551, 1630]
  per_ACT_cell_acc: ['H1=51.3%', 'H2=61.6%', 'H3=63.7%', 'H4=64.4%', 'H5=64.9%', 'H6=65.2%', 'H7=65.8%', 'H8=66.7%', 'H9=66.4%', 'H10=66.1%', 'H11=66.1%', 'H12=66.2%', 'H13=66.8%', 'H14=66.8%', 'H15=66.6%', 'H16=66.5%']
  per_ACT_puzzle_acc: ['H1=0.0%', 'H2=0.8%', 'H3=2.3%', 'H4=3.9%', 'H5=5.7%', 'H6=7.6%', 'H7=8.1%', 'H8=9.9%', 'H9=10.7%', 'H10=11.7%', 'H11=12.0%', 'H12=13.3%', 'H13=13.8%', 'H14=14.1%', 'H15=14.1%', 'H16=14.3%']
  mean_sigmoid_q_halt: ['0.001', '0.000', '0.025', '0.042', '0.056', '0.086', '0.098', '0.117', '0.124', '0.135', '0.143', '0.148', '0.154', '0.161', '0.163', '0.166']
  halt_rates: ['0.00', '0.00', '0.02', '0.04', '0.05', '0.09', '0.10', '0.12', '0.12', '0.14', '0.14', '0.15', '0.16', '0.16', '0.16', '0.17']
  halt_histogram %: [7.6, 14.1, 18.8, 21.1, 14.0, 8.7, 5.8, 3.7, 2.4, 1.2, 0.6, 0.3, 0.2, 0.1, 0.0, 1.4]
  Avg ACT steps (last 100): 5.54
  saved: /home/jvdillon/research/research/projects/trm3/ckpts/x179/step04000.pt acc=69.49% (0.051s)
  saved: /home/jvdillon/research/research/projects/trm3/ckpts/x179/best.pt acc=69.49% (0.098s)
Step  4000  Test 69.49% / 22.63%  Train lm=1.2899±0.0304ϵ[1.1923,1.3829] q_halt=0.0462±0.0378ϵ[0.0026,0.2531] head0_wins=0.2492±0.0450ϵ[0.0833,0.4062]  (304.233s / 574.588s)
  cell_acc=72.78%, puzzle_acc=31.94%
  eval_avg_halt_step: 11.29
  per_H_acc: ['H0=53.8%', 'H1=63.0%', 'H2=64.9%', 'H3=65.7%', 'H4=66.5%', 'H5=66.9%']
  H_cos: ['0.762', '0.961', '0.973', '0.973', '0.977']
  z_H_delta: ['14.188', '6.469', '5.281', '5.438', '4.875']
  cells: fixed=[4805, 2506, 1559, 1422, 1366] broken=[1950, 1928, 1288, 1181, 1235]
  per_ACT_cell_acc: ['H1=53.8%', 'H2=63.0%', 'H3=64.9%', 'H4=65.7%', 'H5=66.5%', 'H6=66.9%', 'H7=67.1%', 'H8=67.4%', 'H9=67.8%', 'H10=67.9%', 'H11=67.8%', 'H12=68.0%', 'H13=68.5%', 'H14=69.1%', 'H15=69.1%', 'H16=68.8%']
  per_ACT_puzzle_acc: ['H1=0.0%', 'H2=2.1%', 'H3=2.6%', 'H4=7.3%', 'H5=10.9%', 'H6=12.8%', 'H7=13.3%', 'H8=14.3%', 'H9=16.1%', 'H10=16.4%', 'H11=17.7%', 'H12=18.0%', 'H13=19.5%', 'H14=21.4%', 'H15=21.4%', 'H16=21.4%']
  mean_sigmoid_q_halt: ['0.001', '0.005', '0.026', '0.074', '0.135', '0.161', '0.166', '0.183', '0.201', '0.214', '0.218', '0.226', '0.241', '0.260', '0.260', '0.262']
  halt_rates: ['0.00', '0.01', '0.03', '0.07', '0.14', '0.16', '0.17', '0.18', '0.20', '0.22', '0.22', '0.23', '0.24', '0.26', '0.26', '0.26']
  halt_histogram %: [9.3, 14.2, 16.7, 18.3, 13.1, 9.2, 6.6, 4.6, 3.0, 1.7, 1.0, 0.6, 0.4, 0.2, 0.1, 1.0]
  Avg ACT steps (last 100): 4.02
  saved: /home/jvdillon/research/research/projects/trm3/ckpts/x179/step06000.pt acc=72.78% (0.095s)
  saved: /home/jvdillon/research/research/projects/trm3/ckpts/x179/best.pt acc=72.78% (0.142s)
Step  6000  Test 72.78% / 31.94%  Train lm=1.2877±0.0276ϵ[1.1959,1.3816] q_halt=0.0345±0.0337ϵ[0.0018,0.1850] head0_wins=0.2490±0.0447ϵ[0.1146,0.3958]  (304.377s / 574.758s)
  cell_acc=78.05%, puzzle_acc=45.68%
  eval_avg_halt_step: 9.76
  per_H_acc: ['H0=54.2%', 'H1=63.5%', 'H2=64.9%', 'H3=65.8%', 'H4=66.8%', 'H5=67.7%']
  H_cos: ['0.781', '0.957', '0.977', '0.980', '0.980']
  z_H_delta: ['14.062', '6.531', '4.906', '4.594', '4.375']
  cells: fixed=[4732, 2395, 1406, 1408, 1397] broken=[1826, 1966, 1107, 1121, 1119]
  per_ACT_cell_acc: ['H1=54.2%', 'H2=63.5%', 'H3=64.9%', 'H4=65.8%', 'H5=66.8%', 'H6=67.7%', 'H7=68.1%', 'H8=68.4%', 'H9=69.1%', 'H10=69.7%', 'H11=70.3%', 'H12=70.4%', 'H13=71.0%', 'H14=71.7%', 'H15=71.9%', 'H16=72.2%']
  per_ACT_puzzle_acc: ['H1=0.0%', 'H2=2.3%', 'H3=6.0%', 'H4=9.6%', 'H5=11.7%', 'H6=14.6%', 'H7=16.1%', 'H8=17.4%', 'H9=19.8%', 'H10=20.8%', 'H11=21.9%', 'H12=24.0%', 'H13=25.3%', 'H14=26.3%', 'H15=27.6%', 'H16=28.4%']
  mean_sigmoid_q_halt: ['0.001', '0.017', '0.066', '0.105', '0.133', '0.157', '0.176', '0.192', '0.218', '0.230', '0.248', '0.266', '0.279', '0.287', '0.299', '0.314']
  halt_rates: ['0.00', '0.02', '0.07', '0.10', '0.13', '0.15', '0.17', '0.19', '0.22', '0.23', '0.24', '0.27', '0.28', '0.29', '0.30', '0.31']
  halt_histogram %: [11.5, 15.1, 15.5, 16.3, 12.2, 9.0, 6.6, 4.7, 3.2, 2.0, 1.2, 0.7, 0.5, 0.3, 0.2, 1.0]
  Avg ACT steps (last 100): 5.10
  saved: /home/jvdillon/research/research/projects/trm3/ckpts/x179/step08000.pt acc=78.05% (0.049s)
  saved: /home/jvdillon/research/research/projects/trm3/ckpts/x179/best.pt acc=78.05% (0.096s)
Step  8000  Test 78.05% / 45.68%  Train lm=1.2787±0.0256ϵ[1.2032,1.3669] q_halt=0.0320±0.0315ϵ[0.0021,0.1959] head0_wins=0.2493±0.0450ϵ[0.1042,0.4167]  (304.391s / 574.747s)
  cell_acc=82.92%, puzzle_acc=56.60%
  eval_avg_halt_step: 8.45
  per_H_acc: ['H0=56.1%', 'H1=64.1%', 'H2=67.3%', 'H3=69.0%', 'H4=70.3%', 'H5=71.4%']
  H_cos: ['0.801', '0.961', '0.973', '0.977', '0.980']
  z_H_delta: ['13.250', '5.969', '5.062', '4.562', '4.188']
  cells: fixed=[4127, 2692, 1697, 1634, 1499] broken=[1636, 1705, 1152, 1235, 1163]
  per_ACT_cell_acc: ['H1=56.1%', 'H2=64.1%', 'H3=67.3%', 'H4=69.0%', 'H5=70.3%', 'H6=71.4%', 'H7=72.6%', 'H8=73.6%', 'H9=74.4%', 'H10=75.0%', 'H11=75.3%', 'H12=75.5%', 'H13=75.8%', 'H14=76.0%', 'H15=76.4%', 'H16=77.0%']
  per_ACT_puzzle_acc: ['H1=0.3%', 'H2=2.6%', 'H3=6.2%', 'H4=12.0%', 'H5=15.1%', 'H6=18.2%', 'H7=21.9%', 'H8=25.5%', 'H9=27.6%', 'H10=30.5%', 'H11=31.0%', 'H12=33.9%', 'H13=34.9%', 'H14=35.9%', 'H15=36.5%', 'H16=37.0%']
  mean_sigmoid_q_halt: ['0.002', '0.024', '0.065', '0.130', '0.154', '0.187', '0.227', '0.258', '0.287', '0.314', '0.318', '0.350', '0.355', '0.367', '0.373', '0.381']
  halt_rates: ['0.00', '0.03', '0.07', '0.13', '0.15', '0.19', '0.23', '0.26', '0.29', '0.32', '0.32', '0.35', '0.36', '0.37', '0.38', '0.38']
  halt_histogram %: [14.4, 16.6, 14.9, 14.8, 11.2, 8.4, 6.2, 4.5, 3.1, 2.0, 1.2, 0.8, 0.6, 0.4, 0.2, 1.0]
  Avg ACT steps (last 100): 3.52
  saved: /home/jvdillon/research/research/projects/trm3/ckpts/x179/step10000.pt acc=82.92% (0.051s)
  saved: /home/jvdillon/research/research/projects/trm3/ckpts/x179/best.pt acc=82.92% (0.098s)
Step 10000  Test 82.92% / 56.60%  Train lm=1.2605±0.0271ϵ[1.1615,1.3483] q_halt=0.0310±0.0305ϵ[0.0022,0.2309] head0_wins=0.2490±0.0426ϵ[0.1250,0.3854]  (304.353s / 575.848s)
  cell_acc=90.00%, puzzle_acc=75.24%
  eval_avg_halt_step: 6.25
  per_H_acc: ['H0=56.6%', 'H1=64.8%', 'H2=67.9%', 'H3=70.1%', 'H4=71.7%', 'H5=73.1%']
  H_cos: ['0.809', '0.953', '0.969', '0.973', '0.973']
  z_H_delta: ['13.062', '6.562', '5.688', '5.219', '4.750']
  cells: fixed=[4332, 2666, 1964, 2009, 1932] broken=[1760, 1697, 1306, 1488, 1496]
  per_ACT_cell_acc: ['H1=56.6%', 'H2=64.8%', 'H3=67.9%', 'H4=70.1%', 'H5=71.7%', 'H6=73.1%', 'H7=74.3%', 'H8=75.1%', 'H9=76.1%', 'H10=76.6%', 'H11=76.9%', 'H12=77.4%', 'H13=78.3%', 'H14=78.5%', 'H15=78.9%', 'H16=79.6%']
  per_ACT_puzzle_acc: ['H1=0.3%', 'H2=2.3%', 'H3=9.1%', 'H4=15.9%', 'H5=20.1%', 'H6=24.5%', 'H7=28.4%', 'H8=30.2%', 'H9=33.3%', 'H10=37.5%', 'H11=38.8%', 'H12=39.6%', 'H13=41.9%', 'H14=42.7%', 'H15=44.8%', 'H16=46.1%']
  mean_sigmoid_q_halt: ['0.003', '0.019', '0.102', '0.173', '0.218', '0.268', '0.307', '0.324', '0.359', '0.398', '0.414', '0.420', '0.441', '0.453', '0.469', '0.488']
  halt_rates: ['0.00', '0.02', '0.09', '0.17', '0.21', '0.27', '0.30', '0.32', '0.35', '0.40', '0.42', '0.42', '0.44', '0.45', '0.47', '0.49']
  halt_histogram %: [18.5, 18.4, 14.2, 13.3, 10.0, 7.5, 5.5, 4.0, 2.8, 1.8, 1.2, 0.8, 0.5, 0.4, 0.2, 0.9]
  Avg ACT steps (last 100): 3.17
  saved: /home/jvdillon/research/research/projects/trm3/ckpts/x179/step12000.pt acc=90.00% (0.050s)
  saved: /home/jvdillon/research/research/projects/trm3/ckpts/x179/best.pt acc=90.00% (0.097s)
Step 12000  Test 90.00% / 75.24%  Train lm=1.2297±0.0274ϵ[1.1236,1.3289] q_halt=0.0288±0.0293ϵ[0.0027,0.1626] head0_wins=0.2496±0.0448ϵ[0.1042,0.4479]  (304.251s / 576.515s)
  cell_acc=92.97%, puzzle_acc=82.79%
  eval_avg_halt_step: 4.99
  per_H_acc: ['H0=54.9%', 'H1=65.1%', 'H2=68.6%', 'H3=71.7%', 'H4=73.8%', 'H5=75.1%']
  H_cos: ['0.754', '0.941', '0.957', '0.965', '0.965']
  z_H_delta: ['14.750', '7.500', '6.500', '5.812', '5.156']
  cells: fixed=[4825, 2822, 2205, 2128, 1816] broken=[1624, 1752, 1231, 1488, 1403]
  per_ACT_cell_acc: ['H1=54.9%', 'H2=65.1%', 'H3=68.6%', 'H4=71.7%', 'H5=73.8%', 'H6=75.1%', 'H7=75.8%', 'H8=76.0%', 'H9=77.1%', 'H10=78.6%', 'H11=79.3%', 'H12=79.7%', 'H13=80.1%', 'H14=80.2%', 'H15=81.2%', 'H16=81.4%']
  per_ACT_puzzle_acc: ['H1=0.5%', 'H2=2.3%', 'H3=9.9%', 'H4=18.2%', 'H5=24.0%', 'H6=30.2%', 'H7=33.1%', 'H8=35.9%', 'H9=38.5%', 'H10=41.9%', 'H11=43.8%', 'H12=45.8%', 'H13=47.4%', 'H14=49.2%', 'H15=51.0%', 'H16=51.6%']
  mean_sigmoid_q_halt: ['0.005', '0.023', '0.116', '0.223', '0.270', '0.336', '0.367', '0.400', '0.439', '0.469', '0.490', '0.512', '0.527', '0.547', '0.562', '0.570']
  halt_rates: ['0.01', '0.02', '0.11', '0.22', '0.27', '0.34', '0.37', '0.40', '0.44', '0.47', '0.49', '0.51', '0.53', '0.55', '0.57', '0.57']
  halt_histogram %: [23.6, 19.8, 13.5, 11.8, 8.7, 6.5, 4.8, 3.5, 2.5, 1.6, 1.0, 0.7, 0.5, 0.3, 0.2, 0.8]
  Avg ACT steps (last 100): 2.37
  saved: /home/jvdillon/research/research/projects/trm3/ckpts/x179/step14000.pt acc=92.97% (0.094s)
  saved: /home/jvdillon/research/research/projects/trm3/ckpts/x179/best.pt acc=92.97% (0.141s)
Step 14000  Test 92.97% / 82.79%  Train lm=1.1915±0.0287ϵ[1.0933,1.2914] q_halt=0.0306±0.0386ϵ[0.0030,0.4733] head0_wins=0.2498±0.0440ϵ[0.1042,0.4479]  (304.298s / 577.946s)
  cell_acc=95.51%, puzzle_acc=89.06%
  eval_avg_halt_step: 4.11
  per_H_acc: ['H0=57.2%', 'H1=66.3%', 'H2=70.0%', 'H3=73.5%', 'H4=75.7%', 'H5=77.2%']
  H_cos: ['0.805', '0.945', '0.961', '0.961', '0.969']
  z_H_delta: ['13.375', '7.031', '6.250', '5.938', '5.188']
  cells: fixed=[4521, 2830, 2390, 2145, 1807] broken=[1691, 1669, 1296, 1484, 1346]
  per_ACT_cell_acc: ['H1=57.2%', 'H2=66.3%', 'H3=70.0%', 'H4=73.5%', 'H5=75.7%', 'H6=77.2%', 'H7=78.0%', 'H8=79.2%', 'H9=80.8%', 'H10=81.6%', 'H11=82.2%', 'H12=82.8%', 'H13=83.5%', 'H14=84.7%', 'H15=85.2%', 'H16=85.8%']
  per_ACT_puzzle_acc: ['H1=1.3%', 'H2=2.9%', 'H3=13.0%', 'H4=20.1%', 'H5=29.2%', 'H6=34.1%', 'H7=39.1%', 'H8=41.9%', 'H9=46.1%', 'H10=49.5%', 'H11=52.3%', 'H12=54.2%', 'H13=54.9%', 'H14=56.2%', 'H15=59.9%', 'H16=61.7%']
  mean_sigmoid_q_halt: ['0.012', '0.025', '0.146', '0.224', '0.311', '0.361', '0.400', '0.434', '0.471', '0.504', '0.539', '0.555', '0.559', '0.574', '0.613', '0.629']
  halt_rates: ['0.01', '0.02', '0.14', '0.21', '0.31', '0.36', '0.40', '0.43', '0.47', '0.51', '0.54', '0.56', '0.56', '0.57', '0.61', '0.63']
  halt_histogram %: [29.1, 20.8, 12.6, 10.3, 7.6, 5.6, 4.1, 3.0, 2.2, 1.4, 0.9, 0.6, 0.4, 0.3, 0.2, 0.7]
  Avg ACT steps (last 100): 1.85
  saved: /home/jvdillon/research/research/projects/trm3/ckpts/x179/step16000.pt acc=95.51% (0.050s)
  saved: /home/jvdillon/research/research/projects/trm3/ckpts/x179/best.pt acc=95.51% (0.097s)
Step 16000  Test 95.51% / 89.06%  Train lm=1.1556±0.0294ϵ[1.0561,1.2554] q_halt=0.0267±0.0264ϵ[0.0028,0.1645] head0_wins=0.2520±0.0450ϵ[0.1250,0.4688]  (304.026s / 578.055s)
  cell_acc=96.78%, puzzle_acc=92.23%
  eval_avg_halt_step: 3.68
  per_H_acc: ['H0=59.1%', 'H1=66.7%', 'H2=70.7%', 'H3=73.7%', 'H4=76.3%', 'H5=78.1%']
  H_cos: ['0.828', '0.941', '0.957', '0.961', '0.965']
  z_H_delta: ['13.188', '7.219', '6.344', '5.688', '5.094']
  cells: fixed=[4076, 2881, 2184, 2138, 1951] broken=[1707, 1638, 1257, 1333, 1387]
  per_ACT_cell_acc: ['H1=59.1%', 'H2=66.7%', 'H3=70.7%', 'H4=73.7%', 'H5=76.3%', 'H6=78.1%', 'H7=79.5%', 'H8=80.3%', 'H9=81.3%', 'H10=82.2%', 'H11=83.5%', 'H12=84.4%', 'H13=85.4%', 'H14=86.3%', 'H15=86.9%', 'H16=87.5%']
  per_ACT_puzzle_acc: ['H1=2.1%', 'H2=4.7%', 'H3=15.6%', 'H4=24.5%', 'H5=32.6%', 'H6=38.5%', 'H7=43.5%', 'H8=46.1%', 'H9=48.4%', 'H10=51.3%', 'H11=55.5%', 'H12=57.6%', 'H13=60.7%', 'H14=63.3%', 'H15=65.1%', 'H16=66.7%']
  mean_sigmoid_q_halt: ['0.023', '0.039', '0.162', '0.247', '0.320', '0.393', '0.438', '0.465', '0.490', '0.520', '0.559', '0.582', '0.613', '0.637', '0.656', '0.672']
  halt_rates: ['0.02', '0.04', '0.15', '0.24', '0.32', '0.40', '0.43', '0.46', '0.49', '0.52', '0.56', '0.58', '0.61', '0.64', '0.66', '0.67']
  halt_histogram %: [34.8, 21.1, 11.7, 9.0, 6.6, 4.8, 3.5, 2.6, 1.8, 1.2, 0.8, 0.6, 0.4, 0.3, 0.2, 0.7]
  Avg ACT steps (last 100): 1.66
  saved: /home/jvdillon/research/research/projects/trm3/ckpts/x179/step18000.pt acc=96.78% (0.050s)
  saved: /home/jvdillon/research/research/projects/trm3/ckpts/x179/best.pt acc=96.78% (0.098s)
Step 18000  Test 96.78% / 92.23%  Train lm=1.1181±0.0273ϵ[1.0216,1.2132] q_halt=0.0241±0.0237ϵ[0.0032,0.1669] head0_wins=0.2490±0.0454ϵ[0.1042,0.4062]  (303.596s / 580.066s)
  cell_acc=97.40%, puzzle_acc=93.66%
  eval_avg_halt_step: 3.24
  per_H_acc: ['H0=59.3%', 'H1=67.4%', 'H2=72.2%', 'H3=75.5%', 'H4=77.5%', 'H5=79.4%']
  H_cos: ['0.816', '0.941', '0.953', '0.961', '0.969']
  z_H_delta: ['13.625', '7.188', '6.500', '5.719', '4.906']
  cells: fixed=[4161, 2962, 2308, 2046, 1833] broken=[1643, 1485, 1272, 1431, 1236]
  per_ACT_cell_acc: ['H1=59.3%', 'H2=67.4%', 'H3=72.2%', 'H4=75.5%', 'H5=77.5%', 'H6=79.4%', 'H7=81.6%', 'H8=82.6%', 'H9=83.5%', 'H10=84.9%', 'H11=86.3%', 'H12=86.8%', 'H13=87.1%', 'H14=88.0%', 'H15=88.4%', 'H16=88.8%']
  per_ACT_puzzle_acc: ['H1=2.1%', 'H2=5.2%', 'H3=16.4%', 'H4=27.9%', 'H5=36.5%', 'H6=42.7%', 'H7=49.0%', 'H8=53.4%', 'H9=56.2%', 'H10=58.9%', 'H11=60.9%', 'H12=63.5%', 'H13=65.4%', 'H14=67.4%', 'H15=68.5%', 'H16=70.8%']
  mean_sigmoid_q_halt: ['0.025', '0.043', '0.186', '0.295', '0.373', '0.436', '0.504', '0.543', '0.574', '0.594', '0.621', '0.641', '0.664', '0.680', '0.695', '0.715']
  halt_rates: ['0.02', '0.04', '0.18', '0.29', '0.37', '0.43', '0.51', '0.54', '0.58', '0.60', '0.62', '0.65', '0.66', '0.68', '0.70', '0.72']
  halt_histogram %: [39.8, 21.1, 10.8, 8.0, 5.7, 4.1, 3.0, 2.2, 1.6, 1.1, 0.7, 0.5, 0.3, 0.2, 0.2, 0.6]
  Avg ACT steps (last 100): 1.71
  saved: /home/jvdillon/research/research/projects/trm3/ckpts/x179/step20000.pt acc=97.40% (0.094s)
  saved: /home/jvdillon/research/research/projects/trm3/ckpts/x179/best.pt acc=97.40% (0.142s)
Step 20000  Test 97.40% / 93.66%  Train lm=1.0896±0.0256ϵ[1.0125,1.1686] q_halt=0.0214±0.0209ϵ[0.0036,0.1483] head0_wins=0.2494±0.0486ϵ[0.1042,0.5625]  (303.576s / 581.268s)
  cell_acc=97.79%, puzzle_acc=94.61%
  eval_avg_halt_step: 3.10
  per_H_acc: ['H0=59.6%', 'H1=67.9%', 'H2=72.2%', 'H3=76.0%', 'H4=79.0%', 'H5=80.7%']
  H_cos: ['0.820', '0.938', '0.957', '0.957', '0.965']
  z_H_delta: ['13.438', '7.469', '6.531', '5.875', '5.188']
  cells: fixed=[4296, 2948, 2380, 2341, 1755] broken=[1722, 1591, 1206, 1417, 1232]
  per_ACT_cell_acc: ['H1=59.6%', 'H2=67.9%', 'H3=72.2%', 'H4=76.0%', 'H5=79.0%', 'H6=80.7%', 'H7=81.8%', 'H8=82.6%', 'H9=83.5%', 'H10=85.1%', 'H11=86.3%', 'H12=87.1%', 'H13=88.0%', 'H14=88.4%', 'H15=88.6%', 'H16=89.0%']
  per_ACT_puzzle_acc: ['H1=2.1%', 'H2=5.5%', 'H3=17.4%', 'H4=28.9%', 'H5=38.5%', 'H6=46.9%', 'H7=49.7%', 'H8=52.6%', 'H9=54.7%', 'H10=57.8%', 'H11=60.4%', 'H12=64.1%', 'H13=66.7%', 'H14=68.5%', 'H15=69.5%', 'H16=71.4%']
  mean_sigmoid_q_halt: ['0.027', '0.044', '0.189', '0.291', '0.389', '0.479', '0.504', '0.531', '0.555', '0.582', '0.609', '0.641', '0.672', '0.688', '0.703', '0.723']
  halt_rates: ['0.02', '0.05', '0.18', '0.29', '0.39', '0.48', '0.51', '0.53', '0.55', '0.59', '0.61', '0.65', '0.67', '0.69', '0.71', '0.72']
  halt_histogram %: [44.3, 20.9, 9.9, 7.1, 5.0, 3.6, 2.6, 1.9, 1.4, 0.9, 0.6, 0.4, 0.3, 0.2, 0.1, 0.6]
  Avg ACT steps (last 100): 1.60
  saved: /home/jvdillon/research/research/projects/trm3/ckpts/x179/step22000.pt acc=97.79% (0.094s)
  saved: /home/jvdillon/research/research/projects/trm3/ckpts/x179/best.pt acc=97.79% (0.141s)
Step 22000  Test 97.79% / 94.61%  Train lm=1.0667±0.0247ϵ[0.9902,1.1435] q_halt=0.0201±0.0184ϵ[0.0036,0.1275] head0_wins=0.2528±0.0512ϵ[0.1146,0.4688]  (303.645s / 581.752s)
  cell_acc=98.19%, puzzle_acc=95.61%
  eval_avg_halt_step: 3.00
  per_H_acc: ['H0=60.8%', 'H1=68.2%', 'H2=72.0%', 'H3=75.4%', 'H4=78.4%', 'H5=80.3%']
  H_cos: ['0.848', '0.938', '0.953', '0.957', '0.969']
  z_H_delta: ['12.750', '7.375', '6.812', '6.031', '5.000']
  cells: fixed=[4060, 2686, 2276, 2305, 1798] broken=[1761, 1501, 1240, 1363, 1210]
  per_ACT_cell_acc: ['H1=60.8%', 'H2=68.2%', 'H3=72.0%', 'H4=75.4%', 'H5=78.4%', 'H6=80.3%', 'H7=82.4%', 'H8=84.1%', 'H9=85.8%', 'H10=86.7%', 'H11=87.6%', 'H12=88.4%', 'H13=88.8%', 'H14=89.4%', 'H15=89.8%', 'H16=90.5%']
  per_ACT_puzzle_acc: ['H1=1.8%', 'H2=5.7%', 'H3=18.0%', 'H4=27.3%', 'H5=36.7%', 'H6=43.0%', 'H7=49.2%', 'H8=54.7%', 'H9=60.7%', 'H10=63.5%', 'H11=66.7%', 'H12=68.2%', 'H13=70.6%', 'H14=71.6%', 'H15=72.9%', 'H16=74.5%']
  mean_sigmoid_q_halt: ['0.032', '0.053', '0.192', '0.299', '0.381', '0.445', '0.500', '0.562', '0.613', '0.645', '0.676', '0.691', '0.711', '0.727', '0.738', '0.754']
  halt_rates: ['0.02', '0.05', '0.17', '0.29', '0.38', '0.44', '0.50', '0.56', '0.62', '0.65', '0.68', '0.69', '0.72', '0.73', '0.74', '0.76']
  halt_histogram %: [47.9, 20.7, 9.3, 6.4, 4.4, 3.2, 2.3, 1.7, 1.2, 0.8, 0.5, 0.4, 0.3, 0.2, 0.1, 0.6]
  Avg ACT steps (last 100): 1.46
  saved: /home/jvdillon/research/research/projects/trm3/ckpts/x179/step24000.pt acc=98.19% (0.089s)
  saved: /home/jvdillon/research/research/projects/trm3/ckpts/x179/best.pt acc=98.19% (0.136s)
Step 24000  Test 98.19% / 95.61%  Train lm=1.0557±0.0235ϵ[0.9704,1.1320] q_halt=0.0189±0.0175ϵ[0.0038,0.1504] head0_wins=0.2523±0.0527ϵ[0.1042,0.5104]  (303.575s / 582.630s)
  cell_acc=98.17%, puzzle_acc=95.54%
  eval_avg_halt_step: 2.99
  per_H_acc: ['H0=61.0%', 'H1=68.2%', 'H2=71.8%', 'H3=75.8%', 'H4=78.9%', 'H5=80.9%']
  H_cos: ['0.848', '0.938', '0.953', '0.957', '0.965']
  z_H_delta: ['12.625', '7.406', '6.594', '5.875', '5.156']
  cells: fixed=[4027, 2574, 2409, 2337, 1727] broken=[1778, 1467, 1163, 1361, 1108]
  per_ACT_cell_acc: ['H1=61.0%', 'H2=68.2%', 'H3=71.8%', 'H4=75.8%', 'H5=78.9%', 'H6=80.9%', 'H7=82.3%', 'H8=83.6%', 'H9=84.5%', 'H10=85.3%', 'H11=86.2%', 'H12=87.0%', 'H13=87.6%', 'H14=88.6%', 'H15=89.1%', 'H16=89.4%']
  per_ACT_puzzle_acc: ['H1=1.8%', 'H2=5.2%', 'H3=19.0%', 'H4=28.4%', 'H5=37.2%', 'H6=45.3%', 'H7=51.0%', 'H8=54.4%', 'H9=58.3%', 'H10=60.4%', 'H11=63.3%', 'H12=65.1%', 'H13=67.2%', 'H14=68.5%', 'H15=70.8%', 'H16=72.1%']
  mean_sigmoid_q_halt: ['0.034', '0.053', '0.210', '0.291', '0.389', '0.467', '0.520', '0.555', '0.594', '0.621', '0.645', '0.660', '0.684', '0.695', '0.719', '0.730']
  halt_rates: ['0.02', '0.05', '0.20', '0.28', '0.38', '0.46', '0.53', '0.55', '0.60', '0.62', '0.65', '0.66', '0.68', '0.70', '0.72', '0.73']
  halt_histogram %: [50.7, 20.5, 8.7, 5.8, 4.0, 2.9, 2.1, 1.5, 1.1, 0.7, 0.5, 0.4, 0.3, 0.2, 0.1, 0.5]
  Avg ACT steps (last 100): 1.58
  saved: /home/jvdillon/research/research/projects/trm3/ckpts/x179/step26000.pt acc=98.17% (0.096s)
Step 26000  Test 98.17% / 95.54%  Train lm=1.0565±0.0228ϵ[0.9864,1.1344] q_halt=0.0178±0.0161ϵ[0.0041,0.1551] head0_wins=0.2538±0.0540ϵ[0.0938,0.5625]  (303.660s / 582.549s)
  cell_acc=98.24%, puzzle_acc=95.70%
  eval_avg_halt_step: 2.97
  per_H_acc: ['H0=61.0%', 'H1=68.2%', 'H2=71.8%', 'H3=75.8%', 'H4=78.8%', 'H5=80.8%']
  H_cos: ['0.848', '0.938', '0.957', '0.957', '0.965']
  z_H_delta: ['12.688', '7.344', '6.531', '5.844', '5.125']
  cells: fixed=[4024, 2578, 2461, 2255, 1811] broken=[1774, 1459, 1231, 1316, 1193]
  per_ACT_cell_acc: ['H1=61.0%', 'H2=68.2%', 'H3=71.8%', 'H4=75.8%', 'H5=78.8%', 'H6=80.8%', 'H7=81.5%', 'H8=82.7%', 'H9=84.0%', 'H10=85.2%', 'H11=86.3%', 'H12=87.2%', 'H13=87.9%', 'H14=88.3%', 'H15=88.5%', 'H16=88.9%']
  per_ACT_puzzle_acc: ['H1=1.8%', 'H2=5.5%', 'H3=18.8%', 'H4=27.9%', 'H5=37.8%', 'H6=45.6%', 'H7=50.0%', 'H8=52.9%', 'H9=56.8%', 'H10=59.9%', 'H11=62.8%', 'H12=64.6%', 'H13=67.4%', 'H14=68.8%', 'H15=70.3%', 'H16=71.4%']
  mean_sigmoid_q_halt: ['0.034', '0.052', '0.204', '0.293', '0.391', '0.467', '0.508', '0.531', '0.574', '0.609', '0.637', '0.656', '0.676', '0.695', '0.715', '0.727']
  halt_rates: ['0.02', '0.05', '0.19', '0.29', '0.38', '0.46', '0.51', '0.53', '0.58', '0.61', '0.64', '0.66', '0.68', '0.70', '0.72', '0.73']
  halt_histogram %: [52.9, 20.3, 8.3, 5.4, 3.7, 2.6, 1.9, 1.4, 1.0, 0.7, 0.4, 0.3, 0.2, 0.2, 0.1, 0.5]
  Avg ACT steps (last 100): 1.64
  saved: /home/jvdillon/research/research/projects/trm3/ckpts/x179/step28000.pt acc=98.24% (0.050s)
  saved: /home/jvdillon/research/research/projects/trm3/ckpts/x179/best.pt acc=98.24% (0.097s)
Step 28000  Test 98.24% / 95.70%  Train lm=1.0555±0.0224ϵ[0.9893,1.1394] q_halt=0.0181±0.0171ϵ[0.0040,0.1294] head0_wins=0.2479±0.0486ϵ[0.1042,0.5417]  (303.610s / 582.678s)
