Adam params: ('embed_tokens.weight', 'head.weight', 'head.bias', 'q_head.weight', 'q_head.bias')
Muon 2D params: ('reasoning.0.attn.up_proj.weight', 'reasoning.0.attn.down_proj.weight', 'reasoning.0.mlp.up_proj.weight', 'reasoning.0.mlp.down_proj.weight', 'reasoning.1.attn.up_proj.weight', 'reasoning.1.attn.down_proj.weight', 'reasoning.1.mlp.up_proj.weight', 'reasoning.1.mlp.down_proj.weight')
Muon 3D params (ensemble_dims=1): ()
Saved step 0 checkpoint with RNG: /home/jvdillon/research/research/projects/trm3/ckpts/x182p/step00000_rng.pt
  cell_acc=61.24%, puzzle_acc=4.53%
  eval_avg_halt_step: 16.00
  per_H_acc: ['H0=52.5%', 'H1=58.3%', 'H2=59.8%', 'H3=60.6%', 'H4=60.9%', 'H5=61.0%']
  H_cos: ['0.727', '0.895', '0.941', '0.965', '0.977']
  z_H_delta: ['20.000', '12.875', '8.875', '6.688', '5.219']
  cells: fixed=[7122, 3843, 2476, 1587, 1115] broken=[3515, 2890, 2026, 1380, 1024]
  per_ACT_cell_acc: ['H1=52.5%', 'H2=58.3%', 'H3=59.8%', 'H4=60.6%', 'H5=60.9%', 'H6=61.0%', 'H7=61.2%', 'H8=61.2%', 'H9=61.2%', 'H10=61.1%', 'H11=61.2%', 'H12=61.2%', 'H13=61.2%', 'H14=61.1%', 'H15=61.1%', 'H16=61.1%']
  per_ACT_puzzle_acc: ['H1=0.0%', 'H2=0.0%', 'H3=0.1%', 'H4=1.3%', 'H5=1.8%', 'H6=2.0%', 'H7=2.7%', 'H8=2.9%', 'H9=3.0%', 'H10=3.1%', 'H11=3.6%', 'H12=4.2%', 'H13=4.2%', 'H14=4.2%', 'H15=4.3%', 'H16=4.3%']
  mean_sigmoid_q_halt: ['0.338', '0.373', '0.410', '0.418', '0.426', '0.432', '0.436', '0.439', '0.441', '0.443', '0.445', '0.445', '0.447', '0.447', '0.447', '0.447']
  halt_rates: ['0.00', '0.00', '0.00', '0.00', '0.00', '0.00', '0.00', '0.00', '0.00', '0.00', '0.00', '0.00', '0.00', '0.00', '0.00', '0.00']
  halt_histogram %: [48.7, 6.7, 0.6, 0.1, 1.5, 0.6, 0.9, 0.7, 2.4, 5.4, 9.3, 3.8, 1.6, 0.7, 0.5, 16.2]
  Avg ACT steps (last 100): 1.74
  saved: /home/jvdillon/research/research/projects/trm3/ckpts/x182p/step00500.pt acc=61.24% (0.033s)
  saved: /home/jvdillon/research/research/projects/trm3/ckpts/x182p/best.pt acc=61.24% (0.066s)
Step   500  Test 61.24% /  4.53%  Train lm=1.3281±0.3984ϵ[0.9219,2.9375] n_active=384.0000±0.0000ϵ[384.0000,384.0000] n_expunged=0.0000±0.0000ϵ[0.0000,0.0000] n_halted=61.6860±125.1293ϵ[0.0000,384.0000] pool_util=1.0000±0.0000ϵ[1.0000,1.0000]  (311.037s / 182.930s)
  cell_acc=66.39%, puzzle_acc=8.25%
  eval_avg_halt_step: 15.01
  per_H_acc: ['H0=56.6%', 'H1=61.1%', 'H2=63.7%', 'H3=64.9%', 'H4=65.4%', 'H5=65.7%']
  H_cos: ['0.832', '0.938', '0.969', '0.980', '0.988']
  z_H_delta: ['16.625', '9.562', '7.000', '5.500', '4.500']
  cells: fixed=[7351, 5328, 3697, 2706, 2127] broken=[4557, 3733, 2935, 2430, 1900]
  per_ACT_cell_acc: ['H1=56.6%', 'H2=61.1%', 'H3=63.7%', 'H4=64.9%', 'H5=65.4%', 'H6=65.7%', 'H7=66.0%', 'H8=66.1%', 'H9=66.1%', 'H10=66.1%', 'H11=66.2%', 'H12=66.1%', 'H13=66.2%', 'H14=66.1%', 'H15=66.1%', 'H16=66.0%']
  per_ACT_puzzle_acc: ['H1=0.0%', 'H2=0.4%', 'H3=2.7%', 'H4=2.7%', 'H5=3.4%', 'H6=4.6%', 'H7=6.6%', 'H8=7.3%', 'H9=7.6%', 'H10=7.7%', 'H11=8.1%', 'H12=8.3%', 'H13=8.6%', 'H14=9.1%', 'H15=9.2%', 'H16=9.0%']
  mean_sigmoid_q_halt: ['0.006', '0.010', '0.022', '0.030', '0.032', '0.040', '0.048', '0.056', '0.057', '0.061', '0.058', '0.061', '0.060', '0.065', '0.063', '0.066']
  halt_rates: ['0.00', '0.00', '0.02', '0.03', '0.03', '0.04', '0.04', '0.05', '0.05', '0.06', '0.05', '0.05', '0.06', '0.06', '0.06', '0.06']
  halt_histogram %: [32.3, 10.7, 3.7, 8.3, 5.4, 5.6, 2.4, 2.2, 3.5, 6.7, 7.2, 3.2, 1.1, 0.4, 0.2, 7.2]
  Avg ACT steps (last 100): 4.57
  saved: /home/jvdillon/research/research/projects/trm3/ckpts/x182p/step01000.pt acc=66.39% (0.035s)
  saved: /home/jvdillon/research/research/projects/trm3/ckpts/x182p/best.pt acc=66.39% (0.128s)
Step  1000  Test 66.39% /  8.25%  Train lm=1.2891±0.2383ϵ[0.9219,1.9219] n_active=384.0000±0.0000ϵ[384.0000,384.0000] n_expunged=0.0000±0.0000ϵ[0.0000,0.0000] n_halted=78.6380±95.0977ϵ[0.0000,368.0000] pool_util=1.0000±0.0000ϵ[1.0000,1.0000]  (305.589s / 179.006s)
  cell_acc=68.34%, puzzle_acc=16.87%
  eval_avg_halt_step: 13.38
  per_H_acc: ['H0=56.3%', 'H1=61.8%', 'H2=64.4%', 'H3=65.8%', 'H4=66.8%', 'H5=67.3%']
  H_cos: ['0.820', '0.953', '0.980', '0.988', '0.988']
  z_H_delta: ['16.750', '9.125', '6.156', '4.844', '4.344']
  cells: fixed=[7680, 4821, 3222, 2443, 1789] broken=[4270, 3215, 2364, 1804, 1483]
  per_ACT_cell_acc: ['H1=56.3%', 'H2=61.8%', 'H3=64.4%', 'H4=65.8%', 'H5=66.8%', 'H6=67.3%', 'H7=67.6%', 'H8=67.7%', 'H9=67.8%', 'H10=67.8%', 'H11=67.8%', 'H12=67.8%', 'H13=67.8%', 'H14=67.9%', 'H15=67.9%', 'H16=67.9%']
  per_ACT_puzzle_acc: ['H1=0.0%', 'H2=1.7%', 'H3=2.7%', 'H4=4.2%', 'H5=5.7%', 'H6=9.1%', 'H7=11.1%', 'H8=12.2%', 'H9=13.5%', 'H10=14.3%', 'H11=14.6%', 'H12=14.7%', 'H13=14.7%', 'H14=15.1%', 'H15=15.4%', 'H16=15.8%']
  mean_sigmoid_q_halt: ['0.013', '0.010', '0.026', '0.047', '0.059', '0.093', '0.115', '0.125', '0.141', '0.146', '0.151', '0.152', '0.151', '0.155', '0.160', '0.164']
  halt_rates: ['0.00', '0.01', '0.03', '0.05', '0.06', '0.09', '0.12', '0.12', '0.14', '0.15', '0.15', '0.15', '0.15', '0.16', '0.16', '0.16']
  halt_histogram %: [22.7, 11.3, 6.4, 12.4, 9.4, 9.9, 4.8, 3.4, 2.9, 4.5, 4.6, 2.0, 0.7, 0.3, 0.1, 4.5]
  Avg ACT steps (last 100): 4.50
  saved: /home/jvdillon/research/research/projects/trm3/ckpts/x182p/step01500.pt acc=68.34% (0.034s)
  saved: /home/jvdillon/research/research/projects/trm3/ckpts/x182p/best.pt acc=68.34% (0.126s)
Step  1500  Test 68.34% / 16.87%  Train lm=1.2969±0.0327ϵ[1.2266,1.3750] n_active=384.0000±0.0000ϵ[384.0000,384.0000] n_expunged=0.0000±0.0000ϵ[0.0000,0.0000] n_halted=82.8420±35.5272ϵ[19.0000,150.0000] pool_util=1.0000±0.0000ϵ[1.0000,1.0000]  (305.673s / 179.138s)
  cell_acc=68.79%, puzzle_acc=21.94%
  eval_avg_halt_step: 11.92
  per_H_acc: ['H0=54.2%', 'H1=60.1%', 'H2=63.7%', 'H3=65.2%', 'H4=66.0%', 'H5=66.7%']
  H_cos: ['0.820', '0.957', '0.977', '0.984', '0.984']
  z_H_delta: ['16.375', '8.625', '6.250', '5.375', '4.938']
  cells: fixed=[7554, 5121, 3346, 2423, 1950] broken=[3890, 2921, 2401, 1928, 1516]
  per_ACT_cell_acc: ['H1=54.2%', 'H2=60.1%', 'H3=63.7%', 'H4=65.2%', 'H5=66.0%', 'H6=66.7%', 'H7=66.8%', 'H8=67.0%', 'H9=67.4%', 'H10=67.4%', 'H11=67.3%', 'H12=67.4%', 'H13=67.4%', 'H14=67.4%', 'H15=67.5%', 'H16=67.6%']
  per_ACT_puzzle_acc: ['H1=0.0%', 'H2=0.3%', 'H3=2.3%', 'H4=4.3%', 'H5=6.6%', 'H6=9.4%', 'H7=11.2%', 'H8=12.6%', 'H9=13.5%', 'H10=14.6%', 'H11=15.2%', 'H12=15.9%', 'H13=16.5%', 'H14=16.9%', 'H15=17.2%', 'H16=17.4%']
  mean_sigmoid_q_halt: ['0.005', '0.005', '0.027', '0.057', '0.082', '0.114', '0.136', '0.150', '0.166', '0.177', '0.182', '0.191', '0.202', '0.207', '0.214', '0.211']
  halt_rates: ['0.00', '0.00', '0.03', '0.05', '0.08', '0.11', '0.13', '0.15', '0.16', '0.17', '0.18', '0.19', '0.20', '0.20', '0.21', '0.21']
  halt_histogram %: [18.8, 11.5, 7.6, 13.2, 11.4, 11.3, 6.2, 4.1, 3.0, 3.7, 3.5, 1.6, 0.5, 0.2, 0.1, 3.3]
  Avg ACT steps (last 100): 4.76
  saved: /home/jvdillon/research/research/projects/trm3/ckpts/x182p/step02000.pt acc=68.79% (0.034s)
  saved: /home/jvdillon/research/research/projects/trm3/ckpts/x182p/best.pt acc=68.79% (0.082s)
Step  2000  Test 68.79% / 21.94%  Train lm=1.2891±0.0265ϵ[1.2266,1.3672] n_active=384.0000±0.0000ϵ[384.0000,384.0000] n_expunged=0.0000±0.0000ϵ[0.0000,0.0000] n_halted=81.4720±23.6517ϵ[28.0000,129.0000] pool_util=1.0000±0.0000ϵ[1.0000,1.0000]  (305.833s / 179.253s)
  cell_acc=72.08%, puzzle_acc=24.15%
  eval_avg_halt_step: 12.57
  per_H_acc: ['H0=53.8%', 'H1=59.7%', 'H2=62.5%', 'H3=65.4%', 'H4=67.3%', 'H5=68.8%']
  H_cos: ['0.852', '0.969', '0.980', '0.984', '0.984']
  z_H_delta: ['15.938', '7.562', '5.375', '4.875', '4.344']
  cells: fixed=[7722, 4530, 3915, 3306, 2652] broken=[4050, 2799, 2087, 2124, 1746]
  per_ACT_cell_acc: ['H1=53.8%', 'H2=59.7%', 'H3=62.5%', 'H4=65.4%', 'H5=67.3%', 'H6=68.8%', 'H7=69.7%', 'H8=69.9%', 'H9=70.2%', 'H10=70.5%', 'H11=70.6%', 'H12=70.8%', 'H13=70.8%', 'H14=70.8%', 'H15=70.8%', 'H16=70.9%']
  per_ACT_puzzle_acc: ['H1=0.0%', 'H2=0.7%', 'H3=1.8%', 'H4=3.3%', 'H5=5.2%', 'H6=8.2%', 'H7=12.2%', 'H8=13.7%', 'H9=15.4%', 'H10=16.0%', 'H11=17.1%', 'H12=17.8%', 'H13=18.4%', 'H14=18.6%', 'H15=18.6%', 'H16=18.8%']
  mean_sigmoid_q_halt: ['0.003', '0.003', '0.018', '0.027', '0.047', '0.081', '0.119', '0.134', '0.154', '0.162', '0.171', '0.182', '0.188', '0.190', '0.190', '0.191']
  halt_rates: ['0.00', '0.00', '0.02', '0.03', '0.05', '0.08', '0.12', '0.14', '0.16', '0.16', '0.17', '0.18', '0.19', '0.19', '0.19', '0.19']
  halt_histogram %: [17.1, 11.9, 8.4, 13.4, 12.1, 11.7, 6.9, 4.6, 3.1, 3.3, 3.0, 1.3, 0.5, 0.2, 0.1, 2.6]
  Avg ACT steps (last 100): 4.37
  saved: /home/jvdillon/research/research/projects/trm3/ckpts/x182p/step02500.pt acc=72.08% (0.033s)
  saved: /home/jvdillon/research/research/projects/trm3/ckpts/x182p/best.pt acc=72.08% (0.127s)
Step  2500  Test 72.08% / 24.15%  Train lm=1.2891±0.0233ϵ[1.2266,1.3516] n_active=384.0000±0.0000ϵ[384.0000,384.0000] n_expunged=0.0000±0.0000ϵ[0.0000,0.0000] n_halted=82.1160±19.1057ϵ[26.0000,129.0000] pool_util=1.0000±0.0000ϵ[1.0000,1.0000]  (305.937s / 179.333s)
  cell_acc=76.90%, puzzle_acc=38.02%
  eval_avg_halt_step: 10.79
  per_H_acc: ['H0=51.9%', 'H1=59.2%', 'H2=63.5%', 'H3=67.1%', 'H4=69.3%', 'H5=70.8%']
  H_cos: ['0.836', '0.965', '0.980', '0.984', '0.980']
  z_H_delta: ['16.875', '8.375', '5.875', '5.156', '4.969']
  cells: fixed=[8163, 5591, 4420, 3494, 2756] broken=[3668, 2857, 2222, 2091, 1821]
  per_ACT_cell_acc: ['H1=51.9%', 'H2=59.2%', 'H3=63.5%', 'H4=67.1%', 'H5=69.3%', 'H6=70.8%', 'H7=71.7%', 'H8=72.4%', 'H9=72.9%', 'H10=73.3%', 'H11=73.6%', 'H12=73.5%', 'H13=73.8%', 'H14=74.0%', 'H15=74.3%', 'H16=74.3%']
  per_ACT_puzzle_acc: ['H1=0.0%', 'H2=0.4%', 'H3=2.5%', 'H4=4.2%', 'H5=7.7%', 'H6=12.6%', 'H7=16.4%', 'H8=19.0%', 'H9=22.5%', 'H10=23.8%', 'H11=25.0%', 'H12=25.7%', 'H13=27.0%', 'H14=28.1%', 'H15=28.8%', 'H16=28.9%']
  mean_sigmoid_q_halt: ['0.003', '0.001', '0.024', '0.044', '0.080', '0.128', '0.169', '0.196', '0.230', '0.244', '0.254', '0.262', '0.273', '0.285', '0.293', '0.295']
  halt_rates: ['0.00', '0.00', '0.02', '0.05', '0.08', '0.13', '0.17', '0.20', '0.23', '0.25', '0.26', '0.26', '0.28', '0.29', '0.29', '0.30']
  halt_histogram %: [16.4, 12.5, 9.1, 13.3, 12.2, 11.5, 7.2, 4.8, 3.2, 3.1, 2.7, 1.2, 0.5, 0.2, 0.1, 2.2]
  Avg ACT steps (last 100): 4.40
  saved: /home/jvdillon/research/research/projects/trm3/ckpts/x182p/step03000.pt acc=76.90% (0.033s)
  saved: /home/jvdillon/research/research/projects/trm3/ckpts/x182p/best.pt acc=76.90% (0.118s)
Step  3000  Test 76.90% / 38.02%  Train lm=1.2812±0.0206ϵ[1.2188,1.3438] n_active=384.0000±0.0000ϵ[384.0000,384.0000] n_expunged=0.0000±0.0000ϵ[0.0000,0.0000] n_halted=84.5260±15.8623ϵ[44.0000,125.0000] pool_util=1.0000±0.0000ϵ[1.0000,1.0000]  (305.960s / 179.317s)
  cell_acc=80.04%, puzzle_acc=46.01%
  eval_avg_halt_step: 9.57
  per_H_acc: ['H0=53.5%', 'H1=62.6%', 'H2=66.9%', 'H3=69.8%', 'H4=72.1%', 'H5=73.5%']
  H_cos: ['0.859', '0.973', '0.980', '0.977', '0.980']
  z_H_delta: ['16.250', '7.344', '5.000', '4.656', '4.219']
  cells: fixed=[9597, 5216, 3753, 2987, 2345] broken=[3884, 2593, 1944, 1570, 1443]
  per_ACT_cell_acc: ['H1=53.5%', 'H2=62.6%', 'H3=66.9%', 'H4=69.8%', 'H5=72.1%', 'H6=73.5%', 'H7=74.2%', 'H8=75.0%', 'H9=75.4%', 'H10=75.9%', 'H11=76.2%', 'H12=76.5%', 'H13=76.6%', 'H14=76.7%', 'H15=76.8%', 'H16=77.0%']
  per_ACT_puzzle_acc: ['H1=0.0%', 'H2=1.2%', 'H3=3.6%', 'H4=7.8%', 'H5=13.7%', 'H6=19.1%', 'H7=23.2%', 'H8=26.0%', 'H9=27.7%', 'H10=29.8%', 'H11=31.4%', 'H12=32.6%', 'H13=33.5%', 'H14=34.0%', 'H15=34.4%', 'H16=35.3%']
  mean_sigmoid_q_halt: ['0.001', '0.000', '0.033', '0.074', '0.136', '0.188', '0.228', '0.260', '0.277', '0.297', '0.314', '0.326', '0.336', '0.342', '0.346', '0.355']
  halt_rates: ['0.00', '0.00', '0.04', '0.08', '0.14', '0.19', '0.23', '0.26', '0.28', '0.30', '0.32', '0.33', '0.34', '0.35', '0.35', '0.36']
  halt_histogram %: [16.6, 13.5, 9.5, 12.8, 11.8, 11.0, 7.1, 4.9, 3.3, 3.0, 2.5, 1.2, 0.5, 0.2, 0.1, 1.9]
  Avg ACT steps (last 100): 4.49
  saved: /home/jvdillon/research/research/projects/trm3/ckpts/x182p/step03500.pt acc=80.04% (0.033s)
  saved: /home/jvdillon/research/research/projects/trm3/ckpts/x182p/best.pt acc=80.04% (0.081s)
Step  3500  Test 80.04% / 46.01%  Train lm=1.2734±0.0173ϵ[1.2344,1.3359] n_active=384.0000±0.0000ϵ[384.0000,384.0000] n_expunged=0.0000±0.0000ϵ[0.0000,0.0000] n_halted=87.7280±12.7568ϵ[53.0000,120.0000] pool_util=1.0000±0.0000ϵ[1.0000,1.0000]  (306.024s / 179.353s)
  cell_acc=83.63%, puzzle_acc=56.82%
  eval_avg_halt_step: 8.11
  per_H_acc: ['H0=54.6%', 'H1=64.0%', 'H2=68.4%', 'H3=71.5%', 'H4=73.7%', 'H5=75.4%']
  H_cos: ['0.891', '0.973', '0.977', '0.965', '0.973']
  z_H_delta: ['15.312', '7.125', '5.281', '5.219', '4.625']
  cells: fixed=[9602, 5313, 3780, 3095, 2465] broken=[3732, 2597, 1862, 1712, 1394]
  per_ACT_cell_acc: ['H1=54.6%', 'H2=64.0%', 'H3=68.4%', 'H4=71.5%', 'H5=73.7%', 'H6=75.4%', 'H7=76.2%', 'H8=77.0%', 'H9=77.3%', 'H10=77.8%', 'H11=78.0%', 'H12=78.4%', 'H13=78.6%', 'H14=78.8%', 'H15=79.0%', 'H16=79.2%']
  per_ACT_puzzle_acc: ['H1=0.0%', 'H2=2.2%', 'H3=5.6%', 'H4=11.2%', 'H5=20.2%', 'H6=26.4%', 'H7=28.9%', 'H8=33.1%', 'H9=35.2%', 'H10=36.6%', 'H11=37.6%', 'H12=38.9%', 'H13=40.2%', 'H14=41.0%', 'H15=41.7%', 'H16=42.8%']
  mean_sigmoid_q_halt: ['0.001', '0.006', '0.058', '0.112', '0.201', '0.264', '0.291', '0.330', '0.354', '0.367', '0.377', '0.387', '0.402', '0.410', '0.418', '0.432']
  halt_rates: ['0.00', '0.01', '0.06', '0.11', '0.20', '0.27', '0.30', '0.33', '0.36', '0.37', '0.38', '0.39', '0.41', '0.42', '0.42', '0.44']
  halt_histogram %: [17.3, 14.8, 9.7, 12.1, 11.2, 10.4, 6.9, 4.8, 3.3, 3.0, 2.4, 1.2, 0.6, 0.3, 0.2, 1.7]
  Avg ACT steps (last 100): 3.74
  saved: /home/jvdillon/research/research/projects/trm3/ckpts/x182p/step04000.pt acc=83.63% (0.033s)
  saved: /home/jvdillon/research/research/projects/trm3/ckpts/x182p/best.pt acc=83.63% (0.080s)
Step  4000  Test 83.63% / 56.82%  Train lm=1.2812±0.0153ϵ[1.2344,1.3203] n_active=384.0000±0.0000ϵ[384.0000,384.0000] n_expunged=0.0000±0.0000ϵ[0.0000,0.0000] n_halted=90.4280±10.8606ϵ[60.0000,122.0000] pool_util=1.0000±0.0000ϵ[1.0000,1.0000]  (306.097s / 179.404s)
  cell_acc=85.53%, puzzle_acc=60.99%
  eval_avg_halt_step: 7.52
  per_H_acc: ['H0=55.2%', 'H1=63.6%', 'H2=68.0%', 'H3=71.5%', 'H4=74.4%', 'H5=76.5%']
  H_cos: ['0.926', '0.977', '0.973', '0.973', '0.961']
  z_H_delta: ['14.312', '6.594', '5.125', '4.688', '4.750']
  cells: fixed=[8989, 5055, 3914, 3316, 2695] broken=[3783, 2288, 1742, 1490, 1415]
  per_ACT_cell_acc: ['H1=55.2%', 'H2=63.6%', 'H3=68.0%', 'H4=71.5%', 'H5=74.4%', 'H6=76.5%', 'H7=77.7%', 'H8=78.8%', 'H9=79.2%', 'H10=79.5%', 'H11=79.8%', 'H12=80.1%', 'H13=80.5%', 'H14=80.6%', 'H15=80.6%', 'H16=80.6%']
  per_ACT_puzzle_acc: ['H1=0.0%', 'H2=2.1%', 'H3=4.9%', 'H4=12.0%', 'H5=18.1%', 'H6=27.1%', 'H7=32.0%', 'H8=36.6%', 'H9=39.6%', 'H10=41.4%', 'H11=42.6%', 'H12=43.6%', 'H13=44.8%', 'H14=45.6%', 'H15=46.2%', 'H16=46.4%']
  mean_sigmoid_q_halt: ['0.001', '0.015', '0.050', '0.117', '0.178', '0.270', '0.318', '0.363', '0.395', '0.414', '0.424', '0.434', '0.447', '0.457', '0.461', '0.463']
  halt_rates: ['0.00', '0.02', '0.05', '0.12', '0.18', '0.27', '0.32', '0.37', '0.40', '0.42', '0.43', '0.44', '0.45', '0.46', '0.47', '0.47']
  halt_histogram %: [18.5, 16.1, 9.7, 11.4, 10.5, 9.7, 6.6, 4.7, 3.3, 2.9, 2.4, 1.2, 0.6, 0.4, 0.2, 1.8]
  Avg ACT steps (last 100): 3.96
  saved: /home/jvdillon/research/research/projects/trm3/ckpts/x182p/step04500.pt acc=85.53% (0.033s)
  saved: /home/jvdillon/research/research/projects/trm3/ckpts/x182p/best.pt acc=85.53% (0.080s)
Step  4500  Test 85.53% / 60.99%  Train lm=1.2812±0.0137ϵ[1.2422,1.3125] n_active=384.0000±0.0000ϵ[384.0000,384.0000] n_expunged=0.0000±0.0000ϵ[0.0000,0.0000] n_halted=94.3480±9.3782ϵ[68.0000,124.0000] pool_util=1.0000±0.0000ϵ[1.0000,1.0000]  (306.078s / 179.439s)
  cell_acc=88.29%, puzzle_acc=68.80%
  eval_avg_halt_step: 6.47
  per_H_acc: ['H0=55.4%', 'H1=64.1%', 'H2=68.9%', 'H3=72.5%', 'H4=75.4%', 'H5=77.5%']
  H_cos: ['0.938', '0.973', '0.969', '0.961', '0.973']
  z_H_delta: ['13.875', '6.531', '5.344', '5.312', '4.625']
  cells: fixed=[9172, 5144, 3991, 3389, 2552] broken=[3742, 2189, 1721, 1574, 1298]
  per_ACT_cell_acc: ['H1=55.4%', 'H2=64.1%', 'H3=68.9%', 'H4=72.5%', 'H5=75.4%', 'H6=77.5%', 'H7=78.5%', 'H8=79.4%', 'H9=80.1%', 'H10=80.7%', 'H11=81.2%', 'H12=81.5%', 'H13=81.7%', 'H14=81.9%', 'H15=82.3%', 'H16=82.4%']
  per_ACT_puzzle_acc: ['H1=0.0%', 'H2=2.5%', 'H3=6.5%', 'H4=13.7%', 'H5=23.4%', 'H6=29.6%', 'H7=35.5%', 'H8=38.5%', 'H9=41.4%', 'H10=44.1%', 'H11=46.5%', 'H12=47.7%', 'H13=48.6%', 'H14=49.5%', 'H15=50.4%', 'H16=50.8%']
  mean_sigmoid_q_halt: ['0.001', '0.018', '0.063', '0.136', '0.232', '0.293', '0.352', '0.383', '0.412', '0.439', '0.463', '0.475', '0.484', '0.494', '0.504', '0.508']
  halt_rates: ['0.00', '0.02', '0.06', '0.14', '0.24', '0.30', '0.36', '0.39', '0.42', '0.45', '0.47', '0.48', '0.49', '0.50', '0.51', '0.51']
  halt_histogram %: [19.8, 17.2, 9.7, 10.7, 9.8, 9.0, 6.2, 4.5, 3.2, 2.8, 2.3, 1.3, 0.7, 0.4, 0.3, 2.0]
  Avg ACT steps (last 100): 3.93
  saved: /home/jvdillon/research/research/projects/trm3/ckpts/x182p/step05000.pt acc=88.29% (0.033s)
  saved: /home/jvdillon/research/research/projects/trm3/ckpts/x182p/best.pt acc=88.29% (0.081s)
Step  5000  Test 88.29% / 68.80%  Train lm=1.2812±0.0132ϵ[1.2422,1.3203] n_active=384.0000±0.0000ϵ[384.0000,384.0000] n_expunged=0.0000±0.0000ϵ[0.0000,0.0000] n_halted=95.1380±9.0167ϵ[71.0000,125.0000] pool_util=1.0000±0.0000ϵ[1.0000,1.0000]  (306.076s / 179.323s)
  cell_acc=90.50%, puzzle_acc=75.07%
  eval_avg_halt_step: 5.54
  per_H_acc: ['H0=55.8%', 'H1=65.1%', 'H2=70.2%', 'H3=74.5%', 'H4=77.8%', 'H5=79.8%']
  H_cos: ['0.941', '0.969', '0.957', '0.953', '0.961']
  z_H_delta: ['13.750', '6.625', '5.875', '5.625', '4.844']
  cells: fixed=[9345, 5278, 4306, 3424, 2495] broken=[3589, 2076, 1637, 1355, 1296]
  per_ACT_cell_acc: ['H1=55.8%', 'H2=65.1%', 'H3=70.2%', 'H4=74.5%', 'H5=77.8%', 'H6=79.8%', 'H7=81.1%', 'H8=82.0%', 'H9=82.8%', 'H10=83.4%', 'H11=84.0%', 'H12=84.2%', 'H13=84.6%', 'H14=84.7%', 'H15=84.9%', 'H16=85.1%']
  per_ACT_puzzle_acc: ['H1=0.1%', 'H2=2.7%', 'H3=8.2%', 'H4=18.0%', 'H5=29.0%', 'H6=37.6%', 'H7=43.8%', 'H8=47.4%', 'H9=50.4%', 'H10=52.6%', 'H11=54.8%', 'H12=56.1%', 'H13=57.3%', 'H14=58.3%', 'H15=58.9%', 'H16=59.6%']
  mean_sigmoid_q_halt: ['0.001', '0.024', '0.084', '0.185', '0.289', '0.375', '0.436', '0.471', '0.504', '0.523', '0.547', '0.559', '0.574', '0.582', '0.586', '0.594']
  halt_rates: ['0.00', '0.03', '0.08', '0.18', '0.29', '0.38', '0.44', '0.48', '0.51', '0.53', '0.55', '0.57', '0.58', '0.59', '0.59', '0.60']
  halt_histogram %: [21.5, 18.1, 9.6, 10.0, 9.1, 8.4, 5.8, 4.2, 3.1, 2.7, 2.2, 1.3, 0.8, 0.5, 0.4, 2.3]
  Avg ACT steps (last 100): 3.74
  saved: /home/jvdillon/research/research/projects/trm3/ckpts/x182p/step05500.pt acc=90.50% (0.033s)
  saved: /home/jvdillon/research/research/projects/trm3/ckpts/x182p/best.pt acc=90.50% (0.126s)
Step  5500  Test 90.50% / 75.07%  Train lm=1.2891±0.0122ϵ[1.2500,1.3203] n_active=384.0000±0.0000ϵ[384.0000,384.0000] n_expunged=0.0000±0.0000ϵ[0.0000,0.0000] n_halted=97.3840±8.3470ϵ[75.0000,123.0000] pool_util=1.0000±0.0000ϵ[1.0000,1.0000]  (305.959s / 179.366s)
  cell_acc=92.46%, puzzle_acc=80.27%
  eval_avg_halt_step: 4.85
  per_H_acc: ['H0=55.7%', 'H1=64.8%', 'H2=70.0%', 'H3=74.4%', 'H4=77.3%', 'H5=79.5%']
  H_cos: ['0.941', '0.965', '0.961', '0.961', '0.957']
  z_H_delta: ['13.875', '7.000', '5.938', '5.375', '5.062']
  cells: fixed=[9234, 5521, 4389, 3406, 2797] broken=[3559, 2290, 1675, 1596, 1403]
  per_ACT_cell_acc: ['H1=55.7%', 'H2=64.8%', 'H3=70.0%', 'H4=74.4%', 'H5=77.3%', 'H6=79.5%', 'H7=81.0%', 'H8=82.2%', 'H9=82.8%', 'H10=83.5%', 'H11=84.0%', 'H12=84.3%', 'H13=84.7%', 'H14=85.2%', 'H15=85.4%', 'H16=85.8%']
  per_ACT_puzzle_acc: ['H1=0.1%', 'H2=2.6%', 'H3=9.0%', 'H4=18.9%', 'H5=27.3%', 'H6=36.7%', 'H7=42.3%', 'H8=47.0%', 'H9=49.3%', 'H10=51.7%', 'H11=54.0%', 'H12=55.2%', 'H13=56.9%', 'H14=57.9%', 'H15=59.1%', 'H16=60.5%']
  mean_sigmoid_q_halt: ['0.001', '0.025', '0.095', '0.188', '0.271', '0.369', '0.424', '0.469', '0.494', '0.516', '0.543', '0.551', '0.566', '0.578', '0.590', '0.605']
  halt_rates: ['0.00', '0.02', '0.10', '0.19', '0.27', '0.37', '0.43', '0.47', '0.50', '0.52', '0.55', '0.56', '0.57', '0.59', '0.60', '0.61']
  halt_histogram %: [23.2, 18.9, 9.4, 9.4, 8.5, 7.8, 5.4, 4.0, 2.9, 2.6, 2.1, 1.3, 0.8, 0.5, 0.4, 2.8]
  Avg ACT steps (last 100): 3.50
  saved: /home/jvdillon/research/research/projects/trm3/ckpts/x182p/step06000.pt acc=92.46% (0.033s)
  saved: /home/jvdillon/research/research/projects/trm3/ckpts/x182p/best.pt acc=92.46% (0.081s)
Step  6000  Test 92.46% / 80.27%  Train lm=1.2891±0.0120ϵ[1.2500,1.3281] n_active=384.0000±0.0000ϵ[384.0000,384.0000] n_expunged=0.0000±0.0000ϵ[0.0000,0.0000] n_halted=99.9180±8.5656ϵ[72.0000,121.0000] pool_util=1.0000±0.0000ϵ[1.0000,1.0000]  (305.892s / 179.343s)
  cell_acc=93.62%, puzzle_acc=83.05%
  eval_avg_halt_step: 4.53
  per_H_acc: ['H0=56.1%', 'H1=65.2%', 'H2=70.8%', 'H3=75.1%', 'H4=78.5%', 'H5=81.1%']
  H_cos: ['0.941', '0.969', '0.949', '0.953', '0.957']
  z_H_delta: ['13.750', '6.750', '6.094', '5.625', '5.094']
  cells: fixed=[9212, 5584, 4272, 3539, 2718] broken=[3526, 2095, 1611, 1409, 1132]
  per_ACT_cell_acc: ['H1=56.1%', 'H2=65.2%', 'H3=70.8%', 'H4=75.1%', 'H5=78.5%', 'H6=81.1%', 'H7=82.4%', 'H8=83.5%', 'H9=84.3%', 'H10=85.1%', 'H11=85.2%', 'H12=85.8%', 'H13=86.5%', 'H14=86.7%', 'H15=86.9%', 'H16=87.2%']
  per_ACT_puzzle_acc: ['H1=0.3%', 'H2=2.6%', 'H3=9.0%', 'H4=20.1%', 'H5=31.1%', 'H6=41.0%', 'H7=47.4%', 'H8=51.0%', 'H9=54.0%', 'H10=56.9%', 'H11=58.7%', 'H12=59.9%', 'H13=61.8%', 'H14=62.9%', 'H15=63.9%', 'H16=64.6%']
  mean_sigmoid_q_halt: ['0.001', '0.025', '0.091', '0.200', '0.307', '0.408', '0.471', '0.508', '0.535', '0.566', '0.582', '0.594', '0.613', '0.625', '0.637', '0.641']
  halt_rates: ['0.00', '0.02', '0.09', '0.20', '0.31', '0.41', '0.48', '0.51', '0.54', '0.57', '0.59', '0.60', '0.62', '0.63', '0.64', '0.65']
  halt_histogram %: [24.9, 19.6, 9.3, 8.9, 7.9, 7.2, 5.1, 3.7, 2.7, 2.4, 2.0, 1.2, 0.8, 0.5, 0.4, 3.3]
  Avg ACT steps (last 100): 3.52
  saved: /home/jvdillon/research/research/projects/trm3/ckpts/x182p/step06500.pt acc=93.62% (0.033s)
  saved: /home/jvdillon/research/research/projects/trm3/ckpts/x182p/best.pt acc=93.62% (0.081s)
Step  6500  Test 93.62% / 83.05%  Train lm=1.2891±0.0125ϵ[1.2422,1.3203] n_active=384.0000±0.0000ϵ[384.0000,384.0000] n_expunged=0.0000±0.0000ϵ[0.0000,0.0000] n_halted=103.5760±8.9272ϵ[76.0000,131.0000] pool_util=1.0000±0.0000ϵ[1.0000,1.0000]  (305.880s / 179.286s)
  cell_acc=93.73%, puzzle_acc=83.43%
  eval_avg_halt_step: 4.46
  per_H_acc: ['H0=56.2%', 'H1=65.4%', 'H2=70.7%', 'H3=75.4%', 'H4=78.7%', 'H5=81.0%']
  H_cos: ['0.941', '0.969', '0.945', '0.949', '0.957']
  z_H_delta: ['13.750', '6.656', '6.156', '5.750', '4.969']
  cells: fixed=[9356, 5400, 4554, 3436, 2589] broken=[3643, 2105, 1613, 1415, 1168]
  per_ACT_cell_acc: ['H1=56.2%', 'H2=65.4%', 'H3=70.7%', 'H4=75.4%', 'H5=78.7%', 'H6=81.0%', 'H7=82.4%', 'H8=83.8%', 'H9=84.7%', 'H10=85.1%', 'H11=85.7%', 'H12=86.2%', 'H13=86.4%', 'H14=86.7%', 'H15=87.1%', 'H16=87.4%']
  per_ACT_puzzle_acc: ['H1=0.5%', 'H2=2.9%', 'H3=8.6%', 'H4=21.1%', 'H5=32.6%', 'H6=42.1%', 'H7=47.4%', 'H8=51.6%', 'H9=55.6%', 'H10=57.8%', 'H11=59.4%', 'H12=60.7%', 'H13=61.8%', 'H14=63.2%', 'H15=64.1%', 'H16=65.4%']
  mean_sigmoid_q_halt: ['0.001', '0.027', '0.088', '0.212', '0.324', '0.418', '0.473', '0.516', '0.555', '0.578', '0.590', '0.605', '0.617', '0.629', '0.637', '0.652']
  halt_rates: ['0.00', '0.03', '0.09', '0.21', '0.33', '0.42', '0.48', '0.52', '0.56', '0.58', '0.60', '0.61', '0.62', '0.64', '0.65', '0.66']
  halt_histogram %: [26.6, 20.2, 9.2, 8.4, 7.4, 6.7, 4.7, 3.5, 2.5, 2.3, 1.9, 1.2, 0.7, 0.5, 0.4, 3.8]
  Avg ACT steps (last 100): 4.07
  saved: /home/jvdillon/research/research/projects/trm3/ckpts/x182p/step07000.pt acc=93.73% (0.033s)
  saved: /home/jvdillon/research/research/projects/trm3/ckpts/x182p/best.pt acc=93.73% (0.125s)
Step  7000  Test 93.73% / 83.43%  Train lm=1.2891±0.0128ϵ[1.2500,1.3359] n_active=384.0000±0.0000ϵ[384.0000,384.0000] n_expunged=0.0000±0.0000ϵ[0.0000,0.0000] n_halted=107.5940±9.1790ϵ[85.0000,143.0000] pool_util=1.0000±0.0000ϵ[1.0000,1.0000]  (305.920s / 179.410s)
  cell_acc=93.85%, puzzle_acc=83.76%
  eval_avg_halt_step: 4.42
  per_H_acc: ['H0=56.2%', 'H1=65.2%', 'H2=70.8%', 'H3=75.5%', 'H4=78.9%', 'H5=81.5%']
  H_cos: ['0.945', '0.969', '0.945', '0.949', '0.957']
  z_H_delta: ['13.750', '6.719', '6.188', '5.688', '5.062']
  cells: fixed=[9221, 5529, 4452, 3416, 2761] broken=[3600, 2061, 1521, 1293, 1111]
  per_ACT_cell_acc: ['H1=56.2%', 'H2=65.2%', 'H3=70.8%', 'H4=75.5%', 'H5=78.9%', 'H6=81.5%', 'H7=83.0%', 'H8=84.2%', 'H9=85.0%', 'H10=85.6%', 'H11=85.9%', 'H12=86.4%', 'H13=86.7%', 'H14=87.1%', 'H15=87.4%', 'H16=87.7%']
  per_ACT_puzzle_acc: ['H1=0.3%', 'H2=2.7%', 'H3=8.6%', 'H4=21.4%', 'H5=32.4%', 'H6=42.8%', 'H7=49.0%', 'H8=53.3%', 'H9=56.8%', 'H10=58.7%', 'H11=60.2%', 'H12=61.6%', 'H13=62.8%', 'H14=64.3%', 'H15=65.0%', 'H16=65.8%']
  mean_sigmoid_q_halt: ['0.001', '0.025', '0.091', '0.215', '0.328', '0.428', '0.488', '0.531', '0.566', '0.582', '0.598', '0.613', '0.625', '0.641', '0.645', '0.656']
  halt_rates: ['0.00', '0.03', '0.09', '0.22', '0.33', '0.43', '0.49', '0.54', '0.57', '0.59', '0.61', '0.62', '0.63', '0.65', '0.65', '0.66']
  halt_histogram %: [28.1, 20.6, 9.0, 8.0, 7.0, 6.3, 4.4, 3.3, 2.4, 2.1, 1.8, 1.1, 0.7, 0.5, 0.4, 4.3]
  Avg ACT steps (last 100): 3.39
  saved: /home/jvdillon/research/research/projects/trm3/ckpts/x182p/step07500.pt acc=93.85% (0.033s)
  saved: /home/jvdillon/research/research/projects/trm3/ckpts/x182p/best.pt acc=93.85% (0.124s)
Step  7500  Test 93.85% / 83.76%  Train lm=1.2891±0.0121ϵ[1.2578,1.3281] n_active=384.0000±0.0000ϵ[384.0000,384.0000] n_expunged=0.0000±0.0000ϵ[0.0000,0.0000] n_halted=107.0500±8.1526ϵ[85.0000,132.0000] pool_util=1.0000±0.0000ϵ[1.0000,1.0000]  (305.922s / 179.375s)
  cell_acc=93.79%, puzzle_acc=83.63%
  eval_avg_halt_step: 4.42
  per_H_acc: ['H0=56.2%', 'H1=65.2%', 'H2=70.7%', 'H3=75.3%', 'H4=78.6%', 'H5=81.1%']
  H_cos: ['0.945', '0.973', '0.945', '0.949', '0.961']
  z_H_delta: ['13.750', '6.656', '6.094', '5.625', '4.938']
  cells: fixed=[9207, 5504, 4374, 3431, 2779] broken=[3614, 2038, 1564, 1362, 1200]
  per_ACT_cell_acc: ['H1=56.2%', 'H2=65.2%', 'H3=70.7%', 'H4=75.3%', 'H5=78.6%', 'H6=81.1%', 'H7=82.8%', 'H8=84.0%', 'H9=84.8%', 'H10=85.6%', 'H11=86.1%', 'H12=86.5%', 'H13=86.9%', 'H14=87.1%', 'H15=87.4%', 'H16=87.6%']
  per_ACT_puzzle_acc: ['H1=0.3%', 'H2=2.7%', 'H3=8.5%', 'H4=21.4%', 'H5=31.9%', 'H6=41.1%', 'H7=48.4%', 'H8=53.0%', 'H9=56.5%', 'H10=58.1%', 'H11=60.5%', 'H12=62.1%', 'H13=63.0%', 'H14=63.8%', 'H15=65.0%', 'H16=65.6%']
  mean_sigmoid_q_halt: ['0.001', '0.025', '0.091', '0.211', '0.320', '0.410', '0.482', '0.527', '0.562', '0.578', '0.602', '0.621', '0.629', '0.633', '0.645', '0.652']
  halt_rates: ['0.00', '0.03', '0.09', '0.21', '0.32', '0.42', '0.49', '0.54', '0.57', '0.58', '0.61', '0.63', '0.63', '0.64', '0.65', '0.66']
  halt_histogram %: [29.3, 21.0, 8.9, 7.6, 6.6, 5.9, 4.2, 3.1, 2.3, 2.0, 1.7, 1.0, 0.7, 0.5, 0.4, 4.7]
  Avg ACT steps (last 100): 4.03
  saved: /home/jvdillon/research/research/projects/trm3/ckpts/x182p/step08000.pt acc=93.79% (0.034s)
Step  8000  Test 93.79% / 83.63%  Train lm=1.2891±0.0125ϵ[1.2500,1.3281] n_active=384.0000±0.0000ϵ[384.0000,384.0000] n_expunged=0.0000±0.0000ϵ[0.0000,0.0000] n_halted=107.0980±8.6588ϵ[85.0000,142.0000] pool_util=1.0000±0.0000ϵ[1.0000,1.0000]  (305.539s / 179.435s)
