Adam params: ('embed_tokens.weight', 'head.weight', 'head.bias', 'q_head.weight', 'q_head.bias')
Muon 2D params: ('reasoning.0.attn.up_proj.weight', 'reasoning.0.attn.down_proj.weight', 'reasoning.0.mlp.up_proj.weight', 'reasoning.0.mlp.down_proj.weight', 'reasoning.1.attn.up_proj.weight', 'reasoning.1.attn.down_proj.weight', 'reasoning.1.mlp.up_proj.weight', 'reasoning.1.mlp.down_proj.weight')
Muon 3D params (ensemble_dims=1): ()
Saved step 0 checkpoint with RNG: /home/jvdillon/research/research/projects/trm3/ckpts/x182e/step00000_rng.pt
  cell_acc=67.63%, puzzle_acc=19.36%
  eval_avg_halt_step: 12.74
  per_H_acc: ['H0=56.4%', 'H1=62.9%', 'H2=64.3%', 'H3=64.3%', 'H4=64.6%', 'H5=64.8%']
  H_cos: ['0.840', '0.969', '0.984', '0.988', '0.988']
  z_H_delta: ['17.125', '8.438', '5.719', '4.750', '4.531']
  cells: fixed=[8474, 4571, 2587, 2009, 2015] broken=[4419, 3697, 2577, 1874, 1831]
  per_ACT_cell_acc: ['H1=56.4%', 'H2=62.9%', 'H3=64.3%', 'H4=64.3%', 'H5=64.6%', 'H6=64.8%', 'H7=65.1%', 'H8=65.3%', 'H9=65.4%', 'H10=65.7%', 'H11=65.7%', 'H12=65.6%', 'H13=65.8%', 'H14=65.9%', 'H15=65.9%', 'H16=66.1%']
  per_ACT_puzzle_acc: ['H1=0.1%', 'H2=2.3%', 'H3=3.3%', 'H4=5.2%', 'H5=6.6%', 'H6=7.6%', 'H7=8.9%', 'H8=9.6%', 'H9=10.3%', 'H10=11.5%', 'H11=12.1%', 'H12=12.6%', 'H13=12.9%', 'H14=13.2%', 'H15=13.5%', 'H16=14.2%']
  mean_sigmoid_q_halt: ['0.007', '0.005', '0.028', '0.054', '0.071', '0.085', '0.103', '0.112', '0.121', '0.135', '0.148', '0.153', '0.157', '0.161', '0.169', '0.175']
  halt_rates: ['0.00', '0.00', '0.03', '0.05', '0.07', '0.08', '0.10', '0.11', '0.12', '0.14', '0.15', '0.15', '0.16', '0.16', '0.17', '0.18']
  halt_histogram %: [13.3, 14.0, 14.1, 20.3, 14.2, 9.5, 5.4, 3.3, 1.7, 0.8, 0.3, 0.2, 0.2, 0.1, 0.2, 2.4]
  Avg ACT steps (last 100): 4.49
  saved: /home/jvdillon/research/research/projects/trm3/ckpts/x182e/step02000.pt acc=67.63% (0.034s)
  saved: /home/jvdillon/research/research/projects/trm3/ckpts/x182e/best.pt acc=67.63% (0.066s)
Step  2000  Test 67.63% / 19.36%  Train lm=1.3516±0.2109ϵ[0.9258,3.0938] n_active=768.0001±0.0000ϵ[768.0000,768.0000] n_expunged=83.0435±49.7171ϵ[0.0000,192.0000] n_halted=44.4485±32.7180ϵ[0.0000,192.0000] pool_util=1.0000±0.0000ϵ[1.0000,1.0000]  (305.380s / 1220.690s)
  cell_acc=73.54%, puzzle_acc=34.20%
  eval_avg_halt_step: 9.81
  per_H_acc: ['H0=50.6%', 'H1=62.3%', 'H2=64.1%', 'H3=65.0%', 'H4=66.2%', 'H5=66.9%']
  H_cos: ['0.852', '0.973', '0.984', '0.984', '0.988']
  z_H_delta: ['17.500', '8.312', '5.938', '5.500', '4.969']
  cells: fixed=[10875, 5244, 3053, 2990, 2645] broken=[3601, 4102, 2456, 2297, 2198]
  per_ACT_cell_acc: ['H1=50.6%', 'H2=62.3%', 'H3=64.1%', 'H4=65.0%', 'H5=66.2%', 'H6=66.9%', 'H7=67.3%', 'H8=67.5%', 'H9=67.8%', 'H10=67.6%', 'H11=67.7%', 'H12=68.0%', 'H13=68.0%', 'H14=68.0%', 'H15=68.4%', 'H16=68.7%']
  per_ACT_puzzle_acc: ['H1=0.0%', 'H2=1.7%', 'H3=3.3%', 'H4=4.7%', 'H5=8.2%', 'H6=10.3%', 'H7=11.1%', 'H8=12.1%', 'H9=13.7%', 'H10=14.8%', 'H11=15.4%', 'H12=16.3%', 'H13=16.7%', 'H14=17.1%', 'H15=17.8%', 'H16=18.2%']
  mean_sigmoid_q_halt: ['0.044', '0.006', '0.061', '0.110', '0.150', '0.175', '0.191', '0.209', '0.229', '0.244', '0.248', '0.264', '0.266', '0.275', '0.279', '0.287']
  halt_rates: ['0.00', '0.01', '0.05', '0.09', '0.14', '0.17', '0.18', '0.20', '0.23', '0.24', '0.24', '0.26', '0.26', '0.27', '0.27', '0.28']
  halt_histogram %: [14.2, 14.7, 13.1, 16.1, 12.6, 9.4, 6.5, 4.5, 2.9, 1.8, 1.1, 0.7, 0.4, 0.3, 0.3, 1.5]
  Avg ACT steps (last 100): 4.44
  saved: /home/jvdillon/research/research/projects/trm3/ckpts/x182e/step04000.pt acc=73.54% (0.036s)
  saved: /home/jvdillon/research/research/projects/trm3/ckpts/x182e/best.pt acc=73.54% (0.084s)
Step  4000  Test 73.54% / 34.20%  Train lm=1.3828±0.0226ϵ[1.2891,1.4766] n_active=768.0001±0.0000ϵ[768.0000,768.0000] n_expunged=27.4125±17.4384ϵ[2.0000,115.0000] n_halted=40.8575±7.9687ϵ[12.0000,64.0000] pool_util=1.0000±0.0000ϵ[1.0000,1.0000]  (305.489s / 1217.873s)
  cell_acc=81.96%, puzzle_acc=54.47%
  eval_avg_halt_step: 8.23
  per_H_acc: ['H0=43.0%', 'H1=60.6%', 'H2=64.0%', 'H3=66.0%', 'H4=67.8%', 'H5=68.9%']
  H_cos: ['0.723', '0.980', '0.988', '0.988', '0.988']
  z_H_delta: ['21.000', '8.562', '5.906', '5.281', '5.031']
  cells: fixed=[13707, 6356, 3998, 3818, 3291] broken=[2763, 4228, 2756, 2671, 2619]
  per_ACT_cell_acc: ['H1=43.0%', 'H2=60.6%', 'H3=64.0%', 'H4=66.0%', 'H5=67.8%', 'H6=68.9%', 'H7=69.9%', 'H8=70.6%', 'H9=71.1%', 'H10=71.9%', 'H11=71.9%', 'H12=72.4%', 'H13=72.8%', 'H14=73.1%', 'H15=73.4%', 'H16=74.0%']
  per_ACT_puzzle_acc: ['H1=0.0%', 'H2=1.3%', 'H3=3.3%', 'H4=6.6%', 'H5=10.0%', 'H6=12.8%', 'H7=15.0%', 'H8=16.9%', 'H9=19.3%', 'H10=21.7%', 'H11=23.4%', 'H12=25.3%', 'H13=26.4%', 'H14=27.5%', 'H15=28.5%', 'H16=28.9%']
  mean_sigmoid_q_halt: ['0.204', '0.002', '0.038', '0.094', '0.139', '0.185', '0.209', '0.233', '0.260', '0.283', '0.303', '0.320', '0.332', '0.342', '0.355', '0.359']
  halt_rates: ['0.00', '0.00', '0.04', '0.09', '0.14', '0.19', '0.21', '0.24', '0.26', '0.29', '0.31', '0.32', '0.34', '0.35', '0.36', '0.36']
  halt_histogram %: [17.1, 16.8, 12.8, 13.7, 10.8, 8.4, 6.0, 4.4, 3.0, 2.0, 1.3, 0.9, 0.6, 0.4, 0.4, 1.5]
  Avg ACT steps (last 100): 3.85
  saved: /home/jvdillon/research/research/projects/trm3/ckpts/x182e/step06000.pt acc=81.96% (0.034s)
  saved: /home/jvdillon/research/research/projects/trm3/ckpts/x182e/best.pt acc=81.96% (0.126s)
Step  6000  Test 81.96% / 54.47%  Train lm=1.3906±0.0222ϵ[1.3047,1.4844] n_active=768.0001±0.0000ϵ[768.0000,768.0000] n_expunged=12.8990±7.8492ϵ[0.0000,66.0000] n_halted=45.6705±7.5599ϵ[21.0000,73.0000] pool_util=1.0000±0.0000ϵ[1.0000,1.0000]  (305.065s / 1218.676s)
  cell_acc=88.28%, puzzle_acc=70.05%
  eval_avg_halt_step: 6.58
  per_H_acc: ['H0=44.5%', 'H1=61.8%', 'H2=64.9%', 'H3=67.7%', 'H4=69.9%', 'H5=71.1%']
  H_cos: ['0.816', '0.984', '0.988', '0.988', '0.992']
  z_H_delta: ['19.750', '7.625', '5.625', '5.281', '4.688']
  cells: fixed=[13512, 6096, 4509, 4095, 3365] broken=[2739, 4148, 2783, 2735, 2595]
  per_ACT_cell_acc: ['H1=44.5%', 'H2=61.8%', 'H3=64.9%', 'H4=67.7%', 'H5=69.9%', 'H6=71.1%', 'H7=72.3%', 'H8=73.3%', 'H9=74.0%', 'H10=74.8%', 'H11=75.5%', 'H12=75.7%', 'H13=75.9%', 'H14=76.3%', 'H15=76.6%', 'H16=77.0%']
  per_ACT_puzzle_acc: ['H1=0.0%', 'H2=2.2%', 'H3=4.2%', 'H4=8.2%', 'H5=13.7%', 'H6=18.4%', 'H7=22.8%', 'H8=26.2%', 'H9=28.5%', 'H10=29.9%', 'H11=32.2%', 'H12=34.0%', 'H13=35.2%', 'H14=36.7%', 'H15=38.2%', 'H16=39.6%']
  mean_sigmoid_q_halt: ['0.235', '0.009', '0.060', '0.119', '0.185', '0.233', '0.279', '0.316', '0.344', '0.369', '0.389', '0.408', '0.420', '0.438', '0.455', '0.467']
  halt_rates: ['0.00', '0.01', '0.06', '0.12', '0.18', '0.23', '0.28', '0.32', '0.35', '0.37', '0.39', '0.41', '0.42', '0.44', '0.46', '0.47']
  halt_histogram %: [21.8, 19.5, 12.4, 11.7, 9.1, 7.1, 5.1, 3.8, 2.7, 1.9, 1.3, 0.9, 0.6, 0.4, 0.4, 1.4]
  Avg ACT steps (last 100): 2.39
  saved: /home/jvdillon/research/research/projects/trm3/ckpts/x182e/step08000.pt acc=88.28% (0.034s)
  saved: /home/jvdillon/research/research/projects/trm3/ckpts/x182e/best.pt acc=88.28% (0.128s)
Step  8000  Test 88.28% / 70.05%  Train lm=1.3828±0.0287ϵ[1.2656,1.4844] n_active=768.0001±0.0000ϵ[768.0000,768.0000] n_expunged=8.6865±5.0549ϵ[0.0000,37.0000] n_halted=57.4030±9.8620ϵ[26.0000,95.0000] pool_util=1.0000±0.0000ϵ[1.0000,1.0000]  (305.343s / 1219.591s)
  cell_acc=93.20%, puzzle_acc=82.96%
  eval_avg_halt_step: 4.98
  per_H_acc: ['H0=54.5%', 'H1=64.0%', 'H2=67.3%', 'H3=70.3%', 'H4=72.4%', 'H5=73.7%']
  H_cos: ['0.957', '0.988', '0.988', '0.988', '0.992']
  z_H_delta: ['14.000', '6.719', '5.938', '5.500', '4.969']
  cells: fixed=[9655, 5642, 4611, 4157, 3491] broken=[3769, 3553, 2737, 2859, 2677]
  per_ACT_cell_acc: ['H1=54.5%', 'H2=64.0%', 'H3=67.3%', 'H4=70.3%', 'H5=72.4%', 'H6=73.7%', 'H7=75.1%', 'H8=75.9%', 'H9=77.3%', 'H10=78.0%', 'H11=78.6%', 'H12=78.9%', 'H13=79.3%', 'H14=79.8%', 'H15=80.6%', 'H16=81.3%']
  per_ACT_puzzle_acc: ['H1=0.8%', 'H2=2.5%', 'H3=7.4%', 'H4=14.2%', 'H5=20.1%', 'H6=25.4%', 'H7=31.5%', 'H8=34.0%', 'H9=37.8%', 'H10=40.6%', 'H11=42.2%', 'H12=43.6%', 'H13=45.4%', 'H14=46.7%', 'H15=49.0%', 'H16=50.8%']
  mean_sigmoid_q_halt: ['0.088', '0.020', '0.085', '0.160', '0.224', '0.283', '0.340', '0.369', '0.408', '0.436', '0.453', '0.467', '0.484', '0.498', '0.520', '0.543']
  halt_rates: ['0.01', '0.02', '0.08', '0.16', '0.22', '0.28', '0.34', '0.37', '0.41', '0.43', '0.45', '0.47', '0.49', '0.50', '0.52', '0.54']
  halt_histogram %: [28.0, 21.5, 11.8, 10.0, 7.6, 5.8, 4.2, 3.1, 2.2, 1.6, 1.1, 0.8, 0.5, 0.4, 0.3, 1.1]
  Avg ACT steps (last 100): 2.33
  saved: /home/jvdillon/research/research/projects/trm3/ckpts/x182e/step10000.pt acc=93.20% (0.034s)
  saved: /home/jvdillon/research/research/projects/trm3/ckpts/x182e/best.pt acc=93.20% (0.082s)
Step 10000  Test 93.20% / 82.96%  Train lm=1.3516±0.0320ϵ[1.2266,1.4609] n_active=768.0001±0.0000ϵ[768.0000,768.0000] n_expunged=6.9950±3.5408ϵ[0.0000,26.0000] n_halted=74.1780±10.1648ϵ[49.0000,113.0000] pool_util=1.0000±0.0000ϵ[1.0000,1.0000]  (305.353s / 1220.098s)
  cell_acc=93.06%, puzzle_acc=82.89%
  eval_avg_halt_step: 4.32
  per_H_acc: ['H0=52.5%', 'H1=63.8%', 'H2=67.1%', 'H3=70.4%', 'H4=73.0%', 'H5=74.7%']
  H_cos: ['0.938', '0.984', '0.984', '0.988', '0.988']
  z_H_delta: ['15.938', '7.062', '6.156', '5.625', '5.031']
  cells: fixed=[10637, 5650, 4711, 4172, 3336] broken=[3594, 3629, 2635, 2587, 2234]
  per_ACT_cell_acc: ['H1=52.5%', 'H2=63.8%', 'H3=67.1%', 'H4=70.4%', 'H5=73.0%', 'H6=74.7%', 'H7=76.1%', 'H8=77.5%', 'H9=78.6%', 'H10=79.6%', 'H11=80.2%', 'H12=80.8%', 'H13=81.2%', 'H14=81.7%', 'H15=82.4%', 'H16=82.6%']
  per_ACT_puzzle_acc: ['H1=0.4%', 'H2=2.6%', 'H3=7.8%', 'H4=16.0%', 'H5=23.3%', 'H6=28.9%', 'H7=33.9%', 'H8=38.2%', 'H9=41.7%', 'H10=45.7%', 'H11=47.9%', 'H12=49.3%', 'H13=51.8%', 'H14=52.6%', 'H15=54.3%', 'H16=55.6%']
  mean_sigmoid_q_halt: ['0.091', '0.020', '0.105', '0.209', '0.287', '0.352', '0.406', '0.447', '0.479', '0.523', '0.543', '0.562', '0.586', '0.594', '0.613', '0.625']
  halt_rates: ['0.01', '0.02', '0.10', '0.21', '0.29', '0.35', '0.40', '0.45', '0.48', '0.52', '0.54', '0.56', '0.59', '0.60', '0.61', '0.62']
  halt_histogram %: [34.6, 22.2, 11.0, 8.5, 6.3, 4.8, 3.5, 2.6, 1.8, 1.3, 0.9, 0.6, 0.4, 0.3, 0.3, 0.9]
  Avg ACT steps (last 100): 2.01
  saved: /home/jvdillon/research/research/projects/trm3/ckpts/x182e/step12000.pt acc=93.06% (0.034s)
Step 12000  Test 93.06% / 82.89%  Train lm=1.3125±0.0442ϵ[1.1406,1.4922] n_active=768.0001±0.0000ϵ[768.0000,768.0000] n_expunged=6.4510±2.9494ϵ[0.0000,21.0000] n_halted=90.2095±10.6435ϵ[58.0000,134.0000] pool_util=1.0000±0.0000ϵ[1.0000,1.0000]  (305.247s / 1220.195s)
