Adam params: ('embed_tokens.weight', 'head.weight', 'head.bias', 'q_head.weight', 'q_head.bias')
Muon 2D params: ('reasoning.0.attn.up_proj.weight', 'reasoning.0.attn.down_proj.weight', 'reasoning.0.mlp.up_proj.weight', 'reasoning.0.mlp.down_proj.weight', 'reasoning.1.attn.up_proj.weight', 'reasoning.1.attn.down_proj.weight', 'reasoning.1.mlp.up_proj.weight', 'reasoning.1.mlp.down_proj.weight')
Muon 3D params (ensemble_dims=1): ()
  cell_acc=62.20%, puzzle_acc=4.82%
  eval_avg_halt_step: 16.00
  per_H_acc: ['H0=55.3%', 'H1=60.3%', 'H2=62.0%', 'H3=62.1%', 'H4=62.2%', 'H5=62.2%']
  H_cos: ['0.738', '0.895', '0.945', '0.965', '0.977']
  z_H_delta: ['20.875', '14.250', '10.125', '7.875', '6.406']
  cells: fixed=[7771, 4826, 2952, 2151, 1569] broken=[4682, 3782, 2881, 2090, 1586]
  per_ACT_cell_acc: ['H1=55.3%', 'H2=60.3%', 'H3=62.0%', 'H4=62.1%', 'H5=62.2%', 'H6=62.2%', 'H7=62.1%', 'H8=62.1%', 'H9=62.0%', 'H10=61.9%', 'H11=61.9%', 'H12=61.9%', 'H13=61.9%', 'H14=61.9%', 'H15=61.9%', 'H16=61.8%']
  per_ACT_puzzle_acc: ['H1=0.0%', 'H2=0.1%', 'H3=1.3%', 'H4=2.6%', 'H5=2.7%', 'H6=2.7%', 'H7=2.9%', 'H8=2.9%', 'H9=2.9%', 'H10=2.9%', 'H11=3.3%', 'H12=3.6%', 'H13=3.6%', 'H14=3.6%', 'H15=3.6%', 'H16=3.6%']
  mean_sigmoid_q_halt: ['0.241', '0.270', '0.320', '0.359', '0.371', '0.379', '0.383', '0.387', '0.391', '0.393', '0.395', '0.396', '0.398', '0.398', '0.400', '0.400']
  halt_rates: ['0.00', '0.00', '0.00', '0.00', '0.00', '0.00', '0.00', '0.00', '0.00', '0.00', '0.00', '0.00', '0.00', '0.00', '0.00', '0.00']
  halt_histogram %: [39.9, 8.8, 1.1, 0.5, 0.3, 1.0, 0.7, 2.6, 3.1, 4.5, 6.8, 7.0, 6.0, 2.3, 0.2, 15.2]
  Avg ACT steps (last 100): 3.98
  saved: /home/jvdillon/research/research/projects/trm3/ckpts/x182n/step00500.pt acc=62.20% (0.035s)
  saved: /home/jvdillon/research/research/projects/trm3/ckpts/x182n/best.pt acc=62.20% (0.066s)
Step   500  Test 62.20% /  4.82%  Train lm=1.3359±0.3945ϵ[0.9219,2.9062] n_active=384.0000±0.0000ϵ[384.0000,384.0000] n_expunged=0.0000±0.0000ϵ[0.0000,0.0000] n_halted=55.6080±114.4321ϵ[0.0000,384.0000] pool_util=1.0000±0.0000ϵ[1.0000,1.0000]  (310.576s / 198.918s)
  cell_acc=66.64%, puzzle_acc=8.72%
  eval_avg_halt_step: 14.71
  per_H_acc: ['H0=59.1%', 'H1=62.9%', 'H2=64.9%', 'H3=65.9%', 'H4=66.2%', 'H5=66.5%']
  H_cos: ['0.863', '0.957', '0.984', '0.988', '0.992']
  z_H_delta: ['16.875', '9.062', '6.156', '4.781', '3.969']
  cells: fixed=[7578, 4966, 3171, 2300, 1858] broken=[5242, 3704, 2543, 2089, 1685]
  per_ACT_cell_acc: ['H1=59.1%', 'H2=62.9%', 'H3=64.9%', 'H4=65.9%', 'H5=66.2%', 'H6=66.5%', 'H7=66.5%', 'H8=66.6%', 'H9=66.5%', 'H10=66.5%', 'H11=66.4%', 'H12=66.4%', 'H13=66.5%', 'H14=66.4%', 'H15=66.4%', 'H16=66.4%']
  per_ACT_puzzle_acc: ['H1=0.0%', 'H2=1.8%', 'H3=2.7%', 'H4=3.3%', 'H5=4.8%', 'H6=6.1%', 'H7=7.4%', 'H8=8.1%', 'H9=8.7%', 'H10=8.9%', 'H11=8.6%', 'H12=8.5%', 'H13=8.3%', 'H14=8.5%', 'H15=8.5%', 'H16=8.5%']
  mean_sigmoid_q_halt: ['0.005', '0.012', '0.029', '0.031', '0.042', '0.052', '0.063', '0.070', '0.076', '0.078', '0.078', '0.079', '0.080', '0.080', '0.080', '0.081']
  halt_rates: ['0.00', '0.01', '0.03', '0.03', '0.04', '0.05', '0.06', '0.07', '0.08', '0.08', '0.08', '0.08', '0.08', '0.08', '0.08', '0.08']
  halt_histogram %: [20.5, 12.3, 5.6, 14.3, 7.9, 8.2, 2.7, 3.1, 3.0, 4.2, 4.4, 3.7, 2.9, 1.0, 0.1, 6.2]
  Avg ACT steps (last 100): 4.33
  saved: /home/jvdillon/research/research/projects/trm3/ckpts/x182n/step01000.pt acc=66.64% (0.036s)
  saved: /home/jvdillon/research/research/projects/trm3/ckpts/x182n/best.pt acc=66.64% (0.084s)
Step  1000  Test 66.64% /  8.72%  Train lm=1.2891±0.1865ϵ[0.9219,1.9688] n_active=384.0000±0.0000ϵ[384.0000,384.0000] n_expunged=0.0000±0.0000ϵ[0.0000,0.0000] n_halted=80.2040±76.7597ϵ[0.0000,364.0000] pool_util=1.0000±0.0000ϵ[1.0000,1.0000]  (304.988s / 178.966s)
  cell_acc=67.79%, puzzle_acc=21.13%
  eval_avg_halt_step: 11.42
  per_H_acc: ['H0=59.0%', 'H1=63.3%', 'H2=65.0%', 'H3=65.4%', 'H4=65.7%', 'H5=66.2%']
  H_cos: ['0.871', '0.965', '0.973', '0.980', '0.980']
  z_H_delta: ['16.375', '9.250', '7.469', '6.688', '6.219']
  cells: fixed=[7319, 4279, 2599, 1997, 1852] broken=[4645, 3200, 2356, 1803, 1539]
  per_ACT_cell_acc: ['H1=59.0%', 'H2=63.3%', 'H3=65.0%', 'H4=65.4%', 'H5=65.7%', 'H6=66.2%', 'H7=66.6%', 'H8=66.8%', 'H9=66.9%', 'H10=66.8%', 'H11=66.9%', 'H12=67.0%', 'H13=67.1%', 'H14=67.2%', 'H15=67.3%', 'H16=67.4%']
  per_ACT_puzzle_acc: ['H1=0.3%', 'H2=2.3%', 'H3=3.9%', 'H4=7.6%', 'H5=10.0%', 'H6=12.0%', 'H7=14.2%', 'H8=15.5%', 'H9=16.3%', 'H10=16.8%', 'H11=17.4%', 'H12=17.7%', 'H13=17.8%', 'H14=18.5%', 'H15=18.5%', 'H16=18.9%']
  mean_sigmoid_q_halt: ['0.004', '0.021', '0.059', '0.100', '0.126', '0.146', '0.171', '0.191', '0.206', '0.213', '0.219', '0.218', '0.227', '0.233', '0.238', '0.243']
  halt_rates: ['0.00', '0.02', '0.05', '0.09', '0.12', '0.14', '0.17', '0.18', '0.20', '0.21', '0.21', '0.21', '0.22', '0.23', '0.23', '0.24']
  halt_histogram %: [15.4, 12.2, 8.1, 16.4, 11.3, 11.5, 4.8, 3.7, 2.5, 2.8, 2.8, 2.3, 1.8, 0.6, 0.0, 3.8]
  Avg ACT steps (last 100): 4.33
  saved: /home/jvdillon/research/research/projects/trm3/ckpts/x182n/step01500.pt acc=67.79% (0.034s)
  saved: /home/jvdillon/research/research/projects/trm3/ckpts/x182n/best.pt acc=67.79% (0.081s)
Step  1500  Test 67.79% / 21.13%  Train lm=1.2891±0.0291ϵ[1.2266,1.3594] n_active=384.0000±0.0000ϵ[384.0000,384.0000] n_expunged=0.0000±0.0000ϵ[0.0000,0.0000] n_halted=85.0740±31.0595ϵ[25.0000,165.0000] pool_util=1.0000±0.0000ϵ[1.0000,1.0000]  (305.071s / 178.784s)
  cell_acc=69.33%, puzzle_acc=15.59%
  eval_avg_halt_step: 13.71
  per_H_acc: ['H0=58.8%', 'H1=63.9%', 'H2=66.2%', 'H3=67.2%', 'H4=67.9%', 'H5=68.1%']
  H_cos: ['0.883', '0.980', '0.988', '0.992', '0.992']
  z_H_delta: ['16.125', '7.000', '4.281', '3.266', '2.719']
  cells: fixed=[7937, 4223, 2467, 1703, 1244] broken=[4773, 2801, 1834, 1305, 1071]
  per_ACT_cell_acc: ['H1=58.8%', 'H2=63.9%', 'H3=66.2%', 'H4=67.2%', 'H5=67.9%', 'H6=68.1%', 'H7=68.3%', 'H8=68.5%', 'H9=68.5%', 'H10=68.6%', 'H11=68.6%', 'H12=68.6%', 'H13=68.7%', 'H14=68.7%', 'H15=68.8%', 'H16=68.8%']
  per_ACT_puzzle_acc: ['H1=0.1%', 'H2=2.6%', 'H3=3.0%', 'H4=5.3%', 'H5=7.6%', 'H6=9.5%', 'H7=10.9%', 'H8=11.5%', 'H9=12.2%', 'H10=12.5%', 'H11=12.8%', 'H12=13.4%', 'H13=13.7%', 'H14=13.9%', 'H15=13.9%', 'H16=14.1%']
  mean_sigmoid_q_halt: ['0.005', '0.017', '0.028', '0.053', '0.074', '0.095', '0.109', '0.114', '0.122', '0.125', '0.128', '0.134', '0.139', '0.142', '0.142', '0.143']
  halt_rates: ['0.00', '0.02', '0.03', '0.05', '0.08', '0.10', '0.11', '0.11', '0.12', '0.13', '0.13', '0.14', '0.14', '0.14', '0.14', '0.14']
  halt_histogram %: [13.8, 12.0, 9.0, 16.4, 12.8, 12.3, 6.1, 4.1, 2.5, 2.4, 2.2, 1.7, 1.3, 0.4, 0.0, 2.8]
  Avg ACT steps (last 100): 4.58
  saved: /home/jvdillon/research/research/projects/trm3/ckpts/x182n/step02000.pt acc=69.33% (0.033s)
  saved: /home/jvdillon/research/research/projects/trm3/ckpts/x182n/best.pt acc=69.33% (0.080s)
Step  2000  Test 69.33% / 15.59%  Train lm=1.2891±0.0258ϵ[1.2109,1.3594] n_active=384.0000±0.0000ϵ[384.0000,384.0000] n_expunged=0.0000±0.0000ϵ[0.0000,0.0000] n_halted=83.7960±21.9764ϵ[32.0000,129.0000] pool_util=1.0000±0.0000ϵ[1.0000,1.0000]  (305.105s / 178.963s)
  cell_acc=71.39%, puzzle_acc=20.76%
  eval_avg_halt_step: 12.97
  per_H_acc: ['H0=58.3%', 'H1=64.5%', 'H2=67.1%', 'H3=68.5%', 'H4=69.2%', 'H5=69.6%']
  H_cos: ['0.891', '0.984', '0.984', '0.988', '0.988']
  z_H_delta: ['15.938', '6.375', '4.031', '3.172', '2.734']
  cells: fixed=[8159, 4135, 2510, 1624, 1255] broken=[4325, 2502, 1638, 1169, 1040]
  per_ACT_cell_acc: ['H1=58.3%', 'H2=64.5%', 'H3=67.1%', 'H4=68.5%', 'H5=69.2%', 'H6=69.6%', 'H7=69.9%', 'H8=70.2%', 'H9=70.3%', 'H10=70.4%', 'H11=70.4%', 'H12=70.5%', 'H13=70.6%', 'H14=70.7%', 'H15=70.7%', 'H16=70.7%']
  per_ACT_puzzle_acc: ['H1=0.3%', 'H2=2.7%', 'H3=3.1%', 'H4=6.9%', 'H5=9.9%', 'H6=13.0%', 'H7=14.2%', 'H8=15.5%', 'H9=16.8%', 'H10=17.3%', 'H11=17.6%', 'H12=18.2%', 'H13=18.4%', 'H14=18.8%', 'H15=18.9%', 'H16=19.0%']
  mean_sigmoid_q_halt: ['0.006', '0.018', '0.030', '0.065', '0.097', '0.127', '0.141', '0.155', '0.167', '0.175', '0.177', '0.184', '0.187', '0.189', '0.191', '0.193']
  halt_rates: ['0.00', '0.02', '0.03', '0.07', '0.10', '0.13', '0.14', '0.16', '0.17', '0.18', '0.18', '0.18', '0.19', '0.19', '0.19', '0.20']
  halt_histogram %: [13.3, 12.1, 9.5, 15.9, 13.3, 12.5, 6.8, 4.6, 2.8, 2.3, 1.9, 1.5, 1.1, 0.4, 0.0, 2.2]
  Avg ACT steps (last 100): 4.10
  saved: /home/jvdillon/research/research/projects/trm3/ckpts/x182n/step02500.pt acc=71.39% (0.033s)
  saved: /home/jvdillon/research/research/projects/trm3/ckpts/x182n/best.pt acc=71.39% (0.125s)
Step  2500  Test 71.39% / 20.76%  Train lm=1.2891±0.0210ϵ[1.2266,1.3438] n_active=384.0000±0.0000ϵ[384.0000,384.0000] n_expunged=0.0000±0.0000ϵ[0.0000,0.0000] n_halted=81.7860±15.9274ϵ[42.0000,124.0000] pool_util=1.0000±0.0000ϵ[1.0000,1.0000]  (305.254s / 179.007s)
  cell_acc=77.95%, puzzle_acc=41.54%
  eval_avg_halt_step: 10.29
  per_H_acc: ['H0=58.1%', 'H1=64.5%', 'H2=67.4%', 'H3=69.1%', 'H4=70.7%', 'H5=71.7%']
  H_cos: ['0.891', '0.984', '0.984', '0.980', '0.984']
  z_H_delta: ['15.812', '6.719', '5.094', '4.875', '4.500']
  cells: fixed=[7885, 4489, 3033, 2760, 2225] broken=[3902, 2691, 2006, 1767, 1575]
  per_ACT_cell_acc: ['H1=58.1%', 'H2=64.5%', 'H3=67.4%', 'H4=69.1%', 'H5=70.7%', 'H6=71.7%', 'H7=72.6%', 'H8=73.0%', 'H9=73.2%', 'H10=73.4%', 'H11=73.6%', 'H12=73.8%', 'H13=73.9%', 'H14=73.9%', 'H15=73.9%', 'H16=74.0%']
  per_ACT_puzzle_acc: ['H1=1.0%', 'H2=2.6%', 'H3=4.4%', 'H4=8.2%', 'H5=12.9%', 'H6=16.5%', 'H7=20.4%', 'H8=22.7%', 'H9=24.1%', 'H10=25.9%', 'H11=26.7%', 'H12=27.5%', 'H13=28.0%', 'H14=28.4%', 'H15=28.6%', 'H16=29.0%']
  mean_sigmoid_q_halt: ['0.010', '0.024', '0.046', '0.081', '0.128', '0.168', '0.203', '0.226', '0.243', '0.260', '0.268', '0.275', '0.281', '0.285', '0.287', '0.295']
  halt_rates: ['0.00', '0.02', '0.05', '0.08', '0.13', '0.17', '0.21', '0.23', '0.25', '0.26', '0.27', '0.28', '0.29', '0.29', '0.29', '0.30']
  halt_histogram %: [13.4, 12.6, 9.8, 15.2, 13.1, 12.3, 7.2, 4.8, 3.0, 2.3, 1.8, 1.4, 1.0, 0.4, 0.1, 1.8]
  Avg ACT steps (last 100): 4.91
  saved: /home/jvdillon/research/research/projects/trm3/ckpts/x182n/step03000.pt acc=77.95% (0.033s)
  saved: /home/jvdillon/research/research/projects/trm3/ckpts/x182n/best.pt acc=77.95% (0.082s)
Step  3000  Test 77.95% / 41.54%  Train lm=1.2891±0.0194ϵ[1.2344,1.3516] n_active=384.0000±0.0000ϵ[384.0000,384.0000] n_expunged=0.0000±0.0000ϵ[0.0000,0.0000] n_halted=82.3040±14.0140ϵ[36.0000,123.0000] pool_util=1.0000±0.0000ϵ[1.0000,1.0000]  (305.368s / 179.058s)
  cell_acc=79.83%, puzzle_acc=45.27%
  eval_avg_halt_step: 9.76
  per_H_acc: ['H0=57.6%', 'H1=65.1%', 'H2=68.1%', 'H3=70.6%', 'H4=72.5%', 'H5=73.9%']
  H_cos: ['0.887', '0.984', '0.980', '0.980', '0.984']
  z_H_delta: ['16.250', '6.500', '4.938', '4.469', '4.094']
  cells: fixed=[8297, 4507, 3232, 2605, 2214] broken=[3643, 2623, 1705, 1417, 1351]
  per_ACT_cell_acc: ['H1=57.6%', 'H2=65.1%', 'H3=68.1%', 'H4=70.6%', 'H5=72.5%', 'H6=73.9%', 'H7=74.5%', 'H8=75.0%', 'H9=75.3%', 'H10=75.6%', 'H11=76.0%', 'H12=76.3%', 'H13=76.4%', 'H14=76.5%', 'H15=76.6%', 'H16=76.6%']
  per_ACT_puzzle_acc: ['H1=0.8%', 'H2=2.7%', 'H3=5.2%', 'H4=11.1%', 'H5=15.9%', 'H6=21.6%', 'H7=24.1%', 'H8=26.7%', 'H9=28.5%', 'H10=29.6%', 'H11=30.9%', 'H12=32.6%', 'H13=33.3%', 'H14=33.7%', 'H15=34.1%', 'H16=34.6%']
  mean_sigmoid_q_halt: ['0.014', '0.024', '0.048', '0.105', '0.156', '0.209', '0.238', '0.266', '0.281', '0.295', '0.305', '0.322', '0.330', '0.334', '0.340', '0.344']
  halt_rates: ['0.01', '0.02', '0.05', '0.11', '0.16', '0.21', '0.24', '0.27', '0.29', '0.30', '0.31', '0.33', '0.33', '0.34', '0.34', '0.35']
  halt_histogram %: [14.0, 13.4, 10.0, 14.4, 12.5, 11.7, 7.2, 4.9, 3.2, 2.4, 1.8, 1.3, 0.9, 0.4, 0.1, 1.6]
  Avg ACT steps (last 100): 4.32
  saved: /home/jvdillon/research/research/projects/trm3/ckpts/x182n/step03500.pt acc=79.83% (0.034s)
  saved: /home/jvdillon/research/research/projects/trm3/ckpts/x182n/best.pt acc=79.83% (0.080s)
Step  3500  Test 79.83% / 45.27%  Train lm=1.2812±0.0159ϵ[1.2344,1.3359] n_active=384.0000±0.0000ϵ[384.0000,384.0000] n_expunged=0.0000±0.0000ϵ[0.0000,0.0000] n_halted=84.1920±10.8313ϵ[51.0000,119.0000] pool_util=1.0000±0.0000ϵ[1.0000,1.0000]  (305.374s / 178.873s)
  cell_acc=83.09%, puzzle_acc=55.35%
  eval_avg_halt_step: 8.38
  per_H_acc: ['H0=57.6%', 'H1=64.7%', 'H2=68.5%', 'H3=71.0%', 'H4=73.1%', 'H5=74.2%']
  H_cos: ['0.906', '0.984', '0.973', '0.977', '0.980']
  z_H_delta: ['15.750', '6.312', '5.219', '4.812', '4.281']
  cells: fixed=[8098, 4645, 3327, 2703, 2129] broken=[3633, 2277, 1775, 1425, 1446]
  per_ACT_cell_acc: ['H1=57.6%', 'H2=64.7%', 'H3=68.5%', 'H4=71.0%', 'H5=73.1%', 'H6=74.2%', 'H7=74.8%', 'H8=75.6%', 'H9=76.4%', 'H10=76.8%', 'H11=77.4%', 'H12=77.5%', 'H13=77.9%', 'H14=78.0%', 'H15=78.3%', 'H16=78.4%']
  per_ACT_puzzle_acc: ['H1=0.7%', 'H2=2.7%', 'H3=5.5%', 'H4=12.1%', 'H5=18.4%', 'H6=23.0%', 'H7=25.9%', 'H8=28.4%', 'H9=31.4%', 'H10=33.2%', 'H11=35.0%', 'H12=36.7%', 'H13=37.6%', 'H14=38.4%', 'H15=39.2%', 'H16=40.2%']
  mean_sigmoid_q_halt: ['0.012', '0.024', '0.052', '0.124', '0.185', '0.232', '0.264', '0.289', '0.320', '0.338', '0.355', '0.375', '0.385', '0.393', '0.400', '0.410']
  halt_rates: ['0.01', '0.02', '0.05', '0.12', '0.19', '0.24', '0.27', '0.29', '0.32', '0.34', '0.36', '0.38', '0.39', '0.40', '0.40', '0.41']
  halt_histogram %: [15.0, 14.5, 10.1, 13.5, 11.8, 11.0, 7.0, 4.9, 3.3, 2.5, 1.9, 1.4, 1.0, 0.4, 0.2, 1.6]
  Avg ACT steps (last 100): 4.55
  saved: /home/jvdillon/research/research/projects/trm3/ckpts/x182n/step04000.pt acc=83.09% (0.033s)
  saved: /home/jvdillon/research/research/projects/trm3/ckpts/x182n/best.pt acc=83.09% (0.126s)
Step  4000  Test 83.09% / 55.35%  Train lm=1.2891±0.0150ϵ[1.2344,1.3203] n_active=384.0000±0.0000ϵ[384.0000,384.0000] n_expunged=0.0000±0.0000ϵ[0.0000,0.0000] n_halted=85.9180±9.9106ϵ[59.0000,112.0000] pool_util=1.0000±0.0000ϵ[1.0000,1.0000]  (305.502s / 178.933s)
  cell_acc=86.17%, puzzle_acc=63.19%
  eval_avg_halt_step: 7.36
  per_H_acc: ['H0=56.6%', 'H1=64.9%', 'H2=69.2%', 'H3=72.2%', 'H4=74.5%', 'H5=75.8%']
  H_cos: ['0.898', '0.980', '0.973', '0.973', '0.980']
  z_H_delta: ['16.125', '6.750', '5.344', '4.969', '4.438']
  cells: fixed=[8695, 5096, 3577, 3068, 2259] broken=[3507, 2404, 1739, 1612, 1452]
  per_ACT_cell_acc: ['H1=56.6%', 'H2=64.9%', 'H3=69.2%', 'H4=72.2%', 'H5=74.5%', 'H6=75.8%', 'H7=77.1%', 'H8=78.1%', 'H9=78.6%', 'H10=79.0%', 'H11=79.3%', 'H12=79.8%', 'H13=79.9%', 'H14=80.1%', 'H15=80.3%', 'H16=80.4%']
  per_ACT_puzzle_acc: ['H1=0.7%', 'H2=2.5%', 'H3=7.7%', 'H4=14.3%', 'H5=21.6%', 'H6=27.1%', 'H7=30.7%', 'H8=35.4%', 'H9=38.3%', 'H10=40.2%', 'H11=41.9%', 'H12=42.8%', 'H13=43.6%', 'H14=44.8%', 'H15=46.1%', 'H16=46.5%']
  mean_sigmoid_q_halt: ['0.035', '0.023', '0.076', '0.142', '0.217', '0.271', '0.307', '0.354', '0.383', '0.402', '0.420', '0.428', '0.436', '0.447', '0.459', '0.463']
  halt_rates: ['0.01', '0.02', '0.08', '0.14', '0.22', '0.27', '0.31', '0.36', '0.39', '0.41', '0.42', '0.43', '0.44', '0.45', '0.46', '0.47']
  halt_histogram %: [16.2, 15.6, 10.0, 12.6, 11.0, 10.3, 6.7, 4.8, 3.3, 2.5, 1.9, 1.4, 1.0, 0.5, 0.2, 1.7]
  Avg ACT steps (last 100): 3.50
  saved: /home/jvdillon/research/research/projects/trm3/ckpts/x182n/step04500.pt acc=86.17% (0.033s)
  saved: /home/jvdillon/research/research/projects/trm3/ckpts/x182n/best.pt acc=86.17% (0.080s)
Step  4500  Test 86.17% / 63.19%  Train lm=1.2891±0.0135ϵ[1.2500,1.3281] n_active=384.0000±0.0000ϵ[384.0000,384.0000] n_expunged=0.0000±0.0000ϵ[0.0000,0.0000] n_halted=87.4920±9.2460ϵ[59.0000,127.0000] pool_util=1.0000±0.0000ϵ[1.0000,1.0000]  (305.568s / 179.009s)
  cell_acc=87.82%, puzzle_acc=67.36%
  eval_avg_halt_step: 6.64
  per_H_acc: ['H0=57.5%', 'H1=65.4%', 'H2=69.8%', 'H3=72.9%', 'H4=75.3%', 'H5=77.0%']
  H_cos: ['0.914', '0.984', '0.973', '0.973', '0.977']
  z_H_delta: ['15.500', '6.094', '5.000', '4.688', '4.281']
  cells: fixed=[8432, 4744, 3488, 2955, 2310] broken=[3537, 2034, 1567, 1455, 1219]
  per_ACT_cell_acc: ['H1=57.5%', 'H2=65.4%', 'H3=69.8%', 'H4=72.9%', 'H5=75.3%', 'H6=77.0%', 'H7=78.3%', 'H8=79.3%', 'H9=80.2%', 'H10=80.9%', 'H11=81.3%', 'H12=81.7%', 'H13=82.1%', 'H14=82.5%', 'H15=82.8%', 'H16=83.0%']
  per_ACT_puzzle_acc: ['H1=0.9%', 'H2=2.7%', 'H3=6.8%', 'H4=14.8%', 'H5=22.3%', 'H6=29.8%', 'H7=34.2%', 'H8=38.0%', 'H9=41.0%', 'H10=44.7%', 'H11=46.7%', 'H12=48.0%', 'H13=48.8%', 'H14=50.3%', 'H15=51.6%', 'H16=52.9%']
  mean_sigmoid_q_halt: ['0.038', '0.027', '0.065', '0.145', '0.220', '0.293', '0.340', '0.379', '0.406', '0.443', '0.463', '0.480', '0.486', '0.504', '0.516', '0.527']
  halt_rates: ['0.02', '0.03', '0.07', '0.15', '0.22', '0.30', '0.34', '0.38', '0.41', '0.45', '0.47', '0.48', '0.49', '0.51', '0.52', '0.53']
  halt_histogram %: [17.5, 16.7, 10.0, 11.8, 10.3, 9.6, 6.4, 4.6, 3.2, 2.5, 2.0, 1.5, 1.1, 0.6, 0.3, 2.0]
  Avg ACT steps (last 100): 4.70
  saved: /home/jvdillon/research/research/projects/trm3/ckpts/x182n/step05000.pt acc=87.82% (0.033s)
  saved: /home/jvdillon/research/research/projects/trm3/ckpts/x182n/best.pt acc=87.82% (0.081s)
Step  5000  Test 87.82% / 67.36%  Train lm=1.2969±0.0129ϵ[1.2500,1.3281] n_active=384.0000±0.0000ϵ[384.0000,384.0000] n_expunged=0.0000±0.0000ϵ[0.0000,0.0000] n_halted=88.9820±8.1345ϵ[63.0000,116.0000] pool_util=1.0000±0.0000ϵ[1.0000,1.0000]  (305.615s / 178.904s)
  cell_acc=91.57%, puzzle_acc=77.80%
  eval_avg_halt_step: 5.32
  per_H_acc: ['H0=58.1%', 'H1=65.8%', 'H2=70.1%', 'H3=73.3%', 'H4=76.4%', 'H5=78.5%']
  H_cos: ['0.922', '0.980', '0.973', '0.969', '0.973']
  z_H_delta: ['15.438', '6.438', '5.406', '5.344', '4.812']
  cells: fixed=[8273, 4939, 3703, 3443, 2587] broken=[3508, 2274, 1710, 1524, 1247]
  per_ACT_cell_acc: ['H1=58.1%', 'H2=65.8%', 'H3=70.1%', 'H4=73.3%', 'H5=76.4%', 'H6=78.5%', 'H7=79.9%', 'H8=80.6%', 'H9=81.3%', 'H10=82.1%', 'H11=82.8%', 'H12=83.3%', 'H13=83.7%', 'H14=84.0%', 'H15=84.3%', 'H16=84.6%']
  per_ACT_puzzle_acc: ['H1=1.4%', 'H2=2.7%', 'H3=7.4%', 'H4=15.4%', 'H5=24.9%', 'H6=33.5%', 'H7=39.6%', 'H8=43.5%', 'H9=46.5%', 'H10=48.7%', 'H11=50.9%', 'H12=53.1%', 'H13=54.7%', 'H14=55.6%', 'H15=56.8%', 'H16=57.6%']
  mean_sigmoid_q_halt: ['0.037', '0.028', '0.081', '0.157', '0.250', '0.330', '0.395', '0.432', '0.463', '0.484', '0.508', '0.527', '0.543', '0.555', '0.562', '0.574']
  halt_rates: ['0.02', '0.03', '0.08', '0.16', '0.25', '0.33', '0.40', '0.44', '0.47', '0.49', '0.51', '0.53', '0.55', '0.56', '0.57', '0.58']
  halt_histogram %: [19.1, 17.7, 9.9, 11.1, 9.6, 8.9, 6.0, 4.4, 3.1, 2.4, 1.9, 1.5, 1.1, 0.7, 0.4, 2.4]
  Avg ACT steps (last 100): 3.74
  saved: /home/jvdillon/research/research/projects/trm3/ckpts/x182n/step05500.pt acc=91.57% (0.033s)
  saved: /home/jvdillon/research/research/projects/trm3/ckpts/x182n/best.pt acc=91.57% (0.080s)
Step  5500  Test 91.57% / 77.80%  Train lm=1.2969±0.0125ϵ[1.2656,1.3281] n_active=384.0000±0.0000ϵ[384.0000,384.0000] n_expunged=0.0000±0.0000ϵ[0.0000,0.0000] n_halted=91.6180±8.1904ϵ[68.0000,113.0000] pool_util=1.0000±0.0000ϵ[1.0000,1.0000]  (305.492s / 178.865s)
  cell_acc=92.79%, puzzle_acc=80.82%
  eval_avg_halt_step: 4.87
  per_H_acc: ['H0=57.7%', 'H1=65.6%', 'H2=70.1%', 'H3=74.1%', 'H4=77.2%', 'H5=79.4%']
  H_cos: ['0.922', '0.977', '0.969', '0.961', '0.977']
  z_H_delta: ['15.562', '6.594', '5.656', '5.594', '4.625']
  cells: fixed=[8386, 5035, 4116, 3336, 2573] broken=[3471, 2225, 1609, 1426, 1233]
  per_ACT_cell_acc: ['H1=57.7%', 'H2=65.6%', 'H3=70.1%', 'H4=74.1%', 'H5=77.2%', 'H6=79.4%', 'H7=80.8%', 'H8=82.1%', 'H9=83.0%', 'H10=83.4%', 'H11=83.8%', 'H12=84.2%', 'H13=84.6%', 'H14=84.9%', 'H15=85.4%', 'H16=85.6%']
  per_ACT_puzzle_acc: ['H1=1.8%', 'H2=2.7%', 'H3=8.2%', 'H4=18.1%', 'H5=29.3%', 'H6=36.3%', 'H7=42.2%', 'H8=47.1%', 'H9=50.5%', 'H10=52.2%', 'H11=53.5%', 'H12=54.9%', 'H13=56.9%', 'H14=57.8%', 'H15=58.9%', 'H16=59.6%']
  mean_sigmoid_q_halt: ['0.042', '0.028', '0.086', '0.179', '0.291', '0.363', '0.422', '0.471', '0.504', '0.523', '0.535', '0.551', '0.566', '0.578', '0.586', '0.598']
  halt_rates: ['0.02', '0.03', '0.09', '0.18', '0.29', '0.37', '0.42', '0.47', '0.51', '0.52', '0.54', '0.55', '0.57', '0.58', '0.59', '0.60']
  halt_histogram %: [20.7, 18.6, 9.7, 10.4, 8.9, 8.2, 5.6, 4.1, 2.9, 2.3, 1.8, 1.4, 1.1, 0.7, 0.4, 3.0]
  Avg ACT steps (last 100): 3.51
  saved: /home/jvdillon/research/research/projects/trm3/ckpts/x182n/step06000.pt acc=92.79% (0.034s)
  saved: /home/jvdillon/research/research/projects/trm3/ckpts/x182n/best.pt acc=92.79% (0.081s)
Step  6000  Test 92.79% / 80.82%  Train lm=1.2969±0.0114ϵ[1.2656,1.3281] n_active=384.0000±0.0000ϵ[384.0000,384.0000] n_expunged=0.0000±0.0000ϵ[0.0000,0.0000] n_halted=95.1660±8.2789ϵ[70.0000,121.0000] pool_util=1.0000±0.0000ϵ[1.0000,1.0000]  (305.540s / 179.092s)
  cell_acc=94.05%, puzzle_acc=84.18%
  eval_avg_halt_step: 4.46
  per_H_acc: ['H0=58.1%', 'H1=65.8%', 'H2=71.2%', 'H3=75.2%', 'H4=77.6%', 'H5=79.8%']
  H_cos: ['0.926', '0.973', '0.961', '0.969', '0.973']
  z_H_delta: ['15.500', '6.812', '6.094', '5.375', '4.594']
  cells: fixed=[8253, 5450, 4165, 2949, 2573] broken=[3443, 2120, 1641, 1455, 1243]
  per_ACT_cell_acc: ['H1=58.1%', 'H2=65.8%', 'H3=71.2%', 'H4=75.2%', 'H5=77.6%', 'H6=79.8%', 'H7=81.4%', 'H8=82.3%', 'H9=83.1%', 'H10=84.1%', 'H11=84.8%', 'H12=85.1%', 'H13=85.6%', 'H14=86.0%', 'H15=86.3%', 'H16=86.6%']
  per_ACT_puzzle_acc: ['H1=1.8%', 'H2=2.9%', 'H3=9.6%', 'H4=21.9%', 'H5=30.2%', 'H6=38.0%', 'H7=43.4%', 'H8=47.3%', 'H9=50.3%', 'H10=53.1%', 'H11=56.1%', 'H12=57.7%', 'H13=59.1%', 'H14=60.4%', 'H15=61.3%', 'H16=62.6%']
  mean_sigmoid_q_halt: ['0.047', '0.028', '0.103', '0.218', '0.305', '0.377', '0.436', '0.473', '0.500', '0.531', '0.559', '0.574', '0.590', '0.602', '0.613', '0.625']
  halt_rates: ['0.02', '0.03', '0.10', '0.22', '0.31', '0.38', '0.44', '0.48', '0.50', '0.53', '0.56', '0.58', '0.59', '0.61', '0.62', '0.63']
  halt_histogram %: [22.4, 19.3, 9.6, 9.8, 8.3, 7.6, 5.2, 3.8, 2.8, 2.2, 1.7, 1.4, 1.1, 0.7, 0.4, 3.6]
  Avg ACT steps (last 100): 3.48
  saved: /home/jvdillon/research/research/projects/trm3/ckpts/x182n/step06500.pt acc=94.05% (0.032s)
  saved: /home/jvdillon/research/research/projects/trm3/ckpts/x182n/best.pt acc=94.05% (0.079s)
Step  6500  Test 94.05% / 84.18%  Train lm=1.3047±0.0125ϵ[1.2656,1.3359] n_active=384.0000±0.0000ϵ[384.0000,384.0000] n_expunged=0.0000±0.0000ϵ[0.0000,0.0000] n_halted=97.8080±8.2816ϵ[69.0000,120.0000] pool_util=1.0000±0.0000ϵ[1.0000,1.0000]  (305.490s / 179.205s)
  cell_acc=94.53%, puzzle_acc=85.47%
  eval_avg_halt_step: 4.30
  per_H_acc: ['H0=58.1%', 'H1=66.1%', 'H2=70.7%', 'H3=74.6%', 'H4=78.0%', 'H5=80.1%']
  H_cos: ['0.926', '0.977', '0.961', '0.965', '0.969']
  z_H_delta: ['15.438', '6.656', '6.000', '5.562', '4.781']
  cells: fixed=[8421, 5063, 4073, 3487, 2518] broken=[3440, 2195, 1652, 1357, 1238]
  per_ACT_cell_acc: ['H1=58.1%', 'H2=66.1%', 'H3=70.7%', 'H4=74.6%', 'H5=78.0%', 'H6=80.1%', 'H7=81.8%', 'H8=83.0%', 'H9=84.1%', 'H10=84.8%', 'H11=85.3%', 'H12=85.6%', 'H13=86.1%', 'H14=86.4%', 'H15=86.7%', 'H16=87.0%']
  per_ACT_puzzle_acc: ['H1=2.2%', 'H2=2.7%', 'H3=9.8%', 'H4=21.1%', 'H5=31.0%', 'H6=39.3%', 'H7=45.1%', 'H8=48.8%', 'H9=53.4%', 'H10=55.7%', 'H11=57.9%', 'H12=59.2%', 'H13=60.3%', 'H14=61.3%', 'H15=62.8%', 'H16=63.9%']
  mean_sigmoid_q_halt: ['0.043', '0.028', '0.097', '0.207', '0.305', '0.387', '0.443', '0.482', '0.531', '0.555', '0.574', '0.590', '0.602', '0.609', '0.625', '0.637']
  halt_rates: ['0.02', '0.03', '0.10', '0.21', '0.31', '0.39', '0.45', '0.49', '0.53', '0.56', '0.58', '0.59', '0.61', '0.61', '0.63', '0.64']
  halt_histogram %: [23.9, 20.0, 9.5, 9.3, 7.8, 7.1, 4.9, 3.6, 2.6, 2.1, 1.6, 1.3, 1.0, 0.7, 0.4, 4.2]
  Avg ACT steps (last 100): 4.45
  saved: /home/jvdillon/research/research/projects/trm3/ckpts/x182n/step07000.pt acc=94.53% (0.034s)
  saved: /home/jvdillon/research/research/projects/trm3/ckpts/x182n/best.pt acc=94.53% (0.082s)
Step  7000  Test 94.53% / 85.47%  Train lm=1.3047±0.0115ϵ[1.2734,1.3281] n_active=384.0000±0.0000ϵ[384.0000,384.0000] n_expunged=0.0000±0.0000ϵ[0.0000,0.0000] n_halted=100.3200±8.1148ϵ[77.0000,125.0000] pool_util=1.0000±0.0000ϵ[1.0000,1.0000]  (305.437s / 179.093s)
  cell_acc=94.75%, puzzle_acc=86.07%
  eval_avg_halt_step: 4.25
  per_H_acc: ['H0=58.1%', 'H1=66.1%', 'H2=70.6%', 'H3=74.5%', 'H4=77.7%', 'H5=79.8%']
  H_cos: ['0.926', '0.973', '0.965', '0.969', '0.969']
  z_H_delta: ['15.500', '6.719', '5.969', '5.438', '4.875']
  cells: fixed=[8427, 5113, 4104, 3363, 2595] broken=[3497, 2265, 1698, 1382, 1296]
  per_ACT_cell_acc: ['H1=58.1%', 'H2=66.1%', 'H3=70.6%', 'H4=74.5%', 'H5=77.7%', 'H6=79.8%', 'H7=81.0%', 'H8=82.4%', 'H9=83.7%', 'H10=84.2%', 'H11=84.7%', 'H12=85.4%', 'H13=85.6%', 'H14=85.8%', 'H15=86.3%', 'H16=86.6%']
  per_ACT_puzzle_acc: ['H1=2.2%', 'H2=2.7%', 'H3=9.6%', 'H4=20.1%', 'H5=29.8%', 'H6=38.2%', 'H7=43.8%', 'H8=47.9%', 'H9=52.2%', 'H10=54.8%', 'H11=56.5%', 'H12=57.9%', 'H13=59.1%', 'H14=60.2%', 'H15=61.2%', 'H16=62.2%']
  mean_sigmoid_q_halt: ['0.043', '0.027', '0.101', '0.203', '0.297', '0.381', '0.434', '0.475', '0.520', '0.547', '0.562', '0.574', '0.590', '0.598', '0.609', '0.621']
  halt_rates: ['0.02', '0.03', '0.10', '0.20', '0.30', '0.38', '0.44', '0.48', '0.52', '0.55', '0.57', '0.58', '0.59', '0.60', '0.61', '0.62']
  halt_histogram %: [25.3, 20.6, 9.4, 8.8, 7.4, 6.7, 4.6, 3.4, 2.4, 2.0, 1.6, 1.2, 1.0, 0.6, 0.4, 4.7]
  Avg ACT steps (last 100): 3.68
  saved: /home/jvdillon/research/research/projects/trm3/ckpts/x182n/step07500.pt acc=94.75% (0.033s)
  saved: /home/jvdillon/research/research/projects/trm3/ckpts/x182n/best.pt acc=94.75% (0.124s)
Step  7500  Test 94.75% / 86.07%  Train lm=1.3047±0.0120ϵ[1.2578,1.3516] n_active=384.0000±0.0000ϵ[384.0000,384.0000] n_expunged=0.0000±0.0000ϵ[0.0000,0.0000] n_halted=102.1460±8.4967ϵ[75.0000,129.0000] pool_util=1.0000±0.0000ϵ[1.0000,1.0000]  (305.478s / 179.178s)
