Adam params: ('embed_tokens.weight', 'head.weight', 'head.bias', 'q_head.weight', 'q_head.bias')
Muon 2D params: ('reasoning.0.attn.up_proj.weight', 'reasoning.0.attn.down_proj.weight', 'reasoning.0.mlp.up_proj.weight', 'reasoning.0.mlp.down_proj.weight', 'reasoning.1.attn.up_proj.weight', 'reasoning.1.attn.down_proj.weight', 'reasoning.1.mlp.up_proj.weight', 'reasoning.1.mlp.down_proj.weight')
Muon 3D params (ensemble_dims=1): ()
Saved step 0 checkpoint with RNG: /home/jvdillon/projects/sic/code/sudoku/ckpts/x182/step00000_rng.pt
  cell_acc=65.28%, puzzle_acc=17.07%
  eval_avg_halt_step: 10.41
  per_H_acc: ['H0=51.5%', 'H1=59.4%', 'H2=62.1%', 'H3=62.6%', 'H4=63.0%', 'H5=63.5%']
  H_cos: ['0.809', '0.961', '0.973', '0.980', '0.980']
  z_H_delta: ['16.875', '9.000', '7.062', '6.344', '6.031']
  cells: fixed=[8052, 4930, 2982, 2149, 1976] broken=[3095, 3270, 2675, 1922, 1615]
  per_ACT_cell_acc: ['H1=51.5%', 'H2=59.4%', 'H3=62.1%', 'H4=62.6%', 'H5=63.0%', 'H6=63.5%', 'H7=64.0%', 'H8=64.0%', 'H9=64.0%', 'H10=64.3%', 'H11=64.3%', 'H12=64.5%', 'H13=64.6%', 'H14=64.7%', 'H15=64.7%', 'H16=64.6%']
  per_ACT_puzzle_acc: ['H1=0.0%', 'H2=0.7%', 'H3=2.5%', 'H4=3.5%', 'H5=4.4%', 'H6=6.2%', 'H7=7.4%', 'H8=8.2%', 'H9=9.0%', 'H10=9.9%', 'H11=10.4%', 'H12=10.9%', 'H13=11.3%', 'H14=11.7%', 'H15=11.8%', 'H16=12.0%']
  mean_sigmoid_q_halt: ['0.001', '0.003', '0.027', '0.065', '0.098', '0.128', '0.154', '0.182', '0.195', '0.217', '0.229', '0.245', '0.258', '0.270', '0.281', '0.287']
  halt_rates: ['0.00', '0.00', '0.02', '0.06', '0.09', '0.12', '0.15', '0.18', '0.19', '0.21', '0.23', '0.24', '0.25', '0.27', '0.28', '0.28']
  halt_histogram %: [11.8, 13.2, 14.2, 21.0, 15.2, 10.5, 5.1, 2.9, 1.5, 0.8, 0.5, 0.2, 0.1, 0.3, 0.1, 2.5]
  Avg ACT steps (last 100): 5.31
  saved: /home/jvdillon/projects/sic/code/sudoku/ckpts/x182/step02000.pt acc=65.28% (0.034s)
  saved: /home/jvdillon/projects/sic/code/sudoku/ckpts/x182/best.pt acc=65.28% (0.066s)
Step  2000  Test 65.28% / 17.07%  Train lm=1.3594±0.2061ϵ[0.9258,3.2031] n_active=768.0001±0.0000ϵ[768.0000,768.0000] n_expunged=83.5365±50.8699ϵ[0.0000,192.0000] n_halted=43.6700±31.8384ϵ[0.0000,192.0000] pool_util=1.0000±0.0000ϵ[1.0000,1.0000]  (308.150s / 1089.825s)
  cell_acc=73.74%, puzzle_acc=33.56%
  eval_avg_halt_step: 10.81
  per_H_acc: ['H0=45.9%', 'H1=59.5%', 'H2=63.1%', 'H3=64.5%', 'H4=65.6%', 'H5=66.5%']
  H_cos: ['0.766', '0.977', '0.984', '0.988', '0.988']
  z_H_delta: ['18.500', '7.938', '5.625', '5.125', '4.688']
  cells: fixed=[11167, 5876, 3676, 3027, 2843] broken=[2705, 3640, 2791, 2361, 2309]
  per_ACT_cell_acc: ['H1=45.9%', 'H2=59.5%', 'H3=63.1%', 'H4=64.5%', 'H5=65.6%', 'H6=66.5%', 'H7=67.1%', 'H8=67.6%', 'H9=68.1%', 'H10=68.4%', 'H11=68.6%', 'H12=69.2%', 'H13=69.6%', 'H14=69.5%', 'H15=69.2%', 'H16=69.1%']
  per_ACT_puzzle_acc: ['H1=0.0%', 'H2=0.5%', 'H3=2.5%', 'H4=4.0%', 'H5=6.6%', 'H6=8.3%', 'H7=10.4%', 'H8=12.5%', 'H9=14.6%', 'H10=15.9%', 'H11=17.4%', 'H12=18.2%', 'H13=19.3%', 'H14=19.7%', 'H15=20.2%', 'H16=20.3%']
  mean_sigmoid_q_halt: ['0.001', '0.001', '0.026', '0.057', '0.093', '0.109', '0.144', '0.171', '0.196', '0.210', '0.226', '0.236', '0.248', '0.252', '0.254', '0.262']
  halt_rates: ['0.00', '0.00', '0.02', '0.05', '0.09', '0.11', '0.14', '0.17', '0.20', '0.21', '0.23', '0.24', '0.25', '0.26', '0.26', '0.27']
  halt_histogram %: [13.7, 14.9, 13.2, 16.3, 13.0, 9.8, 6.2, 4.1, 2.7, 1.7, 1.1, 0.7, 0.4, 0.4, 0.2, 1.6]
  Avg ACT steps (last 100): 4.10
  saved: /home/jvdillon/projects/sic/code/sudoku/ckpts/x182/step04000.pt acc=73.74% (0.035s)
  saved: /home/jvdillon/projects/sic/code/sudoku/ckpts/x182/best.pt acc=73.74% (0.082s)
Step  4000  Test 73.74% / 33.56%  Train lm=1.3906±0.0247ϵ[1.3047,1.5547] n_active=768.0001±0.0000ϵ[768.0000,768.0000] n_expunged=24.4830±17.1612ϵ[1.0000,122.0000] n_halted=41.8350±8.2776ϵ[16.0000,68.0000] pool_util=1.0000±0.0000ϵ[1.0000,1.0000]  (308.332s / 1045.463s)
  cell_acc=85.87%, puzzle_acc=64.69%
  eval_avg_halt_step: 7.25
  per_H_acc: ['H0=46.4%', 'H1=62.3%', 'H2=65.6%', 'H3=67.3%', 'H4=69.0%', 'H5=70.2%']
  H_cos: ['0.719', '0.980', '0.984', '0.984', '0.988']
  z_H_delta: ['20.000', '7.719', '6.000', '5.531', '4.969']
  cells: fixed=[12375, 5940, 3822, 3450, 3175] broken=[2504, 3915, 2733, 2394, 2419]
  per_ACT_cell_acc: ['H1=46.4%', 'H2=62.3%', 'H3=65.6%', 'H4=67.3%', 'H5=69.0%', 'H6=70.2%', 'H7=71.4%', 'H8=72.5%', 'H9=73.0%', 'H10=73.4%', 'H11=73.7%', 'H12=74.3%', 'H13=74.9%', 'H14=75.2%', 'H15=75.3%', 'H16=75.5%']
  per_ACT_puzzle_acc: ['H1=0.0%', 'H2=1.6%', 'H3=4.2%', 'H4=8.7%', 'H5=13.3%', 'H6=16.3%', 'H7=20.1%', 'H8=22.9%', 'H9=25.5%', 'H10=27.9%', 'H11=29.4%', 'H12=31.1%', 'H13=32.3%', 'H14=33.2%', 'H15=34.2%', 'H16=35.5%']
  mean_sigmoid_q_halt: ['0.001', '0.007', '0.052', '0.118', '0.180', '0.217', '0.260', '0.289', '0.314', '0.334', '0.354', '0.373', '0.383', '0.393', '0.400', '0.412']
  halt_rates: ['0.00', '0.01', '0.05', '0.12', '0.18', '0.22', '0.26', '0.29', '0.32', '0.34', '0.36', '0.38', '0.39', '0.39', '0.40', '0.42']
  halt_histogram %: [18.6, 17.9, 12.9, 13.5, 10.8, 8.2, 5.5, 3.8, 2.7, 1.8, 1.2, 0.8, 0.5, 0.4, 0.2, 1.3]
  Avg ACT steps (last 100): 3.14
  saved: /home/jvdillon/projects/sic/code/sudoku/ckpts/x182/step06000.pt acc=85.87% (0.034s)
  saved: /home/jvdillon/projects/sic/code/sudoku/ckpts/x182/best.pt acc=85.87% (0.079s)
Step  6000  Test 85.87% / 64.69%  Train lm=1.3828±0.0256ϵ[1.2266,1.5625] n_active=768.0001±0.0000ϵ[768.0000,768.0000] n_expunged=9.8300±6.5247ϵ[0.0000,78.0000] n_halted=51.4050±8.9103ϵ[22.0000,96.0000] pool_util=1.0000±0.0000ϵ[1.0000,1.0000]  (308.648s / 1046.880s)
  cell_acc=90.16%, puzzle_acc=75.34%
  eval_avg_halt_step: 5.75
  per_H_acc: ['H0=47.9%', 'H1=61.1%', 'H2=65.4%', 'H3=68.7%', 'H4=70.7%', 'H5=72.1%']
  H_cos: ['0.785', '0.984', '0.984', '0.984', '0.988']
  z_H_delta: ['18.625', '7.312', '6.125', '5.656', '5.062']
  cells: fixed=[11001, 6184, 4933, 3908, 3420] broken=[2776, 3504, 2893, 2691, 2522]
  per_ACT_cell_acc: ['H1=47.9%', 'H2=61.1%', 'H3=65.4%', 'H4=68.7%', 'H5=70.7%', 'H6=72.1%', 'H7=73.2%', 'H8=74.3%', 'H9=75.2%', 'H10=75.6%', 'H11=76.3%', 'H12=77.1%', 'H13=77.4%', 'H14=77.7%', 'H15=78.2%', 'H16=78.7%']
  per_ACT_puzzle_acc: ['H1=0.0%', 'H2=1.6%', 'H3=3.6%', 'H4=9.2%', 'H5=15.8%', 'H6=20.7%', 'H7=24.6%', 'H8=28.4%', 'H9=31.0%', 'H10=33.5%', 'H11=35.8%', 'H12=37.5%', 'H13=39.7%', 'H14=41.4%', 'H15=42.4%', 'H16=43.1%']
  mean_sigmoid_q_halt: ['0.001', '0.013', '0.041', '0.122', '0.198', '0.258', '0.299', '0.338', '0.365', '0.391', '0.414', '0.428', '0.453', '0.471', '0.482', '0.490']
  halt_rates: ['0.00', '0.01', '0.04', '0.12', '0.20', '0.26', '0.30', '0.34', '0.36', '0.39', '0.42', '0.43', '0.46', '0.47', '0.49', '0.49']
  halt_histogram %: [25.3, 20.4, 12.3, 11.2, 8.7, 6.6, 4.5, 3.2, 2.2, 1.5, 1.1, 0.7, 0.5, 0.4, 0.2, 1.1]
  Avg ACT steps (last 100): 2.75
  saved: /home/jvdillon/projects/sic/code/sudoku/ckpts/x182/step08000.pt acc=90.16% (0.034s)
  saved: /home/jvdillon/projects/sic/code/sudoku/ckpts/x182/best.pt acc=90.16% (0.081s)
Step  8000  Test 90.16% / 75.34%  Train lm=1.3594±0.0309ϵ[1.2422,1.5312] n_active=768.0001±0.0000ϵ[768.0000,768.0000] n_expunged=7.0395±4.1776ϵ[0.0000,41.0000] n_halted=67.0390±9.8137ϵ[39.0000,103.0000] pool_util=1.0000±0.0000ϵ[1.0000,1.0000]  (308.631s / 1046.070s)
  cell_acc=93.17%, puzzle_acc=82.77%
  eval_avg_halt_step: 4.70
  per_H_acc: ['H0=48.6%', 'H1=62.4%', 'H2=66.4%', 'H3=69.7%', 'H4=72.4%', 'H5=73.8%']
  H_cos: ['0.816', '0.984', '0.984', '0.984', '0.988']
  z_H_delta: ['18.500', '7.719', '6.375', '6.000', '5.562']
  cells: fixed=[11528, 6139, 5064, 4618, 3666] broken=[2950, 3664, 2988, 2926, 2839]
  per_ACT_cell_acc: ['H1=48.6%', 'H2=62.4%', 'H3=66.4%', 'H4=69.7%', 'H5=72.4%', 'H6=73.8%', 'H7=75.1%', 'H8=76.4%', 'H9=77.8%', 'H10=78.6%', 'H11=79.1%', 'H12=80.1%', 'H13=80.9%', 'H14=81.5%', 'H15=81.9%', 'H16=82.0%']
  per_ACT_puzzle_acc: ['H1=0.0%', 'H2=2.2%', 'H3=5.5%', 'H4=11.8%', 'H5=18.6%', 'H6=24.7%', 'H7=30.9%', 'H8=34.0%', 'H9=38.4%', 'H10=41.5%', 'H11=43.2%', 'H12=45.7%', 'H13=47.4%', 'H14=49.6%', 'H15=51.3%', 'H16=52.2%']
  mean_sigmoid_q_halt: ['0.003', '0.016', '0.063', '0.136', '0.208', '0.273', '0.332', '0.373', '0.418', '0.449', '0.471', '0.492', '0.512', '0.535', '0.551', '0.566']
  halt_rates: ['0.00', '0.02', '0.06', '0.13', '0.21', '0.27', '0.33', '0.37', '0.42', '0.45', '0.47', '0.49', '0.51', '0.54', '0.55', '0.56']
  halt_histogram %: [32.2, 21.9, 11.5, 9.4, 7.1, 5.3, 3.6, 2.6, 1.8, 1.3, 0.9, 0.6, 0.4, 0.3, 0.2, 0.9]
  Avg ACT steps (last 100): 2.31
  saved: /home/jvdillon/projects/sic/code/sudoku/ckpts/x182/step10000.pt acc=93.17% (0.034s)
  saved: /home/jvdillon/projects/sic/code/sudoku/ckpts/x182/best.pt acc=93.17% (0.080s)
Step 10000  Test 93.17% / 82.77%  Train lm=1.3281±0.0405ϵ[1.1562,1.5234] n_active=768.0001±0.0000ϵ[768.0000,768.0000] n_expunged=5.9335±2.6815ϵ[0.0000,22.0000] n_halted=83.6345±10.6169ϵ[53.0000,129.0000] pool_util=1.0000±0.0000ϵ[1.0000,1.0000]  (308.656s / 1046.030s)
  cell_acc=94.86%, puzzle_acc=87.27%
  eval_avg_halt_step: 4.01
  per_H_acc: ['H0=50.0%', 'H1=62.9%', 'H2=67.9%', 'H3=72.0%', 'H4=74.8%', 'H5=76.3%']
  H_cos: ['0.848', '0.984', '0.984', '0.984', '0.988']
  z_H_delta: ['17.750', '7.719', '6.812', '6.312', '5.625']
  cells: fixed=[10918, 6339, 5558, 4434, 3604] broken=[2873, 3239, 3021, 2722, 2643]
  per_ACT_cell_acc: ['H1=50.0%', 'H2=62.9%', 'H3=67.9%', 'H4=72.0%', 'H5=74.8%', 'H6=76.3%', 'H7=77.4%', 'H8=78.4%', 'H9=79.2%', 'H10=80.2%', 'H11=80.9%', 'H12=81.6%', 'H13=81.9%', 'H14=82.5%', 'H15=83.0%', 'H16=83.4%']
  per_ACT_puzzle_acc: ['H1=0.0%', 'H2=2.3%', 'H3=6.8%', 'H4=15.9%', 'H5=24.5%', 'H6=31.8%', 'H7=36.1%', 'H8=41.1%', 'H9=43.4%', 'H10=46.9%', 'H11=48.3%', 'H12=50.5%', 'H13=52.1%', 'H14=53.8%', 'H15=55.2%', 'H16=56.2%']
  mean_sigmoid_q_halt: ['0.006', '0.026', '0.075', '0.181', '0.275', '0.350', '0.396', '0.445', '0.473', '0.504', '0.523', '0.543', '0.562', '0.582', '0.594', '0.609']
  halt_rates: ['0.00', '0.02', '0.07', '0.17', '0.27', '0.35', '0.40', '0.45', '0.47', '0.50', '0.52', '0.54', '0.56', '0.58', '0.60', '0.61']
  halt_histogram %: [38.6, 22.4, 10.6, 7.9, 5.8, 4.3, 3.0, 2.1, 1.5, 1.0, 0.7, 0.5, 0.3, 0.3, 0.2, 0.7]
  Avg ACT steps (last 100): 2.11
  saved: /home/jvdillon/projects/sic/code/sudoku/ckpts/x182/step12000.pt acc=94.86% (0.035s)
  saved: /home/jvdillon/projects/sic/code/sudoku/ckpts/x182/best.pt acc=94.86% (0.082s)
Step 12000  Test 94.86% / 87.27%  Train lm=1.2969±0.0598ϵ[1.1172,2.0469] n_active=768.0001±0.0000ϵ[768.0000,768.0000] n_expunged=6.2750±3.0713ϵ[0.0000,50.0000] n_halted=97.7205±10.8366ϵ[48.0000,136.0000] pool_util=1.0000±0.0000ϵ[1.0000,1.0000]  (309.078s / 1045.960s)
  cell_acc=96.23%, puzzle_acc=90.57%
  eval_avg_halt_step: 3.62
  per_H_acc: ['H0=52.0%', 'H1=64.3%', 'H2=70.0%', 'H3=73.9%', 'H4=77.1%', 'H5=79.3%']
  H_cos: ['0.859', '0.980', '0.984', '0.984', '0.988']
  z_H_delta: ['17.250', '7.969', '6.906', '6.188', '5.469']
  cells: fixed=[10753, 6566, 5216, 4370, 3623] broken=[3128, 3002, 2767, 2414, 2237]
  per_ACT_cell_acc: ['H1=52.0%', 'H2=64.3%', 'H3=70.0%', 'H4=73.9%', 'H5=77.1%', 'H6=79.3%', 'H7=80.7%', 'H8=81.9%', 'H9=82.9%', 'H10=83.7%', 'H11=84.3%', 'H12=84.9%', 'H13=85.5%', 'H14=86.1%', 'H15=86.5%', 'H16=87.0%']
  per_ACT_puzzle_acc: ['H1=0.4%', 'H2=3.3%', 'H3=11.1%', 'H4=21.7%', 'H5=31.5%', 'H6=39.5%', 'H7=44.3%', 'H8=49.7%', 'H9=52.0%', 'H10=55.5%', 'H11=57.4%', 'H12=58.6%', 'H13=60.9%', 'H14=62.9%', 'H15=64.1%', 'H16=65.2%']
  mean_sigmoid_q_halt: ['0.005', '0.025', '0.112', '0.219', '0.318', '0.402', '0.455', '0.508', '0.535', '0.570', '0.590', '0.602', '0.625', '0.645', '0.656', '0.668']
  halt_rates: ['0.00', '0.02', '0.11', '0.22', '0.32', '0.40', '0.45', '0.51', '0.54', '0.57', '0.59', '0.60', '0.62', '0.64', '0.66', '0.67']
  halt_histogram %: [43.7, 22.5, 9.8, 6.8, 4.9, 3.6, 2.5, 1.8, 1.2, 0.9, 0.6, 0.4, 0.3, 0.2, 0.1, 0.6]
  Avg ACT steps (last 100): 1.80
  saved: /home/jvdillon/projects/sic/code/sudoku/ckpts/x182/step14000.pt acc=96.23% (0.034s)
  saved: /home/jvdillon/projects/sic/code/sudoku/ckpts/x182/best.pt acc=96.23% (0.080s)
Step 14000  Test 96.23% / 90.57%  Train lm=1.2578±0.0432ϵ[1.1016,1.6250] n_active=768.0001±0.0000ϵ[768.0000,768.0000] n_expunged=6.9985±2.7561ϵ[0.0000,18.0000] n_halted=107.5725±9.7843ϵ[82.0000,142.0000] pool_util=1.0000±0.0000ϵ[1.0000,1.0000]  (309.313s / 1048.351s)
  cell_acc=97.48%, puzzle_acc=93.84%
  eval_avg_halt_step: 3.19
  per_H_acc: ['H0=58.3%', 'H1=67.7%', 'H2=72.2%', 'H3=76.0%', 'H4=78.3%', 'H5=80.4%']
  H_cos: ['0.941', '0.980', '0.984', '0.984', '0.988']
  z_H_delta: ['14.688', '7.594', '7.031', '6.344', '5.406']
  cells: fixed=[9708, 5615, 5039, 4312, 3662] broken=[3851, 2859, 2692, 2847, 2376]
  per_ACT_cell_acc: ['H1=58.3%', 'H2=67.7%', 'H3=72.2%', 'H4=76.0%', 'H5=78.3%', 'H6=80.4%', 'H7=82.1%', 'H8=83.1%', 'H9=83.3%', 'H10=84.4%', 'H11=85.1%', 'H12=86.1%', 'H13=87.0%', 'H14=87.5%', 'H15=87.5%', 'H16=88.0%']
  per_ACT_puzzle_acc: ['H1=1.7%', 'H2=4.8%', 'H3=16.7%', 'H4=26.7%', 'H5=35.3%', 'H6=42.3%', 'H7=48.6%', 'H8=52.1%', 'H9=55.2%', 'H10=58.1%', 'H11=60.4%', 'H12=62.1%', 'H13=64.1%', 'H14=66.4%', 'H15=67.8%', 'H16=68.4%']
  mean_sigmoid_q_halt: ['0.019', '0.044', '0.175', '0.270', '0.359', '0.430', '0.492', '0.531', '0.551', '0.582', '0.609', '0.621', '0.645', '0.668', '0.684', '0.688']
  halt_rates: ['0.02', '0.04', '0.16', '0.26', '0.35', '0.43', '0.49', '0.53', '0.55', '0.58', '0.61', '0.62', '0.65', '0.67', '0.68', '0.69']
  halt_histogram %: [48.2, 22.1, 9.1, 6.0, 4.3, 3.1, 2.1, 1.5, 1.0, 0.7, 0.5, 0.3, 0.2, 0.2, 0.1, 0.5]
  Avg ACT steps (last 100): 1.58
  saved: /home/jvdillon/projects/sic/code/sudoku/ckpts/x182/step16000.pt acc=97.48% (0.034s)
  saved: /home/jvdillon/projects/sic/code/sudoku/ckpts/x182/best.pt acc=97.48% (0.082s)
Step 16000  Test 97.48% / 93.84%  Train lm=1.2344±0.0535ϵ[1.0938,1.6719] n_active=768.0001±0.0000ϵ[768.0000,768.0000] n_expunged=7.6375±2.9812ϵ[0.0000,21.0000] n_halted=117.1270±9.3440ϵ[83.0000,147.0000] pool_util=1.0000±0.0000ϵ[1.0000,1.0000]  (309.158s / 1048.185s)
  cell_acc=97.62%, puzzle_acc=94.19%
  eval_avg_halt_step: 2.97
  per_H_acc: ['H0=58.0%', 'H1=67.5%', 'H2=72.5%', 'H3=76.8%', 'H4=79.1%', 'H5=81.0%']
  H_cos: ['0.918', '0.980', '0.980', '0.984', '0.988']
  z_H_delta: ['15.938', '7.750', '7.188', '5.938', '5.000']
  cells: fixed=[9562, 5793, 5375, 4003, 3567] broken=[3647, 2727, 2670, 2573, 2419]
  per_ACT_cell_acc: ['H1=58.0%', 'H2=67.5%', 'H3=72.5%', 'H4=76.8%', 'H5=79.1%', 'H6=81.0%', 'H7=82.5%', 'H8=84.0%', 'H9=85.0%', 'H10=85.9%', 'H11=86.8%', 'H12=87.6%', 'H13=87.8%', 'H14=88.2%', 'H15=88.8%', 'H16=89.2%']
  per_ACT_puzzle_acc: ['H1=1.3%', 'H2=5.3%', 'H3=17.2%', 'H4=30.1%', 'H5=38.5%', 'H6=44.9%', 'H7=50.0%', 'H8=55.9%', 'H9=59.6%', 'H10=62.2%', 'H11=64.3%', 'H12=66.1%', 'H13=67.1%', 'H14=68.5%', 'H15=70.1%', 'H16=71.4%']
  mean_sigmoid_q_halt: ['0.011', '0.047', '0.185', '0.314', '0.404', '0.465', '0.516', '0.574', '0.617', '0.645', '0.660', '0.680', '0.688', '0.703', '0.719', '0.734']
  halt_rates: ['0.01', '0.04', '0.17', '0.31', '0.40', '0.46', '0.51', '0.58', '0.62', '0.64', '0.66', '0.68', '0.69', '0.70', '0.72', '0.73']
  halt_histogram %: [51.9, 21.8, 8.4, 5.3, 3.7, 2.7, 1.8, 1.3, 0.9, 0.6, 0.4, 0.3, 0.2, 0.2, 0.1, 0.4]
  Avg ACT steps (last 100): 1.45
  saved: /home/jvdillon/projects/sic/code/sudoku/ckpts/x182/step18000.pt acc=97.62% (0.035s)
  saved: /home/jvdillon/projects/sic/code/sudoku/ckpts/x182/best.pt acc=97.62% (0.081s)
Step 18000  Test 97.62% / 94.19%  Train lm=1.2109±0.0483ϵ[1.0547,1.5391] n_active=768.0001±0.0000ϵ[768.0000,768.0000] n_expunged=8.1760±3.1388ϵ[0.0000,21.0000] n_halted=124.4470±9.0113ϵ[99.0000,152.0000] pool_util=1.0000±0.0000ϵ[1.0000,1.0000]  (309.050s / 1048.181s)
  cell_acc=98.12%, puzzle_acc=95.37%
  eval_avg_halt_step: 2.77
  per_H_acc: ['H0=60.1%', 'H1=68.0%', 'H2=72.4%', 'H3=76.6%', 'H4=79.7%', 'H5=81.3%']
  H_cos: ['0.949', '0.980', '0.980', '0.984', '0.988']
  z_H_delta: ['14.625', '7.781', '7.156', '6.344', '5.406']
  cells: fixed=[9063, 5777, 5455, 4575, 3479] broken=[4168, 3023, 2857, 2606, 2510]
  per_ACT_cell_acc: ['H1=60.1%', 'H2=68.0%', 'H3=72.4%', 'H4=76.6%', 'H5=79.7%', 'H6=81.3%', 'H7=82.9%', 'H8=84.4%', 'H9=85.4%', 'H10=85.9%', 'H11=86.6%', 'H12=87.5%', 'H13=88.1%', 'H14=88.7%', 'H15=89.0%', 'H16=89.4%']
  per_ACT_puzzle_acc: ['H1=1.0%', 'H2=7.0%', 'H3=18.5%', 'H4=29.9%', 'H5=39.6%', 'H6=47.3%', 'H7=52.9%', 'H8=57.3%', 'H9=60.4%', 'H10=62.1%', 'H11=64.5%', 'H12=66.3%', 'H13=67.8%', 'H14=70.2%', 'H15=71.6%', 'H16=72.8%']
  mean_sigmoid_q_halt: ['0.007', '0.066', '0.204', '0.307', '0.400', '0.484', '0.535', '0.578', '0.613', '0.629', '0.652', '0.672', '0.688', '0.707', '0.723', '0.734']
  halt_rates: ['0.00', '0.06', '0.19', '0.30', '0.39', '0.48', '0.54', '0.58', '0.61', '0.63', '0.65', '0.67', '0.69', '0.71', '0.72', '0.74']
  halt_histogram %: [55.1, 21.4, 7.8, 4.8, 3.3, 2.3, 1.6, 1.1, 0.8, 0.5, 0.4, 0.3, 0.2, 0.1, 0.1, 0.4]
  Avg ACT steps (last 100): 1.41
  saved: /home/jvdillon/projects/sic/code/sudoku/ckpts/x182/step20000.pt acc=98.12% (0.035s)
  saved: /home/jvdillon/projects/sic/code/sudoku/ckpts/x182/best.pt acc=98.12% (0.084s)
Step 20000  Test 98.12% / 95.37%  Train lm=1.1797±0.0454ϵ[1.0391,1.6484] n_active=768.0001±0.0000ϵ[768.0000,768.0000] n_expunged=9.1845±3.3965ϵ[0.0000,22.0000] n_halted=132.2915±8.3164ϵ[102.0000,164.0000] pool_util=1.0000±0.0000ϵ[1.0000,1.0000]  (308.958s / 1047.847s)
  cell_acc=98.46%, puzzle_acc=96.25%
  eval_avg_halt_step: 2.61
  per_H_acc: ['H0=61.1%', 'H1=68.5%', 'H2=73.3%', 'H3=76.9%', 'H4=79.9%', 'H5=81.9%']
  H_cos: ['0.953', '0.980', '0.984', '0.984', '0.988']
  z_H_delta: ['14.188', '7.688', '6.875', '5.938', '5.219']
  cells: fixed=[8944, 5986, 5167, 4452, 3853] broken=[4322, 3019, 2912, 2635, 2560]
  per_ACT_cell_acc: ['H1=61.1%', 'H2=68.5%', 'H3=73.3%', 'H4=76.9%', 'H5=79.9%', 'H6=81.9%', 'H7=83.4%', 'H8=84.7%', 'H9=85.6%', 'H10=86.7%', 'H11=87.6%', 'H12=88.3%', 'H13=89.3%', 'H14=89.9%', 'H15=90.2%', 'H16=90.5%']
  per_ACT_puzzle_acc: ['H1=1.8%', 'H2=8.7%', 'H3=21.7%', 'H4=32.3%', 'H5=40.6%', 'H6=48.3%', 'H7=53.5%', 'H8=57.7%', 'H9=60.5%', 'H10=62.9%', 'H11=66.0%', 'H12=67.6%', 'H13=70.2%', 'H14=72.4%', 'H15=73.8%', 'H16=75.0%']
  mean_sigmoid_q_halt: ['0.004', '0.074', '0.232', '0.332', '0.414', '0.494', '0.539', '0.586', '0.613', '0.629', '0.664', '0.684', '0.703', '0.727', '0.742', '0.754']
  halt_rates: ['0.00', '0.07', '0.22', '0.33', '0.41', '0.49', '0.54', '0.58', '0.61', '0.63', '0.66', '0.68', '0.70', '0.73', '0.74', '0.75']
  halt_histogram %: [57.9, 20.8, 7.3, 4.3, 2.9, 2.1, 1.4, 1.0, 0.7, 0.5, 0.3, 0.2, 0.2, 0.1, 0.1, 0.3]
  Avg ACT steps (last 100): 1.30
  saved: /home/jvdillon/projects/sic/code/sudoku/ckpts/x182/step22000.pt acc=98.46% (0.034s)
  saved: /home/jvdillon/projects/sic/code/sudoku/ckpts/x182/best.pt acc=98.46% (0.081s)
Step 22000  Test 98.46% / 96.25%  Train lm=1.1484±0.0405ϵ[1.0156,1.4062] n_active=768.0001±0.0000ϵ[768.0000,768.0000] n_expunged=9.8530±3.5183ϵ[1.0000,22.0000] n_halted=138.8655±7.6648ϵ[112.0000,165.0000] pool_util=1.0000±0.0000ϵ[1.0000,1.0000]  (309.028s / 1047.693s)
  cell_acc=98.67%, puzzle_acc=96.78%
  eval_avg_halt_step: 2.48
  per_H_acc: ['H0=61.3%', 'H1=69.1%', 'H2=73.9%', 'H3=78.4%', 'H4=81.3%', 'H5=83.3%']
  H_cos: ['0.953', '0.980', '0.980', '0.984', '0.984']
  z_H_delta: ['14.562', '7.938', '7.188', '6.219', '5.312']
  cells: fixed=[9029, 5747, 5572, 4448, 3479] broken=[4158, 2781, 2757, 2613, 2235]
  per_ACT_cell_acc: ['H1=61.3%', 'H2=69.1%', 'H3=73.9%', 'H4=78.4%', 'H5=81.3%', 'H6=83.3%', 'H7=84.9%', 'H8=86.0%', 'H9=87.1%', 'H10=88.3%', 'H11=89.4%', 'H12=89.8%', 'H13=90.2%', 'H14=90.6%', 'H15=91.3%', 'H16=91.5%']
  per_ACT_puzzle_acc: ['H1=2.0%', 'H2=9.1%', 'H3=23.2%', 'H4=34.6%', 'H5=43.0%', 'H6=51.3%', 'H7=56.5%', 'H8=60.8%', 'H9=64.3%', 'H10=67.3%', 'H11=70.8%', 'H12=73.0%', 'H13=74.2%', 'H14=75.4%', 'H15=77.0%', 'H16=77.6%']
  mean_sigmoid_q_halt: ['0.009', '0.083', '0.248', '0.359', '0.443', '0.523', '0.570', '0.621', '0.648', '0.680', '0.715', '0.734', '0.746', '0.758', '0.773', '0.777']
  halt_rates: ['0.00', '0.07', '0.24', '0.35', '0.44', '0.52', '0.57', '0.62', '0.65', '0.68', '0.71', '0.74', '0.74', '0.76', '0.77', '0.78']
  halt_histogram %: [60.4, 20.3, 6.8, 3.9, 2.6, 1.8, 1.2, 0.9, 0.6, 0.4, 0.3, 0.2, 0.1, 0.1, 0.1, 0.3]
  Avg ACT steps (last 100): 1.31
  saved: /home/jvdillon/projects/sic/code/sudoku/ckpts/x182/step24000.pt acc=98.67% (0.035s)
  saved: /home/jvdillon/projects/sic/code/sudoku/ckpts/x182/best.pt acc=98.67% (0.083s)
Step 24000  Test 98.67% / 96.78%  Train lm=1.1328±0.0461ϵ[0.9805,1.4531] n_active=768.0001±0.0000ϵ[768.0000,768.0000] n_expunged=10.5280±3.8337ϵ[0.0000,23.0000] n_halted=144.4285±7.5579ϵ[119.0000,171.0000] pool_util=1.0000±0.0000ϵ[1.0000,1.0000]  (308.925s / 1047.658s)
  cell_acc=98.78%, puzzle_acc=97.04%
  eval_avg_halt_step: 2.39
  per_H_acc: ['H0=61.2%', 'H1=69.2%', 'H2=74.7%', 'H3=79.0%', 'H4=81.6%', 'H5=83.5%']
  H_cos: ['0.953', '0.977', '0.980', '0.984', '0.988']
  z_H_delta: ['14.812', '8.250', '7.406', '6.062', '5.125']
  cells: fixed=[9272, 6301, 5454, 4315, 3488] broken=[4287, 2889, 2785, 2658, 2328]
  per_ACT_cell_acc: ['H1=61.2%', 'H2=69.2%', 'H3=74.7%', 'H4=79.0%', 'H5=81.6%', 'H6=83.5%', 'H7=85.1%', 'H8=86.2%', 'H9=87.5%', 'H10=88.3%', 'H11=88.9%', 'H12=89.6%', 'H13=90.4%', 'H14=91.1%', 'H15=91.4%', 'H16=91.7%']
  per_ACT_puzzle_acc: ['H1=2.0%', 'H2=8.5%', 'H3=23.6%', 'H4=36.8%', 'H5=45.4%', 'H6=52.3%', 'H7=57.9%', 'H8=61.5%', 'H9=64.7%', 'H10=67.7%', 'H11=70.2%', 'H12=72.9%', 'H13=74.6%', 'H14=75.8%', 'H15=77.0%', 'H16=78.3%']
  mean_sigmoid_q_halt: ['0.008', '0.076', '0.254', '0.371', '0.467', '0.535', '0.586', '0.617', '0.652', '0.684', '0.703', '0.730', '0.750', '0.762', '0.773', '0.785']
  halt_rates: ['0.01', '0.07', '0.24', '0.37', '0.46', '0.53', '0.58', '0.61', '0.65', '0.68', '0.70', '0.73', '0.75', '0.77', '0.78', '0.79']
  halt_histogram %: [62.6, 19.8, 6.4, 3.5, 2.3, 1.6, 1.1, 0.8, 0.5, 0.4, 0.3, 0.2, 0.1, 0.1, 0.1, 0.2]
  Avg ACT steps (last 100): 1.17
  saved: /home/jvdillon/projects/sic/code/sudoku/ckpts/x182/step26000.pt acc=98.78% (0.036s)
  saved: /home/jvdillon/projects/sic/code/sudoku/ckpts/x182/best.pt acc=98.78% (0.084s)
Step 26000  Test 98.78% / 97.04%  Train lm=1.1094±0.0430ϵ[0.9766,1.3906] n_active=768.0001±0.0000ϵ[768.0000,768.0000] n_expunged=10.8375±3.9383ϵ[0.0000,22.0000] n_halted=148.3060±7.3793ϵ[125.0000,175.0000] pool_util=1.0000±0.0000ϵ[1.0000,1.0000]  (308.847s / 1047.438s)
  cell_acc=98.89%, puzzle_acc=97.34%
  eval_avg_halt_step: 2.31
  per_H_acc: ['H0=62.0%', 'H1=70.2%', 'H2=75.5%', 'H3=79.3%', 'H4=81.9%', 'H5=84.3%']
  H_cos: ['0.957', '0.977', '0.980', '0.984', '0.988']
  z_H_delta: ['14.500', '8.375', '7.250', '5.875', '4.875']
  cells: fixed=[9277, 6032, 5020, 4134, 3441] broken=[4181, 2731, 2700, 2498, 1965]
  per_ACT_cell_acc: ['H1=62.0%', 'H2=70.2%', 'H3=75.5%', 'H4=79.3%', 'H5=81.9%', 'H6=84.3%', 'H7=85.9%', 'H8=87.5%', 'H9=88.2%', 'H10=89.1%', 'H11=89.7%', 'H12=90.1%', 'H13=90.6%', 'H14=91.4%', 'H15=91.8%', 'H16=92.3%']
  per_ACT_puzzle_acc: ['H1=2.0%', 'H2=9.5%', 'H3=27.0%', 'H4=38.8%', 'H5=48.2%', 'H6=55.7%', 'H7=59.2%', 'H8=65.2%', 'H9=67.8%', 'H10=69.9%', 'H11=71.9%', 'H12=73.3%', 'H13=74.7%', 'H14=76.3%', 'H15=77.7%', 'H16=79.4%']
  mean_sigmoid_q_halt: ['0.009', '0.089', '0.299', '0.398', '0.490', '0.562', '0.602', '0.652', '0.684', '0.703', '0.727', '0.742', '0.754', '0.766', '0.785', '0.801']
  halt_rates: ['0.00', '0.08', '0.29', '0.39', '0.49', '0.56', '0.60', '0.65', '0.68', '0.71', '0.72', '0.74', '0.75', '0.77', '0.79', '0.80']
  halt_histogram %: [64.5, 19.3, 6.0, 3.2, 2.1, 1.5, 1.0, 0.7, 0.5, 0.3, 0.2, 0.2, 0.1, 0.1, 0.1, 0.2]
  Avg ACT steps (last 100): 1.34
  saved: /home/jvdillon/projects/sic/code/sudoku/ckpts/x182/step28000.pt acc=98.89% (0.035s)
  saved: /home/jvdillon/projects/sic/code/sudoku/ckpts/x182/best.pt acc=98.89% (0.085s)
Step 28000  Test 98.89% / 97.34%  Train lm=1.0938±0.0383ϵ[0.9883,1.3828] n_active=768.0001±0.0000ϵ[768.0000,768.0000] n_expunged=11.3630±4.0158ϵ[1.0000,28.0000] n_halted=151.5330±6.7029ϵ[129.0000,172.0000] pool_util=1.0000±0.0000ϵ[1.0000,1.0000]  (308.785s / 1047.728s)
  cell_acc=98.94%, puzzle_acc=97.46%
  eval_avg_halt_step: 2.25
  per_H_acc: ['H0=62.5%', 'H1=69.9%', 'H2=74.9%', 'H3=78.6%', 'H4=81.3%', 'H5=83.3%']
  H_cos: ['0.957', '0.977', '0.980', '0.984', '0.988']
  z_H_delta: ['14.438', '8.188', '7.094', '6.031', '4.969']
  cells: fixed=[8796, 5775, 5110, 4240, 3415] broken=[4176, 2675, 2795, 2550, 2183]
  per_ACT_cell_acc: ['H1=62.5%', 'H2=69.9%', 'H3=74.9%', 'H4=78.6%', 'H5=81.3%', 'H6=83.3%', 'H7=85.1%', 'H8=86.3%', 'H9=87.8%', 'H10=88.6%', 'H11=89.4%', 'H12=90.2%', 'H13=90.6%', 'H14=91.3%', 'H15=91.7%', 'H16=92.1%']
  per_ACT_puzzle_acc: ['H1=2.2%', 'H2=10.4%', 'H3=25.9%', 'H4=37.0%', 'H5=46.0%', 'H6=54.0%', 'H7=59.1%', 'H8=62.9%', 'H9=66.9%', 'H10=69.4%', 'H11=71.7%', 'H12=74.1%', 'H13=75.4%', 'H14=77.7%', 'H15=78.4%', 'H16=79.4%']
  mean_sigmoid_q_halt: ['0.008', '0.098', '0.279', '0.387', '0.475', '0.547', '0.598', '0.637', '0.672', '0.703', '0.723', '0.746', '0.762', '0.781', '0.793', '0.801']
  halt_rates: ['0.00', '0.09', '0.26', '0.38', '0.47', '0.54', '0.59', '0.63', '0.67', '0.70', '0.72', '0.75', '0.76', '0.78', '0.79', '0.80']
  halt_histogram %: [66.1, 18.9, 5.7, 3.0, 1.9, 1.3, 0.9, 0.6, 0.4, 0.3, 0.2, 0.1, 0.1, 0.1, 0.1, 0.2]
  Avg ACT steps (last 100): 1.25
  saved: /home/jvdillon/projects/sic/code/sudoku/ckpts/x182/step30000.pt acc=98.94% (0.036s)
  saved: /home/jvdillon/projects/sic/code/sudoku/ckpts/x182/best.pt acc=98.94% (0.083s)
Step 30000  Test 98.94% / 97.46%  Train lm=1.0859±0.0327ϵ[0.9766,1.2734] n_active=768.0001±0.0000ϵ[768.0000,768.0000] n_expunged=11.6595±3.9092ϵ[1.0000,24.0000] n_halted=153.5150±6.2207ϵ[130.0000,174.0000] pool_util=1.0000±0.0000ϵ[1.0000,1.0000]  (308.701s / 1047.398s)
  cell_acc=98.99%, puzzle_acc=97.57%
  eval_avg_halt_step: 2.24
  per_H_acc: ['H0=62.5%', 'H1=70.0%', 'H2=74.7%', 'H3=78.8%', 'H4=82.1%', 'H5=85.0%']
  H_cos: ['0.957', '0.977', '0.980', '0.984', '0.984']
  z_H_delta: ['14.375', '8.188', '7.219', '6.031', '5.219']
  cells: fixed=[8866, 5708, 5146, 4490, 3750] broken=[4160, 2764, 2638, 2439, 1909]
  per_ACT_cell_acc: ['H1=62.5%', 'H2=70.0%', 'H3=74.7%', 'H4=78.8%', 'H5=82.1%', 'H6=85.0%', 'H7=86.5%', 'H8=87.5%', 'H9=88.6%', 'H10=89.2%', 'H11=89.9%', 'H12=90.9%', 'H13=91.5%', 'H14=92.1%', 'H15=92.3%', 'H16=92.5%']
  per_ACT_puzzle_acc: ['H1=2.3%', 'H2=10.7%', 'H3=25.9%', 'H4=37.1%', 'H5=46.5%', 'H6=55.1%', 'H7=62.1%', 'H8=66.0%', 'H9=69.4%', 'H10=71.2%', 'H11=72.7%', 'H12=75.3%', 'H13=76.7%', 'H14=78.8%', 'H15=80.6%', 'H16=81.1%']
  mean_sigmoid_q_halt: ['0.009', '0.098', '0.287', '0.385', '0.479', '0.562', '0.625', '0.668', '0.691', '0.723', '0.734', '0.754', '0.770', '0.789', '0.805', '0.812']
  halt_rates: ['0.00', '0.09', '0.27', '0.38', '0.47', '0.55', '0.62', '0.66', '0.69', '0.72', '0.73', '0.76', '0.77', '0.79', '0.81', '0.81']
  halt_histogram %: [67.5, 18.5, 5.4, 2.8, 1.8, 1.2, 0.8, 0.6, 0.4, 0.3, 0.2, 0.1, 0.1, 0.1, 0.0, 0.2]
  Avg ACT steps (last 100): 1.27
  saved: /home/jvdillon/projects/sic/code/sudoku/ckpts/x182/step32000.pt acc=98.99% (0.035s)
  saved: /home/jvdillon/projects/sic/code/sudoku/ckpts/x182/best.pt acc=98.99% (0.083s)
Step 32000  Test 98.99% / 97.57%  Train lm=1.0781±0.0322ϵ[0.9766,1.1484] n_active=768.0001±0.0000ϵ[768.0000,768.0000] n_expunged=11.9935±4.0016ϵ[0.0000,29.0000] n_halted=154.1430±6.1926ϵ[134.0000,175.0000] pool_util=1.0000±0.0000ϵ[1.0000,1.0000]  (308.704s / 1047.208s)
  cell_acc=98.96%, puzzle_acc=97.51%
  eval_avg_halt_step: 2.24
  per_H_acc: ['H0=62.5%', 'H1=70.1%', 'H2=75.0%', 'H3=79.0%', 'H4=81.7%', 'H5=84.1%']
  H_cos: ['0.957', '0.977', '0.980', '0.984', '0.988']
  z_H_delta: ['14.375', '8.188', '7.250', '5.906', '5.094']
  cells: fixed=[8878, 5810, 5164, 4181, 3566] broken=[4150, 2745, 2678, 2533, 2021]
  per_ACT_cell_acc: ['H1=62.5%', 'H2=70.1%', 'H3=75.0%', 'H4=79.0%', 'H5=81.7%', 'H6=84.1%', 'H7=85.3%', 'H8=86.6%', 'H9=87.7%', 'H10=88.8%', 'H11=89.8%', 'H12=90.1%', 'H13=90.8%', 'H14=91.4%', 'H15=91.9%', 'H16=92.3%']
  per_ACT_puzzle_acc: ['H1=2.1%', 'H2=10.5%', 'H3=25.8%', 'H4=37.6%', 'H5=46.7%', 'H6=54.8%', 'H7=60.2%', 'H8=62.9%', 'H9=66.8%', 'H10=69.4%', 'H11=72.3%', 'H12=74.1%', 'H13=75.8%', 'H14=77.2%', 'H15=78.5%', 'H16=79.4%']
  mean_sigmoid_q_halt: ['0.008', '0.098', '0.283', '0.391', '0.484', '0.551', '0.609', '0.637', '0.680', '0.699', '0.727', '0.746', '0.766', '0.777', '0.789', '0.797']
  halt_rates: ['0.00', '0.09', '0.27', '0.39', '0.48', '0.55', '0.61', '0.64', '0.68', '0.70', '0.72', '0.74', '0.76', '0.78', '0.79', '0.80']
  halt_histogram %: [68.6, 18.2, 5.1, 2.6, 1.7, 1.1, 0.8, 0.5, 0.4, 0.3, 0.2, 0.1, 0.1, 0.1, 0.0, 0.2]
  Avg ACT steps (last 100): 1.18
  saved: /home/jvdillon/projects/sic/code/sudoku/ckpts/x182/step34000.pt acc=98.96% (0.034s)
Step 34000  Test 98.96% / 97.51%  Train lm=1.0781±0.0311ϵ[0.9922,1.1484] n_active=768.0001±0.0000ϵ[768.0000,768.0000] n_expunged=12.0265±4.0076ϵ[1.0000,26.0000] n_halted=154.4360±6.0276ϵ[129.0000,174.0000] pool_util=1.0000±0.0000ϵ[1.0000,1.0000]  (308.682s / 1047.306s)
  cell_acc=98.93%, puzzle_acc=97.46%
  eval_avg_halt_step: 2.25
  per_H_acc: ['H0=62.5%', 'H1=70.1%', 'H2=75.2%', 'H3=79.1%', 'H4=82.4%', 'H5=84.9%']
  H_cos: ['0.957', '0.977', '0.980', '0.984', '0.988']
  z_H_delta: ['14.375', '8.188', '7.094', '5.969', '4.969']
  cells: fixed=[8878, 5863, 5104, 4432, 3492] broken=[4138, 2703, 2694, 2365, 1940]
  per_ACT_cell_acc: ['H1=62.5%', 'H2=70.1%', 'H3=75.2%', 'H4=79.1%', 'H5=82.4%', 'H6=84.9%', 'H7=85.9%', 'H8=87.2%', 'H9=88.0%', 'H10=88.7%', 'H11=89.9%', 'H12=90.7%', 'H13=91.3%', 'H14=92.1%', 'H15=92.6%', 'H16=92.6%']
  per_ACT_puzzle_acc: ['H1=2.1%', 'H2=10.7%', 'H3=26.6%', 'H4=37.8%', 'H5=48.7%', 'H6=57.0%', 'H7=60.5%', 'H8=65.1%', 'H9=67.3%', 'H10=69.5%', 'H11=72.1%', 'H12=74.5%', 'H13=76.8%', 'H14=78.1%', 'H15=79.7%', 'H16=80.3%']
  mean_sigmoid_q_halt: ['0.008', '0.098', '0.285', '0.387', '0.498', '0.574', '0.613', '0.656', '0.680', '0.699', '0.723', '0.750', '0.773', '0.785', '0.801', '0.805']
  halt_rates: ['0.00', '0.09', '0.27', '0.38', '0.50', '0.57', '0.61', '0.65', '0.68', '0.70', '0.72', '0.75', '0.77', '0.79', '0.80', '0.81']
  halt_histogram %: [69.6, 17.9, 4.9, 2.4, 1.5, 1.1, 0.7, 0.5, 0.4, 0.2, 0.2, 0.1, 0.1, 0.1, 0.0, 0.2]
  Avg ACT steps (last 100): 1.26
  saved: /home/jvdillon/projects/sic/code/sudoku/ckpts/x182/step36000.pt acc=98.93% (0.033s)
Step 36000  Test 98.93% / 97.46%  Train lm=1.0781±0.0312ϵ[0.9844,1.1484] n_active=768.0001±0.0000ϵ[768.0000,768.0000] n_expunged=11.8970±3.8865ϵ[2.0000,29.0000] n_halted=154.5690±6.1387ϵ[133.0000,176.0000] pool_util=1.0000±0.0000ϵ[1.0000,1.0000]  (308.561s / 1047.253s)
