Adam params: ('embed_tokens.weight', 'head.weight', 'head.bias', 'q_head.weight', 'q_head.bias')
Muon 2D params: ('reasoning.0.attn.up_proj.weight', 'reasoning.0.attn.down_proj.weight', 'reasoning.0.mlp.up_proj.weight', 'reasoning.0.mlp.down_proj.weight', 'reasoning.1.attn.up_proj.weight', 'reasoning.1.attn.down_proj.weight', 'reasoning.1.mlp.up_proj.weight', 'reasoning.1.mlp.down_proj.weight')
Muon 3D params (ensemble_dims=1): ()
  cell_acc=60.72%, puzzle_acc=3.80%
  eval_avg_halt_step: 3.10
  per_H_acc: ['H0=51.1%', 'H1=59.2%', 'H2=60.4%', 'H3=60.6%', 'H4=60.5%', 'H5=60.3%']
  H_cos: ['0.695', '0.891', '0.945', '0.973', '0.984']
  z_H_delta: ['20.875', '13.188', '8.750', '6.094', '4.406']
  cells: fixed=[8599, 4020, 2160, 1273, 787] broken=[3578, 3307, 2019, 1353, 893]
  per_ACT_cell_acc: ['H1=51.1%', 'H2=59.2%', 'H3=60.4%', 'H4=60.6%', 'H5=60.5%', 'H6=60.3%', 'H7=60.2%', 'H8=60.2%', 'H9=60.2%', 'H10=60.1%', 'H11=60.1%', 'H12=60.1%', 'H13=60.1%', 'H14=60.1%', 'H15=60.1%', 'H16=60.1%']
  per_ACT_puzzle_acc: ['H1=0.0%', 'H2=0.0%', 'H3=1.3%', 'H4=2.3%', 'H5=2.9%', 'H6=2.9%', 'H7=2.9%', 'H8=3.0%', 'H9=3.1%', 'H10=3.1%', 'H11=3.1%', 'H12=3.1%', 'H13=3.1%', 'H14=3.1%', 'H15=3.3%', 'H16=3.3%']
  mean_sigmoid_q_halt: ['0.023', '0.189', '0.330', '0.402', '0.439', '0.465', '0.482', '0.494', '0.504', '0.508', '0.512', '0.516', '0.520', '0.520', '0.520', '0.523']
  halt_rates: ['0.00', '0.00', '0.02', '0.03', '0.10', '0.24', '0.40', '0.53', '0.62', '0.68', '0.73', '0.76', '0.79', '0.82', '0.82', '0.84']
  halt_histogram %: [30.1, 8.5, 1.9, 0.6, 0.6, 0.6, 2.1, 6.3, 11.0, 10.4, 6.1, 1.7, 2.3, 0.2, 0.0, 17.6]
  Avg ACT steps (last 100): 2.70
  saved: /home/jvdillon/research/research/projects/trm3/ckpts/x182m/step00500.pt acc=60.72% (0.034s)
  saved: /home/jvdillon/research/research/projects/trm3/ckpts/x182m/best.pt acc=60.72% (0.127s)
Step   500  Test 60.72% /  3.80%  Train lm=1.3438±0.3867ϵ[0.9258,2.9219] n_active=384.0000±0.0000ϵ[384.0000,384.0000] n_expunged=0.0000±0.0000ϵ[0.0000,0.0000] n_halted=52.5020±109.2181ϵ[0.0000,384.0000] pool_util=1.0000±0.0000ϵ[1.0000,1.0000]  (310.095s / 203.911s)
  cell_acc=67.05%, puzzle_acc=13.26%
  eval_avg_halt_step: 14.03
  per_H_acc: ['H0=53.9%', 'H1=59.7%', 'H2=63.4%', 'H3=64.9%', 'H4=65.7%', 'H5=66.0%']
  H_cos: ['0.828', '0.941', '0.969', '0.980', '0.988']
  z_H_delta: ['18.375', '10.625', '7.906', '6.312', '5.281']
  cells: fixed=[8008, 5649, 3907, 2721, 2088] broken=[4371, 3379, 2926, 2277, 1902]
  per_ACT_cell_acc: ['H1=53.9%', 'H2=59.7%', 'H3=63.4%', 'H4=64.9%', 'H5=65.7%', 'H6=66.0%', 'H7=66.4%', 'H8=66.5%', 'H9=66.5%', 'H10=66.6%', 'H11=66.6%', 'H12=66.4%', 'H13=66.6%', 'H14=66.6%', 'H15=66.7%', 'H16=66.7%']
  per_ACT_puzzle_acc: ['H1=0.0%', 'H2=0.3%', 'H3=2.0%', 'H4=2.7%', 'H5=4.0%', 'H6=5.5%', 'H7=7.4%', 'H8=8.1%', 'H9=9.8%', 'H10=9.8%', 'H11=10.3%', 'H12=11.6%', 'H13=11.6%', 'H14=12.0%', 'H15=12.8%', 'H16=12.8%']
  mean_sigmoid_q_halt: ['0.001', '0.001', '0.015', '0.023', '0.037', '0.048', '0.058', '0.071', '0.084', '0.092', '0.097', '0.106', '0.112', '0.114', '0.120', '0.124']
  halt_rates: ['0.00', '0.00', '0.02', '0.02', '0.04', '0.05', '0.06', '0.08', '0.09', '0.10', '0.10', '0.11', '0.11', '0.12', '0.12', '0.13']
  halt_histogram %: [14.4, 11.1, 6.7, 15.5, 9.7, 11.6, 4.9, 5.5, 5.3, 4.5, 2.4, 0.7, 0.9, 0.1, 0.0, 6.8]
  Avg ACT steps (last 100): 4.60
  saved: /home/jvdillon/research/research/projects/trm3/ckpts/x182m/step01000.pt acc=67.05% (0.034s)
  saved: /home/jvdillon/research/research/projects/trm3/ckpts/x182m/best.pt acc=67.05% (0.127s)
Step  1000  Test 67.05% / 13.26%  Train lm=1.2891±0.0967ϵ[0.9375,1.7656] n_active=384.0000±0.0000ϵ[384.0000,384.0000] n_expunged=0.0000±0.0000ϵ[0.0000,0.0000] n_halted=83.4600±64.8025ϵ[0.0000,344.0000] pool_util=1.0000±0.0000ϵ[1.0000,1.0000]  (304.096s / 174.839s)
  cell_acc=68.50%, puzzle_acc=15.59%
  eval_avg_halt_step: 13.70
  per_H_acc: ['H0=56.7%', 'H1=62.5%', 'H2=65.5%', 'H3=66.6%', 'H4=67.1%', 'H5=67.5%']
  H_cos: ['0.859', '0.965', '0.984', '0.988', '0.992']
  z_H_delta: ['17.375', '9.125', '6.000', '4.750', '4.125']
  cells: fixed=[7774, 4997, 3013, 2065, 1735] broken=[4113, 3124, 2342, 1791, 1486]
  per_ACT_cell_acc: ['H1=56.7%', 'H2=62.5%', 'H3=65.5%', 'H4=66.6%', 'H5=67.1%', 'H6=67.5%', 'H7=67.7%', 'H8=67.9%', 'H9=68.0%', 'H10=68.1%', 'H11=68.0%', 'H12=68.1%', 'H13=68.1%', 'H14=68.2%', 'H15=68.3%', 'H16=68.1%']
  per_ACT_puzzle_acc: ['H1=0.0%', 'H2=2.2%', 'H3=2.7%', 'H4=4.0%', 'H5=6.0%', 'H6=8.3%', 'H7=10.2%', 'H8=11.5%', 'H9=12.0%', 'H10=12.8%', 'H11=13.3%', 'H12=13.8%', 'H13=13.9%', 'H14=14.1%', 'H15=14.7%', 'H16=14.8%']
  mean_sigmoid_q_halt: ['0.000', '0.014', '0.027', '0.036', '0.060', '0.081', '0.105', '0.119', '0.125', '0.132', '0.139', '0.146', '0.148', '0.149', '0.153', '0.157']
  halt_rates: ['0.00', '0.01', '0.03', '0.04', '0.06', '0.08', '0.11', '0.12', '0.13', '0.13', '0.14', '0.15', '0.15', '0.15', '0.15', '0.16']
  halt_histogram %: [11.6, 11.3, 8.5, 16.9, 12.5, 13.6, 6.4, 5.3, 4.0, 3.1, 1.6, 0.5, 0.6, 0.0, 0.0, 4.2]
  Avg ACT steps (last 100): 4.75
  saved: /home/jvdillon/research/research/projects/trm3/ckpts/x182m/step01500.pt acc=68.50% (0.034s)
  saved: /home/jvdillon/research/research/projects/trm3/ckpts/x182m/best.pt acc=68.50% (0.127s)
Step  1500  Test 68.50% / 15.59%  Train lm=1.2891±0.0297ϵ[1.2266,1.3594] n_active=384.0000±0.0000ϵ[384.0000,384.0000] n_expunged=0.0000±0.0000ϵ[0.0000,0.0000] n_halted=83.9400±29.8931ϵ[24.0000,145.0000] pool_util=1.0000±0.0000ϵ[1.0000,1.0000]  (304.200s / 174.953s)
  cell_acc=70.36%, puzzle_acc=21.86%
  eval_avg_halt_step: 12.76
  per_H_acc: ['H0=57.0%', 'H1=62.4%', 'H2=65.5%', 'H3=67.2%', 'H4=68.0%', 'H5=68.7%']
  H_cos: ['0.871', '0.980', '0.988', '0.988', '0.992']
  z_H_delta: ['16.125', '7.375', '4.875', '4.062', '3.438']
  cells: fixed=[7029, 4480, 2945, 2071, 1633] broken=[3690, 2539, 1910, 1534, 1224]
  per_ACT_cell_acc: ['H1=57.0%', 'H2=62.4%', 'H3=65.5%', 'H4=67.2%', 'H5=68.0%', 'H6=68.7%', 'H7=69.1%', 'H8=69.5%', 'H9=69.5%', 'H10=69.5%', 'H11=69.5%', 'H12=69.5%', 'H13=69.6%', 'H14=69.6%', 'H15=69.7%', 'H16=69.8%']
  per_ACT_puzzle_acc: ['H1=0.7%', 'H2=2.3%', 'H3=2.9%', 'H4=5.6%', 'H5=9.2%', 'H6=11.5%', 'H7=12.9%', 'H8=14.1%', 'H9=15.8%', 'H10=16.1%', 'H11=16.4%', 'H12=17.1%', 'H13=17.2%', 'H14=17.7%', 'H15=18.1%', 'H16=18.4%']
  mean_sigmoid_q_halt: ['0.001', '0.025', '0.030', '0.052', '0.093', '0.114', '0.127', '0.140', '0.160', '0.164', '0.167', '0.176', '0.179', '0.184', '0.188', '0.190']
  halt_rates: ['0.00', '0.02', '0.03', '0.05', '0.09', '0.12', '0.13', '0.14', '0.16', '0.17', '0.17', '0.18', '0.18', '0.19', '0.19', '0.19']
  halt_histogram %: [10.9, 11.6, 9.3, 16.5, 13.5, 13.9, 7.2, 5.5, 3.7, 2.6, 1.3, 0.4, 0.4, 0.0, 0.0, 3.1]
  Avg ACT steps (last 100): 4.57
  saved: /home/jvdillon/research/research/projects/trm3/ckpts/x182m/step02000.pt acc=70.36% (0.050s)
  saved: /home/jvdillon/research/research/projects/trm3/ckpts/x182m/best.pt acc=70.36% (0.096s)
Step  2000  Test 70.36% / 21.86%  Train lm=1.2891±0.0247ϵ[1.2266,1.3438] n_active=384.0000±0.0000ϵ[384.0000,384.0000] n_expunged=0.0000±0.0000ϵ[0.0000,0.0000] n_halted=82.3420±21.1468ϵ[29.0000,126.0000] pool_util=1.0000±0.0000ϵ[1.0000,1.0000]  (304.325s / 174.894s)
  cell_acc=73.64%, puzzle_acc=27.42%
  eval_avg_halt_step: 12.01
  per_H_acc: ['H0=57.0%', 'H1=64.0%', 'H2=67.0%', 'H3=68.9%', 'H4=70.2%', 'H5=71.2%']
  H_cos: ['0.879', '0.984', '0.988', '0.984', '0.992']
  z_H_delta: ['15.562', '6.688', '4.469', '3.922', '3.297']
  cells: fixed=[7962, 4557, 3044, 2196, 1826] broken=[3631, 2696, 1834, 1398, 1175]
  per_ACT_cell_acc: ['H1=57.0%', 'H2=64.0%', 'H3=67.0%', 'H4=68.9%', 'H5=70.2%', 'H6=71.2%', 'H7=71.7%', 'H8=72.1%', 'H9=72.4%', 'H10=72.6%', 'H11=72.7%', 'H12=72.7%', 'H13=72.8%', 'H14=72.8%', 'H15=72.8%', 'H16=72.8%']
  per_ACT_puzzle_acc: ['H1=0.3%', 'H2=2.6%', 'H3=3.3%', 'H4=6.9%', 'H5=12.0%', 'H6=15.4%', 'H7=18.2%', 'H8=20.1%', 'H9=22.0%', 'H10=22.8%', 'H11=23.6%', 'H12=24.0%', 'H13=24.6%', 'H14=25.0%', 'H15=25.4%', 'H16=25.4%']
  mean_sigmoid_q_halt: ['0.001', '0.025', '0.031', '0.067', '0.119', '0.149', '0.180', '0.202', '0.221', '0.229', '0.235', '0.241', '0.249', '0.254', '0.258', '0.260']
  halt_rates: ['0.00', '0.03', '0.03', '0.07', '0.12', '0.15', '0.18', '0.20', '0.22', '0.23', '0.24', '0.24', '0.25', '0.26', '0.26', '0.26']
  halt_histogram %: [11.3, 12.1, 9.9, 15.8, 13.6, 13.4, 7.6, 5.6, 3.7, 2.5, 1.3, 0.4, 0.4, 0.1, 0.0, 2.4]
  Avg ACT steps (last 100): 4.54
  saved: /home/jvdillon/research/research/projects/trm3/ckpts/x182m/step02500.pt acc=73.64% (0.033s)
  saved: /home/jvdillon/research/research/projects/trm3/ckpts/x182m/best.pt acc=73.64% (0.126s)
Step  2500  Test 73.64% / 27.42%  Train lm=1.2812±0.0211ϵ[1.2266,1.3359] n_active=384.0000±0.0000ϵ[384.0000,384.0000] n_expunged=0.0000±0.0000ϵ[0.0000,0.0000] n_halted=84.3320±16.2926ϵ[41.0000,125.0000] pool_util=1.0000±0.0000ϵ[1.0000,1.0000]  (304.529s / 175.128s)
  cell_acc=79.08%, puzzle_acc=45.38%
  eval_avg_halt_step: 9.54
  per_H_acc: ['H0=57.8%', 'H1=64.3%', 'H2=67.8%', 'H3=70.2%', 'H4=71.5%', 'H5=72.5%']
  H_cos: ['0.898', '0.984', '0.980', '0.984', '0.984']
  z_H_delta: ['14.812', '6.531', '5.094', '4.625', '4.250']
  cells: fixed=[7769, 4752, 3333, 2557, 2080] broken=[3720, 2555, 1887, 1715, 1448]
  per_ACT_cell_acc: ['H1=57.8%', 'H2=64.3%', 'H3=67.8%', 'H4=70.2%', 'H5=71.5%', 'H6=72.5%', 'H7=73.3%', 'H8=73.8%', 'H9=73.9%', 'H10=74.4%', 'H11=74.5%', 'H12=74.6%', 'H13=74.6%', 'H14=74.8%', 'H15=74.9%', 'H16=75.1%']
  per_ACT_puzzle_acc: ['H1=2.0%', 'H2=2.7%', 'H3=5.3%', 'H4=11.3%', 'H5=15.9%', 'H6=20.4%', 'H7=24.0%', 'H8=26.8%', 'H9=27.7%', 'H10=28.9%', 'H11=30.2%', 'H12=31.6%', 'H13=31.9%', 'H14=32.6%', 'H15=33.2%', 'H16=33.5%']
  mean_sigmoid_q_halt: ['0.013', '0.027', '0.058', '0.114', '0.161', '0.206', '0.241', '0.270', '0.279', '0.291', '0.305', '0.320', '0.322', '0.326', '0.336', '0.338']
  halt_rates: ['0.01', '0.03', '0.06', '0.11', '0.16', '0.21', '0.24', '0.27', '0.28', '0.29', '0.31', '0.32', '0.33', '0.33', '0.34', '0.34']
  halt_histogram %: [12.3, 13.3, 10.4, 15.0, 13.1, 12.7, 7.5, 5.5, 3.6, 2.4, 1.3, 0.5, 0.4, 0.1, 0.0, 2.0]
  Avg ACT steps (last 100): 4.39
  saved: /home/jvdillon/research/research/projects/trm3/ckpts/x182m/step03000.pt acc=79.08% (0.033s)
  saved: /home/jvdillon/research/research/projects/trm3/ckpts/x182m/best.pt acc=79.08% (0.125s)
Step  3000  Test 79.08% / 45.38%  Train lm=1.2734±0.0186ϵ[1.2188,1.3281] n_active=384.0000±0.0000ϵ[384.0000,384.0000] n_expunged=0.0000±0.0000ϵ[0.0000,0.0000] n_halted=89.2300±14.4133ϵ[52.0000,122.0000] pool_util=1.0000±0.0000ϵ[1.0000,1.0000]  (304.551s / 175.220s)
  cell_acc=81.61%, puzzle_acc=50.44%
  eval_avg_halt_step: 8.68
  per_H_acc: ['H0=56.8%', 'H1=64.4%', 'H2=68.0%', 'H3=70.6%', 'H4=72.5%', 'H5=74.0%']
  H_cos: ['0.902', '0.984', '0.984', '0.980', '0.984']
  z_H_delta: ['14.875', '6.375', '4.719', '4.375', '3.984']
  cells: fixed=[8454, 4731, 3387, 2679, 2256] broken=[3751, 2479, 1807, 1486, 1292]
  per_ACT_cell_acc: ['H1=56.8%', 'H2=64.4%', 'H3=68.0%', 'H4=70.6%', 'H5=72.5%', 'H6=74.0%', 'H7=75.0%', 'H8=75.5%', 'H9=76.1%', 'H10=76.4%', 'H11=76.3%', 'H12=76.5%', 'H13=76.8%', 'H14=77.0%', 'H15=77.1%', 'H16=77.1%']
  per_ACT_puzzle_acc: ['H1=1.2%', 'H2=2.9%', 'H3=5.5%', 'H4=10.3%', 'H5=16.4%', 'H6=21.0%', 'H7=26.3%', 'H8=28.4%', 'H9=30.6%', 'H10=32.2%', 'H11=33.3%', 'H12=34.1%', 'H13=34.9%', 'H14=35.9%', 'H15=36.5%', 'H16=36.6%']
  mean_sigmoid_q_halt: ['0.007', '0.027', '0.056', '0.103', '0.169', '0.218', '0.270', '0.297', '0.316', '0.332', '0.348', '0.359', '0.367', '0.381', '0.387', '0.391']
  halt_rates: ['0.01', '0.03', '0.06', '0.10', '0.17', '0.22', '0.27', '0.30', '0.32', '0.34', '0.35', '0.36', '0.37', '0.39', '0.39', '0.40']
  halt_histogram %: [13.7, 14.7, 10.5, 14.0, 12.3, 11.8, 7.3, 5.3, 3.6, 2.5, 1.3, 0.6, 0.5, 0.2, 0.1, 1.8]
  Avg ACT steps (last 100): 4.52
  saved: /home/jvdillon/research/research/projects/trm3/ckpts/x182m/step03500.pt acc=81.61% (0.034s)
  saved: /home/jvdillon/research/research/projects/trm3/ckpts/x182m/best.pt acc=81.61% (0.082s)
Step  3500  Test 81.61% / 50.44%  Train lm=1.2812±0.0162ϵ[1.2344,1.3281] n_active=384.0000±0.0000ϵ[384.0000,384.0000] n_expunged=0.0000±0.0000ϵ[0.0000,0.0000] n_halted=91.9280±11.2130ϵ[61.0000,124.0000] pool_util=1.0000±0.0000ϵ[1.0000,1.0000]  (304.551s / 174.986s)
  cell_acc=84.33%, puzzle_acc=58.39%
  eval_avg_halt_step: 7.82
  per_H_acc: ['H0=56.4%', 'H1=64.2%', 'H2=68.4%', 'H3=72.0%', 'H4=74.3%', 'H5=76.3%']
  H_cos: ['0.906', '0.984', '0.977', '0.980', '0.980']
  z_H_delta: ['14.812', '6.375', '5.375', '4.781', '4.406']
  cells: fixed=[8336, 4923, 3890, 2926, 2494] broken=[3497, 2312, 1678, 1498, 1244]
  per_ACT_cell_acc: ['H1=56.4%', 'H2=64.2%', 'H3=68.4%', 'H4=72.0%', 'H5=74.3%', 'H6=76.3%', 'H7=77.6%', 'H8=78.4%', 'H9=79.1%', 'H10=79.4%', 'H11=79.6%', 'H12=79.7%', 'H13=80.0%', 'H14=80.2%', 'H15=80.2%', 'H16=80.3%']
  per_ACT_puzzle_acc: ['H1=1.0%', 'H2=2.9%', 'H3=5.5%', 'H4=14.1%', 'H5=20.7%', 'H6=27.5%', 'H7=32.7%', 'H8=35.4%', 'H9=38.3%', 'H10=39.8%', 'H11=41.5%', 'H12=42.7%', 'H13=43.5%', 'H14=43.9%', 'H15=44.0%', 'H16=44.9%']
  mean_sigmoid_q_halt: ['0.000', '0.025', '0.053', '0.136', '0.202', '0.268', '0.320', '0.350', '0.377', '0.395', '0.410', '0.424', '0.432', '0.436', '0.438', '0.447']
  halt_rates: ['0.00', '0.02', '0.05', '0.14', '0.21', '0.27', '0.32', '0.35', '0.38', '0.40', '0.42', '0.43', '0.44', '0.44', '0.44', '0.45']
  halt_histogram %: [15.3, 16.1, 10.5, 13.0, 11.4, 10.9, 6.9, 5.2, 3.6, 2.5, 1.4, 0.7, 0.6, 0.2, 0.2, 1.7]
  Avg ACT steps (last 100): 4.13
  saved: /home/jvdillon/research/research/projects/trm3/ckpts/x182m/step04000.pt acc=84.33% (0.049s)
  saved: /home/jvdillon/research/research/projects/trm3/ckpts/x182m/best.pt acc=84.33% (0.096s)
Step  4000  Test 84.33% / 58.39%  Train lm=1.2734±0.0151ϵ[1.2266,1.3281] n_active=384.0000±0.0000ϵ[384.0000,384.0000] n_expunged=0.0000±0.0000ϵ[0.0000,0.0000] n_halted=94.7920±10.5310ϵ[62.0000,129.0000] pool_util=1.0000±0.0000ϵ[1.0000,1.0000]  (304.527s / 175.161s)
  cell_acc=87.53%, puzzle_acc=66.98%
  eval_avg_halt_step: 6.59
  per_H_acc: ['H0=56.1%', 'H1=64.5%', 'H2=68.8%', 'H3=72.3%', 'H4=75.2%', 'H5=77.3%']
  H_cos: ['0.898', '0.980', '0.977', '0.973', '0.977']
  z_H_delta: ['15.562', '6.906', '5.469', '5.219', '4.594']
  cells: fixed=[8894, 5118, 3983, 3351, 2563] broken=[3671, 2423, 1785, 1570, 1276]
  per_ACT_cell_acc: ['H1=56.1%', 'H2=64.5%', 'H3=68.8%', 'H4=72.3%', 'H5=75.2%', 'H6=77.3%', 'H7=78.4%', 'H8=79.3%', 'H9=80.1%', 'H10=80.5%', 'H11=81.0%', 'H12=81.5%', 'H13=81.6%', 'H14=81.7%', 'H15=82.0%', 'H16=82.2%']
  per_ACT_puzzle_acc: ['H1=0.8%', 'H2=2.3%', 'H3=6.8%', 'H4=13.8%', 'H5=23.7%', 'H6=30.2%', 'H7=35.4%', 'H8=38.3%', 'H9=41.7%', 'H10=43.9%', 'H11=46.0%', 'H12=47.4%', 'H13=48.2%', 'H14=49.2%', 'H15=50.0%', 'H16=50.7%']
  mean_sigmoid_q_halt: ['0.003', '0.025', '0.068', '0.142', '0.240', '0.309', '0.361', '0.389', '0.422', '0.445', '0.471', '0.484', '0.492', '0.504', '0.512', '0.520']
  halt_rates: ['0.00', '0.03', '0.07', '0.14', '0.24', '0.31', '0.36', '0.39', '0.43', '0.45', '0.48', '0.49', '0.50', '0.51', '0.52', '0.53']
  halt_histogram %: [17.3, 17.1, 10.3, 12.1, 10.6, 10.0, 6.5, 4.9, 3.4, 2.5, 1.5, 0.8, 0.6, 0.3, 0.2, 1.8]
  Avg ACT steps (last 100): 3.86
  saved: /home/jvdillon/research/research/projects/trm3/ckpts/x182m/step04500.pt acc=87.53% (0.034s)
  saved: /home/jvdillon/research/research/projects/trm3/ckpts/x182m/best.pt acc=87.53% (0.081s)
Step  4500  Test 87.53% / 66.98%  Train lm=1.2812±0.0140ϵ[1.2344,1.3203] n_active=384.0000±0.0000ϵ[384.0000,384.0000] n_expunged=0.0000±0.0000ϵ[0.0000,0.0000] n_halted=96.5780±9.1441ϵ[65.0000,128.0000] pool_util=1.0000±0.0000ϵ[1.0000,1.0000]  (304.533s / 175.249s)
  cell_acc=89.39%, puzzle_acc=72.42%
  eval_avg_halt_step: 5.88
  per_H_acc: ['H0=58.2%', 'H1=65.6%', 'H2=69.8%', 'H3=73.2%', 'H4=75.9%', 'H5=78.1%']
  H_cos: ['0.922', '0.977', '0.973', '0.973', '0.973']
  z_H_delta: ['14.500', '6.812', '5.562', '5.156', '4.781']
  cells: fixed=[8256, 4998, 3956, 3241, 2655] broken=[3656, 2363, 1829, 1591, 1290]
  per_ACT_cell_acc: ['H1=58.2%', 'H2=65.6%', 'H3=69.8%', 'H4=73.2%', 'H5=75.9%', 'H6=78.1%', 'H7=79.4%', 'H8=80.3%', 'H9=81.1%', 'H10=81.5%', 'H11=81.9%', 'H12=82.1%', 'H13=82.3%', 'H14=82.5%', 'H15=82.7%', 'H16=82.8%']
  per_ACT_puzzle_acc: ['H1=1.6%', 'H2=3.1%', 'H3=10.2%', 'H4=17.6%', 'H5=25.7%', 'H6=34.0%', 'H7=39.5%', 'H8=43.4%', 'H9=46.1%', 'H10=47.9%', 'H11=49.1%', 'H12=49.9%', 'H13=50.9%', 'H14=51.4%', 'H15=52.2%', 'H16=52.6%']
  mean_sigmoid_q_halt: ['0.015', '0.029', '0.108', '0.180', '0.260', '0.338', '0.391', '0.432', '0.459', '0.479', '0.488', '0.498', '0.508', '0.516', '0.523', '0.527']
  halt_rates: ['0.02', '0.03', '0.11', '0.18', '0.26', '0.34', '0.39', '0.43', '0.46', '0.48', '0.49', '0.50', '0.51', '0.52', '0.53', '0.53']
  halt_histogram %: [19.4, 18.1, 10.2, 11.3, 9.8, 9.2, 6.1, 4.6, 3.3, 2.4, 1.5, 0.9, 0.7, 0.4, 0.3, 2.0]
  Avg ACT steps (last 100): 3.45
  saved: /home/jvdillon/research/research/projects/trm3/ckpts/x182m/step05000.pt acc=89.39% (0.033s)
  saved: /home/jvdillon/research/research/projects/trm3/ckpts/x182m/best.pt acc=89.39% (0.125s)
Step  5000  Test 89.39% / 72.42%  Train lm=1.2734±0.0133ϵ[1.2422,1.3203] n_active=384.0000±0.0000ϵ[384.0000,384.0000] n_expunged=0.0000±0.0000ϵ[0.0000,0.0000] n_halted=100.8640±9.0215ϵ[74.0000,129.0000] pool_util=1.0000±0.0000ϵ[1.0000,1.0000]  (304.588s / 175.150s)
  cell_acc=91.47%, puzzle_acc=77.56%
  eval_avg_halt_step: 5.17
  per_H_acc: ['H0=57.9%', 'H1=65.3%', 'H2=70.0%', 'H3=74.3%', 'H4=77.6%', 'H5=79.7%']
  H_cos: ['0.930', '0.977', '0.965', '0.969', '0.973']
  z_H_delta: ['14.125', '6.562', '5.844', '5.406', '4.688']
  cells: fixed=[8210, 5153, 4343, 3454, 2481] broken=[3635, 2235, 1652, 1437, 1154]
  per_ACT_cell_acc: ['H1=57.9%', 'H2=65.3%', 'H3=70.0%', 'H4=74.3%', 'H5=77.6%', 'H6=79.7%', 'H7=81.1%', 'H8=81.8%', 'H9=82.4%', 'H10=82.8%', 'H11=83.6%', 'H12=84.0%', 'H13=84.3%', 'H14=84.6%', 'H15=84.9%', 'H16=85.0%']
  per_ACT_puzzle_acc: ['H1=2.3%', 'H2=2.9%', 'H3=9.0%', 'H4=19.3%', 'H5=29.8%', 'H6=38.3%', 'H7=44.1%', 'H8=47.0%', 'H9=49.7%', 'H10=51.3%', 'H11=53.1%', 'H12=55.1%', 'H13=56.6%', 'H14=57.9%', 'H15=58.7%', 'H16=59.4%']
  mean_sigmoid_q_halt: ['0.020', '0.029', '0.092', '0.193', '0.293', '0.381', '0.438', '0.471', '0.496', '0.516', '0.531', '0.551', '0.566', '0.582', '0.590', '0.594']
  halt_rates: ['0.02', '0.03', '0.09', '0.19', '0.30', '0.38', '0.44', '0.47', '0.50', '0.52', '0.54', '0.56', '0.57', '0.59', '0.59', '0.60']
  halt_histogram %: [21.6, 18.8, 9.9, 10.5, 9.0, 8.5, 5.6, 4.4, 3.1, 2.3, 1.5, 0.9, 0.7, 0.5, 0.3, 2.3]
  Avg ACT steps (last 100): 3.49
  saved: /home/jvdillon/research/research/projects/trm3/ckpts/x182m/step05500.pt acc=91.47% (0.033s)
  saved: /home/jvdillon/research/research/projects/trm3/ckpts/x182m/best.pt acc=91.47% (0.080s)
Step  5500  Test 91.47% / 77.56%  Train lm=1.2812±0.0132ϵ[1.2344,1.3203] n_active=384.0000±0.0000ϵ[384.0000,384.0000] n_expunged=0.0000±0.0000ϵ[0.0000,0.0000] n_halted=103.3480±8.7812ϵ[78.0000,132.0000] pool_util=1.0000±0.0000ϵ[1.0000,1.0000]  (304.364s / 175.205s)
  cell_acc=93.54%, puzzle_acc=83.24%
  eval_avg_halt_step: 4.47
  per_H_acc: ['H0=58.5%', 'H1=65.6%', 'H2=70.1%', 'H3=74.3%', 'H4=77.7%', 'H5=79.9%']
  H_cos: ['0.938', '0.980', '0.969', '0.961', '0.973']
  z_H_delta: ['13.875', '6.781', '5.906', '5.719', '4.844']
  cells: fixed=[8055, 5052, 4369, 3636, 2622] broken=[3623, 2249, 1807, 1475, 1246]
  per_ACT_cell_acc: ['H1=58.5%', 'H2=65.6%', 'H3=70.1%', 'H4=74.3%', 'H5=77.7%', 'H6=79.9%', 'H7=81.7%', 'H8=82.9%', 'H9=84.0%', 'H10=84.2%', 'H11=84.7%', 'H12=84.9%', 'H13=85.3%', 'H14=85.5%', 'H15=85.7%', 'H16=85.8%']
  per_ACT_puzzle_acc: ['H1=2.2%', 'H2=3.5%', 'H3=9.8%', 'H4=19.3%', 'H5=31.0%', 'H6=39.1%', 'H7=45.6%', 'H8=50.0%', 'H9=53.9%', 'H10=55.3%', 'H11=57.2%', 'H12=57.8%', 'H13=59.4%', 'H14=60.2%', 'H15=61.2%', 'H16=61.8%']
  mean_sigmoid_q_halt: ['0.021', '0.037', '0.102', '0.191', '0.309', '0.391', '0.457', '0.498', '0.539', '0.551', '0.570', '0.578', '0.594', '0.602', '0.613', '0.617']
  halt_rates: ['0.02', '0.04', '0.10', '0.19', '0.31', '0.39', '0.46', '0.50', '0.54', '0.56', '0.57', '0.58', '0.60', '0.61', '0.62', '0.62']
  halt_histogram %: [23.9, 19.5, 9.7, 9.8, 8.3, 7.8, 5.2, 4.1, 2.9, 2.2, 1.4, 0.9, 0.7, 0.5, 0.4, 2.7]
  Avg ACT steps (last 100): 3.60
  saved: /home/jvdillon/research/research/projects/trm3/ckpts/x182m/step06000.pt acc=93.54% (0.094s)
  saved: /home/jvdillon/research/research/projects/trm3/ckpts/x182m/best.pt acc=93.54% (0.140s)
Step  6000  Test 93.54% / 83.24%  Train lm=1.2734±0.0134ϵ[1.2344,1.3125] n_active=384.0000±0.0000ϵ[384.0000,384.0000] n_expunged=0.0000±0.0000ϵ[0.0000,0.0000] n_halted=109.0180±9.5097ϵ[75.0000,142.0000] pool_util=1.0000±0.0000ϵ[1.0000,1.0000]  (304.474s / 175.143s)
  cell_acc=94.83%, puzzle_acc=86.53%
  eval_avg_halt_step: 4.06
  per_H_acc: ['H0=59.0%', 'H1=66.1%', 'H2=70.9%', 'H3=75.2%', 'H4=78.6%', 'H5=80.8%']
  H_cos: ['0.941', '0.973', '0.965', '0.969', '0.973']
  z_H_delta: ['13.750', '7.062', '6.219', '5.594', '4.844']
  cells: fixed=[8046, 5304, 4410, 3627, 2636] broken=[3640, 2336, 1744, 1505, 1288]
  per_ACT_cell_acc: ['H1=59.0%', 'H2=66.1%', 'H3=70.9%', 'H4=75.2%', 'H5=78.6%', 'H6=80.8%', 'H7=82.1%', 'H8=83.2%', 'H9=84.1%', 'H10=85.1%', 'H11=85.5%', 'H12=86.1%', 'H13=86.5%', 'H14=86.9%', 'H15=87.4%', 'H16=87.6%']
  per_ACT_puzzle_acc: ['H1=2.2%', 'H2=3.4%', 'H3=11.6%', 'H4=22.5%', 'H5=32.8%', 'H6=41.5%', 'H7=46.4%', 'H8=50.0%', 'H9=53.4%', 'H10=56.5%', 'H11=59.0%', 'H12=60.9%', 'H13=62.0%', 'H14=63.5%', 'H15=65.2%', 'H16=66.4%']
  mean_sigmoid_q_halt: ['0.020', '0.037', '0.122', '0.226', '0.332', '0.414', '0.465', '0.500', '0.535', '0.566', '0.590', '0.609', '0.621', '0.637', '0.652', '0.664']
  halt_rates: ['0.02', '0.04', '0.12', '0.23', '0.34', '0.42', '0.47', '0.50', '0.54', '0.57', '0.60', '0.61', '0.62', '0.64', '0.66', '0.67']
  halt_histogram %: [26.0, 19.9, 9.5, 9.1, 7.8, 7.2, 4.8, 3.8, 2.7, 2.1, 1.4, 0.9, 0.7, 0.5, 0.4, 3.2]
  Avg ACT steps (last 100): 3.86
  saved: /home/jvdillon/research/research/projects/trm3/ckpts/x182m/step06500.pt acc=94.83% (0.033s)
  saved: /home/jvdillon/research/research/projects/trm3/ckpts/x182m/best.pt acc=94.83% (0.127s)
Step  6500  Test 94.83% / 86.53%  Train lm=1.2812±0.0123ϵ[1.2422,1.3125] n_active=384.0000±0.0000ϵ[384.0000,384.0000] n_expunged=0.0000±0.0000ϵ[0.0000,0.0000] n_halted=111.3860±8.4924ϵ[88.0000,141.0000] pool_util=1.0000±0.0000ϵ[1.0000,1.0000]  (304.447s / 175.283s)
  cell_acc=95.08%, puzzle_acc=87.17%
  eval_avg_halt_step: 3.97
  per_H_acc: ['H0=59.0%', 'H1=66.0%', 'H2=71.0%', 'H3=75.6%', 'H4=78.6%', 'H5=81.0%']
  H_cos: ['0.941', '0.977', '0.961', '0.965', '0.977']
  z_H_delta: ['13.812', '6.906', '6.344', '5.719', '4.688']
  cells: fixed=[7952, 5337, 4606, 3378, 2630] broken=[3598, 2236, 1722, 1483, 1193]
  per_ACT_cell_acc: ['H1=59.0%', 'H2=66.0%', 'H3=71.0%', 'H4=75.6%', 'H5=78.6%', 'H6=81.0%', 'H7=82.4%', 'H8=83.5%', 'H9=84.1%', 'H10=84.9%', 'H11=85.4%', 'H12=85.9%', 'H13=86.3%', 'H14=86.7%', 'H15=87.0%', 'H16=87.5%']
  per_ACT_puzzle_acc: ['H1=2.3%', 'H2=3.3%', 'H3=10.5%', 'H4=22.8%', 'H5=33.9%', 'H6=41.5%', 'H7=46.9%', 'H8=51.0%', 'H9=54.2%', 'H10=56.8%', 'H11=59.0%', 'H12=60.3%', 'H13=61.8%', 'H14=63.5%', 'H15=64.1%', 'H16=65.5%']
  mean_sigmoid_q_halt: ['0.022', '0.038', '0.111', '0.230', '0.336', '0.412', '0.469', '0.512', '0.539', '0.566', '0.590', '0.602', '0.617', '0.633', '0.641', '0.652']
  halt_rates: ['0.02', '0.04', '0.11', '0.23', '0.34', '0.42', '0.47', '0.51', '0.54', '0.57', '0.59', '0.61', '0.62', '0.64', '0.64', '0.66']
  halt_histogram %: [28.0, 20.4, 9.3, 8.6, 7.2, 6.7, 4.5, 3.5, 2.6, 1.9, 1.3, 0.8, 0.7, 0.5, 0.4, 3.7]
  Avg ACT steps (last 100): 4.06
  saved: /home/jvdillon/research/research/projects/trm3/ckpts/x182m/step07000.pt acc=95.08% (0.034s)
  saved: /home/jvdillon/research/research/projects/trm3/ckpts/x182m/best.pt acc=95.08% (0.081s)
Step  7000  Test 95.08% / 87.17%  Train lm=1.2734±0.0135ϵ[1.2344,1.3047] n_active=384.0000±0.0000ϵ[384.0000,384.0000] n_expunged=0.0000±0.0000ϵ[0.0000,0.0000] n_halted=115.4300±9.4093ϵ[92.0000,146.0000] pool_util=1.0000±0.0000ϵ[1.0000,1.0000]  (304.413s / 175.251s)
  cell_acc=95.06%, puzzle_acc=87.08%
  eval_avg_halt_step: 3.97
  per_H_acc: ['H0=59.0%', 'H1=65.8%', 'H2=71.1%', 'H3=75.6%', 'H4=78.8%', 'H5=80.8%']
  H_cos: ['0.941', '0.973', '0.965', '0.965', '0.977']
  z_H_delta: ['13.750', '7.031', '6.250', '5.688', '4.594']
  cells: fixed=[7881, 5532, 4513, 3358, 2597] broken=[3700, 2187, 1721, 1398, 1360]
  per_ACT_cell_acc: ['H1=59.0%', 'H2=65.8%', 'H3=71.1%', 'H4=75.6%', 'H5=78.8%', 'H6=80.8%', 'H7=82.6%', 'H8=83.7%', 'H9=84.4%', 'H10=85.2%', 'H11=86.0%', 'H12=86.5%', 'H13=87.0%', 'H14=87.3%', 'H15=87.5%', 'H16=87.9%']
  per_ACT_puzzle_acc: ['H1=2.3%', 'H2=3.5%', 'H3=12.8%', 'H4=23.2%', 'H5=34.4%', 'H6=41.5%', 'H7=47.1%', 'H8=51.6%', 'H9=54.6%', 'H10=57.4%', 'H11=59.9%', 'H12=61.6%', 'H13=63.3%', 'H14=64.6%', 'H15=65.5%', 'H16=66.7%']
  mean_sigmoid_q_halt: ['0.023', '0.039', '0.124', '0.236', '0.344', '0.416', '0.471', '0.512', '0.547', '0.570', '0.598', '0.613', '0.633', '0.645', '0.652', '0.664']
  halt_rates: ['0.02', '0.04', '0.12', '0.24', '0.35', '0.42', '0.48', '0.52', '0.55', '0.58', '0.60', '0.62', '0.64', '0.65', '0.66', '0.67']
  halt_histogram %: [29.7, 20.7, 9.1, 8.2, 6.8, 6.2, 4.2, 3.3, 2.4, 1.8, 1.2, 0.8, 0.7, 0.5, 0.4, 4.1]
  Avg ACT steps (last 100): 3.02
  saved: /home/jvdillon/research/research/projects/trm3/ckpts/x182m/step07500.pt acc=95.06% (0.033s)
Step  7500  Test 95.06% / 87.08%  Train lm=1.2734±0.0129ϵ[1.2422,1.3125] n_active=384.0000±0.0000ϵ[384.0000,384.0000] n_expunged=0.0000±0.0000ϵ[0.0000,0.0000] n_halted=115.2260±8.7606ϵ[88.0000,140.0000] pool_util=1.0000±0.0000ϵ[1.0000,1.0000]  (304.356s / 175.412s)
  cell_acc=95.05%, puzzle_acc=87.09%
  eval_avg_halt_step: 3.96
  per_H_acc: ['H0=59.1%', 'H1=65.7%', 'H2=71.0%', 'H3=75.6%', 'H4=78.9%', 'H5=81.7%']
  H_cos: ['0.941', '0.973', '0.969', '0.961', '0.969']
  z_H_delta: ['13.750', '7.000', '6.125', '5.875', '5.031']
  cells: fixed=[7818, 5423, 4543, 3503, 2915] broken=[3670, 2154, 1707, 1417, 1160]
  per_ACT_cell_acc: ['H1=59.1%', 'H2=65.7%', 'H3=71.0%', 'H4=75.6%', 'H5=78.9%', 'H6=81.7%', 'H7=83.0%', 'H8=84.2%', 'H9=84.8%', 'H10=85.5%', 'H11=86.2%', 'H12=86.4%', 'H13=86.7%', 'H14=86.9%', 'H15=87.1%', 'H16=87.4%']
  per_ACT_puzzle_acc: ['H1=2.3%', 'H2=3.5%', 'H3=11.3%', 'H4=22.5%', 'H5=34.6%', 'H6=44.5%', 'H7=49.6%', 'H8=53.6%', 'H9=56.1%', 'H10=59.0%', 'H11=60.8%', 'H12=61.8%', 'H13=62.9%', 'H14=64.1%', 'H15=64.3%', 'H16=65.4%']
  mean_sigmoid_q_halt: ['0.023', '0.040', '0.118', '0.226', '0.350', '0.447', '0.494', '0.531', '0.559', '0.586', '0.605', '0.617', '0.629', '0.637', '0.641', '0.652']
  halt_rates: ['0.02', '0.04', '0.12', '0.23', '0.35', '0.45', '0.50', '0.54', '0.56', '0.59', '0.61', '0.62', '0.63', '0.64', '0.65', '0.66']
  halt_histogram %: [31.1, 21.0, 9.0, 7.8, 6.4, 5.9, 4.0, 3.1, 2.3, 1.7, 1.2, 0.8, 0.6, 0.5, 0.4, 4.4]
  Avg ACT steps (last 100): 3.16
  saved: /home/jvdillon/research/research/projects/trm3/ckpts/x182m/step08000.pt acc=95.05% (0.050s)
Step  8000  Test 95.05% / 87.09%  Train lm=1.2734±0.0117ϵ[1.2422,1.3047] n_active=384.0000±0.0000ϵ[384.0000,384.0000] n_expunged=0.0000±0.0000ϵ[0.0000,0.0000] n_halted=116.0240±8.5227ϵ[86.0000,149.0000] pool_util=1.0000±0.0000ϵ[1.0000,1.0000]  (304.275s / 175.484s)
