Adam params: ('embed_tokens.weight', 'head.weight', 'head.bias', 'q_head.weight', 'q_head.bias')
Muon 2D params: ('reasoning.0.attn.up_proj.weight', 'reasoning.0.attn.down_proj.weight', 'reasoning.0.mlp.up_proj.weight', 'reasoning.0.mlp.down_proj.weight', 'reasoning.1.attn.up_proj.weight', 'reasoning.1.attn.down_proj.weight', 'reasoning.1.mlp.up_proj.weight', 'reasoning.1.mlp.down_proj.weight')
Muon 3D params (ensemble_dims=1): ()
Saved step 0 checkpoint with RNG: /home/jvdillon/research/research/projects/trm3/ckpts/x182d/step00000_rng.pt
  cell_acc=70.87%, puzzle_acc=28.77%
  eval_avg_halt_step: 11.45
  per_H_acc: ['H0=57.9%', 'H1=62.3%', 'H2=63.3%', 'H3=63.8%', 'H4=64.4%', 'H5=64.8%']
  H_cos: ['0.863', '0.961', '0.969', '0.969', '0.973']
  z_H_delta: ['15.438', '8.312', '7.250', '7.062', '6.750']
  cells: fixed=[6993, 4172, 3136, 3445, 3217] broken=[4216, 3556, 2854, 3037, 2988]
  per_ACT_cell_acc: ['H1=57.9%', 'H2=62.3%', 'H3=63.3%', 'H4=63.8%', 'H5=64.4%', 'H6=64.8%', 'H7=65.2%', 'H8=65.3%', 'H9=65.3%', 'H10=65.6%', 'H11=65.8%', 'H12=65.8%', 'H13=65.9%', 'H14=66.2%', 'H15=66.1%', 'H16=66.0%']
  per_ACT_puzzle_acc: ['H1=0.1%', 'H2=2.1%', 'H3=3.4%', 'H4=5.3%', 'H5=7.7%', 'H6=9.1%', 'H7=9.9%', 'H8=10.4%', 'H9=11.2%', 'H10=11.8%', 'H11=12.4%', 'H12=13.3%', 'H13=14.1%', 'H14=14.7%', 'H15=15.1%', 'H16=15.4%']
  mean_sigmoid_q_halt: ['0.002', '0.017', '0.045', '0.062', '0.084', '0.102', '0.118', '0.127', '0.136', '0.146', '0.157', '0.171', '0.178', '0.191', '0.195', '0.202']
  halt_rates: ['0.00', '0.02', '0.04', '0.05', '0.08', '0.10', '0.11', '0.12', '0.13', '0.14', '0.15', '0.17', '0.18', '0.19', '0.19', '0.20']
  halt_histogram %: [17.6, 13.7, 12.6, 18.2, 13.1, 8.8, 5.0, 3.3, 2.4, 1.6, 0.5, 0.2, 0.2, 0.1, 0.0, 2.6]
  Avg ACT steps (last 100): 4.39
  saved: /home/jvdillon/research/research/projects/trm3/ckpts/x182d/step02000.pt acc=70.87% (0.035s)
  saved: /home/jvdillon/research/research/projects/trm3/ckpts/x182d/best.pt acc=70.87% (0.068s)
Step  2000  Test 70.87% / 28.77%  Train lm=1.3438±0.2354ϵ[0.9219,3.2500] n_active=768.0001±0.0000ϵ[768.0000,768.0000] n_expunged=77.1685±54.5107ϵ[0.0000,192.0000] n_halted=44.7885±38.8215ϵ[0.0000,192.0000] pool_util=1.0000±0.0000ϵ[1.0000,1.0000]  (303.969s / 1202.469s)
  cell_acc=75.33%, puzzle_acc=38.16%
  eval_avg_halt_step: 10.84
  per_H_acc: ['H0=53.4%', 'H1=62.4%', 'H2=64.7%', 'H3=65.6%', 'H4=66.4%', 'H5=67.2%']
  H_cos: ['0.855', '0.973', '0.980', '0.984', '0.980']
  z_H_delta: ['14.812', '6.781', '5.188', '4.875', '4.688']
  cells: fixed=[8737, 5203, 3188, 2892, 2773] broken=[3136, 3737, 2634, 2370, 2307]
  per_ACT_cell_acc: ['H1=53.4%', 'H2=62.4%', 'H3=64.7%', 'H4=65.6%', 'H5=66.4%', 'H6=67.2%', 'H7=67.8%', 'H8=68.2%', 'H9=68.6%', 'H10=69.0%', 'H11=69.4%', 'H12=69.5%', 'H13=69.5%', 'H14=70.0%', 'H15=70.2%', 'H16=70.4%']
  per_ACT_puzzle_acc: ['H1=0.0%', 'H2=1.3%', 'H3=3.3%', 'H4=6.0%', 'H5=8.3%', 'H6=10.8%', 'H7=13.4%', 'H8=15.1%', 'H9=16.7%', 'H10=18.4%', 'H11=19.1%', 'H12=19.8%', 'H13=20.3%', 'H14=21.0%', 'H15=22.3%', 'H16=22.7%']
  mean_sigmoid_q_halt: ['0.001', '0.002', '0.032', '0.059', '0.083', '0.112', '0.141', '0.163', '0.182', '0.202', '0.212', '0.221', '0.227', '0.237', '0.250', '0.258']
  halt_rates: ['0.00', '0.00', '0.03', '0.06', '0.08', '0.11', '0.14', '0.17', '0.18', '0.20', '0.21', '0.22', '0.23', '0.24', '0.25', '0.26']
  halt_histogram %: [17.8, 14.9, 12.4, 15.0, 12.0, 8.9, 6.1, 4.2, 3.0, 1.9, 1.0, 0.6, 0.4, 0.2, 0.1, 1.5]
  Avg ACT steps (last 100): 4.38
  saved: /home/jvdillon/research/research/projects/trm3/ckpts/x182d/step04000.pt acc=75.33% (0.036s)
  saved: /home/jvdillon/research/research/projects/trm3/ckpts/x182d/best.pt acc=75.33% (0.128s)
Step  4000  Test 75.33% / 38.16%  Train lm=1.3828±0.0258ϵ[1.2344,1.5234] n_active=768.0001±0.0000ϵ[768.0000,768.0000] n_expunged=20.1030±18.3690ϵ[1.0000,122.0000] n_halted=44.1285±9.0238ϵ[13.0000,71.0000] pool_util=1.0000±0.0000ϵ[1.0000,1.0000]  (304.220s / 1201.222s)
  cell_acc=86.14%, puzzle_acc=65.77%
  eval_avg_halt_step: 7.37
  per_H_acc: ['H0=52.9%', 'H1=62.6%', 'H2=64.7%', 'H3=66.7%', 'H4=68.8%', 'H5=70.4%']
  H_cos: ['0.875', '0.977', '0.977', '0.977', '0.977']
  z_H_delta: ['15.000', '7.031', '6.062', '5.906', '5.625']
  cells: fixed=[9070, 5117, 3851, 4135, 3668] broken=[3076, 3770, 2613, 2822, 2689]
  per_ACT_cell_acc: ['H1=52.9%', 'H2=62.6%', 'H3=64.7%', 'H4=66.7%', 'H5=68.8%', 'H6=70.4%', 'H7=71.3%', 'H8=72.3%', 'H9=72.9%', 'H10=73.0%', 'H11=73.8%', 'H12=74.5%', 'H13=75.3%', 'H14=75.6%', 'H15=75.8%', 'H16=75.8%']
  per_ACT_puzzle_acc: ['H1=0.4%', 'H2=2.7%', 'H3=4.3%', 'H4=8.2%', 'H5=12.4%', 'H6=16.5%', 'H7=20.6%', 'H8=23.8%', 'H9=26.6%', 'H10=28.1%', 'H11=29.7%', 'H12=31.8%', 'H13=33.7%', 'H14=35.4%', 'H15=36.2%', 'H16=37.6%']
  mean_sigmoid_q_halt: ['0.003', '0.028', '0.056', '0.098', '0.147', '0.194', '0.237', '0.273', '0.303', '0.320', '0.340', '0.361', '0.383', '0.400', '0.410', '0.424']
  halt_rates: ['0.00', '0.03', '0.05', '0.10', '0.15', '0.19', '0.24', '0.27', '0.30', '0.32', '0.34', '0.36', '0.38', '0.40', '0.41', '0.42']
  halt_histogram %: [21.3, 17.4, 12.3, 12.8, 10.2, 7.7, 5.5, 3.9, 2.8, 1.9, 1.1, 0.7, 0.5, 0.3, 0.2, 1.2]
  Avg ACT steps (last 100): 2.86
  saved: /home/jvdillon/research/research/projects/trm3/ckpts/x182d/step06000.pt acc=86.14% (0.034s)
  saved: /home/jvdillon/research/research/projects/trm3/ckpts/x182d/best.pt acc=86.14% (0.082s)
Step  6000  Test 86.14% / 65.77%  Train lm=1.3828±0.0236ϵ[1.2969,1.5000] n_active=768.0001±0.0000ϵ[768.0000,768.0000] n_expunged=7.5880±5.7212ϵ[0.0000,64.0000] n_halted=51.3270±8.6308ϵ[25.0000,80.0000] pool_util=1.0000±0.0000ϵ[1.0000,1.0000]  (304.041s / 1202.283s)
  cell_acc=90.02%, puzzle_acc=74.30%
  eval_avg_halt_step: 6.24
  per_H_acc: ['H0=55.0%', 'H1=64.3%', 'H2=67.0%', 'H3=70.0%', 'H4=72.8%', 'H5=74.1%']
  H_cos: ['0.918', '0.977', '0.973', '0.973', '0.977']
  z_H_delta: ['13.250', '6.469', '5.469', '5.312', '4.844']
  cells: fixed=[9192, 5338, 4203, 4297, 3329] broken=[3369, 3640, 2393, 2538, 2485]
  per_ACT_cell_acc: ['H1=55.0%', 'H2=64.3%', 'H3=67.0%', 'H4=70.0%', 'H5=72.8%', 'H6=74.1%', 'H7=75.2%', 'H8=76.2%', 'H9=77.1%', 'H10=78.0%', 'H11=78.7%', 'H12=79.4%', 'H13=79.8%', 'H14=79.8%', 'H15=80.1%', 'H16=80.7%']
  per_ACT_puzzle_acc: ['H1=0.0%', 'H2=2.5%', 'H3=6.5%', 'H4=12.4%', 'H5=19.5%', 'H6=25.3%', 'H7=29.7%', 'H8=32.6%', 'H9=35.3%', 'H10=38.2%', 'H11=40.6%', 'H12=42.8%', 'H13=43.8%', 'H14=45.6%', 'H15=46.4%', 'H16=47.1%']
  mean_sigmoid_q_halt: ['0.001', '0.026', '0.078', '0.141', '0.210', '0.268', '0.307', '0.338', '0.369', '0.393', '0.418', '0.439', '0.451', '0.469', '0.479', '0.486']
  halt_rates: ['0.00', '0.03', '0.07', '0.14', '0.21', '0.27', '0.31', '0.34', '0.37', '0.39', '0.42', '0.44', '0.45', '0.47', '0.48', '0.49']
  halt_histogram %: [27.3, 19.8, 11.9, 10.8, 8.4, 6.3, 4.5, 3.3, 2.4, 1.6, 1.0, 0.7, 0.5, 0.3, 0.2, 1.0]
  Avg ACT steps (last 100): 2.73
  saved: /home/jvdillon/research/research/projects/trm3/ckpts/x182d/step08000.pt acc=90.02% (0.034s)
  saved: /home/jvdillon/research/research/projects/trm3/ckpts/x182d/best.pt acc=90.02% (0.082s)
Step  8000  Test 90.02% / 74.30%  Train lm=1.3594±0.0286ϵ[1.2578,1.5625] n_active=768.0001±0.0000ϵ[768.0000,768.0000] n_expunged=6.1705±3.5092ϵ[0.0000,35.0000] n_halted=67.2205±9.3795ϵ[35.0000,103.0000] pool_util=1.0000±0.0000ϵ[1.0000,1.0000]  (304.103s / 1202.602s)
  cell_acc=93.34%, puzzle_acc=83.58%
  eval_avg_halt_step: 4.92
  per_H_acc: ['H0=54.2%', 'H1=63.2%', 'H2=67.1%', 'H3=70.4%', 'H4=72.9%', 'H5=74.5%']
  H_cos: ['0.930', '0.977', '0.973', '0.973', '0.977']
  z_H_delta: ['13.250', '6.531', '5.938', '5.531', '5.000']
  cells: fixed=[8974, 5841, 4608, 4193, 3487] broken=[3364, 3430, 2595, 2626, 2466]
  per_ACT_cell_acc: ['H1=54.2%', 'H2=63.2%', 'H3=67.1%', 'H4=70.4%', 'H5=72.9%', 'H6=74.5%', 'H7=76.0%', 'H8=77.5%', 'H9=78.3%', 'H10=79.2%', 'H11=80.1%', 'H12=80.9%', 'H13=81.6%', 'H14=82.0%', 'H15=82.4%', 'H16=82.6%']
  per_ACT_puzzle_acc: ['H1=0.1%', 'H2=2.6%', 'H3=7.4%', 'H4=14.2%', 'H5=21.4%', 'H6=26.2%', 'H7=30.9%', 'H8=34.9%', 'H9=39.2%', 'H10=42.2%', 'H11=44.8%', 'H12=46.9%', 'H13=49.2%', 'H14=51.4%', 'H15=53.0%', 'H16=53.6%']
  mean_sigmoid_q_halt: ['0.001', '0.026', '0.086', '0.163', '0.234', '0.291', '0.340', '0.379', '0.422', '0.451', '0.477', '0.504', '0.527', '0.551', '0.562', '0.570']
  halt_rates: ['0.00', '0.03', '0.08', '0.16', '0.23', '0.29', '0.34', '0.38', '0.42', '0.45', '0.48', '0.50', '0.53', '0.55', '0.56', '0.57']
  halt_histogram %: [33.8, 21.4, 11.2, 9.1, 6.8, 5.1, 3.6, 2.6, 1.9, 1.3, 0.8, 0.6, 0.4, 0.3, 0.2, 0.8]
  Avg ACT steps (last 100): 2.51
  saved: /home/jvdillon/research/research/projects/trm3/ckpts/x182d/step10000.pt acc=93.34% (0.033s)
  saved: /home/jvdillon/research/research/projects/trm3/ckpts/x182d/best.pt acc=93.34% (0.081s)
Step 10000  Test 93.34% / 83.58%  Train lm=1.3203±0.0354ϵ[1.1641,1.4766] n_active=768.0001±0.0000ϵ[768.0000,768.0000] n_expunged=5.8760±2.8539ϵ[0.0000,30.0000] n_halted=84.4045±10.0240ϵ[56.0000,118.0000] pool_util=1.0000±0.0000ϵ[1.0000,1.0000]  (304.084s / 1202.369s)
  cell_acc=95.31%, puzzle_acc=88.25%
  eval_avg_halt_step: 4.06
  per_H_acc: ['H0=56.9%', 'H1=65.2%', 'H2=69.6%', 'H3=73.0%', 'H4=75.2%', 'H5=77.2%']
  H_cos: ['0.949', '0.973', '0.969', '0.977', '0.977']
  z_H_delta: ['12.250', '6.625', '6.188', '5.469', '5.031']
  cells: fixed=[8926, 6163, 4932, 4176, 3689] broken=[3798, 3382, 2857, 2798, 2440]
  per_ACT_cell_acc: ['H1=56.9%', 'H2=65.2%', 'H3=69.6%', 'H4=73.0%', 'H5=75.2%', 'H6=77.2%', 'H7=78.8%', 'H8=80.0%', 'H9=80.9%', 'H10=82.1%', 'H11=83.0%', 'H12=83.7%', 'H13=84.4%', 'H14=84.9%', 'H15=85.3%', 'H16=85.5%']
  per_ACT_puzzle_acc: ['H1=0.4%', 'H2=3.0%', 'H3=10.3%', 'H4=20.4%', 'H5=27.5%', 'H6=34.2%', 'H7=39.5%', 'H8=43.1%', 'H9=47.3%', 'H10=50.4%', 'H11=53.6%', 'H12=55.7%', 'H13=58.5%', 'H14=59.9%', 'H15=61.2%', 'H16=62.5%']
  mean_sigmoid_q_halt: ['0.001', '0.028', '0.112', '0.214', '0.289', '0.354', '0.412', '0.445', '0.488', '0.523', '0.547', '0.578', '0.602', '0.613', '0.629', '0.637']
  halt_rates: ['0.00', '0.03', '0.10', '0.21', '0.29', '0.35', '0.41', '0.44', '0.49', '0.52', '0.55', '0.58', '0.60', '0.61', '0.63', '0.64']
  halt_histogram %: [39.8, 21.9, 10.3, 7.7, 5.7, 4.2, 3.0, 2.1, 1.5, 1.1, 0.7, 0.5, 0.3, 0.2, 0.2, 0.6]
  Avg ACT steps (last 100): 1.94
  saved: /home/jvdillon/research/research/projects/trm3/ckpts/x182d/step12000.pt acc=95.31% (0.034s)
  saved: /home/jvdillon/research/research/projects/trm3/ckpts/x182d/best.pt acc=95.31% (0.082s)
Step 12000  Test 95.31% / 88.25%  Train lm=1.2891±0.0432ϵ[1.1328,1.4297] n_active=768.0001±0.0000ϵ[768.0000,768.0000] n_expunged=6.0015±2.6755ϵ[0.0000,17.0000] n_halted=97.6535±10.8413ϵ[67.0000,136.0000] pool_util=1.0000±0.0000ϵ[1.0000,1.0000]  (304.109s / 1201.216s)
  cell_acc=95.93%, puzzle_acc=89.88%
  eval_avg_halt_step: 3.54
  per_H_acc: ['H0=56.9%', 'H1=65.0%', 'H2=68.8%', 'H3=73.1%', 'H4=75.8%', 'H5=77.4%']
  H_cos: ['0.957', '0.973', '0.973', '0.969', '0.980']
  z_H_delta: ['12.062', '6.469', '6.188', '5.719', '4.750']
  cells: fixed=[9172, 5462, 5210, 4198, 3264] broken=[4142, 3107, 2533, 2501, 2316]
  per_ACT_cell_acc: ['H1=56.9%', 'H2=65.0%', 'H3=68.8%', 'H4=73.1%', 'H5=75.8%', 'H6=77.4%', 'H7=78.6%', 'H8=80.0%', 'H9=80.9%', 'H10=82.2%', 'H11=83.1%', 'H12=84.0%', 'H13=85.0%', 'H14=85.2%', 'H15=85.7%', 'H16=86.4%']
  per_ACT_puzzle_acc: ['H1=0.7%', 'H2=3.3%', 'H3=11.6%', 'H4=21.0%', 'H5=30.5%', 'H6=36.2%', 'H7=41.1%', 'H8=45.6%', 'H9=48.6%', 'H10=51.6%', 'H11=54.3%', 'H12=57.3%', 'H13=59.6%', 'H14=61.2%', 'H15=62.8%', 'H16=63.8%']
  mean_sigmoid_q_halt: ['0.000', '0.031', '0.136', '0.232', '0.334', '0.391', '0.439', '0.482', '0.516', '0.543', '0.578', '0.602', '0.629', '0.645', '0.660', '0.668']
  halt_rates: ['0.00', '0.03', '0.13', '0.23', '0.33', '0.39', '0.44', '0.48', '0.52', '0.54', '0.58', '0.60', '0.63', '0.64', '0.66', '0.67']
  halt_histogram %: [44.8, 22.0, 9.6, 6.7, 4.8, 3.5, 2.5, 1.8, 1.3, 0.9, 0.6, 0.4, 0.3, 0.2, 0.1, 0.5]
  Avg ACT steps (last 100): 1.90
  saved: /home/jvdillon/research/research/projects/trm3/ckpts/x182d/step14000.pt acc=95.93% (0.035s)
  saved: /home/jvdillon/research/research/projects/trm3/ckpts/x182d/best.pt acc=95.93% (0.082s)
Step 14000  Test 95.93% / 89.88%  Train lm=1.2578±0.0417ϵ[1.1016,1.5078] n_active=768.0001±0.0000ϵ[768.0000,768.0000] n_expunged=6.6900±2.7488ϵ[0.0000,18.0000] n_halted=108.3120±9.8356ϵ[79.0000,143.0000] pool_util=1.0000±0.0000ϵ[1.0000,1.0000]  (304.110s / 1202.240s)
  cell_acc=97.01%, puzzle_acc=92.47%
  eval_avg_halt_step: 3.37
  per_H_acc: ['H0=58.8%', 'H1=65.6%', 'H2=70.5%', 'H3=74.7%', 'H4=78.1%', 'H5=79.9%']
  H_cos: ['0.965', '0.973', '0.973', '0.977', '0.973']
  z_H_delta: ['11.438', '6.656', '6.500', '5.812', '5.188']
  cells: fixed=[8358, 6060, 5238, 4716, 3501] broken=[4076, 3032, 2643, 2598, 2346]
  per_ACT_cell_acc: ['H1=58.8%', 'H2=65.6%', 'H3=70.5%', 'H4=74.7%', 'H5=78.1%', 'H6=79.9%', 'H7=81.4%', 'H8=82.6%', 'H9=83.9%', 'H10=84.9%', 'H11=85.8%', 'H12=86.4%', 'H13=86.8%', 'H14=87.4%', 'H15=88.0%', 'H16=88.6%']
  per_ACT_puzzle_acc: ['H1=1.3%', 'H2=4.2%', 'H3=12.1%', 'H4=23.6%', 'H5=32.9%', 'H6=42.6%', 'H7=46.4%', 'H8=51.0%', 'H9=54.9%', 'H10=57.7%', 'H11=61.1%', 'H12=62.1%', 'H13=64.5%', 'H14=65.9%', 'H15=66.7%', 'H16=69.0%']
  mean_sigmoid_q_halt: ['0.003', '0.037', '0.139', '0.249', '0.338', '0.434', '0.475', '0.516', '0.562', '0.590', '0.621', '0.633', '0.652', '0.668', '0.676', '0.699']
  halt_rates: ['0.00', '0.03', '0.13', '0.24', '0.33', '0.43', '0.47', '0.51', '0.56', '0.59', '0.62', '0.63', '0.65', '0.67', '0.68', '0.70']
  halt_histogram %: [49.0, 21.8, 8.9, 5.9, 4.2, 3.0, 2.1, 1.5, 1.1, 0.8, 0.5, 0.3, 0.2, 0.2, 0.1, 0.5]
  Avg ACT steps (last 100): 1.67
  saved: /home/jvdillon/research/research/projects/trm3/ckpts/x182d/step16000.pt acc=97.01% (0.035s)
  saved: /home/jvdillon/research/research/projects/trm3/ckpts/x182d/best.pt acc=97.01% (0.128s)
Step 16000  Test 97.01% / 92.47%  Train lm=1.2344±0.0430ϵ[1.1016,1.3203] n_active=768.0001±0.0000ϵ[768.0000,768.0000] n_expunged=7.4380±2.8659ϵ[0.0000,18.0000] n_halted=116.5660±9.4203ϵ[88.0000,144.0000] pool_util=1.0000±0.0000ϵ[1.0000,1.0000]  (305.023s / 1203.512s)
  cell_acc=97.48%, puzzle_acc=93.77%
  eval_avg_halt_step: 3.03
  per_H_acc: ['H0=59.5%', 'H1=65.9%', 'H2=70.7%', 'H3=75.1%', 'H4=77.9%', 'H5=80.1%']
  H_cos: ['0.965', '0.969', '0.973', '0.977', '0.977']
  z_H_delta: ['11.312', '7.031', '6.375', '5.719', '5.156']
  cells: fixed=[8321, 5722, 5240, 4290, 3668] broken=[4306, 2755, 2514, 2534, 2294]
  per_ACT_cell_acc: ['H1=59.5%', 'H2=65.9%', 'H3=70.7%', 'H4=75.1%', 'H5=77.9%', 'H6=80.1%', 'H7=81.6%', 'H8=82.9%', 'H9=84.0%', 'H10=85.2%', 'H11=86.3%', 'H12=87.1%', 'H13=87.3%', 'H14=87.9%', 'H15=88.2%', 'H16=88.7%']
  per_ACT_puzzle_acc: ['H1=1.4%', 'H2=5.5%', 'H3=17.2%', 'H4=26.6%', 'H5=35.3%', 'H6=42.8%', 'H7=47.5%', 'H8=52.5%', 'H9=55.9%', 'H10=58.3%', 'H11=61.8%', 'H12=64.8%', 'H13=66.5%', 'H14=67.7%', 'H15=68.8%', 'H16=70.6%']
  mean_sigmoid_q_halt: ['0.002', '0.055', '0.183', '0.281', '0.363', '0.445', '0.490', '0.543', '0.574', '0.605', '0.637', '0.660', '0.684', '0.695', '0.707', '0.727']
  halt_rates: ['0.00', '0.05', '0.17', '0.28', '0.36', '0.44', '0.49', '0.54', '0.58', '0.60', '0.64', '0.66', '0.68', '0.70', '0.71', '0.73']
  halt_histogram %: [52.6, 21.4, 8.3, 5.2, 3.6, 2.6, 1.8, 1.3, 0.9, 0.7, 0.4, 0.3, 0.2, 0.1, 0.1, 0.4]
  Avg ACT steps (last 100): 1.34
  saved: /home/jvdillon/research/research/projects/trm3/ckpts/x182d/step18000.pt acc=97.48% (0.033s)
  saved: /home/jvdillon/research/research/projects/trm3/ckpts/x182d/best.pt acc=97.48% (0.080s)
Step 18000  Test 97.48% / 93.77%  Train lm=1.2031±0.0435ϵ[1.0547,1.3047] n_active=768.0001±0.0000ϵ[768.0000,768.0000] n_expunged=8.2400±3.1932ϵ[0.0000,21.0000] n_halted=125.3665±8.9458ϵ[101.0000,155.0000] pool_util=1.0000±0.0000ϵ[1.0000,1.0000]  (304.147s / 1204.321s)
  cell_acc=97.52%, puzzle_acc=93.75%
  eval_avg_halt_step: 2.84
  per_H_acc: ['H0=60.3%', 'H1=66.6%', 'H2=70.6%', 'H3=74.7%', 'H4=78.0%', 'H5=80.2%']
  H_cos: ['0.965', '0.965', '0.973', '0.977', '0.977']
  z_H_delta: ['11.500', '7.250', '6.469', '5.750', '5.219']
  cells: fixed=[8347, 5435, 5228, 4657, 3694] broken=[4448, 2928, 2666, 2611, 2339]
  per_ACT_cell_acc: ['H1=60.3%', 'H2=66.6%', 'H3=70.6%', 'H4=74.7%', 'H5=78.0%', 'H6=80.2%', 'H7=82.4%', 'H8=83.5%', 'H9=84.4%', 'H10=85.3%', 'H11=86.3%', 'H12=87.1%', 'H13=87.9%', 'H14=88.5%', 'H15=88.9%', 'H16=89.4%']
  per_ACT_puzzle_acc: ['H1=1.3%', 'H2=4.9%', 'H3=17.6%', 'H4=25.9%', 'H5=34.4%', 'H6=43.1%', 'H7=48.7%', 'H8=53.0%', 'H9=57.3%', 'H10=60.2%', 'H11=63.3%', 'H12=65.4%', 'H13=67.3%', 'H14=69.0%', 'H15=70.4%', 'H16=71.4%']
  mean_sigmoid_q_halt: ['0.002', '0.050', '0.193', '0.279', '0.363', '0.451', '0.508', '0.551', '0.594', '0.621', '0.652', '0.672', '0.695', '0.707', '0.727', '0.730']
  halt_rates: ['0.00', '0.04', '0.18', '0.28', '0.36', '0.45', '0.50', '0.55', '0.59', '0.62', '0.65', '0.67', '0.69', '0.71', '0.73', '0.73']
  halt_histogram %: [55.8, 20.9, 7.7, 4.7, 3.2, 2.3, 1.6, 1.1, 0.8, 0.6, 0.4, 0.3, 0.2, 0.1, 0.1, 0.3]
  Avg ACT steps (last 100): 1.24
  saved: /home/jvdillon/research/research/projects/trm3/ckpts/x182d/step20000.pt acc=97.52% (0.036s)
  saved: /home/jvdillon/research/research/projects/trm3/ckpts/x182d/best.pt acc=97.52% (0.084s)
Step 20000  Test 97.52% / 93.75%  Train lm=1.1797±0.0422ϵ[1.0547,1.2578] n_active=768.0001±0.0000ϵ[768.0000,768.0000] n_expunged=8.9675±3.3112ϵ[0.0000,21.0000] n_halted=132.3735±8.2989ϵ[104.0000,163.0000] pool_util=1.0000±0.0000ϵ[1.0000,1.0000]  (304.295s / 1204.328s)
  cell_acc=98.15%, puzzle_acc=95.41%
  eval_avg_halt_step: 2.61
  per_H_acc: ['H0=60.5%', 'H1=67.8%', 'H2=72.8%', 'H3=76.7%', 'H4=79.6%', 'H5=81.6%']
  H_cos: ['0.965', '0.965', '0.973', '0.973', '0.980']
  z_H_delta: ['11.188', '7.250', '6.500', '5.750', '4.750']
  cells: fixed=[8630, 5898, 5186, 4310, 3284] broken=[4080, 2780, 2738, 2524, 2067]
  per_ACT_cell_acc: ['H1=60.5%', 'H2=67.8%', 'H3=72.8%', 'H4=76.7%', 'H5=79.6%', 'H6=81.6%', 'H7=83.2%', 'H8=84.8%', 'H9=85.8%', 'H10=86.5%', 'H11=87.2%', 'H12=87.8%', 'H13=88.6%', 'H14=89.5%', 'H15=89.8%', 'H16=90.2%']
  per_ACT_puzzle_acc: ['H1=2.1%', 'H2=6.2%', 'H3=20.3%', 'H4=30.1%', 'H5=40.4%', 'H6=47.4%', 'H7=52.7%', 'H8=57.4%', 'H9=60.8%', 'H10=63.4%', 'H11=64.8%', 'H12=66.8%', 'H13=69.3%', 'H14=71.2%', 'H15=73.3%', 'H16=74.5%']
  mean_sigmoid_q_halt: ['0.001', '0.060', '0.224', '0.326', '0.422', '0.486', '0.547', '0.586', '0.625', '0.656', '0.668', '0.684', '0.707', '0.730', '0.746', '0.762']
  halt_rates: ['0.00', '0.05', '0.22', '0.32', '0.41', '0.48', '0.54', '0.58', '0.63', '0.65', '0.67', '0.68', '0.71', '0.73', '0.75', '0.76']
  halt_histogram %: [58.6, 20.4, 7.2, 4.2, 2.8, 2.0, 1.4, 1.0, 0.7, 0.5, 0.3, 0.2, 0.2, 0.1, 0.1, 0.3]
  Avg ACT steps (last 100): 1.34
  saved: /home/jvdillon/research/research/projects/trm3/ckpts/x182d/step22000.pt acc=98.15% (0.034s)
  saved: /home/jvdillon/research/research/projects/trm3/ckpts/x182d/best.pt acc=98.15% (0.081s)
Step 22000  Test 98.15% / 95.41%  Train lm=1.1484±0.0388ϵ[1.0078,1.2422] n_active=768.0001±0.0000ϵ[768.0000,768.0000] n_expunged=9.8230±3.5647ϵ[0.0000,25.0000] n_halted=139.1715±7.6812ϵ[113.0000,171.0000] pool_util=1.0000±0.0000ϵ[1.0000,1.0000]  (304.131s / 1204.268s)
  cell_acc=98.03%, puzzle_acc=95.08%
  eval_avg_halt_step: 2.47
  per_H_acc: ['H0=60.3%', 'H1=67.5%', 'H2=73.2%', 'H3=77.8%', 'H4=81.0%', 'H5=83.0%']
  H_cos: ['0.961', '0.965', '0.965', '0.973', '0.980']
  z_H_delta: ['11.625', '7.625', '7.156', '6.125', '4.938']
  cells: fixed=[8732, 6406, 5429, 4326, 3445] broken=[4257, 2827, 2621, 2333, 2176]
  per_ACT_cell_acc: ['H1=60.3%', 'H2=67.5%', 'H3=73.2%', 'H4=77.8%', 'H5=81.0%', 'H6=83.0%', 'H7=84.3%', 'H8=85.8%', 'H9=86.8%', 'H10=87.7%', 'H11=88.7%', 'H12=89.3%', 'H13=89.7%', 'H14=89.9%', 'H15=90.5%', 'H16=91.0%']
  per_ACT_puzzle_acc: ['H1=1.8%', 'H2=5.5%', 'H3=19.4%', 'H4=32.4%', 'H5=43.8%', 'H6=50.5%', 'H7=55.6%', 'H8=58.3%', 'H9=62.0%', 'H10=64.7%', 'H11=68.1%', 'H12=70.7%', 'H13=72.4%', 'H14=73.2%', 'H15=74.2%', 'H16=75.8%']
  mean_sigmoid_q_halt: ['0.002', '0.056', '0.219', '0.348', '0.457', '0.531', '0.582', '0.609', '0.641', '0.676', '0.707', '0.730', '0.750', '0.758', '0.766', '0.781']
  halt_rates: ['0.00', '0.05', '0.20', '0.34', '0.45', '0.53', '0.58', '0.61', '0.64', '0.67', '0.71', '0.73', '0.75', '0.76', '0.77', '0.78']
  halt_histogram %: [61.0, 19.9, 6.7, 3.8, 2.5, 1.8, 1.3, 0.9, 0.6, 0.4, 0.3, 0.2, 0.1, 0.1, 0.1, 0.3]
  Avg ACT steps (last 100): 1.29
  saved: /home/jvdillon/research/research/projects/trm3/ckpts/x182d/step24000.pt acc=98.03% (0.035s)
Step 24000  Test 98.03% / 95.08%  Train lm=1.1250±0.0439ϵ[0.9922,1.2031] n_active=768.0001±0.0000ϵ[768.0000,768.0000] n_expunged=10.6880±3.9260ϵ[0.0000,25.0000] n_halted=144.9245±7.5826ϵ[121.0000,172.0000] pool_util=1.0000±0.0000ϵ[1.0000,1.0000]  (304.122s / 1203.997s)
  cell_acc=98.69%, puzzle_acc=96.74%
  eval_avg_halt_step: 2.38
  per_H_acc: ['H0=61.3%', 'H1=68.2%', 'H2=73.2%', 'H3=77.7%', 'H4=80.9%', 'H5=82.8%']
  H_cos: ['0.957', '0.965', '0.969', '0.969', '0.977']
  z_H_delta: ['11.625', '7.500', '6.781', '6.125', '4.938']
  cells: fixed=[8420, 5920, 5386, 4511, 3413] broken=[4172, 2785, 2594, 2490, 2267]
  per_ACT_cell_acc: ['H1=61.3%', 'H2=68.2%', 'H3=73.2%', 'H4=77.7%', 'H5=80.9%', 'H6=82.8%', 'H7=84.0%', 'H8=85.2%', 'H9=86.7%', 'H10=87.8%', 'H11=88.8%', 'H12=89.8%', 'H13=90.1%', 'H14=90.5%', 'H15=90.8%', 'H16=91.2%']
  per_ACT_puzzle_acc: ['H1=2.1%', 'H2=7.4%', 'H3=20.7%', 'H4=32.2%', 'H5=42.8%', 'H6=51.7%', 'H7=56.2%', 'H8=60.0%', 'H9=63.4%', 'H10=66.9%', 'H11=69.7%', 'H12=71.4%', 'H13=73.0%', 'H14=74.9%', 'H15=76.2%', 'H16=77.0%']
  mean_sigmoid_q_halt: ['0.003', '0.089', '0.233', '0.348', '0.457', '0.531', '0.578', '0.617', '0.652', '0.688', '0.715', '0.727', '0.746', '0.762', '0.777', '0.785']
  halt_rates: ['0.00', '0.07', '0.23', '0.33', '0.45', '0.52', '0.57', '0.61', '0.65', '0.68', '0.71', '0.73', '0.74', '0.76', '0.77', '0.78']
  halt_histogram %: [63.2, 19.4, 6.3, 3.5, 2.3, 1.6, 1.1, 0.8, 0.6, 0.4, 0.3, 0.2, 0.1, 0.1, 0.1, 0.2]
  Avg ACT steps (last 100): 1.17
  saved: /home/jvdillon/research/research/projects/trm3/ckpts/x182d/step26000.pt acc=98.69% (0.035s)
  saved: /home/jvdillon/research/research/projects/trm3/ckpts/x182d/best.pt acc=98.69% (0.083s)
Step 26000  Test 98.69% / 96.74%  Train lm=1.1094±0.0417ϵ[0.9805,1.1875] n_active=768.0001±0.0000ϵ[768.0000,768.0000] n_expunged=11.0835±4.1041ϵ[0.0000,25.0000] n_halted=149.3445±6.9249ϵ[128.0000,174.0000] pool_util=1.0000±0.0000ϵ[1.0000,1.0000]  (303.772s / 1200.986s)
  cell_acc=98.74%, puzzle_acc=96.88%
  eval_avg_halt_step: 2.32
  per_H_acc: ['H0=61.0%', 'H1=67.5%', 'H2=73.5%', 'H3=77.8%', 'H4=80.5%', 'H5=82.7%']
  H_cos: ['0.961', '0.965', '0.965', '0.973', '0.980']
  z_H_delta: ['11.438', '7.656', '7.062', '5.875', '4.781']
  cells: fixed=[8464, 6520, 5363, 4191, 3411] broken=[4397, 2805, 2689, 2498, 2033]
  per_ACT_cell_acc: ['H1=61.0%', 'H2=67.5%', 'H3=73.5%', 'H4=77.8%', 'H5=80.5%', 'H6=82.7%', 'H7=84.9%', 'H8=86.1%', 'H9=87.4%', 'H10=88.2%', 'H11=88.9%', 'H12=89.6%', 'H13=90.4%', 'H14=90.6%', 'H15=90.8%', 'H16=91.2%']
  per_ACT_puzzle_acc: ['H1=1.7%', 'H2=6.0%', 'H3=19.4%', 'H4=33.1%', 'H5=44.5%', 'H6=51.2%', 'H7=56.9%', 'H8=61.5%', 'H9=64.8%', 'H10=68.1%', 'H11=70.2%', 'H12=72.8%', 'H13=74.0%', 'H14=75.1%', 'H15=76.0%', 'H16=77.1%']
  mean_sigmoid_q_halt: ['0.003', '0.077', '0.227', '0.359', '0.461', '0.527', '0.586', '0.633', '0.664', '0.695', '0.719', '0.742', '0.754', '0.770', '0.773', '0.781']
  halt_rates: ['0.00', '0.07', '0.21', '0.35', '0.45', '0.52', '0.58', '0.63', '0.66', '0.70', '0.72', '0.74', '0.75', '0.77', '0.77', '0.78']
  halt_histogram %: [65.1, 18.9, 5.9, 3.2, 2.1, 1.4, 1.0, 0.7, 0.5, 0.4, 0.2, 0.2, 0.1, 0.1, 0.1, 0.2]
  Avg ACT steps (last 100): 1.21
  saved: /home/jvdillon/research/research/projects/trm3/ckpts/x182d/step28000.pt acc=98.74% (0.036s)
  saved: /home/jvdillon/research/research/projects/trm3/ckpts/x182d/best.pt acc=98.74% (0.128s)
Step 28000  Test 98.74% / 96.88%  Train lm=1.0938±0.0356ϵ[0.9805,1.1641] n_active=768.0001±0.0000ϵ[768.0000,768.0000] n_expunged=11.5300±3.8715ϵ[1.0000,26.0000] n_halted=152.6275±6.3927ϵ[131.0000,173.0000] pool_util=1.0000±0.0000ϵ[1.0000,1.0000]  (303.955s / 1202.117s)
  cell_acc=98.87%, puzzle_acc=97.20%
  eval_avg_halt_step: 2.28
  per_H_acc: ['H0=61.6%', 'H1=68.1%', 'H2=73.8%', 'H3=78.5%', 'H4=81.5%', 'H5=83.4%']
  H_cos: ['0.957', '0.957', '0.969', '0.973', '0.977']
  z_H_delta: ['11.750', '7.844', '6.875', '5.656', '4.781']
  cells: fixed=[8426, 6265, 5363, 4031, 3311] broken=[4357, 2737, 2455, 2155, 2094]
  per_ACT_cell_acc: ['H1=61.6%', 'H2=68.1%', 'H3=73.8%', 'H4=78.5%', 'H5=81.5%', 'H6=83.4%', 'H7=85.3%', 'H8=86.9%', 'H9=88.1%', 'H10=89.0%', 'H11=89.6%', 'H12=90.4%', 'H13=91.0%', 'H14=91.6%', 'H15=92.1%', 'H16=92.4%']
  per_ACT_puzzle_acc: ['H1=2.5%', 'H2=6.6%', 'H3=23.8%', 'H4=35.9%', 'H5=45.3%', 'H6=52.6%', 'H7=58.3%', 'H8=63.7%', 'H9=67.3%', 'H10=70.7%', 'H11=72.9%', 'H12=74.1%', 'H13=75.4%', 'H14=77.0%', 'H15=78.5%', 'H16=79.7%']
  mean_sigmoid_q_halt: ['0.003', '0.078', '0.264', '0.379', '0.471', '0.547', '0.602', '0.648', '0.688', '0.723', '0.742', '0.754', '0.766', '0.781', '0.793', '0.809']
  halt_rates: ['0.00', '0.07', '0.26', '0.37', '0.46', '0.54', '0.60', '0.65', '0.68', '0.72', '0.74', '0.76', '0.76', '0.78', '0.79', '0.81']
  halt_histogram %: [66.7, 18.5, 5.6, 2.9, 1.9, 1.3, 0.9, 0.6, 0.5, 0.3, 0.2, 0.1, 0.1, 0.1, 0.0, 0.2]
  Avg ACT steps (last 100): 1.30
  saved: /home/jvdillon/research/research/projects/trm3/ckpts/x182d/step30000.pt acc=98.87% (0.036s)
  saved: /home/jvdillon/research/research/projects/trm3/ckpts/x182d/best.pt acc=98.87% (0.084s)
Step 30000  Test 98.87% / 97.20%  Train lm=1.0859±0.0327ϵ[0.9727,1.1641] n_active=768.0001±0.0000ϵ[768.0000,768.0000] n_expunged=11.8610±4.0037ϵ[1.0000,25.0000] n_halted=154.0945±6.0227ϵ[132.0000,172.0000] pool_util=1.0000±0.0000ϵ[1.0000,1.0000]  (303.848s / 1202.502s)
  cell_acc=98.89%, puzzle_acc=97.28%
  eval_avg_halt_step: 2.29
  per_H_acc: ['H0=61.4%', 'H1=68.6%', 'H2=74.5%', 'H3=78.3%', 'H4=81.1%', 'H5=83.2%']
  H_cos: ['0.953', '0.957', '0.969', '0.973', '0.980']
  z_H_delta: ['11.875', '7.906', '6.875', '5.625', '4.688']
  cells: fixed=[8673, 6386, 5021, 4029, 3393] broken=[4173, 2712, 2682, 2266, 2075]
  per_ACT_cell_acc: ['H1=61.4%', 'H2=68.6%', 'H3=74.5%', 'H4=78.3%', 'H5=81.1%', 'H6=83.2%', 'H7=85.0%', 'H8=86.6%', 'H9=87.8%', 'H10=88.3%', 'H11=88.7%', 'H12=89.1%', 'H13=90.0%', 'H14=90.5%', 'H15=91.0%', 'H16=91.5%']
  per_ACT_puzzle_acc: ['H1=2.1%', 'H2=7.4%', 'H3=24.6%', 'H4=35.9%', 'H5=46.1%', 'H6=51.8%', 'H7=57.7%', 'H8=62.9%', 'H9=65.9%', 'H10=67.4%', 'H11=68.9%', 'H12=70.8%', 'H13=72.4%', 'H14=74.3%', 'H15=76.2%', 'H16=77.3%']
  mean_sigmoid_q_halt: ['0.003', '0.088', '0.262', '0.377', '0.471', '0.531', '0.594', '0.641', '0.668', '0.688', '0.703', '0.719', '0.734', '0.754', '0.770', '0.781']
  halt_rates: ['0.00', '0.08', '0.24', '0.37', '0.46', '0.53', '0.59', '0.64', '0.67', '0.68', '0.70', '0.72', '0.73', '0.76', '0.77', '0.78']
  halt_histogram %: [68.1, 18.1, 5.3, 2.7, 1.7, 1.2, 0.8, 0.6, 0.4, 0.3, 0.2, 0.1, 0.1, 0.1, 0.0, 0.2]
  Avg ACT steps (last 100): 1.22
  saved: /home/jvdillon/research/research/projects/trm3/ckpts/x182d/step32000.pt acc=98.89% (0.035s)
  saved: /home/jvdillon/research/research/projects/trm3/ckpts/x182d/best.pt acc=98.89% (0.128s)
Step 32000  Test 98.89% / 97.28%  Train lm=1.0781±0.0308ϵ[0.9961,1.1484] n_active=768.0001±0.0000ϵ[768.0000,768.0000] n_expunged=12.0175±3.9555ϵ[0.0000,26.0000] n_halted=155.2415±6.0285ϵ[136.0000,175.0000] pool_util=1.0000±0.0000ϵ[1.0000,1.0000]  (303.774s / 1202.124s)
  cell_acc=98.90%, puzzle_acc=97.28%
  eval_avg_halt_step: 2.28
  per_H_acc: ['H0=61.4%', 'H1=68.4%', 'H2=73.9%', 'H3=77.8%', 'H4=80.8%', 'H5=83.2%']
  H_cos: ['0.953', '0.961', '0.969', '0.969', '0.980']
  z_H_delta: ['11.875', '7.812', '6.844', '5.938', '4.938']
  cells: fixed=[8611, 6180, 5041, 4292, 3508] broken=[4263, 2764, 2639, 2427, 2016]
  per_ACT_cell_acc: ['H1=61.4%', 'H2=68.4%', 'H3=73.9%', 'H4=77.8%', 'H5=80.8%', 'H6=83.2%', 'H7=84.2%', 'H8=85.3%', 'H9=86.2%', 'H10=87.2%', 'H11=88.2%', 'H12=89.0%', 'H13=89.5%', 'H14=90.1%', 'H15=90.7%', 'H16=91.2%']
  per_ACT_puzzle_acc: ['H1=2.1%', 'H2=7.7%', 'H3=24.1%', 'H4=34.0%', 'H5=44.7%', 'H6=51.4%', 'H7=55.7%', 'H8=59.8%', 'H9=63.0%', 'H10=65.0%', 'H11=67.2%', 'H12=69.9%', 'H13=71.5%', 'H14=73.6%', 'H15=75.1%', 'H16=76.2%']
  mean_sigmoid_q_halt: ['0.003', '0.090', '0.260', '0.361', '0.463', '0.527', '0.574', '0.609', '0.641', '0.668', '0.691', '0.711', '0.734', '0.750', '0.766', '0.773']
  halt_rates: ['0.00', '0.08', '0.24', '0.35', '0.45', '0.52', '0.57', '0.61', '0.64', '0.67', '0.69', '0.71', '0.73', '0.75', '0.76', '0.77']
  halt_histogram %: [69.2, 17.8, 5.1, 2.6, 1.6, 1.1, 0.8, 0.5, 0.4, 0.3, 0.2, 0.1, 0.1, 0.1, 0.0, 0.2]
  Avg ACT steps (last 100): 1.24
  saved: /home/jvdillon/research/research/projects/trm3/ckpts/x182d/step34000.pt acc=98.90% (0.034s)
  saved: /home/jvdillon/research/research/projects/trm3/ckpts/x182d/best.pt acc=98.90% (0.082s)
Step 34000  Test 98.90% / 97.28%  Train lm=1.0781±0.0304ϵ[0.9766,1.1406] n_active=768.0001±0.0000ϵ[768.0000,768.0000] n_expunged=12.0755±3.9978ϵ[1.0000,28.0000] n_halted=155.7055±6.0734ϵ[133.0000,174.0000] pool_util=1.0000±0.0000ϵ[1.0000,1.0000]  (303.493s / 1201.752s)
  cell_acc=98.84%, puzzle_acc=97.16%
  eval_avg_halt_step: 2.29
  per_H_acc: ['H0=61.5%', 'H1=68.4%', 'H2=73.9%', 'H3=78.0%', 'H4=81.3%', 'H5=83.4%']
  H_cos: ['0.953', '0.961', '0.969', '0.973', '0.977']
  z_H_delta: ['11.875', '7.844', '6.875', '5.938', '4.906']
  cells: fixed=[8598, 6239, 5132, 4388, 3347] broken=[4298, 2769, 2596, 2320, 2093]
  per_ACT_cell_acc: ['H1=61.5%', 'H2=68.4%', 'H3=73.9%', 'H4=78.0%', 'H5=81.3%', 'H6=83.4%', 'H7=84.6%', 'H8=85.7%', 'H9=86.4%', 'H10=87.8%', 'H11=88.9%', 'H12=89.4%', 'H13=90.1%', 'H14=90.8%', 'H15=91.4%', 'H16=91.7%']
  per_ACT_puzzle_acc: ['H1=2.1%', 'H2=7.4%', 'H3=23.2%', 'H4=34.0%', 'H5=44.4%', 'H6=52.0%', 'H7=56.5%', 'H8=59.6%', 'H9=63.3%', 'H10=66.7%', 'H11=69.8%', 'H12=71.6%', 'H13=73.2%', 'H14=75.0%', 'H15=77.0%', 'H16=78.4%']
  mean_sigmoid_q_halt: ['0.003', '0.088', '0.258', '0.359', '0.459', '0.539', '0.586', '0.613', '0.648', '0.684', '0.715', '0.734', '0.746', '0.766', '0.781', '0.797']
  halt_rates: ['0.00', '0.08', '0.24', '0.35', '0.45', '0.54', '0.58', '0.61', '0.65', '0.68', '0.71', '0.73', '0.75', '0.76', '0.78', '0.80']
  halt_histogram %: [70.2, 17.5, 4.9, 2.4, 1.5, 1.0, 0.7, 0.5, 0.4, 0.3, 0.2, 0.1, 0.1, 0.1, 0.0, 0.2]
  Avg ACT steps (last 100): 1.36
  saved: /home/jvdillon/research/research/projects/trm3/ckpts/x182d/step36000.pt acc=98.84% (0.033s)
Step 36000  Test 98.84% / 97.16%  Train lm=1.0781±0.0306ϵ[0.9883,1.1484] n_active=768.0001±0.0000ϵ[768.0000,768.0000] n_expunged=12.0535±3.8867ϵ[1.0000,25.0000] n_halted=155.3340±5.8128ϵ[136.0000,173.0000] pool_util=1.0000±0.0000ϵ[1.0000,1.0000]  (303.411s / 1200.776s)
