Adam params: ('embed_tokens.weight', 'head.weight', 'head.bias', 'q_head.weight', 'q_head.bias')
Muon 2D params: ('reasoning.0.attn.up_proj.weight', 'reasoning.0.attn.down_proj.weight', 'reasoning.0.mlp.up_proj.weight', 'reasoning.0.mlp.down_proj.weight', 'reasoning.1.attn.up_proj.weight', 'reasoning.1.attn.down_proj.weight', 'reasoning.1.mlp.up_proj.weight', 'reasoning.1.mlp.down_proj.weight')
Muon 3D params (ensemble_dims=1): ()
Saved step 0 checkpoint with RNG: /home/jvdillon/research/research/projects/trm3/ckpts/x182ll/step00000_rng.pt
  cell_acc=69.25%, puzzle_acc=25.39%
  eval_avg_halt_step: 10.08
  per_H_acc: ['H0=55.0%', 'H1=62.6%', 'H2=64.2%', 'H3=64.3%', 'H4=64.8%', 'H5=64.9%']
  H_cos: ['0.793', '0.953', '0.973', '0.973', '0.977']
  z_H_delta: ['17.500', '9.250', '7.031', '6.750', '6.406']
  cells: fixed=[8775, 4896, 2482, 2519, 2711] broken=[4044, 3867, 2416, 2218, 2687]
  per_ACT_cell_acc: ['H1=55.0%', 'H2=62.6%', 'H3=64.2%', 'H4=64.3%', 'H5=64.8%', 'H6=64.9%', 'H7=64.8%', 'H8=64.9%', 'H9=65.4%', 'H10=65.7%', 'H11=66.0%', 'H12=66.0%', 'H13=66.0%', 'H14=66.3%', 'H15=66.4%', 'H16=66.6%']
  per_ACT_puzzle_acc: ['H1=0.0%', 'H2=2.1%', 'H3=3.5%', 'H4=4.8%', 'H5=5.7%', 'H6=7.3%', 'H7=9.1%', 'H8=9.8%', 'H9=10.3%', 'H10=11.1%', 'H11=12.2%', 'H12=13.0%', 'H13=14.1%', 'H14=14.6%', 'H15=15.0%', 'H16=15.4%']
  mean_sigmoid_q_halt: ['0.001', '0.014', '0.108', '0.116', '0.099', '0.115', '0.151', '0.169', '0.169', '0.187', '0.204', '0.209', '0.221', '0.231', '0.235', '0.245']
  halt_rates: ['0.00', '0.02', '0.09', '0.09', '0.09', '0.10', '0.14', '0.16', '0.15', '0.17', '0.19', '0.20', '0.21', '0.22', '0.23', '0.24']
  halt_histogram %: [14.8, 14.0, 13.5, 19.0, 13.4, 8.9, 5.0, 3.0, 2.2, 1.6, 1.0, 0.5, 0.5, 0.0, 0.0, 2.7]
  Avg ACT steps (last 100): 4.04
  saved: /home/jvdillon/research/research/projects/trm3/ckpts/x182ll/step02000.pt acc=69.25% (0.036s)
  saved: /home/jvdillon/research/research/projects/trm3/ckpts/x182ll/best.pt acc=69.25% (0.068s)
Step  2000  Test 69.25% / 25.39%  Train lm=1.3438±0.2363ϵ[0.9219,3.2188] n_active=768.0001±0.0000ϵ[768.0000,768.0000] n_expunged=81.9015±53.8402ϵ[0.0000,192.0000] n_halted=43.6080±37.0606ϵ[0.0000,192.0000] pool_util=1.0000±0.0000ϵ[1.0000,1.0000]  (304.132s / 1137.374s)
  cell_acc=73.66%, puzzle_acc=34.03%
  eval_avg_halt_step: 9.55
  per_H_acc: ['H0=50.0%', 'H1=59.6%', 'H2=62.7%', 'H3=64.0%', 'H4=65.2%', 'H5=66.6%']
  H_cos: ['0.836', '0.969', '0.977', '0.977', '0.980']
  z_H_delta: ['17.000', '7.625', '5.719', '5.375', '5.062']
  cells: fixed=[9851, 5775, 3538, 3209, 2915] broken=[3830, 3842, 2727, 2472, 2073]
  per_ACT_cell_acc: ['H1=50.0%', 'H2=59.6%', 'H3=62.7%', 'H4=64.0%', 'H5=65.2%', 'H6=66.6%', 'H7=67.3%', 'H8=67.5%', 'H9=67.7%', 'H10=68.0%', 'H11=68.2%', 'H12=68.6%', 'H13=68.8%', 'H14=69.1%', 'H15=69.4%', 'H16=69.5%']
  per_ACT_puzzle_acc: ['H1=0.0%', 'H2=0.5%', 'H3=2.5%', 'H4=4.8%', 'H5=7.0%', 'H6=9.1%', 'H7=11.7%', 'H8=14.5%', 'H9=15.5%', 'H10=17.1%', 'H11=18.0%', 'H12=18.6%', 'H13=19.3%', 'H14=19.9%', 'H15=21.1%', 'H16=21.5%']
  mean_sigmoid_q_halt: ['0.002', '0.000', '0.027', '0.070', '0.131', '0.188', '0.228', '0.268', '0.289', '0.303', '0.324', '0.332', '0.338', '0.348', '0.357', '0.365']
  halt_rates: ['0.00', '0.00', '0.02', '0.07', '0.13', '0.19', '0.23', '0.27', '0.29', '0.30', '0.33', '0.33', '0.34', '0.35', '0.36', '0.37']
  halt_histogram %: [15.7, 15.3, 13.1, 15.4, 12.2, 9.1, 6.2, 4.2, 2.9, 2.0, 1.2, 0.7, 0.5, 0.2, 0.1, 1.5]
  Avg ACT steps (last 100): 4.36
  saved: /home/jvdillon/research/research/projects/trm3/ckpts/x182ll/step04000.pt acc=73.66% (0.035s)
  saved: /home/jvdillon/research/research/projects/trm3/ckpts/x182ll/best.pt acc=73.66% (0.083s)
Step  4000  Test 73.66% / 34.03%  Train lm=1.3828±0.0256ϵ[1.2734,1.5078] n_active=768.0001±0.0000ϵ[768.0000,768.0000] n_expunged=26.2005±19.7489ϵ[0.0000,117.0000] n_halted=43.6030±8.5855ϵ[18.0000,78.0000] pool_util=1.0000±0.0000ϵ[1.0000,1.0000]  (304.274s / 1134.331s)
  cell_acc=87.12%, puzzle_acc=68.08%
  eval_avg_halt_step: 6.80
  per_H_acc: ['H0=54.9%', 'H1=63.3%', 'H2=65.7%', 'H3=67.6%', 'H4=69.5%', 'H5=70.9%']
  H_cos: ['0.898', '0.973', '0.977', '0.977', '0.977']
  z_H_delta: ['14.750', '7.250', '6.125', '5.781', '5.250']
  cells: fixed=[9339, 5210, 3877, 3884, 3366] broken=[4070, 3760, 2663, 2691, 2499]
  per_ACT_cell_acc: ['H1=54.9%', 'H2=63.3%', 'H3=65.7%', 'H4=67.6%', 'H5=69.5%', 'H6=70.9%', 'H7=71.8%', 'H8=72.4%', 'H9=73.6%', 'H10=74.3%', 'H11=74.6%', 'H12=74.7%', 'H13=75.1%', 'H14=75.6%', 'H15=75.9%', 'H16=76.4%']
  per_ACT_puzzle_acc: ['H1=0.1%', 'H2=2.5%', 'H3=6.1%', 'H4=9.8%', 'H5=14.6%', 'H6=19.5%', 'H7=23.2%', 'H8=25.3%', 'H9=28.6%', 'H10=30.3%', 'H11=32.2%', 'H12=34.1%', 'H13=35.2%', 'H14=35.7%', 'H15=36.3%', 'H16=37.1%']
  mean_sigmoid_q_halt: ['0.003', '0.013', '0.072', '0.137', '0.200', '0.258', '0.297', '0.316', '0.350', '0.375', '0.391', '0.410', '0.418', '0.426', '0.434', '0.443']
  halt_rates: ['0.00', '0.01', '0.07', '0.13', '0.20', '0.26', '0.30', '0.32', '0.35', '0.37', '0.39', '0.41', '0.42', '0.43', '0.43', '0.44']
  halt_histogram %: [20.7, 18.0, 12.7, 13.0, 10.2, 7.7, 5.5, 3.8, 2.6, 1.9, 1.2, 0.7, 0.5, 0.3, 0.2, 1.1]
  Avg ACT steps (last 100): 2.73
  saved: /home/jvdillon/research/research/projects/trm3/ckpts/x182ll/step06000.pt acc=87.12% (0.033s)
  saved: /home/jvdillon/research/research/projects/trm3/ckpts/x182ll/best.pt acc=87.12% (0.079s)
Step  6000  Test 87.12% / 68.08%  Train lm=1.3750±0.0295ϵ[1.2500,1.6797] n_active=768.0001±0.0000ϵ[768.0000,768.0000] n_expunged=11.2520±8.5210ϵ[0.0000,73.0000] n_halted=54.1635±9.8945ϵ[26.0000,97.0000] pool_util=1.0000±0.0000ϵ[1.0000,1.0000]  (303.679s / 1134.692s)
  cell_acc=91.59%, puzzle_acc=79.07%
  eval_avg_halt_step: 5.40
  per_H_acc: ['H0=54.7%', 'H1=63.4%', 'H2=66.9%', 'H3=69.4%', 'H4=71.9%', 'H5=73.6%']
  H_cos: ['0.922', '0.984', '0.980', '0.980', '0.984']
  z_H_delta: ['14.000', '6.250', '5.688', '5.281', '4.875']
  cells: fixed=[9167, 5737, 4364, 4061, 3519] broken=[3747, 3559, 2800, 2525, 2474]
  per_ACT_cell_acc: ['H1=54.7%', 'H2=63.4%', 'H3=66.9%', 'H4=69.4%', 'H5=71.9%', 'H6=73.6%', 'H7=74.9%', 'H8=76.0%', 'H9=77.1%', 'H10=77.6%', 'H11=78.4%', 'H12=78.8%', 'H13=79.5%', 'H14=79.8%', 'H15=80.3%', 'H16=81.0%']
  per_ACT_puzzle_acc: ['H1=0.3%', 'H2=2.6%', 'H3=5.7%', 'H4=13.5%', 'H5=19.3%', 'H6=24.6%', 'H7=29.0%', 'H8=33.2%', 'H9=36.2%', 'H10=39.2%', 'H11=40.9%', 'H12=42.8%', 'H13=44.5%', 'H14=46.2%', 'H15=47.7%', 'H16=48.2%']
  mean_sigmoid_q_halt: ['0.003', '0.022', '0.068', '0.152', '0.215', '0.273', '0.328', '0.361', '0.396', '0.426', '0.441', '0.459', '0.480', '0.494', '0.508', '0.512']
  halt_rates: ['0.00', '0.02', '0.06', '0.14', '0.21', '0.27', '0.32', '0.36', '0.40', '0.43', '0.44', '0.46', '0.48', '0.50', '0.51', '0.51']
  halt_histogram %: [27.8, 20.4, 12.1, 10.8, 8.3, 6.2, 4.4, 3.0, 2.1, 1.5, 1.0, 0.6, 0.4, 0.2, 0.2, 0.8]
  Avg ACT steps (last 100): 2.87
  saved: /home/jvdillon/research/research/projects/trm3/ckpts/x182ll/step08000.pt acc=91.59% (0.034s)
  saved: /home/jvdillon/research/research/projects/trm3/ckpts/x182ll/best.pt acc=91.59% (0.129s)
Step  8000  Test 91.59% / 79.07%  Train lm=1.3438±0.0339ϵ[1.2188,1.6406] n_active=768.0001±0.0000ϵ[768.0000,768.0000] n_expunged=6.4995±3.5139ϵ[0.0000,37.0000] n_halted=72.2775±9.9115ϵ[42.0000,114.0000] pool_util=1.0000±0.0000ϵ[1.0000,1.0000]  (303.741s / 1134.542s)
  cell_acc=93.00%, puzzle_acc=82.68%
  eval_avg_halt_step: 4.47
  per_H_acc: ['H0=54.0%', 'H1=64.5%', 'H2=68.3%', 'H3=71.3%', 'H4=73.7%', 'H5=75.2%']
  H_cos: ['0.938', '0.977', '0.977', '0.980', '0.984']
  z_H_delta: ['14.000', '6.719', '6.031', '5.312', '4.750']
  cells: fixed=[10309, 5781, 4292, 3821, 3070] broken=[3808, 3388, 2458, 2271, 2186]
  per_ACT_cell_acc: ['H1=54.0%', 'H2=64.5%', 'H3=68.3%', 'H4=71.3%', 'H5=73.7%', 'H6=75.2%', 'H7=76.7%', 'H8=77.7%', 'H9=78.4%', 'H10=79.0%', 'H11=79.8%', 'H12=80.4%', 'H13=80.7%', 'H14=81.3%', 'H15=81.8%', 'H16=82.1%']
  per_ACT_puzzle_acc: ['H1=0.1%', 'H2=2.9%', 'H3=9.0%', 'H4=17.7%', 'H5=24.5%', 'H6=30.6%', 'H7=35.2%', 'H8=38.8%', 'H9=42.1%', 'H10=43.6%', 'H11=45.8%', 'H12=47.9%', 'H13=49.9%', 'H14=50.7%', 'H15=51.7%', 'H16=53.0%']
  mean_sigmoid_q_halt: ['0.002', '0.026', '0.102', '0.215', '0.287', '0.359', '0.406', '0.445', '0.480', '0.498', '0.516', '0.539', '0.559', '0.566', '0.578', '0.590']
  halt_rates: ['0.00', '0.03', '0.10', '0.21', '0.28', '0.36', '0.41', '0.45', '0.48', '0.50', '0.52', '0.54', '0.56', '0.57', '0.58', '0.59']
  halt_histogram %: [34.8, 21.7, 11.2, 9.0, 6.7, 5.0, 3.5, 2.5, 1.7, 1.2, 0.8, 0.5, 0.4, 0.2, 0.1, 0.7]
  Avg ACT steps (last 100): 2.09
  saved: /home/jvdillon/research/research/projects/trm3/ckpts/x182ll/step10000.pt acc=93.00% (0.034s)
  saved: /home/jvdillon/research/research/projects/trm3/ckpts/x182ll/best.pt acc=93.00% (0.126s)
Step 10000  Test 93.00% / 82.68%  Train lm=1.3203±0.0483ϵ[1.1484,1.7109] n_active=768.0001±0.0000ϵ[768.0000,768.0000] n_expunged=6.0175±2.7586ϵ[0.0000,23.0000] n_halted=87.8150±11.0551ϵ[54.0000,135.0000] pool_util=1.0000±0.0000ϵ[1.0000,1.0000]  (303.769s / 1134.817s)
  cell_acc=95.31%, puzzle_acc=88.46%
  eval_avg_halt_step: 3.95
  per_H_acc: ['H0=54.7%', 'H1=64.3%', 'H2=68.6%', 'H3=72.3%', 'H4=74.8%', 'H5=76.6%']
  H_cos: ['0.941', '0.980', '0.980', '0.980', '0.984']
  z_H_delta: ['14.062', '6.656', '6.000', '5.656', '4.750']
  cells: fixed=[9974, 6048, 4947, 4214, 3470] broken=[3985, 3394, 2671, 2659, 2308]
  per_ACT_cell_acc: ['H1=54.7%', 'H2=64.3%', 'H3=68.6%', 'H4=72.3%', 'H5=74.8%', 'H6=76.6%', 'H7=78.2%', 'H8=79.4%', 'H9=80.4%', 'H10=81.1%', 'H11=81.7%', 'H12=82.4%', 'H13=83.0%', 'H14=83.6%', 'H15=84.0%', 'H16=84.3%']
  per_ACT_puzzle_acc: ['H1=0.1%', 'H2=3.3%', 'H3=8.9%', 'H4=18.2%', 'H5=27.7%', 'H6=33.3%', 'H7=39.3%', 'H8=43.9%', 'H9=46.4%', 'H10=48.8%', 'H11=51.2%', 'H12=53.8%', 'H13=55.1%', 'H14=56.6%', 'H15=58.2%', 'H16=58.9%']
  mean_sigmoid_q_halt: ['0.002', '0.032', '0.105', '0.199', '0.309', '0.359', '0.426', '0.465', '0.498', '0.527', '0.551', '0.570', '0.586', '0.605', '0.621', '0.625']
  halt_rates: ['0.00', '0.03', '0.10', '0.19', '0.31', '0.36', '0.42', '0.46', '0.50', '0.52', '0.55', '0.57', '0.59', '0.61', '0.62', '0.63']
  halt_histogram %: [40.8, 22.1, 10.4, 7.6, 5.6, 4.1, 2.9, 2.0, 1.4, 1.0, 0.7, 0.4, 0.3, 0.2, 0.1, 0.5]
  Avg ACT steps (last 100): 1.83
  saved: /home/jvdillon/research/research/projects/trm3/ckpts/x182ll/step12000.pt acc=95.31% (0.034s)
  saved: /home/jvdillon/research/research/projects/trm3/ckpts/x182ll/best.pt acc=95.31% (0.127s)
Step 12000  Test 95.31% / 88.46%  Train lm=1.2891±0.0566ϵ[1.1328,2.3594] n_active=768.0001±0.0000ϵ[768.0000,768.0000] n_expunged=6.1180±2.6413ϵ[0.0000,21.0000] n_halted=100.2780±10.8387ϵ[67.0000,136.0000] pool_util=1.0000±0.0000ϵ[1.0000,1.0000]  (303.811s / 1135.359s)
  cell_acc=94.36%, puzzle_acc=86.27%
  eval_avg_halt_step: 3.42
  per_H_acc: ['H0=52.0%', 'H1=62.8%', 'H2=68.0%', 'H3=72.5%', 'H4=75.5%', 'H5=77.1%']
  H_cos: ['0.938', '0.980', '0.977', '0.980', '0.984']
  z_H_delta: ['14.438', '6.781', '6.500', '5.750', '4.938']
  cells: fixed=[10397, 6445, 5459, 4343, 3456] broken=[3656, 3223, 2665, 2465, 2436]
  per_ACT_cell_acc: ['H1=52.0%', 'H2=62.8%', 'H3=68.0%', 'H4=72.5%', 'H5=75.5%', 'H6=77.1%', 'H7=78.5%', 'H8=79.6%', 'H9=81.1%', 'H10=82.1%', 'H11=82.8%', 'H12=83.4%', 'H13=83.6%', 'H14=84.3%', 'H15=84.8%', 'H16=85.0%']
  per_ACT_puzzle_acc: ['H1=0.1%', 'H2=2.7%', 'H3=8.3%', 'H4=18.9%', 'H5=28.1%', 'H6=35.4%', 'H7=40.4%', 'H8=44.5%', 'H9=47.4%', 'H10=51.8%', 'H11=53.4%', 'H12=56.1%', 'H13=57.4%', 'H14=58.3%', 'H15=60.0%', 'H16=61.2%']
  mean_sigmoid_q_halt: ['0.002', '0.028', '0.100', '0.227', '0.326', '0.404', '0.465', '0.504', '0.539', '0.578', '0.602', '0.621', '0.637', '0.648', '0.664', '0.680']
  halt_rates: ['0.00', '0.03', '0.10', '0.22', '0.32', '0.40', '0.46', '0.51', '0.54', '0.58', '0.60', '0.62', '0.64', '0.65', '0.67', '0.68']
  halt_histogram %: [45.7, 22.2, 9.6, 6.6, 4.7, 3.4, 2.4, 1.7, 1.2, 0.8, 0.6, 0.4, 0.3, 0.1, 0.1, 0.4]
  Avg ACT steps (last 100): 1.80
  saved: /home/jvdillon/research/research/projects/trm3/ckpts/x182ll/step14000.pt acc=94.36% (0.034s)
Step 14000  Test 94.36% / 86.27%  Train lm=1.2578±0.0571ϵ[1.1094,1.9219] n_active=768.0001±0.0000ϵ[768.0000,768.0000] n_expunged=6.9610±2.8122ϵ[0.0000,20.0000] n_halted=110.6525±9.4894ϵ[63.0000,142.0000] pool_util=1.0000±0.0000ϵ[1.0000,1.0000]  (303.725s / 1135.993s)
  cell_acc=96.95%, puzzle_acc=92.58%
  eval_avg_halt_step: 3.27
  per_H_acc: ['H0=55.9%', 'H1=65.9%', 'H2=71.1%', 'H3=74.5%', 'H4=77.3%', 'H5=79.0%']
  H_cos: ['0.957', '0.977', '0.980', '0.980', '0.984']
  z_H_delta: ['13.062', '7.156', '6.438', '5.625', '4.875']
  cells: fixed=[10233, 6354, 4905, 4356, 3492] broken=[4011, 3111, 2795, 2610, 2461]
  per_ACT_cell_acc: ['H1=55.9%', 'H2=65.9%', 'H3=71.1%', 'H4=74.5%', 'H5=77.3%', 'H6=79.0%', 'H7=80.4%', 'H8=81.7%', 'H9=82.9%', 'H10=84.1%', 'H11=85.1%', 'H12=85.5%', 'H13=86.2%', 'H14=86.8%', 'H15=87.5%', 'H16=88.0%']
  per_ACT_puzzle_acc: ['H1=0.4%', 'H2=3.6%', 'H3=13.3%', 'H4=24.6%', 'H5=32.7%', 'H6=40.5%', 'H7=46.0%', 'H8=50.1%', 'H9=53.1%', 'H10=56.0%', 'H11=58.9%', 'H12=61.3%', 'H13=63.3%', 'H14=64.2%', 'H15=65.8%', 'H16=67.4%']
  mean_sigmoid_q_halt: ['0.001', '0.035', '0.152', '0.260', '0.344', '0.416', '0.473', '0.512', '0.543', '0.570', '0.598', '0.625', '0.645', '0.652', '0.672', '0.688']
  halt_rates: ['0.00', '0.03', '0.14', '0.26', '0.34', '0.41', '0.47', '0.51', '0.54', '0.57', '0.60', '0.62', '0.65', '0.65', '0.67', '0.69']
  halt_histogram %: [49.8, 21.9, 8.8, 5.8, 4.0, 2.9, 2.0, 1.4, 1.0, 0.7, 0.5, 0.3, 0.2, 0.1, 0.1, 0.4]
  Avg ACT steps (last 100): 1.53
  saved: /home/jvdillon/research/research/projects/trm3/ckpts/x182ll/step16000.pt acc=96.95% (0.035s)
  saved: /home/jvdillon/research/research/projects/trm3/ckpts/x182ll/best.pt acc=96.95% (0.081s)
Step 16000  Test 96.95% / 92.58%  Train lm=1.2344±0.0613ϵ[1.0938,1.8672] n_active=768.0001±0.0000ϵ[768.0000,768.0000] n_expunged=7.6370±2.9459ϵ[0.0000,19.0000] n_halted=118.9955±8.9465ϵ[92.0000,158.0000] pool_util=1.0000±0.0000ϵ[1.0000,1.0000]  (303.787s / 1136.503s)
  cell_acc=97.52%, puzzle_acc=93.91%
  eval_avg_halt_step: 2.88
  per_H_acc: ['H0=55.0%', 'H1=65.2%', 'H2=70.7%', 'H3=75.7%', 'H4=78.8%', 'H5=80.8%']
  H_cos: ['0.957', '0.977', '0.977', '0.980', '0.984']
  z_H_delta: ['12.875', '7.125', '6.812', '6.000', '4.875']
  cells: fixed=[10181, 6549, 5699, 4526, 3442] broken=[3865, 3124, 2560, 2585, 2188]
  per_ACT_cell_acc: ['H1=55.0%', 'H2=65.2%', 'H3=70.7%', 'H4=75.7%', 'H5=78.8%', 'H6=80.8%', 'H7=82.4%', 'H8=83.9%', 'H9=84.8%', 'H10=85.7%', 'H11=86.6%', 'H12=87.1%', 'H13=87.5%', 'H14=88.0%', 'H15=89.0%', 'H16=89.4%']
  per_ACT_puzzle_acc: ['H1=0.3%', 'H2=4.2%', 'H3=13.4%', 'H4=26.7%', 'H5=38.0%', 'H6=45.6%', 'H7=49.5%', 'H8=53.5%', 'H9=57.8%', 'H10=60.9%', 'H11=63.5%', 'H12=65.1%', 'H13=66.4%', 'H14=68.4%', 'H15=69.8%', 'H16=71.7%']
  mean_sigmoid_q_halt: ['0.002', '0.037', '0.153', '0.287', '0.402', '0.479', '0.516', '0.559', '0.598', '0.629', '0.652', '0.672', '0.684', '0.703', '0.715', '0.738']
  halt_rates: ['0.00', '0.04', '0.15', '0.28', '0.40', '0.47', '0.51', '0.55', '0.60', '0.63', '0.65', '0.67', '0.68', '0.70', '0.72', '0.74']
  halt_histogram %: [53.3, 21.5, 8.2, 5.1, 3.5, 2.5, 1.8, 1.2, 0.9, 0.6, 0.4, 0.3, 0.2, 0.1, 0.1, 0.3]
  Avg ACT steps (last 100): 1.38
  saved: /home/jvdillon/research/research/projects/trm3/ckpts/x182ll/step18000.pt acc=97.52% (0.035s)
  saved: /home/jvdillon/research/research/projects/trm3/ckpts/x182ll/best.pt acc=97.52% (0.083s)
Step 18000  Test 97.52% / 93.91%  Train lm=1.2188±0.0850ϵ[1.0469,2.0938] n_active=768.0001±0.0000ϵ[768.0000,768.0000] n_expunged=8.4415±3.1879ϵ[0.0000,20.0000] n_halted=126.5000±9.1017ϵ[79.0000,158.0000] pool_util=1.0000±0.0000ϵ[1.0000,1.0000]  (303.816s / 1136.838s)
  cell_acc=97.90%, puzzle_acc=94.84%
  eval_avg_halt_step: 2.64
  per_H_acc: ['H0=55.4%', 'H1=65.5%', 'H2=71.9%', 'H3=76.2%', 'H4=79.3%', 'H5=81.6%']
  H_cos: ['0.957', '0.977', '0.977', '0.980', '0.984']
  z_H_delta: ['13.125', '7.344', '6.750', '5.875', '4.906']
  cells: fixed=[10093, 6921, 5480, 4408, 3609] broken=[3813, 2956, 2776, 2460, 2201]
  per_ACT_cell_acc: ['H1=55.4%', 'H2=65.5%', 'H3=71.9%', 'H4=76.2%', 'H5=79.3%', 'H6=81.6%', 'H7=82.8%', 'H8=84.3%', 'H9=85.8%', 'H10=87.1%', 'H11=87.6%', 'H12=88.0%', 'H13=88.6%', 'H14=89.5%', 'H15=90.0%', 'H16=90.5%']
  per_ACT_puzzle_acc: ['H1=0.3%', 'H2=3.6%', 'H3=15.8%', 'H4=27.5%', 'H5=39.1%', 'H6=47.8%', 'H7=53.1%', 'H8=57.4%', 'H9=60.8%', 'H10=64.1%', 'H11=66.1%', 'H12=67.7%', 'H13=69.8%', 'H14=71.4%', 'H15=72.8%', 'H16=74.2%']
  mean_sigmoid_q_halt: ['0.002', '0.043', '0.185', '0.307', '0.420', '0.504', '0.555', '0.590', '0.633', '0.664', '0.680', '0.695', '0.719', '0.734', '0.750', '0.762']
  halt_rates: ['0.00', '0.04', '0.17', '0.30', '0.41', '0.50', '0.55', '0.59', '0.63', '0.66', '0.68', '0.69', '0.72', '0.73', '0.75', '0.77']
  halt_histogram %: [56.4, 21.0, 7.7, 4.6, 3.1, 2.2, 1.5, 1.1, 0.7, 0.5, 0.4, 0.2, 0.2, 0.1, 0.1, 0.3]
  Avg ACT steps (last 100): 1.50
  saved: /home/jvdillon/research/research/projects/trm3/ckpts/x182ll/step20000.pt acc=97.90% (0.034s)
  saved: /home/jvdillon/research/research/projects/trm3/ckpts/x182ll/best.pt acc=97.90% (0.080s)
Step 20000  Test 97.90% / 94.84%  Train lm=1.1797±0.0540ϵ[1.0547,1.8438] n_active=768.0001±0.0000ϵ[768.0000,768.0000] n_expunged=9.0565±3.3253ϵ[0.0000,23.0000] n_halted=133.5765±8.3382ϵ[107.0000,161.0000] pool_util=1.0000±0.0000ϵ[1.0000,1.0000]  (303.842s / 1136.988s)
  cell_acc=98.18%, puzzle_acc=95.54%
  eval_avg_halt_step: 2.56
  per_H_acc: ['H0=55.3%', 'H1=64.9%', 'H2=71.5%', 'H3=76.6%', 'H4=80.3%', 'H5=82.6%']
  H_cos: ['0.957', '0.973', '0.977', '0.977', '0.984']
  z_H_delta: ['13.000', '7.500', '6.906', '6.031', '4.719']
  cells: fixed=[9885, 7026, 5728, 4506, 3405] broken=[3907, 2922, 2556, 2180, 1981]
  per_ACT_cell_acc: ['H1=55.3%', 'H2=64.9%', 'H3=71.5%', 'H4=76.6%', 'H5=80.3%', 'H6=82.6%', 'H7=84.1%', 'H8=85.2%', 'H9=85.9%', 'H10=86.9%', 'H11=87.8%', 'H12=88.7%', 'H13=89.2%', 'H14=89.5%', 'H15=89.8%', 'H16=90.3%']
  per_ACT_puzzle_acc: ['H1=0.4%', 'H2=3.4%', 'H3=16.0%', 'H4=29.4%', 'H5=42.3%', 'H6=49.9%', 'H7=54.2%', 'H8=59.1%', 'H9=62.5%', 'H10=64.6%', 'H11=66.0%', 'H12=68.9%', 'H13=70.8%', 'H14=72.1%', 'H15=73.3%', 'H16=74.1%']
  mean_sigmoid_q_halt: ['0.002', '0.040', '0.182', '0.322', '0.453', '0.523', '0.566', '0.613', '0.645', '0.672', '0.684', '0.711', '0.730', '0.742', '0.754', '0.762']
  halt_rates: ['0.00', '0.04', '0.17', '0.32', '0.45', '0.52', '0.56', '0.61', '0.64', '0.67', '0.68', '0.71', '0.73', '0.74', '0.76', '0.76']
  halt_histogram %: [59.1, 20.5, 7.1, 4.2, 2.8, 1.9, 1.4, 0.9, 0.7, 0.5, 0.3, 0.2, 0.1, 0.1, 0.1, 0.2]
  Avg ACT steps (last 100): 1.32
  saved: /home/jvdillon/research/research/projects/trm3/ckpts/x182ll/step22000.pt acc=98.18% (0.034s)
  saved: /home/jvdillon/research/research/projects/trm3/ckpts/x182ll/best.pt acc=98.18% (0.128s)
Step 22000  Test 98.18% / 95.54%  Train lm=1.1641±0.0767ϵ[1.0156,1.8750] n_active=768.0001±0.0000ϵ[768.0000,768.0000] n_expunged=9.9070±3.5353ϵ[1.0000,22.0000] n_halted=140.3130±7.7293ϵ[103.0000,164.0000] pool_util=1.0000±0.0000ϵ[1.0000,1.0000]  (303.889s / 1137.118s)
  cell_acc=98.34%, puzzle_acc=95.99%
  eval_avg_halt_step: 2.43
  per_H_acc: ['H0=54.9%', 'H1=65.7%', 'H2=72.4%', 'H3=76.9%', 'H4=80.1%', 'H5=83.1%']
  H_cos: ['0.953', '0.973', '0.977', '0.980', '0.984']
  z_H_delta: ['13.500', '7.719', '6.812', '5.781', '4.875']
  cells: fixed=[10683, 7316, 5457, 4499, 3938] broken=[3982, 3167, 2667, 2503, 2052]
  per_ACT_cell_acc: ['H1=54.9%', 'H2=65.7%', 'H3=72.4%', 'H4=76.9%', 'H5=80.1%', 'H6=83.1%', 'H7=85.3%', 'H8=86.5%', 'H9=87.5%', 'H10=88.0%', 'H11=88.8%', 'H12=89.5%', 'H13=90.3%', 'H14=90.8%', 'H15=91.2%', 'H16=91.3%']
  per_ACT_puzzle_acc: ['H1=0.3%', 'H2=3.3%', 'H3=16.3%', 'H4=30.3%', 'H5=39.7%', 'H6=49.0%', 'H7=56.9%', 'H8=62.6%', 'H9=66.3%', 'H10=67.7%', 'H11=69.7%', 'H12=71.9%', 'H13=73.3%', 'H14=75.7%', 'H15=76.6%', 'H16=77.3%']
  mean_sigmoid_q_halt: ['0.002', '0.035', '0.188', '0.328', '0.426', '0.516', '0.594', '0.648', '0.680', '0.695', '0.719', '0.742', '0.754', '0.777', '0.785', '0.793']
  halt_rates: ['0.00', '0.03', '0.18', '0.32', '0.42', '0.51', '0.59', '0.65', '0.68', '0.70', '0.72', '0.74', '0.75', '0.78', '0.79', '0.80']
  halt_histogram %: [61.4, 20.0, 6.7, 3.8, 2.5, 1.7, 1.2, 0.8, 0.6, 0.4, 0.3, 0.2, 0.1, 0.1, 0.1, 0.2]
  Avg ACT steps (last 100): 1.54
  saved: /home/jvdillon/research/research/projects/trm3/ckpts/x182ll/step24000.pt acc=98.34% (0.034s)
  saved: /home/jvdillon/research/research/projects/trm3/ckpts/x182ll/best.pt acc=98.34% (0.080s)
Step 24000  Test 98.34% / 95.99%  Train lm=1.1406±0.0752ϵ[0.9922,1.9141] n_active=768.0001±0.0000ϵ[768.0000,768.0000] n_expunged=10.4690±3.8962ϵ[0.0000,23.0000] n_halted=145.0715±7.7516ϵ[121.0000,169.0000] pool_util=1.0000±0.0000ϵ[1.0000,1.0000]  (303.854s / 1137.314s)
  cell_acc=98.55%, puzzle_acc=96.51%
  eval_avg_halt_step: 2.33
  per_H_acc: ['H0=55.5%', 'H1=66.3%', 'H2=72.7%', 'H3=77.8%', 'H4=81.0%', 'H5=82.8%']
  H_cos: ['0.957', '0.973', '0.973', '0.977', '0.984']
  z_H_delta: ['13.438', '7.844', '7.094', '6.125', '4.844']
  cells: fixed=[10585, 7072, 5639, 4405, 3337] broken=[3873, 3054, 2490, 2416, 2185]
  per_ACT_cell_acc: ['H1=55.5%', 'H2=66.3%', 'H3=72.7%', 'H4=77.8%', 'H5=81.0%', 'H6=82.8%', 'H7=84.7%', 'H8=86.3%', 'H9=87.7%', 'H10=88.7%', 'H11=89.6%', 'H12=90.5%', 'H13=90.7%', 'H14=91.4%', 'H15=92.1%', 'H16=92.7%']
  per_ACT_puzzle_acc: ['H1=0.0%', 'H2=4.3%', 'H3=18.4%', 'H4=30.6%', 'H5=44.5%', 'H6=51.7%', 'H7=57.3%', 'H8=61.7%', 'H9=66.0%', 'H10=69.0%', 'H11=71.6%', 'H12=74.0%', 'H13=75.8%', 'H14=77.3%', 'H15=78.6%', 'H16=80.1%']
  mean_sigmoid_q_halt: ['0.002', '0.045', '0.212', '0.342', '0.469', '0.539', '0.590', '0.637', '0.676', '0.703', '0.730', '0.750', '0.773', '0.785', '0.797', '0.809']
  halt_rates: ['0.00', '0.04', '0.20', '0.33', '0.46', '0.54', '0.59', '0.64', '0.67', '0.70', '0.73', '0.75', '0.77', '0.78', '0.80', '0.81']
  halt_histogram %: [63.5, 19.5, 6.2, 3.4, 2.2, 1.6, 1.1, 0.7, 0.5, 0.4, 0.2, 0.2, 0.1, 0.1, 0.0, 0.2]
  Avg ACT steps (last 100): 1.25
  saved: /home/jvdillon/research/research/projects/trm3/ckpts/x182ll/step26000.pt acc=98.55% (0.034s)
  saved: /home/jvdillon/research/research/projects/trm3/ckpts/x182ll/best.pt acc=98.55% (0.082s)
Step 26000  Test 98.55% / 96.51%  Train lm=1.1172±0.0527ϵ[0.9883,1.4609] n_active=768.0001±0.0000ϵ[768.0000,768.0000] n_expunged=11.0835±4.0188ϵ[1.0000,28.0000] n_halted=149.8075±6.9644ϵ[125.0000,171.0000] pool_util=1.0000±0.0000ϵ[1.0000,1.0000]  (303.848s / 1137.290s)
  cell_acc=98.68%, puzzle_acc=96.84%
  eval_avg_halt_step: 2.27
  per_H_acc: ['H0=55.9%', 'H1=66.5%', 'H2=73.7%', 'H3=78.6%', 'H4=81.9%', 'H5=84.2%']
  H_cos: ['0.957', '0.969', '0.973', '0.980', '0.984']
  z_H_delta: ['13.438', '8.125', '7.062', '5.781', '4.656']
  cells: fixed=[10572, 7572, 5491, 4373, 3457] broken=[3964, 3051, 2479, 2335, 1982]
  per_ACT_cell_acc: ['H1=55.9%', 'H2=66.5%', 'H3=73.7%', 'H4=78.6%', 'H5=81.9%', 'H6=84.2%', 'H7=86.5%', 'H8=87.9%', 'H9=88.7%', 'H10=89.6%', 'H11=90.3%', 'H12=90.8%', 'H13=91.4%', 'H14=92.3%', 'H15=92.8%', 'H16=93.1%']
  per_ACT_puzzle_acc: ['H1=0.4%', 'H2=3.5%', 'H3=20.7%', 'H4=34.9%', 'H5=46.2%', 'H6=55.1%', 'H7=61.7%', 'H8=65.9%', 'H9=69.1%', 'H10=71.5%', 'H11=73.0%', 'H12=75.5%', 'H13=77.6%', 'H14=79.2%', 'H15=80.2%', 'H16=80.9%']
  mean_sigmoid_q_halt: ['0.002', '0.035', '0.228', '0.369', '0.482', '0.566', '0.625', '0.676', '0.707', '0.727', '0.746', '0.766', '0.785', '0.801', '0.812', '0.820']
  halt_rates: ['0.00', '0.03', '0.21', '0.36', '0.48', '0.57', '0.63', '0.67', '0.71', '0.72', '0.74', '0.77', '0.79', '0.80', '0.81', '0.82']
  halt_histogram %: [65.3, 19.0, 5.9, 3.1, 2.0, 1.4, 1.0, 0.7, 0.5, 0.3, 0.2, 0.1, 0.1, 0.1, 0.0, 0.2]
  Avg ACT steps (last 100): 1.34
  saved: /home/jvdillon/research/research/projects/trm3/ckpts/x182ll/step28000.pt acc=98.68% (0.034s)
  saved: /home/jvdillon/research/research/projects/trm3/ckpts/x182ll/best.pt acc=98.68% (0.126s)
Step 28000  Test 98.68% / 96.84%  Train lm=1.1172±0.0811ϵ[0.9883,1.9531] n_active=768.0001±0.0000ϵ[768.0000,768.0000] n_expunged=11.5690±3.8710ϵ[0.0000,26.0000] n_halted=152.6880±6.3176ϵ[131.0000,173.0000] pool_util=1.0000±0.0000ϵ[1.0000,1.0000]  (303.864s / 1137.330s)
  cell_acc=98.67%, puzzle_acc=96.78%
  eval_avg_halt_step: 2.23
  per_H_acc: ['H0=55.6%', 'H1=66.9%', 'H2=73.7%', 'H3=79.3%', 'H4=82.7%', 'H5=85.1%']
  H_cos: ['0.953', '0.969', '0.973', '0.977', '0.984']
  z_H_delta: ['13.625', '8.375', '7.250', '6.062', '4.812']
  cells: fixed=[11053, 7350, 5857, 4486, 3529] broken=[3964, 3130, 2391, 2343, 2042]
  per_ACT_cell_acc: ['H1=55.6%', 'H2=66.9%', 'H3=73.7%', 'H4=79.3%', 'H5=82.7%', 'H6=85.1%', 'H7=86.8%', 'H8=88.2%', 'H9=89.5%', 'H10=90.6%', 'H11=91.2%', 'H12=91.3%', 'H13=91.6%', 'H14=92.2%', 'H15=93.0%', 'H16=93.3%']
  per_ACT_puzzle_acc: ['H1=0.1%', 'H2=3.9%', 'H3=20.2%', 'H4=34.9%', 'H5=48.6%', 'H6=57.3%', 'H7=63.3%', 'H8=66.4%', 'H9=70.3%', 'H10=73.0%', 'H11=75.1%', 'H12=76.4%', 'H13=77.5%', 'H14=78.9%', 'H15=80.6%', 'H16=81.9%']
  mean_sigmoid_q_halt: ['0.002', '0.044', '0.229', '0.375', '0.498', '0.586', '0.645', '0.672', '0.707', '0.734', '0.758', '0.770', '0.781', '0.797', '0.809', '0.824']
  halt_rates: ['0.00', '0.04', '0.21', '0.36', '0.49', '0.58', '0.64', '0.67', '0.70', '0.73', '0.76', '0.77', '0.78', '0.80', '0.81', '0.82']
  halt_histogram %: [66.9, 18.6, 5.5, 2.9, 1.9, 1.3, 0.9, 0.6, 0.4, 0.3, 0.2, 0.1, 0.1, 0.1, 0.0, 0.2]
  Avg ACT steps (last 100): 1.19
  saved: /home/jvdillon/research/research/projects/trm3/ckpts/x182ll/step30000.pt acc=98.67% (0.035s)
Step 30000  Test 98.67% / 96.78%  Train lm=1.1328±0.1064ϵ[0.9805,2.0156] n_active=768.0001±0.0000ϵ[768.0000,768.0000] n_expunged=11.7590±3.8319ϵ[2.0000,26.0000] n_halted=154.5680±6.0403ϵ[131.0000,173.0000] pool_util=1.0000±0.0000ϵ[1.0000,1.0000]  (303.807s / 1137.605s)
  cell_acc=98.79%, puzzle_acc=97.07%
  eval_avg_halt_step: 2.23
  per_H_acc: ['H0=55.9%', 'H1=66.9%', 'H2=73.4%', 'H3=78.6%', 'H4=82.0%', 'H5=84.2%']
  H_cos: ['0.957', '0.969', '0.973', '0.977', '0.984']
  z_H_delta: ['13.500', '8.125', '7.250', '6.094', '4.719']
  cells: fixed=[10837, 7226, 5889, 4520, 3417] broken=[4003, 3152, 2667, 2412, 2038]
  per_ACT_cell_acc: ['H1=55.9%', 'H2=66.9%', 'H3=73.4%', 'H4=78.6%', 'H5=82.0%', 'H6=84.2%', 'H7=86.0%', 'H8=87.2%', 'H9=88.3%', 'H10=89.5%', 'H11=90.3%', 'H12=90.8%', 'H13=91.3%', 'H14=91.9%', 'H15=92.7%', 'H16=93.1%']
  per_ACT_puzzle_acc: ['H1=0.5%', 'H2=3.9%', 'H3=18.6%', 'H4=33.5%', 'H5=47.8%', 'H6=54.8%', 'H7=60.5%', 'H8=64.2%', 'H9=67.2%', 'H10=69.8%', 'H11=72.5%', 'H12=74.9%', 'H13=77.5%', 'H14=78.3%', 'H15=79.8%', 'H16=80.7%']
  mean_sigmoid_q_halt: ['0.002', '0.042', '0.212', '0.355', '0.490', '0.562', '0.621', '0.656', '0.680', '0.711', '0.738', '0.758', '0.785', '0.793', '0.809', '0.816']
  halt_rates: ['0.00', '0.04', '0.20', '0.34', '0.48', '0.56', '0.61', '0.65', '0.68', '0.71', '0.74', '0.76', '0.79', '0.79', '0.81', '0.82']
  halt_histogram %: [68.2, 18.2, 5.3, 2.7, 1.7, 1.2, 0.8, 0.6, 0.4, 0.3, 0.2, 0.1, 0.1, 0.1, 0.0, 0.2]
  Avg ACT steps (last 100): 1.17
  saved: /home/jvdillon/research/research/projects/trm3/ckpts/x182ll/step32000.pt acc=98.79% (0.035s)
  saved: /home/jvdillon/research/research/projects/trm3/ckpts/x182ll/best.pt acc=98.79% (0.084s)
Step 32000  Test 98.79% / 97.07%  Train lm=1.1094±0.0737ϵ[0.9766,1.7266] n_active=768.0001±0.0000ϵ[768.0000,768.0000] n_expunged=11.7765±3.8279ϵ[2.0000,27.0000] n_halted=155.3745±5.9908ϵ[131.0000,174.0000] pool_util=1.0000±0.0000ϵ[1.0000,1.0000]  (303.869s / 1137.884s)
  cell_acc=98.82%, puzzle_acc=97.17%
  eval_avg_halt_step: 2.22
  per_H_acc: ['H0=55.9%', 'H1=66.7%', 'H2=74.0%', 'H3=79.0%', 'H4=82.5%', 'H5=84.9%']
  H_cos: ['0.957', '0.969', '0.973', '0.977', '0.984']
  z_H_delta: ['13.500', '8.125', '7.250', '6.031', '4.594']
  cells: fixed=[10838, 7589, 5735, 4413, 3338] broken=[4129, 3061, 2619, 2232, 1848]
  per_ACT_cell_acc: ['H1=55.9%', 'H2=66.7%', 'H3=74.0%', 'H4=79.0%', 'H5=82.5%', 'H6=84.9%', 'H7=86.8%', 'H8=88.4%', 'H9=89.0%', 'H10=89.4%', 'H11=90.0%', 'H12=90.9%', 'H13=91.9%', 'H14=92.3%', 'H15=92.5%', 'H16=92.5%']
  per_ACT_puzzle_acc: ['H1=0.5%', 'H2=3.9%', 'H3=19.5%', 'H4=35.4%', 'H5=48.6%', 'H6=57.7%', 'H7=62.4%', 'H8=66.9%', 'H9=69.8%', 'H10=71.6%', 'H11=73.4%', 'H12=74.6%', 'H13=77.3%', 'H14=79.0%', 'H15=79.9%', 'H16=80.7%']
  mean_sigmoid_q_halt: ['0.002', '0.039', '0.226', '0.367', '0.508', '0.590', '0.633', '0.684', '0.711', '0.730', '0.746', '0.758', '0.789', '0.801', '0.805', '0.820']
  halt_rates: ['0.00', '0.04', '0.21', '0.35', '0.50', '0.59', '0.63', '0.68', '0.71', '0.73', '0.75', '0.76', '0.79', '0.80', '0.81', '0.82']
  halt_histogram %: [69.4, 17.9, 5.0, 2.5, 1.6, 1.1, 0.8, 0.5, 0.4, 0.3, 0.2, 0.1, 0.1, 0.0, 0.0, 0.1]
  Avg ACT steps (last 100): 1.24
  saved: /home/jvdillon/research/research/projects/trm3/ckpts/x182ll/step34000.pt acc=98.82% (0.033s)
  saved: /home/jvdillon/research/research/projects/trm3/ckpts/x182ll/best.pt acc=98.82% (0.126s)
Step 34000  Test 98.82% / 97.17%  Train lm=1.1094±0.0708ϵ[0.9922,1.7188] n_active=768.0001±0.0000ϵ[768.0000,768.0000] n_expunged=11.8790±3.8946ϵ[1.0000,26.0000] n_halted=155.2435±5.9690ϵ[130.0000,173.0000] pool_util=1.0000±0.0000ϵ[1.0000,1.0000]  (303.897s / 1137.882s)
  cell_acc=98.81%, puzzle_acc=97.12%
  eval_avg_halt_step: 2.23
  per_H_acc: ['H0=55.9%', 'H1=66.6%', 'H2=73.7%', 'H3=78.4%', 'H4=81.8%', 'H5=84.7%']
  H_cos: ['0.957', '0.969', '0.973', '0.977', '0.984']
  z_H_delta: ['13.500', '8.250', '7.188', '6.031', '4.844']
  cells: fixed=[10773, 7473, 5586, 4538, 3879] broken=[4109, 3056, 2636, 2433, 2068]
  per_ACT_cell_acc: ['H1=55.9%', 'H2=66.6%', 'H3=73.7%', 'H4=78.4%', 'H5=81.8%', 'H6=84.7%', 'H7=86.6%', 'H8=87.7%', 'H9=88.7%', 'H10=89.4%', 'H11=90.2%', 'H12=91.0%', 'H13=91.5%', 'H14=92.1%', 'H15=92.5%', 'H16=92.9%']
  per_ACT_puzzle_acc: ['H1=0.4%', 'H2=3.5%', 'H3=18.8%', 'H4=33.7%', 'H5=45.6%', 'H6=55.2%', 'H7=60.8%', 'H8=66.5%', 'H9=68.6%', 'H10=71.5%', 'H11=73.6%', 'H12=75.4%', 'H13=77.3%', 'H14=78.6%', 'H15=80.3%', 'H16=81.1%']
  mean_sigmoid_q_halt: ['0.002', '0.038', '0.225', '0.359', '0.477', '0.562', '0.629', '0.676', '0.699', '0.727', '0.742', '0.762', '0.781', '0.797', '0.812', '0.820']
  halt_rates: ['0.00', '0.04', '0.21', '0.35', '0.47', '0.56', '0.62', '0.67', '0.70', '0.73', '0.74', '0.76', '0.78', '0.80', '0.81', '0.82']
  halt_histogram %: [70.3, 17.7, 4.8, 2.4, 1.5, 1.0, 0.7, 0.5, 0.3, 0.2, 0.2, 0.1, 0.1, 0.0, 0.0, 0.1]
  Avg ACT steps (last 100): 1.23
  saved: /home/jvdillon/research/research/projects/trm3/ckpts/x182ll/step36000.pt acc=98.81% (0.033s)
Step 36000  Test 98.81% / 97.12%  Train lm=1.1016±0.0630ϵ[0.9805,1.5156] n_active=768.0001±0.0000ϵ[768.0000,768.0000] n_expunged=12.0580±3.8515ϵ[2.0000,24.0000] n_halted=155.3330±5.8501ϵ[134.0000,172.0000] pool_util=1.0000±0.0000ϵ[1.0000,1.0000]  (303.786s / 1137.793s)
