Adam params: ('embed_tokens.weight', 'head.weight', 'head.bias', 'q_head.weight', 'q_head.bias')
Muon 2D params: ('reasoning.0.attn.up_proj.weight', 'reasoning.0.attn.down_proj.weight', 'reasoning.0.mlp.up_proj.weight', 'reasoning.0.mlp.down_proj.weight', 'reasoning.1.attn.up_proj.weight', 'reasoning.1.attn.down_proj.weight', 'reasoning.1.mlp.up_proj.weight', 'reasoning.1.mlp.down_proj.weight')
Muon 3D params (ensemble_dims=1): ()
Saved step 0 checkpoint with RNG: /home/jvdillon/research/research/projects/trm3/ckpts/x182k/step00000_rng.pt
  cell_acc=69.05%, puzzle_acc=22.02%
  eval_avg_halt_step: 12.48
  per_H_acc: ['H0=57.7%', 'H1=63.2%', 'H2=64.2%', 'H3=64.8%', 'H4=65.6%', 'H5=66.5%']
  H_cos: ['0.828', '0.969', '0.980', '0.980', '0.980']
  z_H_delta: ['16.000', '7.875', '6.094', '6.094', '5.781']
  cells: fixed=[7513, 4261, 2876, 3007, 2944] broken=[4123, 3635, 2460, 2529, 2386]
  per_ACT_cell_acc: ['H1=57.7%', 'H2=63.2%', 'H3=64.2%', 'H4=64.8%', 'H5=65.6%', 'H6=66.5%', 'H7=66.4%', 'H8=66.3%', 'H9=66.5%', 'H10=66.8%', 'H11=66.8%', 'H12=67.2%', 'H13=67.1%', 'H14=67.2%', 'H15=67.4%', 'H16=67.4%']
  per_ACT_puzzle_acc: ['H1=0.0%', 'H2=2.2%', 'H3=3.5%', 'H4=5.6%', 'H5=7.8%', 'H6=9.8%', 'H7=10.9%', 'H8=12.1%', 'H9=12.9%', 'H10=13.7%', 'H11=13.8%', 'H12=14.6%', 'H13=14.7%', 'H14=15.2%', 'H15=15.5%', 'H16=15.8%']
  mean_sigmoid_q_halt: ['0.014', '0.012', '0.050', '0.069', '0.093', '0.111', '0.123', '0.136', '0.144', '0.150', '0.158', '0.164', '0.167', '0.171', '0.176', '0.184']
  halt_rates: ['0.00', '0.01', '0.05', '0.06', '0.09', '0.10', '0.12', '0.13', '0.14', '0.15', '0.15', '0.16', '0.17', '0.17', '0.17', '0.18']
  halt_histogram %: [14.9, 13.5, 14.6, 20.4, 13.1, 8.2, 4.1, 3.0, 2.7, 1.6, 0.5, 0.2, 0.3, 0.2, 0.0, 2.6]
  Avg ACT steps (last 100): 4.07
  saved: /home/jvdillon/research/research/projects/trm3/ckpts/x182k/step02000.pt acc=69.05% (0.035s)
  saved: /home/jvdillon/research/research/projects/trm3/ckpts/x182k/best.pt acc=69.05% (0.067s)
Step  2000  Test 69.05% / 22.02%  Train lm=1.3438±0.2256ϵ[0.9219,3.0938] n_active=768.0001±0.0000ϵ[768.0000,768.0000] n_expunged=84.2205±52.1895ϵ[0.0000,192.0000] n_halted=44.3750±35.9688ϵ[0.0000,192.0000] pool_util=1.0000±0.0000ϵ[1.0000,1.0000]  (306.436s / 1143.080s)
  cell_acc=74.64%, puzzle_acc=36.40%
  eval_avg_halt_step: 10.88
  per_H_acc: ['H0=55.3%', 'H1=63.1%', 'H2=64.3%', 'H3=65.4%', 'H4=66.2%', 'H5=66.9%']
  H_cos: ['0.863', '0.973', '0.980', '0.984', '0.984']
  z_H_delta: ['15.812', '7.688', '5.781', '5.688', '5.375']
  cells: fixed=[8743, 4870, 3082, 3236, 3149] broken=[3905, 4081, 2456, 2726, 2693]
  per_ACT_cell_acc: ['H1=55.3%', 'H2=63.1%', 'H3=64.3%', 'H4=65.4%', 'H5=66.2%', 'H6=66.9%', 'H7=67.5%', 'H8=68.4%', 'H9=68.7%', 'H10=69.1%', 'H11=69.1%', 'H12=69.1%', 'H13=69.2%', 'H14=69.6%', 'H15=70.0%', 'H16=70.0%']
  per_ACT_puzzle_acc: ['H1=0.0%', 'H2=2.2%', 'H3=3.9%', 'H4=6.1%', 'H5=8.2%', 'H6=10.5%', 'H7=13.2%', 'H8=15.4%', 'H9=16.8%', 'H10=17.6%', 'H11=18.0%', 'H12=19.0%', 'H13=19.8%', 'H14=20.3%', 'H15=20.6%', 'H16=21.9%']
  mean_sigmoid_q_halt: ['0.026', '0.013', '0.053', '0.074', '0.095', '0.121', '0.150', '0.175', '0.184', '0.201', '0.206', '0.218', '0.224', '0.232', '0.231', '0.245']
  halt_rates: ['0.00', '0.01', '0.05', '0.07', '0.09', '0.12', '0.15', '0.17', '0.18', '0.20', '0.21', '0.22', '0.22', '0.23', '0.23', '0.24']
  halt_histogram %: [14.9, 14.1, 13.4, 16.3, 12.2, 9.0, 5.9, 4.4, 3.3, 2.1, 1.1, 0.6, 0.5, 0.3, 0.1, 1.5]
  Avg ACT steps (last 100): 3.71
  saved: /home/jvdillon/research/research/projects/trm3/ckpts/x182k/step04000.pt acc=74.64% (0.035s)
  saved: /home/jvdillon/research/research/projects/trm3/ckpts/x182k/best.pt acc=74.64% (0.082s)
Step  4000  Test 74.64% / 36.40%  Train lm=1.3828±0.0249ϵ[1.2969,1.5234] n_active=768.0001±0.0000ϵ[768.0000,768.0000] n_expunged=25.7270±20.5901ϵ[1.0000,136.0000] n_halted=41.1665±8.1838ϵ[17.0000,71.0000] pool_util=1.0000±0.0000ϵ[1.0000,1.0000]  (306.983s / 1140.085s)
  cell_acc=84.02%, puzzle_acc=60.29%
  eval_avg_halt_step: 8.19
  per_H_acc: ['H0=52.7%', 'H1=62.8%', 'H2=64.3%', 'H3=66.4%', 'H4=68.4%', 'H5=69.7%']
  H_cos: ['0.875', '0.977', '0.984', '0.984', '0.984']
  z_H_delta: ['15.812', '7.469', '5.469', '5.094', '4.719']
  cells: fixed=[9579, 4986, 3602, 3667, 3202] broken=[3281, 4036, 2296, 2439, 2417]
  per_ACT_cell_acc: ['H1=52.7%', 'H2=62.8%', 'H3=64.3%', 'H4=66.4%', 'H5=68.4%', 'H6=69.7%', 'H7=70.8%', 'H8=71.3%', 'H9=71.6%', 'H10=72.7%', 'H11=73.5%', 'H12=73.9%', 'H13=74.2%', 'H14=74.9%', 'H15=75.4%', 'H16=75.6%']
  per_ACT_puzzle_acc: ['H1=0.0%', 'H2=2.5%', 'H3=4.4%', 'H4=7.9%', 'H5=11.7%', 'H6=15.4%', 'H7=18.5%', 'H8=20.7%', 'H9=22.8%', 'H10=25.8%', 'H11=27.9%', 'H12=30.1%', 'H13=31.2%', 'H14=32.2%', 'H15=33.9%', 'H16=35.2%']
  mean_sigmoid_q_halt: ['0.010', '0.020', '0.057', '0.090', '0.132', '0.171', '0.207', '0.228', '0.256', '0.287', '0.307', '0.330', '0.340', '0.350', '0.369', '0.379']
  halt_rates: ['0.00', '0.02', '0.05', '0.09', '0.13', '0.17', '0.20', '0.23', '0.26', '0.29', '0.31', '0.33', '0.34', '0.35', '0.37', '0.38']
  halt_histogram %: [17.9, 16.5, 13.0, 13.9, 10.6, 8.1, 5.7, 4.3, 3.2, 2.2, 1.3, 0.8, 0.6, 0.4, 0.2, 1.3]
  Avg ACT steps (last 100): 3.52
  saved: /home/jvdillon/research/research/projects/trm3/ckpts/x182k/step06000.pt acc=84.02% (0.033s)
  saved: /home/jvdillon/research/research/projects/trm3/ckpts/x182k/best.pt acc=84.02% (0.079s)
Step  6000  Test 84.02% / 60.29%  Train lm=1.3828±0.0223ϵ[1.2969,1.5859] n_active=768.0001±0.0000ϵ[768.0000,768.0000] n_expunged=9.8350±7.5774ϵ[0.0000,93.0000] n_halted=46.9420±8.0901ϵ[20.0000,81.0000] pool_util=1.0000±0.0000ϵ[1.0000,1.0000]  (306.649s / 1140.271s)
  cell_acc=90.79%, puzzle_acc=76.74%
  eval_avg_halt_step: 6.07
  per_H_acc: ['H0=54.3%', 'H1=63.5%', 'H2=66.3%', 'H3=69.5%', 'H4=71.8%', 'H5=73.2%']
  H_cos: ['0.918', '0.980', '0.984', '0.980', '0.984']
  z_H_delta: ['15.375', '6.969', '5.781', '5.500', '5.000']
  cells: fixed=[9432, 5240, 4636, 4314, 3409] broken=[3722, 3494, 2612, 2903, 2523]
  per_ACT_cell_acc: ['H1=54.3%', 'H2=63.5%', 'H3=66.3%', 'H4=69.5%', 'H5=71.8%', 'H6=73.2%', 'H7=74.4%', 'H8=75.1%', 'H9=75.9%', 'H10=77.1%', 'H11=78.0%', 'H12=78.5%', 'H13=79.1%', 'H14=79.4%', 'H15=80.0%', 'H16=79.9%']
  per_ACT_puzzle_acc: ['H1=0.1%', 'H2=2.6%', 'H3=6.5%', 'H4=11.1%', 'H5=17.7%', 'H6=23.0%', 'H7=27.9%', 'H8=31.0%', 'H9=33.3%', 'H10=36.7%', 'H11=39.1%', 'H12=41.4%', 'H13=43.1%', 'H14=44.8%', 'H15=46.1%', 'H16=47.1%']
  mean_sigmoid_q_halt: ['0.013', '0.027', '0.080', '0.119', '0.193', '0.244', '0.295', '0.330', '0.352', '0.381', '0.408', '0.432', '0.449', '0.471', '0.479', '0.490']
  halt_rates: ['0.00', '0.03', '0.07', '0.12', '0.19', '0.24', '0.30', '0.33', '0.35', '0.38', '0.41', '0.43', '0.45', '0.47', '0.48', '0.49']
  halt_histogram %: [23.5, 19.3, 12.5, 11.7, 8.8, 6.8, 4.8, 3.6, 2.7, 1.9, 1.2, 0.8, 0.6, 0.4, 0.3, 1.2]
  Avg ACT steps (last 100): 2.44
  saved: /home/jvdillon/research/research/projects/trm3/ckpts/x182k/step08000.pt acc=90.79% (0.034s)
  saved: /home/jvdillon/research/research/projects/trm3/ckpts/x182k/best.pt acc=90.79% (0.081s)
Step  8000  Test 90.79% / 76.74%  Train lm=1.3672±0.0322ϵ[1.2266,1.6406] n_active=768.0001±0.0000ϵ[768.0000,768.0000] n_expunged=6.7400±4.0530ϵ[0.0000,32.0000] n_halted=61.9620±9.9437ϵ[33.0000,99.0000] pool_util=1.0000±0.0000ϵ[1.0000,1.0000]  (306.658s / 1140.421s)
  cell_acc=93.01%, puzzle_acc=82.62%
  eval_avg_halt_step: 4.85
  per_H_acc: ['H0=52.5%', 'H1=62.9%', 'H2=66.6%', 'H3=70.2%', 'H4=72.7%', 'H5=74.5%']
  H_cos: ['0.938', '0.984', '0.980', '0.984', '0.984']
  z_H_delta: ['14.375', '6.625', '5.938', '5.656', '5.094']
  cells: fixed=[9978, 5716, 4832, 4234, 3643] broken=[3550, 3387, 2565, 2697, 2557]
  per_ACT_cell_acc: ['H1=52.5%', 'H2=62.9%', 'H3=66.6%', 'H4=70.2%', 'H5=72.7%', 'H6=74.5%', 'H7=75.5%', 'H8=76.5%', 'H9=77.2%', 'H10=77.9%', 'H11=78.4%', 'H12=79.0%', 'H13=79.4%', 'H14=80.1%', 'H15=80.7%', 'H16=81.5%']
  per_ACT_puzzle_acc: ['H1=0.0%', 'H2=2.7%', 'H3=6.5%', 'H4=13.2%', 'H5=21.2%', 'H6=26.6%', 'H7=31.6%', 'H8=35.0%', 'H9=38.5%', 'H10=40.2%', 'H11=42.8%', 'H12=44.3%', 'H13=46.0%', 'H14=47.1%', 'H15=48.8%', 'H16=50.5%']
  mean_sigmoid_q_halt: ['0.021', '0.024', '0.070', '0.151', '0.231', '0.295', '0.346', '0.383', '0.420', '0.438', '0.467', '0.482', '0.504', '0.512', '0.531', '0.547']
  halt_rates: ['0.00', '0.02', '0.07', '0.15', '0.23', '0.29', '0.34', '0.38', '0.42', '0.44', '0.46', '0.48', '0.50', '0.51', '0.53', '0.55']
  halt_histogram %: [30.2, 21.0, 11.8, 9.9, 7.3, 5.5, 3.9, 2.9, 2.2, 1.5, 1.0, 0.7, 0.5, 0.3, 0.2, 1.0]
  Avg ACT steps (last 100): 2.62
  saved: /home/jvdillon/research/research/projects/trm3/ckpts/x182k/step10000.pt acc=93.01% (0.034s)
  saved: /home/jvdillon/research/research/projects/trm3/ckpts/x182k/best.pt acc=93.01% (0.126s)
Step 10000  Test 93.01% / 82.62%  Train lm=1.3438±0.0491ϵ[1.2188,1.9062] n_active=768.0001±0.0000ϵ[768.0000,768.0000] n_expunged=5.9600±2.7525ϵ[0.0000,19.0000] n_halted=78.4515±9.8119ϵ[49.0000,112.0000] pool_util=1.0000±0.0000ϵ[1.0000,1.0000]  (306.772s / 1140.503s)
  cell_acc=94.85%, puzzle_acc=87.33%
  eval_avg_halt_step: 4.14
  per_H_acc: ['H0=55.2%', 'H1=64.4%', 'H2=69.0%', 'H3=72.4%', 'H4=74.7%', 'H5=76.2%']
  H_cos: ['0.953', '0.980', '0.980', '0.984', '0.988']
  z_H_delta: ['13.875', '6.656', '6.156', '5.625', '4.781']
  cells: fixed=[9703, 5876, 4807, 4036, 3230] broken=[4005, 3022, 2654, 2647, 2266]
  per_ACT_cell_acc: ['H1=55.2%', 'H2=64.4%', 'H3=69.0%', 'H4=72.4%', 'H5=74.7%', 'H6=76.2%', 'H7=77.9%', 'H8=78.8%', 'H9=79.6%', 'H10=80.2%', 'H11=81.0%', 'H12=81.9%', 'H13=82.7%', 'H14=82.9%', 'H15=83.2%', 'H16=83.5%']
  per_ACT_puzzle_acc: ['H1=0.4%', 'H2=2.7%', 'H3=9.4%', 'H4=19.5%', 'H5=28.0%', 'H6=32.9%', 'H7=38.0%', 'H8=41.4%', 'H9=44.1%', 'H10=45.7%', 'H11=48.7%', 'H12=50.9%', 'H13=52.5%', 'H14=54.7%', 'H15=55.7%', 'H16=57.0%']
  mean_sigmoid_q_halt: ['0.010', '0.027', '0.119', '0.223', '0.307', '0.363', '0.418', '0.453', '0.477', '0.496', '0.523', '0.543', '0.559', '0.582', '0.594', '0.605']
  halt_rates: ['0.00', '0.03', '0.11', '0.22', '0.30', '0.36', '0.41', '0.45', '0.48', '0.49', '0.52', '0.55', '0.56', '0.58', '0.60', '0.61']
  halt_histogram %: [36.7, 21.8, 10.9, 8.3, 6.0, 4.5, 3.2, 2.4, 1.8, 1.3, 0.8, 0.5, 0.4, 0.3, 0.2, 0.8]
  Avg ACT steps (last 100): 2.23
  saved: /home/jvdillon/research/research/projects/trm3/ckpts/x182k/step12000.pt acc=94.85% (0.034s)
  saved: /home/jvdillon/research/research/projects/trm3/ckpts/x182k/best.pt acc=94.85% (0.081s)
Step 12000  Test 94.85% / 87.33%  Train lm=1.3047±0.0603ϵ[1.1172,2.0469] n_active=768.0001±0.0000ϵ[768.0000,768.0000] n_expunged=5.9160±2.6940ϵ[0.0000,25.0000] n_halted=94.2695±11.1713ϵ[63.0000,132.0000] pool_util=1.0000±0.0000ϵ[1.0000,1.0000]  (306.799s / 1140.505s)
  cell_acc=96.13%, puzzle_acc=90.55%
  eval_avg_halt_step: 3.69
  per_H_acc: ['H0=53.3%', 'H1=63.8%', 'H2=68.4%', 'H3=72.1%', 'H4=74.9%', 'H5=77.1%']
  H_cos: ['0.945', '0.980', '0.984', '0.984', '0.988']
  z_H_delta: ['14.938', '6.812', '6.219', '5.625', '5.094']
  cells: fixed=[10382, 5873, 4945, 4325, 3716] broken=[3807, 3006, 2631, 2608, 2336]
  per_ACT_cell_acc: ['H1=53.3%', 'H2=63.8%', 'H3=68.4%', 'H4=72.1%', 'H5=74.9%', 'H6=77.1%', 'H7=78.9%', 'H8=80.1%', 'H9=81.0%', 'H10=82.0%', 'H11=82.7%', 'H12=83.6%', 'H13=84.2%', 'H14=84.5%', 'H15=84.9%', 'H16=85.3%']
  per_ACT_puzzle_acc: ['H1=0.3%', 'H2=2.9%', 'H3=10.8%', 'H4=20.2%', 'H5=27.9%', 'H6=35.0%', 'H7=41.5%', 'H8=45.8%', 'H9=48.8%', 'H10=51.7%', 'H11=54.2%', 'H12=56.1%', 'H13=57.8%', 'H14=59.1%', 'H15=60.4%', 'H16=61.7%']
  mean_sigmoid_q_halt: ['0.015', '0.028', '0.124', '0.216', '0.301', '0.371', '0.434', '0.475', '0.508', '0.535', '0.555', '0.578', '0.598', '0.609', '0.625', '0.637']
  halt_rates: ['0.00', '0.03', '0.12', '0.21', '0.30', '0.37', '0.43', '0.47', '0.51', '0.53', '0.56', '0.58', '0.59', '0.61', '0.62', '0.64']
  halt_histogram %: [42.0, 22.1, 10.1, 7.2, 5.1, 3.8, 2.7, 2.0, 1.5, 1.0, 0.7, 0.5, 0.3, 0.2, 0.2, 0.6]
  Avg ACT steps (last 100): 1.96
  saved: /home/jvdillon/research/research/projects/trm3/ckpts/x182k/step14000.pt acc=96.13% (0.035s)
  saved: /home/jvdillon/research/research/projects/trm3/ckpts/x182k/best.pt acc=96.13% (0.127s)
Step 14000  Test 96.13% / 90.55%  Train lm=1.2734±0.0515ϵ[1.1250,1.6641] n_active=768.0001±0.0000ϵ[768.0000,768.0000] n_expunged=6.5445±2.6698ϵ[0.0000,16.0000] n_halted=104.0565±10.2439ϵ[61.0000,138.0000] pool_util=1.0000±0.0000ϵ[1.0000,1.0000]  (306.804s / 1140.515s)
