Adam params: ('embed_tokens.weight', 'head.weight', 'head.bias', 'q_head.weight', 'q_head.bias')
Muon 2D params: ('reasoning.0.attn.up_proj.weight', 'reasoning.0.attn.down_proj.weight', 'reasoning.0.mlp.up_proj.weight', 'reasoning.0.mlp.down_proj.weight', 'reasoning.1.attn.up_proj.weight', 'reasoning.1.attn.down_proj.weight', 'reasoning.1.mlp.up_proj.weight', 'reasoning.1.mlp.down_proj.weight')
Muon 3D params (ensemble_dims=1): ()
Saved step 0 checkpoint with RNG: /home/jvdillon/research/research/projects/trm3/ckpts/x182i/step00000_rng.pt
  cell_acc=79.77%, puzzle_acc=49.52%
  eval_avg_halt_step: 16.00
  per_H_acc: ['H0=57.0%', 'H1=64.2%', 'H2=66.9%', 'H3=67.8%', 'H4=68.6%', 'H5=69.8%']
  H_cos: ['0.852', '0.969', '0.973', '0.973', '0.973']
  z_H_delta: ['16.125', '8.188', '6.969', '7.000', '6.781']
  cells: fixed=[8904, 5132, 3126, 2567, 3110] broken=[4443, 3439, 2531, 2064, 2378]
  per_ACT_cell_acc: ['H1=57.0%', 'H2=64.2%', 'H3=66.9%', 'H4=67.8%', 'H5=68.6%', 'H6=69.8%', 'H7=71.0%', 'H8=71.4%', 'H9=71.4%', 'H10=71.2%', 'H11=71.3%', 'H12=71.8%', 'H13=72.4%', 'H14=72.4%', 'H15=72.6%', 'H16=72.5%']
  per_ACT_puzzle_acc: ['H1=0.3%', 'H2=2.6%', 'H3=5.2%', 'H4=10.2%', 'H5=12.8%', 'H6=15.4%', 'H7=18.0%', 'H8=20.6%', 'H9=23.2%', 'H10=24.3%', 'H11=26.0%', 'H12=26.6%', 'H13=27.1%', 'H14=27.2%', 'H15=27.9%', 'H16=28.4%']
  mean_sigmoid_q_halt: ['0.007', '0.007', '0.007', '0.007', '0.007', '0.007', '0.007', '0.007', '0.007', '0.007', '0.007', '0.007', '0.007', '0.007', '0.007', '0.007']
  halt_rates: ['0.00', '0.00', '0.00', '0.00', '0.00', '0.00', '0.00', '0.00', '0.00', '0.00', '0.00', '0.00', '0.00', '0.00', '0.00', '0.00']
  halt_histogram %: [100.0, 0.0, 0.0, 0.0, 0.0, 0.0, 0.0, 0.0, 0.0, 0.0, 0.0, 0.0, 0.0, 0.0, 0.0, 0.0]
  Avg ACT steps (last 100): 1.00
  saved: /home/jvdillon/research/research/projects/trm3/ckpts/x182i/step02000.pt acc=79.77% (0.034s)
  saved: /home/jvdillon/research/research/projects/trm3/ckpts/x182i/best.pt acc=79.77% (0.066s)
Step  2000  Test 79.77% / 49.52%  Train lm=1.3906±0.2295ϵ[1.0000,3.7188] n_active=0.0000±0.0000ϵ[0.0000,0.0000] n_expunged=0.0000±0.0000ϵ[0.0000,0.0000] n_halted=192.0000±0.0000ϵ[192.0000,192.0000] pool_util=0.0000±0.0000ϵ[0.0000,0.0000]  (305.668s / 1141.266s)
  cell_acc=81.35%, puzzle_acc=52.80%
  eval_avg_halt_step: 8.27
  per_H_acc: ['H0=52.5%', 'H1=60.1%', 'H2=63.4%', 'H3=66.6%', 'H4=68.5%', 'H5=70.1%']
  H_cos: ['0.848', '0.969', '0.977', '0.980', '0.980']
  z_H_delta: ['15.938', '7.969', '6.500', '6.125', '5.875']
  cells: fixed=[8832, 5498, 4486, 3642, 3333] broken=[4109, 3445, 2489, 2428, 2367]
  per_ACT_cell_acc: ['H1=52.5%', 'H2=60.1%', 'H3=63.4%', 'H4=66.6%', 'H5=68.5%', 'H6=70.1%', 'H7=71.0%', 'H8=71.7%', 'H9=72.0%', 'H10=72.7%', 'H11=72.9%', 'H12=73.4%', 'H13=73.9%', 'H14=74.4%', 'H15=74.5%', 'H16=74.8%']
  per_ACT_puzzle_acc: ['H1=0.0%', 'H2=1.3%', 'H3=2.7%', 'H4=6.2%', 'H5=9.6%', 'H6=14.7%', 'H7=18.8%', 'H8=21.5%', 'H9=23.6%', 'H10=25.0%', 'H11=27.3%', 'H12=28.9%', 'H13=30.3%', 'H14=31.1%', 'H15=32.3%', 'H16=32.9%']
  mean_sigmoid_q_halt: ['0.003', '0.011', '0.045', '0.090', '0.136', '0.203', '0.243', '0.271', '0.295', '0.311', '0.338', '0.354', '0.367', '0.381', '0.387', '0.396']
  halt_rates: ['0.00', '0.01', '0.03', '0.08', '0.13', '0.19', '0.24', '0.27', '0.29', '0.30', '0.33', '0.35', '0.36', '0.38', '0.38', '0.39']
  halt_histogram %: [84.9, 4.1, 2.5, 2.0, 1.6, 1.3, 1.0, 0.7, 0.5, 0.4, 0.2, 0.2, 0.1, 0.1, 0.0, 0.4]
  Avg ACT steps (last 100): 3.15
  saved: /home/jvdillon/research/research/projects/trm3/ckpts/x182i/step04000.pt acc=81.35% (0.035s)
  saved: /home/jvdillon/research/research/projects/trm3/ckpts/x182i/best.pt acc=81.35% (0.082s)
Step  4000  Test 81.35% / 52.80%  Train lm=1.3438±0.0923ϵ[0.9141,1.9297] n_active=768.0001±0.0000ϵ[768.0000,768.0000] n_expunged=30.4465±30.2293ϵ[0.0000,192.0000] n_halted=48.9570±18.5861ϵ[0.0000,192.0000] pool_util=1.0000±0.0000ϵ[1.0000,1.0000]  (304.679s / 1138.652s)
  cell_acc=91.41%, puzzle_acc=78.82%
  eval_avg_halt_step: 5.51
  per_H_acc: ['H0=52.9%', 'H1=63.1%', 'H2=66.4%', 'H3=69.8%', 'H4=72.0%', 'H5=74.0%']
  H_cos: ['0.848', '0.977', '0.977', '0.977', '0.984']
  z_H_delta: ['16.750', '8.062', '7.000', '6.594', '5.969']
  cells: fixed=[10455, 6133, 4866, 4209, 3926] broken=[4137, 4069, 2730, 2880, 2646]
  per_ACT_cell_acc: ['H1=52.9%', 'H2=63.1%', 'H3=66.4%', 'H4=69.8%', 'H5=72.0%', 'H6=74.0%', 'H7=75.4%', 'H8=76.3%', 'H9=76.6%', 'H10=77.0%', 'H11=77.8%', 'H12=78.8%', 'H13=79.5%', 'H14=80.0%', 'H15=80.3%', 'H16=80.4%']
  per_ACT_puzzle_acc: ['H1=0.0%', 'H2=2.0%', 'H3=4.3%', 'H4=12.9%', 'H5=19.0%', 'H6=23.8%', 'H7=29.0%', 'H8=32.0%', 'H9=35.7%', 'H10=38.4%', 'H11=40.4%', 'H12=42.3%', 'H13=44.3%', 'H14=46.0%', 'H15=47.7%', 'H16=48.4%']
  mean_sigmoid_q_halt: ['0.003', '0.011', '0.075', '0.149', '0.219', '0.268', '0.318', '0.350', '0.385', '0.414', '0.434', '0.459', '0.477', '0.492', '0.508', '0.516']
  halt_rates: ['0.00', '0.01', '0.07', '0.14', '0.21', '0.26', '0.32', '0.35', '0.38', '0.41', '0.43', '0.46', '0.48', '0.49', '0.51', '0.52']
  halt_histogram %: [75.0, 8.5, 4.4, 3.1, 2.4, 1.8, 1.3, 1.0, 0.7, 0.5, 0.3, 0.3, 0.2, 0.1, 0.1, 0.3]
  Avg ACT steps (last 100): 2.66
  saved: /home/jvdillon/research/research/projects/trm3/ckpts/x182i/step06000.pt acc=91.41% (0.034s)
  saved: /home/jvdillon/research/research/projects/trm3/ckpts/x182i/best.pt acc=91.41% (0.126s)
Step  6000  Test 91.41% / 78.82%  Train lm=1.3516±0.0369ϵ[1.2266,1.7031] n_active=768.0001±0.0000ϵ[768.0000,768.0000] n_expunged=8.3655±6.3444ϵ[0.0000,59.0000] n_halted=68.7915±10.3774ϵ[37.0000,103.0000] pool_util=1.0000±0.0000ϵ[1.0000,1.0000]  (304.112s / 1137.778s)
  cell_acc=93.02%, puzzle_acc=82.83%
  eval_avg_halt_step: 4.45
  per_H_acc: ['H0=51.3%', 'H1=61.2%', 'H2=65.9%', 'H3=70.1%', 'H4=72.9%', 'H5=74.9%']
  H_cos: ['0.836', '0.977', '0.980', '0.977', '0.980']
  z_H_delta: ['17.250', '7.938', '7.000', '6.781', '6.000']
  cells: fixed=[10002, 6585, 5416, 4554, 3769] broken=[3829, 3668, 2832, 2824, 2536]
  per_ACT_cell_acc: ['H1=51.3%', 'H2=61.2%', 'H3=65.9%', 'H4=70.1%', 'H5=72.9%', 'H6=74.9%', 'H7=76.5%', 'H8=77.1%', 'H9=77.7%', 'H10=78.6%', 'H11=79.6%', 'H12=80.6%', 'H13=81.6%', 'H14=82.1%', 'H15=82.6%', 'H16=82.7%']
  per_ACT_puzzle_acc: ['H1=0.0%', 'H2=1.6%', 'H3=5.1%', 'H4=13.5%', 'H5=20.8%', 'H6=27.2%', 'H7=32.9%', 'H8=36.5%', 'H9=38.8%', 'H10=41.8%', 'H11=43.8%', 'H12=46.9%', 'H13=48.6%', 'H14=50.9%', 'H15=53.9%', 'H16=55.2%']
  mean_sigmoid_q_halt: ['0.005', '0.010', '0.067', '0.144', '0.236', '0.307', '0.367', '0.406', '0.430', '0.459', '0.480', '0.512', '0.527', '0.551', '0.582', '0.598']
  halt_rates: ['0.00', '0.01', '0.06', '0.14', '0.23', '0.30', '0.36', '0.40', '0.43', '0.46', '0.48', '0.51', '0.52', '0.55', '0.58', '0.60']
  halt_histogram %: [69.8, 11.9, 5.5, 3.5, 2.5, 1.9, 1.4, 1.0, 0.7, 0.5, 0.3, 0.3, 0.2, 0.1, 0.1, 0.3]
  Avg ACT steps (last 100): 2.16
  saved: /home/jvdillon/research/research/projects/trm3/ckpts/x182i/step08000.pt acc=93.02% (0.033s)
  saved: /home/jvdillon/research/research/projects/trm3/ckpts/x182i/best.pt acc=93.02% (0.081s)
Step  8000  Test 93.02% / 82.83%  Train lm=1.3203±0.0537ϵ[1.1406,1.9375] n_active=768.0001±0.0000ϵ[768.0000,768.0000] n_expunged=6.0580±3.1641ϵ[0.0000,45.0000] n_halted=86.4100±11.1568ϵ[57.0000,132.0000] pool_util=1.0000±0.0000ϵ[1.0000,1.0000]  (304.065s / 1137.842s)
  cell_acc=95.32%, puzzle_acc=88.35%
  eval_avg_halt_step: 3.93
  per_H_acc: ['H0=54.8%', 'H1=61.5%', 'H2=67.7%', 'H3=72.6%', 'H4=75.6%', 'H5=77.5%']
  H_cos: ['0.883', '0.973', '0.977', '0.973', '0.977']
  z_H_delta: ['16.750', '8.312', '7.625', '7.344', '6.562']
  cells: fixed=[8233, 7228, 5784, 4696, 3806] broken=[4107, 3379, 2684, 2837, 2650]
  per_ACT_cell_acc: ['H1=54.8%', 'H2=61.5%', 'H3=67.7%', 'H4=72.6%', 'H5=75.6%', 'H6=77.5%', 'H7=79.2%', 'H8=80.5%', 'H9=81.7%', 'H10=82.4%', 'H11=83.2%', 'H12=83.7%', 'H13=84.1%', 'H14=84.6%', 'H15=85.2%', 'H16=85.7%']
  per_ACT_puzzle_acc: ['H1=0.3%', 'H2=2.3%', 'H3=6.5%', 'H4=15.8%', 'H5=26.6%', 'H6=35.0%', 'H7=40.0%', 'H8=44.9%', 'H9=49.1%', 'H10=51.8%', 'H11=53.9%', 'H12=56.4%', 'H13=58.3%', 'H14=59.9%', 'H15=61.3%', 'H16=62.4%']
  mean_sigmoid_q_halt: ['0.007', '0.021', '0.074', '0.174', '0.285', '0.369', '0.416', '0.467', '0.504', '0.539', '0.555', '0.578', '0.602', '0.617', '0.633', '0.641']
  halt_rates: ['0.00', '0.02', '0.06', '0.17', '0.28', '0.36', '0.41', '0.46', '0.50', '0.54', '0.55', '0.58', '0.60', '0.62', '0.63', '0.64']
  halt_histogram %: [67.4, 14.2, 6.0, 3.6, 2.5, 1.8, 1.3, 0.9, 0.7, 0.5, 0.3, 0.2, 0.2, 0.1, 0.1, 0.3]
  Avg ACT steps (last 100): 1.76
  saved: /home/jvdillon/research/research/projects/trm3/ckpts/x182i/step10000.pt acc=95.32% (0.034s)
  saved: /home/jvdillon/research/research/projects/trm3/ckpts/x182i/best.pt acc=95.32% (0.127s)
Step 10000  Test 95.32% / 88.35%  Train lm=1.2812±0.0488ϵ[1.1250,1.8281] n_active=768.0001±0.0000ϵ[768.0000,768.0000] n_expunged=6.0775±2.5321ϵ[0.0000,16.0000] n_halted=98.8170±10.8360ϵ[56.0000,137.0000] pool_util=1.0000±0.0000ϵ[1.0000,1.0000]  (304.129s / 1137.881s)
  cell_acc=95.45%, puzzle_acc=88.67%
  eval_avg_halt_step: 3.68
  per_H_acc: ['H0=57.7%', 'H1=65.2%', 'H2=70.1%', 'H3=74.2%', 'H4=76.9%', 'H5=78.8%']
  H_cos: ['0.934', '0.980', '0.980', '0.980', '0.984']
  z_H_delta: ['14.688', '7.594', '7.000', '6.406', '5.656']
  cells: fixed=[8747, 6762, 5279, 4435, 3582] broken=[4107, 3689, 2782, 2732, 2409]
  per_ACT_cell_acc: ['H1=57.7%', 'H2=65.2%', 'H3=70.1%', 'H4=74.2%', 'H5=76.9%', 'H6=78.8%', 'H7=79.9%', 'H8=81.1%', 'H9=82.0%', 'H10=82.6%', 'H11=82.8%', 'H12=83.2%', 'H13=83.8%', 'H14=84.6%', 'H15=85.1%', 'H16=85.6%']
  per_ACT_puzzle_acc: ['H1=1.4%', 'H2=2.6%', 'H3=9.2%', 'H4=20.3%', 'H5=28.9%', 'H6=37.8%', 'H7=42.2%', 'H8=46.2%', 'H9=48.3%', 'H10=51.0%', 'H11=52.2%', 'H12=53.9%', 'H13=55.2%', 'H14=57.0%', 'H15=58.7%', 'H16=60.2%']
  mean_sigmoid_q_halt: ['0.015', '0.028', '0.112', '0.217', '0.316', '0.406', '0.449', '0.486', '0.516', '0.547', '0.559', '0.570', '0.586', '0.605', '0.621', '0.637']
  halt_rates: ['0.01', '0.03', '0.10', '0.22', '0.31', '0.40', '0.45', '0.48', '0.52', '0.54', '0.56', '0.57', '0.58', '0.61', '0.62', '0.64']
  halt_histogram %: [66.4, 15.7, 6.2, 3.5, 2.4, 1.7, 1.2, 0.9, 0.6, 0.4, 0.3, 0.2, 0.1, 0.1, 0.1, 0.2]
  Avg ACT steps (last 100): 1.69
  saved: /home/jvdillon/research/research/projects/trm3/ckpts/x182i/step12000.pt acc=95.45% (0.035s)
  saved: /home/jvdillon/research/research/projects/trm3/ckpts/x182i/best.pt acc=95.45% (0.083s)
Step 12000  Test 95.45% / 88.67%  Train lm=1.2656±0.0615ϵ[1.1094,2.0156] n_active=768.0001±0.0000ϵ[768.0000,768.0000] n_expunged=6.8075±2.7419ϵ[0.0000,17.0000] n_halted=108.4805±9.8857ϵ[67.0000,141.0000] pool_util=1.0000±0.0000ϵ[1.0000,1.0000]  (304.079s / 1138.068s)
  cell_acc=95.43%, puzzle_acc=88.70%
  eval_avg_halt_step: 3.26
  per_H_acc: ['H0=52.8%', 'H1=63.3%', 'H2=68.3%', 'H3=72.9%', 'H4=76.0%', 'H5=78.3%']
  H_cos: ['0.746', '0.977', '0.980', '0.980', '0.984']
  z_H_delta: ['19.750', '8.188', '7.375', '6.844', '5.812']
  cells: fixed=[10226, 6785, 5743, 4504, 3685] broken=[3738, 3667, 2847, 2577, 2273]
  per_ACT_cell_acc: ['H1=52.8%', 'H2=63.3%', 'H3=68.3%', 'H4=72.9%', 'H5=76.0%', 'H6=78.3%', 'H7=80.3%', 'H8=81.4%', 'H9=82.4%', 'H10=83.7%', 'H11=84.3%', 'H12=84.9%', 'H13=85.5%', 'H14=85.9%', 'H15=86.5%', 'H16=86.6%']
  per_ACT_puzzle_acc: ['H1=0.0%', 'H2=2.3%', 'H3=7.9%', 'H4=18.6%', 'H5=29.8%', 'H6=37.9%', 'H7=45.3%', 'H8=49.6%', 'H9=52.2%', 'H10=54.3%', 'H11=57.6%', 'H12=59.4%', 'H13=60.9%', 'H14=62.6%', 'H15=64.5%', 'H16=65.5%']
  mean_sigmoid_q_halt: ['0.009', '0.017', '0.106', '0.223', '0.332', '0.412', '0.490', '0.535', '0.559', '0.590', '0.617', '0.637', '0.648', '0.668', '0.684', '0.699']
  halt_rates: ['0.00', '0.02', '0.10', '0.21', '0.32', '0.41', '0.49', '0.53', '0.56', '0.59', '0.62', '0.64', '0.65', '0.67', '0.68', '0.70']
  halt_histogram %: [66.2, 16.8, 6.2, 3.4, 2.2, 1.6, 1.1, 0.8, 0.5, 0.4, 0.3, 0.2, 0.1, 0.1, 0.1, 0.2]
  Avg ACT steps (last 100): 1.37
  saved: /home/jvdillon/research/research/projects/trm3/ckpts/x182i/step14000.pt acc=95.43% (0.034s)
Step 14000  Test 95.43% / 88.70%  Train lm=1.2500±0.0615ϵ[1.0859,1.9141] n_active=768.0001±0.0000ϵ[768.0000,768.0000] n_expunged=7.1085±2.8365ϵ[0.0000,17.0000] n_halted=115.6115±9.6956ϵ[84.0000,150.0000] pool_util=1.0000±0.0000ϵ[1.0000,1.0000]  (304.020s / 1138.037s)
  cell_acc=97.35%, puzzle_acc=93.47%
  eval_avg_halt_step: 3.00
  per_H_acc: ['H0=54.1%', 'H1=63.9%', 'H2=69.5%', 'H3=74.4%', 'H4=77.5%', 'H5=79.5%']
  H_cos: ['0.785', '0.980', '0.980', '0.980', '0.984']
  z_H_delta: ['19.375', '8.250', '7.438', '6.688', '5.656']
  cells: fixed=[9982, 7177, 5846, 4738, 3750] broken=[3885, 3662, 2829, 2754, 2557]
  per_ACT_cell_acc: ['H1=54.1%', 'H2=63.9%', 'H3=69.5%', 'H4=74.4%', 'H5=77.5%', 'H6=79.5%', 'H7=81.1%', 'H8=82.9%', 'H9=84.1%', 'H10=84.9%', 'H11=85.5%', 'H12=86.1%', 'H13=86.6%', 'H14=87.0%', 'H15=87.3%', 'H16=87.9%']
  per_ACT_puzzle_acc: ['H1=0.1%', 'H2=2.6%', 'H3=10.0%', 'H4=22.7%', 'H5=33.2%', 'H6=41.1%', 'H7=47.1%', 'H8=51.7%', 'H9=56.0%', 'H10=58.9%', 'H11=60.7%', 'H12=62.1%', 'H13=64.2%', 'H14=65.4%', 'H15=66.5%', 'H16=67.4%']
  mean_sigmoid_q_halt: ['0.004', '0.021', '0.108', '0.234', '0.332', '0.420', '0.482', '0.531', '0.574', '0.598', '0.621', '0.637', '0.656', '0.668', '0.680', '0.688']
  halt_rates: ['0.00', '0.02', '0.10', '0.23', '0.33', '0.42', '0.48', '0.53', '0.58', '0.60', '0.62', '0.64', '0.66', '0.67', '0.68', '0.69']
  halt_histogram %: [66.5, 17.4, 6.1, 3.2, 2.0, 1.4, 1.0, 0.7, 0.5, 0.3, 0.2, 0.2, 0.1, 0.1, 0.1, 0.2]
  Avg ACT steps (last 100): 1.47
  saved: /home/jvdillon/research/research/projects/trm3/ckpts/x182i/step16000.pt acc=97.35% (0.033s)
  saved: /home/jvdillon/research/research/projects/trm3/ckpts/x182i/best.pt acc=97.35% (0.080s)
Step 16000  Test 97.35% / 93.47%  Train lm=1.2188±0.0535ϵ[1.0469,1.8359] n_active=768.0001±0.0000ϵ[768.0000,768.0000] n_expunged=7.8390±3.0451ϵ[0.0000,20.0000] n_halted=123.4995±9.3725ϵ[87.0000,154.0000] pool_util=1.0000±0.0000ϵ[1.0000,1.0000]  (304.067s / 1137.884s)
  cell_acc=97.41%, puzzle_acc=93.60%
  eval_avg_halt_step: 2.90
  per_H_acc: ['H0=55.2%', 'H1=64.1%', 'H2=70.0%', 'H3=75.4%', 'H4=79.1%', 'H5=82.3%']
  H_cos: ['0.824', '0.977', '0.980', '0.980', '0.984']
  z_H_delta: ['19.000', '8.562', '7.594', '6.688', '5.688']
  cells: fixed=[9589, 7255, 6032, 4739, 4071] broken=[4082, 3574, 2657, 2444, 2099]
  per_ACT_cell_acc: ['H1=55.2%', 'H2=64.1%', 'H3=70.0%', 'H4=75.4%', 'H5=79.1%', 'H6=82.3%', 'H7=84.2%', 'H8=84.9%', 'H9=85.9%', 'H10=86.9%', 'H11=87.7%', 'H12=88.3%', 'H13=88.9%', 'H14=89.4%', 'H15=89.8%', 'H16=90.2%']
  per_ACT_puzzle_acc: ['H1=0.3%', 'H2=2.9%', 'H3=11.2%', 'H4=23.4%', 'H5=34.4%', 'H6=44.5%', 'H7=53.6%', 'H8=58.3%', 'H9=61.2%', 'H10=63.7%', 'H11=66.5%', 'H12=68.1%', 'H13=69.8%', 'H14=71.0%', 'H15=72.7%', 'H16=74.2%']
  mean_sigmoid_q_halt: ['0.002', '0.027', '0.138', '0.254', '0.357', '0.465', '0.547', '0.598', '0.629', '0.652', '0.684', '0.695', '0.715', '0.727', '0.746', '0.758']
  halt_rates: ['0.00', '0.03', '0.13', '0.24', '0.35', '0.46', '0.54', '0.59', '0.63', '0.65', '0.68', '0.69', '0.71', '0.73', '0.74', '0.76']
  halt_histogram %: [67.0, 17.9, 6.0, 3.0, 1.9, 1.3, 0.9, 0.6, 0.4, 0.3, 0.2, 0.2, 0.1, 0.1, 0.0, 0.2]
  Avg ACT steps (last 100): 1.36
  saved: /home/jvdillon/research/research/projects/trm3/ckpts/x182i/step18000.pt acc=97.41% (0.035s)
  saved: /home/jvdillon/research/research/projects/trm3/ckpts/x182i/best.pt acc=97.41% (0.129s)
Step 18000  Test 97.41% / 93.60%  Train lm=1.2109±0.0752ϵ[1.0547,2.2812] n_active=768.0001±0.0000ϵ[768.0000,768.0000] n_expunged=8.1825±3.1386ϵ[0.0000,20.0000] n_halted=129.2520±9.2643ϵ[80.0000,158.0000] pool_util=1.0000±0.0000ϵ[1.0000,1.0000]  (304.144s / 1137.871s)
  cell_acc=97.54%, puzzle_acc=93.90%
  eval_avg_halt_step: 2.69
  per_H_acc: ['H0=53.6%', 'H1=63.3%', 'H2=69.3%', 'H3=74.8%', 'H4=78.7%', 'H5=81.2%']
  H_cos: ['0.797', '0.977', '0.980', '0.980', '0.984']
  z_H_delta: ['19.375', '8.750', '7.625', '6.875', '5.750']
  cells: fixed=[9859, 7385, 6295, 4878, 3780] broken=[3799, 3643, 2884, 2471, 2198]
  per_ACT_cell_acc: ['H1=53.6%', 'H2=63.3%', 'H3=69.3%', 'H4=74.8%', 'H5=78.7%', 'H6=81.2%', 'H7=83.0%', 'H8=84.5%', 'H9=85.7%', 'H10=86.4%', 'H11=87.0%', 'H12=87.9%', 'H13=88.4%', 'H14=89.1%', 'H15=89.5%', 'H16=89.5%']
  per_ACT_puzzle_acc: ['H1=0.1%', 'H2=2.5%', 'H3=10.7%', 'H4=23.8%', 'H5=36.1%', 'H6=45.2%', 'H7=51.2%', 'H8=56.0%', 'H9=60.4%', 'H10=62.9%', 'H11=65.4%', 'H12=67.2%', 'H13=68.8%', 'H14=71.0%', 'H15=72.4%', 'H16=72.9%']
  mean_sigmoid_q_halt: ['0.004', '0.019', '0.139', '0.258', '0.389', '0.471', '0.527', '0.578', '0.621', '0.645', '0.668', '0.684', '0.707', '0.727', '0.742', '0.742']
  halt_rates: ['0.00', '0.02', '0.12', '0.25', '0.38', '0.46', '0.52', '0.57', '0.62', '0.64', '0.67', '0.68', '0.71', '0.73', '0.74', '0.74']
  halt_histogram %: [67.8, 18.0, 5.8, 2.8, 1.7, 1.2, 0.8, 0.6, 0.4, 0.3, 0.2, 0.1, 0.1, 0.1, 0.0, 0.2]
  Avg ACT steps (last 100): 1.33
  saved: /home/jvdillon/research/research/projects/trm3/ckpts/x182i/step20000.pt acc=97.54% (0.033s)
  saved: /home/jvdillon/research/research/projects/trm3/ckpts/x182i/best.pt acc=97.54% (0.125s)
Step 20000  Test 97.54% / 93.90%  Train lm=1.1641±0.0408ϵ[1.0156,1.3750] n_active=768.0001±0.0000ϵ[768.0000,768.0000] n_expunged=9.1220±3.3306ϵ[0.0000,22.0000] n_halted=136.2435±7.8143ϵ[114.0000,166.0000] pool_util=1.0000±0.0000ϵ[1.0000,1.0000]  (304.137s / 1137.806s)
  cell_acc=97.48%, puzzle_acc=93.70%
  eval_avg_halt_step: 2.47
  per_H_acc: ['H0=50.8%', 'H1=61.8%', 'H2=67.0%', 'H3=73.3%', 'H4=78.3%', 'H5=81.8%']
  H_cos: ['0.703', '0.977', '0.977', '0.980', '0.980']
  z_H_delta: ['21.750', '8.938', '8.000', '7.125', '6.281']
  cells: fixed=[10444, 7105, 6903, 5534, 4326] broken=[3620, 3814, 3000, 2432, 2177]
  per_ACT_cell_acc: ['H1=50.8%', 'H2=61.8%', 'H3=67.0%', 'H4=73.3%', 'H5=78.3%', 'H6=81.8%', 'H7=83.9%', 'H8=85.4%', 'H9=86.5%', 'H10=87.2%', 'H11=88.3%', 'H12=88.7%', 'H13=89.6%', 'H14=90.2%', 'H15=91.0%', 'H16=91.3%']
  per_ACT_puzzle_acc: ['H1=0.0%', 'H2=2.5%', 'H3=7.0%', 'H4=20.3%', 'H5=32.6%', 'H6=44.5%', 'H7=52.2%', 'H8=57.6%', 'H9=61.7%', 'H10=64.1%', 'H11=67.3%', 'H12=69.7%', 'H13=71.7%', 'H14=73.0%', 'H15=75.0%', 'H16=76.3%']
  mean_sigmoid_q_halt: ['0.002', '0.015', '0.119', '0.246', '0.373', '0.494', '0.566', '0.613', '0.656', '0.680', '0.707', '0.734', '0.750', '0.766', '0.785', '0.801']
  halt_rates: ['0.00', '0.02', '0.11', '0.24', '0.37', '0.49', '0.56', '0.61', '0.65', '0.68', '0.71', '0.73', '0.75', '0.77', '0.79', '0.80']
  halt_histogram %: [68.7, 18.0, 5.6, 2.6, 1.6, 1.1, 0.7, 0.5, 0.4, 0.2, 0.2, 0.1, 0.1, 0.1, 0.0, 0.1]
  Avg ACT steps (last 100): 1.31
  saved: /home/jvdillon/research/research/projects/trm3/ckpts/x182i/step22000.pt acc=97.48% (0.033s)
Step 22000  Test 97.48% / 93.70%  Train lm=1.1562±0.0610ϵ[0.9961,2.1250] n_active=768.0001±0.0000ϵ[768.0000,768.0000] n_expunged=9.5275±3.4863ϵ[1.0000,21.0000] n_halted=141.5285±7.7835ϵ[111.0000,167.0000] pool_util=1.0000±0.0000ϵ[1.0000,1.0000]  (304.046s / 1137.631s)
  cell_acc=97.71%, puzzle_acc=94.34%
  eval_avg_halt_step: 2.41
  per_H_acc: ['H0=50.9%', 'H1=62.1%', 'H2=68.4%', 'H3=74.8%', 'H4=78.5%', 'H5=80.9%']
  H_cos: ['0.621', '0.973', '0.977', '0.977', '0.984']
  z_H_delta: ['22.750', '9.625', '8.188', '7.406', '6.094']
  cells: fixed=[10441, 7893, 7058, 5133, 3860] broken=[3441, 3993, 3097, 2816, 2363]
  per_ACT_cell_acc: ['H1=50.9%', 'H2=62.1%', 'H3=68.4%', 'H4=74.8%', 'H5=78.5%', 'H6=80.9%', 'H7=83.1%', 'H8=85.0%', 'H9=86.4%', 'H10=87.3%', 'H11=88.0%', 'H12=88.8%', 'H13=89.3%', 'H14=89.7%', 'H15=90.2%', 'H16=90.8%']
  per_ACT_puzzle_acc: ['H1=0.1%', 'H2=2.6%', 'H3=8.6%', 'H4=21.5%', 'H5=34.9%', 'H6=44.9%', 'H7=51.8%', 'H8=58.1%', 'H9=62.1%', 'H10=64.8%', 'H11=67.7%', 'H12=70.1%', 'H13=71.2%', 'H14=73.0%', 'H15=74.6%', 'H16=75.9%']
  mean_sigmoid_q_halt: ['0.002', '0.020', '0.143', '0.260', '0.387', '0.482', '0.547', '0.617', '0.652', '0.680', '0.707', '0.727', '0.734', '0.758', '0.770', '0.781']
  halt_rates: ['0.00', '0.02', '0.13', '0.24', '0.38', '0.48', '0.54', '0.61', '0.65', '0.68', '0.70', '0.72', '0.73', '0.76', '0.77', '0.78']
  halt_histogram %: [69.6, 18.0, 5.3, 2.4, 1.4, 1.0, 0.7, 0.5, 0.3, 0.2, 0.2, 0.1, 0.1, 0.1, 0.0, 0.1]
  Avg ACT steps (last 100): 1.34
  saved: /home/jvdillon/research/research/projects/trm3/ckpts/x182i/step24000.pt acc=97.71% (0.033s)
  saved: /home/jvdillon/research/research/projects/trm3/ckpts/x182i/best.pt acc=97.71% (0.080s)
Step 24000  Test 97.71% / 94.34%  Train lm=1.1406±0.0601ϵ[0.9883,1.8516] n_active=768.0001±0.0000ϵ[768.0000,768.0000] n_expunged=10.0890±3.7213ϵ[1.0000,25.0000] n_halted=145.9980±7.8194ϵ[121.0000,173.0000] pool_util=1.0000±0.0000ϵ[1.0000,1.0000]  (304.075s / 1137.922s)
  cell_acc=97.61%, puzzle_acc=94.06%
  eval_avg_halt_step: 2.36
  per_H_acc: ['H0=49.4%', 'H1=61.1%', 'H2=66.8%', 'H3=73.7%', 'H4=78.5%', 'H5=81.2%']
  H_cos: ['0.566', '0.973', '0.977', '0.977', '0.980']
  z_H_delta: ['23.375', '9.688', '8.188', '7.469', '6.250']
  cells: fixed=[10802, 7532, 7255, 5677, 3963] broken=[3557, 3950, 2974, 2698, 2308]
  per_ACT_cell_acc: ['H1=49.4%', 'H2=61.1%', 'H3=66.8%', 'H4=73.7%', 'H5=78.5%', 'H6=81.2%', 'H7=83.2%', 'H8=85.0%', 'H9=87.0%', 'H10=88.2%', 'H11=89.0%', 'H12=89.7%', 'H13=90.2%', 'H14=90.7%', 'H15=91.0%', 'H16=91.5%']
  per_ACT_puzzle_acc: ['H1=0.0%', 'H2=2.5%', 'H3=7.0%', 'H4=19.3%', 'H5=33.9%', 'H6=45.8%', 'H7=53.6%', 'H8=58.6%', 'H9=63.2%', 'H10=67.6%', 'H11=70.7%', 'H12=72.8%', 'H13=74.5%', 'H14=75.8%', 'H15=76.4%', 'H16=77.5%']
  mean_sigmoid_q_halt: ['0.001', '0.017', '0.118', '0.230', '0.381', '0.496', '0.574', '0.621', '0.668', '0.711', '0.742', '0.758', '0.777', '0.789', '0.797', '0.805']
  halt_rates: ['0.00', '0.02', '0.10', '0.22', '0.37', '0.49', '0.57', '0.62', '0.67', '0.71', '0.74', '0.76', '0.78', '0.79', '0.80', '0.81']
  halt_histogram %: [70.5, 17.9, 5.1, 2.3, 1.3, 0.9, 0.6, 0.4, 0.3, 0.2, 0.1, 0.1, 0.1, 0.0, 0.0, 0.1]
  Avg ACT steps (last 100): 1.30
  saved: /home/jvdillon/research/research/projects/trm3/ckpts/x182i/step26000.pt acc=97.61% (0.033s)
Step 26000  Test 97.61% / 94.06%  Train lm=1.1172±0.0525ϵ[0.9844,1.4609] n_active=768.0001±0.0000ϵ[768.0000,768.0000] n_expunged=10.5830±3.8775ϵ[1.0000,25.0000] n_halted=150.1225±7.2857ϵ[128.0000,175.0000] pool_util=1.0000±0.0000ϵ[1.0000,1.0000]  (304.014s / 1138.133s)
  cell_acc=97.76%, puzzle_acc=94.47%
  eval_avg_halt_step: 2.29
  per_H_acc: ['H0=48.6%', 'H1=61.0%', 'H2=66.3%', 'H3=72.5%', 'H4=76.8%', 'H5=80.1%']
  H_cos: ['0.535', '0.973', '0.977', '0.980', '0.980']
  z_H_delta: ['23.875', '9.875', '8.250', '7.375', '6.375']
  cells: fixed=[11081, 7338, 6936, 5261, 4348] broken=[3397, 4017, 3081, 2635, 2246]
  per_ACT_cell_acc: ['H1=48.6%', 'H2=61.0%', 'H3=66.3%', 'H4=72.5%', 'H5=76.8%', 'H6=80.1%', 'H7=82.7%', 'H8=84.7%', 'H9=86.5%', 'H10=88.0%', 'H11=88.6%', 'H12=89.5%', 'H13=90.0%', 'H14=90.2%', 'H15=90.4%', 'H16=90.9%']
  per_ACT_puzzle_acc: ['H1=0.0%', 'H2=2.5%', 'H3=6.8%', 'H4=19.9%', 'H5=30.9%', 'H6=42.6%', 'H7=50.3%', 'H8=57.0%', 'H9=60.7%', 'H10=65.5%', 'H11=68.6%', 'H12=71.5%', 'H13=73.3%', 'H14=73.8%', 'H15=75.1%', 'H16=75.8%']
  mean_sigmoid_q_halt: ['0.001', '0.019', '0.113', '0.247', '0.359', '0.484', '0.555', '0.613', '0.656', '0.699', '0.734', '0.762', '0.777', '0.785', '0.793', '0.805']
  halt_rates: ['0.00', '0.02', '0.10', '0.23', '0.35', '0.48', '0.55', '0.61', '0.65', '0.70', '0.73', '0.76', '0.78', '0.79', '0.79', '0.80']
  halt_histogram %: [71.4, 17.7, 4.9, 2.1, 1.2, 0.8, 0.6, 0.4, 0.3, 0.2, 0.1, 0.1, 0.1, 0.0, 0.0, 0.1]
  Avg ACT steps (last 100): 1.30
  saved: /home/jvdillon/research/research/projects/trm3/ckpts/x182i/step28000.pt acc=97.76% (0.034s)
  saved: /home/jvdillon/research/research/projects/trm3/ckpts/x182i/best.pt acc=97.76% (0.081s)
Step 28000  Test 97.76% / 94.47%  Train lm=1.1094±0.0457ϵ[0.9922,1.4297] n_active=768.0001±0.0000ϵ[768.0000,768.0000] n_expunged=11.1070±3.7420ϵ[0.0000,24.0000] n_halted=153.0130±6.6886ϵ[132.0000,175.0000] pool_util=1.0000±0.0000ϵ[1.0000,1.0000]  (304.039s / 1138.308s)
  cell_acc=97.93%, puzzle_acc=94.93%
  eval_avg_halt_step: 2.26
  per_H_acc: ['H0=49.8%', 'H1=61.7%', 'H2=68.2%', 'H3=74.6%', 'H4=79.1%', 'H5=82.5%']
  H_cos: ['0.551', '0.973', '0.973', '0.977', '0.980']
  z_H_delta: ['23.625', '10.000', '8.375', '7.469', '6.125']
  cells: fixed=[10858, 7875, 6960, 5213, 4179] broken=[3446, 3836, 2958, 2399, 2093]
  per_ACT_cell_acc: ['H1=49.8%', 'H2=61.7%', 'H3=68.2%', 'H4=74.6%', 'H5=79.1%', 'H6=82.5%', 'H7=84.5%', 'H8=86.0%', 'H9=87.3%', 'H10=88.4%', 'H11=89.4%', 'H12=90.4%', 'H13=91.2%', 'H14=91.8%', 'H15=92.3%', 'H16=92.6%']
  per_ACT_puzzle_acc: ['H1=0.1%', 'H2=2.6%', 'H3=8.5%', 'H4=23.8%', 'H5=37.1%', 'H6=49.6%', 'H7=56.0%', 'H8=62.0%', 'H9=65.6%', 'H10=68.1%', 'H11=71.2%', 'H12=73.4%', 'H13=75.1%', 'H14=77.6%', 'H15=78.6%', 'H16=79.4%']
  mean_sigmoid_q_halt: ['0.001', '0.019', '0.136', '0.289', '0.428', '0.539', '0.602', '0.652', '0.695', '0.719', '0.750', '0.770', '0.793', '0.809', '0.820', '0.828']
  halt_rates: ['0.00', '0.02', '0.12', '0.28', '0.42', '0.54', '0.60', '0.65', '0.69', '0.72', '0.75', '0.77', '0.79', '0.81', '0.82', '0.83']
  halt_histogram %: [72.2, 17.5, 4.7, 2.0, 1.1, 0.8, 0.5, 0.4, 0.2, 0.2, 0.1, 0.1, 0.1, 0.0, 0.0, 0.1]
  Avg ACT steps (last 100): 1.19
  saved: /home/jvdillon/research/research/projects/trm3/ckpts/x182i/step30000.pt acc=97.93% (0.034s)
  saved: /home/jvdillon/research/research/projects/trm3/ckpts/x182i/best.pt acc=97.93% (0.127s)
Step 30000  Test 97.93% / 94.93%  Train lm=1.1016±0.0398ϵ[0.9961,1.3984] n_active=768.0001±0.0000ϵ[768.0000,768.0000] n_expunged=11.1505±3.6889ϵ[2.0000,25.0000] n_halted=154.7700±6.1829ϵ[134.0000,174.0000] pool_util=1.0000±0.0000ϵ[1.0000,1.0000]  (304.121s / 1138.563s)
  cell_acc=97.98%, puzzle_acc=95.01%
  eval_avg_halt_step: 2.21
  per_H_acc: ['H0=49.5%', 'H1=61.7%', 'H2=67.5%', 'H3=73.6%', 'H4=78.6%', 'H5=81.9%']
  H_cos: ['0.547', '0.973', '0.977', '0.980', '0.980']
  z_H_delta: ['23.750', '10.000', '8.438', '7.406', '6.344']
  cells: fixed=[11024, 7647, 6924, 5583, 4307] broken=[3447, 4002, 3160, 2492, 2242]
  per_ACT_cell_acc: ['H1=49.5%', 'H2=61.7%', 'H3=67.5%', 'H4=73.6%', 'H5=78.6%', 'H6=81.9%', 'H7=84.3%', 'H8=86.2%', 'H9=87.6%', 'H10=88.6%', 'H11=89.6%', 'H12=90.4%', 'H13=90.9%', 'H14=91.1%', 'H15=91.5%', 'H16=91.9%']
  per_ACT_puzzle_acc: ['H1=0.0%', 'H2=2.6%', 'H3=8.2%', 'H4=22.9%', 'H5=35.3%', 'H6=47.3%', 'H7=55.3%', 'H8=61.2%', 'H9=65.6%', 'H10=69.3%', 'H11=71.5%', 'H12=73.2%', 'H13=75.7%', 'H14=76.7%', 'H15=78.1%', 'H16=79.2%']
  mean_sigmoid_q_halt: ['0.001', '0.017', '0.133', '0.275', '0.402', '0.516', '0.598', '0.652', '0.695', '0.730', '0.754', '0.777', '0.793', '0.805', '0.812', '0.828']
  halt_rates: ['0.00', '0.02', '0.12', '0.27', '0.39', '0.51', '0.59', '0.65', '0.69', '0.73', '0.75', '0.77', '0.79', '0.80', '0.81', '0.83']
  halt_histogram %: [72.9, 17.4, 4.5, 1.9, 1.1, 0.7, 0.5, 0.3, 0.2, 0.2, 0.1, 0.1, 0.1, 0.0, 0.0, 0.1]
  Avg ACT steps (last 100): 1.22
  saved: /home/jvdillon/research/research/projects/trm3/ckpts/x182i/step32000.pt acc=97.98% (0.033s)
  saved: /home/jvdillon/research/research/projects/trm3/ckpts/x182i/best.pt acc=97.98% (0.080s)
Step 32000  Test 97.98% / 95.01%  Train lm=1.1016±0.0486ϵ[0.9805,1.3672] n_active=768.0001±0.0000ϵ[768.0000,768.0000] n_expunged=11.3040±3.6837ϵ[1.0000,25.0000] n_halted=155.6330±6.1460ϵ[135.0000,177.0000] pool_util=1.0000±0.0000ϵ[1.0000,1.0000]  (304.127s / 1138.075s)
  cell_acc=98.00%, puzzle_acc=95.05%
  eval_avg_halt_step: 2.23
  per_H_acc: ['H0=49.5%', 'H1=61.8%', 'H2=68.1%', 'H3=74.3%', 'H4=79.1%', 'H5=81.9%']
  H_cos: ['0.539', '0.973', '0.973', '0.977', '0.984']
  z_H_delta: ['23.750', '10.188', '8.500', '7.531', '6.125']
  cells: fixed=[11101, 7812, 6969, 5480, 4054] broken=[3404, 3943, 3076, 2518, 2291]
  per_ACT_cell_acc: ['H1=49.5%', 'H2=61.8%', 'H3=68.1%', 'H4=74.3%', 'H5=79.1%', 'H6=81.9%', 'H7=84.0%', 'H8=85.7%', 'H9=87.6%', 'H10=89.0%', 'H11=89.7%', 'H12=90.3%', 'H13=90.8%', 'H14=91.5%', 'H15=92.0%', 'H16=92.2%']
  per_ACT_puzzle_acc: ['H1=0.0%', 'H2=2.6%', 'H3=7.7%', 'H4=22.4%', 'H5=36.6%', 'H6=46.7%', 'H7=55.6%', 'H8=60.9%', 'H9=65.8%', 'H10=69.3%', 'H11=72.0%', 'H12=74.3%', 'H13=75.3%', 'H14=77.0%', 'H15=78.5%', 'H16=79.8%']
  mean_sigmoid_q_halt: ['0.001', '0.018', '0.142', '0.281', '0.404', '0.500', '0.578', '0.637', '0.680', '0.715', '0.746', '0.766', '0.773', '0.793', '0.805', '0.820']
  halt_rates: ['0.00', '0.02', '0.13', '0.28', '0.40', '0.49', '0.57', '0.63', '0.68', '0.71', '0.75', '0.77', '0.77', '0.79', '0.80', '0.82']
  halt_histogram %: [73.6, 17.2, 4.4, 1.8, 1.0, 0.7, 0.4, 0.3, 0.2, 0.1, 0.1, 0.1, 0.0, 0.0, 0.0, 0.1]
  Avg ACT steps (last 100): 1.23
  saved: /home/jvdillon/research/research/projects/trm3/ckpts/x182i/step34000.pt acc=98.00% (0.033s)
  saved: /home/jvdillon/research/research/projects/trm3/ckpts/x182i/best.pt acc=98.00% (0.080s)
Step 34000  Test 98.00% / 95.05%  Train lm=1.1016±0.0525ϵ[0.9961,1.5703] n_active=768.0001±0.0000ϵ[768.0000,768.0000] n_expunged=11.4380±3.8233ϵ[1.0000,26.0000] n_halted=155.8360±6.0476ϵ[135.0000,173.0000] pool_util=1.0000±0.0000ϵ[1.0000,1.0000]  (304.081s / 1138.481s)
  cell_acc=98.05%, puzzle_acc=95.18%
  eval_avg_halt_step: 2.23
  per_H_acc: ['H0=49.4%', 'H1=61.9%', 'H2=67.8%', 'H3=74.0%', 'H4=78.0%', 'H5=81.4%']
  H_cos: ['0.543', '0.973', '0.977', '0.977', '0.984']
  z_H_delta: ['23.750', '10.188', '8.438', '7.469', '6.062']
  cells: fixed=[11111, 7705, 6993, 5155, 4208] broken=[3360, 4057, 3103, 2696, 2067]
  per_ACT_cell_acc: ['H1=49.4%', 'H2=61.9%', 'H3=67.8%', 'H4=74.0%', 'H5=78.0%', 'H6=81.4%', 'H7=84.2%', 'H8=85.9%', 'H9=87.3%', 'H10=88.5%', 'H11=89.1%', 'H12=89.8%', 'H13=90.6%', 'H14=91.1%', 'H15=91.2%', 'H16=91.4%']
  per_ACT_puzzle_acc: ['H1=0.0%', 'H2=2.6%', 'H3=8.2%', 'H4=21.5%', 'H5=35.5%', 'H6=45.6%', 'H7=55.5%', 'H8=61.2%', 'H9=64.7%', 'H10=68.6%', 'H11=71.2%', 'H12=73.4%', 'H13=75.3%', 'H14=76.4%', 'H15=77.6%', 'H16=78.3%']
  mean_sigmoid_q_halt: ['0.001', '0.017', '0.140', '0.271', '0.412', '0.500', '0.594', '0.652', '0.680', '0.719', '0.746', '0.762', '0.781', '0.797', '0.805', '0.812']
  halt_rates: ['0.00', '0.02', '0.13', '0.26', '0.40', '0.49', '0.59', '0.65', '0.68', '0.72', '0.74', '0.76', '0.78', '0.79', '0.81', '0.81']
  halt_histogram %: [74.1, 17.1, 4.2, 1.7, 0.9, 0.6, 0.4, 0.3, 0.2, 0.1, 0.1, 0.1, 0.0, 0.0, 0.0, 0.1]
  Avg ACT steps (last 100): 1.36
  saved: /home/jvdillon/research/research/projects/trm3/ckpts/x182i/step36000.pt acc=98.05% (0.033s)
  saved: /home/jvdillon/research/research/projects/trm3/ckpts/x182i/best.pt acc=98.05% (0.080s)
Step 36000  Test 98.05% / 95.18%  Train lm=1.0938±0.0471ϵ[0.9961,1.4297] n_active=768.0001±0.0000ϵ[768.0000,768.0000] n_expunged=11.4260±3.8199ϵ[1.0000,23.0000] n_halted=155.8695±5.8362ϵ[135.0000,175.0000] pool_util=1.0000±0.0000ϵ[1.0000,1.0000]  (304.101s / 1138.564s)
 0.9, 0.6, 0.4, 0.3, 0.2, 0.1, 0.1, 0.1, 0.0, 0.0, 0.0, 0.1]
  Avg ACT steps (last 100): 1.36
  saved: /home/jvdillon/research/research/projects/trm3/ckpts/x182i/step36000.pt acc=98.05% (0.033s)
  saved: /home/jvdillon/research/research/projects/trm3/ckpts/x182i/best.pt acc=98.05% (0.080s)
Step 36000  Test 98.05% / 95.18%  Train lm=1.0938±0.0471ϵ[0.9961,1.4297] n_active=768.0001±0.0000ϵ[768.0000,768.0000] n_expunged=11.4260±3.8199ϵ[1.0000,23.0000] n_halted=155.8695±5.8362ϵ[135.0000,175.0000] pool_util=1.0000±0.0000ϵ[1.0000,1.0000]  (304.101s / 1138.564s)
