Adam params: ('embed_tokens.weight', 'head.weight', 'head.bias', 'q_head.weight', 'q_head.bias')
Muon 2D params: ('reasoning.0.attn.up_proj.weight', 'reasoning.0.attn.down_proj.weight', 'reasoning.0.mlp.up_proj.weight', 'reasoning.0.mlp.down_proj.weight', 'reasoning.1.attn.up_proj.weight', 'reasoning.1.attn.down_proj.weight', 'reasoning.1.mlp.up_proj.weight', 'reasoning.1.mlp.down_proj.weight')
Muon 3D params (ensemble_dims=1): ()
  cell_acc=67.80%, puzzle_acc=20.59%
  eval_avg_halt_step: 12.07
  per_H_acc: ['H0=56.1%', 'H1=62.4%', 'H2=63.7%', 'H3=64.4%', 'H4=64.6%', 'H5=64.9%']
  H_cos: ['0.836', '0.969', '0.980', '0.980', '0.984']
  z_H_delta: ['16.625', '8.062', '6.062', '5.781', '5.438']
  cells: fixed=[7490, 4276, 2776, 2342, 2192] broken=[3539, 3494, 2354, 2220, 1985]
  per_ACT_cell_acc: ['H1=56.1%', 'H2=62.4%', 'H3=63.7%', 'H4=64.4%', 'H5=64.6%', 'H6=64.9%', 'H7=65.2%', 'H8=65.5%', 'H9=65.9%', 'H10=66.2%', 'H11=66.2%', 'H12=66.3%', 'H13=66.2%', 'H14=66.1%', 'H15=66.0%', 'H16=66.4%']
  per_ACT_puzzle_acc: ['H1=0.1%', 'H2=2.5%', 'H3=3.4%', 'H4=5.7%', 'H5=6.9%', 'H6=8.1%', 'H7=9.5%', 'H8=10.8%', 'H9=11.8%', 'H10=12.6%', 'H11=12.9%', 'H12=13.7%', 'H13=14.1%', 'H14=14.6%', 'H15=14.7%', 'H16=15.0%']
  mean_sigmoid_q_halt: ['0.001', '0.021', '0.045', '0.060', '0.090', '0.110', '0.133', '0.146', '0.159', '0.171', '0.178', '0.188', '0.196', '0.203', '0.204', '0.206']
  halt_rates: ['0.00', '0.02', '0.04', '0.06', '0.09', '0.11', '0.13', '0.14', '0.16', '0.17', '0.18', '0.19', '0.19', '0.20', '0.20', '0.20']
  halt_histogram %: [12.0, 13.6, 14.1, 21.6, 14.2, 9.5, 5.1, 2.8, 1.6, 1.4, 0.8, 0.5, 0.1, 0.0, 0.0, 2.7]
  Avg ACT steps (last 100): 4.52
  saved: /home/jvdillon/research/research/projects/trm3/ckpts/x182a/step02000.pt acc=67.80% (0.097s)
  saved: /home/jvdillon/research/research/projects/trm3/ckpts/x182a/best.pt acc=67.80% (0.144s)
Step  2000  Test 67.80% / 20.59%  Train lm=1.3594±0.2139ϵ[0.9258,3.3906] n_active=768.0001±0.0000ϵ[768.0000,768.0000] n_expunged=82.4835±52.0884ϵ[0.0000,192.0000] n_halted=43.4585±32.9957ϵ[0.0000,192.0000] pool_util=1.0000±0.0000ϵ[1.0000,1.0000]  (305.837s / 1221.938s)
  cell_acc=75.08%, puzzle_acc=36.34%
  eval_avg_halt_step: 10.78
  per_H_acc: ['H0=50.7%', 'H1=62.3%', 'H2=64.8%', 'H3=66.1%', 'H4=67.2%', 'H5=67.9%']
  H_cos: ['0.766', '0.980', '0.988', '0.988', '0.988']
  z_H_delta: ['17.500', '6.781', '4.750', '4.438', '4.250']
  cells: fixed=[10398, 5128, 3317, 2763, 2612] broken=[3152, 3612, 2526, 2072, 2135]
  per_ACT_cell_acc: ['H1=50.7%', 'H2=62.3%', 'H3=64.8%', 'H4=66.1%', 'H5=67.2%', 'H6=67.9%', 'H7=68.3%', 'H8=68.5%', 'H9=69.1%', 'H10=69.3%', 'H11=69.6%', 'H12=69.9%', 'H13=70.5%', 'H14=70.5%', 'H15=70.4%', 'H16=70.6%']
  per_ACT_puzzle_acc: ['H1=0.0%', 'H2=1.7%', 'H3=2.6%', 'H4=5.9%', 'H5=8.9%', 'H6=11.8%', 'H7=13.5%', 'H8=15.4%', 'H9=16.9%', 'H10=18.1%', 'H11=19.1%', 'H12=19.5%', 'H13=20.3%', 'H14=21.0%', 'H15=21.7%', 'H16=22.1%']
  mean_sigmoid_q_halt: ['0.000', '0.003', '0.032', '0.070', '0.105', '0.144', '0.169', '0.191', '0.206', '0.224', '0.234', '0.239', '0.247', '0.254', '0.266', '0.270']
  halt_rates: ['0.00', '0.00', '0.03', '0.07', '0.11', '0.14', '0.17', '0.19', '0.21', '0.23', '0.24', '0.24', '0.25', '0.26', '0.27', '0.27']
  halt_histogram %: [14.9, 15.0, 13.2, 16.7, 12.4, 9.3, 6.1, 4.0, 2.5, 1.8, 1.2, 0.7, 0.4, 0.2, 0.1, 1.5]
  Avg ACT steps (last 100): 4.42
  saved: /home/jvdillon/research/research/projects/trm3/ckpts/x182a/step04000.pt acc=75.08% (0.096s)
  saved: /home/jvdillon/research/research/projects/trm3/ckpts/x182a/best.pt acc=75.08% (0.143s)
Step  4000  Test 75.08% / 36.34%  Train lm=1.3828±0.0258ϵ[1.2500,1.5000] n_active=768.0001±0.0000ϵ[768.0000,768.0000] n_expunged=23.8110±17.5588ϵ[0.0000,118.0000] n_halted=43.7555±8.3610ϵ[19.0000,73.0000] pool_util=1.0000±0.0000ϵ[1.0000,1.0000]  (306.012s / 1218.740s)
  cell_acc=86.45%, puzzle_acc=66.57%
  eval_avg_halt_step: 6.56
  per_H_acc: ['H0=50.0%', 'H1=62.5%', 'H2=65.5%', 'H3=67.9%', 'H4=69.5%', 'H5=70.7%']
  H_cos: ['0.789', '0.977', '0.980', '0.980', '0.984']
  z_H_delta: ['18.250', '7.500', '5.969', '5.750', '5.250']
  cells: fixed=[11045, 5886, 4236, 3932, 3437] broken=[3302, 3984, 2735, 2982, 2654]
  per_ACT_cell_acc: ['H1=50.0%', 'H2=62.5%', 'H3=65.5%', 'H4=67.9%', 'H5=69.5%', 'H6=70.7%', 'H7=71.7%', 'H8=72.5%', 'H9=73.5%', 'H10=74.2%', 'H11=74.7%', 'H12=74.8%', 'H13=75.0%', 'H14=75.4%', 'H15=76.0%', 'H16=76.5%']
  per_ACT_puzzle_acc: ['H1=0.0%', 'H2=2.5%', 'H3=4.8%', 'H4=9.6%', 'H5=14.6%', 'H6=18.9%', 'H7=22.7%', 'H8=25.7%', 'H9=28.6%', 'H10=30.9%', 'H11=32.6%', 'H12=33.7%', 'H13=35.5%', 'H14=36.3%', 'H15=37.8%', 'H16=38.7%']
  mean_sigmoid_q_halt: ['0.000', '0.014', '0.081', '0.131', '0.208', '0.249', '0.285', '0.318', '0.352', '0.373', '0.389', '0.400', '0.420', '0.430', '0.443', '0.457']
  halt_rates: ['0.00', '0.02', '0.07', '0.13', '0.20', '0.25', '0.28', '0.32', '0.35', '0.38', '0.39', '0.40', '0.42', '0.43', '0.44', '0.46']
  halt_histogram %: [20.3, 17.8, 12.8, 13.7, 10.3, 7.8, 5.4, 3.6, 2.5, 1.8, 1.2, 0.8, 0.5, 0.3, 0.2, 1.2]
  Avg ACT steps (last 100): 3.03
  saved: /home/jvdillon/research/research/projects/trm3/ckpts/x182a/step06000.pt acc=86.45% (0.052s)
  saved: /home/jvdillon/research/research/projects/trm3/ckpts/x182a/best.pt acc=86.45% (0.099s)
Step  6000  Test 86.45% / 66.57%  Train lm=1.3750±0.0277ϵ[1.2500,1.5781] n_active=768.0001±0.0000ϵ[768.0000,768.0000] n_expunged=10.7585±7.4662ϵ[0.0000,73.0000] n_halted=53.5375±9.2206ϵ[25.0000,98.0000] pool_util=1.0000±0.0000ϵ[1.0000,1.0000]  (306.192s / 1220.153s)
  cell_acc=90.89%, puzzle_acc=77.30%
  eval_avg_halt_step: 5.30
  per_H_acc: ['H0=48.9%', 'H1=63.0%', 'H2=66.9%', 'H3=69.9%', 'H4=71.8%', 'H5=73.1%']
  H_cos: ['0.797', '0.977', '0.977', '0.980', '0.984']
  z_H_delta: ['18.375', '7.312', '6.281', '5.719', '5.062']
  cells: fixed=[12060, 6235, 4653, 4037, 3340] broken=[3296, 3763, 2807, 2848, 2556]
  per_ACT_cell_acc: ['H1=48.9%', 'H2=63.0%', 'H3=66.9%', 'H4=69.9%', 'H5=71.8%', 'H6=73.1%', 'H7=74.3%', 'H8=75.5%', 'H9=76.4%', 'H10=77.3%', 'H11=77.9%', 'H12=78.7%', 'H13=79.4%', 'H14=80.2%', 'H15=80.4%', 'H16=80.6%']
  per_ACT_puzzle_acc: ['H1=0.0%', 'H2=2.3%', 'H3=5.7%', 'H4=13.2%', 'H5=19.7%', 'H6=24.7%', 'H7=27.9%', 'H8=31.9%', 'H9=34.9%', 'H10=37.9%', 'H11=39.7%', 'H12=41.5%', 'H13=43.8%', 'H14=46.0%', 'H15=47.1%', 'H16=48.6%']
  mean_sigmoid_q_halt: ['0.002', '0.024', '0.078', '0.162', '0.233', '0.285', '0.324', '0.361', '0.396', '0.426', '0.447', '0.469', '0.484', '0.508', '0.527', '0.535']
  halt_rates: ['0.00', '0.02', '0.07', '0.16', '0.23', '0.28', '0.32', '0.36', '0.39', '0.43', '0.45', '0.47', '0.49', '0.51', '0.53', '0.54']
  halt_histogram %: [27.0, 20.3, 12.1, 11.2, 8.3, 6.3, 4.4, 3.0, 2.1, 1.5, 1.0, 0.7, 0.5, 0.3, 0.2, 1.0]
  Avg ACT steps (last 100): 2.40
  saved: /home/jvdillon/research/research/projects/trm3/ckpts/x182a/step08000.pt acc=90.89% (0.051s)
  saved: /home/jvdillon/research/research/projects/trm3/ckpts/x182a/best.pt acc=90.89% (0.099s)
Step  8000  Test 90.89% / 77.30%  Train lm=1.3594±0.0315ϵ[1.2344,1.4375] n_active=768.0001±0.0000ϵ[768.0000,768.0000] n_expunged=7.2230±4.6440ϵ[0.0000,55.0000] n_halted=68.5005±9.9426ϵ[39.0000,106.0000] pool_util=1.0000±0.0000ϵ[1.0000,1.0000]  (306.311s / 1221.300s)
  cell_acc=93.71%, puzzle_acc=84.46%
  eval_avg_halt_step: 4.76
  per_H_acc: ['H0=51.5%', 'H1=63.8%', 'H2=67.8%', 'H3=70.7%', 'H4=72.7%', 'H5=74.4%']
  H_cos: ['0.824', '0.980', '0.984', '0.984', '0.984']
  z_H_delta: ['17.750', '6.969', '5.938', '5.531', '5.094']
  cells: fixed=[11027, 6106, 4602, 4155, 3686] broken=[3366, 3617, 2772, 2931, 2637]
  per_ACT_cell_acc: ['H1=51.5%', 'H2=63.8%', 'H3=67.8%', 'H4=70.7%', 'H5=72.7%', 'H6=74.4%', 'H7=75.6%', 'H8=76.6%', 'H9=77.2%', 'H10=78.1%', 'H11=78.8%', 'H12=79.3%', 'H13=80.1%', 'H14=80.5%', 'H15=80.6%', 'H16=81.1%']
  per_ACT_puzzle_acc: ['H1=0.1%', 'H2=2.9%', 'H3=7.9%', 'H4=15.0%', 'H5=20.7%', 'H6=27.0%', 'H7=31.9%', 'H8=34.9%', 'H9=38.2%', 'H10=40.6%', 'H11=43.5%', 'H12=44.7%', 'H13=46.7%', 'H14=48.2%', 'H15=49.9%', 'H16=51.0%']
  mean_sigmoid_q_halt: ['0.005', '0.027', '0.091', '0.163', '0.228', '0.289', '0.344', '0.377', '0.408', '0.436', '0.465', '0.477', '0.498', '0.512', '0.531', '0.543']
  halt_rates: ['0.00', '0.03', '0.08', '0.16', '0.22', '0.29', '0.34', '0.38', '0.41', '0.43', '0.46', '0.48', '0.50', '0.51', '0.53', '0.54']
  halt_histogram %: [33.7, 21.6, 11.3, 9.3, 6.8, 5.1, 3.6, 2.5, 1.7, 1.3, 0.9, 0.6, 0.4, 0.3, 0.2, 0.8]
  Avg ACT steps (last 100): 2.04
  saved: /home/jvdillon/research/research/projects/trm3/ckpts/x182a/step10000.pt acc=93.71% (0.051s)
  saved: /home/jvdillon/research/research/projects/trm3/ckpts/x182a/best.pt acc=93.71% (0.100s)
Step 10000  Test 93.71% / 84.46%  Train lm=1.3203±0.0374ϵ[1.1484,1.4062] n_active=768.0001±0.0000ϵ[768.0000,768.0000] n_expunged=6.2925±3.0800ϵ[0.0000,25.0000] n_halted=84.3510±10.0722ϵ[59.0000,124.0000] pool_util=1.0000±0.0000ϵ[1.0000,1.0000]  (306.511s / 1221.329s)
  cell_acc=94.36%, puzzle_acc=86.11%
  eval_avg_halt_step: 4.18
  per_H_acc: ['H0=54.2%', 'H1=64.5%', 'H2=68.9%', 'H3=72.5%', 'H4=75.1%', 'H5=76.7%']
  H_cos: ['0.871', '0.980', '0.980', '0.980', '0.984']
  z_H_delta: ['16.500', '7.094', '6.281', '5.781', '5.000']
  cells: fixed=[9951, 6275, 4727, 4081, 3238] broken=[3531, 3512, 2514, 2417, 2253]
  per_ACT_cell_acc: ['H1=54.2%', 'H2=64.5%', 'H3=68.9%', 'H4=72.5%', 'H5=75.1%', 'H6=76.7%', 'H7=78.5%', 'H8=79.7%', 'H9=80.5%', 'H10=81.4%', 'H11=82.1%', 'H12=82.6%', 'H13=83.0%', 'H14=83.5%', 'H15=84.1%', 'H16=84.6%']
  per_ACT_puzzle_acc: ['H1=1.0%', 'H2=2.7%', 'H3=10.2%', 'H4=18.2%', 'H5=27.3%', 'H6=33.5%', 'H7=38.7%', 'H8=43.5%', 'H9=46.9%', 'H10=49.9%', 'H11=51.7%', 'H12=53.6%', 'H13=55.3%', 'H14=57.0%', 'H15=57.8%', 'H16=59.0%']
  mean_sigmoid_q_halt: ['0.010', '0.027', '0.109', '0.196', '0.285', '0.354', '0.404', '0.455', '0.490', '0.520', '0.543', '0.559', '0.578', '0.594', '0.602', '0.613']
  halt_rates: ['0.01', '0.03', '0.10', '0.19', '0.28', '0.35', '0.40', '0.45', '0.49', '0.52', '0.54', '0.56', '0.58', '0.59', '0.60', '0.61']
  halt_histogram %: [39.9, 22.0, 10.4, 7.9, 5.7, 4.2, 2.9, 2.0, 1.4, 1.0, 0.7, 0.5, 0.3, 0.2, 0.1, 0.7]
  Avg ACT steps (last 100): 2.05
  saved: /home/jvdillon/research/research/projects/trm3/ckpts/x182a/step12000.pt acc=94.36% (0.051s)
  saved: /home/jvdillon/research/research/projects/trm3/ckpts/x182a/best.pt acc=94.36% (0.099s)
Step 12000  Test 94.36% / 86.11%  Train lm=1.2812±0.0430ϵ[1.1328,1.3828] n_active=768.0001±0.0000ϵ[768.0000,768.0000] n_expunged=6.5070±2.7903ϵ[0.0000,18.0000] n_halted=98.0275±10.4343ϵ[69.0000,130.0000] pool_util=1.0000±0.0000ϵ[1.0000,1.0000]  (304.263s / 1219.376s)
  cell_acc=96.64%, puzzle_acc=91.70%
  eval_avg_halt_step: 3.61
  per_H_acc: ['H0=57.3%', 'H1=65.8%', 'H2=70.1%', 'H3=73.8%', 'H4=76.4%', 'H5=78.9%']
  H_cos: ['0.910', '0.977', '0.977', '0.980', '0.984']
  z_H_delta: ['15.000', '6.938', '6.562', '5.719', '4.969']
  cells: fixed=[9217, 5930, 5099, 4219, 3906] broken=[3943, 3239, 2805, 2650, 2319]
  per_ACT_cell_acc: ['H1=57.3%', 'H2=65.8%', 'H3=70.1%', 'H4=73.8%', 'H5=76.4%', 'H6=78.9%', 'H7=80.5%', 'H8=82.0%', 'H9=82.7%', 'H10=83.7%', 'H11=84.5%', 'H12=84.7%', 'H13=85.1%', 'H14=85.2%', 'H15=85.9%', 'H16=86.5%']
  per_ACT_puzzle_acc: ['H1=1.8%', 'H2=3.0%', 'H3=13.7%', 'H4=23.8%', 'H5=31.2%', 'H6=37.4%', 'H7=43.6%', 'H8=48.6%', 'H9=51.6%', 'H10=54.7%', 'H11=56.8%', 'H12=58.9%', 'H13=59.6%', 'H14=60.9%', 'H15=61.7%', 'H16=63.9%']
  mean_sigmoid_q_halt: ['0.018', '0.030', '0.152', '0.252', '0.328', '0.387', '0.453', '0.500', '0.527', '0.559', '0.578', '0.602', '0.609', '0.621', '0.629', '0.648']
  halt_rates: ['0.02', '0.03', '0.14', '0.25', '0.32', '0.39', '0.46', '0.49', '0.53', '0.56', '0.58', '0.60', '0.61', '0.62', '0.63', '0.65']
  halt_histogram %: [44.9, 22.0, 9.6, 6.9, 4.8, 3.5, 2.5, 1.7, 1.2, 0.9, 0.6, 0.4, 0.3, 0.2, 0.1, 0.6]
  Avg ACT steps (last 100): 1.81
  saved: /home/jvdillon/research/research/projects/trm3/ckpts/x182a/step14000.pt acc=96.64% (0.035s)
  saved: /home/jvdillon/research/research/projects/trm3/ckpts/x182a/best.pt acc=96.64% (0.083s)
Step 14000  Test 96.64% / 91.70%  Train lm=1.2578±0.0393ϵ[1.1094,1.3594] n_active=768.0001±0.0000ϵ[768.0000,768.0000] n_expunged=6.8285±2.7635ϵ[0.0000,19.0000] n_halted=107.8695±9.8115ϵ[78.0000,144.0000] pool_util=1.0000±0.0000ϵ[1.0000,1.0000]  (304.288s / 1218.570s)
  cell_acc=97.31%, puzzle_acc=93.48%
  eval_avg_halt_step: 3.15
  per_H_acc: ['H0=59.6%', 'H1=66.8%', 'H2=72.2%', 'H3=76.3%', 'H4=78.8%', 'H5=80.5%']
  H_cos: ['0.941', '0.977', '0.977', '0.980', '0.984']
  z_H_delta: ['13.625', '7.219', '6.938', '6.156', '5.094']
  cells: fixed=[8518, 6261, 5229, 3905, 3311] broken=[4031, 2891, 2706, 2340, 2207]
  per_ACT_cell_acc: ['H1=59.6%', 'H2=66.8%', 'H3=72.2%', 'H4=76.3%', 'H5=78.8%', 'H6=80.5%', 'H7=81.8%', 'H8=83.4%', 'H9=84.8%', 'H10=85.6%', 'H11=86.6%', 'H12=87.1%', 'H13=87.9%', 'H14=88.3%', 'H15=88.8%', 'H16=89.2%']
  per_ACT_puzzle_acc: ['H1=2.2%', 'H2=4.8%', 'H3=15.5%', 'H4=27.5%', 'H5=38.4%', 'H6=45.1%', 'H7=49.3%', 'H8=52.9%', 'H9=57.4%', 'H10=60.9%', 'H11=62.6%', 'H12=65.0%', 'H13=67.6%', 'H14=68.8%', 'H15=69.9%', 'H16=71.2%']
  mean_sigmoid_q_halt: ['0.019', '0.048', '0.182', '0.297', '0.395', '0.461', '0.500', '0.539', '0.582', '0.609', '0.633', '0.656', '0.680', '0.699', '0.707', '0.715']
  halt_rates: ['0.01', '0.04', '0.17', '0.28', '0.39', '0.45', '0.50', '0.54', '0.58', '0.61', '0.63', '0.65', '0.68', '0.69', '0.71', '0.71']
  halt_histogram %: [49.2, 21.7, 8.9, 6.0, 4.2, 3.0, 2.1, 1.4, 1.0, 0.7, 0.5, 0.3, 0.2, 0.2, 0.1, 0.5]
  Avg ACT steps (last 100): 1.58
  saved: /home/jvdillon/research/research/projects/trm3/ckpts/x182a/step16000.pt acc=97.31% (0.036s)
  saved: /home/jvdillon/research/research/projects/trm3/ckpts/x182a/best.pt acc=97.31% (0.085s)
Step 16000  Test 97.31% / 93.48%  Train lm=1.2266±0.0403ϵ[1.1016,1.3281] n_active=768.0001±0.0000ϵ[768.0000,768.0000] n_expunged=7.6760±3.0063ϵ[0.0000,18.0000] n_halted=117.7445±9.3280ϵ[92.0000,150.0000] pool_util=1.0000±0.0000ϵ[1.0000,1.0000]  (304.237s / 1219.208s)
  cell_acc=97.65%, puzzle_acc=94.29%
  eval_avg_halt_step: 2.95
  per_H_acc: ['H0=60.6%', 'H1=67.0%', 'H2=72.2%', 'H3=75.6%', 'H4=78.4%', 'H5=80.6%']
  H_cos: ['0.945', '0.977', '0.980', '0.980', '0.984']
  z_H_delta: ['13.062', '7.438', '6.781', '6.000', '5.281']
  cells: fixed=[8006, 6192, 4966, 4325, 3652] broken=[4016, 2960, 2829, 2593, 2301]
  per_ACT_cell_acc: ['H1=60.6%', 'H2=67.0%', 'H3=72.2%', 'H4=75.6%', 'H5=78.4%', 'H6=80.6%', 'H7=81.6%', 'H8=82.7%', 'H9=84.1%', 'H10=85.1%', 'H11=85.8%', 'H12=86.7%', 'H13=87.3%', 'H14=87.8%', 'H15=88.3%', 'H16=88.8%']
  per_ACT_puzzle_acc: ['H1=2.5%', 'H2=6.1%', 'H3=18.1%', 'H4=27.6%', 'H5=36.7%', 'H6=44.4%', 'H7=49.2%', 'H8=52.7%', 'H9=55.9%', 'H10=58.9%', 'H11=61.1%', 'H12=63.9%', 'H13=65.5%', 'H14=68.0%', 'H15=68.8%', 'H16=69.9%']
  mean_sigmoid_q_halt: ['0.028', '0.060', '0.203', '0.289', '0.377', '0.451', '0.504', '0.539', '0.570', '0.605', '0.625', '0.652', '0.676', '0.691', '0.699', '0.711']
  halt_rates: ['0.02', '0.05', '0.19', '0.28', '0.37', '0.44', '0.50', '0.54', '0.57', '0.60', '0.62', '0.65', '0.68', '0.68', '0.70', '0.71']
  halt_histogram %: [52.8, 21.3, 8.2, 5.3, 3.6, 2.6, 1.8, 1.2, 0.9, 0.6, 0.4, 0.3, 0.2, 0.1, 0.1, 0.4]
  Avg ACT steps (last 100): 1.51
  saved: /home/jvdillon/research/research/projects/trm3/ckpts/x182a/step18000.pt acc=97.65% (0.078s)
  saved: /home/jvdillon/research/research/projects/trm3/ckpts/x182a/best.pt acc=97.65% (0.125s)
Step 18000  Test 97.65% / 94.29%  Train lm=1.2031±0.0374ϵ[1.0625,1.3047] n_active=768.0001±0.0000ϵ[768.0000,768.0000] n_expunged=8.3155±3.1897ϵ[0.0000,22.0000] n_halted=125.6855±8.9222ϵ[96.0000,155.0000] pool_util=1.0000±0.0000ϵ[1.0000,1.0000]  (304.278s / 1219.376s)
  cell_acc=98.30%, puzzle_acc=95.90%
  eval_avg_halt_step: 2.75
  per_H_acc: ['H0=60.9%', 'H1=67.6%', 'H2=72.8%', 'H3=76.4%', 'H4=78.9%', 'H5=81.3%']
  H_cos: ['0.949', '0.977', '0.980', '0.980', '0.984']
  z_H_delta: ['13.000', '7.188', '6.719', '5.938', '4.969']
  cells: fixed=[8063, 6284, 5179, 3948, 3614] broken=[3905, 3057, 2893, 2414, 2120]
  per_ACT_cell_acc: ['H1=60.9%', 'H2=67.6%', 'H3=72.8%', 'H4=76.4%', 'H5=78.9%', 'H6=81.3%', 'H7=82.8%', 'H8=83.9%', 'H9=84.6%', 'H10=85.4%', 'H11=86.0%', 'H12=86.6%', 'H13=87.3%', 'H14=87.7%', 'H15=88.3%', 'H16=88.9%']
  per_ACT_puzzle_acc: ['H1=2.7%', 'H2=5.7%', 'H3=19.1%', 'H4=29.7%', 'H5=39.6%', 'H6=46.5%', 'H7=50.8%', 'H8=54.7%', 'H9=57.9%', 'H10=60.9%', 'H11=63.0%', 'H12=65.1%', 'H13=66.8%', 'H14=68.0%', 'H15=69.0%', 'H16=71.5%']
  mean_sigmoid_q_halt: ['0.033', '0.047', '0.201', '0.309', '0.408', '0.477', '0.520', '0.559', '0.590', '0.617', '0.637', '0.660', '0.672', '0.688', '0.699', '0.723']
  halt_rates: ['0.03', '0.04', '0.19', '0.30', '0.40', '0.47', '0.52', '0.55', '0.59', '0.61', '0.63', '0.66', '0.67', '0.69', '0.70', '0.72']
  halt_histogram %: [56.0, 20.8, 7.6, 4.8, 3.2, 2.3, 1.6, 1.1, 0.7, 0.5, 0.4, 0.3, 0.2, 0.1, 0.1, 0.4]
  Avg ACT steps (last 100): 1.44
  saved: /home/jvdillon/research/research/projects/trm3/ckpts/x182a/step20000.pt acc=98.30% (0.035s)
  saved: /home/jvdillon/research/research/projects/trm3/ckpts/x182a/best.pt acc=98.30% (0.083s)
Step 20000  Test 98.30% / 95.90%  Train lm=1.1719±0.0374ϵ[1.0547,1.3984] n_active=768.0001±0.0000ϵ[768.0000,768.0000] n_expunged=9.0715±3.2503ϵ[0.0000,20.0000] n_halted=133.2555±8.1737ϵ[104.0000,158.0000] pool_util=1.0000±0.0000ϵ[1.0000,1.0000]  (304.226s / 1219.906s)
  cell_acc=98.48%, puzzle_acc=96.27%
  eval_avg_halt_step: 2.62
  per_H_acc: ['H0=61.2%', 'H1=68.4%', 'H2=73.3%', 'H3=77.6%', 'H4=80.6%', 'H5=82.8%']
  H_cos: ['0.953', '0.977', '0.977', '0.980', '0.984']
  z_H_delta: ['12.375', '7.375', '6.938', '6.094', '4.969']
  cells: fixed=[8403, 6096, 5349, 4141, 3385] broken=[3924, 3042, 2677, 2259, 2039]
  per_ACT_cell_acc: ['H1=61.2%', 'H2=68.4%', 'H3=73.3%', 'H4=77.6%', 'H5=80.6%', 'H6=82.8%', 'H7=84.7%', 'H8=86.0%', 'H9=87.1%', 'H10=88.1%', 'H11=88.9%', 'H12=90.0%', 'H13=90.8%', 'H14=91.4%', 'H15=91.8%', 'H16=91.8%']
  per_ACT_puzzle_acc: ['H1=2.7%', 'H2=6.6%', 'H3=20.2%', 'H4=32.6%', 'H5=42.6%', 'H6=50.1%', 'H7=55.5%', 'H8=59.8%', 'H9=64.3%', 'H10=66.8%', 'H11=69.1%', 'H12=71.6%', 'H13=73.6%', 'H14=75.5%', 'H15=77.6%', 'H16=78.6%']
  mean_sigmoid_q_halt: ['0.031', '0.059', '0.225', '0.330', '0.443', '0.508', '0.559', '0.605', '0.645', '0.668', '0.691', '0.715', '0.738', '0.754', '0.777', '0.785']
  halt_rates: ['0.03', '0.05', '0.21', '0.32', '0.44', '0.51', '0.56', '0.60', '0.64', '0.67', '0.69', '0.71', '0.74', '0.76', '0.77', '0.79']
  halt_histogram %: [58.8, 20.3, 7.1, 4.3, 2.8, 2.0, 1.4, 1.0, 0.7, 0.5, 0.3, 0.2, 0.2, 0.1, 0.1, 0.3]
  Avg ACT steps (last 100): 1.25
  saved: /home/jvdillon/research/research/projects/trm3/ckpts/x182a/step22000.pt acc=98.48% (0.035s)
  saved: /home/jvdillon/research/research/projects/trm3/ckpts/x182a/best.pt acc=98.48% (0.083s)
Step 22000  Test 98.48% / 96.27%  Train lm=1.1484±0.0356ϵ[1.0078,1.2344] n_active=768.0001±0.0000ϵ[768.0000,768.0000] n_expunged=9.9320±3.6468ϵ[0.0000,25.0000] n_halted=139.5090±7.5347ϵ[118.0000,166.0000] pool_util=1.0000±0.0000ϵ[1.0000,1.0000]  (304.225s / 1220.447s)
  cell_acc=98.82%, puzzle_acc=97.15%
  eval_avg_halt_step: 2.39
  per_H_acc: ['H0=62.3%', 'H1=69.0%', 'H2=73.8%', 'H3=77.6%', 'H4=80.4%', 'H5=82.6%']
  H_cos: ['0.953', '0.977', '0.977', '0.980', '0.984']
  z_H_delta: ['12.438', '7.688', '7.188', '6.156', '5.031']
  cells: fixed=[8155, 5777, 5243, 4193, 3626] broken=[3993, 2789, 2871, 2449, 2279]
  per_ACT_cell_acc: ['H1=62.3%', 'H2=69.0%', 'H3=73.8%', 'H4=77.6%', 'H5=80.4%', 'H6=82.6%', 'H7=84.5%', 'H8=86.2%', 'H9=87.1%', 'H10=88.1%', 'H11=89.0%', 'H12=89.3%', 'H13=90.0%', 'H14=90.5%', 'H15=91.0%', 'H16=91.5%']
  per_ACT_puzzle_acc: ['H1=2.7%', 'H2=9.2%', 'H3=21.2%', 'H4=32.8%', 'H5=42.6%', 'H6=49.0%', 'H7=56.1%', 'H8=60.5%', 'H9=64.5%', 'H10=67.2%', 'H11=69.5%', 'H12=71.5%', 'H13=72.7%', 'H14=74.3%', 'H15=75.7%', 'H16=76.6%']
  mean_sigmoid_q_halt: ['0.032', '0.089', '0.243', '0.346', '0.438', '0.500', '0.570', '0.617', '0.656', '0.680', '0.703', '0.723', '0.734', '0.754', '0.762', '0.773']
  halt_rates: ['0.03', '0.08', '0.23', '0.34', '0.43', '0.49', '0.57', '0.61', '0.65', '0.68', '0.70', '0.72', '0.73', '0.75', '0.76', '0.77']
  halt_histogram %: [61.2, 19.7, 6.7, 3.9, 2.5, 1.8, 1.2, 0.8, 0.6, 0.4, 0.3, 0.2, 0.1, 0.1, 0.1, 0.3]
  Avg ACT steps (last 100): 1.21
  saved: /home/jvdillon/research/research/projects/trm3/ckpts/x182a/step24000.pt acc=98.82% (0.034s)
  saved: /home/jvdillon/research/research/projects/trm3/ckpts/x182a/best.pt acc=98.82% (0.128s)
Step 24000  Test 98.82% / 97.15%  Train lm=1.1250±0.0398ϵ[0.9922,1.2812] n_active=768.0001±0.0000ϵ[768.0000,768.0000] n_expunged=10.5810±3.8208ϵ[0.0000,22.0000] n_halted=144.9135±7.5129ϵ[121.0000,169.0000] pool_util=1.0000±0.0000ϵ[1.0000,1.0000]  (304.271s / 1220.339s)
  cell_acc=98.73%, puzzle_acc=96.91%
  eval_avg_halt_step: 2.39
  per_H_acc: ['H0=62.9%', 'H1=69.5%', 'H2=74.5%', 'H3=78.8%', 'H4=81.7%', 'H5=83.5%']
  H_cos: ['0.957', '0.973', '0.977', '0.977', '0.984']
  z_H_delta: ['12.312', '7.844', '7.094', '6.125', '4.906']
  cells: fixed=[8080, 5812, 5255, 4158, 3106] broken=[3950, 2714, 2559, 2342, 2028]
  per_ACT_cell_acc: ['H1=62.9%', 'H2=69.5%', 'H3=74.5%', 'H4=78.8%', 'H5=81.7%', 'H6=83.5%', 'H7=85.1%', 'H8=86.7%', 'H9=87.5%', 'H10=88.1%', 'H11=88.9%', 'H12=89.7%', 'H13=90.4%', 'H14=91.1%', 'H15=91.7%', 'H16=91.9%']
  per_ACT_puzzle_acc: ['H1=2.7%', 'H2=9.0%', 'H3=23.2%', 'H4=34.6%', 'H5=46.4%', 'H6=53.5%', 'H7=58.3%', 'H8=61.8%', 'H9=65.5%', 'H10=67.4%', 'H11=69.5%', 'H12=71.5%', 'H13=73.8%', 'H14=75.8%', 'H15=77.6%', 'H16=78.0%']
  mean_sigmoid_q_halt: ['0.031', '0.083', '0.268', '0.359', '0.480', '0.543', '0.594', '0.629', '0.664', '0.680', '0.703', '0.719', '0.746', '0.766', '0.777', '0.785']
  halt_rates: ['0.03', '0.07', '0.26', '0.35', '0.47', '0.54', '0.59', '0.63', '0.67', '0.67', '0.70', '0.72', '0.75', '0.76', '0.78', '0.79']
  halt_histogram %: [63.4, 19.2, 6.2, 3.5, 2.3, 1.6, 1.1, 0.8, 0.5, 0.4, 0.3, 0.2, 0.1, 0.1, 0.1, 0.2]
  Avg ACT steps (last 100): 1.25
  saved: /home/jvdillon/research/research/projects/trm3/ckpts/x182a/step26000.pt acc=98.73% (0.034s)
Step 26000  Test 98.73% / 96.91%  Train lm=1.1016±0.0374ϵ[0.9922,1.1797] n_active=768.0001±0.0000ϵ[768.0000,768.0000] n_expunged=11.0995±4.0795ϵ[0.0000,24.0000] n_halted=149.4175±6.9524ϵ[131.0000,174.0000] pool_util=1.0000±0.0000ϵ[1.0000,1.0000]  (304.148s / 1220.218s)
  cell_acc=98.94%, puzzle_acc=97.46%
  eval_avg_halt_step: 2.29
  per_H_acc: ['H0=63.2%', 'H1=69.5%', 'H2=75.1%', 'H3=79.4%', 'H4=82.4%', 'H5=84.4%']
  H_cos: ['0.953', '0.973', '0.977', '0.980', '0.984']
  z_H_delta: ['12.250', '8.062', '7.250', '6.000', '4.844']
  cells: fixed=[7887, 5979, 5305, 4101, 3281] broken=[3941, 2489, 2650, 2263, 2006]
  per_ACT_cell_acc: ['H1=63.2%', 'H2=69.5%', 'H3=75.1%', 'H4=79.4%', 'H5=82.4%', 'H6=84.4%', 'H7=86.2%', 'H8=87.6%', 'H9=88.9%', 'H10=89.7%', 'H11=90.3%', 'H12=90.9%', 'H13=91.9%', 'H14=92.4%', 'H15=92.9%', 'H16=93.2%']
  per_ACT_puzzle_acc: ['H1=2.7%', 'H2=10.0%', 'H3=25.0%', 'H4=37.8%', 'H5=47.4%', 'H6=55.2%', 'H7=60.5%', 'H8=64.8%', 'H9=68.9%', 'H10=71.9%', 'H11=74.1%', 'H12=75.9%', 'H13=77.6%', 'H14=79.7%', 'H15=80.3%', 'H16=81.8%']
  mean_sigmoid_q_halt: ['0.032', '0.097', '0.273', '0.387', '0.484', '0.559', '0.613', '0.652', '0.691', '0.723', '0.746', '0.758', '0.777', '0.801', '0.809', '0.820']
  halt_rates: ['0.03', '0.08', '0.27', '0.38', '0.48', '0.56', '0.61', '0.65', '0.69', '0.72', '0.75', '0.76', '0.78', '0.80', '0.81', '0.82']
  halt_histogram %: [65.3, 18.8, 5.9, 3.2, 2.1, 1.4, 1.0, 0.7, 0.5, 0.3, 0.2, 0.2, 0.1, 0.1, 0.1, 0.2]
  Avg ACT steps (last 100): 1.26
  saved: /home/jvdillon/research/research/projects/trm3/ckpts/x182a/step28000.pt acc=98.94% (0.034s)
  saved: /home/jvdillon/research/research/projects/trm3/ckpts/x182a/best.pt acc=98.94% (0.083s)
Step 28000  Test 98.94% / 97.46%  Train lm=1.0859±0.0325ϵ[0.9922,1.1562] n_active=768.0001±0.0000ϵ[768.0000,768.0000] n_expunged=11.7260±4.0477ϵ[0.0000,25.0000] n_halted=152.6115±6.4107ϵ[131.0000,174.0000] pool_util=1.0000±0.0000ϵ[1.0000,1.0000]  (304.182s / 1220.163s)
  cell_acc=98.94%, puzzle_acc=97.44%
  eval_avg_halt_step: 2.25
  per_H_acc: ['H0=63.6%', 'H1=70.0%', 'H2=74.4%', 'H3=78.9%', 'H4=82.1%', 'H5=84.3%']
  H_cos: ['0.957', '0.973', '0.977', '0.980', '0.984']
  z_H_delta: ['12.125', '7.938', '7.281', '5.938', '4.906']
  cells: fixed=[7907, 5422, 5222, 4182, 3276] broken=[3931, 2690, 2445, 2135, 1924]
  per_ACT_cell_acc: ['H1=63.6%', 'H2=70.0%', 'H3=74.4%', 'H4=78.9%', 'H5=82.1%', 'H6=84.3%', 'H7=86.4%', 'H8=88.1%', 'H9=89.0%', 'H10=89.8%', 'H11=90.6%', 'H12=91.1%', 'H13=91.6%', 'H14=92.2%', 'H15=92.8%', 'H16=93.2%']
  per_ACT_puzzle_acc: ['H1=2.7%', 'H2=11.7%', 'H3=25.5%', 'H4=37.0%', 'H5=47.4%', 'H6=54.8%', 'H7=60.0%', 'H8=65.4%', 'H9=68.8%', 'H10=71.5%', 'H11=73.7%', 'H12=76.2%', 'H13=78.0%', 'H14=79.4%', 'H15=80.5%', 'H16=81.2%']
  mean_sigmoid_q_halt: ['0.032', '0.103', '0.285', '0.385', '0.482', '0.559', '0.609', '0.656', '0.695', '0.719', '0.742', '0.770', '0.785', '0.801', '0.809', '0.816']
  halt_rates: ['0.03', '0.09', '0.27', '0.38', '0.47', '0.55', '0.61', '0.66', '0.69', '0.72', '0.74', '0.77', '0.78', '0.80', '0.81', '0.82']
  halt_histogram %: [66.9, 18.3, 5.5, 3.0, 1.9, 1.3, 0.9, 0.6, 0.4, 0.3, 0.2, 0.1, 0.1, 0.1, 0.0, 0.2]
  Avg ACT steps (last 100): 1.27
  saved: /home/jvdillon/research/research/projects/trm3/ckpts/x182a/step30000.pt acc=98.94% (0.035s)
Step 30000  Test 98.94% / 97.44%  Train lm=1.0938±0.0203ϵ[1.0078,1.1562] n_active=768.0001±0.0000ϵ[768.0000,768.0000] n_expunged=11.7760±3.9677ϵ[1.0000,25.0000] n_halted=154.4910±6.2401ϵ[133.0000,173.0000] pool_util=1.0000±0.0000ϵ[1.0000,1.0000]  (304.117s / 1220.301s)
  cell_acc=98.98%, puzzle_acc=97.54%
  eval_avg_halt_step: 2.22
  per_H_acc: ['H0=63.8%', 'H1=70.2%', 'H2=75.2%', 'H3=79.1%', 'H4=82.1%', 'H5=84.7%']
  H_cos: ['0.957', '0.973', '0.977', '0.980', '0.984']
  z_H_delta: ['12.062', '7.938', '7.031', '5.781', '4.875']
  cells: fixed=[7939, 5848, 4988, 4160, 3541] broken=[3923, 2737, 2594, 2258, 1938]
  per_ACT_cell_acc: ['H1=63.8%', 'H2=70.2%', 'H3=75.2%', 'H4=79.1%', 'H5=82.1%', 'H6=84.7%', 'H7=86.6%', 'H8=87.8%', 'H9=88.9%', 'H10=89.7%', 'H11=90.4%', 'H12=91.1%', 'H13=92.0%', 'H14=92.8%', 'H15=93.4%', 'H16=93.7%']
  per_ACT_puzzle_acc: ['H1=2.7%', 'H2=11.3%', 'H3=26.3%', 'H4=37.0%', 'H5=46.6%', 'H6=54.3%', 'H7=60.4%', 'H8=66.3%', 'H9=69.8%', 'H10=72.1%', 'H11=74.0%', 'H12=75.5%', 'H13=78.6%', 'H14=80.6%', 'H15=82.0%', 'H16=83.1%']
  mean_sigmoid_q_halt: ['0.032', '0.113', '0.299', '0.383', '0.477', '0.555', '0.613', '0.672', '0.699', '0.723', '0.746', '0.762', '0.789', '0.812', '0.820', '0.832']
  halt_rates: ['0.03', '0.10', '0.29', '0.37', '0.47', '0.55', '0.61', '0.67', '0.70', '0.72', '0.75', '0.76', '0.79', '0.81', '0.82', '0.83']
  halt_histogram %: [68.3, 18.0, 5.3, 2.8, 1.7, 1.2, 0.8, 0.6, 0.4, 0.3, 0.2, 0.1, 0.1, 0.1, 0.0, 0.2]
  Avg ACT steps (last 100): 1.16
  saved: /home/jvdillon/research/research/projects/trm3/ckpts/x182a/step32000.pt acc=98.98% (0.035s)
  saved: /home/jvdillon/research/research/projects/trm3/ckpts/x182a/best.pt acc=98.98% (0.128s)
Step 32000  Test 98.98% / 97.54%  Train lm=1.0859±0.0179ϵ[1.0234,1.1484] n_active=768.0001±0.0000ϵ[768.0000,768.0000] n_expunged=12.1045±3.8004ϵ[1.0000,28.0000] n_halted=155.2365±5.9974ϵ[134.0000,175.0000] pool_util=1.0000±0.0000ϵ[1.0000,1.0000]  (304.184s / 1220.868s)
  cell_acc=99.02%, puzzle_acc=97.66%
  eval_avg_halt_step: 2.21
  per_H_acc: ['H0=63.7%', 'H1=70.2%', 'H2=74.8%', 'H3=78.5%', 'H4=81.5%', 'H5=84.0%']
  H_cos: ['0.957', '0.973', '0.977', '0.980', '0.984']
  z_H_delta: ['12.125', '7.875', '6.969', '5.875', '5.000']
  cells: fixed=[7923, 5649, 4998, 4188, 3531] broken=[3915, 2784, 2687, 2328, 1975]
  per_ACT_cell_acc: ['H1=63.7%', 'H2=70.2%', 'H3=74.8%', 'H4=78.5%', 'H5=81.5%', 'H6=84.0%', 'H7=86.0%', 'H8=87.3%', 'H9=88.2%', 'H10=88.7%', 'H11=89.4%', 'H12=90.1%', 'H13=90.4%', 'H14=90.9%', 'H15=91.5%', 'H16=92.0%']
  per_ACT_puzzle_acc: ['H1=2.7%', 'H2=11.5%', 'H3=26.4%', 'H4=36.1%', 'H5=45.6%', 'H6=53.3%', 'H7=59.0%', 'H8=63.3%', 'H9=67.3%', 'H10=69.5%', 'H11=71.4%', 'H12=72.9%', 'H13=74.5%', 'H14=76.0%', 'H15=78.0%', 'H16=79.3%']
  mean_sigmoid_q_halt: ['0.032', '0.111', '0.291', '0.375', '0.473', '0.543', '0.602', '0.641', '0.680', '0.703', '0.719', '0.734', '0.750', '0.762', '0.781', '0.797']
  halt_rates: ['0.03', '0.10', '0.28', '0.37', '0.46', '0.54', '0.60', '0.63', '0.68', '0.70', '0.72', '0.73', '0.75', '0.76', '0.78', '0.80']
  halt_histogram %: [69.4, 17.6, 5.0, 2.6, 1.6, 1.1, 0.8, 0.5, 0.4, 0.3, 0.2, 0.1, 0.1, 0.1, 0.0, 0.2]
  Avg ACT steps (last 100): 1.25
  saved: /home/jvdillon/research/research/projects/trm3/ckpts/x182a/step34000.pt acc=99.02% (0.033s)
  saved: /home/jvdillon/research/research/projects/trm3/ckpts/x182a/best.pt acc=99.02% (0.082s)
Step 34000  Test 99.02% / 97.66%  Train lm=1.0859±0.0183ϵ[1.0234,1.1484] n_active=768.0001±0.0000ϵ[768.0000,768.0000] n_expunged=12.1665±4.1149ϵ[1.0000,27.0000] n_halted=155.4085±5.9366ϵ[133.0000,174.0000] pool_util=1.0000±0.0000ϵ[1.0000,1.0000]  (304.147s / 1220.887s)
  cell_acc=99.03%, puzzle_acc=97.64%
  eval_avg_halt_step: 2.22
  per_H_acc: ['H0=63.7%', 'H1=70.1%', 'H2=74.8%', 'H3=78.4%', 'H4=81.8%', 'H5=84.3%']
  H_cos: ['0.957', '0.973', '0.977', '0.980', '0.984']
  z_H_delta: ['12.125', '7.875', '6.969', '5.812', '5.062']
  cells: fixed=[7913, 5648, 4960, 4356, 3620] broken=[3967, 2741, 2677, 2274, 2043]
  per_ACT_cell_acc: ['H1=63.7%', 'H2=70.1%', 'H3=74.8%', 'H4=78.4%', 'H5=81.8%', 'H6=84.3%', 'H7=86.1%', 'H8=87.3%', 'H9=88.4%', 'H10=89.6%', 'H11=90.2%', 'H12=90.9%', 'H13=91.8%', 'H14=92.3%', 'H15=92.8%', 'H16=93.3%']
  per_ACT_puzzle_acc: ['H1=2.7%', 'H2=11.2%', 'H3=26.4%', 'H4=36.2%', 'H5=45.3%', 'H6=54.3%', 'H7=59.9%', 'H8=64.1%', 'H9=66.5%', 'H10=69.8%', 'H11=72.8%', 'H12=74.9%', 'H13=77.3%', 'H14=79.0%', 'H15=80.5%', 'H16=81.6%']
  mean_sigmoid_q_halt: ['0.032', '0.112', '0.295', '0.375', '0.471', '0.555', '0.605', '0.652', '0.676', '0.699', '0.734', '0.754', '0.781', '0.797', '0.809', '0.820']
  halt_rates: ['0.03', '0.10', '0.28', '0.37', '0.46', '0.55', '0.60', '0.65', '0.67', '0.70', '0.73', '0.75', '0.78', '0.80', '0.81', '0.82']
  halt_histogram %: [70.4, 17.4, 4.8, 2.4, 1.5, 1.0, 0.7, 0.5, 0.3, 0.2, 0.2, 0.1, 0.1, 0.1, 0.0, 0.2]
  Avg ACT steps (last 100): 1.15
  saved: /home/jvdillon/research/research/projects/trm3/ckpts/x182a/step36000.pt acc=99.03% (0.034s)
  saved: /home/jvdillon/research/research/projects/trm3/ckpts/x182a/best.pt acc=99.03% (0.081s)
Step 36000  Test 99.03% / 97.64%  Train lm=1.0859±0.0182ϵ[1.0312,1.1328] n_active=768.0001±0.0000ϵ[768.0000,768.0000] n_expunged=12.0700±3.8830ϵ[1.0000,26.0000] n_halted=155.6830±5.7088ϵ[135.0000,175.0000] pool_util=1.0000±0.0000ϵ[1.0000,1.0000]  (304.118s / 1220.835s)
