Adam params: ('embed_tokens.weight', 'head.weight', 'head.bias', 'q_head.weight', 'q_head.bias')
Muon 2D params: ('reasoning.0.attn.up_proj.weight', 'reasoning.0.attn.down_proj.weight', 'reasoning.0.mlp.up_proj.weight', 'reasoning.0.mlp.down_proj.weight', 'reasoning.1.attn.up_proj.weight', 'reasoning.1.attn.down_proj.weight', 'reasoning.1.mlp.up_proj.weight', 'reasoning.1.mlp.down_proj.weight')
Muon 3D params (ensemble_dims=1): ()
Saved step 0 checkpoint with RNG: /home/jvdillon/research/research/projects/trm3/ckpts/x182l/step00000_rng.pt
  cell_acc=66.11%, puzzle_acc=16.93%
  eval_avg_halt_step: 11.40
  per_H_acc: ['H0=56.0%', 'H1=61.6%', 'H2=63.4%', 'H3=64.0%', 'H4=64.2%', 'H5=64.5%']
  H_cos: ['0.828', '0.965', '0.977', '0.980', '0.980']
  z_H_delta: ['15.125', '7.531', '5.750', '5.188', '5.031']
  cells: fixed=[7561, 4136, 2513, 1894, 1669] broken=[4086, 2987, 2170, 1730, 1513]
  per_ACT_cell_acc: ['H1=56.0%', 'H2=61.6%', 'H3=63.4%', 'H4=64.0%', 'H5=64.2%', 'H6=64.5%', 'H7=64.8%', 'H8=64.9%', 'H9=65.0%', 'H10=65.1%', 'H11=65.2%', 'H12=65.1%', 'H13=65.3%', 'H14=65.5%', 'H15=65.4%', 'H16=65.5%']
  per_ACT_puzzle_acc: ['H1=0.1%', 'H2=2.1%', 'H3=3.3%', 'H4=4.6%', 'H5=6.4%', 'H6=8.2%', 'H7=9.9%', 'H8=11.2%', 'H9=11.6%', 'H10=12.4%', 'H11=12.5%', 'H12=12.8%', 'H13=13.0%', 'H14=13.4%', 'H15=13.7%', 'H16=13.8%']
  mean_sigmoid_q_halt: ['0.001', '0.019', '0.043', '0.084', '0.100', '0.131', '0.152', '0.172', '0.185', '0.199', '0.206', '0.218', '0.229', '0.244', '0.242', '0.254']
  halt_rates: ['0.00', '0.02', '0.04', '0.07', '0.08', '0.11', '0.13', '0.15', '0.17', '0.18', '0.19', '0.20', '0.21', '0.23', '0.23', '0.24']
  halt_histogram %: [15.6, 13.6, 13.5, 19.6, 12.7, 9.0, 5.5, 3.8, 2.2, 0.7, 0.2, 0.2, 0.2, 0.4, 0.0, 2.6]
  Avg ACT steps (last 100): 4.69
  saved: /home/jvdillon/research/research/projects/trm3/ckpts/x182l/step02000.pt acc=66.11% (0.035s)
  saved: /home/jvdillon/research/research/projects/trm3/ckpts/x182l/best.pt acc=66.11% (0.066s)
Step  2000  Test 66.11% / 16.93%  Train lm=1.3516±0.2227ϵ[0.9258,3.0156] n_active=768.0001±0.0000ϵ[768.0000,768.0000] n_expunged=86.7490±50.7849ϵ[0.0000,192.0000] n_halted=44.5440±35.9148ϵ[0.0000,192.0000] pool_util=1.0000±0.0000ϵ[1.0000,1.0000]  (304.363s / 1125.457s)
  cell_acc=73.18%, puzzle_acc=34.17%
  eval_avg_halt_step: 10.20
  per_H_acc: ['H0=55.3%', 'H1=63.2%', 'H2=64.5%', 'H3=65.3%', 'H4=66.3%', 'H5=66.8%']
  H_cos: ['0.840', '0.965', '0.977', '0.980', '0.980']
  z_H_delta: ['15.375', '7.719', '6.062', '5.469', '5.188']
  cells: fixed=[8797, 4675, 2810, 2855, 2538] broken=[3886, 3901, 2303, 2209, 2255]
  per_ACT_cell_acc: ['H1=55.3%', 'H2=63.2%', 'H3=64.5%', 'H4=65.3%', 'H5=66.3%', 'H6=66.8%', 'H7=67.1%', 'H8=67.6%', 'H9=67.8%', 'H10=68.1%', 'H11=68.3%', 'H12=68.3%', 'H13=68.6%', 'H14=68.7%', 'H15=68.6%', 'H16=68.6%']
  per_ACT_puzzle_acc: ['H1=0.0%', 'H2=2.3%', 'H3=4.4%', 'H4=7.4%', 'H5=10.3%', 'H6=12.2%', 'H7=13.7%', 'H8=14.8%', 'H9=15.9%', 'H10=16.7%', 'H11=18.1%', 'H12=18.6%', 'H13=19.7%', 'H14=19.9%', 'H15=20.4%', 'H16=21.1%']
  mean_sigmoid_q_halt: ['0.001', '0.010', '0.049', '0.093', '0.126', '0.163', '0.188', '0.204', '0.222', '0.232', '0.248', '0.260', '0.270', '0.271', '0.279', '0.287']
  halt_rates: ['0.00', '0.01', '0.04', '0.09', '0.12', '0.16', '0.19', '0.20', '0.22', '0.23', '0.25', '0.26', '0.27', '0.27', '0.28', '0.29']
  halt_histogram %: [16.1, 14.5, 12.7, 15.7, 11.9, 9.3, 6.5, 4.7, 3.0, 1.6, 0.9, 0.6, 0.4, 0.4, 0.1, 1.5]
  Avg ACT steps (last 100): 4.47
  saved: /home/jvdillon/research/research/projects/trm3/ckpts/x182l/step04000.pt acc=73.18% (0.035s)
  saved: /home/jvdillon/research/research/projects/trm3/ckpts/x182l/best.pt acc=73.18% (0.128s)
Step  4000  Test 73.18% / 34.17%  Train lm=1.3750±0.0286ϵ[1.2344,1.6875] n_active=768.0001±0.0000ϵ[768.0000,768.0000] n_expunged=36.3250±24.0496ϵ[1.0000,131.0000] n_halted=42.3210±8.7306ϵ[14.0000,80.0000] pool_util=1.0000±0.0000ϵ[1.0000,1.0000]  (304.698s / 1122.622s)
  cell_acc=85.60%, puzzle_acc=64.00%
  eval_avg_halt_step: 7.59
  per_H_acc: ['H0=57.2%', 'H1=64.3%', 'H2=65.6%', 'H3=67.5%', 'H4=69.7%', 'H5=70.8%']
  H_cos: ['0.906', '0.973', '0.980', '0.980', '0.984']
  z_H_delta: ['14.312', '7.156', '5.938', '5.438', '5.031']
  cells: fixed=[8385, 4533, 3598, 3975, 3294] broken=[3982, 3688, 2411, 2642, 2588]
  per_ACT_cell_acc: ['H1=57.2%', 'H2=64.3%', 'H3=65.6%', 'H4=67.5%', 'H5=69.7%', 'H6=70.8%', 'H7=71.6%', 'H8=72.5%', 'H9=73.3%', 'H10=73.7%', 'H11=74.0%', 'H12=74.8%', 'H13=75.0%', 'H14=75.4%', 'H15=76.0%', 'H16=76.3%']
  per_ACT_puzzle_acc: ['H1=0.5%', 'H2=2.7%', 'H3=5.7%', 'H4=9.5%', 'H5=13.5%', 'H6=17.7%', 'H7=20.2%', 'H8=23.4%', 'H9=26.2%', 'H10=28.9%', 'H11=29.9%', 'H12=31.8%', 'H13=34.0%', 'H14=34.6%', 'H15=35.9%', 'H16=37.1%']
  mean_sigmoid_q_halt: ['0.001', '0.027', '0.078', '0.114', '0.156', '0.198', '0.232', '0.264', '0.293', '0.316', '0.324', '0.352', '0.367', '0.383', '0.393', '0.402']
  halt_rates: ['0.00', '0.03', '0.07', '0.11', '0.15', '0.19', '0.23', '0.26', '0.29', '0.32', '0.33', '0.35', '0.37', '0.39', '0.39', '0.40']
  halt_histogram %: [19.5, 16.8, 12.5, 13.2, 10.3, 8.2, 5.9, 4.4, 2.9, 1.7, 1.1, 0.8, 0.6, 0.5, 0.2, 1.3]
  Avg ACT steps (last 100): 3.65
  saved: /home/jvdillon/research/research/projects/trm3/ckpts/x182l/step06000.pt acc=85.60% (0.034s)
  saved: /home/jvdillon/research/research/projects/trm3/ckpts/x182l/best.pt acc=85.60% (0.081s)
Step  6000  Test 85.60% / 64.00%  Train lm=1.3828±0.0219ϵ[1.2812,1.4609] n_active=768.0001±0.0000ϵ[768.0000,768.0000] n_expunged=13.6845±9.3632ϵ[0.0000,78.0000] n_halted=48.4980±8.0795ϵ[23.0000,81.0000] pool_util=1.0000±0.0000ϵ[1.0000,1.0000]  (304.231s / 1123.241s)
  cell_acc=91.38%, puzzle_acc=78.67%
  eval_avg_halt_step: 5.66
  per_H_acc: ['H0=58.0%', 'H1=65.2%', 'H2=68.0%', 'H3=70.6%', 'H4=72.5%', 'H5=74.3%']
  H_cos: ['0.934', '0.973', '0.977', '0.977', '0.980']
  z_H_delta: ['13.562', '7.250', '6.406', '5.906', '5.406']
  cells: fixed=[8669, 5398, 4276, 4089, 3604] broken=[4187, 3641, 2678, 2888, 2466]
  per_ACT_cell_acc: ['H1=58.0%', 'H2=65.2%', 'H3=68.0%', 'H4=70.6%', 'H5=72.5%', 'H6=74.3%', 'H7=75.4%', 'H8=76.5%', 'H9=77.2%', 'H10=77.5%', 'H11=78.2%', 'H12=78.9%', 'H13=79.1%', 'H14=79.5%', 'H15=79.9%', 'H16=80.5%']
  per_ACT_puzzle_acc: ['H1=0.9%', 'H2=2.7%', 'H3=8.3%', 'H4=15.0%', 'H5=21.9%', 'H6=26.8%', 'H7=31.2%', 'H8=34.4%', 'H9=37.1%', 'H10=38.5%', 'H11=39.7%', 'H12=41.7%', 'H13=44.1%', 'H14=45.7%', 'H15=47.0%', 'H16=48.3%']
  mean_sigmoid_q_halt: ['0.002', '0.028', '0.090', '0.154', '0.224', '0.281', '0.330', '0.365', '0.391', '0.404', '0.416', '0.436', '0.461', '0.477', '0.494', '0.504']
  halt_rates: ['0.00', '0.03', '0.08', '0.15', '0.22', '0.28', '0.33', '0.36', '0.39', '0.40', '0.42', '0.43', '0.46', '0.48', '0.49', '0.51']
  halt_histogram %: [25.7, 19.1, 12.0, 11.1, 8.5, 6.7, 4.9, 3.6, 2.5, 1.5, 1.1, 0.8, 0.5, 0.4, 0.2, 1.1]
  Avg ACT steps (last 100): 2.43
  saved: /home/jvdillon/research/research/projects/trm3/ckpts/x182l/step08000.pt acc=91.38% (0.034s)
  saved: /home/jvdillon/research/research/projects/trm3/ckpts/x182l/best.pt acc=91.38% (0.129s)
Step  8000  Test 91.38% / 78.67%  Train lm=1.3594±0.0325ϵ[1.2500,1.7188] n_active=768.0001±0.0000ϵ[768.0000,768.0000] n_expunged=7.3290±4.1562ϵ[0.0000,40.0000] n_halted=64.5090±10.1352ϵ[35.0000,98.0000] pool_util=1.0000±0.0000ϵ[1.0000,1.0000]  (304.195s / 1123.264s)
  cell_acc=94.18%, puzzle_acc=85.61%
  eval_avg_halt_step: 4.74
  per_H_acc: ['H0=58.9%', 'H1=65.1%', 'H2=68.2%', 'H3=70.8%', 'H4=73.1%', 'H5=74.9%']
  H_cos: ['0.949', '0.977', '0.980', '0.977', '0.980']
  z_H_delta: ['12.938', '6.906', '6.250', '6.031', '5.531']
  cells: fixed=[8267, 5457, 4536, 4341, 3839] broken=[4393, 3534, 2902, 2895, 2727]
  per_ACT_cell_acc: ['H1=58.9%', 'H2=65.1%', 'H3=68.2%', 'H4=70.8%', 'H5=73.1%', 'H6=74.9%', 'H7=76.7%', 'H8=77.7%', 'H9=78.5%', 'H10=79.4%', 'H11=80.3%', 'H12=81.1%', 'H13=81.7%', 'H14=82.0%', 'H15=82.4%', 'H16=82.8%']
  per_ACT_puzzle_acc: ['H1=0.9%', 'H2=3.6%', 'H3=9.6%', 'H4=14.5%', 'H5=21.9%', 'H6=27.6%', 'H7=32.6%', 'H8=37.4%', 'H9=40.4%', 'H10=44.0%', 'H11=45.8%', 'H12=48.3%', 'H13=50.4%', 'H14=51.4%', 'H15=52.6%', 'H16=54.6%']
  mean_sigmoid_q_halt: ['0.008', '0.031', '0.105', '0.155', '0.225', '0.287', '0.338', '0.385', '0.418', '0.453', '0.473', '0.496',   per_ACT_cell_acc: ['H1=58.9%', 'H
  halt_rates: ['0.00', '0.03', '0.09', '0.15', '0.22', '0.28', '0.33', '0.38', '0.41', '0.45', '0.47', '0.49', '0.52', '0.53', '0.54', '0.56']
  halt_histogram %: [32.6, 20.8, 11.3, 9.4, 7.0, 5.4, 4.0, 2.9, 2.0, 1.3, 0.9, 0.6, 0.4, 0.4, 0.2, 0.9]
  Avg ACT steps (last 100): 2.35
  saved: /home/jvdillon/research/research/projects/trm3/ckpts/x182l/step10000.pt acc=94.18% (0.034s)
  saved: /home/jvdillon/research/research/projects/trm3/ckpts/x182l/best.pt acc=94.18% (0.125s)
Step 10000  Test 94.18% / 85.61%  Train lm=1.3281±0.0393ϵ[1.1797,1.7812] n_active=768.0001±0.0000ϵ[768.0000,768.0000] n_expunged=6.3440±2.8908ϵ[0.0000,22.0000] n_halted=81.7275±10.6753ϵ[48.0000,120.0000] pool_util=1.0000±0.0000ϵ[1.0000,1.0000]  (304.276s / 1123.236s)
  cell_acc=96.02%, puzzle_acc=90.33%
  eval_avg_halt_step: 3.94
  per_H_acc: ['H0=59.6%', 'H1=65.4%', 'H2=69.4%', 'H3=72.9%', 'H4=75.4%', 'H5=76.9%']
  H_cos: ['0.957', '0.977', '0.977', '0.977', '0.980']
  z_H_delta: ['12.625', '6.875', '6.625', '6.094', '5.469']
  cells: fixed=[8217, 5468, 5201, 4347, 3650] broken=[4622, 2966, 3020, 2786, 2693]
  per_ACT_cell_acc: ['H1=59.6%', 'H2=65.4%', 'H3=69.4%', 'H4=72.9%', 'H5=75.4%', 'H6=76.9%', 'H7=78.4%', 'H8=79.8%', 'H9=81.0%', 'H10=81.5%', 'H11=82.5%', 'H12=83.3%', 'H13=84.1%', 'H14=84.7%', 'H15=84.5%', 'H16=84.7%']
  per_ACT_puzzle_acc: ['H1=1.2%', 'H2=3.5%', 'H3=10.9%', 'H4=20.4%', 'H5=28.9%', 'H6=35.0%', 'H7=40.2%', 'H8=43.9%', 'H9=46.6%', 'H10=48.6%', 'H11=51.7%', 'H12=54.6%', 'H13=56.2%', 'H14=58.3%', 'H15=59.2%', 'H16=60.8%']
  mean_sigmoid_q_halt: ['0.010', '0.038', '0.123', '0.212', '0.303', '0.365', '0.414', '0.447', '0.480', '0.498', '0.531', '0.559',  per_ACT_cell_acc: ['H1=59.6%', 'H2
  halt_rates: ['0.01', '0.04', '0.12', '0.21', '0.30', '0.36', '0.41', '0.45', '0.48', '0.50', '0.53', '0.56', '0.57', '0.59', '0.60', '0.62']
  halt_histogram %: [38.9, 21.4, 10.4, 8.0, 5.8, 4.4, 3.2, 2.4, 1.7, 1.1, 0.7, 0.5, 0.4, 0.3, 0.2, 0.7]
  Avg ACT steps (last 100): 1.66
  saved: /home/jvdillon/research/research/projects/trm3/ckpts/x182l/step12000.pt acc=96.02% (0.035s)
  saved: /home/jvdillon/research/research/projects/trm3/ckpts/x182l/best.pt acc=96.02% (0.083s)
Step 12000  Test 96.02% / 90.33%  Train lm=1.3047±0.0588ϵ[1.1328,1.9766] n_active=768.0001±0.0000ϵ[768.0000,768.0000] n_expunged=6.3090±2.6801ϵ[0.0000,20.0000] n_halted=96.2440±10.4337ϵ[67.0000,136.0000] pool_util=1.0000±0.0000ϵ[1.0000,1.0000]  (304.099s / 1123.234s)
  cell_acc=96.30%, puzzle_acc=90.83%
  eval_avg_halt_step: 3.68
  per_H_acc: ['H0=59.0%', 'H1=66.1%', 'H2=70.3%', 'H3=74.5%', 'H4=76.9%', 'H5=78.4%']
  H_cos: ['0.953', '0.980', '0.977', '0.977', '0.984']
  z_H_delta: ['13.125', '6.844', '6.469', '5.969', '4.812']
  cells: fixed=[8842, 5616, 5243, 4194, 3227] broken=[4390, 3037, 2626, 2667, 2331]
  per_ACT_cell_acc: ['H1=59.0%', 'H2=66.1%', 'H3=70.3%', 'H4=74.5%', 'H5=76.9%', 'H6=78.4%', 'H7=80.2%', 'H8=81.0%', 'H9=81.4%', 'H10=82.3%', 'H11=83.4%', 'H12=83.9%', 'H13=84.5%', 'H14=84.7%', 'H15=84.6%', 'H16=85.4%']
  per_ACT_puzzle_acc: ['H1=1.6%', 'H2=3.6%', 'H3=12.6%', 'H4=24.0%', 'H5=34.1%', 'H6=39.2%', 'H7=44.9%', 'H8=48.3%', 'H9=50.3%', 'H10=52.5%', 'H11=55.2%', 'H12=56.5%', 'H13=57.9%', 'H14=59.9%', 'H15=60.3%', 'H16=61.2%']
  mean_sigmoid_q_halt: ['0.007', '0.037', '0.145', '0.250', '0.352', '0.406', '0.457', '0.490', '0.516', '0.535', '0.559', '0.578', '0.590', '0.609', '0.617', '0.625']
  halt_rates: ['0.00', '0.04', '0.14', '0.25', '0.35', '0.40', '0.46', '0.49', '0.51', '0.54', '0.56', '0.58', '0.59', '0.61', '0.61', '0.62']
  halt_histogram %: [43.9, 21.6, 9.7, 6.9, 4.9, 3.7, 2.7, 2.0, 1.4, 0.9, 0.6, 0.4, 0.3, 0.2, 0.2, 0.6]
  Avg ACT steps (last 100): 1.58
  saved: /home/jvdillon/research/research/projects/trm3/ckpts/x182l/step14000.pt acc=96.30% (0.034s)
  saved: /home/jvdillon/research/research/projects/trm3/ckpts/x182l/best.pt acc=96.30% (0.126s)
Step 14000  Test 96.30% / 90.83%  Train lm=1.2656±0.0417ϵ[1.1250,1.3828] n_active=768.0001±0.0000ϵ[768.0000,768.0000] n_expunged=6.9365±2.8514ϵ[0.0000,20.0000] n_halted=105.7150±9.6449ϵ[72.0000,139.0000] pool_util=1.0000±0.0000ϵ[1.0000,1.0000]  (304.189s / 1122.753s)
  cell_acc=97.00%, puzzle_acc=92.64%
  eval_avg_halt_step: 3.38
  per_H_acc: ['H0=60.2%', 'H1=66.8%', 'H2=71.6%', 'H3=75.3%', 'H4=77.9%', 'H5=80.3%']
  H_cos: ['0.957', '0.977', '0.977', '0.980', '0.980']
  z_H_delta: ['12.562', '7.250', '6.781', '6.000', '5.281']
  cells: fixed=[8508, 5820, 5298, 4309, 3784] broken=[4414, 2836, 2997, 2682, 2311]
  per_ACT_cell_acc: ['H1=60.2%', 'H2=66.8%', 'H3=71.6%', 'H4=75.3%', 'H5=77.9%', 'H6=80.3%', 'H7=81.9%', 'H8=83.0%', 'H9=84.2%', 'H10=85.1%', 'H11=85.7%', 'H12=86.2%', 'H13=86.3%', 'H14=86.7%', 'H15=87.2%', 'H16=87.6%']
  per_ACT_puzzle_acc: ['H1=1.8%', 'H2=5.7%', 'H3=16.9%', 'H4=26.3%', 'H5=34.6%', 'H6=42.7%', 'H7=48.2%', 'H8=52.9%', 'H9=56.0%', 'H10=59.8%', 'H11=61.6%', 'H12=62.2%', 'H13=63.5%', 'H14=64.8%', 'H15=66.3%', 'H16=68.0%']
  mean_sigmoid_q_halt: ['0.012', '0.052', '0.173', '0.273', '0.355', '0.430', '0.484', '0.535', '0.566', '0.602', '0.621', '0.629', '0.641', '0.656', '0.676', '0.688']
  halt_rates: ['0.01', '0.05', '0.17', '0.27', '0.35', '0.43', '0.48', '0.53', '0.56', '0.60', '0.62', '0.63', '0.64', '0.66', '0.67', '0.69']
  halt_histogram %: [48.0, 21.5, 9.0, 6.1, 4.3, 3.2, 2.3, 1.7, 1.2, 0.8, 0.5, 0.4, 0.3, 0.2, 0.1, 0.5]
  Avg ACT steps (last 100): 1.78
  saved: /home/jvdillon/research/research/projects/trm3/ckpts/x182l/step16000.pt acc=97.00% (0.035s)
  saved: /home/jvdillon/research/research/projects/trm3/ckpts/x182l/best.pt acc=97.00% (0.083s)
Step 16000  Test 97.00% / 92.64%  Train lm=1.2500±0.0557ϵ[1.0938,1.8047] n_active=768.0001±0.0000ϵ[768.0000,768.0000] n_expunged=7.3565±2.9221ϵ[0.0000,19.0000] n_halted=114.0320±9.4721ϵ[86.0000,147.0000] pool_util=1.0000±0.0000ϵ[1.0000,1.0000]  (304.229s / 1123.177s)
  cell_acc=97.75%, puzzle_acc=94.52%
  eval_avg_halt_step: 3.08
  per_H_acc: ['H0=60.1%', 'H1=67.1%', 'H2=71.9%', 'H3=76.2%', 'H4=79.1%', 'H5=81.0%']
  H_cos: ['0.965', '0.977', '0.977', '0.977', '0.984']
  z_H_delta: ['12.312', '7.344', '6.812', '6.031', '5.000']
  cells: fixed=[9013, 6013, 5403, 4160, 3467] broken=[4667, 3042, 2708, 2355, 2309]
  per_ACT_cell_acc: ['H1=60.1%', 'H2=67.1%', 'H3=71.9%', 'H4=76.2%', 'H5=79.1%', 'H6=81.0%', 'H7=82.9%', 'H8=84.3%', 'H9=85.2%', 'H10=85.9%', 'H11=86.6%', 'H12=87.4%', 'H13=87.8%', 'H14=88.3%', 'H15=88.8%', 'H16=88.9%']
  per_ACT_puzzle_acc: ['H1=1.7%', 'H2=4.0%', 'H3=16.9%', 'H4=28.5%', 'H5=38.8%', 'H6=46.4%', 'H7=50.8%', 'H8=55.6%', 'H9=59.2%', 'H10=62.0%', 'H11=63.5%', 'H12=65.5%', 'H13=67.1%', 'H14=68.2%', 'H15=69.8%', 'H16=70.8%']
  mean_sigmoid_q_halt: ['0.015', '0.036', '0.167', '0.281', '0.391', '0.465', '0.512', '0.559', '0.598', '0.621', '0.637', '0.660', '0.672', '0.684', '0.703', '0.715']
  halt_rates: ['0.01', '0.03', '0.16', '0.27', '0.38', '0.46', '0.51', '0.56', '0.59', '0.62', '0.64', '0.66', '0.67', '0.68', '0.70', '0.71']
  halt_histogram %: [51.6, 21.3, 8.4, 5.4, 3.7, 2.7, 2.0, 1.4, 1.0, 0.6, 0.4, 0.3, 0.2, 0.2, 0.1, 0.4]
  Avg ACT steps (last 100): 1.43
  saved: /home/jvdillon/research/research/projects/trm3/ckpts/x182l/step18000.pt acc=97.75% (0.034s)
  saved: /home/jvdillon/research/research/projects/trm3/ckpts/x182l/best.pt acc=97.75% (0.081s)
Step 18000  Test 97.75% / 94.52%  Train lm=1.2266±0.0498ϵ[1.0625,1.6328] n_active=768.0001±0.0000ϵ[768.0000,768.0000] n_expunged=7.9230±2.9768ϵ[0.0000,18.0000] n_halted=122.3515±8.8844ϵ[90.0000,154.0000] pool_util=1.0000±0.0000ϵ[1.0000,1.0000]  (304.085s / 1123.046s)
  cell_acc=98.16%, puzzle_acc=95.46%
  eval_avg_halt_step: 2.78
  per_H_acc: ['H0=60.2%', 'H1=67.5%', 'H2=72.6%', 'H3=76.9%', 'H4=80.0%', 'H5=81.8%']
  H_cos: ['0.961', '0.973', '0.977', '0.977', '0.984']
  z_H_delta: ['12.750', '7.531', '6.812', '6.000', '5.000']
  cells: fixed=[9034, 5931, 5344, 4304, 3343] broken=[4450, 2778, 2669, 2402, 2199]
  per_ACT_cell_acc: ['H1=60.2%', 'H2=67.5%', 'H3=72.6%', 'H4=76.9%', 'H5=80.0%', 'H6=81.8%', 'H7=83.0%', 'H8=84.0%', 'H9=85.4%', 'H10=86.6%', 'H11=87.2%', 'H12=88.1%', 'H13=88.9%', 'H14=89.4%', 'H15=89.6%', 'H16=90.0%']
  per_ACT_puzzle_acc: ['H1=2.1%', 'H2=6.8%', 'H3=19.8%', 'H4=29.9%', 'H5=40.9%', 'H6=49.0%', 'H7=52.2%', 'H8=54.9%', 'H9=59.5%', 'H10=62.5%', 'H11=64.8%', 'H12=66.9%', 'H13=69.1%', 'H14=71.6%', 'H15=72.4%', 'H16=73.7%']
  mean_sigmoid_q_halt: ['0.017', '0.061', '0.230', '0.316', '0.422', '0.500', '0.535', '0.559', '0.598', '0.633', '0.656', '0.676', '0.695', '0.719', '0.727', '0.742']
  halt_rates: ['0.01', '0.05', '0.21', '0.31', '0.41', '0.50', '0.53', '0.55', '0.60', '0.63', '0.65', '0.68', '0.69', '0.72', '0.73', '0.74']
  halt_histogram %: [54.8, 21.0, 7.8, 4.8, 3.3, 2.4, 1.7, 1.2, 0.9, 0.6, 0.4, 0.3, 0.2, 0.2, 0.1, 0.4]
  Avg ACT steps (last 100): 1.27
  saved: /home/jvdillon/research/research/projects/trm3/ckpts/x182l/step20000.pt acc=98.16% (0.035s)
  saved: /home/jvdillon/research/research/projects/trm3/ckpts/x182l/best.pt acc=98.16% (0.083s)
Step 20000  Test 98.16% / 95.46%  Train lm=1.1875±0.0503ϵ[1.0391,1.6094] n_active=768.0001±0.0000ϵ[768.0000,768.0000] n_expunged=8.5180±3.2090ϵ[1.0000,20.0000] n_halted=129.9325±8.8548ϵ[102.0000,161.0000] pool_util=1.0000±0.0000ϵ[1.0000,1.0000]  (303.958s / 1122.678s)
  cell_acc=98.27%, puzzle_acc=95.77%
  eval_avg_halt_step: 2.70
  per_H_acc: ['H0=60.8%', 'H1=67.7%', 'H2=72.9%', 'H3=77.4%', 'H4=80.7%', 'H5=82.7%']
  H_cos: ['0.961', '0.973', '0.977', '0.977', '0.984']
  z_H_delta: ['12.562', '7.781', '6.969', '6.094', '4.906']
  cells: fixed=[8747, 6060, 5583, 4367, 3342] broken=[4452, 2823, 2792, 2296, 2119]
  per_ACT_cell_acc: ['H1=60.8%', 'H2=67.7%', 'H3=72.9%', 'H4=77.4%', 'H5=80.7%', 'H6=82.7%', 'H7=84.2%', 'H8=85.7%', 'H9=86.4%', 'H10=87.3%', 'H11=87.7%', 'H12=88.3%', 'H13=89.2%', 'H14=89.5%', 'H15=90.0%', 'H16=90.4%']
  per_ACT_puzzle_acc: ['H1=2.1%', 'H2=6.1%', 'H3=19.0%', 'H4=30.9%', 'H5=42.7%', 'H6=50.4%', 'H7=55.6%', 'H8=60.3%', 'H9=62.2%', 'H10=65.0%', 'H11=67.8%', 'H12=69.1%', 'H13=71.1%', 'H14=71.9%', 'H15=74.0%', 'H16=75.1%']
  mean_sigmoid_q_halt: ['0.014', '0.057', '0.215', '0.320', '0.439', '0.512', '0.566', '0.609', '0.633', '0.660', '0.680', '0.699', '0.723', '0.730', '0.746', '0.762']
  halt_rates: ['0.01', '0.05', '0.20', '0.31', '0.43', '0.51', '0.57', '0.61', '0.63', '0.66', '0.68', '0.70', '0.72', '0.73', '0.75', '0.76']
  halt_histogram %: [57.5, 20.5, 7.3, 4.4, 2.9, 2.1, 1.5, 1.1, 0.8, 0.5, 0.3, 0.2, 0.2, 0.1, 0.1, 0.3]
  Avg ACT steps (last 100): 1.32
  saved: /home/jvdillon/research/research/projects/trm3/ckpts/x182l/step22000.pt acc=98.27% (0.034s)
  saved: /home/jvdillon/research/research/projects/trm3/ckpts/x182l/best.pt acc=98.27% (0.081s)
Step 22000  Test 98.27% / 95.77%  Train lm=1.1641±0.0391ϵ[1.0156,1.4297] n_active=768.0001±0.0000ϵ[768.0000,768.0000] n_expunged=9.2405±3.2561ϵ[0.0000,22.0000] n_halted=136.3175±7.6348ϵ[116.0000,161.0000] pool_util=1.0000±0.0000ϵ[1.0000,1.0000]  (303.861s / 1122.801s)
  cell_acc=98.59%, puzzle_acc=96.54%
  eval_avg_halt_step: 2.56
  per_H_acc: ['H0=60.9%', 'H1=67.4%', 'H2=73.0%', 'H3=77.9%', 'H4=81.2%', 'H5=84.0%']
  H_cos: ['0.961', '0.973', '0.973', '0.977', '0.980']
  z_H_delta: ['12.500', '7.688', '7.094', '6.125', '5.062']
  cells: fixed=[8609, 6280, 5893, 4465, 3665] broken=[4556, 2831, 2813, 2416, 1961]
  per_ACT_cell_acc: ['H1=60.9%', 'H2=67.4%', 'H3=73.0%', 'H4=77.9%', 'H5=81.2%', 'H6=84.0%', 'H7=85.1%', 'H8=86.4%', 'H9=86.9%', 'H10=87.6%', 'H11=88.4%', 'H12=89.0%', 'H13=89.7%', 'H14=90.1%', 'H15=90.5%', 'H16=90.5%']
  per_ACT_puzzle_acc: ['H1=2.2%', 'H2=6.8%', 'H3=21.2%', 'H4=32.6%', 'H5=43.1%', 'H6=53.1%', 'H7=58.1%', 'H8=61.8%', 'H9=64.5%', 'H10=66.8%', 'H11=68.1%', 'H12=70.2%', 'H13=72.1%', 'H14=73.3%', 'H15=74.2%', 'H16=74.7%']
  mean_sigmoid_q_halt: ['0.018', '0.062', '0.222', '0.336', '0.439', '0.535', '0.582', '0.617', '0.652', '0.676', '0.684', '0.703', '0.723', '0.734', '0.746', '0.754']
  halt_rates: ['0.01', '0.05', '0.21', '0.33', '0.43', '0.53', '0.58', '0.62', '0.65', '0.67', '0.68', '0.70', '0.72', '0.73', '0.74', '0.75']
  halt_histogram %: [59.9, 20.1, 6.9, 4.0, 2.6, 1.9, 1.3, 1.0, 0.7, 0.4, 0.3, 0.2, 0.2, 0.1, 0.1, 0.3]
  Avg ACT steps (last 100): 1.48
  saved: /home/jvdillon/research/research/projects/trm3/ckpts/x182l/step24000.pt acc=98.59% (0.034s)
  saved: /home/jvdillon/research/research/projects/trm3/ckpts/x182l/best.pt acc=98.59% (0.082s)
Step 24000  Test 98.59% / 96.54%  Train lm=1.1484±0.0452ϵ[1.0078,1.5312] n_active=768.0001±0.0000ϵ[768.0000,768.0000] n_expunged=9.8715±3.6337ϵ[0.0000,24.0000] n_halted=141.2345±7.9097ϵ[116.0000,170.0000] pool_util=1.0000±0.0000ϵ[1.0000,1.0000]  (303.842s / 1122.799s)
  cell_acc=98.77%, puzzle_acc=97.04%
  eval_avg_halt_step: 2.44
  per_H_acc: ['H0=60.8%', 'H1=67.2%', 'H2=73.1%', 'H3=78.1%', 'H4=80.9%', 'H5=83.5%']
  H_cos: ['0.957', '0.969', '0.973', '0.977', '0.980']
  z_H_delta: ['13.188', '8.188', '7.469', '6.250', '5.094']
  cells: fixed=[8618, 6314, 5993, 4115, 3612] broken=[4591, 2666, 2887, 2374, 2015]
  per_ACT_cell_acc: ['H1=60.8%', 'H2=67.2%', 'H3=73.1%', 'H4=78.1%', 'H5=80.9%', 'H6=83.5%', 'H7=85.2%', 'H8=86.1%', 'H9=87.0%', 'H10=88.0%', 'H11=89.0%', 'H12=89.6%', 'H13=90.2%', 'H14=90.3%', 'H15=90.7%', 'H16=91.2%']
  per_ACT_puzzle_acc: ['H1=2.2%', 'H2=6.9%', 'H3=20.8%', 'H4=32.7%', 'H5=44.1%', 'H6=51.7%', 'H7=57.8%', 'H8=62.0%', 'H9=64.3%', 'H10=67.3%', 'H11=69.7%', 'H12=71.6%', 'H13=73.0%', 'H14=74.7%', 'H15=75.3%', 'H16=76.7%']
  mean_sigmoid_q_halt: ['0.017', '0.073', '0.231', '0.348', '0.453', '0.527', '0.586', '0.625', '0.645', '0.676', '0.703', '0.719', '0.734', '0.750', '0.758', '0.770']
  halt_rates: ['0.01', '0.07', '0.22', '0.34', '0.44', '0.52', '0.58', '0.62', '0.64', '0.68', '0.70', '0.72', '0.73', '0.75', '0.75', '0.77']
  halt_histogram %: [62.0, 19.7, 6.5, 3.6, 2.4, 1.7, 1.2, 0.9, 0.6, 0.4, 0.3, 0.2, 0.1, 0.1, 0.1, 0.3]
  Avg ACT steps (last 100): 1.27
  saved: /home/jvdillon/research/research/projects/trm3/ckpts/x182l/step26000.pt acc=98.77% (0.035s)
  saved: /home/jvdillon/research/research/projects/trm3/ckpts/x182l/best.pt acc=98.77% (0.082s)
Step 26000  Test 98.77% / 97.04%  Train lm=1.1250±0.0479ϵ[0.9961,1.5469] n_active=768.0001±0.0000ϵ[768.0000,768.0000] n_expunged=10.2835±3.8086ϵ[0.0000,25.0000] n_halted=145.7260±7.7070ϵ[122.0000,167.0000] pool_util=1.0000±0.0000ϵ[1.0000,1.0000]  (303.835s / 1122.699s)
  cell_acc=98.82%, puzzle_acc=97.17%
  eval_avg_halt_step: 2.39
  per_H_acc: ['H0=61.2%', 'H1=67.4%', 'H2=72.6%', 'H3=77.7%', 'H4=81.3%', 'H5=83.7%']
  H_cos: ['0.957', '0.973', '0.973', '0.977', '0.980']
  z_H_delta: ['13.188', '8.000', '7.438', '6.219', '5.125']
  cells: fixed=[8575, 6003, 6001, 4556, 3468] broken=[4675, 2756, 2828, 2370, 1966]
  per_ACT_cell_acc: ['H1=61.2%', 'H2=67.4%', 'H3=72.6%', 'H4=77.7%', 'H5=81.3%', 'H6=83.7%', 'H7=85.1%', 'H8=86.6%', 'H9=87.4%', 'H10=88.5%', 'H11=89.0%', 'H12=90.0%', 'H13=90.5%', 'H14=91.0%', 'H15=91.6%', 'H16=92.1%']
  per_ACT_puzzle_acc: ['H1=2.3%', 'H2=7.6%', 'H3=21.6%', 'H4=32.7%', 'H5=43.2%', 'H6=53.5%', 'H7=58.1%', 'H8=62.5%', 'H9=66.0%', 'H10=68.2%', 'H11=70.7%', 'H12=72.8%', 'H13=74.3%', 'H14=75.7%', 'H15=77.1%', 'H16=78.4%']
  mean_sigmoid_q_halt: ['0.016', '0.071', '0.235', '0.340', '0.449', '0.539', '0.590', '0.629', '0.664', '0.684', '0.707', '0.727', '0.746', '0.758', '0.773', '0.785']
  halt_rates: ['0.01', '0.06', '0.22', '0.33', '0.44', '0.53', '0.58', '0.63', '0.66', '0.68', '0.71', '0.73', '0.74', '0.76', '0.77', '0.78']
  halt_histogram %: [63.8, 19.3, 6.1, 3.3, 2.2, 1.5, 1.1, 0.8, 0.5, 0.4, 0.2, 0.2, 0.1, 0.1, 0.1, 0.2]
  Avg ACT steps (last 100): 1.41
  saved: /home/jvdillon/research/research/projects/trm3/ckpts/x182l/step28000.pt acc=98.82% (0.034s)
  saved: /home/jvdillon/research/research/projects/trm3/ckpts/x182l/best.pt acc=98.82% (0.082s)
Step 28000  Test 98.82% / 97.17%  Train lm=1.1094±0.0422ϵ[0.9883,1.2031] n_active=768.0001±0.0000ϵ[768.0000,768.0000] n_expunged=10.7645±3.8887ϵ[0.0000,22.0000] n_halted=148.5185±7.1621ϵ[125.0000,171.0000] pool_util=1.0000±0.0000ϵ[1.0000,1.0000]  (303.704s / 1122.794s)
  cell_acc=98.92%, puzzle_acc=97.38%
  eval_avg_halt_step: 2.36
  per_H_acc: ['H0=61.4%', 'H1=67.6%', 'H2=72.7%', 'H3=77.5%', 'H4=80.6%', 'H5=83.1%']
  H_cos: ['0.953', '0.973', '0.973', '0.977', '0.980']
  z_H_delta: ['13.188', '8.062', '7.438', '6.156', '5.094']
  cells: fixed=[8382, 5864, 6074, 4367, 3657] broken=[4558, 2689, 3073, 2437, 2093]
  per_ACT_cell_acc: ['H1=61.4%', 'H2=67.6%', 'H3=72.7%', 'H4=77.5%', 'H5=80.6%', 'H6=83.1%', 'H7=85.2%', 'H8=86.3%', 'H9=87.6%', 'H10=88.8%', 'H11=89.9%', 'H12=90.2%', 'H13=90.7%', 'H14=91.4%', 'H15=91.8%', 'H16=92.3%']
  per_ACT_puzzle_acc: ['H1=2.3%', 'H2=7.6%', 'H3=20.3%', 'H4=33.1%', 'H5=43.1%', 'H6=51.0%', 'H7=57.7%', 'H8=63.0%', 'H9=65.9%', 'H10=68.4%', 'H11=71.7%', 'H12=73.6%', 'H13=75.7%', 'H14=76.4%', 'H15=78.1%', 'H16=79.2%']
  mean_sigmoid_q_halt: ['0.017', '0.083', '0.229', '0.340', '0.451', '0.520', '0.582', '0.637', '0.664', '0.691', '0.723', '0.738',  per_ACT_cell_acc: ['H1=61.4%', 'H2
  halt_rates: ['0.01', '0.07', '0.22', '0.33', '0.45', '0.51', '0.58', '0.63', '0.66', '0.69', '0.72', '0.74', '0.76', '0.77', '0.78', '0.79']
  halt_histogram %: [65.4, 19.0, 5.8, 3.1, 2.0, 1.4, 1.0, 0.7, 0.5, 0.3, 0.2, 0.2, 0.1, 0.1, 0.1, 0.2]
  Avg ACT steps (last 100): 1.32
  saved: /home/jvdillon/research/research/projects/trm3/ckpts/x182l/step30000.pt acc=98.92% (0.034s)
  saved: /home/jvdillon/research/research/projects/trm3/ckpts/x182l/best.pt acc=98.92% (0.081s)
Step 30000  Test 98.92% / 97.38%  Train lm=1.1016±0.0396ϵ[0.9883,1.1797] n_active=768.0001±0.0000ϵ[768.0000,768.0000] n_expunged=10.9870±3.8754ϵ[0.0000,24.0000] n_halted=150.1955±6.7576ϵ[131.0000,173.0000] pool_util=1.0000±0.0000ϵ[1.0000,1.0000]  (303.719s / 1122.548s)
  cell_acc=98.94%, puzzle_acc=97.47%
  eval_avg_halt_step: 2.35
  per_H_acc: ['H0=61.4%', 'H1=67.4%', 'H2=72.8%', 'H3=77.8%', 'H4=81.4%', 'H5=83.8%']
  H_cos: ['0.953', '0.969', '0.973', '0.977', '0.980']
  z_H_delta: ['13.250', '8.188', '7.438', '6.219', '5.094']
  cells: fixed=[8367, 6032, 6027, 4532, 3658] broken=[4598, 2668, 2907, 2318, 2159]
  per_ACT_cell_acc: ['H1=61.4%', 'H2=67.4%', 'H3=72.8%', 'H4=77.8%', 'H5=81.4%', 'H6=83.8%', 'H7=85.2%', 'H8=86.4%', 'H9=87.7%', 'H10=88.6%', 'H11=89.3%', 'H12=89.6%', 'H13=90.3%', 'H14=90.9%', 'H15=91.3%', 'H16=91.6%']
  per_ACT_puzzle_acc: ['H1=2.2%', 'H2=7.7%', 'H3=21.9%', 'H4=33.3%', 'H5=44.4%', 'H6=51.6%', 'H7=59.1%', 'H8=63.5%', 'H9=66.4%', 'H10=68.9%', 'H11=71.2%', 'H12=72.7%', 'H13=74.1%', 'H14=75.1%', 'H15=77.0%', 'H16=77.5%']
  mean_sigmoid_q_halt: ['0.018', '0.072', '0.238', '0.350', '0.457', '0.527', '0.602', '0.645', '0.668', '0.695', '0.715', '0.730', '0.742', '0.754', '0.773', '0.777']
  halt_rates: ['0.01', '0.06', '0.23', '0.34', '0.45', '0.52', '0.60', '0.64', '0.67', '0.70', '0.71', '0.73', '0.74', '0.75', '0.78', '0.77']
  halt_histogram %: [66.7, 18.7, 5.5, 2.9, 1.8, 1.3, 0.9, 0.7, 0.5, 0.3, 0.2, 0.1, 0.1, 0.1, 0.1, 0.2]
  Avg ACT steps (last 100): 1.32
  saved: /home/jvdillon/research/research/projects/trm3/ckpts/x182l/step32000.pt acc=98.94% (0.036s)
  saved: /home/jvdillon/research/research/projects/trm3/ckpts/x182l/best.pt acc=98.94% (0.130s)
Step 32000  Test 98.94% / 97.47%  Train lm=1.1016±0.0381ϵ[0.9844,1.1641] n_active=768.0001±0.0000ϵ[768.0000,768.0000] n_expunged=11.0705±4.0078ϵ[1.0000,26.0000] n_halted=151.3825±6.6620ϵ[131.0000,171.0000] pool_util=1.0000±0.0000ϵ[1.0000,1.0000]  (303.814s / 1122.898s)
  cell_acc=98.93%, puzzle_acc=97.45%
  eval_avg_halt_step: 2.35
  per_H_acc: ['H0=61.3%', 'H1=67.5%', 'H2=72.7%', 'H3=77.0%', 'H4=80.7%', 'H5=83.6%']
  H_cos: ['0.953', '0.969', '0.973', '0.973', '0.980']
  z_H_delta: ['13.250', '8.125', '7.219', '6.469', '5.438']
  cells: fixed=[8404, 5964, 5823, 4826, 3883] broken=[4559, 2754, 3129, 2529, 2089]
  per_ACT_cell_acc: ['H1=61.3%', 'H2=67.5%', 'H3=72.7%', 'H4=77.0%', 'H5=80.7%', 'H6=83.6%', 'H7=85.1%', 'H8=86.3%', 'H9=87.6%', 'H10=88.5%', 'H11=89.2%', 'H12=90.0%', 'H13=90.9%', 'H14=91.3%', 'H15=91.6%', 'H16=92.0%']
  per_ACT_puzzle_acc: ['H1=2.2%', 'H2=7.3%', 'H3=21.4%', 'H4=31.6%', 'H5=42.7%', 'H6=52.2%', 'H7=58.5%', 'H8=62.9%', 'H9=65.8%', 'H10=68.8%', 'H11=71.1%', 'H12=72.4%', 'H13=74.7%', 'H14=76.6%', 'H15=77.6%', 'H16=78.9%']
  mean_sigmoid_q_halt: ['0.017', '0.074', '0.232', '0.324', '0.439', '0.527', '0.594', '0.633', '0.664', '0.691', '0.715', '0.727', '0.750', '0.770', '0.777', '0.789']
  halt_rates: ['0.01', '0.06', '0.22', '0.31', '0.43', '0.52', '0.59', '0.63', '0.66', '0.69', '0.71', '0.72', '0.75', '0.77', '0.78', '0.79']
  halt_histogram %: [67.8, 18.4, 5.3, 2.7, 1.7, 1.2, 0.8, 0.6, 0.4, 0.3, 0.2, 0.1, 0.1, 0.1, 0.0, 0.2]
  Avg ACT steps (last 100): 1.16
  saved: /home/jvdillon/research/research/projects/trm3/ckpts/x182l/step34000.pt acc=98.93% (0.033s)
Step 34000  Test 98.93% / 97.45%  Train lm=1.1016±0.0376ϵ[0.9844,1.1641] n_active=768.0001±0.0000ϵ[768.0000,768.0000] n_expunged=11.1285±3.8976ϵ[1.0000,24.0000] n_halted=151.3990±6.7090ϵ[127.0000,171.0000] pool_util=1.0000±0.0000ϵ[1.0000,1.0000]  (303.652s / 1122.741s)
  cell_acc=98.90%, puzzle_acc=97.36%
  eval_avg_halt_step: 2.35
  per_H_acc: ['H0=61.3%', 'H1=67.4%', 'H2=72.4%', 'H3=77.1%', 'H4=80.5%', 'H5=83.2%']
  H_cos: ['0.953', '0.969', '0.973', '0.977', '0.980']
  z_H_delta: ['13.250', '8.125', '7.375', '6.406', '5.250']
  cells: fixed=[8348, 5934, 5963, 4696, 3826] broken=[4577, 2795, 3058, 2576, 2137]
  per_ACT_cell_acc: ['H1=61.3%', 'H2=67.4%', 'H3=72.4%', 'H4=77.1%', 'H5=80.5%', 'H6=83.2%', 'H7=85.0%', 'H8=86.2%', 'H9=87.7%', 'H10=88.8%', 'H11=89.7%', 'H12=90.1%', 'H13=90.6%', 'H14=91.2%', 'H15=91.7%', 'H16=92.1%']
  per_ACT_puzzle_acc: ['H1=2.2%', 'H2=7.4%', 'H3=21.1%', 'H4=31.8%', 'H5=42.6%', 'H6=50.5%', 'H7=56.6%', 'H8=61.3%', 'H9=65.1%', 'H10=68.8%', 'H11=71.5%', 'H12=73.8%', 'H13=75.0%', 'H14=76.2%', 'H15=77.3%', 'H16=78.9%']
  mean_sigmoid_q_halt: ['0.017', '0.072', '0.231', '0.330', '0.439', '0.512', '0.578', '0.621', '0.656', '0.695', '0.723', '0.742',  per_ACT_cell_acc: ['H1=61.3%', 'H2
  halt_rates: ['0.01', '0.06', '0.22', '0.32', '0.43', '0.51', '0.57', '0.61', '0.65', '0.69', '0.72', '0.74', '0.75', '0.77', '0.78', '0.79']
  halt_histogram %: [68.8, 18.2, 5.1, 2.5, 1.6, 1.1, 0.8, 0.6, 0.4, 0.3, 0.2, 0.1, 0.1, 0.1, 0.0, 0.2]
  Avg ACT steps (last 100): 1.31
  saved: /home/jvdillon/research/research/projects/trm3/ckpts/x182l/step36000.pt acc=98.90% (0.033s)
Step 36000  Test 98.90% / 97.36%  Train lm=1.1016±0.0374ϵ[0.9805,1.1719] n_active=768.0001±0.0000ϵ[768.0000,768.0000] n_expunged=10.9275±3.7494ϵ[1.0000,24.0000] n_halted=151.5630±6.3117ϵ[130.0000,171.0000] pool_util=1.0000±0.0000ϵ[1.0000,1.0000]  (303.687s / 1122.865s)
.69', '0.72', '0.74', '0.75', '0.77', '0.78', '0.79']
  halt_histogram %: [68.8, 18.2, 5.1, 2.5, 1.6, 1.1, 0.8, 0.6, 0.4, 0.3, 0.2, 0.1, 0.1, 0.1, 0.0, 0.2]
  Avg ACT steps (last 100): 1.31
  saved: /home/jvdillon/research/research/projects/trm3/ckpts/x182l/step36000.pt acc=98.90% (0.033s)
Step 36000  Test 98.90% / 97.36%  Train lm=1.1016±0.0374ϵ[0.9805,1.1719] n_active=768.0001±0.0000ϵ[768.0000,768.0000] n_expunged=10.9275±3.7494ϵ[1.0000,24.0000] n_halted=151.5630±6.3117ϵ[130.0000,171.0000] pool_util=1.0000±0.0000ϵ[1.0000,1.0000]  (303.687s / 1122.865s)
