Adam params: ('embed_tokens.weight', 'head.weight', 'head.bias', 'q_head.weight', 'q_head.bias')
Muon 2D params: ('reasoning.0.attn.up_proj.weight', 'reasoning.0.attn.down_proj.weight', 'reasoning.0.mlp.up_proj.weight', 'reasoning.0.mlp.down_proj.weight', 'reasoning.1.attn.up_proj.weight', 'reasoning.1.attn.down_proj.weight', 'reasoning.1.mlp.up_proj.weight', 'reasoning.1.mlp.down_proj.weight')
Muon 3D params (ensemble_dims=1): ()
Saved step 0 checkpoint with RNG: /home/jvdillon/research/research/projects/trm3/ckpts/x182h/step00000_rng.pt
  cell_acc=77.11%, puzzle_acc=39.48%
  eval_avg_halt_step: 16.00
  per_H_acc: ['H0=45.5%', 'H1=56.1%', 'H2=60.3%', 'H3=64.4%', 'H4=66.6%', 'H5=67.4%']
  H_cos: ['0.594', '0.895', '0.949', '0.969', '0.973']
  z_H_delta: ['22.375', '12.062', '7.500', '6.406', '6.375']
  cells: fixed=[10150, 6141, 5310, 4113, 2972] broken=[3563, 3517, 2779, 2724, 2518]
  per_ACT_cell_acc: ['H1=45.5%', 'H2=56.1%', 'H3=60.3%', 'H4=64.4%', 'H5=66.6%', 'H6=67.4%', 'H7=68.1%', 'H8=69.0%', 'H9=69.5%', 'H10=69.8%', 'H11=70.3%', 'H12=70.4%', 'H13=70.7%', 'H14=70.8%', 'H15=71.0%', 'H16=71.1%']
  per_ACT_puzzle_acc: ['H1=0.0%', 'H2=0.1%', 'H3=1.4%', 'H4=3.3%', 'H5=6.9%', 'H6=11.1%', 'H7=13.2%', 'H8=15.8%', 'H9=17.3%', 'H10=18.9%', 'H11=20.1%', 'H12=21.2%', 'H13=21.0%', 'H14=21.7%', 'H15=22.4%', 'H16=23.4%']
  mean_sigmoid_q_halt: ['0.007', '0.007', '0.007', '0.007', '0.007', '0.007', '0.007', '0.007', '0.007', '0.007', '0.007', '0.007', '0.007', '0.007', '0.007', '0.007']
  halt_rates: ['0.00', '0.00', '0.00', '0.00', '0.00', '0.00', '0.00', '0.00', '0.00', '0.00', '0.00', '0.00', '0.00', '0.00', '0.00', '0.00']
  halt_histogram %: [100.0, 0.0, 0.0, 0.0, 0.0, 0.0, 0.0, 0.0, 0.0, 0.0, 0.0, 0.0, 0.0, 0.0, 0.0, 0.0]
  Avg ACT steps (last 100): 1.00
  saved: /home/jvdillon/research/research/projects/trm3/ckpts/x182h/step02000.pt acc=77.11% (0.034s)
  saved: /home/jvdillon/research/research/projects/trm3/ckpts/x182h/best.pt acc=77.11% (0.066s)
Step  2000  Test 77.11% / 39.48%  Train lm=1.3984±0.2129ϵ[1.0078,3.7188] n_active=0.0000±0.0000ϵ[0.0000,0.0000] n_expunged=0.0000±0.0000ϵ[0.0000,0.0000] n_halted=192.0000±0.0000ϵ[192.0000,192.0000] pool_util=0.0000±0.0000ϵ[0.0000,0.0000]  (303.944s / 1160.474s)
  cell_acc=79.97%, puzzle_acc=51.67%
  eval_avg_halt_step: 7.13
  per_H_acc: ['H0=42.4%', 'H1=57.3%', 'H2=60.3%', 'H3=62.7%', 'H4=64.9%', 'H5=66.4%']
  H_cos: ['0.594', '0.949', '0.969', '0.973', '0.977']
  z_H_delta: ['21.625', '10.250', '7.594', '7.125', '6.656']
  cells: fixed=[12315, 5902, 4105, 3739, 3312] broken=[3094, 4020, 2633, 2371, 2335]
  per_ACT_cell_acc: ['H1=42.4%', 'H2=57.3%', 'H3=60.3%', 'H4=62.7%', 'H5=64.9%', 'H6=66.4%', 'H7=67.4%', 'H8=68.4%', 'H9=69.1%', 'H10=69.9%', 'H11=70.2%', 'H12=70.7%', 'H13=71.0%', 'H14=71.5%', 'H15=72.0%', 'H16=72.5%']
  per_ACT_puzzle_acc: ['H1=0.0%', 'H2=0.0%', 'H3=1.7%', 'H4=3.8%', 'H5=7.2%', 'H6=9.9%', 'H7=13.8%', 'H8=16.0%', 'H9=17.8%', 'H10=19.8%', 'H11=21.9%', 'H12=23.2%', 'H13=24.6%', 'H14=26.4%', 'H15=28.5%', 'H16=28.8%']
  mean_sigmoid_q_halt: ['0.161', '0.000', '0.034', '0.093', '0.146', '0.189', '0.236', '0.270', '0.297', '0.316', '0.340', '0.355', '0.375', '0.396', '0.418', '0.422']
  halt_rates: ['0.02', '0.00', '0.03', '0.08', '0.14', '0.18', '0.23', '0.26', '0.29', '0.31', '0.33', '0.35', '0.37', '0.39', '0.42', '0.42']
  halt_histogram %: [84.6, 4.6, 2.5, 1.9, 1.6, 1.3, 0.9, 0.7, 0.5, 0.4, 0.3, 0.2, 0.1, 0.1, 0.1, 0.4]
  Avg ACT steps (last 100): 3.14
  saved: /home/jvdillon/research/research/projects/trm3/ckpts/x182h/step04000.pt acc=79.97% (0.035s)
  saved: /home/jvdillon/research/research/projects/trm3/ckpts/x182h/best.pt acc=79.97% (0.083s)
Step  4000  Test 79.97% / 51.67%  Train lm=1.3516±0.0918ϵ[0.9180,2.0781] n_active=768.0001±0.0000ϵ[768.0000,768.0000] n_expunged=24.2750±26.1925ϵ[0.0000,192.0000] n_halted=48.8540±18.3919ϵ[0.0000,192.0000] pool_util=1.0000±0.0000ϵ[1.0000,1.0000]  (304.177s / 1159.025s)
  cell_acc=90.50%, puzzle_acc=76.58%
  eval_avg_halt_step: 5.77
  per_H_acc: ['H0=45.3%', 'H1=61.2%', 'H2=66.3%', 'H3=68.5%', 'H4=70.5%', 'H5=72.0%']
  H_cos: ['0.598', '0.965', '0.977', '0.977', '0.980']
  z_H_delta: ['21.500', '9.625', '7.375', '7.031', '6.406']
  cells: fixed=[12730, 7438, 4453, 4400, 4149] broken=[2821, 4286, 3037, 3165, 3238]
  per_ACT_cell_acc: ['H1=45.3%', 'H2=61.2%', 'H3=66.3%', 'H4=68.5%', 'H5=70.5%', 'H6=72.0%', 'H7=72.9%', 'H8=73.7%', 'H9=74.7%', 'H10=75.5%', 'H11=76.3%', 'H12=77.3%', 'H13=78.0%', 'H14=78.3%', 'H15=79.0%', 'H16=79.6%']
  per_ACT_puzzle_acc: ['H1=0.0%', 'H2=1.0%', 'H3=4.0%', 'H4=9.5%', 'H5=15.4%', 'H6=20.3%', 'H7=24.7%', 'H8=27.7%', 'H9=30.6%', 'H10=33.1%', 'H11=35.2%', 'H12=37.8%', 'H13=40.4%', 'H14=42.4%', 'H15=44.0%', 'H16=45.4%']
  mean_sigmoid_q_halt: ['0.022', '0.002', '0.061', '0.133', '0.189', '0.242', '0.285', '0.314', '0.346', '0.367', '0.387', '0.416', '0.438', '0.461', '0.480', '0.492']
  halt_rates: ['0.00', '0.00', '0.05', '0.12', '0.18', '0.24', '0.29', '0.31', '0.34', '0.36', '0.39', '0.42', '0.44', '0.46', '0.48', '0.49']
  halt_histogram %: [74.3, 9.3, 4.5, 3.0, 2.3, 1.7, 1.3, 1.0, 0.7, 0.5, 0.4, 0.2, 0.2, 0.1, 0.1, 0.4]
  Avg ACT steps (last 100): 2.61
  saved: /home/jvdillon/research/research/projects/trm3/ckpts/x182h/step06000.pt acc=90.50% (0.034s)
  saved: /home/jvdillon/research/research/projects/trm3/ckpts/x182h/best.pt acc=90.50% (0.125s)
Step  6000  Test 90.50% / 76.58%  Train lm=1.3516±0.0317ϵ[1.2188,1.5078] n_active=768.0001±0.0000ϵ[768.0000,768.0000] n_expunged=6.9170±4.9847ϵ[0.0000,52.0000] n_halted=68.1035±10.3545ϵ[40.0000,105.0000] pool_util=1.0000±0.0000ϵ[1.0000,1.0000]  (303.957s / 1162.148s)
  cell_acc=91.36%, puzzle_acc=78.78%
  eval_avg_halt_step: 4.72
  per_H_acc: ['H0=43.0%', 'H1=58.5%', 'H2=65.4%', 'H3=69.4%', 'H4=72.0%', 'H5=73.5%']
  H_cos: ['0.637', '0.965', '0.977', '0.977', '0.980']
  z_H_delta: ['22.000', '9.500', '7.219', '6.906', '6.156']
  cells: fixed=[12131, 8348, 5559, 4585, 3821] broken=[2483, 4071, 3074, 2988, 2882]
  per_ACT_cell_acc: ['H1=43.0%', 'H2=58.5%', 'H3=65.4%', 'H4=69.4%', 'H5=72.0%', 'H6=73.5%', 'H7=75.1%', 'H8=76.2%', 'H9=77.4%', 'H10=77.9%', 'H11=78.4%', 'H12=78.9%', 'H13=79.6%', 'H14=80.3%', 'H15=80.7%', 'H16=81.5%']
  per_ACT_puzzle_acc: ['H1=0.0%', 'H2=0.5%', 'H3=2.6%', 'H4=9.0%', 'H5=18.2%', 'H6=24.6%', 'H7=30.1%', 'H8=33.9%', 'H9=37.5%', 'H10=40.2%', 'H11=42.1%', 'H12=44.0%', 'H13=46.0%', 'H14=48.4%', 'H15=49.7%', 'H16=50.3%']
  mean_sigmoid_q_halt: ['0.068', '0.005', '0.040', '0.129', '0.231', '0.311', '0.363', '0.410', '0.451', '0.477', '0.490', '0.512', '0.531', '0.559', '0.574', '0.574']
  halt_rates: ['0.00', '0.01', '0.04', '0.12', '0.23', '0.30', '0.36', '0.41', '0.45', '0.48', '0.49', '0.51', '0.53', '0.56', '0.58', '0.57']
  halt_histogram %: [68.6, 12.9, 5.7, 3.5, 2.5, 1.9, 1.4, 1.0, 0.7, 0.5, 0.4, 0.2, 0.2, 0.1, 0.1, 0.3]
  Avg ACT steps (last 100): 2.05
  saved: /home/jvdillon/research/research/projects/trm3/ckpts/x182h/step08000.pt acc=91.36% (0.033s)
  saved: /home/jvdillon/research/research/projects/trm3/ckpts/x182h/best.pt acc=91.36% (0.080s)
Step  8000  Test 91.36% / 78.78%  Train lm=1.3359±0.0366ϵ[1.1797,1.5078] n_active=768.0001±0.0000ϵ[768.0000,768.0000] n_expunged=5.2890±2.5406ϵ[0.0000,18.0000] n_halted=82.9560±10.2240ϵ[52.0000,119.0000] pool_util=1.0000±0.0000ϵ[1.0000,1.0000]  (303.856s / 1162.342s)
  cell_acc=93.68%, puzzle_acc=84.43%
  eval_avg_halt_step: 4.09
  per_H_acc: ['H0=47.2%', 'H1=60.5%', 'H2=66.0%', 'H3=70.7%', 'H4=73.4%', 'H5=75.2%']
  H_cos: ['0.770', '0.969', '0.977', '0.977', '0.980']
  z_H_delta: ['19.625', '9.000', '7.188', '7.031', '6.000']
  cells: fixed=[11168, 7529, 5663, 4682, 3693] broken=[2864, 4102, 2735, 3039, 2597]
  per_ACT_cell_acc: ['H1=47.2%', 'H2=60.5%', 'H3=66.0%', 'H4=70.7%', 'H5=73.4%', 'H6=75.2%', 'H7=76.3%', 'H8=77.4%', 'H9=78.7%', 'H10=79.4%', 'H11=80.5%', 'H12=81.1%', 'H13=81.7%', 'H14=82.0%', 'H15=82.1%', 'H16=82.4%']
  per_ACT_puzzle_acc: ['H1=0.0%', 'H2=1.2%', 'H3=5.6%', 'H4=13.8%', 'H5=24.0%', 'H6=31.0%', 'H7=35.0%', 'H8=38.4%', 'H9=42.3%', 'H10=45.4%', 'H11=47.7%', 'H12=50.4%', 'H13=51.4%', 'H14=52.9%', 'H15=54.0%', 'H16=55.2%']
  mean_sigmoid_q_halt: ['0.018', '0.006', '0.058', '0.160', '0.268', '0.346', '0.393', '0.430', '0.471', '0.504', '0.527', '0.551', '0.566', '0.578', '0.590', '0.602']
  halt_rates: ['0.00', '0.01', '0.05', '0.15', '0.26', '0.35', '0.39', '0.43', '0.47', '0.50', '0.52', '0.55', '0.57', '0.58', '0.59', '0.60']
  halt_histogram %: [66.0, 15.3, 6.2, 3.6, 2.5, 1.8, 1.3, 1.0, 0.7, 0.5, 0.3, 0.2, 0.2, 0.1, 0.1, 0.3]
  Avg ACT steps (last 100): 1.46
  saved: /home/jvdillon/research/research/projects/trm3/ckpts/x182h/step10000.pt acc=93.68% (0.034s)
  saved: /home/jvdillon/research/research/projects/trm3/ckpts/x182h/best.pt acc=93.68% (0.080s)
Step 10000  Test 93.68% / 84.43%  Train lm=1.2969±0.0469ϵ[1.1250,1.4688] n_active=768.0001±0.0000ϵ[768.0000,768.0000] n_expunged=5.3720±2.3557ϵ[0.0000,14.0000] n_halted=96.0145±11.0947ϵ[66.0000,133.0000] pool_util=1.0000±0.0000ϵ[1.0000,1.0000]  (303.873s / 1162.335s)
  cell_acc=94.21%, puzzle_acc=85.81%
  eval_avg_halt_step: 3.68
  per_H_acc: ['H0=46.0%', 'H1=59.7%', 'H2=65.4%', 'H3=69.7%', 'H4=72.6%', 'H5=74.5%']
  H_cos: ['0.793', '0.969', '0.977', '0.977', '0.984']
  z_H_delta: ['19.375', '9.250', '7.281', '6.812', '5.812']
  cells: fixed=[11595, 7499, 5481, 4755, 3925] broken=[3045, 3986, 2822, 2920, 2722]
  per_ACT_cell_acc: ['H1=46.0%', 'H2=59.7%', 'H3=65.4%', 'H4=69.7%', 'H5=72.6%', 'H6=74.5%', 'H7=75.6%', 'H8=77.1%', 'H9=78.7%', 'H10=79.6%', 'H11=80.2%', 'H12=81.0%', 'H13=81.8%', 'H14=82.0%', 'H15=82.4%', 'H16=82.7%']
  per_ACT_puzzle_acc: ['H1=0.0%', 'H2=1.7%', 'H3=3.8%', 'H4=11.1%', 'H5=20.1%', 'H6=27.0%', 'H7=32.6%', 'H8=36.7%', 'H9=41.0%', 'H10=44.7%', 'H11=47.4%', 'H12=49.0%', 'H13=51.0%', 'H14=52.3%', 'H15=53.4%', 'H16=54.9%']
  mean_sigmoid_q_halt: ['0.019', '0.010', '0.060', '0.163', '0.260', '0.330', '0.395', '0.438', '0.482', '0.523', '0.551', '0.570', '0.594', '0.609', '0.617', '0.633']
  halt_rates: ['0.00', '0.01', '0.05', '0.15', '0.26', '0.32', '0.39', '0.43', '0.48', '0.52', '0.55', '0.57', '0.59', '0.61', '0.61', '0.63']
  halt_histogram %: [64.7, 16.9, 6.4, 3.5, 2.4, 1.7, 1.2, 0.9, 0.6, 0.4, 0.3, 0.2, 0.2, 0.1, 0.1, 0.3]
  Avg ACT steps (last 100): 1.53
  saved: /home/jvdillon/research/research/projects/trm3/ckpts/x182h/step12000.pt acc=94.21% (0.034s)
  saved: /home/jvdillon/research/research/projects/trm3/ckpts/x182h/best.pt acc=94.21% (0.081s)
Step 12000  Test 94.21% / 85.81%  Train lm=1.2891±0.0420ϵ[1.1328,1.4062] n_active=768.0001±0.0000ϵ[768.0000,768.0000] n_expunged=5.8545±2.4774ϵ[0.0000,16.0000] n_halted=103.5630±10.2680ϵ[72.0000,138.0000] pool_util=1.0000±0.0000ϵ[1.0000,1.0000]  (303.761s / 1162.433s)
  cell_acc=94.99%, puzzle_acc=87.64%
  eval_avg_halt_step: 3.30
  per_H_acc: ['H0=48.4%', 'H1=60.9%', 'H2=67.2%', 'H3=71.3%', 'H4=74.4%', 'H5=76.3%']
  H_cos: ['0.852', '0.969', '0.973', '0.977', '0.984']
  z_H_delta: ['18.625', '9.500', '7.562', '6.938', '5.875']
  cells: fixed=[10830, 7994, 5308, 4598, 3612] broken=[3048, 4075, 2752, 2686, 2407]
  per_ACT_cell_acc: ['H1=48.4%', 'H2=60.9%', 'H3=67.2%', 'H4=71.3%', 'H5=74.4%', 'H6=76.3%', 'H7=78.0%', 'H8=79.6%', 'H9=80.8%', 'H10=81.5%', 'H11=82.2%', 'H12=82.6%', 'H13=83.4%', 'H14=84.0%', 'H15=84.8%', 'H16=85.4%']
  per_ACT_puzzle_acc: ['H1=0.0%', 'H2=1.4%', 'H3=6.2%', 'H4=18.1%', 'H5=27.0%', 'H6=33.7%', 'H7=39.1%', 'H8=42.6%', 'H9=47.4%', 'H10=49.7%', 'H11=52.6%', 'H12=54.9%', 'H13=56.5%', 'H14=57.8%', 'H15=59.5%', 'H16=61.3%']
  mean_sigmoid_q_halt: ['0.015', '0.011', '0.082', '0.222', '0.320', '0.393', '0.447', '0.488', '0.539', '0.562', '0.590', '0.617', '0.633', '0.641', '0.660', '0.680']
  halt_rates: ['0.00', '0.01', '0.08', '0.22', '0.32', '0.39', '0.45', '0.49', '0.54', '0.56', '0.59', '0.62', '0.63', '0.64', '0.66', '0.68']
  halt_histogram %: [64.4, 18.0, 6.5, 3.4, 2.3, 1.6, 1.1, 0.8, 0.6, 0.4, 0.3, 0.2, 0.1, 0.1, 0.1, 0.2]
  Avg ACT steps (last 100): 1.67
  saved: /home/jvdillon/research/research/projects/trm3/ckpts/x182h/step14000.pt acc=94.99% (0.035s)
  saved: /home/jvdillon/research/research/projects/trm3/ckpts/x182h/best.pt acc=94.99% (0.082s)
Step 14000  Test 94.99% / 87.64%  Train lm=1.2656±0.0437ϵ[1.1016,1.4922] n_active=768.0001±0.0000ϵ[768.0000,768.0000] n_expunged=6.5880±2.6707ϵ[0.0000,18.0000] n_halted=112.9210±10.0827ϵ[87.0000,146.0000] pool_util=1.0000±0.0000ϵ[1.0000,1.0000]  (303.921s / 1162.813s)
  cell_acc=96.34%, puzzle_acc=90.91%
  eval_avg_halt_step: 3.08
  per_H_acc: ['H0=50.4%', 'H1=61.0%', 'H2=66.9%', 'H3=72.3%', 'H4=76.5%', 'H5=79.0%']
  H_cos: ['0.863', '0.977', '0.977', '0.977', '0.980']
  z_H_delta: ['18.375', '8.938', '7.656', '6.969', '5.938']
  cells: fixed=[10132, 7613, 6166, 5157, 3753] broken=[3577, 3957, 2792, 2545, 2188]
  per_ACT_cell_acc: ['H1=50.4%', 'H2=61.0%', 'H3=66.9%', 'H4=72.3%', 'H5=76.5%', 'H6=79.0%', 'H7=80.6%', 'H8=81.8%', 'H9=83.2%', 'H10=84.0%', 'H11=84.7%', 'H12=85.1%', 'H13=85.3%', 'H14=86.1%', 'H15=86.6%', 'H16=87.2%']
  per_ACT_puzzle_acc: ['H1=0.7%', 'H2=2.5%', 'H3=6.1%', 'H4=16.7%', 'H5=29.4%', 'H6=39.8%', 'H7=45.7%', 'H8=50.7%', 'H9=54.4%', 'H10=57.0%', 'H11=59.0%', 'H12=60.7%', 'H13=61.7%', 'H14=63.0%', 'H15=65.0%', 'H16=65.8%']
  mean_sigmoid_q_halt: ['0.031', '0.021', '0.090', '0.207', '0.338', '0.438', '0.500', '0.551', '0.582', '0.613', '0.625', '0.648', '0.660', '0.676', '0.695', '0.703']
  halt_rates: ['0.02', '0.02', '0.07', '0.20', '0.33', '0.43', '0.50', '0.55', '0.58', '0.61', '0.62', '0.65', '0.66', '0.67', '0.70', '0.70']
  halt_histogram %: [64.6, 18.7, 6.4, 3.2, 2.1, 1.4, 1.0, 0.7, 0.5, 0.4, 0.3, 0.2, 0.1, 0.1, 0.1, 0.2]
  Avg ACT steps (last 100): 1.71
  saved: /home/jvdillon/research/research/projects/trm3/ckpts/x182h/step16000.pt acc=96.34% (0.034s)
  saved: /home/jvdillon/research/research/projects/trm3/ckpts/x182h/best.pt acc=96.34% (0.127s)
Step 16000  Test 96.34% / 90.91%  Train lm=1.2422±0.0425ϵ[1.1016,1.4609] n_active=768.0001±0.0000ϵ[768.0000,768.0000] n_expunged=7.3970±2.8565ϵ[0.0000,20.0000] n_halted=119.8650±9.2614ϵ[91.0000,150.0000] pool_util=1.0000±0.0000ϵ[1.0000,1.0000]  (303.980s / 1162.682s)
  cell_acc=96.01%, puzzle_acc=90.07%
  eval_avg_halt_step: 3.06
  per_H_acc: ['H0=48.8%', 'H1=60.1%', 'H2=66.7%', 'H3=72.5%', 'H4=76.7%', 'H5=79.1%']
  H_cos: ['0.855', '0.977', '0.973', '0.980', '0.980']
  z_H_delta: ['19.125', '9.062', '7.812', '7.031', '6.219']
  cells: fixed=[11034, 8104, 6687, 5602, 4138] broken=[4002, 3956, 3094, 3001, 2646]
  per_ACT_cell_acc: ['H1=48.8%', 'H2=60.1%', 'H3=66.7%', 'H4=72.5%', 'H5=76.7%', 'H6=79.1%', 'H7=80.9%', 'H8=82.1%', 'H9=83.4%', 'H10=84.5%', 'H11=85.2%', 'H12=86.0%', 'H13=86.3%', 'H14=86.9%', 'H15=87.5%', 'H16=88.2%']
  per_ACT_puzzle_acc: ['H1=0.4%', 'H2=1.7%', 'H3=5.1%', 'H4=16.9%', 'H5=28.6%', 'H6=39.3%', 'H7=45.8%', 'H8=50.1%', 'H9=54.4%', 'H10=56.8%', 'H11=60.2%', 'H12=62.4%', 'H13=64.5%', 'H14=65.8%', 'H15=67.2%', 'H16=68.2%']
  mean_sigmoid_q_halt: ['0.031', '0.011', '0.061', '0.202', '0.307', '0.420', '0.488', '0.531', '0.574', '0.605', '0.633', '0.656', '0.676', '0.691', '0.707', '0.719']
  halt_rates: ['0.01', '0.01', '0.06', '0.20', '0.30', '0.41', '0.48', '0.53', '0.57', '0.60', '0.64', '0.66', '0.68', '0.69', '0.71', '0.72']
  halt_histogram %: [65.2, 19.1, 6.3, 3.1, 1.9, 1.3, 0.9, 0.7, 0.5, 0.3, 0.2, 0.2, 0.1, 0.1, 0.1, 0.2]
  Avg ACT steps (last 100): 1.47
  saved: /home/jvdillon/research/research/projects/trm3/ckpts/x182h/step18000.pt acc=96.01% (0.034s)
Step 18000  Test 96.01% / 90.07%  Train lm=1.2188±0.0486ϵ[1.0547,1.3047] n_active=768.0001±0.0000ϵ[768.0000,768.0000] n_expunged=7.8830±3.0640ϵ[0.0000,18.0000] n_halted=126.1555±9.2850ϵ[102.0000,156.0000] pool_util=1.0000±0.0000ϵ[1.0000,1.0000]  (303.963s / 1163.133s)
  cell_acc=97.02%, puzzle_acc=92.69%
  eval_avg_halt_step: 2.78
  per_H_acc: ['H0=50.4%', 'H1=61.4%', 'H2=67.5%', 'H3=72.6%', 'H4=76.1%', 'H5=78.8%']
  H_cos: ['0.883', '0.973', '0.977', '0.980', '0.984']
  z_H_delta: ['18.375', '9.250', '7.719', '6.844', '5.906']
  cells: fixed=[10634, 7862, 6305, 5041, 3995] broken=[3784, 4097, 3117, 2869, 2315]
  per_ACT_cell_acc: ['H1=50.4%', 'H2=61.4%', 'H3=67.5%', 'H4=72.6%', 'H5=76.1%', 'H6=78.8%', 'H7=80.6%', 'H8=82.2%', 'H9=83.6%', 'H10=84.7%', 'H11=85.7%', 'H12=86.2%', 'H13=86.7%', 'H14=87.1%', 'H15=87.7%', 'H16=87.8%']
  per_ACT_puzzle_acc: ['H1=0.4%', 'H2=2.2%', 'H3=7.3%', 'H4=18.6%', 'H5=30.1%', 'H6=38.7%', 'H7=44.7%', 'H8=49.9%', 'H9=54.4%', 'H10=57.3%', 'H11=60.3%', 'H12=62.0%', 'H13=64.2%', 'H14=65.2%', 'H15=66.5%', 'H16=68.2%']
  mean_sigmoid_q_halt: ['0.052', '0.024', '0.095', '0.237', '0.350', '0.430', '0.486', '0.539', '0.586', '0.613', '0.648', '0.660', '0.680', '0.691', '0.703', '0.719']
  halt_rates: ['0.01', '0.02', '0.08', '0.23', '0.34', '0.42', '0.48', '0.54', '0.59', '0.61', '0.64', '0.66', '0.68', '0.69', '0.70', '0.72']
  halt_histogram %: [66.0, 19.2, 6.1, 2.9, 1.8, 1.2, 0.8, 0.6, 0.4, 0.3, 0.2, 0.1, 0.1, 0.1, 0.0, 0.2]
  Avg ACT steps (last 100): 1.29
  saved: /home/jvdillon/research/research/projects/trm3/ckpts/x182h/step20000.pt acc=97.02% (0.034s)
  saved: /home/jvdillon/research/research/projects/trm3/ckpts/x182h/best.pt acc=97.02% (0.081s)
Step 20000  Test 97.02% / 92.69%  Train lm=1.2031±0.0435ϵ[1.0547,1.2969] n_active=768.0001±0.0000ϵ[768.0000,768.0000] n_expunged=8.3930±3.1152ϵ[0.0000,23.0000] n_halted=132.8270±8.4899ϵ[110.0000,161.0000] pool_util=1.0000±0.0000ϵ[1.0000,1.0000]  (303.947s / 1163.174s)
  cell_acc=96.95%, puzzle_acc=92.52%
  eval_avg_halt_step: 2.60
  per_H_acc: ['H0=51.7%', 'H1=60.6%', 'H2=66.7%', 'H3=72.2%', 'H4=75.9%', 'H5=79.1%']
  H_cos: ['0.883', '0.973', '0.977', '0.980', '0.980']
  z_H_delta: ['18.125', '9.375', '7.875', '7.000', '6.188']
  cells: fixed=[9372, 7655, 6341, 5047, 4325] broken=[3860, 3864, 2908, 2762, 2296]
  per_ACT_cell_acc: ['H1=51.7%', 'H2=60.6%', 'H3=66.7%', 'H4=72.2%', 'H5=75.9%', 'H6=79.1%', 'H7=81.7%', 'H8=83.4%', 'H9=84.7%', 'H10=85.8%', 'H11=86.9%', 'H12=87.6%', 'H13=88.2%', 'H14=88.7%', 'H15=89.3%', 'H16=89.4%']
  per_ACT_puzzle_acc: ['H1=0.5%', 'H2=1.8%', 'H3=7.2%', 'H4=19.8%', 'H5=29.4%', 'H6=40.8%', 'H7=47.7%', 'H8=53.4%', 'H9=58.1%', 'H10=61.2%', 'H11=63.8%', 'H12=65.5%', 'H13=68.1%', 'H14=69.9%', 'H15=71.7%', 'H16=72.7%']
  mean_sigmoid_q_halt: ['0.042', '0.021', '0.110', '0.231', '0.348', '0.455', '0.520', '0.578', '0.629', '0.656', '0.680', '0.699', '0.727', '0.742', '0.762', '0.766']
  halt_rates: ['0.01', '0.02', '0.10', '0.23', '0.34', '0.45', '0.52', '0.58', '0.63', '0.65', '0.68', '0.70', '0.73', '0.74', '0.76', '0.77']
  halt_histogram %: [66.8, 19.3, 5.9, 2.7, 1.6, 1.1, 0.8, 0.5, 0.4, 0.3, 0.2, 0.1, 0.1, 0.1, 0.0, 0.2]
  Avg ACT steps (last 100): 1.39
  saved: /home/jvdillon/research/research/projects/trm3/ckpts/x182h/step22000.pt acc=96.95% (0.032s)
Step 22000  Test 96.95% / 92.52%  Train lm=1.1719±0.0444ϵ[1.0312,1.2891] n_active=768.0001±0.0000ϵ[768.0000,768.0000] n_expunged=9.0570±3.1255ϵ[0.0000,20.0000] n_halted=137.9765±7.9462ϵ[112.0000,164.0000] pool_util=1.0000±0.0000ϵ[1.0000,1.0000]  (303.862s / 1162.968s)
  cell_acc=96.45%, puzzle_acc=91.41%
  eval_avg_halt_step: 2.41
  per_H_acc: ['H0=51.8%', 'H1=60.1%', 'H2=66.5%', 'H3=71.9%', 'H4=76.0%', 'H5=78.6%']
  H_cos: ['0.859', '0.973', '0.973', '0.977', '0.980']
  z_H_delta: ['18.750', '9.688', '8.125', '7.219', '6.062']
  cells: fixed=[9078, 8109, 6480, 5297, 3894] broken=[3923, 4081, 3133, 2779, 2271]
  per_ACT_cell_acc: ['H1=51.8%', 'H2=60.1%', 'H3=66.5%', 'H4=71.9%', 'H5=76.0%', 'H6=78.6%', 'H7=80.8%', 'H8=83.0%', 'H9=84.1%', 'H10=84.8%', 'H11=85.8%', 'H12=86.6%', 'H13=87.1%', 'H14=87.6%', 'H15=88.0%', 'H16=88.4%']
  per_ACT_puzzle_acc: ['H1=1.6%', 'H2=2.2%', 'H3=6.8%', 'H4=18.6%', 'H5=31.2%', 'H6=40.4%', 'H7=46.6%', 'H8=53.4%', 'H9=57.4%', 'H10=60.2%', 'H11=62.5%', 'H12=64.7%', 'H13=66.4%', 'H14=67.6%', 'H15=68.6%', 'H16=69.7%']
  mean_sigmoid_q_halt: ['0.043', '0.024', '0.105', '0.262', '0.389', '0.484', '0.543', '0.605', '0.645', '0.672', '0.695', '0.719', '0.734', '0.746', '0.758', '0.770']
  halt_rates: ['0.01', '0.02', '0.09', '0.25', '0.38', '0.48', '0.54', '0.60', '0.65', '0.67', '0.69', '0.71', '0.74', '0.74', '0.75', '0.77']
  halt_histogram %: [67.8, 19.2, 5.6, 2.5, 1.5, 1.0, 0.7, 0.5, 0.3, 0.2, 0.2, 0.1, 0.1, 0.1, 0.0, 0.1]
  Avg ACT steps (last 100): 1.52
  saved: /home/jvdillon/research/research/projects/trm3/ckpts/x182h/step24000.pt acc=96.45% (0.033s)
Step 24000  Test 96.45% / 91.41%  Train lm=1.1562±0.0527ϵ[0.9922,1.2578] n_active=768.0001±0.0000ϵ[768.0000,768.0000] n_expunged=9.3575±3.4742ϵ[1.0000,21.0000] n_halted=143.1485±8.0946ϵ[119.0000,173.0000] pool_util=1.0000±0.0000ϵ[1.0000,1.0000]  (303.781s / 1163.159s)
  cell_acc=96.85%, puzzle_acc=92.40%
  eval_avg_halt_step: 2.34
  per_H_acc: ['H0=52.6%', 'H1=60.7%', 'H2=67.1%', 'H3=72.7%', 'H4=77.1%', 'H5=80.1%']
  H_cos: ['0.848', '0.973', '0.973', '0.977', '0.980']
  z_H_delta: ['19.250', '9.875', '8.375', '7.469', '6.219']
  cells: fixed=[8894, 8338, 6672, 5456, 4179] broken=[3872, 4349, 3193, 2734, 2291]
  per_ACT_cell_acc: ['H1=52.6%', 'H2=60.7%', 'H3=67.1%', 'H4=72.7%', 'H5=77.1%', 'H6=80.1%', 'H7=82.4%', 'H8=83.9%', 'H9=84.9%', 'H10=85.9%', 'H11=86.9%', 'H12=88.0%', 'H13=88.5%', 'H14=88.9%', 'H15=89.1%', 'H16=89.3%']
  per_ACT_puzzle_acc: ['H1=1.7%', 'H2=2.5%', 'H3=7.8%', 'H4=19.7%', 'H5=34.0%', 'H6=43.9%', 'H7=52.0%', 'H8=56.8%', 'H9=59.6%', 'H10=63.2%', 'H11=64.7%', 'H12=67.8%', 'H13=69.4%', 'H14=70.4%', 'H15=71.7%', 'H16=72.9%']
  mean_sigmoid_q_halt: ['0.050', '0.025', '0.113', '0.252', '0.383', '0.486', '0.566', '0.617', '0.645', '0.676', '0.699', '0.727', '0.742', '0.750', '0.762', '0.777']
  halt_rates: ['0.01', '0.02', '0.10', '0.24', '0.38', '0.48', '0.56', '0.61', '0.64', '0.67', '0.70', '0.73', '0.74', '0.75', '0.76', '0.78']
  halt_histogram %: [68.7, 19.1, 5.4, 2.3, 1.4, 0.9, 0.6, 0.4, 0.3, 0.2, 0.2, 0.1, 0.1, 0.1, 0.0, 0.1]
  Avg ACT steps (last 100): 1.34
  saved: /home/jvdillon/research/research/projects/trm3/ckpts/x182h/step26000.pt acc=96.85% (0.033s)
Step 26000  Test 96.85% / 92.40%  Train lm=1.1406±0.0552ϵ[0.9844,1.2344] n_active=768.0001±0.0000ϵ[768.0000,768.0000] n_expunged=9.9715±3.7325ϵ[0.0000,22.0000] n_halted=147.2470±7.9997ϵ[125.0000,174.0000] pool_util=1.0000±0.0000ϵ[1.0000,1.0000]  (303.821s / 1163.193s)
  cell_acc=97.45%, puzzle_acc=93.80%
  eval_avg_halt_step: 2.32
  per_H_acc: ['H0=51.8%', 'H1=60.6%', 'H2=67.4%', 'H3=73.7%', 'H4=78.6%', 'H5=81.6%']
  H_cos: ['0.855', '0.973', '0.973', '0.977', '0.980']
  z_H_delta: ['19.000', '9.688', '8.375', '7.250', '5.938']
  cells: fixed=[9366, 8473, 6860, 5586, 4214] broken=[3882, 4235, 2940, 2561, 2377]
  per_ACT_cell_acc: ['H1=51.8%', 'H2=60.6%', 'H3=67.4%', 'H4=73.7%', 'H5=78.6%', 'H6=81.6%', 'H7=83.5%', 'H8=85.0%', 'H9=86.4%', 'H10=87.3%', 'H11=88.0%', 'H12=88.9%', 'H13=89.5%', 'H14=89.9%', 'H15=90.1%', 'H16=90.2%']
  per_ACT_puzzle_acc: ['H1=1.6%', 'H2=2.5%', 'H3=7.6%', 'H4=23.0%', 'H5=35.0%', 'H6=46.1%', 'H7=53.6%', 'H8=59.0%', 'H9=62.1%', 'H10=65.0%', 'H11=67.3%', 'H12=69.0%', 'H13=70.8%', 'H14=72.8%', 'H15=73.8%', 'H16=74.9%']
  mean_sigmoid_q_halt: ['0.059', '0.023', '0.111', '0.285', '0.391', '0.494', '0.574', '0.633', '0.660', '0.691', '0.711', '0.730', '0.746', '0.762', '0.773', '0.785']
  halt_rates: ['0.02', '0.02', '0.09', '0.28', '0.38', '0.49', '0.57', '0.63', '0.65', '0.69', '0.71', '0.73', '0.74', '0.76', '0.77', '0.79']
  halt_histogram %: [69.7, 18.9, 5.2, 2.2, 1.3, 0.8, 0.6, 0.4, 0.3, 0.2, 0.1, 0.1, 0.1, 0.0, 0.0, 0.1]
  Avg ACT steps (last 100): 1.28
  saved: /home/jvdillon/research/research/projects/trm3/ckpts/x182h/step28000.pt acc=97.45% (0.034s)
  saved: /home/jvdillon/research/research/projects/trm3/ckpts/x182h/best.pt acc=97.45% (0.082s)
Step 28000  Test 97.45% / 93.80%  Train lm=1.1250±0.0471ϵ[0.9805,1.2109] n_active=768.0001±0.0000ϵ[768.0000,768.0000] n_expunged=10.4555±3.7959ϵ[1.0000,25.0000] n_halted=150.6745±7.1843ϵ[127.0000,174.0000] pool_util=1.0000±0.0000ϵ[1.0000,1.0000]  (303.944s / 1163.406s)
  cell_acc=97.41%, puzzle_acc=93.66%
  eval_avg_halt_step: 2.25
  per_H_acc: ['H0=52.4%', 'H1=61.4%', 'H2=68.5%', 'H3=74.6%', 'H4=78.2%', 'H5=81.2%']
  H_cos: ['0.852', '0.969', '0.973', '0.977', '0.980']
  z_H_delta: ['19.125', '9.938', '8.438', '7.250', '6.000']
  cells: fixed=[9432, 8587, 6717, 4944, 4067] broken=[3843, 4176, 2897, 2695, 2213]
  per_ACT_cell_acc: ['H1=52.4%', 'H2=61.4%', 'H3=68.5%', 'H4=74.6%', 'H5=78.2%', 'H6=81.2%', 'H7=83.6%', 'H8=85.3%', 'H9=86.9%', 'H10=87.4%', 'H11=88.0%', 'H12=88.5%', 'H13=89.1%', 'H14=89.8%', 'H15=90.4%', 'H16=90.6%']
  per_ACT_puzzle_acc: ['H1=1.7%', 'H2=2.6%', 'H3=9.0%', 'H4=23.6%', 'H5=37.2%', 'H6=47.3%', 'H7=53.4%', 'H8=59.5%', 'H9=63.5%', 'H10=66.7%', 'H11=68.0%', 'H12=70.4%', 'H13=71.6%', 'H14=73.3%', 'H15=74.2%', 'H16=75.3%']
  mean_sigmoid_q_halt: ['0.062', '0.025', '0.133', '0.299', '0.432', '0.523', '0.586', '0.641', '0.676', '0.703', '0.723', '0.746', '0.762', '0.773', '0.785', '0.797']
  halt_rates: ['0.02', '0.02', '0.12', '0.29', '0.42', '0.51', '0.58', '0.64', '0.67', '0.70', '0.72', '0.75', '0.76', '0.77', '0.79', '0.79']
  halt_histogram %: [70.5, 18.7, 5.0, 2.1, 1.2, 0.8, 0.5, 0.4, 0.3, 0.2, 0.1, 0.1, 0.1, 0.0, 0.0, 0.1]
  Avg ACT steps (last 100): 1.20
  saved: /home/jvdillon/research/research/projects/trm3/ckpts/x182h/step30000.pt acc=97.41% (0.032s)
Step 30000  Test 97.41% / 93.66%  Train lm=1.1172±0.0430ϵ[0.9844,1.1953] n_active=768.0001±0.0000ϵ[768.0000,768.0000] n_expunged=10.8905±3.7961ϵ[1.0000,25.0000] n_halted=152.2605±6.7294ϵ[129.0000,174.0000] pool_util=1.0000±0.0000ϵ[1.0000,1.0000]  (303.884s / 1163.400s)
  cell_acc=97.30%, puzzle_acc=93.42%
  eval_avg_halt_step: 2.25
  per_H_acc: ['H0=52.3%', 'H1=61.3%', 'H2=68.2%', 'H3=74.5%', 'H4=79.2%', 'H5=82.2%']
  H_cos: ['0.848', '0.973', '0.973', '0.977', '0.980']
  z_H_delta: ['19.250', '9.750', '8.375', '7.375', '6.062']
  cells: fixed=[9447, 8534, 6954, 5477, 4099] broken=[3847, 4222, 3024, 2566, 2261]
  per_ACT_cell_acc: ['H1=52.3%', 'H2=61.3%', 'H3=68.2%', 'H4=74.5%', 'H5=79.2%', 'H6=82.2%', 'H7=84.4%', 'H8=85.9%', 'H9=86.9%', 'H10=87.9%', 'H11=88.8%', 'H12=89.5%', 'H13=90.2%', 'H14=90.8%', 'H15=91.2%', 'H16=91.6%']
  per_ACT_puzzle_acc: ['H1=1.7%', 'H2=2.5%', 'H3=7.3%', 'H4=22.5%', 'H5=36.7%', 'H6=49.1%', 'H7=57.2%', 'H8=60.7%', 'H9=64.7%', 'H10=67.7%', 'H11=70.4%', 'H12=72.4%', 'H13=74.3%', 'H14=75.7%', 'H15=76.4%', 'H16=77.5%']
  mean_sigmoid_q_halt: ['0.062', '0.024', '0.114', '0.283', '0.410', '0.523', '0.605', '0.648', '0.688', '0.715', '0.742', '0.766', '0.777', '0.789', '0.797', '0.809']
  halt_rates: ['0.02', '0.02', '0.10', '0.27', '0.40', '0.52', '0.60', '0.64', '0.68', '0.71', '0.74', '0.76', '0.78', '0.79', '0.80', '0.81']
  halt_histogram %: [71.3, 18.5, 4.8, 1.9, 1.1, 0.7, 0.5, 0.4, 0.2, 0.2, 0.1, 0.1, 0.1, 0.0, 0.0, 0.1]
  Avg ACT steps (last 100): 1.33
  saved: /home/jvdillon/research/research/projects/trm3/ckpts/x182h/step32000.pt acc=97.30% (0.032s)
Step 32000  Test 97.30% / 93.42%  Train lm=1.1094±0.0398ϵ[0.9883,1.1797] n_active=768.0001±0.0000ϵ[768.0000,768.0000] n_expunged=11.0360±3.8981ϵ[0.0000,24.0000] n_halted=153.0865±6.4209ϵ[132.0000,173.0000] pool_util=1.0000±0.0000ϵ[1.0000,1.0000]  (303.812s / 1163.249s)
  cell_acc=97.30%, puzzle_acc=93.48%
  eval_avg_halt_step: 2.25
  per_H_acc: ['H0=52.4%', 'H1=61.2%', 'H2=67.9%', 'H3=73.8%', 'H4=77.7%', 'H5=80.9%']
  H_cos: ['0.848', '0.973', '0.969', '0.977', '0.980']
  z_H_delta: ['19.125', '9.812', '8.438', '7.250', '5.906']
  cells: fixed=[9388, 8327, 6696, 5067, 4340] broken=[3909, 4205, 3013, 2638, 2330]
  per_ACT_cell_acc: ['H1=52.4%', 'H2=61.2%', 'H3=67.9%', 'H4=73.8%', 'H5=77.7%', 'H6=80.9%', 'H7=83.0%', 'H8=84.7%', 'H9=86.0%', 'H10=87.5%', 'H11=88.3%', 'H12=88.8%', 'H13=89.5%', 'H14=90.0%', 'H15=90.4%', 'H16=90.8%']
  per_ACT_puzzle_acc: ['H1=1.8%', 'H2=2.6%', 'H3=7.4%', 'H4=22.8%', 'H5=35.4%', 'H6=44.8%', 'H7=51.7%', 'H8=57.8%', 'H9=61.7%', 'H10=65.4%', 'H11=68.9%', 'H12=70.4%', 'H13=72.0%', 'H14=74.0%', 'H15=75.5%', 'H16=77.1%']
  mean_sigmoid_q_halt: ['0.062', '0.025', '0.114', '0.297', '0.410', '0.504', '0.578', '0.633', '0.672', '0.711', '0.742', '0.754', '0.773', '0.785', '0.805', '0.820']
  halt_rates: ['0.02', '0.02', '0.10', '0.28', '0.40', '0.49', '0.57', '0.62', '0.67', '0.71', '0.74', '0.75', '0.77', '0.78', '0.80', '0.82']
  halt_histogram %: [72.0, 18.3, 4.6, 1.8, 1.1, 0.7, 0.5, 0.3, 0.2, 0.2, 0.1, 0.1, 0.1, 0.0, 0.0, 0.1]
  Avg ACT steps (last 100): 1.30
  saved: /home/jvdillon/research/research/projects/trm3/ckpts/x182h/step34000.pt acc=97.30% (0.033s)
Step 34000  Test 97.30% / 93.48%  Train lm=1.1094±0.0388ϵ[0.9883,1.1875] n_active=768.0001±0.0000ϵ[768.0000,768.0000] n_expunged=10.8725±3.6946ϵ[0.0000,24.0000] n_halted=153.6470±6.3071ϵ[132.0000,175.0000] pool_util=1.0000±0.0000ϵ[1.0000,1.0000]  (304.049s / 1163.461s)
  cell_acc=97.30%, puzzle_acc=93.43%
  eval_avg_halt_step: 2.25
  per_H_acc: ['H0=52.5%', 'H1=61.5%', 'H2=68.1%', 'H3=74.2%', 'H4=78.4%', 'H5=81.4%']
  H_cos: ['0.848', '0.973', '0.969', '0.977', '0.980']
  z_H_delta: ['19.250', '9.938', '8.500', '7.312', '6.000']
  cells: fixed=[9462, 8365, 6753, 5170, 4029] broken=[3840, 4239, 2971, 2560, 2142]
  per_ACT_cell_acc: ['H1=52.5%', 'H2=61.5%', 'H3=68.1%', 'H4=74.2%', 'H5=78.4%', 'H6=81.4%', 'H7=83.9%', 'H8=85.3%', 'H9=86.2%', 'H10=87.0%', 'H11=87.7%', 'H12=88.7%', 'H13=89.2%', 'H14=89.5%', 'H15=89.8%', 'H16=89.9%']
  per_ACT_puzzle_acc: ['H1=1.8%', 'H2=2.5%', 'H3=7.9%', 'H4=23.8%', 'H5=36.6%', 'H6=46.9%', 'H7=54.3%', 'H8=59.2%', 'H9=63.4%', 'H10=66.3%', 'H11=68.2%', 'H12=69.8%', 'H13=71.4%', 'H14=72.5%', 'H15=73.8%', 'H16=74.3%']
  mean_sigmoid_q_halt: ['0.062', '0.025', '0.127', '0.301', '0.426', '0.523', '0.594', '0.641', '0.684', '0.715', '0.730', '0.746', '0.758', '0.770', '0.785', '0.789']
  halt_rates: ['0.02', '0.02', '0.11', '0.29', '0.41', '0.52', '0.59', '0.64', '0.68', '0.71', '0.73', '0.74', '0.75', '0.77', '0.79', '0.79']
  halt_histogram %: [72.5, 18.1, 4.5, 1.8, 1.0, 0.6, 0.4, 0.3, 0.2, 0.2, 0.1, 0.1, 0.1, 0.0, 0.0, 0.1]
  Avg ACT steps (last 100): 1.19
  saved: /home/jvdillon/research/research/projects/trm3/ckpts/x182h/step36000.pt acc=97.30% (0.034s)
Step 36000  Test 97.30% / 93.43%  Train lm=1.1094±0.0388ϵ[0.9844,1.1875] n_active=768.0001±0.0000ϵ[768.0000,768.0000] n_expunged=11.1395±3.7541ϵ[1.0000,24.0000] n_halted=153.4095±6.3688ϵ[134.0000,176.0000] pool_util=1.0000±0.0000ϵ[1.0000,1.0000]  (304.299s / 1163.781s)
.71', '0.73', '0.74', '0.75', '0.77', '0.79', '0.79']
  halt_histogram %: [72.5, 18.1, 4.5, 1.8, 1.0, 0.6, 0.4, 0.3, 0.2, 0.2, 0.1, 0.1, 0.1, 0.0, 0.0, 0.1]
  Avg ACT steps (last 100): 1.19
  saved: /home/jvdillon/research/research/projects/trm3/ckpts/x182h/step36000.pt acc=97.30% (0.034s)
Step 36000  Test 97.30% / 93.43%  Train lm=1.1094±0.0388ϵ[0.9844,1.1875] n_active=768.0001±0.0000ϵ[768.0000,768.0000] n_expunged=11.1395±3.7541ϵ[1.0000,24.0000] n_halted=153.4095±6.3688ϵ[134.0000,176.0000] pool_util=1.0000±0.0000ϵ[1.0000,1.0000]  (304.299s / 1163.781s)
