Adam params: ('embed_tokens.weight', 'head.weight', 'head.bias', 'q_head.weight', 'q_head.bias')
Muon 2D params: ('reasoning.0.attn.up_proj.weight', 'reasoning.0.attn.down_proj.weight', 'reasoning.0.mlp.up_proj.weight', 'reasoning.0.mlp.down_proj.weight', 'reasoning.1.attn.up_proj.weight', 'reasoning.1.attn.down_proj.weight', 'reasoning.1.mlp.up_proj.weight', 'reasoning.1.mlp.down_proj.weight')
Muon 3D params (ensemble_dims=1): ()
Saved step 0 checkpoint with RNG: /home/jvdillon/research/research/projects/trm3/ckpts/x182c/step00000_rng.pt
  cell_acc=69.46%, puzzle_acc=24.14%
  eval_avg_halt_step: 11.69
  per_H_acc: ['H0=55.8%', 'H1=62.3%', 'H2=63.9%', 'H3=64.6%', 'H4=65.0%', 'H5=65.2%']
  H_cos: ['0.758', '0.957', '0.973', '0.977', '0.977']
  z_H_delta: ['17.250', '8.938', '6.719', '6.531', '6.219']
  cells: fixed=[8320, 4898, 2973, 2823, 2894] broken=[4270, 3954, 2545, 2554, 2740]
  per_ACT_cell_acc: ['H1=55.8%', 'H2=62.3%', 'H3=63.9%', 'H4=64.6%', 'H5=65.0%', 'H6=65.2%', 'H7=65.7%', 'H8=66.1%', 'H9=66.2%', 'H10=66.3%', 'H11=66.7%', 'H12=67.0%', 'H13=67.0%', 'H14=66.9%', 'H15=66.9%', 'H16=67.1%']
  per_ACT_puzzle_acc: ['H1=0.0%', 'H2=2.0%', 'H3=3.1%', 'H4=5.3%', 'H5=6.5%', 'H6=7.7%', 'H7=9.8%', 'H8=11.3%', 'H9=12.2%', 'H10=12.6%', 'H11=13.5%', 'H12=14.6%', 'H13=15.0%', 'H14=15.5%', 'H15=15.6%', 'H16=16.0%']
  mean_sigmoid_q_halt: ['0.010', '0.015', '0.073', '0.082', '0.087', '0.105', '0.121', '0.138', '0.151', '0.154', '0.162', '0.173', '0.188', '0.186', '0.191', '0.197']
  halt_rates: ['0.00', '0.02', '0.06', '0.07', '0.08', '0.10', '0.11', '0.13', '0.14', '0.15', '0.16', '0.17', '0.18', '0.18', '0.18', '0.19']
  halt_histogram %: [14.9, 13.3, 13.6, 20.2, 14.0, 9.0, 5.0, 3.7, 2.1, 0.9, 0.4, 0.2, 0.0, 0.1, 0.2, 2.4]
  Avg ACT steps (last 100): 4.45
  saved: /home/jvdillon/research/research/projects/trm3/ckpts/x182c/step02000.pt acc=69.46% (0.034s)
  saved: /home/jvdillon/research/research/projects/trm3/ckpts/x182c/best.pt acc=69.46% (0.067s)
Step  2000  Test 69.46% / 24.14%  Train lm=1.3516±0.2236ϵ[0.9219,3.2031] n_active=768.0001±0.0000ϵ[768.0000,768.0000] n_expunged=85.6710±51.4335ϵ[0.0000,192.0000] n_halted=44.6360±36.1330ϵ[0.0000,192.0000] pool_util=1.0000±0.0000ϵ[1.0000,1.0000]  (305.289s / 1220.285s)
  cell_acc=72.90%, puzzle_acc=32.47%
  eval_avg_halt_step: 11.39
  per_H_acc: ['H0=47.9%', 'H1=61.5%', 'H2=63.8%', 'H3=64.5%', 'H4=65.3%', 'H5=66.4%']
  H_cos: ['0.648', '0.961', '0.980', '0.980', '0.980']
  z_H_delta: ['19.250', '8.500', '5.688', '5.281', '5.062']
  cells: fixed=[11401, 5709, 2977, 2791, 3011] broken=[2970, 4269, 2531, 2292, 2331]
  per_ACT_cell_acc: ['H1=47.9%', 'H2=61.5%', 'H3=63.8%', 'H4=64.5%', 'H5=65.3%', 'H6=66.4%', 'H7=66.9%', 'H8=67.2%', 'H9=67.8%', 'H10=67.8%', 'H11=68.2%', 'H12=68.5%', 'H13=68.4%', 'H14=68.5%', 'H15=68.6%', 'H16=68.8%']
  per_ACT_puzzle_acc: ['H1=0.0%', 'H2=0.8%', 'H3=3.8%', 'H4=5.3%', 'H5=7.6%', 'H6=9.6%', 'H7=11.2%', 'H8=12.5%', 'H9=13.7%', 'H10=15.4%', 'H11=17.1%', 'H12=18.0%', 'H13=18.2%', 'H14=19.0%', 'H15=19.3%', 'H16=20.2%']
  mean_sigmoid_q_halt: ['0.005', '0.001', '0.044', '0.065', '0.085', '0.118', '0.138', '0.154', '0.170', '0.184', '0.204', '0.217', '0.219', '0.227', '0.229', '0.238']
  halt_rates: ['0.00', '0.00', '0.04', '0.06', '0.08', '0.12', '0.14', '0.15', '0.17', '0.18', '0.21', '0.21', '0.22', '0.23', '0.23', '0.24']
  halt_histogram %: [15.0, 13.9, 12.6, 16.2, 12.5, 9.4, 6.4, 4.8, 3.1, 1.8, 1.1, 0.7, 0.4, 0.3, 0.3, 1.5]
  Avg ACT steps (last 100): 4.27
  saved: /home/jvdillon/research/research/projects/trm3/ckpts/x182c/step04000.pt acc=72.90% (0.034s)
  saved: /home/jvdillon/research/research/projects/trm3/ckpts/x182c/best.pt acc=72.90% (0.081s)
Step  4000  Test 72.90% / 32.47%  Train lm=1.3828±0.0250ϵ[1.2734,1.6406] n_active=768.0001±0.0000ϵ[768.0000,768.0000] n_expunged=25.8945±20.8894ϵ[1.0000,128.0000] n_halted=40.4540±8.4677ϵ[13.0000,70.0000] pool_util=1.0000±0.0000ϵ[1.0000,1.0000]  (305.411s / 1217.590s)
  cell_acc=82.91%, puzzle_acc=57.35%
  eval_avg_halt_step: 8.00
  per_H_acc: ['H0=45.3%', 'H1=60.6%', 'H2=63.5%', 'H3=65.5%', 'H4=67.8%', 'H5=69.9%']
  H_cos: ['0.479', '0.969', '0.977', '0.980', '0.980']
  z_H_delta: ['21.250', '8.438', '6.094', '5.500', '5.125']
  cells: fixed=[12045, 6311, 3909, 4008, 3742] broken=[2527, 4509, 2677, 2540, 2481]
  per_ACT_cell_acc: ['H1=45.3%', 'H2=60.6%', 'H3=63.5%', 'H4=65.5%', 'H5=67.8%', 'H6=69.9%', 'H7=71.0%', 'H8=71.8%', 'H9=71.8%', 'H10=71.9%', 'H11=72.4%', 'H12=73.1%', 'H13=73.8%', 'H14=74.0%', 'H15=74.3%', 'H16=74.5%']
  per_ACT_puzzle_acc: ['H1=0.0%', 'H2=0.8%', 'H3=3.5%', 'H4=6.4%', 'H5=9.6%', 'H6=15.4%', 'H7=19.7%', 'H8=22.0%', 'H9=24.0%', 'H10=25.0%', 'H11=26.6%', 'H12=28.3%', 'H13=30.1%', 'H14=31.4%', 'H15=32.4%', 'H16=34.0%']
  mean_sigmoid_q_halt: ['0.077', '0.000', '0.039', '0.097', '0.148', '0.208', '0.260', '0.287', '0.307', '0.316', '0.336', '0.354', '0.373', '0.385', '0.396', '0.412']
  halt_rates: ['0.00', '0.00', '0.04', '0.10', '0.15', '0.21', '0.26', '0.29', '0.31', '0.32', '0.34', '0.36', '0.38', '0.39', '0.40', '0.42']
  halt_histogram %: [17.5, 16.2, 12.4, 13.7, 10.9, 8.5, 6.0, 4.6, 3.2, 2.0, 1.4, 0.9, 0.6, 0.4, 0.3, 1.4]
  Avg ACT steps (last 100): 3.42
  saved: /home/jvdillon/research/research/projects/trm3/ckpts/x182c/step06000.pt acc=82.91% (0.034s)
  saved: /home/jvdillon/research/research/projects/trm3/ckpts/x182c/best.pt acc=82.91% (0.125s)
Step  6000  Test 82.91% / 57.35%  Train lm=1.3906±0.0208ϵ[1.3047,1.4844] n_active=768.0001±0.0000ϵ[768.0000,768.0000] n_expunged=8.9070±6.6616ϵ[0.0000,101.0000] n_halted=45.0400±7.8214ϵ[19.0000,76.0000] pool_util=1.0000±0.0000ϵ[1.0000,1.0000]  (304.959s / 1218.032s)
  cell_acc=89.16%, puzzle_acc=72.78%
  eval_avg_halt_step: 6.38
  per_H_acc: ['H0=52.0%', 'H1=62.8%', 'H2=66.0%', 'H3=68.9%', 'H4=71.0%', 'H5=71.9%']
  H_cos: ['0.828', '0.980', '0.980', '0.980', '0.984']
  z_H_delta: ['17.125', '6.781', '5.594', '5.406', '4.812']
  cells: fixed=[9607, 5837, 4495, 4098, 3265] broken=[2920, 3794, 2708, 2798, 2732]
  per_ACT_cell_acc: ['H1=52.0%', 'H2=62.8%', 'H3=66.0%', 'H4=68.9%', 'H5=71.0%', 'H6=71.9%', 'H7=72.8%', 'H8=73.7%', 'H9=74.2%', 'H10=74.8%', 'H11=75.4%', 'H12=76.2%', 'H13=75.9%', 'H14=76.3%', 'H15=76.7%', 'H16=77.4%']
  per_ACT_puzzle_acc: ['H1=0.0%', 'H2=2.2%', 'H3=5.2%', 'H4=10.3%', 'H5=16.4%', 'H6=20.6%', 'H7=24.0%', 'H8=27.2%', 'H9=29.7%', 'H10=31.5%', 'H11=32.9%', 'H12=34.6%', 'H13=35.9%', 'H14=37.1%', 'H15=38.0%', 'H16=39.6%']
  mean_sigmoid_q_halt: ['0.103', '0.023', '0.063', '0.123', '0.190', '0.235', '0.271', '0.309', '0.330', '0.352', '0.365', '0.379', '0.391', '0.406', '0.416', '0.432']
  halt_rates: ['0.01', '0.02', '0.06', '0.12', '0.19', '0.23', '0.27', '0.31', '0.33', '0.35', '0.36', '0.38', '0.39', '0.41', '0.42', '0.43']
  halt_histogram %: [22.5, 18.9, 12.1, 11.7, 9.1, 7.1, 5.2, 3.9, 2.8, 1.8, 1.3, 0.9, 0.6, 0.4, 0.3, 1.2]
  Avg ACT steps (last 100): 2.81
  saved: /home/jvdillon/research/research/projects/trm3/ckpts/x182c/step08000.pt acc=89.16% (0.034s)
  saved: /home/jvdillon/research/research/projects/trm3/ckpts/x182c/best.pt acc=89.16% (0.082s)
Step  8000  Test 89.16% / 72.78%  Train lm=1.3750±0.0275ϵ[1.2500,1.5156] n_active=768.0001±0.0000ϵ[768.0000,768.0000] n_expunged=6.4005±3.9495ϵ[0.0000,44.0000] n_halted=58.8655±9.6133ϵ[32.0000,100.0000] pool_util=1.0000±0.0000ϵ[1.0000,1.0000]  (304.970s / 1218.147s)
  cell_acc=92.27%, puzzle_acc=80.75%
  eval_avg_halt_step: 4.93
  per_H_acc: ['H0=52.1%', 'H1=63.3%', 'H2=66.5%', 'H3=69.5%', 'H4=72.1%', 'H5=73.1%']
  H_cos: ['0.855', '0.980', '0.980', '0.984', '0.984']
  z_H_delta: ['17.875', '7.625', '6.375', '5.938', '5.312']
  cells: fixed=[10416, 5947, 4519, 4430, 3433] broken=[3447, 3963, 2652, 2834, 2832]
  per_ACT_cell_acc: ['H1=52.1%', 'H2=63.3%', 'H3=66.5%', 'H4=69.5%', 'H5=72.1%', 'H6=73.1%', 'H7=74.7%', 'H8=75.6%', 'H9=76.5%', 'H10=77.0%', 'H11=77.8%', 'H12=78.6%', 'H13=79.1%', 'H14=79.7%', 'H15=79.9%', 'H16=80.2%']
  per_ACT_puzzle_acc: ['H1=0.1%', 'H2=2.6%', 'H3=6.2%', 'H4=12.6%', 'H5=19.7%', 'H6=24.3%', 'H7=28.8%', 'H8=32.6%', 'H9=35.8%', 'H10=38.2%', 'H11=40.5%', 'H12=42.3%', 'H13=44.7%', 'H14=45.2%', 'H15=46.7%', 'H16=48.7%']
  mean_sigmoid_q_halt: ['0.137', '0.017', '0.084', '0.160', '0.233', '0.289', '0.334', '0.379', '0.406', '0.436', '0.459', '0.482', '0.504', '0.512', '0.527', '0.547']
  halt_rates: ['0.01', '0.02', '0.07', '0.16', '0.23', '0.29', '0.33', '0.38', '0.41', '0.44', '0.46', '0.48', '0.51', '0.51', '0.53', '0.55']
  halt_histogram %: [28.6, 21.1, 11.6, 9.9, 7.6, 5.8, 4.2, 3.2, 2.3, 1.5, 1.1, 0.8, 0.5, 0.4, 0.3, 1.0]
  Avg ACT steps (last 100): 2.11
  saved: /home/jvdillon/research/research/projects/trm3/ckpts/x182c/step10000.pt acc=92.27% (0.034s)
  saved: /home/jvdillon/research/research/projects/trm3/ckpts/x182c/best.pt acc=92.27% (0.082s)
Step 10000  Test 92.27% / 80.75%  Train lm=1.3438±0.0327ϵ[1.2109,1.5703] n_active=768.0001±0.0000ϵ[768.0000,768.0000] n_expunged=5.7240±3.0140ϵ[0.0000,25.0000] n_halted=74.8145±10.0700ϵ[43.0000,110.0000] pool_util=1.0000±0.0000ϵ[1.0000,1.0000]  (304.921s / 1217.515s)
  cell_acc=93.71%, puzzle_acc=84.30%
  eval_avg_halt_step: 4.23
  per_H_acc: ['H0=53.3%', 'H1=63.4%', 'H2=67.6%', 'H3=71.5%', 'H4=74.4%', 'H5=76.3%']
  H_cos: ['0.898', '0.980', '0.980', '0.984', '0.984']
  z_H_delta: ['16.625', '7.156', '6.375', '5.906', '5.312']
  cells: fixed=[9934, 6210, 5265, 4516, 3584] broken=[3602, 3641, 2797, 2739, 2415]
  per_ACT_cell_acc: ['H1=53.3%', 'H2=63.4%', 'H3=67.6%', 'H4=71.5%', 'H5=74.4%', 'H6=76.3%', 'H7=78.0%', 'H8=79.0%', 'H9=79.7%', 'H10=80.6%', 'H11=81.5%', 'H12=82.4%', 'H13=82.8%', 'H14=83.1%', 'H15=83.4%', 'H16=83.7%']
  per_ACT_puzzle_acc: ['H1=0.1%', 'H2=2.3%', 'H3=7.4%', 'H4=15.8%', 'H5=24.9%', 'H6=31.9%', 'H7=37.6%', 'H8=41.8%', 'H9=44.8%', 'H10=47.4%', 'H11=49.1%', 'H12=51.2%', 'H13=52.6%', 'H14=54.6%', 'H15=55.9%', 'H16=56.9%']
  mean_sigmoid_q_halt: ['0.115', '0.020', '0.090', '0.187', '0.287', '0.357', '0.412', '0.459', '0.492', '0.516', '0.531', '0.551', '0.570', '0.586', '0.602', '0.613']
  halt_rates: ['0.01', '0.02', '0.08', '0.18', '0.28', '0.35', '0.41', '0.46', '0.49', '0.51', '0.53', '0.55', '0.57', '0.59', '0.60', '0.61']
  halt_histogram %: [34.8, 22.3, 10.9, 8.5, 6.3, 4.7, 3.5, 2.6, 1.9, 1.3, 0.9, 0.6, 0.4, 0.3, 0.2, 0.9]
  Avg ACT steps (last 100): 1.84
  saved: /home/jvdillon/research/research/projects/trm3/ckpts/x182c/step12000.pt acc=93.71% (0.034s)
  saved: /home/jvdillon/research/research/projects/trm3/ckpts/x182c/best.pt acc=93.71% (0.082s)
Step 12000  Test 93.71% / 84.30%  Train lm=1.3125±0.0461ϵ[1.1484,1.4922] n_active=768.0001±0.0000ϵ[768.0000,768.0000] n_expunged=5.7590±2.5589ϵ[0.0000,16.0000] n_halted=90.2705±11.2137ϵ[63.0000,129.0000] pool_util=1.0000±0.0000ϵ[1.0000,1.0000]  (304.900s / 1216.726s)
  cell_acc=95.52%, puzzle_acc=88.89%
  eval_avg_halt_step: 3.86
  per_H_acc: ['H0=54.1%', 'H1=63.2%', 'H2=66.9%', 'H3=71.2%', 'H4=74.8%', 'H5=77.0%']
  H_cos: ['0.906', '0.984', '0.984', '0.984', '0.988']
  z_H_delta: ['17.125', '7.219', '6.281', '6.125', '5.469']
  cells: fixed=[9491, 5826, 5178, 4820, 3655] broken=[3831, 3519, 2532, 2569, 2301]
  per_ACT_cell_acc: ['H1=54.1%', 'H2=63.2%', 'H3=66.9%', 'H4=71.2%', 'H5=74.8%', 'H6=77.0%', 'H7=78.9%', 'H8=80.3%', 'H9=80.8%', 'H10=81.5%', 'H11=82.0%', 'H12=82.9%', 'H13=83.7%', 'H14=84.2%', 'H15=84.8%', 'H16=85.6%']
  per_ACT_puzzle_acc: ['H1=0.0%', 'H2=2.6%', 'H3=7.8%', 'H4=15.8%', 'H5=26.0%', 'H6=32.0%', 'H7=38.9%', 'H8=43.9%', 'H9=47.7%', 'H10=49.9%', 'H11=52.7%', 'H12=54.2%', 'H13=55.9%', 'H14=57.7%', 'H15=60.2%', 'H16=62.0%']
  mean_sigmoid_q_halt: ['0.113', '0.022', '0.094', '0.171', '0.273', '0.344', '0.404', '0.459', '0.500', '0.520', '0.551', '0.562', '0.578', '0.602', '0.625', '0.641']
  halt_rates: ['0.00', '0.02', '0.08', '0.17', '0.27', '0.33', '0.40', '0.46', '0.50', '0.51', '0.55', '0.56', '0.57', '0.60', '0.62', '0.64']
  halt_histogram %: [40.1, 22.7, 10.1, 7.3, 5.3, 4.0, 2.9, 2.2, 1.5, 1.1, 0.8, 0.5, 0.4, 0.3, 0.2, 0.7]
  Avg ACT steps (last 100): 2.09
  saved: /home/jvdillon/research/research/projects/trm3/ckpts/x182c/step14000.pt acc=95.52% (0.034s)
  saved: /home/jvdillon/research/research/projects/trm3/ckpts/x182c/best.pt acc=95.52% (0.082s)
Step 14000  Test 95.52% / 88.89%  Train lm=1.2891±0.0449ϵ[1.1328,1.3906] n_active=768.0001±0.0000ϵ[768.0000,768.0000] n_expunged=6.1480±2.5771ϵ[0.0000,17.0000] n_halted=101.4610±10.2292ϵ[71.0000,134.0000] pool_util=1.0000±0.0000ϵ[1.0000,1.0000]  (304.942s / 1216.741s)
  cell_acc=96.59%, puzzle_acc=91.62%
  eval_avg_halt_step: 3.40
  per_H_acc: ['H0=53.2%', 'H1=62.9%', 'H2=66.9%', 'H3=71.5%', 'H4=74.3%', 'H5=76.5%']
  H_cos: ['0.898', '0.984', '0.980', '0.984', '0.988']
  z_H_delta: ['18.000', '7.594', '6.875', '6.219', '5.531']
  cells: fixed=[9505, 6123, 5764, 4859, 4003] broken=[3505, 3597, 2912, 3107, 2632]
  per_ACT_cell_acc: ['H1=53.2%', 'H2=62.9%', 'H3=66.9%', 'H4=71.5%', 'H5=74.3%', 'H6=76.5%', 'H7=77.9%', 'H8=79.4%', 'H9=81.1%', 'H10=82.3%', 'H11=83.1%', 'H12=84.3%', 'H13=85.2%', 'H14=85.7%', 'H15=86.4%', 'H16=87.0%']
  per_ACT_puzzle_acc: ['H1=0.3%', 'H2=3.0%', 'H3=8.2%', 'H4=18.1%', 'H5=26.2%', 'H6=33.2%', 'H7=39.3%', 'H8=44.0%', 'H9=47.9%', 'H10=51.8%', 'H11=54.8%', 'H12=57.7%', 'H13=60.2%', 'H14=62.0%', 'H15=63.5%', 'H16=65.4%']
  mean_sigmoid_q_halt: ['0.094', '0.026', '0.091', '0.199', '0.287', '0.354', '0.418', '0.461', '0.498', '0.539', '0.566', '0.598', '0.621', '0.641', '0.656', '0.676']
  halt_rates: ['0.00', '0.03', '0.08', '0.19', '0.28', '0.35', '0.41', '0.46', '0.50', '0.54', '0.56', '0.60', '0.62', '0.64', '0.65', '0.67']
  halt_histogram %: [44.5, 22.8, 9.4, 6.4, 4.6, 3.4, 2.4, 1.8, 1.3, 0.9, 0.6, 0.4, 0.3, 0.2, 0.2, 0.6]
  Avg ACT steps (last 100): 1.69
  saved: /home/jvdillon/research/research/projects/trm3/ckpts/x182c/step16000.pt acc=96.59% (0.034s)
  saved: /home/jvdillon/research/research/projects/trm3/ckpts/x182c/best.pt acc=96.59% (0.128s)
Step 16000  Test 96.59% / 91.62%  Train lm=1.2656±0.0413ϵ[1.0938,1.3984] n_active=768.0001±0.0000ϵ[768.0000,768.0000] n_expunged=6.5345±2.6083ϵ[0.0000,17.0000] n_halted=110.0545±9.8827ϵ[83.0000,146.0000] pool_util=1.0000±0.0000ϵ[1.0000,1.0000]  (304.902s / 1217.324s)
  cell_acc=96.89%, puzzle_acc=92.38%
  eval_avg_halt_step: 3.14
  per_H_acc: ['H0=55.1%', 'H1=64.5%', 'H2=69.2%', 'H3=74.1%', 'H4=76.9%', 'H5=78.5%']
  H_cos: ['0.922', '0.984', '0.980', '0.984', '0.988']
  z_H_delta: ['16.875', '7.219', '6.906', '6.344', '5.219']
  cells: fixed=[9657, 6316, 5951, 4513, 3475] broken=[3842, 3355, 2946, 2728, 2530]
  per_ACT_cell_acc: ['H1=55.1%', 'H2=64.5%', 'H3=69.2%', 'H4=74.1%', 'H5=76.9%', 'H6=78.5%', 'H7=80.5%', 'H8=81.5%', 'H9=82.8%', 'H10=84.0%', 'H11=84.7%', 'H12=85.2%', 'H13=86.1%', 'H14=86.7%', 'H15=87.1%', 'H16=87.5%']
  per_ACT_puzzle_acc: ['H1=0.1%', 'H2=3.1%', 'H3=9.2%', 'H4=21.1%', 'H5=32.8%', 'H6=39.7%', 'H7=45.6%', 'H8=48.6%', 'H9=53.3%', 'H10=55.9%', 'H11=58.5%', 'H12=60.2%', 'H13=62.0%', 'H14=64.1%', 'H15=66.0%', 'H16=67.7%']
  mean_sigmoid_q_halt: ['0.120', '0.028', '0.108', '0.229', '0.348', '0.416', '0.467', '0.504', '0.551', '0.578', '0.605', '0.621', '0.637', '0.664', '0.684', '0.699']
  halt_rates: ['0.00', '0.03', '0.10', '0.22', '0.34', '0.41', '0.46', '0.50', '0.55', '0.58', '0.60', '0.62', '0.64', '0.66', '0.68', '0.70']
  halt_histogram %: [48.3, 22.7, 8.8, 5.7, 4.0, 2.9, 2.1, 1.6, 1.1, 0.8, 0.5, 0.4, 0.3, 0.2, 0.1, 0.5]
  Avg ACT steps (last 100): 1.46
  saved: /home/jvdillon/research/research/projects/trm3/ckpts/x182c/step18000.pt acc=96.89% (0.035s)
  saved: /home/jvdillon/research/research/projects/trm3/ckpts/x182c/best.pt acc=96.89% (0.128s)
Step 18000  Test 96.89% / 92.38%  Train lm=1.2344±0.0427ϵ[1.0781,1.4297] n_active=768.0001±0.0000ϵ[768.0000,768.0000] n_expunged=7.1840±2.7742ϵ[0.0000,17.0000] n_halted=118.7525±9.3065ϵ[87.0000,152.0000] pool_util=1.0000±0.0000ϵ[1.0000,1.0000]  (304.865s / 1217.432s)
  cell_acc=97.46%, puzzle_acc=93.69%
  eval_avg_halt_step: 2.90
  per_H_acc: ['H0=56.4%', 'H1=64.5%', 'H2=69.3%', 'H3=73.8%', 'H4=77.5%', 'H5=80.4%']
  H_cos: ['0.938', '0.980', '0.984', '0.980', '0.984']
  z_H_delta: ['16.000', '7.344', '6.844', '6.406', '5.531']
  cells: fixed=[9224, 5868, 5994, 5024, 4094] broken=[4175, 2908, 3155, 2724, 2318]
  per_ACT_cell_acc: ['H1=56.4%', 'H2=64.5%', 'H3=69.3%', 'H4=73.8%', 'H5=77.5%', 'H6=80.4%', 'H7=82.3%', 'H8=83.5%', 'H9=84.3%', 'H10=85.2%', 'H11=86.0%', 'H12=86.7%', 'H13=87.1%', 'H14=87.5%', 'H15=87.9%', 'H16=88.2%']
  per_ACT_puzzle_acc: ['H1=0.0%', 'H2=3.1%', 'H3=11.7%', 'H4=22.1%', 'H5=33.3%', 'H6=43.8%', 'H7=49.5%', 'H8=54.7%', 'H9=57.4%', 'H10=60.7%', 'H11=61.8%', 'H12=63.7%', 'H13=65.5%', 'H14=66.9%', 'H15=68.1%', 'H16=69.1%']
  mean_sigmoid_q_halt: ['0.065', '0.031', '0.137', '0.237', '0.359', '0.453', '0.520', '0.562', '0.598', '0.629', '0.641', '0.652', '0.676', '0.691', '0.703', '0.715']
  halt_rates: ['0.00', '0.03', '0.14', '0.23', '0.35', '0.45', '0.52', '0.56', '0.59', '0.63', '0.64', '0.65', '0.67', '0.69', '0.70', '0.71']
  halt_histogram %: [51.7, 22.3, 8.2, 5.1, 3.5, 2.5, 1.8, 1.4, 1.0, 0.7, 0.5, 0.3, 0.2, 0.2, 0.1, 0.4]
  Avg ACT steps (last 100): 1.37
  saved: /home/jvdillon/research/research/projects/trm3/ckpts/x182c/step20000.pt acc=97.46% (0.034s)
  saved: /home/jvdillon/research/research/projects/trm3/ckpts/x182c/best.pt acc=97.46% (0.082s)
Step 20000  Test 97.46% / 93.69%  Train lm=1.2188±0.0432ϵ[1.0703,1.4375] n_active=768.0001±0.0000ϵ[768.0000,768.0000] n_expunged=7.8180±3.0691ϵ[0.0000,19.0000] n_halted=125.8475±9.0380ϵ[103.0000,156.0000] pool_util=1.0000±0.0000ϵ[1.0000,1.0000]  (304.810s / 1218.275s)
  cell_acc=97.87%, puzzle_acc=94.67%
  eval_avg_halt_step: 2.69
  per_H_acc: ['H0=56.5%', 'H1=64.8%', 'H2=70.0%', 'H3=74.9%', 'H4=78.4%', 'H5=80.9%']
  H_cos: ['0.941', '0.980', '0.984', '0.984', '0.988']
  z_H_delta: ['16.000', '7.562', '6.906', '6.125', '5.219']
  cells: fixed=[9451, 6155, 6163, 5007, 3969] broken=[4291, 2918, 3161, 2822, 2374]
  per_ACT_cell_acc: ['H1=56.5%', 'H2=64.8%', 'H3=70.0%', 'H4=74.9%', 'H5=78.4%', 'H6=80.9%', 'H7=82.3%', 'H8=84.0%', 'H9=85.0%', 'H10=85.9%', 'H11=87.2%', 'H12=87.9%', 'H13=88.4%', 'H14=89.0%', 'H15=89.5%', 'H16=89.8%']
  per_ACT_puzzle_acc: ['H1=0.5%', 'H2=3.6%', 'H3=14.2%', 'H4=24.7%', 'H5=34.5%', 'H6=43.5%', 'H7=49.3%', 'H8=53.9%', 'H9=58.7%', 'H10=61.1%', 'H11=63.8%', 'H12=66.1%', 'H13=68.6%', 'H14=70.6%', 'H15=71.9%', 'H16=73.0%']
  mean_sigmoid_q_halt: ['0.065', '0.031', '0.160', '0.264', '0.361', '0.451', '0.512', '0.555', '0.602', '0.629', '0.656', '0.680', '0.703', '0.719', '0.734', '0.746']
  halt_rates: ['0.00', '0.03', '0.15', '0.26', '0.35', '0.45', '0.51', '0.55', '0.60', '0.63', '0.65', '0.68', '0.70', '0.72', '0.74', '0.74']
  halt_histogram %: [54.6, 22.0, 7.7, 4.6, 3.1, 2.2, 1.6, 1.2, 0.8, 0.6, 0.4, 0.3, 0.2, 0.1, 0.1, 0.4]
  Avg ACT steps (last 100): 1.27
  saved: /home/jvdillon/research/research/projects/trm3/ckpts/x182c/step22000.pt acc=97.87% (0.035s)
  saved: /home/jvdillon/research/research/projects/trm3/ckpts/x182c/best.pt acc=97.87% (0.083s)
Step 22000  Test 97.87% / 94.67%  Train lm=1.1953±0.0393ϵ[1.0625,1.6250] n_active=768.0001±0.0000ϵ[768.0000,768.0000] n_expunged=8.4895±3.1793ϵ[1.0000,18.0000] n_halted=132.6580±8.5721ϵ[110.0000,159.0000] pool_util=1.0000±0.0000ϵ[1.0000,1.0000]  (304.946s / 1219.124s)
  cell_acc=98.15%, puzzle_acc=95.46%
  eval_avg_halt_step: 2.55
  per_H_acc: ['H0=56.5%', 'H1=63.9%', 'H2=68.8%', 'H3=74.7%', 'H4=78.5%', 'H5=81.2%']
  H_cos: ['0.930', '0.980', '0.980', '0.984', '0.984']
  z_H_delta: ['16.500', '7.906', '7.375', '6.531', '5.438']
  cells: fixed=[8632, 5919, 6836, 5260, 3901] broken=[4026, 2873, 3148, 2912, 2211]
  per_ACT_cell_acc: ['H1=56.5%', 'H2=63.9%', 'H3=68.8%', 'H4=74.7%', 'H5=78.5%', 'H6=81.2%', 'H7=83.0%', 'H8=84.0%', 'H9=85.0%', 'H10=85.9%', 'H11=86.6%', 'H12=87.2%', 'H13=87.6%', 'H14=88.1%', 'H15=88.9%', 'H16=89.4%']
  per_ACT_puzzle_acc: ['H1=0.7%', 'H2=4.0%', 'H3=12.1%', 'H4=23.3%', 'H5=36.2%', 'H6=46.5%', 'H7=52.7%', 'H8=56.8%', 'H9=59.1%', 'H10=62.2%', 'H11=64.3%', 'H12=66.3%', 'H13=67.8%', 'H14=69.1%', 'H15=69.8%', 'H16=71.4%']
  mean_sigmoid_q_halt: ['0.072', '0.040', '0.156', '0.262', '0.395', '0.494', '0.559', '0.598', '0.621', '0.648', '0.668', '0.691', '0.703', '0.719', '0.727', '0.742']
  halt_rates: ['0.00', '0.03', '0.14', '0.25', '0.39', '0.49', '0.55', '0.60', '0.62', '0.65', '0.67', '0.69', '0.71', '0.72', '0.73', '0.74']
  halt_histogram %: [57.1, 21.6, 7.2, 4.2, 2.8, 2.0, 1.4, 1.1, 0.7, 0.5, 0.4, 0.3, 0.2, 0.1, 0.1, 0.3]
  Avg ACT steps (last 100): 1.43
  saved: /home/jvdillon/research/research/projects/trm3/ckpts/x182c/step24000.pt acc=98.15% (0.035s)
  saved: /home/jvdillon/research/research/projects/trm3/ckpts/x182c/best.pt acc=98.15% (0.083s)
Step 24000  Test 98.15% / 95.46%  Train lm=1.1719±0.0359ϵ[1.0391,1.2656] n_active=768.0001±0.0000ϵ[768.0000,768.0000] n_expunged=8.8685±3.2363ϵ[0.0000,21.0000] n_halted=137.6990±7.7997ϵ[116.0000,164.0000] pool_util=1.0000±0.0000ϵ[1.0000,1.0000]  (304.930s / 1218.732s)
  cell_acc=98.30%, puzzle_acc=95.86%
  eval_avg_halt_step: 2.45
  per_H_acc: ['H0=56.7%', 'H1=64.1%', 'H2=68.7%', 'H3=74.6%', 'H4=78.9%', 'H5=81.7%']
  H_cos: ['0.930', '0.980', '0.980', '0.980', '0.984']
  z_H_delta: ['16.625', '7.781', '7.250', '6.531', '5.531']
  cells: fixed=[8736, 5642, 6791, 5376, 4068] broken=[4101, 2812, 3092, 2755, 2299]
  per_ACT_cell_acc: ['H1=56.7%', 'H2=64.1%', 'H3=68.7%', 'H4=74.6%', 'H5=78.9%', 'H6=81.7%', 'H7=83.6%', 'H8=85.3%', 'H9=86.7%', 'H10=87.3%', 'H11=88.2%', 'H12=88.7%', 'H13=89.3%', 'H14=89.9%', 'H15=90.4%', 'H16=91.0%']
  per_ACT_puzzle_acc: ['H1=0.3%', 'H2=4.7%', 'H3=13.7%', 'H4=24.0%', 'H5=36.7%', 'H6=46.5%', 'H7=53.6%', 'H8=58.2%', 'H9=62.5%', 'H10=66.1%', 'H11=68.4%', 'H12=70.2%', 'H13=71.7%', 'H14=72.8%', 'H15=73.8%', 'H16=75.8%']
  mean_sigmoid_q_halt: ['0.069', '0.041', '0.180', '0.256', '0.393', '0.486', '0.559', '0.602', '0.641', '0.680', '0.699', '0.719', '0.738', '0.750', '0.758', '0.777']
  halt_rates: ['0.00', '0.04', '0.16', '0.25', '0.39', '0.48', '0.55', '0.60', '0.64', '0.68', '0.70', '0.72', '0.74', '0.75', '0.76', '0.78']
  halt_histogram %: [59.3, 21.2, 6.8, 3.8, 2.5, 1.8, 1.3, 0.9, 0.7, 0.5, 0.3, 0.2, 0.2, 0.1, 0.1, 0.3]
  Avg ACT steps (last 100): 1.16
  saved: /home/jvdillon/research/research/projects/trm3/ckpts/x182c/step26000.pt acc=98.30% (0.033s)
  saved: /home/jvdillon/research/research/projects/trm3/ckpts/x182c/best.pt acc=98.30% (0.081s)
Step 26000  Test 98.30% / 95.86%  Train lm=1.1562±0.0430ϵ[1.0078,1.2422] n_active=768.0001±0.0000ϵ[768.0000,768.0000] n_expunged=9.3745±3.4391ϵ[1.0000,22.0000] n_halted=141.6775±7.8014ϵ[120.0000,167.0000] pool_util=1.0000±0.0000ϵ[1.0000,1.0000]  (304.795s / 1219.184s)
  cell_acc=98.32%, puzzle_acc=95.91%
  eval_avg_halt_step: 2.40
  per_H_acc: ['H0=56.7%', 'H1=63.9%', 'H2=68.8%', 'H3=74.3%', 'H4=79.0%', 'H5=82.3%']
  H_cos: ['0.926', '0.980', '0.980', '0.980', '0.984']
  z_H_delta: ['16.875', '8.000', '7.531', '6.688', '5.656']
  cells: fixed=[8471, 5715, 6670, 5681, 4307] broken=[4020, 2675, 3210, 2768, 2282]
  per_ACT_cell_acc: ['H1=56.7%', 'H2=63.9%', 'H3=68.8%', 'H4=74.3%', 'H5=79.0%', 'H6=82.3%', 'H7=84.3%', 'H8=85.9%', 'H9=87.5%', 'H10=88.5%', 'H11=89.2%', 'H12=89.7%', 'H13=90.1%', 'H14=90.6%', 'H15=91.2%', 'H16=91.6%']
  per_ACT_puzzle_acc: ['H1=0.8%', 'H2=3.9%', 'H3=12.2%', 'H4=23.8%', 'H5=35.8%', 'H6=47.1%', 'H7=55.1%', 'H8=61.5%', 'H9=64.7%', 'H10=68.0%', 'H11=70.1%', 'H12=72.5%', 'H13=74.2%', 'H14=75.1%', 'H15=76.4%', 'H16=77.9%']
  mean_sigmoid_q_halt: ['0.063', '0.044', '0.170', '0.260', '0.389', '0.486', '0.566', '0.629', '0.656', '0.688', '0.715', '0.738', '0.754', '0.762', '0.773', '0.793']
  halt_rates: ['0.00', '0.04', '0.14', '0.25', '0.38', '0.48', '0.56', '0.63', '0.65', '0.68', '0.71', '0.74', '0.75', '0.76', '0.77', '0.79']
  halt_histogram %: [61.1, 20.9, 6.5, 3.5, 2.3, 1.6, 1.1, 0.8, 0.6, 0.4, 0.3, 0.2, 0.1, 0.1, 0.1, 0.3]
  Avg ACT steps (last 100): 1.21
  saved: /home/jvdillon/research/research/projects/trm3/ckpts/x182c/step28000.pt acc=98.32% (0.033s)
  saved: /home/jvdillon/research/research/projects/trm3/ckpts/x182c/best.pt acc=98.32% (0.126s)
Step 28000  Test 98.32% / 95.91%  Train lm=1.1406±0.0474ϵ[1.0000,1.2344] n_active=768.0001±0.0000ϵ[768.0000,768.0000] n_expunged=9.6545±3.6206ϵ[0.0000,24.0000] n_halted=144.6185±7.8818ϵ[122.0000,173.0000] pool_util=1.0000±0.0000ϵ[1.0000,1.0000]  (304.818s / 1218.601s)
  cell_acc=98.52%, puzzle_acc=96.40%
  eval_avg_halt_step: 2.34
  per_H_acc: ['H0=56.9%', 'H1=64.0%', 'H2=68.6%', 'H3=74.6%', 'H4=79.2%', 'H5=82.0%']
  H_cos: ['0.926', '0.980', '0.980', '0.980', '0.984']
  z_H_delta: ['16.750', '7.969', '7.531', '6.750', '5.500']
  cells: fixed=[8442, 5571, 6753, 5613, 4081] broken=[4034, 2706, 3040, 2755, 2347]
  per_ACT_cell_acc: ['H1=56.9%', 'H2=64.0%', 'H3=68.6%', 'H4=74.6%', 'H5=79.2%', 'H6=82.0%', 'H7=84.2%', 'H8=85.6%', 'H9=87.0%', 'H10=87.5%', 'H11=88.4%', 'H12=89.1%', 'H13=89.7%', 'H14=90.6%', 'H15=91.1%', 'H16=91.5%']
  per_ACT_puzzle_acc: ['H1=0.7%', 'H2=4.0%', 'H3=12.8%', 'H4=23.6%', 'H5=36.8%', 'H6=46.6%', 'H7=54.6%', 'H8=59.2%', 'H9=63.5%', 'H10=65.9%', 'H11=68.5%', 'H12=70.8%', 'H13=72.0%', 'H14=73.4%', 'H15=75.9%', 'H16=77.2%']
  mean_sigmoid_q_halt: ['0.063', '0.048', '0.187', '0.268', '0.398', '0.490', '0.570', '0.617', '0.652', '0.676', '0.703', '0.723', '0.734', '0.750', '0.777', '0.785']
  halt_rates: ['0.00', '0.04', '0.17', '0.26', '0.39', '0.48', '0.56', '0.61', '0.65', '0.67', '0.70', '0.72', '0.73', '0.75', '0.78', '0.78']
  halt_histogram %: [62.7, 20.6, 6.1, 3.2, 2.1, 1.5, 1.0, 0.8, 0.5, 0.4, 0.3, 0.2, 0.1, 0.1, 0.1, 0.3]
  Avg ACT steps (last 100): 1.38
  saved: /home/jvdillon/research/research/projects/trm3/ckpts/x182c/step30000.pt acc=98.52% (0.033s)
  saved: /home/jvdillon/research/research/projects/trm3/ckpts/x182c/best.pt acc=98.52% (0.080s)
Step 30000  Test 98.52% / 96.40%  Train lm=1.1328±0.0464ϵ[0.9922,1.2109] n_active=768.0001±0.0000ϵ[768.0000,768.0000] n_expunged=9.7165±3.6353ϵ[1.0000,24.0000] n_halted=146.5950±7.8556ϵ[125.0000,176.0000] pool_util=1.0000±0.0000ϵ[1.0000,1.0000]  (304.739s / 1218.637s)
  cell_acc=98.55%, puzzle_acc=96.46%
  eval_avg_halt_step: 2.35
  per_H_acc: ['H0=56.7%', 'H1=64.0%', 'H2=68.1%', 'H3=74.0%', 'H4=78.8%', 'H5=81.6%']
  H_cos: ['0.926', '0.977', '0.977', '0.980', '0.984']
  z_H_delta: ['16.750', '8.125', '7.750', '6.656', '5.688']
  cells: fixed=[8530, 5334, 6689, 5753, 4056] broken=[4024, 2742, 3040, 2748, 2341]
  per_ACT_cell_acc: ['H1=56.7%', 'H2=64.0%', 'H3=68.1%', 'H4=74.0%', 'H5=78.8%', 'H6=81.6%', 'H7=83.4%', 'H8=84.9%', 'H9=86.3%', 'H10=87.8%', 'H11=88.4%', 'H12=89.1%', 'H13=89.5%', 'H14=90.0%', 'H15=90.5%', 'H16=91.0%']
  per_ACT_puzzle_acc: ['H1=0.4%', 'H2=4.0%', 'H3=13.8%', 'H4=24.0%', 'H5=36.5%', 'H6=47.3%', 'H7=54.3%', 'H8=58.1%', 'H9=63.0%', 'H10=66.0%', 'H11=69.1%', 'H12=71.0%', 'H13=72.3%', 'H14=74.1%', 'H15=75.1%', 'H16=76.4%']
  mean_sigmoid_q_halt: ['0.063', '0.044', '0.188', '0.270', '0.396', '0.498', '0.559', '0.602', '0.645', '0.680', '0.711', '0.730', '0.746', '0.762', '0.770', '0.781']
  halt_rates: ['0.00', '0.03', '0.16', '0.26', '0.39', '0.49', '0.55', '0.60', '0.65', '0.68', '0.71', '0.73', '0.74', '0.76', '0.77', '0.78']
  halt_histogram %: [64.1, 20.3, 5.9, 3.0, 1.9, 1.4, 1.0, 0.7, 0.5, 0.3, 0.2, 0.2, 0.1, 0.1, 0.1, 0.2]
  Avg ACT steps (last 100): 1.25
  saved: /home/jvdillon/research/research/projects/trm3/ckpts/x182c/step32000.pt acc=98.55% (0.078s)
  saved: /home/jvdillon/research/research/projects/trm3/ckpts/x182c/best.pt acc=98.55% (0.125s)
Step 32000  Test 98.55% / 96.46%  Train lm=1.1328±0.0437ϵ[0.9961,1.2031] n_active=768.0001±0.0000ϵ[768.0000,768.0000] n_expunged=9.9610±3.7193ϵ[1.0000,23.0000] n_halted=147.2225±7.6143ϵ[125.0000,173.0000] pool_util=1.0000±0.0000ϵ[1.0000,1.0000]  (304.777s / 1218.460s)
  cell_acc=98.58%, puzzle_acc=96.55%
  eval_avg_halt_step: 2.33
  per_H_acc: ['H0=56.7%', 'H1=64.1%', 'H2=68.5%', 'H3=74.0%', 'H4=78.0%', 'H5=81.0%']
  H_cos: ['0.926', '0.977', '0.980', '0.980', '0.984']
  z_H_delta: ['16.875', '8.250', '7.500', '6.688', '5.625']
  cells: fixed=[8588, 5487, 6471, 5450, 4204] broken=[3974, 2781, 3037, 2958, 2363]
  per_ACT_cell_acc: ['H1=56.7%', 'H2=64.1%', 'H3=68.5%', 'H4=74.0%', 'H5=78.0%', 'H6=81.0%', 'H7=83.6%', 'H8=85.2%', 'H9=86.5%', 'H10=87.4%', 'H11=88.4%', 'H12=88.9%', 'H13=89.6%', 'H14=90.5%', 'H15=91.0%', 'H16=91.3%']
  per_ACT_puzzle_acc: ['H1=0.5%', 'H2=4.7%', 'H3=14.5%', 'H4=24.1%', 'H5=34.5%', 'H6=44.9%', 'H7=53.0%', 'H8=58.1%', 'H9=62.9%', 'H10=65.9%', 'H11=69.0%', 'H12=71.0%', 'H13=73.0%', 'H14=74.3%', 'H15=75.9%', 'H16=77.2%']
  mean_sigmoid_q_halt: ['0.062', '0.048', '0.198', '0.256', '0.379', '0.471', '0.551', '0.602', '0.648', '0.680', '0.711', '0.727', '0.754', '0.762', '0.773', '0.789']
  halt_rates: ['0.00', '0.04', '0.17', '0.25', '0.37', '0.46', '0.54', '0.60', '0.65', '0.67', '0.71', '0.73', '0.75', '0.76', '0.77', '0.79']
  halt_histogram %: [65.2, 20.1, 5.6, 2.8, 1.8, 1.3, 0.9, 0.7, 0.5, 0.3, 0.2, 0.2, 0.1, 0.1, 0.1, 0.2]
  Avg ACT steps (last 100): 1.33
  saved: /home/jvdillon/research/research/projects/trm3/ckpts/x182c/step34000.pt acc=98.58% (0.033s)
  saved: /home/jvdillon/research/research/projects/trm3/ckpts/x182c/best.pt acc=98.58% (0.126s)
Step 34000  Test 98.58% / 96.55%  Train lm=1.1328±0.0439ϵ[1.0000,1.2031] n_active=768.0001±0.0000ϵ[768.0000,768.0000] n_expunged=9.9040±3.7174ϵ[0.0000,23.0000] n_halted=147.4005±7.5618ϵ[120.0000,172.0000] pool_util=1.0000±0.0000ϵ[1.0000,1.0000]  (304.792s / 1218.641s)
  cell_acc=98.55%, puzzle_acc=96.46%
  eval_avg_halt_step: 2.35
  per_H_acc: ['H0=56.8%', 'H1=64.1%', 'H2=68.6%', 'H3=74.0%', 'H4=78.4%', 'H5=81.0%']
  H_cos: ['0.926', '0.977', '0.980', '0.980', '0.984']
  z_H_delta: ['16.875', '8.188', '7.531', '6.719', '5.594']
  cells: fixed=[8544, 5525, 6442, 5592, 3960] broken=[4035, 2718, 3091, 2826, 2330]
  per_ACT_cell_acc: ['H1=56.8%', 'H2=64.1%', 'H3=68.6%', 'H4=74.0%', 'H5=78.4%', 'H6=81.0%', 'H7=83.1%', 'H8=84.5%', 'H9=85.9%', 'H10=87.2%', 'H11=88.2%', 'H12=88.7%', 'H13=89.1%', 'H14=89.6%', 'H15=90.4%', 'H16=91.2%']
  per_ACT_puzzle_acc: ['H1=0.5%', 'H2=4.6%', 'H3=14.3%', 'H4=23.6%', 'H5=36.3%', 'H6=45.3%', 'H7=53.3%', 'H8=57.3%', 'H9=61.1%', 'H10=64.5%', 'H11=67.4%', 'H12=69.5%', 'H13=71.1%', 'H14=72.5%', 'H15=74.5%', 'H16=76.2%']
  mean_sigmoid_q_halt: ['0.062', '0.046', '0.202', '0.260', '0.393', '0.477', '0.551', '0.598', '0.629', '0.660', '0.691', '0.715', '0.727', '0.742', '0.766', '0.781']
  halt_rates: ['0.00', '0.04', '0.18', '0.25', '0.38', '0.47', '0.55', '0.59', '0.63', '0.66', '0.69', '0.71', '0.73', '0.74', '0.76', '0.78']
  halt_histogram %: [66.2, 19.9, 5.5, 2.7, 1.7, 1.2, 0.8, 0.6, 0.4, 0.3, 0.2, 0.2, 0.1, 0.1, 0.1, 0.2]
  Avg ACT steps (last 100): 1.30
  saved: /home/jvdillon/research/research/projects/trm3/ckpts/x182c/step36000.pt acc=98.55% (0.034s)
Step 36000  Test 98.55% / 96.46%  Train lm=1.1328±0.0444ϵ[0.9922,1.2188] n_active=768.0001±0.0000ϵ[768.0000,768.0000] n_expunged=9.8685±3.7498ϵ[0.0000,23.0000] n_halted=147.1025±7.7982ϵ[123.0000,172.0000] pool_util=1.0000±0.0000ϵ[1.0000,1.0000]  (303.201s / 1218.641s)
0.66', '0.69', '0.71', '0.73', '0.74', '0.76', '0.78']
  halt_histogram %: [66.2, 19.9, 5.5, 2.7, 1.7, 1.2, 0.8, 0.6, 0.4, 0.3, 0.2, 0.2, 0.1, 0.1, 0.1, 0.2]
  Avg ACT steps (last 100): 1.30
  saved: /home/jvdillon/research/research/projects/trm3/ckpts/x182c/step36000.pt acc=98.55% (0.034s)
Step 36000  Test 98.55% / 96.46%  Train lm=1.1328±0.0444ϵ[0.9922,1.2188] n_active=768.0001±0.0000ϵ[768.0000,768.0000] n_expunged=9.8685±3.7498ϵ[0.0000,23.0000] n_halted=147.1025±7.7982ϵ[123.0000,172.0000] pool_util=1.0000±0.0000ϵ[1.0000,1.0000]  (303.201s / 1218.641s)
