Adam params: ('embed_tokens.weight', 'head.weight', 'head.bias', 'q_head.weight', 'q_head.bias')
Muon 2D params: ('reasoning.0.attn.up_proj.weight', 'reasoning.0.attn.down_proj.weight', 'reasoning.0.mlp.up_proj.weight', 'reasoning.0.mlp.down_proj.weight', 'reasoning.1.attn.up_proj.weight', 'reasoning.1.attn.down_proj.weight', 'reasoning.1.mlp.up_proj.weight', 'reasoning.1.mlp.down_proj.weight')
Muon 3D params (ensemble_dims=1): ()
Saved step 0 checkpoint with RNG: /home/jvdillon/research/research/projects/trm3/ckpts/x182o/step00000_rng.pt
  cell_acc=59.59%, puzzle_acc=3.14%
  eval_avg_halt_step: 3.29
  per_H_acc: ['H0=53.1%', 'H1=58.9%', 'H2=60.1%', 'H3=60.6%', 'H4=60.6%', 'H5=60.6%']
  H_cos: ['0.711', '0.883', '0.938', '0.969', '0.980']
  z_H_delta: ['20.500', '13.250', '9.062', '6.250', '4.406']
  cells: fixed=[7405, 3843, 2121, 1144, 705] broken=[3804, 3053, 1833, 1136, 732]
  per_ACT_cell_acc: ['H1=53.1%', 'H2=58.9%', 'H3=60.1%', 'H4=60.6%', 'H5=60.6%', 'H6=60.6%', 'H7=60.5%', 'H8=60.5%', 'H9=60.5%', 'H10=60.4%', 'H11=60.4%', 'H12=60.4%', 'H13=60.3%', 'H14=60.3%', 'H15=60.3%', 'H16=60.3%']
  per_ACT_puzzle_acc: ['H1=0.0%', 'H2=0.0%', 'H3=1.0%', 'H4=1.6%', 'H5=2.1%', 'H6=2.3%', 'H7=2.7%', 'H8=3.1%', 'H9=3.3%', 'H10=3.4%', 'H11=3.6%', 'H12=3.6%', 'H13=3.6%', 'H14=3.8%', 'H15=3.9%', 'H16=3.9%']
  mean_sigmoid_q_halt: ['0.016', '0.148', '0.287', '0.396', '0.451', '0.479', '0.490', '0.498', '0.500', '0.504', '0.504', '0.508', '0.508', '0.508', '0.508', '0.508']
  halt_rates: ['0.00', '0.00', '0.00', '0.02', '0.08', '0.24', '0.42', '0.53', '0.63', '0.70', '0.74', '0.78', '0.81', '0.83', '0.85', '0.86']
  halt_histogram %: [27.8, 10.0, 1.7, 0.2, 0.2, 0.2, 1.3, 2.7, 8.2, 13.0, 10.6, 3.2, 2.1, 0.0, 0.0, 18.7]
  Avg ACT steps (last 100): 8.15
  saved: /home/jvdillon/research/research/projects/trm3/ckpts/x182o/step00500.pt acc=59.59% (0.034s)
  saved: /home/jvdillon/research/research/projects/trm3/ckpts/x182o/best.pt acc=59.59% (0.066s)
Step   500  Test 59.59% /  3.14%  Train lm=1.3516±0.3945ϵ[0.9219,2.9219] n_active=384.0000±0.0000ϵ[384.0000,384.0000] n_expunged=0.0000±0.0000ϵ[0.0000,0.0000] n_halted=49.4080±102.6359ϵ[0.0000,384.0000] pool_util=1.0000±0.0000ϵ[1.0000,1.0000]  (309.755s / 179.334s)
  cell_acc=67.34%, puzzle_acc=18.90%
  eval_avg_halt_step: 11.50
  per_H_acc: ['H0=60.0%', 'H1=63.2%', 'H2=64.1%', 'H3=64.7%', 'H4=64.7%', 'H5=64.8%']
  H_cos: ['0.867', '0.969', '0.980', '0.984', '0.984']
  z_H_delta: ['15.625', '8.125', '6.250', '5.531', '5.188']
  cells: fixed=[6817, 3696, 2426, 1687, 1529] broken=[4851, 3092, 2079, 1691, 1436]
  per_ACT_cell_acc: ['H1=60.0%', 'H2=63.2%', 'H3=64.1%', 'H4=64.7%', 'H5=64.7%', 'H6=64.8%', 'H7=65.0%', 'H8=65.3%', 'H9=65.6%', 'H10=65.9%', 'H11=65.9%', 'H12=66.1%', 'H13=66.1%', 'H14=66.1%', 'H15=66.0%', 'H16=66.0%']
  per_ACT_puzzle_acc: ['H1=0.3%', 'H2=2.6%', 'H3=3.5%', 'H4=5.2%', 'H5=7.6%', 'H6=9.0%', 'H7=9.5%', 'H8=10.4%', 'H9=11.6%', 'H10=12.2%', 'H11=13.3%', 'H12=13.8%', 'H13=14.2%', 'H14=14.3%', 'H15=14.6%', 'H16=14.6%']
  mean_sigmoid_q_halt: ['0.002', '0.025', '0.056', '0.113', '0.141', '0.147', '0.152', '0.159', '0.174', '0.187', '0.197', '0.204', '0.210', '0.214', '0.216', '0.217']
  halt_rates: ['0.00', '0.03', '0.05', '0.10', '0.13', '0.14', '0.15', '0.15', '0.16', '0.18', '0.19', '0.20', '0.21', '0.21', '0.21', '0.21']
  halt_histogram %: [13.9, 11.9, 7.1, 13.9, 11.1, 9.8, 4.1, 3.6, 4.9, 6.0, 4.6, 1.4, 0.8, 0.0, 0.0, 7.0]
  Avg ACT steps (last 100): 4.17
  saved: /home/jvdillon/research/research/projects/trm3/ckpts/x182o/step01000.pt acc=67.34% (0.035s)
  saved: /home/jvdillon/research/research/projects/trm3/ckpts/x182o/best.pt acc=67.34% (0.082s)
Step  1000  Test 67.34% / 18.90%  Train lm=1.2891±0.1309ϵ[0.9258,1.8828] n_active=384.0000±0.0000ϵ[384.0000,384.0000] n_expunged=0.0000±0.0000ϵ[0.0000,0.0000] n_halted=82.6420±69.6981ϵ[0.0000,283.0000] pool_util=1.0000±0.0000ϵ[1.0000,1.0000]  (304.351s / 175.448s)
  cell_acc=68.59%, puzzle_acc=18.44%
  eval_avg_halt_step: 13.20
  per_H_acc: ['H0=60.3%', 'H1=64.0%', 'H2=65.6%', 'H3=66.5%', 'H4=67.1%', 'H5=67.2%']
  H_cos: ['0.891', '0.977', '0.988', '0.992', '0.992']
  z_H_delta: ['15.688', '7.344', '5.062', '4.250', '3.812']
  cells: fixed=[6721, 3735, 2480, 1879, 1517] broken=[4395, 2756, 1887, 1556, 1402]
  per_ACT_cell_acc: ['H1=60.3%', 'H2=64.0%', 'H3=65.6%', 'H4=66.5%', 'H5=67.1%', 'H6=67.2%', 'H7=67.4%', 'H8=67.6%', 'H9=67.7%', 'H10=67.7%', 'H11=67.7%', 'H12=67.9%', 'H13=67.8%', 'H14=68.0%', 'H15=68.1%', 'H16=68.0%']
  per_ACT_puzzle_acc: ['H1=0.7%', 'H2=2.6%', 'H3=3.8%', 'H4=6.0%', 'H5=7.7%', 'H6=9.8%', 'H7=11.7%', 'H8=12.1%', 'H9=13.0%', 'H10=13.4%', 'H11=13.7%', 'H12=14.6%', 'H13=15.1%', 'H14=15.6%', 'H15=16.0%', 'H16=16.0%']
  mean_sigmoid_q_halt: ['0.001', '0.024', '0.040', '0.058', '0.079', '0.097', '0.120', '0.123', '0.134', '0.141', '0.145', '0.154', '0.161', '0.164', '0.168', '0.171']
  halt_rates: ['0.00', '0.02', '0.04', '0.06', '0.08', '0.10', '0.12', '0.12', '0.13', '0.14', '0.14', '0.16', '0.16', '0.17', '0.17', '0.17']
  halt_histogram %: [11.5, 11.6, 8.7, 15.5, 13.2, 12.2, 6.2, 4.4, 3.9, 4.1, 3.0, 0.9, 0.5, 0.0, 0.0, 4.3]
  Avg ACT steps (last 100): 4.94
  saved: /home/jvdillon/research/research/projects/trm3/ckpts/x182o/step01500.pt acc=68.59% (0.034s)
  saved: /home/jvdillon/research/research/projects/trm3/ckpts/x182o/best.pt acc=68.59% (0.082s)
Step  1500  Test 68.59% / 18.44%  Train lm=1.2969±0.0282ϵ[1.2344,1.3750] n_active=384.0000±0.0000ϵ[384.0000,384.0000] n_expunged=0.0000±0.0000ϵ[0.0000,0.0000] n_halted=82.4480±28.7739ϵ[23.0000,134.0000] pool_util=1.0000±0.0000ϵ[1.0000,1.0000]  (304.496s / 175.627s)
  cell_acc=69.04%, puzzle_acc=19.60%
  eval_avg_halt_step: 13.07
  per_H_acc: ['H0=59.5%', 'H1=64.4%', 'H2=66.1%', 'H3=67.1%', 'H4=67.8%', 'H5=68.2%']
  H_cos: ['0.879', '0.980', '0.988', '0.992', '0.992']
  z_H_delta: ['15.688', '7.031', '4.531', '3.734', '3.234']
  cells: fixed=[7050, 3788, 2205, 1732, 1277] broken=[4017, 2741, 1588, 1303, 1045]
  per_ACT_cell_acc: ['H1=59.5%', 'H2=64.4%', 'H3=66.1%', 'H4=67.1%', 'H5=67.8%', 'H6=68.2%', 'H7=68.3%', 'H8=68.3%', 'H9=68.4%', 'H10=68.5%', 'H11=68.5%', 'H12=68.5%', 'H13=68.5%', 'H14=68.6%', 'H15=68.6%', 'H16=68.5%']
  per_ACT_puzzle_acc: ['H1=0.4%', 'H2=2.6%', 'H3=3.6%', 'H4=6.2%', 'H5=9.8%', 'H6=12.1%', 'H7=13.4%', 'H8=14.6%', 'H9=14.8%', 'H10=15.8%', 'H11=16.3%', 'H12=16.8%', 'H13=16.9%', 'H14=17.1%', 'H15=17.2%', 'H16=17.4%']
  mean_sigmoid_q_halt: ['0.001', '0.023', '0.039', '0.062', '0.092', '0.119', '0.133', '0.147', '0.149', '0.158', '0.164', '0.169', '0.172', '0.175', '0.176', '0.179']
  halt_rates: ['0.00', '0.02', '0.04', '0.06', '0.09', '0.12', '0.13', '0.15', '0.15', '0.16', '0.17', '0.17', '0.17', '0.18', '0.18', '0.18']
  halt_histogram %: [10.9, 11.5, 9.2, 15.3, 14.0, 12.7, 7.3, 5.0, 3.8, 3.5, 2.4, 0.8, 0.4, 0.0, 0.0, 3.2]
  Avg ACT steps (last 100): 4.93
  saved: /home/jvdillon/research/research/projects/trm3/ckpts/x182o/step02000.pt acc=69.04% (0.034s)
  saved: /home/jvdillon/research/research/projects/trm3/ckpts/x182o/best.pt acc=69.04% (0.127s)
Step  2000  Test 69.04% / 19.60%  Train lm=1.2891±0.0232ϵ[1.2344,1.3438] n_active=384.0000±0.0000ϵ[384.0000,384.0000] n_expunged=0.0000±0.0000ϵ[0.0000,0.0000] n_halted=79.3560±20.2885ϵ[32.0000,132.0000] pool_util=1.0000±0.0000ϵ[1.0000,1.0000]  (304.690s / 175.546s)
  cell_acc=75.41%, puzzle_acc=36.00%
  eval_avg_halt_step: 10.73
  per_H_acc: ['H0=58.2%', 'H1=64.0%', 'H2=66.6%', 'H3=68.3%', 'H4=69.6%', 'H5=70.5%']
  H_cos: ['0.859', '0.977', '0.980', '0.980', '0.984']
  z_H_delta: ['16.375', '7.375', '6.031', '5.781', '5.312']
  cells: fixed=[7500, 4460, 3203, 2735, 2365] broken=[3848, 2830, 2152, 1932, 1817]
  per_ACT_cell_acc: ['H1=58.2%', 'H2=64.0%', 'H3=66.6%', 'H4=68.3%', 'H5=69.6%', 'H6=70.5%', 'H7=70.9%', 'H8=71.7%', 'H9=72.0%', 'H10=72.0%', 'H11=72.2%', 'H12=72.3%', 'H13=72.5%', 'H14=72.4%', 'H15=72.8%', 'H16=72.8%']
  per_ACT_puzzle_acc: ['H1=0.8%', 'H2=2.3%', 'H3=3.6%', 'H4=7.4%', 'H5=11.3%', 'H6=15.1%', 'H7=18.4%', 'H8=19.9%', 'H9=21.6%', 'H10=22.5%', 'H11=23.3%', 'H12=24.2%', 'H13=24.5%', 'H14=24.9%', 'H15=25.5%', 'H16=26.0%']
  mean_sigmoid_q_halt: ['0.010', '0.026', '0.051', '0.085', '0.127', '0.162', '0.193', '0.213', '0.229', '0.241', '0.250', '0.264', '0.268', '0.273', '0.277', '0.285']
  halt_rates: ['0.01', '0.03', '0.05', '0.09', '0.13', '0.16', '0.19', '0.21', '0.23', '0.24', '0.25', '0.26', '0.27', '0.27', '0.28', '0.29']
  halt_histogram %: [11.0, 11.7, 9.6, 14.8, 14.0, 12.7, 7.8, 5.3, 3.9, 3.3, 2.2, 0.8, 0.4, 0.1, 0.0, 2.5]
  Avg ACT steps (last 100): 4.11
  saved: /home/jvdillon/research/research/projects/trm3/ckpts/x182o/step02500.pt acc=75.41% (0.033s)
  saved: /home/jvdillon/research/research/projects/trm3/ckpts/x182o/best.pt acc=75.41% (0.081s)
Step  2500  Test 75.41% / 36.00%  Train lm=1.2891±0.0208ϵ[1.2344,1.3438] n_active=384.0000±0.0000ϵ[384.0000,384.0000] n_expunged=0.0000±0.0000ϵ[0.0000,0.0000] n_halted=80.1220±16.2621ϵ[38.0000,123.0000] pool_util=1.0000±0.0000ϵ[1.0000,1.0000]  (304.793s / 175.659s)
  cell_acc=78.37%, puzzle_acc=44.26%
  eval_avg_halt_step: 9.71
  per_H_acc: ['H0=55.5%', 'H1=63.8%', 'H2=66.9%', 'H3=68.9%', 'H4=70.5%', 'H5=71.6%']
  H_cos: ['0.762', '0.973', '0.977', '0.980', '0.980']
  z_H_delta: ['17.625', '7.656', '5.969', '5.500', '5.125']
  cells: fixed=[8706, 4933, 3181, 2787, 2327] broken=[3526, 2980, 1937, 1833, 1608]
  per_ACT_cell_acc: ['H1=55.5%', 'H2=63.8%', 'H3=66.9%', 'H4=68.9%', 'H5=70.5%', 'H6=71.6%', 'H7=72.6%', 'H8=73.0%', 'H9=73.3%', 'H10=73.9%', 'H11=74.1%', 'H12=74.3%', 'H13=74.5%', 'H14=74.8%', 'H15=74.9%', 'H16=74.9%']
  per_ACT_puzzle_acc: ['H1=1.7%', 'H2=2.3%', 'H3=4.3%', 'H4=9.0%', 'H5=13.5%', 'H6=17.6%', 'H7=20.6%', 'H8=23.0%', 'H9=25.0%', 'H10=26.8%', 'H11=29.0%', 'H12=29.7%', 'H13=29.9%', 'H14=30.7%', 'H15=31.4%', 'H16=31.6%']
  mean_sigmoid_q_halt: ['0.017', '0.022', '0.060', '0.099', '0.144', '0.193', '0.221', '0.248', '0.271', '0.293', '0.314', '0.324', '0.330', '0.340', '0.348', '0.348']
  halt_rates: ['0.02', '0.02', '0.06', '0.10', '0.14', '0.19', '0.22', '0.25', '0.27', '0.30', '0.32', '0.33', '0.33', '0.34', '0.35', '0.35']
  halt_histogram %: [11.7, 12.6, 9.9, 14.2, 13.5, 12.2, 7.8, 5.5, 3.9, 3.2, 2.1, 0.8, 0.5, 0.1, 0.1, 2.1]
  Avg ACT steps (last 100): 4.36
  saved: /home/jvdillon/research/research/projects/trm3/ckpts/x182o/step03000.pt acc=78.37% (0.034s)
  saved: /home/jvdillon/research/research/projects/trm3/ckpts/x182o/best.pt acc=78.37% (0.082s)
Step  3000  Test 78.37% / 44.26%  Train lm=1.2812±0.0181ϵ[1.2266,1.3438] n_active=384.0000±0.0000ϵ[384.0000,384.0000] n_expunged=0.0000±0.0000ϵ[0.0000,0.0000] n_halted=82.6660±13.2475ϵ[44.0000,120.0000] pool_util=1.0000±0.0000ϵ[1.0000,1.0000]  (304.861s / 175.687s)
  cell_acc=80.81%, puzzle_acc=48.32%
  eval_avg_halt_step: 9.38
  per_H_acc: ['H0=56.0%', 'H1=64.4%', 'H2=67.8%', 'H3=70.2%', 'H4=72.1%', 'H5=73.3%']
  H_cos: ['0.801', '0.980', '0.984', '0.980', '0.984']
  z_H_delta: ['16.750', '6.812', '5.000', '4.688', '4.219']
  cells: fixed=[8803, 4904, 3330, 2882, 2285] broken=[3581, 2813, 1857, 1671, 1571]
  per_ACT_cell_acc: ['H1=56.0%', 'H2=64.4%', 'H3=67.8%', 'H4=70.2%', 'H5=72.1%', 'H6=73.3%', 'H7=74.2%', 'H8=74.9%', 'H9=75.6%', 'H10=76.0%', 'H11=76.1%', 'H12=76.3%', 'H13=76.6%', 'H14=76.7%', 'H15=76.9%', 'H16=77.1%']
  per_ACT_puzzle_acc: ['H1=1.3%', 'H2=2.5%', 'H3=4.9%', 'H4=9.8%', 'H5=15.1%', 'H6=19.4%', 'H7=23.3%', 'H8=25.7%', 'H9=28.4%', 'H10=30.2%', 'H11=31.2%', 'H12=32.2%', 'H13=33.2%', 'H14=33.7%', 'H15=34.6%', 'H16=35.4%']
  mean_sigmoid_q_halt: ['0.020', '0.024', '0.054', '0.096', '0.152', '0.197', '0.233', '0.256', '0.285', '0.301', '0.312', '0.324', '0.330', '0.338', '0.348', '0.355']
  halt_rates: ['0.02', '0.02', '0.05', '0.10', '0.15', '0.20', '0.24', '0.26', '0.29', '0.31', '0.32', '0.33', '0.33', '0.34', '0.35', '0.36']
  halt_histogram %: [12.7, 13.8, 10.2, 13.4, 12.7, 11.5, 7.7, 5.4, 3.9, 3.1, 2.1, 0.9, 0.5, 0.2, 0.1, 1.9]
  Avg ACT steps (last 100): 4.67
  saved: /home/jvdillon/research/research/projects/trm3/ckpts/x182o/step03500.pt acc=80.81% (0.033s)
  saved: /home/jvdillon/research/research/projects/trm3/ckpts/x182o/best.pt acc=80.81% (0.081s)
Step  3500  Test 80.81% / 48.32%  Train lm=1.2812±0.0157ϵ[1.2266,1.3203] n_active=384.0000±0.0000ϵ[384.0000,384.0000] n_expunged=0.0000±0.0000ϵ[0.0000,0.0000] n_halted=85.8800±10.8800ϵ[57.0000,125.0000] pool_util=1.0000±0.0000ϵ[1.0000,1.0000]  (304.831s / 175.712s)
  cell_acc=85.59%, puzzle_acc=61.46%
  eval_avg_halt_step: 7.64
  per_H_acc: ['H0=55.6%', 'H1=64.2%', 'H2=68.1%', 'H3=71.2%', 'H4=73.6%', 'H5=75.1%']
  H_cos: ['0.824', '0.980', '0.980', '0.973', '0.984']
  z_H_delta: ['16.250', '6.625', '5.344', '5.156', '4.469']
  cells: fixed=[8774, 5039, 3853, 3178, 2471] broken=[3435, 2608, 1939, 1688, 1516]
  per_ACT_cell_acc: ['H1=55.6%', 'H2=64.2%', 'H3=68.1%', 'H4=71.2%', 'H5=73.6%', 'H6=75.1%', 'H7=76.9%', 'H8=77.5%', 'H9=78.0%', 'H10=78.7%', 'H11=79.3%', 'H12=79.8%', 'H13=79.9%', 'H14=80.1%', 'H15=80.2%', 'H16=80.5%']
  per_ACT_puzzle_acc: ['H1=2.0%', 'H2=2.6%', 'H3=5.2%', 'H4=11.1%', 'H5=18.6%', 'H6=22.9%', 'H7=29.2%', 'H8=32.2%', 'H9=35.4%', 'H10=38.3%', 'H11=39.8%', 'H12=42.1%', 'H13=42.8%', 'H14=43.4%', 'H15=44.4%', 'H16=45.1%']
  mean_sigmoid_q_halt: ['0.021', '0.026', '0.051', '0.110', '0.182', '0.226', '0.285', '0.318', '0.354', '0.381', '0.396', '0.418', '0.428', '0.432', '0.443', '0.447']
  halt_rates: ['0.02', '0.03', '0.05', '0.11', '0.18', '0.23', '0.29', '0.32', '0.36', '0.39', '0.40', '0.42', '0.43', '0.44', '0.45', '0.45']
  halt_histogram %: [13.9, 15.1, 10.3, 12.6, 11.9, 10.7, 7.3, 5.3, 3.9, 3.1, 2.1, 1.0, 0.6, 0.3, 0.2, 1.8]
  Avg ACT steps (last 100): 4.28
  saved: /home/jvdillon/research/research/projects/trm3/ckpts/x182o/step04000.pt acc=85.59% (0.033s)
  saved: /home/jvdillon/research/research/projects/trm3/ckpts/x182o/best.pt acc=85.59% (0.081s)
Step  4000  Test 85.59% / 61.46%  Train lm=1.2812±0.0151ϵ[1.2422,1.3281] n_active=384.0000±0.0000ϵ[384.0000,384.0000] n_expunged=0.0000±0.0000ϵ[0.0000,0.0000] n_halted=88.1220±9.8446ϵ[57.0000,119.0000] pool_util=1.0000±0.0000ϵ[1.0000,1.0000]  (304.916s / 175.624s)
  cell_acc=86.36%, puzzle_acc=63.84%
  eval_avg_halt_step: 7.17
  per_H_acc: ['H0=55.3%', 'H1=64.6%', 'H2=68.4%', 'H3=71.9%', 'H4=74.8%', 'H5=76.9%']
  H_cos: ['0.773', '0.980', '0.973', '0.965', '0.973']
  z_H_delta: ['17.125', '6.938', '5.562', '5.406', '4.781']
  cells: fixed=[9130, 4925, 4020, 3277, 2563] broken=[3352, 2569, 1819, 1467, 1306]
  per_ACT_cell_acc: ['H1=55.3%', 'H2=64.6%', 'H3=68.4%', 'H4=71.9%', 'H5=74.8%', 'H6=76.9%', 'H7=78.0%', 'H8=78.6%', 'H9=79.4%', 'H10=80.0%', 'H11=80.4%', 'H12=80.7%', 'H13=81.0%', 'H14=81.1%', 'H15=81.4%', 'H16=81.6%']
  per_ACT_puzzle_acc: ['H1=2.0%', 'H2=2.5%', 'H3=5.5%', 'H4=13.0%', 'H5=22.3%', 'H6=29.6%', 'H7=34.2%', 'H8=37.0%', 'H9=40.8%', 'H10=42.4%', 'H11=44.3%', 'H12=45.4%', 'H13=46.2%', 'H14=47.3%', 'H15=47.5%', 'H16=48.4%']
  mean_sigmoid_q_halt: ['0.024', '0.024', '0.055', '0.128', '0.224', '0.295', '0.342', '0.369', '0.406', '0.426', '0.441', '0.453', '0.463', '0.471', '0.475', '0.484']
  halt_rates: ['0.03', '0.02', '0.05', '0.13', '0.23', '0.30', '0.35', '0.37', '0.41', '0.43', '0.45', '0.46', '0.47', '0.48', '0.48', '0.49']
  halt_histogram %: [15.3, 16.4, 10.3, 11.8, 11.1, 10.0, 6.9, 5.1, 3.8, 3.0, 2.1, 1.1, 0.7, 0.4, 0.3, 1.9]
  Avg ACT steps (last 100): 3.59
  saved: /home/jvdillon/research/research/projects/trm3/ckpts/x182o/step04500.pt acc=86.36% (0.033s)
  saved: /home/jvdillon/research/research/projects/trm3/ckpts/x182o/best.pt acc=86.36% (0.126s)
Step  4500  Test 86.36% / 63.84%  Train lm=1.2812±0.0142ϵ[1.2344,1.3203] n_active=384.0000±0.0000ϵ[384.0000,384.0000] n_expunged=0.0000±0.0000ϵ[0.0000,0.0000] n_halted=91.3940±9.5161ϵ[66.0000,124.0000] pool_util=1.0000±0.0000ϵ[1.0000,1.0000]  (304.970s / 175.739s)
  cell_acc=89.51%, puzzle_acc=72.13%
  eval_avg_halt_step: 6.10
  per_H_acc: ['H0=54.3%', 'H1=64.5%', 'H2=68.3%', 'H3=71.9%', 'H4=75.4%', 'H5=77.7%']
  H_cos: ['0.734', '0.980', '0.977', '0.965', '0.969']
  z_H_delta: ['17.875', '7.406', '5.812', '5.656', '5.125']
  cells: fixed=[9659, 5202, 4276, 3820, 2827] broken=[3274, 2881, 1991, 1676, 1386]
  per_ACT_cell_acc: ['H1=54.3%', 'H2=64.5%', 'H3=68.3%', 'H4=71.9%', 'H5=75.4%', 'H6=77.7%', 'H7=79.4%', 'H8=80.5%', 'H9=81.6%', 'H10=82.2%', 'H11=82.7%', 'H12=83.1%', 'H13=83.6%', 'H14=83.9%', 'H15=84.1%', 'H16=84.4%']
  per_ACT_puzzle_acc: ['H1=2.2%', 'H2=2.7%', 'H3=6.1%', 'H4=12.8%', 'H5=22.8%', 'H6=30.3%', 'H7=36.7%', 'H8=41.0%', 'H9=45.4%', 'H10=48.2%', 'H11=50.4%', 'H12=51.7%', 'H13=53.1%', 'H14=54.4%', 'H15=54.8%', 'H16=56.1%']
  mean_sigmoid_q_halt: ['0.023', '0.027', '0.056', '0.123', '0.222', '0.297', '0.367', '0.408', '0.453', '0.477', '0.500', '0.516', '0.531', '0.543', '0.547', '0.562']
  halt_rates: ['0.02', '0.03', '0.06', '0.12', '0.23', '0.30', '0.37', '0.41', '0.46', '0.48', '0.51', '0.52', '0.54', '0.55', '0.55', '0.57']
  halt_histogram %: [16.8, 17.7, 10.3, 11.0, 10.3, 9.3, 6.5, 4.8, 3.6, 2.9, 2.0, 1.1, 0.8, 0.5, 0.3, 2.1]
  Avg ACT steps (last 100): 4.52
  saved: /home/jvdillon/research/research/projects/trm3/ckpts/x182o/step05000.pt acc=89.51% (0.033s)
  saved: /home/jvdillon/research/research/projects/trm3/ckpts/x182o/best.pt acc=89.51% (0.081s)
Step  5000  Test 89.51% / 72.13%  Train lm=1.2891±0.0132ϵ[1.2422,1.3203] n_active=384.0000±0.0000ϵ[384.0000,384.0000] n_expunged=0.0000±0.0000ϵ[0.0000,0.0000] n_halted=93.2580±8.8129ϵ[68.0000,116.0000] pool_util=1.0000±0.0000ϵ[1.0000,1.0000]  (305.034s / 175.657s)
  cell_acc=91.81%, puzzle_acc=78.35%
  eval_avg_halt_step: 5.24
  per_H_acc: ['H0=54.1%', 'H1=64.3%', 'H2=68.6%', 'H3=73.0%', 'H4=76.5%', 'H5=78.9%']
  H_cos: ['0.746', '0.977', '0.973', '0.957', '0.965']
  z_H_delta: ['17.750', '7.469', '5.844', '5.812', '5.031']
  cells: fixed=[9540, 5323, 4563, 3699, 2812] broken=[3188, 2650, 1822, 1538, 1286]
  per_ACT_cell_acc: ['H1=54.1%', 'H2=64.3%', 'H3=68.6%', 'H4=73.0%', 'H5=76.5%', 'H6=78.9%', 'H7=80.5%', 'H8=81.7%', 'H9=82.5%', 'H10=83.3%', 'H11=83.8%', 'H12=84.4%', 'H13=84.8%', 'H14=85.3%', 'H15=85.5%', 'H16=85.7%']
  per_ACT_puzzle_acc: ['H1=2.3%', 'H2=2.7%', 'H3=6.8%', 'H4=15.5%', 'H5=26.3%', 'H6=34.5%', 'H7=40.4%', 'H8=44.7%', 'H9=48.0%', 'H10=51.2%', 'H11=53.6%', 'H12=55.6%', 'H13=56.6%', 'H14=58.1%', 'H15=59.2%', 'H16=59.8%']
  mean_sigmoid_q_halt: ['0.026', '0.028', '0.074', '0.147', '0.260', '0.344', '0.404', '0.443', '0.479', '0.508', '0.535', '0.555', '0.566', '0.578', '0.590', '0.594']
  halt_rates: ['0.03', '0.03', '0.07', '0.15', '0.26', '0.35', '0.41', '0.45', '0.49', '0.51', '0.54', '0.56', '0.57', '0.59', '0.60', '0.60']
  halt_histogram %: [18.4, 18.8, 10.2, 10.4, 9.6, 8.6, 6.1, 4.5, 3.4, 2.8, 2.0, 1.2, 0.8, 0.5, 0.4, 2.5]
  Avg ACT steps (last 100): 4.14
  saved: /home/jvdillon/research/research/projects/trm3/ckpts/x182o/step05500.pt acc=91.81% (0.033s)
  saved: /home/jvdillon/research/research/projects/trm3/ckpts/x182o/best.pt acc=91.81% (0.126s)
Step  5500  Test 91.81% / 78.35%  Train lm=1.2891±0.0129ϵ[1.2500,1.3281] n_active=384.0000±0.0000ϵ[384.0000,384.0000] n_expunged=0.0000±0.0000ϵ[0.0000,0.0000] n_halted=94.2680±8.6567ϵ[73.0000,120.0000] pool_util=1.0000±0.0000ϵ[1.0000,1.0000]  (304.855s / 175.681s)
  cell_acc=92.97%, puzzle_acc=81.32%
  eval_avg_halt_step: 4.82
  per_H_acc: ['H0=54.1%', 'H1=64.1%', 'H2=68.6%', 'H3=73.3%', 'H4=77.0%', 'H5=79.6%']
  H_cos: ['0.730', '0.977', '0.969', '0.953', '0.965']
  z_H_delta: ['18.000', '7.656', '6.219', '6.062', '5.062']
  cells: fixed=[9439, 5431, 4667, 3754, 2824] broken=[3223, 2593, 1758, 1441, 1246]
  per_ACT_cell_acc: ['H1=54.1%', 'H2=64.1%', 'H3=68.6%', 'H4=73.3%', 'H5=77.0%', 'H6=79.6%', 'H7=81.1%', 'H8=82.6%', 'H9=83.4%', 'H10=84.3%', 'H11=84.6%', 'H12=85.2%', 'H13=85.6%', 'H14=86.0%', 'H15=86.5%', 'H16=86.7%']
  per_ACT_puzzle_acc: ['H1=2.3%', 'H2=2.7%', 'H3=6.5%', 'H4=15.8%', 'H5=27.2%', 'H6=36.8%', 'H7=42.8%', 'H8=48.3%', 'H9=51.3%', 'H10=54.4%', 'H11=56.0%', 'H12=57.8%', 'H13=59.0%', 'H14=59.9%', 'H15=61.8%', 'H16=62.9%']
  mean_sigmoid_q_halt: ['0.026', '0.027', '0.079', '0.155', '0.279', '0.363', '0.424', '0.477', '0.508', '0.539', '0.555', '0.570', '0.586', '0.594', '0.613', '0.621']
  halt_rates: ['0.03', '0.03', '0.08', '0.16', '0.28', '0.36', '0.43', '0.48', '0.51', '0.55', '0.56', '0.58', '0.59', '0.60', '0.62', '0.63']
  halt_histogram %: [20.0, 19.8, 10.0, 9.8, 8.9, 7.9, 5.6, 4.2, 3.2, 2.6, 1.9, 1.1, 0.8, 0.6, 0.4, 3.0]
  Avg ACT steps (last 100): 3.86
  saved: /home/jvdillon/research/research/projects/trm3/ckpts/x182o/step06000.pt acc=92.97% (0.033s)
  saved: /home/jvdillon/research/research/projects/trm3/ckpts/x182o/best.pt acc=92.97% (0.128s)
Step  6000  Test 92.97% / 81.32%  Train lm=1.2891±0.0129ϵ[1.2578,1.3281] n_active=384.0000±0.0000ϵ[384.0000,384.0000] n_expunged=0.0000±0.0000ϵ[0.0000,0.0000] n_halted=97.8120±8.8409ϵ[73.0000,123.0000] pool_util=1.0000±0.0000ϵ[1.0000,1.0000]  (304.739s / 175.807s)
  cell_acc=94.08%, puzzle_acc=84.28%
  eval_avg_halt_step: 4.46
  per_H_acc: ['H0=54.0%', 'H1=63.8%', 'H2=68.4%', 'H3=73.1%', 'H4=77.0%', 'H5=79.8%']
  H_cos: ['0.719', '0.977', '0.965', '0.953', '0.961']
  z_H_delta: ['18.125', '7.750', '6.625', '6.250', '5.500']
  cells: fixed=[9243, 5571, 4922, 4003, 3040] broken=[3134, 2676, 1990, 1602, 1282]
  per_ACT_cell_acc: ['H1=54.0%', 'H2=63.8%', 'H3=68.4%', 'H4=73.1%', 'H5=77.0%', 'H6=79.8%', 'H7=81.4%', 'H8=82.4%', 'H9=83.6%', 'H10=84.2%', 'H11=84.9%', 'H12=85.2%', 'H13=85.7%', 'H14=86.4%', 'H15=86.8%', 'H16=86.9%']
  per_ACT_puzzle_acc: ['H1=2.2%', 'H2=2.6%', 'H3=5.6%', 'H4=15.8%', 'H5=27.9%', 'H6=37.9%', 'H7=43.8%', 'H8=47.4%', 'H9=51.2%', 'H10=53.6%', 'H11=56.0%', 'H12=57.7%', 'H13=58.7%', 'H14=60.8%', 'H15=62.6%', 'H16=63.5%']
  mean_sigmoid_q_halt: ['0.029', '0.026', '0.067', '0.153', '0.277', '0.375', '0.438', '0.471', '0.508', '0.539', '0.559', '0.574', '0.586', '0.605', '0.625', '0.633']
  halt_rates: ['0.03', '0.03', '0.06', '0.15', '0.28', '0.38', '0.44', '0.48', '0.51', '0.54', '0.56', '0.58', '0.59', '0.61', '0.63', '0.64']
  halt_histogram %: [21.7, 20.6, 9.9, 9.2, 8.3, 7.4, 5.3, 3.9, 3.0, 2.5, 1.8, 1.1, 0.8, 0.6, 0.4, 3.6]
  Avg ACT steps (last 100): 3.21
  saved: /home/jvdillon/research/research/projects/trm3/ckpts/x182o/step06500.pt acc=94.08% (0.076s)
  saved: /home/jvdillon/research/research/projects/trm3/ckpts/x182o/best.pt acc=94.08% (0.123s)
Step  6500  Test 94.08% / 84.28%  Train lm=1.2969±0.0117ϵ[1.2578,1.3281] n_active=384.0000±0.0000ϵ[384.0000,384.0000] n_expunged=0.0000±0.0000ϵ[0.0000,0.0000] n_halted=100.4180±8.4448ϵ[74.0000,125.0000] pool_util=1.0000±0.0000ϵ[1.0000,1.0000]  (304.899s / 175.771s)
  cell_acc=94.41%, puzzle_acc=85.11%
  eval_avg_halt_step: 4.34
  per_H_acc: ['H0=54.4%', 'H1=64.2%', 'H2=69.1%', 'H3=73.7%', 'H4=77.0%', 'H5=79.9%']
  H_cos: ['0.727', '0.977', '0.965', '0.957', '0.965']
  z_H_delta: ['18.000', '7.688', '6.500', '5.938', '5.125']
  cells: fixed=[9233, 5630, 4765, 3631, 3037] broken=[3141, 2592, 1911, 1571, 1227]
  per_ACT_cell_acc: ['H1=54.4%', 'H2=64.2%', 'H3=69.1%', 'H4=73.7%', 'H5=77.0%', 'H6=79.9%', 'H7=81.7%', 'H8=82.9%', 'H9=83.8%', 'H10=84.3%', 'H11=84.8%', 'H12=85.1%', 'H13=85.6%', 'H14=86.0%', 'H15=86.4%', 'H16=86.6%']
  per_ACT_puzzle_acc: ['H1=2.3%', 'H2=2.7%', 'H3=7.3%', 'H4=17.6%', 'H5=27.7%', 'H6=36.3%', 'H7=44.0%', 'H8=49.0%', 'H9=52.5%', 'H10=54.6%', 'H11=55.9%', 'H12=57.4%', 'H13=59.0%', 'H14=60.4%', 'H15=61.7%', 'H16=62.8%']
  mean_sigmoid_q_halt: ['0.028', '0.027', '0.076', '0.180', '0.279', '0.361', '0.441', '0.488', '0.527', '0.543', '0.555', '0.570', '0.586', '0.602', '0.617', '0.625']
  halt_rates: ['0.03', '0.03', '0.07', '0.19', '0.28', '0.36', '0.45', '0.49', '0.53', '0.55', '0.56', '0.58', '0.60', '0.61', '0.62', '0.63']
  halt_histogram %: [23.2, 21.3, 9.8, 8.7, 7.7, 6.9, 4.9, 3.7, 2.8, 2.3, 1.7, 1.1, 0.8, 0.5, 0.4, 4.1]
  Avg ACT steps (last 100): 4.53
  saved: /home/jvdillon/research/research/projects/trm3/ckpts/x182o/step07000.pt acc=94.41% (0.033s)
  saved: /home/jvdillon/research/research/projects/trm3/ckpts/x182o/best.pt acc=94.41% (0.082s)
Step  7000  Test 94.41% / 85.11%  Train lm=1.2969±0.0115ϵ[1.2578,1.3281] n_active=384.0000±0.0000ϵ[384.0000,384.0000] n_expunged=0.0000±0.0000ϵ[0.0000,0.0000] n_halted=102.6740±7.8758ϵ[81.0000,129.0000] pool_util=1.0000±0.0000ϵ[1.0000,1.0000]  (304.733s / 175.849s)
  cell_acc=94.33%, puzzle_acc=84.85%
  eval_avg_halt_step: 4.36
  per_H_acc: ['H0=54.6%', 'H1=64.4%', 'H2=69.2%', 'H3=74.0%', 'H4=77.4%', 'H5=80.3%']
  H_cos: ['0.727', '0.973', '0.961', '0.961', '0.961']
  z_H_delta: ['18.000', '7.688', '6.562', '5.844', '5.281']
  cells: fixed=[9257, 5635, 4771, 3626, 3069] broken=[3175, 2600, 1810, 1496, 1262]
  per_ACT_cell_acc: ['H1=54.6%', 'H2=64.4%', 'H3=69.2%', 'H4=74.0%', 'H5=77.4%', 'H6=80.3%', 'H7=82.1%', 'H8=83.3%', 'H9=84.1%', 'H10=84.8%', 'H11=85.3%', 'H12=85.8%', 'H13=86.2%', 'H14=86.4%', 'H15=86.8%', 'H16=87.1%']
  per_ACT_puzzle_acc: ['H1=2.3%', 'H2=2.7%', 'H3=7.2%', 'H4=18.5%', 'H5=28.6%', 'H6=38.7%', 'H7=45.8%', 'H8=51.0%', 'H9=53.9%', 'H10=56.1%', 'H11=58.1%', 'H12=60.0%', 'H13=61.5%', 'H14=62.2%', 'H15=63.2%', 'H16=64.5%']
  mean_sigmoid_q_halt: ['0.028', '0.027', '0.082', '0.189', '0.289', '0.385', '0.457', '0.508', '0.539', '0.559', '0.582', '0.598', '0.613', '0.621', '0.629', '0.641']
  halt_rates: ['0.03', '0.03', '0.08', '0.19', '0.29', '0.39', '0.46', '0.51', '0.54', '0.57', '0.59', '0.61', '0.62', '0.63', '0.64', '0.65']
  halt_histogram %: [24.5, 21.9, 9.7, 8.3, 7.3, 6.4, 4.6, 3.5, 2.7, 2.2, 1.6, 1.0, 0.7, 0.5, 0.4, 4.6]
  Avg ACT steps (last 100): 4.48
  saved: /home/jvdillon/research/research/projects/trm3/ckpts/x182o/step07500.pt acc=94.33% (0.077s)
Step  7500  Test 94.33% / 84.85%  Train lm=1.2969±0.0121ϵ[1.2578,1.3438] n_active=384.0000±0.0000ϵ[384.0000,384.0000] n_expunged=0.0000±0.0000ϵ[0.0000,0.0000] n_halted=102.8660±8.1228ϵ[81.0000,132.0000] pool_util=1.0000±0.0000ϵ[1.0000,1.0000]  (304.704s / 175.697s)
  cell_acc=94.41%, puzzle_acc=85.08%
  eval_avg_halt_step: 4.35
  per_H_acc: ['H0=54.6%', 'H1=64.4%', 'H2=69.3%', 'H3=74.2%', 'H4=77.6%', 'H5=80.0%']
  H_cos: ['0.727', '0.977', '0.957', '0.957', '0.965']
  z_H_delta: ['18.000', '7.656', '6.688', '5.875', '5.062']
  cells: fixed=[9237, 5652, 4912, 3580, 2833] broken=[3161, 2580, 1836, 1483, 1332]
  per_ACT_cell_acc: ['H1=54.6%', 'H2=64.4%', 'H3=69.3%', 'H4=74.2%', 'H5=77.6%', 'H6=80.0%', 'H7=81.8%', 'H8=83.3%', 'H9=84.5%', 'H10=85.1%', 'H11=85.7%', 'H12=86.1%', 'H13=86.1%', 'H14=86.5%', 'H15=86.8%', 'H16=87.0%']
  per_ACT_puzzle_acc: ['H1=2.3%', 'H2=2.9%', 'H3=7.2%', 'H4=19.0%', 'H5=29.7%', 'H6=37.8%', 'H7=45.2%', 'H8=50.4%', 'H9=54.4%', 'H10=57.2%', 'H11=58.9%', 'H12=60.3%', 'H13=60.8%', 'H14=62.4%', 'H15=62.9%', 'H16=63.4%']
  mean_sigmoid_q_halt: ['0.028', '0.027', '0.080', '0.193', '0.299', '0.381', '0.447', '0.500', '0.543', '0.570', '0.590', '0.602', '0.605', '0.621', '0.629', '0.633']
  halt_rates: ['0.03', '0.03', '0.08', '0.19', '0.30', '0.39', '0.45', '0.50', '0.55', '0.58', '0.60', '0.61', '0.61', '0.63', '0.63', '0.64']
  halt_histogram %: [25.7, 22.5, 9.6, 8.0, 6.9, 6.1, 4.3, 3.3, 2.5, 2.1, 1.5, 1.0, 0.7, 0.5, 0.4, 5.1]
  Avg ACT steps (last 100): 3.39
  saved: /home/jvdillon/research/research/projects/trm3/ckpts/x182o/step08000.pt acc=94.41% (0.033s)
Step  8000  Test 94.41% / 85.08%  Train lm=1.2969±0.0117ϵ[1.2578,1.3359] n_active=384.0000±0.0000ϵ[384.0000,384.0000] n_expunged=0.0000±0.0000ϵ[0.0000,0.0000] n_halted=103.5420±8.5312ϵ[81.0000,128.0000] pool_util=1.0000±0.0000ϵ[1.0000,1.0000]  (304.622s / 175.747s)
