Adam params: ('embed_tokens.weight', 'head.weight', 'head.bias', 'q_head.weight', 'q_head.bias')
Muon 2D params: ('reasoning.0.attn.up_proj.weight', 'reasoning.0.attn.down_proj.weight', 'reasoning.0.mlp.up_proj.weight', 'reasoning.0.mlp.down_proj.weight', 'reasoning.1.attn.up_proj.weight', 'reasoning.1.attn.down_proj.weight', 'reasoning.1.mlp.up_proj.weight', 'reasoning.1.mlp.down_proj.weight')
Muon 3D params (ensemble_dims=1): ()
  cell_acc=80.85%, puzzle_acc=52.88%
  eval_avg_halt_step: 16.00
  per_H_acc: ['H0=54.5%', 'H1=61.5%', 'H2=65.8%', 'H3=66.6%', 'H4=67.5%', 'H5=68.3%']
  H_cos: ['0.750', '0.961', '0.961', '0.961', '0.965']
  z_H_delta: ['19.125', '9.250', '8.250', '8.188', '8.125']
  cells: fixed=[7377, 6359, 3844, 2698, 3208] broken=[2997, 3701, 3372, 2138, 2667]
  per_ACT_cell_acc: ['H1=54.5%', 'H2=61.5%', 'H3=65.8%', 'H4=66.6%', 'H5=67.5%', 'H6=68.3%', 'H7=69.0%', 'H8=69.3%', 'H9=69.9%', 'H10=70.6%', 'H11=71.3%', 'H12=71.4%', 'H13=71.4%', 'H14=71.7%', 'H15=72.2%', 'H16=72.5%']
  per_ACT_puzzle_acc: ['H1=0.9%', 'H2=2.0%', 'H3=3.6%', 'H4=8.3%', 'H5=10.9%', 'H6=13.8%', 'H7=16.1%', 'H8=17.7%', 'H9=20.1%', 'H10=21.5%', 'H11=22.9%', 'H12=24.1%', 'H13=25.3%', 'H14=26.4%', 'H15=27.3%', 'H16=27.9%']
  mean_sigmoid_q_halt: ['0.007', '0.007', '0.007', '0.007', '0.007', '0.007', '0.007', '0.007', '0.007', '0.007', '0.007', '0.007', '0.007', '0.007', '0.007', '0.007']
  halt_rates: ['0.00', '0.00', '0.00', '0.00', '0.00', '0.00', '0.00', '0.00', '0.00', '0.00', '0.00', '0.00', '0.00', '0.00', '0.00', '0.00']
  halt_histogram %: [100.0, 0.0, 0.0, 0.0, 0.0, 0.0, 0.0, 0.0, 0.0, 0.0, 0.0, 0.0, 0.0, 0.0, 0.0, 0.0]
  Avg ACT steps (last 100): 1.00
  saved: /home/jvdillon/research/research/projects/trm3/ckpts/x182f/step02000.pt acc=80.85% (0.056s)
  saved: /home/jvdillon/research/research/projects/trm3/ckpts/x182f/best.pt acc=80.85% (0.103s)
Step  2000  Test 80.85% / 52.88%  Train lm=1.3906±0.2139ϵ[1.0000,3.6875] n_active=0.0000±0.0000ϵ[0.0000,0.0000] n_expunged=0.0000±0.0000ϵ[0.0000,0.0000] n_halted=192.0000±0.0000ϵ[192.0000,192.0000] pool_util=0.0000±0.0000ϵ[0.0000,0.0000]  (304.710s / 1179.912s)
  cell_acc=82.24%, puzzle_acc=55.43%
  eval_avg_halt_step: 8.55
  per_H_acc: ['H0=55.3%', 'H1=62.9%', 'H2=65.5%', 'H3=67.4%', 'H4=69.1%', 'H5=70.4%']
  H_cos: ['0.777', '0.980', '0.984', '0.984', '0.984']
  z_H_delta: ['18.375', '7.906', '6.312', '6.000', '5.625']
  cells: fixed=[8090, 6070, 3955, 3552, 3443] broken=[3385, 4412, 2769, 2503, 2629]
  per_ACT_cell_acc: ['H1=55.3%', 'H2=62.9%', 'H3=65.5%', 'H4=67.4%', 'H5=69.1%', 'H6=70.4%', 'H7=71.3%', 'H8=71.3%', 'H9=71.7%', 'H10=72.2%', 'H11=73.0%', 'H12=73.8%', 'H13=74.3%', 'H14=74.5%', 'H15=74.4%', 'H16=74.3%']
  per_ACT_puzzle_acc: ['H1=2.0%', 'H2=2.6%', 'H3=4.6%', 'H4=8.2%', 'H5=12.8%', 'H6=16.5%', 'H7=21.2%', 'H8=22.7%', 'H9=24.5%', 'H10=25.5%', 'H11=27.5%', 'H12=29.3%', 'H13=30.9%', 'H14=32.3%', 'H15=32.8%', 'H16=33.6%']
  mean_sigmoid_q_halt: ['0.080', '0.027', '0.053', '0.101', '0.142', '0.181', '0.225', '0.252', '0.270', '0.285', '0.305', '0.322', '0.344', '0.359', '0.365', '0.373']
  halt_rates: ['0.03', '0.03', '0.05', '0.10', '0.14', '0.18', '0.22', '0.25', '0.27', '0.28', '0.31', '0.32', '0.34', '0.36', '0.36', '0.37']
  halt_histogram %: [85.1, 3.9, 2.4, 1.9, 1.6, 1.3, 1.0, 0.8, 0.6, 0.4, 0.3, 0.2, 0.1, 0.1, 0.0, 0.4]
  Avg ACT steps (last 100): 3.48
  saved: /home/jvdillon/research/research/projects/trm3/ckpts/x182f/step04000.pt acc=82.24% (0.051s)
  saved: /home/jvdillon/research/research/projects/trm3/ckpts/x182f/best.pt acc=82.24% (0.097s)
Step  4000  Test 82.24% / 55.43%  Train lm=1.3438±0.0923ϵ[0.9141,1.9062] n_active=768.0001±0.0000ϵ[768.0000,768.0000] n_expunged=28.3165±28.3187ϵ[0.0000,192.0000] n_halted=47.1890±18.6857ϵ[0.0000,192.0000] pool_util=1.0000±0.0000ϵ[1.0000,1.0000]  (304.819s / 1175.736s)
  cell_acc=91.11%, puzzle_acc=78.19%
  eval_avg_halt_step: 5.51
  per_H_acc: ['H0=54.6%', 'H1=62.9%', 'H2=66.3%', 'H3=68.8%', 'H4=71.4%', 'H5=73.2%']
  H_cos: ['0.844', '0.977', '0.980', '0.980', '0.984']
  z_H_delta: ['17.375', '7.938', '6.625', '6.438', '5.688']
  cells: fixed=[8370, 6246, 4335, 4449, 3829] broken=[3192, 4101, 2791, 2828, 2741]
  per_ACT_cell_acc: ['H1=54.6%', 'H2=62.9%', 'H3=66.3%', 'H4=68.8%', 'H5=71.4%', 'H6=73.2%', 'H7=74.5%', 'H8=75.5%', 'H9=76.2%', 'H10=76.8%', 'H11=77.1%', 'H12=77.8%', 'H13=78.6%', 'H14=79.4%', 'H15=79.7%', 'H16=79.9%']
  per_ACT_puzzle_acc: ['H1=0.8%', 'H2=2.5%', 'H3=5.2%', 'H4=11.1%', 'H5=18.0%', 'H6=22.5%', 'H7=27.0%', 'H8=30.3%', 'H9=33.9%', 'H10=36.8%', 'H11=39.3%', 'H12=40.4%', 'H13=42.1%', 'H14=43.1%', 'H15=44.5%', 'H16=46.1%']
  mean_sigmoid_q_halt: ['0.037', '0.025', '0.066', '0.123', '0.205', '0.249', '0.297', '0.336', '0.373', '0.404', '0.428', '0.438', '0.457', '0.467', '0.486', '0.496']
  halt_rates: ['0.02', '0.02', '0.06', '0.12', '0.20', '0.24', '0.30', '0.34', '0.37', '0.40', '0.43', '0.44', '0.46', '0.47', '0.49', '0.50']
  halt_histogram %: [75.0, 8.4, 4.3, 3.0, 2.4, 1.8, 1.4, 1.0, 0.8, 0.5, 0.4, 0.2, 0.2, 0.1, 0.1, 0.4]
  Avg ACT steps (last 100): 2.51
  saved: /home/jvdillon/research/research/projects/trm3/ckpts/x182f/step06000.pt acc=91.11% (0.050s)
  saved: /home/jvdillon/research/research/projects/trm3/ckpts/x182f/best.pt acc=91.11% (0.097s)
Step  6000  Test 91.11% / 78.19%  Train lm=1.3516±0.0322ϵ[1.2422,1.5234] n_active=768.0001±0.0000ϵ[768.0000,768.0000] n_expunged=7.1880±4.9860ϵ[0.0000,47.0000] n_halted=67.6645±10.4374ϵ[32.0000,107.0000] pool_util=1.0000±0.0000ϵ[1.0000,1.0000]  (304.136s / 1178.458s)
  cell_acc=92.95%, puzzle_acc=82.46%
  eval_avg_halt_step: 4.89
  per_H_acc: ['H0=54.8%', 'H1=63.7%', 'H2=67.6%', 'H3=71.1%', 'H4=74.0%', 'H5=75.6%']
  H_cos: ['0.902', '0.980', '0.984', '0.980', '0.984']
  z_H_delta: ['16.125', '7.531', '6.625', '6.312', '5.719']
  cells: fixed=[9151, 6279, 4988, 4696, 3666] broken=[3626, 3812, 2840, 2858, 2713]
  per_ACT_cell_acc: ['H1=54.8%', 'H2=63.7%', 'H3=67.6%', 'H4=71.1%', 'H5=74.0%', 'H6=75.6%', 'H7=76.8%', 'H8=77.7%', 'H9=78.9%', 'H10=79.8%', 'H11=80.7%', 'H12=81.2%', 'H13=81.6%', 'H14=82.0%', 'H15=82.3%', 'H16=82.4%']
  per_ACT_puzzle_acc: ['H1=0.8%', 'H2=2.7%', 'H3=7.0%', 'H4=13.7%', 'H5=22.1%', 'H6=29.0%', 'H7=34.6%', 'H8=38.4%', 'H9=42.1%', 'H10=44.3%', 'H11=46.5%', 'H12=48.4%', 'H13=50.9%', 'H14=52.0%', 'H15=53.0%', 'H16=54.2%']
  mean_sigmoid_q_halt: ['0.010', '0.027', '0.076', '0.143', '0.232', '0.305', '0.361', '0.402', '0.432', '0.461', '0.484', '0.504', '0.527', '0.539', '0.551', '0.562']
  halt_rates: ['0.00', '0.03', '0.07', '0.14', '0.23', '0.30', '0.36', '0.40', '0.43', '0.46', '0.48', '0.51', '0.53', '0.54', '0.55', '0.56']
  halt_histogram %: [69.5, 11.9, 5.5, 3.5, 2.6, 1.9, 1.5, 1.1, 0.8, 0.5, 0.4, 0.2, 0.2, 0.1, 0.1, 0.4]
  Avg ACT steps (last 100): 2.23
  saved: /home/jvdillon/research/research/projects/trm3/ckpts/x182f/step08000.pt acc=92.95% (0.049s)
  saved: /home/jvdillon/research/research/projects/trm3/ckpts/x182f/best.pt acc=92.95% (0.096s)
Step  8000  Test 92.95% / 82.46%  Train lm=1.3203±0.0369ϵ[1.1641,1.4766] n_active=768.0001±0.0000ϵ[768.0000,768.0000] n_expunged=5.6830±2.6340ϵ[0.0000,17.0000] n_halted=83.8800±10.2931ϵ[57.0000,122.0000] pool_util=1.0000±0.0000ϵ[1.0000,1.0000]  (304.197s / 1178.889s)
  cell_acc=95.10%, puzzle_acc=87.94%
  eval_avg_halt_step: 3.88
  per_H_acc: ['H0=54.2%', 'H1=63.9%', 'H2=68.3%', 'H3=72.0%', 'H4=75.3%', 'H5=77.0%']
  H_cos: ['0.902', '0.980', '0.980', '0.984', '0.988']
  z_H_delta: ['16.375', '7.719', '6.844', '6.094', '5.406']
  cells: fixed=[9559, 6572, 5106, 4581, 3553] broken=[3508, 3818, 2779, 2570, 2462]
  per_ACT_cell_acc: ['H1=54.2%', 'H2=63.9%', 'H3=68.3%', 'H4=72.0%', 'H5=75.3%', 'H6=77.0%', 'H7=78.5%', 'H8=79.8%', 'H9=80.7%', 'H10=81.5%', 'H11=82.0%', 'H12=82.9%', 'H13=83.7%', 'H14=84.1%', 'H15=84.6%', 'H16=85.2%']
  per_ACT_puzzle_acc: ['H1=1.0%', 'H2=2.9%', 'H3=9.5%', 'H4=19.1%', 'H5=27.7%', 'H6=34.2%', 'H7=40.1%', 'H8=44.9%', 'H9=48.0%', 'H10=50.3%', 'H11=52.1%', 'H12=54.2%', 'H13=56.1%', 'H14=57.6%', 'H15=59.0%', 'H16=61.1%']
  mean_sigmoid_q_halt: ['0.018', '0.028', '0.110', '0.212', '0.297', '0.365', '0.428', '0.475', '0.508', '0.531', '0.547', '0.570', '0.586', '0.602', '0.613', '0.637']
  halt_rates: ['0.01', '0.03', '0.10', '0.20', '0.29', '0.36', '0.42', '0.47', '0.51', '0.53', '0.55', '0.57', '0.58', '0.60', '0.61', '0.64']
  halt_histogram %: [67.0, 14.3, 6.0, 3.6, 2.5, 1.9, 1.4, 1.0, 0.7, 0.5, 0.3, 0.2, 0.2, 0.1, 0.1, 0.3]
  Avg ACT steps (last 100): 1.86
  saved: /home/jvdillon/research/research/projects/trm3/ckpts/x182f/step10000.pt acc=95.10% (0.050s)
  saved: /home/jvdillon/research/research/projects/trm3/ckpts/x182f/best.pt acc=95.10% (0.098s)
Step 10000  Test 95.10% / 87.94%  Train lm=1.2969±0.0464ϵ[1.1172,1.6172] n_active=768.0001±0.0000ϵ[768.0000,768.0000] n_expunged=5.8820±2.5453ϵ[0.0000,17.0000] n_halted=97.9990±11.1172ϵ[63.0000,135.0000] pool_util=1.0000±0.0000ϵ[1.0000,1.0000]  (304.166s / 1179.303s)
  cell_acc=95.14%, puzzle_acc=88.10%
  eval_avg_halt_step: 3.65
  per_H_acc: ['H0=52.4%', 'H1=63.3%', 'H2=68.2%', 'H3=72.1%', 'H4=75.4%', 'H5=77.6%']
  H_cos: ['0.852', '0.980', '0.984', '0.984', '0.988']
  z_H_delta: ['17.750', '7.719', '6.688', '6.094', '5.312']
  cells: fixed=[9951, 6914, 5320, 4459, 3737] broken=[3185, 3873, 2876, 2428, 2337]
  per_ACT_cell_acc: ['H1=52.4%', 'H2=63.3%', 'H3=68.2%', 'H4=72.1%', 'H5=75.4%', 'H6=77.6%', 'H7=78.4%', 'H8=79.4%', 'H9=80.4%', 'H10=81.1%', 'H11=81.9%', 'H12=82.6%', 'H13=83.4%', 'H14=83.9%', 'H15=84.3%', 'H16=84.8%']
  per_ACT_puzzle_acc: ['H1=0.8%', 'H2=2.9%', 'H3=9.1%', 'H4=18.5%', 'H5=27.2%', 'H6=35.7%', 'H7=39.7%', 'H8=44.0%', 'H9=46.1%', 'H10=48.4%', 'H11=51.2%', 'H12=53.8%', 'H13=55.3%', 'H14=56.9%', 'H15=58.3%', 'H16=59.8%']
  mean_sigmoid_q_halt: ['0.024', '0.028', '0.108', '0.205', '0.303', '0.385', '0.428', '0.477', '0.504', '0.520', '0.555', '0.578', '0.594', '0.605', '0.621', '0.637']
  halt_rates: ['0.01', '0.03', '0.10', '0.20', '0.29', '0.38', '0.43', '0.48', '0.50', '0.52', '0.55', '0.58', '0.59', '0.61', '0.62', '0.63']
  halt_histogram %: [66.0, 15.8, 6.2, 3.5, 2.4, 1.7, 1.3, 0.9, 0.6, 0.4, 0.3, 0.2, 0.1, 0.1, 0.1, 0.3]
  Avg ACT steps (last 100): 1.58
  saved: /home/jvdillon/research/research/projects/trm3/ckpts/x182f/step12000.pt acc=95.14% (0.051s)
  saved: /home/jvdillon/research/research/projects/trm3/ckpts/x182f/best.pt acc=95.14% (0.098s)
Step 12000  Test 95.14% / 88.10%  Train lm=1.2656±0.0447ϵ[1.1094,1.6094] n_active=768.0001±0.0000ϵ[768.0000,768.0000] n_expunged=6.6755±2.6519ϵ[0.0000,19.0000] n_halted=106.9770±10.0490ϵ[76.0000,144.0000] pool_util=1.0000±0.0000ϵ[1.0000,1.0000]  (304.191s / 1179.187s)
  cell_acc=96.38%, puzzle_acc=91.22%
  eval_avg_halt_step: 3.32
  per_H_acc: ['H0=53.2%', 'H1=64.1%', 'H2=68.3%', 'H3=72.4%', 'H4=76.1%', 'H5=78.5%']
  H_cos: ['0.922', '0.980', '0.984', '0.984', '0.984']
  z_H_delta: ['15.688', '7.750', '6.844', '6.375', '5.625']
  cells: fixed=[10592, 6026, 5384, 4894, 3657] broken=[3851, 3413, 2786, 2596, 2215]
  per_ACT_cell_acc: ['H1=53.2%', 'H2=64.1%', 'H3=68.3%', 'H4=72.4%', 'H5=76.1%', 'H6=78.5%', 'H7=80.1%', 'H8=81.8%', 'H9=82.4%', 'H10=83.2%', 'H11=84.2%', 'H12=84.7%', 'H13=85.3%', 'H14=85.5%', 'H15=85.9%', 'H16=86.4%']
  per_ACT_puzzle_acc: ['H1=0.5%', 'H2=3.4%', 'H3=11.3%', 'H4=20.2%', 'H5=30.7%', 'H6=39.3%', 'H7=43.9%', 'H8=47.8%', 'H9=53.3%', 'H10=55.7%', 'H11=57.3%', 'H12=59.6%', 'H13=60.9%', 'H14=61.8%', 'H15=62.8%', 'H16=64.2%']
  mean_sigmoid_q_halt: ['0.013', '0.032', '0.136', '0.220', '0.320', '0.410', '0.457', '0.500', '0.559', '0.578', '0.598', '0.617', '0.637', '0.645', '0.656', '0.668']
  halt_rates: ['0.00', '0.03', '0.12', '0.21', '0.31', '0.40', '0.45', '0.49', '0.55', '0.58', '0.59', '0.61', '0.63', '0.64', '0.65', '0.66']
  halt_histogram %: [65.8, 16.9, 6.3, 3.3, 2.2, 1.6, 1.1, 0.8, 0.6, 0.4, 0.3, 0.2, 0.1, 0.1, 0.1, 0.2]
  Avg ACT steps (last 100): 1.48
  saved: /home/jvdillon/research/research/projects/trm3/ckpts/x182f/step14000.pt acc=96.38% (0.087s)
  saved: /home/jvdillon/research/research/projects/trm3/ckpts/x182f/best.pt acc=96.38% (0.135s)
Step 14000  Test 96.38% / 91.22%  Train lm=1.2422±0.0442ϵ[1.1016,1.5625] n_active=768.0001±0.0000ϵ[768.0000,768.0000] n_expunged=7.2065±2.8023ϵ[0.0000,19.0000] n_halted=115.9530±9.4604ϵ[88.0000,149.0000] pool_util=1.0000±0.0000ϵ[1.0000,1.0000]  (304.248s / 1179.411s)
  cell_acc=97.26%, puzzle_acc=93.26%
  eval_avg_halt_step: 3.07
  per_H_acc: ['H0=52.7%', 'H1=64.7%', 'H2=69.8%', 'H3=74.4%', 'H4=77.6%', 'H5=80.1%']
  H_cos: ['0.910', '0.980', '0.984', '0.984', '0.988']
  z_H_delta: ['16.500', '7.938', '7.031', '6.156', '5.406']
  cells: fixed=[10915, 6775, 5638, 4612, 3859] broken=[3435, 3606, 2750, 2649, 2316]
  per_ACT_cell_acc: ['H1=52.7%', 'H2=64.7%', 'H3=69.8%', 'H4=74.4%', 'H5=77.6%', 'H6=80.1%', 'H7=81.6%', 'H8=82.8%', 'H9=84.3%', 'H10=85.9%', 'H11=86.7%', 'H12=87.0%', 'H13=87.3%', 'H14=87.9%', 'H15=88.5%', 'H16=89.0%']
  per_ACT_puzzle_acc: ['H1=0.7%', 'H2=2.7%', 'H3=10.7%', 'H4=23.3%', 'H5=31.5%', 'H6=42.3%', 'H7=48.0%', 'H8=51.2%', 'H9=55.5%', 'H10=59.9%', 'H11=62.9%', 'H12=64.5%', 'H13=66.5%', 'H14=68.0%', 'H15=68.9%', 'H16=70.7%']
  mean_sigmoid_q_halt: ['0.010', '0.028', '0.126', '0.247', '0.332', '0.432', '0.486', '0.527', '0.566', '0.613', '0.641', '0.660', '0.680', '0.691', '0.699', '0.719']
  halt_rates: ['0.00', '0.03', '0.11', '0.24', '0.33', '0.43', '0.48', '0.52', '0.57', '0.61', '0.64', '0.66', '0.68', '0.69', '0.70', '0.72']
  halt_histogram %: [66.2, 17.5, 6.2, 3.2, 2.0, 1.4, 1.0, 0.7, 0.5, 0.4, 0.2, 0.2, 0.1, 0.1, 0.1, 0.2]
  Avg ACT steps (last 100): 1.56
  saved: /home/jvdillon/research/research/projects/trm3/ckpts/x182f/step16000.pt acc=97.26% (0.286s)
  saved: /home/jvdillon/research/research/projects/trm3/ckpts/x182f/best.pt acc=97.26% (0.333s)
Step 16000  Test 97.26% / 93.26%  Train lm=1.2188±0.0435ϵ[1.0625,1.3828] n_active=768.0001±0.0000ϵ[768.0000,768.0000] n_expunged=7.7920±2.9017ϵ[0.0000,20.0000] n_halted=123.6220±9.0327ϵ[95.0000,157.0000] pool_util=1.0000±0.0000ϵ[1.0000,1.0000]  (304.415s / 1179.390s)
  cell_acc=95.84%, puzzle_acc=89.83%
  eval_avg_halt_step: 2.77
  per_H_acc: ['H0=51.8%', 'H1=63.5%', 'H2=68.4%', 'H3=72.9%', 'H4=76.1%', 'H5=78.6%']
  H_cos: ['0.887', '0.984', '0.984', '0.984', '0.988']
  z_H_delta: ['17.750', '8.188', '7.344', '6.531', '5.562']
  cells: fixed=[10681, 7035, 5957, 4698, 4023] broken=[3387, 3995, 3144, 2759, 2455]
  per_ACT_cell_acc: ['H1=51.8%', 'H2=63.5%', 'H3=68.4%', 'H4=72.9%', 'H5=76.1%', 'H6=78.6%', 'H7=80.5%', 'H8=81.9%', 'H9=83.0%', 'H10=84.1%', 'H11=85.3%', 'H12=85.9%', 'H13=86.5%', 'H14=87.4%', 'H15=87.8%', 'H16=88.2%']
  per_ACT_puzzle_acc: ['H1=0.4%', 'H2=2.7%', 'H3=8.7%', 'H4=19.0%', 'H5=29.3%', 'H6=38.4%', 'H7=44.5%', 'H8=49.1%', 'H9=53.0%', 'H10=57.2%', 'H11=60.2%', 'H12=61.7%', 'H13=63.4%', 'H14=65.9%', 'H15=67.4%', 'H16=69.1%']
  mean_sigmoid_q_halt: ['0.011', '0.025', '0.123', '0.236', '0.346', '0.430', '0.500', '0.543', '0.582', '0.633', '0.660', '0.676', '0.695', '0.719', '0.734', '0.750']
  halt_rates: ['0.00', '0.02', '0.11', '0.23', '0.34', '0.42', '0.49', '0.54', '0.58', '0.63', '0.66', '0.68', '0.69', '0.71', '0.73', '0.75']
  halt_histogram %: [66.8, 17.9, 6.0, 3.0, 1.9, 1.3, 0.9, 0.6, 0.5, 0.3, 0.2, 0.1, 0.1, 0.1, 0.0, 0.2]
  Avg ACT steps (last 100): 1.69
  saved: /home/jvdillon/research/research/projects/trm3/ckpts/x182f/step18000.pt acc=95.84% (0.303s)
Step 18000  Test 95.84% / 89.83%  Train lm=1.2031±0.0432ϵ[1.0469,1.4688] n_active=768.0001±0.0000ϵ[768.0000,768.0000] n_expunged=8.3425±3.1204ϵ[0.0000,20.0000] n_halted=129.4260±9.2453ϵ[105.0000,162.0000] pool_util=1.0000±0.0000ϵ[1.0000,1.0000]  (304.367s / 1179.165s)
  cell_acc=97.42%, puzzle_acc=93.65%
  eval_avg_halt_step: 2.63
  per_H_acc: ['H0=51.6%', 'H1=63.4%', 'H2=69.3%', 'H3=75.0%', 'H4=78.8%', 'H5=81.8%']
  H_cos: ['0.879', '0.980', '0.980', '0.984', '0.984']
  z_H_delta: ['18.375', '8.625', '7.719', '6.688', '5.688']
  cells: fixed=[11022, 7476, 6548, 4929, 4193] broken=[3639, 3843, 2972, 2605, 2290]
  per_ACT_cell_acc: ['H1=51.6%', 'H2=63.4%', 'H3=69.3%', 'H4=75.0%', 'H5=78.8%', 'H6=81.8%', 'H7=83.9%', 'H8=85.0%', 'H9=86.1%', 'H10=87.5%', 'H11=88.0%', 'H12=88.4%', 'H13=88.6%', 'H14=89.2%', 'H15=89.6%', 'H16=90.1%']
  per_ACT_puzzle_acc: ['H1=0.0%', 'H2=2.6%', 'H3=10.0%', 'H4=23.6%', 'H5=35.3%', 'H6=45.4%', 'H7=53.4%', 'H8=58.1%', 'H9=62.0%', 'H10=64.8%', 'H11=67.1%', 'H12=68.4%', 'H13=69.8%', 'H14=71.1%', 'H15=73.0%', 'H16=73.8%']
  mean_sigmoid_q_halt: ['0.013', '0.026', '0.153', '0.281', '0.389', '0.488', '0.566', '0.605', '0.648', '0.676', '0.699', '0.711', '0.727', '0.738', '0.758', '0.766']
  halt_rates: ['0.00', '0.02', '0.14', '0.26', '0.38', '0.48', '0.56', '0.61', '0.65', '0.67', '0.69', '0.71', '0.73', '0.74', '0.75', '0.76']
  halt_histogram %: [67.5, 18.1, 5.8, 2.8, 1.7, 1.2, 0.8, 0.6, 0.4, 0.3, 0.2, 0.1, 0.1, 0.1, 0.0, 0.2]
  Avg ACT steps (last 100): 1.29
  saved: /home/jvdillon/research/research/projects/trm3/ckpts/x182f/step20000.pt acc=97.42% (0.096s)
  saved: /home/jvdillon/research/research/projects/trm3/ckpts/x182f/best.pt acc=97.42% (0.144s)
Step 20000  Test 97.42% / 93.65%  Train lm=1.1953±0.0400ϵ[1.0391,1.4531] n_active=768.0001±0.0000ϵ[768.0000,768.0000] n_expunged=8.9345±3.2341ϵ[0.0000,24.0000] n_halted=135.2880±8.4113ϵ[104.0000,162.0000] pool_util=1.0000±0.0000ϵ[1.0000,1.0000]  (304.236s / 1179.304s)
  cell_acc=97.22%, puzzle_acc=93.17%
  eval_avg_halt_step: 2.54
  per_H_acc: ['H0=48.4%', 'H1=62.5%', 'H2=68.3%', 'H3=74.0%', 'H4=78.2%', 'H5=81.4%']
  H_cos: ['0.859', '0.980', '0.980', '0.984', '0.988']
  z_H_delta: ['19.250', '8.500', '7.562', '6.625', '5.531']
  cells: fixed=[12324, 7390, 6404, 5258, 4203] broken=[3541, 3768, 2877, 2629, 2199]
  per_ACT_cell_acc: ['H1=48.4%', 'H2=62.5%', 'H3=68.3%', 'H4=74.0%', 'H5=78.2%', 'H6=81.4%', 'H7=83.5%', 'H8=85.2%', 'H9=86.5%', 'H10=87.4%', 'H11=87.4%', 'H12=88.3%', 'H13=88.9%', 'H14=89.4%', 'H15=89.8%', 'H16=90.1%']
  per_ACT_puzzle_acc: ['H1=0.0%', 'H2=2.6%', 'H3=9.4%', 'H4=22.5%', 'H5=35.3%', 'H6=45.1%', 'H7=52.3%', 'H8=57.9%', 'H9=62.0%', 'H10=65.1%', 'H11=66.5%', 'H12=68.0%', 'H13=69.7%', 'H14=71.5%', 'H15=72.7%', 'H16=73.4%']
  mean_sigmoid_q_halt: ['0.008', '0.026', '0.150', '0.281', '0.393', '0.490', '0.559', '0.609', '0.652', '0.680', '0.695', '0.711', '0.727', '0.746', '0.754', '0.762']
  halt_rates: ['0.00', '0.03', '0.13', '0.27', '0.38', '0.48', '0.55', '0.61', '0.65', '0.68', '0.69', '0.71', '0.73', '0.74', '0.75', '0.76']
  halt_histogram %: [68.4, 18.2, 5.6, 2.6, 1.6, 1.1, 0.8, 0.5, 0.4, 0.3, 0.2, 0.1, 0.1, 0.1, 0.0, 0.2]
  Avg ACT steps (last 100): 1.30
  saved: /home/jvdillon/research/research/projects/trm3/ckpts/x182f/step22000.pt acc=97.22% (0.080s)
Step 22000  Test 97.22% / 93.17%  Train lm=1.1719±0.0361ϵ[1.0312,1.3984] n_active=768.0001±0.0000ϵ[768.0000,768.0000] n_expunged=9.4460±3.3403ϵ[0.0000,24.0000] n_halted=140.6230±7.8527ϵ[112.0000,171.0000] pool_util=1.0000±0.0000ϵ[1.0000,1.0000]  (304.178s / 1179.407s)
  cell_acc=97.66%, puzzle_acc=94.21%
  eval_avg_halt_step: 2.40
  per_H_acc: ['H0=49.6%', 'H1=62.9%', 'H2=69.5%', 'H3=75.7%', 'H4=79.7%', 'H5=82.8%']
  H_cos: ['0.863', '0.980', '0.980', '0.984', '0.988']
  z_H_delta: ['19.125', '8.812', '7.906', '6.781', '5.594']
  cells: fixed=[11747, 7637, 6898, 5126, 4105] broken=[3439, 3519, 3057, 2625, 2193]
  per_ACT_cell_acc: ['H1=49.6%', 'H2=62.9%', 'H3=69.5%', 'H4=75.7%', 'H5=79.7%', 'H6=82.8%', 'H7=84.7%', 'H8=86.2%', 'H9=87.2%', 'H10=88.1%', 'H11=88.4%', 'H12=89.2%', 'H13=89.9%', 'H14=90.2%', 'H15=90.9%', 'H16=91.4%']
  per_ACT_puzzle_acc: ['H1=0.0%', 'H2=2.3%', 'H3=10.4%', 'H4=25.9%', 'H5=37.5%', 'H6=48.2%', 'H7=54.9%', 'H8=60.5%', 'H9=64.5%', 'H10=66.8%', 'H11=69.0%', 'H12=70.8%', 'H13=72.3%', 'H14=73.8%', 'H15=75.4%', 'H16=76.7%']
  mean_sigmoid_q_halt: ['0.006', '0.025', '0.152', '0.285', '0.408', '0.504', '0.574', '0.629', '0.660', '0.684', '0.711', '0.727', '0.738', '0.758', '0.773', '0.781']
  halt_rates: ['0.00', '0.02', '0.14', '0.27', '0.40', '0.50', '0.57', '0.62', '0.66', '0.68', '0.71', '0.72', '0.74', '0.76', '0.77', '0.78']
  halt_histogram %: [69.3, 18.2, 5.4, 2.4, 1.5, 1.0, 0.7, 0.5, 0.3, 0.2, 0.2, 0.1, 0.1, 0.1, 0.0, 0.1]
  Avg ACT steps (last 100): 1.32
  saved: /home/jvdillon/research/research/projects/trm3/ckpts/x182f/step24000.pt acc=97.66% (0.097s)
  saved: /home/jvdillon/research/research/projects/trm3/ckpts/x182f/best.pt acc=97.66% (0.144s)
Step 24000  Test 97.66% / 94.21%  Train lm=1.1484±0.0483ϵ[0.9883,1.4609] n_active=768.0001±0.0000ϵ[768.0000,768.0000] n_expunged=9.6850±3.6045ϵ[0.0000,23.0000] n_halted=145.3340±7.8665ϵ[123.0000,171.0000] pool_util=1.0000±0.0000ϵ[1.0000,1.0000]  (304.210s / 1179.242s)
  cell_acc=97.72%, puzzle_acc=94.35%
  eval_avg_halt_step: 2.31
  per_H_acc: ['H0=48.7%', 'H1=62.8%', 'H2=68.6%', 'H3=74.3%', 'H4=79.3%', 'H5=82.2%']
  H_cos: ['0.848', '0.977', '0.980', '0.984', '0.988']
  z_H_delta: ['20.000', '8.938', '7.750', '6.656', '5.438']
  cells: fixed=[12365, 7398, 6577, 5366, 3889] broken=[3564, 3818, 3020, 2248, 2111]
  per_ACT_cell_acc: ['H1=48.7%', 'H2=62.8%', 'H3=68.6%', 'H4=74.3%', 'H5=79.3%', 'H6=82.2%', 'H7=84.6%', 'H8=86.1%', 'H9=87.0%', 'H10=87.5%', 'H11=88.2%', 'H12=89.0%', 'H13=89.6%', 'H14=90.2%', 'H15=90.3%', 'H16=90.6%']
  per_ACT_puzzle_acc: ['H1=0.0%', 'H2=3.0%', 'H3=11.5%', 'H4=25.1%', 'H5=38.9%', 'H6=48.2%', 'H7=55.7%', 'H8=61.6%', 'H9=65.6%', 'H10=67.6%', 'H11=68.9%', 'H12=72.0%', 'H13=72.9%', 'H14=73.8%', 'H15=74.9%', 'H16=76.6%']
  mean_sigmoid_q_halt: ['0.008', '0.028', '0.177', '0.297', '0.432', '0.520', '0.594', '0.648', '0.688', '0.707', '0.723', '0.746', '0.758', '0.766', '0.777', '0.789']
  halt_rates: ['0.00', '0.03', '0.16', '0.29', '0.42', '0.51', '0.59', '0.65', '0.69', '0.70', '0.72', '0.75', '0.76', '0.77', '0.78', '0.79']
  halt_histogram %: [70.2, 18.1, 5.2, 2.3, 1.3, 0.9, 0.6, 0.4, 0.3, 0.2, 0.1, 0.1, 0.1, 0.0, 0.0, 0.1]
  Avg ACT steps (last 100): 1.26
  saved: /home/jvdillon/research/research/projects/trm3/ckpts/x182f/step26000.pt acc=97.72% (0.095s)
  saved: /home/jvdillon/research/research/projects/trm3/ckpts/x182f/best.pt acc=97.72% (0.142s)
Step 26000  Test 97.72% / 94.35%  Train lm=1.1250±0.0483ϵ[0.9883,1.2109] n_active=768.0001±0.0000ϵ[768.0000,768.0000] n_expunged=10.2885±3.7460ϵ[1.0000,25.0000] n_halted=149.1180±7.4299ϵ[129.0000,172.0000] pool_util=1.0000±0.0000ϵ[1.0000,1.0000]  (304.205s / 1179.075s)
  cell_acc=98.09%, puzzle_acc=95.30%
  eval_avg_halt_step: 2.28
  per_H_acc: ['H0=49.3%', 'H1=62.9%', 'H2=69.0%', 'H3=74.7%', 'H4=79.3%', 'H5=82.5%']
  H_cos: ['0.855', '0.977', '0.980', '0.980', '0.984']
  z_H_delta: ['19.625', '9.000', '7.875', '6.875', '5.594']
  cells: fixed=[11982, 7459, 6517, 5339, 4126] broken=[3506, 3704, 2940, 2499, 2119]
  per_ACT_cell_acc: ['H1=49.3%', 'H2=62.9%', 'H3=69.0%', 'H4=74.7%', 'H5=79.3%', 'H6=82.5%', 'H7=84.3%', 'H8=85.8%', 'H9=86.8%', 'H10=87.7%', 'H11=88.5%', 'H12=89.1%', 'H13=89.5%', 'H14=90.3%', 'H15=91.0%', 'H16=91.5%']
  per_ACT_puzzle_acc: ['H1=0.0%', 'H2=3.0%', 'H3=10.5%', 'H4=25.3%', 'H5=38.0%', 'H6=48.3%', 'H7=56.2%', 'H8=60.8%', 'H9=64.5%', 'H10=67.4%', 'H11=69.3%', 'H12=70.8%', 'H13=72.7%', 'H14=74.6%', 'H15=76.0%', 'H16=76.8%']
  mean_sigmoid_q_halt: ['0.006', '0.027', '0.166', '0.303', '0.424', '0.523', '0.605', '0.641', '0.676', '0.699', '0.723', '0.734', '0.758', '0.773', '0.789', '0.797']
  halt_rates: ['0.00', '0.03', '0.15', '0.29', '0.41', '0.51', '0.60', '0.63', '0.67', '0.70', '0.72', '0.73', '0.76', '0.77', '0.79', '0.79']
  halt_histogram %: [71.0, 17.9, 4.9, 2.1, 1.2, 0.8, 0.6, 0.4, 0.3, 0.2, 0.1, 0.1, 0.1, 0.0, 0.0, 0.1]
  Avg ACT steps (last 100): 1.27
  saved: /home/jvdillon/research/research/projects/trm3/ckpts/x182f/step28000.pt acc=98.09% (0.096s)
  saved: /home/jvdillon/research/research/projects/trm3/ckpts/x182f/best.pt acc=98.09% (0.143s)
Step 28000  Test 98.09% / 95.30%  Train lm=1.1094±0.0420ϵ[0.9883,1.1875] n_active=768.0001±0.0000ϵ[768.0000,768.0000] n_expunged=10.7465±3.7414ϵ[1.0000,24.0000] n_halted=152.1835±6.8010ϵ[130.0000,176.0000] pool_util=1.0000±0.0000ϵ[1.0000,1.0000]  (304.214s / 1179.229s)
  cell_acc=98.06%, puzzle_acc=95.27%
  eval_avg_halt_step: 2.25
  per_H_acc: ['H0=48.9%', 'H1=63.2%', 'H2=69.4%', 'H3=75.4%', 'H4=79.9%', 'H5=82.8%']
  H_cos: ['0.844', '0.977', '0.980', '0.980', '0.984']
  z_H_delta: ['20.000', '9.312', '7.938', '6.750', '5.500']
  cells: fixed=[12383, 7549, 6652, 5144, 4000] broken=[3437, 3720, 2919, 2353, 2211]
  per_ACT_cell_acc: ['H1=48.9%', 'H2=63.2%', 'H3=69.4%', 'H4=75.4%', 'H5=79.9%', 'H6=82.8%', 'H7=85.1%', 'H8=86.2%', 'H9=87.7%', 'H10=88.5%', 'H11=89.5%', 'H12=89.8%', 'H13=90.6%', 'H14=91.0%', 'H15=91.4%', 'H16=91.8%']
  per_ACT_puzzle_acc: ['H1=0.0%', 'H2=2.9%', 'H3=12.1%', 'H4=25.8%', 'H5=40.8%', 'H6=50.8%', 'H7=57.0%', 'H8=61.8%', 'H9=65.8%', 'H10=69.4%', 'H11=71.2%', 'H12=73.4%', 'H13=75.5%', 'H14=76.6%', 'H15=77.6%', 'H16=78.4%']
  mean_sigmoid_q_halt: ['0.007', '0.024', '0.182', '0.311', '0.451', '0.543', '0.602', '0.652', '0.691', '0.719', '0.738', '0.762', '0.777', '0.789', '0.797', '0.809']
  halt_rates: ['0.00', '0.02', '0.16', '0.29', '0.44', '0.53', '0.59', '0.65', '0.69', '0.71', '0.74', '0.76', '0.78', '0.79', '0.80', '0.81']
  halt_histogram %: [71.8, 17.8, 4.7, 2.0, 1.1, 0.8, 0.5, 0.4, 0.3, 0.2, 0.1, 0.1, 0.1, 0.0, 0.0, 0.1]
  Avg ACT steps (last 100): 1.24
  saved: /home/jvdillon/research/research/projects/trm3/ckpts/x182f/step30000.pt acc=98.06% (0.050s)
Step 30000  Test 98.06% / 95.27%  Train lm=1.1016±0.0369ϵ[0.9883,1.1797] n_active=768.0001±0.0000ϵ[768.0000,768.0000] n_expunged=11.0595±3.6704ϵ[0.0000,27.0000] n_halted=153.7940±6.1696ϵ[133.0000,175.0000] pool_util=1.0000±0.0000ϵ[1.0000,1.0000]  (304.073s / 1179.207s)
  cell_acc=98.06%, puzzle_acc=95.23%
  eval_avg_halt_step: 2.25
  per_H_acc: ['H0=49.7%', 'H1=63.3%', 'H2=69.0%', 'H3=75.1%', 'H4=78.7%', 'H5=81.6%']
  H_cos: ['0.848', '0.977', '0.980', '0.984', '0.988']
  z_H_delta: ['19.750', '9.125', '7.875', '6.750', '5.562']
  cells: fixed=[11995, 7296, 6818, 4886, 3966] broken=[3531, 3789, 2965, 2707, 2146]
  per_ACT_cell_acc: ['H1=49.7%', 'H2=63.3%', 'H3=69.0%', 'H4=75.1%', 'H5=78.7%', 'H6=81.6%', 'H7=83.9%', 'H8=85.7%', 'H9=87.2%', 'H10=87.9%', 'H11=88.6%', 'H12=89.0%', 'H13=89.7%', 'H14=90.7%', 'H15=91.4%', 'H16=91.8%']
  per_ACT_puzzle_acc: ['H1=0.3%', 'H2=2.6%', 'H3=11.6%', 'H4=25.9%', 'H5=37.2%', 'H6=47.4%', 'H7=54.3%', 'H8=60.3%', 'H9=64.5%', 'H10=67.6%', 'H11=69.5%', 'H12=71.4%', 'H13=72.5%', 'H14=75.0%', 'H15=77.1%', 'H16=78.3%']
  mean_sigmoid_q_halt: ['0.006', '0.024', '0.173', '0.305', '0.428', '0.520', '0.574', '0.637', '0.680', '0.707', '0.723', '0.746', '0.758', '0.781', '0.797', '0.809']
  halt_rates: ['0.00', '0.02', '0.15', '0.29', '0.41', '0.52', '0.57', '0.64', '0.68', '0.71', '0.72', '0.74', '0.75', '0.78', '0.80', '0.80']
  halt_histogram %: [72.5, 17.6, 4.6, 1.9, 1.1, 0.7, 0.5, 0.3, 0.2, 0.2, 0.1, 0.1, 0.1, 0.0, 0.0, 0.1]
  Avg ACT steps (last 100): 1.18
  saved: /home/jvdillon/research/research/projects/trm3/ckpts/x182f/step32000.pt acc=98.06% (0.095s)
Step 32000  Test 98.06% / 95.23%  Train lm=1.1016±0.0352ϵ[0.9922,1.1719] n_active=768.0001±0.0000ϵ[768.0000,768.0000] n_expunged=11.1350±3.7419ϵ[1.0000,28.0000] n_halted=154.7200±6.3103ϵ[132.0000,175.0000] pool_util=1.0000±0.0000ϵ[1.0000,1.0000]  (304.140s / 1179.188s)
  cell_acc=98.11%, puzzle_acc=95.39%
  eval_avg_halt_step: 2.23
  per_H_acc: ['H0=49.6%', 'H1=63.2%', 'H2=69.5%', 'H3=75.5%', 'H4=80.2%', 'H5=83.1%']
  H_cos: ['0.848', '0.977', '0.980', '0.980', '0.984']
  z_H_delta: ['19.875', '9.188', '7.875', '6.781', '5.438']
  cells: fixed=[12052, 7542, 6604, 5295, 3929] broken=[3600, 3618, 2891, 2367, 2128]
  per_ACT_cell_acc: ['H1=49.6%', 'H2=63.2%', 'H3=69.5%', 'H4=75.5%', 'H5=80.2%', 'H6=83.1%', 'H7=84.8%', 'H8=86.2%', 'H9=87.2%', 'H10=88.0%', 'H11=88.9%', 'H12=89.4%', 'H13=90.0%', 'H14=90.4%', 'H15=91.1%', 'H16=91.9%']
  per_ACT_puzzle_acc: ['H1=0.1%', 'H2=2.7%', 'H3=12.2%', 'H4=25.9%', 'H5=39.5%', 'H6=50.9%', 'H7=57.3%', 'H8=62.0%', 'H9=65.8%', 'H10=67.3%', 'H11=69.4%', 'H12=71.9%', 'H13=73.3%', 'H14=75.0%', 'H15=76.3%', 'H16=77.7%']
  mean_sigmoid_q_halt: ['0.006', '0.024', '0.188', '0.316', '0.445', '0.547', '0.609', '0.648', '0.691', '0.703', '0.727', '0.750', '0.762', '0.781', '0.793', '0.805']
  halt_rates: ['0.00', '0.02', '0.16', '0.31', '0.43', '0.54', '0.60', '0.64', '0.69', '0.70', '0.72', '0.75', '0.76', '0.78', '0.79', '0.80']
  halt_histogram %: [73.1, 17.5, 4.4, 1.8, 1.0, 0.7, 0.5, 0.3, 0.2, 0.2, 0.1, 0.1, 0.1, 0.0, 0.0, 0.1]
  Avg ACT steps (last 100): 1.28
  saved: /home/jvdillon/research/research/projects/trm3/ckpts/x182f/step34000.pt acc=98.11% (0.096s)
  saved: /home/jvdillon/research/research/projects/trm3/ckpts/x182f/best.pt acc=98.11% (0.143s)
Step 34000  Test 98.11% / 95.39%  Train lm=1.1016±0.0342ϵ[0.9922,1.1719] n_active=768.0001±0.0000ϵ[768.0000,768.0000] n_expunged=11.1685±3.7124ϵ[2.0000,25.0000] n_halted=155.0825±6.2240ϵ[134.0000,177.0000] pool_util=1.0000±0.0000ϵ[1.0000,1.0000]  (304.158s / 1179.255s)
  cell_acc=98.12%, puzzle_acc=95.42%
  eval_avg_halt_step: 2.20
  per_H_acc: ['H0=49.6%', 'H1=63.2%', 'H2=69.2%', 'H3=74.9%', 'H4=79.4%', 'H5=83.0%']
  H_cos: ['0.848', '0.977', '0.980', '0.980', '0.984']
  z_H_delta: ['19.875', '9.188', '7.781', '6.719', '5.594']
  cells: fixed=[12103, 7451, 6478, 5217, 4262] broken=[3605, 3729, 2914, 2425, 2033]
  per_ACT_cell_acc: ['H1=49.6%', 'H2=63.2%', 'H3=69.2%', 'H4=74.9%', 'H5=79.4%', 'H6=83.0%', 'H7=85.2%', 'H8=86.8%', 'H9=87.8%', 'H10=88.7%', 'H11=89.4%', 'H12=90.0%', 'H13=90.5%', 'H14=91.4%', 'H15=91.9%', 'H16=92.2%']
  per_ACT_puzzle_acc: ['H1=0.1%', 'H2=2.7%', 'H3=12.1%', 'H4=25.7%', 'H5=38.4%', 'H6=49.1%', 'H7=58.7%', 'H8=63.4%', 'H9=66.9%', 'H10=69.8%', 'H11=72.4%', 'H12=74.1%', 'H13=75.0%', 'H14=77.3%', 'H15=78.4%', 'H16=79.3%']
  mean_sigmoid_q_halt: ['0.006', '0.024', '0.183', '0.305', '0.434', '0.535', '0.621', '0.664', '0.695', '0.727', '0.754', '0.766', '0.777', '0.801', '0.809', '0.820']
  halt_rates: ['0.00', '0.02', '0.17', '0.29', '0.42', '0.53', '0.61', '0.66', '0.69', '0.73', '0.75', '0.77', '0.78', '0.80', '0.81', '0.82']
  halt_histogram %: [73.7, 17.4, 4.3, 1.7, 0.9, 0.6, 0.4, 0.3, 0.2, 0.1, 0.1, 0.1, 0.0, 0.0, 0.0, 0.1]
  Avg ACT steps (last 100): 1.12
  saved: /home/jvdillon/research/research/projects/trm3/ckpts/x182f/step36000.pt acc=98.12% (0.094s)
  saved: /home/jvdillon/research/research/projects/trm3/ckpts/x182f/best.pt acc=98.12% (0.141s)
Step 36000  Test 98.12% / 95.42%  Train lm=1.1016±0.0349ϵ[0.9844,1.1719] n_active=768.0001±0.0000ϵ[768.0000,768.0000] n_expunged=11.2090±3.6156ϵ[2.0000,24.0000] n_halted=154.7605±6.1837ϵ[132.0000,176.0000] pool_util=1.0000±0.0000ϵ[1.0000,1.0000]  (303.417s / 1177.312s)
