Adam params: ('embed_tokens.weight', 'head.weight', 'head.bias', 'q_head.weight', 'q_head.bias')
Muon 2D params: ('reasoning.0.attn.up_proj.weight', 'reasoning.0.attn.down_proj.weight', 'reasoning.0.mlp.up_proj.weight', 'reasoning.0.mlp.down_proj.weight', 'reasoning.1.attn.up_proj.weight', 'reasoning.1.attn.down_proj.weight', 'reasoning.1.mlp.up_proj.weight', 'reasoning.1.mlp.down_proj.weight')
Muon 3D params (ensemble_dims=1): ()
Saved step 0 checkpoint with RNG: /home/jvdillon/research/research/projects/trm3/ckpts/x182b/step00000_rng.pt
  cell_acc=67.63%, puzzle_acc=19.20%
  eval_avg_halt_step: 12.77
  per_H_acc: ['H0=57.3%', 'H1=63.3%', 'H2=63.8%', 'H3=64.5%', 'H4=64.5%', 'H5=64.4%']
  H_cos: ['0.848', '0.969', '0.984', '0.984', '0.984']
  z_H_delta: ['15.875', '7.594', '5.500', '5.188', '5.000']
  cells: fixed=[8011, 3857, 2592, 2269, 2075] broken=[4264, 3535, 2209, 2229, 2185]
  per_ACT_cell_acc: ['H1=57.3%', 'H2=63.3%', 'H3=63.8%', 'H4=64.5%', 'H5=64.5%', 'H6=64.4%', 'H7=64.3%', 'H8=64.3%', 'H9=64.2%', 'H10=64.5%', 'H11=64.6%', 'H12=64.7%', 'H13=64.7%', 'H14=64.7%', 'H15=64.9%', 'H16=65.1%']
  per_ACT_puzzle_acc: ['H1=0.0%', 'H2=2.5%', 'H3=4.0%', 'H4=4.8%', 'H5=6.1%', 'H6=6.5%', 'H7=7.2%', 'H8=7.4%', 'H9=8.1%', 'H10=8.5%', 'H11=9.0%', 'H12=9.2%', 'H13=9.4%', 'H14=10.4%', 'H15=10.5%', 'H16=10.7%']
  mean_sigmoid_q_halt: ['0.005', '0.012', '0.042', '0.051', '0.063', '0.072', '0.079', '0.088', '0.097', '0.107', '0.116', '0.121', '0.123', '0.135', '0.140', '0.144']
  halt_rates: ['0.00', '0.01', '0.04', '0.05', '0.06', '0.07', '0.08', '0.08', '0.09', '0.11', '0.11', '0.12', '0.12', '0.13', '0.14', '0.14']
  halt_histogram %: [14.7, 13.2, 14.7, 20.4, 14.0, 9.1, 5.1, 2.8, 1.5, 0.9, 0.7, 0.4, 0.2, 0.1, 0.0, 2.4]
  Avg ACT steps (last 100): 5.19
  saved: /home/jvdillon/research/research/projects/trm3/ckpts/x182b/step02000.pt acc=67.63% (0.035s)
  saved: /home/jvdillon/research/research/projects/trm3/ckpts/x182b/best.pt acc=67.63% (0.068s)
Step  2000  Test 67.63% / 19.20%  Train lm=1.3438±0.2148ϵ[0.9219,3.3125] n_active=768.0001±0.0000ϵ[768.0000,768.0000] n_expunged=86.0705±50.4573ϵ[0.0000,192.0000] n_halted=45.1045±34.8842ϵ[0.0000,192.0000] pool_util=1.0000±0.0000ϵ[1.0000,1.0000]  (303.826s / 1202.829s)
  cell_acc=73.32%, puzzle_acc=33.27%
  eval_avg_halt_step: 11.46
  per_H_acc: ['H0=52.8%', 'H1=62.8%', 'H2=64.9%', 'H3=65.7%', 'H4=66.9%', 'H5=67.8%']
  H_cos: ['0.836', '0.969', '0.980', '0.980', '0.984']
  z_H_delta: ['15.500', '7.219', '5.219', '4.938', '4.594']
  cells: fixed=[9367, 4930, 2777, 2880, 2664] broken=[3170, 3621, 2238, 2148, 2117]
  per_ACT_cell_acc: ['H1=52.8%', 'H2=62.8%', 'H3=64.9%', 'H4=65.7%', 'H5=66.9%', 'H6=67.8%', 'H7=68.3%', 'H8=68.3%', 'H9=68.6%', 'H10=68.7%', 'H11=69.0%', 'H12=69.3%', 'H13=69.4%', 'H14=69.6%', 'H15=69.6%', 'H16=69.6%']
  per_ACT_puzzle_acc: ['H1=0.0%', 'H2=1.7%', 'H3=3.1%', 'H4=6.1%', 'H5=8.9%', 'H6=11.3%', 'H7=14.3%', 'H8=16.0%', 'H9=17.6%', 'H10=18.8%', 'H11=19.7%', 'H12=20.3%', 'H13=20.6%', 'H14=21.4%', 'H15=22.0%', 'H16=22.5%']
  mean_sigmoid_q_halt: ['0.016', '0.005', '0.042', '0.072', '0.102', '0.131', '0.162', '0.182', '0.200', '0.214', '0.223', '0.231', '0.236', '0.242', '0.252', '0.258']
  halt_rates: ['0.00', '0.01', '0.04', '0.07', '0.10', '0.13', '0.16', '0.18', '0.20', '0.21', '0.22', '0.23', '0.23', '0.24', '0.25', '0.26']
  halt_histogram %: [15.3, 14.0, 13.3, 16.3, 12.6, 9.4, 6.4, 4.2, 2.7, 1.8, 1.2, 0.7, 0.5, 0.3, 0.1, 1.4]
  Avg ACT steps (last 100): 4.21
  saved: /home/jvdillon/research/research/projects/trm3/ckpts/x182b/step04000.pt acc=73.32% (0.035s)
  saved: /home/jvdillon/research/research/projects/trm3/ckpts/x182b/best.pt acc=73.32% (0.127s)
Step  4000  Test 73.32% / 33.27%  Train lm=1.3828±0.0242ϵ[1.2969,1.5234] n_active=768.0001±0.0000ϵ[768.0000,768.0000] n_expunged=26.3815±21.0477ϵ[0.0000,142.0000] n_halted=41.3830±8.2917ϵ[14.0000,70.0000] pool_util=1.0000±0.0000ϵ[1.0000,1.0000]  (304.176s / 1201.494s)
  cell_acc=84.59%, puzzle_acc=61.16%
  eval_avg_halt_step: 7.81
  per_H_acc: ['H0=51.8%', 'H1=62.0%', 'H2=64.1%', 'H3=66.1%', 'H4=67.8%', 'H5=69.1%']
  H_cos: ['0.855', '0.973', '0.977', '0.980', '0.984']
  z_H_delta: ['16.500', '7.469', '5.812', '5.500', '5.031']
  cells: fixed=[9594, 5524, 3928, 4043, 3760] broken=[3263, 4195, 2669, 2995, 2986]
  per_ACT_cell_acc: ['H1=51.8%', 'H2=62.0%', 'H3=64.1%', 'H4=66.1%', 'H5=67.8%', 'H6=69.1%', 'H7=69.7%', 'H8=70.5%', 'H9=71.3%', 'H10=71.8%', 'H11=72.0%', 'H12=72.6%', 'H13=73.0%', 'H14=73.3%', 'H15=74.0%', 'H16=74.5%']
  per_ACT_puzzle_acc: ['H1=0.0%', 'H2=1.6%', 'H3=4.0%', 'H4=8.2%', 'H5=11.6%', 'H6=14.7%', 'H7=16.8%', 'H8=20.1%', 'H9=22.9%', 'H10=25.0%', 'H11=26.0%', 'H12=28.1%', 'H13=29.6%', 'H14=30.1%', 'H15=31.0%', 'H16=32.7%']
  mean_sigmoid_q_halt: ['0.029', '0.010', '0.046', '0.101', '0.148', '0.184', '0.214', '0.252', '0.281', '0.305', '0.320', '0.340', '0.352', '0.361', '0.369', '0.389']
  halt_rates: ['0.00', '0.01', '0.04', '0.10', '0.15', '0.18', '0.22', '0.26', '0.29', '0.31', '0.32', '0.34', '0.35', '0.36', '0.37', '0.39']
  halt_histogram %: [18.4, 16.4, 12.9, 13.8, 10.9, 8.3, 5.9, 4.1, 2.8, 1.9, 1.3, 0.9, 0.6, 0.4, 0.2, 1.3]
  Avg ACT steps (last 100): 3.25
  saved: /home/jvdillon/research/research/projects/trm3/ckpts/x182b/step06000.pt acc=84.59% (0.034s)
  saved: /home/jvdillon/research/research/projects/trm3/ckpts/x182b/best.pt acc=84.59% (0.081s)
Step  6000  Test 84.59% / 61.16%  Train lm=1.3828±0.0227ϵ[1.2812,1.5078] n_active=768.0001±0.0000ϵ[768.0000,768.0000] n_expunged=10.5510±7.3330ϵ[0.0000,56.0000] n_halted=47.8420±8.5075ϵ[19.0000,82.0000] pool_util=1.0000±0.0000ϵ[1.0000,1.0000]  (303.546s / 1202.417s)
  cell_acc=90.89%, puzzle_acc=77.36%
  eval_avg_halt_step: 5.91
  per_H_acc: ['H0=50.6%', 'H1=62.2%', 'H2=65.1%', 'H3=67.3%', 'H4=69.9%', 'H5=71.4%']
  H_cos: ['0.855', '0.973', '0.980', '0.984', '0.980']
  z_H_delta: ['17.375', '7.656', '6.000', '5.469', '5.312']
  cells: fixed=[10363, 5843, 3892, 4395, 3725] broken=[3167, 4025, 2518, 2800, 2787]
  per_ACT_cell_acc: ['H1=50.6%', 'H2=62.2%', 'H3=65.1%', 'H4=67.3%', 'H5=69.9%', 'H6=71.4%', 'H7=72.5%', 'H8=73.5%', 'H9=74.2%', 'H10=75.1%', 'H11=75.9%', 'H12=76.7%', 'H13=77.1%', 'H14=77.6%', 'H15=78.1%', 'H16=78.9%']
  per_ACT_puzzle_acc: ['H1=0.0%', 'H2=2.1%', 'H3=5.5%', 'H4=9.8%', 'H5=13.4%', 'H6=19.3%', 'H7=22.9%', 'H8=26.3%', 'H9=29.9%', 'H10=33.2%', 'H11=35.7%', 'H12=37.8%', 'H13=39.5%', 'H14=40.9%', 'H15=42.4%', 'H16=43.9%']
  mean_sigmoid_q_halt: ['0.039', '0.016', '0.065', '0.113', '0.154', '0.213', '0.252', '0.279', '0.311', '0.352', '0.379', '0.400', '0.416', '0.434', '0.451', '0.463']
  halt_rates: ['0.00', '0.02', '0.06', '0.11', '0.15', '0.21', '0.25', '0.28', '0.31', '0.35', '0.38', '0.40', '0.42', '0.44', '0.45', '0.46']
  halt_histogram %: [23.8, 19.7, 12.5, 11.6, 9.0, 6.8, 4.9, 3.5, 2.4, 1.7, 1.2, 0.8, 0.5, 0.3, 0.2, 1.1]
  Avg ACT steps (last 100): 2.06
  saved: /home/jvdillon/research/research/projects/trm3/ckpts/x182b/step08000.pt acc=90.89% (0.034s)
  saved: /home/jvdillon/research/research/projects/trm3/ckpts/x182b/best.pt acc=90.89% (0.127s)
Step  8000  Test 90.89% / 77.36%  Train lm=1.3672±0.0303ϵ[1.2500,1.5234] n_active=768.0001±0.0000ϵ[768.0000,768.0000] n_expunged=7.1510±4.1346ϵ[0.0000,47.0000] n_halted=63.6870±9.6498ϵ[36.0000,99.0000] pool_util=1.0000±0.0000ϵ[1.0000,1.0000]  (303.770s / 1202.110s)
  cell_acc=93.45%, puzzle_acc=83.82%
  eval_avg_halt_step: 4.81
  per_H_acc: ['H0=54.3%', 'H1=64.8%', 'H2=67.7%', 'H3=71.2%', 'H4=73.7%', 'H5=75.5%']
  H_cos: ['0.918', '0.980', '0.980', '0.980', '0.984']
  z_H_delta: ['15.562', '6.688', '5.969', '5.469', '4.906']
  cells: fixed=[10117, 5650, 4635, 4132, 3652] broken=[3597, 3833, 2472, 2573, 2544]
  per_ACT_cell_acc: ['H1=54.3%', 'H2=64.8%', 'H3=67.7%', 'H4=71.2%', 'H5=73.7%', 'H6=75.5%', 'H7=76.5%', 'H8=77.4%', 'H9=78.2%', 'H10=79.1%', 'H11=80.1%', 'H12=80.9%', 'H13=81.6%', 'H14=81.9%', 'H15=82.1%', 'H16=82.2%']
  per_ACT_puzzle_acc: ['H1=0.3%', 'H2=2.9%', 'H3=7.3%', 'H4=16.1%', 'H5=22.8%', 'H6=29.8%', 'H7=34.0%', 'H8=37.6%', 'H9=40.9%', 'H10=43.1%', 'H11=45.2%', 'H12=48.4%', 'H13=50.1%', 'H14=51.2%', 'H15=52.5%', 'H16=53.9%']
  mean_sigmoid_q_halt: ['0.065', '0.025', '0.089', '0.179', '0.250', '0.316', '0.363', '0.400', '0.434', '0.457', '0.479', '0.512', '0.527', '0.539', '0.555', '0.566']
  halt_rates: ['0.01', '0.02', '0.08', '0.17', '0.25', '0.32', '0.36', '0.40', '0.43', '0.46', '0.47', '0.51', '0.53', '0.54', '0.55', '0.57']
  halt_histogram %: [30.8, 21.6, 11.7, 9.7, 7.3, 5.5, 4.0, 2.8, 1.9, 1.4, 1.0, 0.7, 0.4, 0.3, 0.2, 0.9]
  Avg ACT steps (last 100): 2.27
  saved: /home/jvdillon/research/research/projects/trm3/ckpts/x182b/step10000.pt acc=93.45% (0.035s)
  saved: /home/jvdillon/research/research/projects/trm3/ckpts/x182b/best.pt acc=93.45% (0.083s)
Step 10000  Test 93.45% / 83.82%  Train lm=1.3281±0.0371ϵ[1.1797,1.4766] n_active=768.0001±0.0000ϵ[768.0000,768.0000] n_expunged=6.1220±2.8871ϵ[0.0000,25.0000] n_halted=81.5990±10.6763ϵ[51.0000,115.0000] pool_util=1.0000±0.0000ϵ[1.0000,1.0000]  (303.767s / 1201.936s)
  cell_acc=95.29%, puzzle_acc=88.46%
  eval_avg_halt_step: 4.03
  per_H_acc: ['H0=56.7%', 'H1=65.5%', 'H2=69.3%', 'H3=72.9%', 'H4=75.0%', 'H5=76.7%']
  H_cos: ['0.945', '0.977', '0.980', '0.980', '0.984']
  z_H_delta: ['13.562', '6.875', '6.250', '5.875', '5.188']
  cells: fixed=[9262, 5543, 4722, 3973, 3450] broken=[3824, 3144, 2521, 2618, 2411]
  per_ACT_cell_acc: ['H1=56.7%', 'H2=65.5%', 'H3=69.3%', 'H4=72.9%', 'H5=75.0%', 'H6=76.7%', 'H7=78.3%', 'H8=79.5%', 'H9=80.6%', 'H10=81.8%', 'H11=82.7%', 'H12=83.1%', 'H13=83.6%', 'H14=84.1%', 'H15=84.3%', 'H16=84.6%']
  per_ACT_puzzle_acc: ['H1=0.4%', 'H2=3.3%', 'H3=11.3%', 'H4=19.7%', 'H5=27.7%', 'H6=33.5%', 'H7=38.5%', 'H8=42.6%', 'H9=46.1%', 'H10=49.5%', 'H11=52.0%', 'H12=54.4%', 'H13=56.0%', 'H14=58.3%', 'H15=59.1%', 'H16=60.0%']
  mean_sigmoid_q_halt: ['0.042', '0.029', '0.121', '0.205', '0.289', '0.352', '0.398', '0.439', '0.477', '0.508', '0.539', '0.562', '0.578', '0.605', '0.609', '0.621']
  halt_rates: ['0.01', '0.03', '0.11', '0.20', '0.28', '0.35', '0.39', '0.44', '0.47', '0.50', '0.54', '0.56', '0.58', '0.60', '0.61', '0.62']
  halt_histogram %: [37.2, 22.2, 10.8, 8.2, 6.0, 4.5, 3.2, 2.3, 1.6, 1.1, 0.8, 0.5, 0.4, 0.2, 0.2, 0.7]
  Avg ACT steps (last 100): 1.83
  saved: /home/jvdillon/research/research/projects/trm3/ckpts/x182b/step12000.pt acc=95.29% (0.034s)
  saved: /home/jvdillon/research/research/projects/trm3/ckpts/x182b/best.pt acc=95.29% (0.081s)
Step 12000  Test 95.29% / 88.46%  Train lm=1.3047±0.0437ϵ[1.1484,1.6016] n_active=768.0001±0.0000ϵ[768.0000,768.0000] n_expunged=6.0510±2.7234ϵ[0.0000,17.0000] n_halted=94.9455±10.7524ϵ[66.0000,129.0000] pool_util=1.0000±0.0000ϵ[1.0000,1.0000]  (303.721s / 1201.046s)
  cell_acc=96.10%, puzzle_acc=90.21%
  eval_avg_halt_step: 3.74
  per_H_acc: ['H0=57.3%', 'H1=65.4%', 'H2=70.2%', 'H3=74.0%', 'H4=76.9%', 'H5=78.7%']
  H_cos: ['0.953', '0.980', '0.980', '0.984', '0.984']
  z_H_delta: ['13.625', '6.406', '6.219', '5.625', '4.844']
  cells: fixed=[9125, 6163, 5139, 4289, 3463] broken=[4095, 3167, 2780, 2500, 2338]
  per_ACT_cell_acc: ['H1=57.3%', 'H2=65.4%', 'H3=70.2%', 'H4=74.0%', 'H5=76.9%', 'H6=78.7%', 'H7=79.9%', 'H8=81.0%', 'H9=82.1%', 'H10=83.0%', 'H11=83.6%', 'H12=84.3%', 'H13=85.2%', 'H14=85.6%', 'H15=85.6%', 'H16=86.0%']
  per_ACT_puzzle_acc: ['H1=0.5%', 'H2=2.9%', 'H3=11.2%', 'H4=21.9%', 'H5=31.1%', 'H6=37.8%', 'H7=44.0%', 'H8=47.8%', 'H9=50.9%', 'H10=53.0%', 'H11=55.3%', 'H12=57.9%', 'H13=60.4%', 'H14=61.7%', 'H15=62.9%', 'H16=63.5%']
  mean_sigmoid_q_halt: ['0.063', '0.032', '0.128', '0.233', '0.322', '0.389', '0.449', '0.484', '0.520', '0.543', '0.566', '0.590', '0.613', '0.625', '0.637', '0.641']
  halt_rates: ['0.01', '0.03', '0.12', '0.23', '0.32', '0.38', '0.45', '0.48', '0.52', '0.54', '0.56', '0.59', '0.61', '0.62', '0.63', '0.64']
  halt_histogram %: [42.5, 22.4, 9.9, 7.1, 5.1, 3.8, 2.7, 1.9, 1.3, 0.9, 0.7, 0.5, 0.3, 0.2, 0.1, 0.6]
  Avg ACT steps (last 100): 1.80
  saved: /home/jvdillon/research/research/projects/trm3/ckpts/x182b/step14000.pt acc=96.10% (0.034s)
  saved: /home/jvdillon/research/research/projects/trm3/ckpts/x182b/best.pt acc=96.10% (0.081s)
Step 14000  Test 96.10% / 90.21%  Train lm=1.2734±0.0432ϵ[1.1094,1.6016] n_active=768.0001±0.0000ϵ[768.0000,768.0000] n_expunged=6.5190±2.6871ϵ[0.0000,17.0000] n_halted=105.2300±9.9187ϵ[73.0000,138.0000] pool_util=1.0000±0.0000ϵ[1.0000,1.0000]  (303.616s / 1201.830s)
  cell_acc=97.13%, puzzle_acc=93.02%
  eval_avg_halt_step: 3.30
  per_H_acc: ['H0=57.3%', 'H1=65.7%', 'H2=71.1%', 'H3=75.6%', 'H4=78.6%', 'H5=80.6%']
  H_cos: ['0.949', '0.980', '0.977', '0.980', '0.984']
  z_H_delta: ['13.750', '7.062', '6.781', '6.031', '5.156']
  cells: fixed=[9177, 6610, 5535, 4537, 3696] broken=[3923, 3280, 2749, 2625, 2467]
  per_ACT_cell_acc: ['H1=57.3%', 'H2=65.7%', 'H3=71.1%', 'H4=75.6%', 'H5=78.6%', 'H6=80.6%', 'H7=82.1%', 'H8=83.5%', 'H9=84.6%', 'H10=85.7%', 'H11=86.5%', 'H12=87.1%', 'H13=87.4%', 'H14=88.1%', 'H15=88.9%', 'H16=89.6%']
  per_ACT_puzzle_acc: ['H1=0.3%', 'H2=3.6%', 'H3=13.7%', 'H4=26.2%', 'H5=35.8%', 'H6=44.0%', 'H7=49.5%', 'H8=53.4%', 'H9=57.4%', 'H10=61.1%', 'H11=63.5%', 'H12=66.1%', 'H13=67.4%', 'H14=68.2%', 'H15=69.8%', 'H16=71.7%']
  mean_sigmoid_q_halt: ['0.041', '0.034', '0.150', '0.268', '0.371', '0.451', '0.500', '0.543', '0.582', '0.617', '0.641', '0.668', '0.680', '0.688', '0.703', '0.719']
  halt_rates: ['0.01', '0.03', '0.14', '0.26', '0.37', '0.45', '0.50', '0.54', '0.58', '0.61', '0.64', '0.66', '0.68', '0.69', '0.70', '0.72']
  halt_histogram %: [46.8, 22.3, 9.2, 6.2, 4.4, 3.2, 2.3, 1.6, 1.1, 0.8, 0.6, 0.4, 0.3, 0.2, 0.1, 0.5]
  Avg ACT steps (last 100): 1.66
  saved: /home/jvdillon/research/research/projects/trm3/ckpts/x182b/step16000.pt acc=97.13% (0.034s)
  saved: /home/jvdillon/research/research/projects/trm3/ckpts/x182b/best.pt acc=97.13% (0.127s)
Step 16000  Test 97.13% / 93.02%  Train lm=1.2500±0.0415ϵ[1.1094,1.6797] n_active=768.0001±0.0000ϵ[768.0000,768.0000] n_expunged=7.1380±2.8585ϵ[0.0000,20.0000] n_halted=113.1850±9.5271ϵ[87.0000,148.0000] pool_util=1.0000±0.0000ϵ[1.0000,1.0000]  (303.361s / 1201.956s)
  cell_acc=97.52%, puzzle_acc=93.92%
  eval_avg_halt_step: 3.07
  per_H_acc: ['H0=57.1%', 'H1=65.8%', 'H2=70.9%', 'H3=75.6%', 'H4=78.5%', 'H5=80.7%']
  H_cos: ['0.949', '0.980', '0.980', '0.984', '0.984']
  z_H_delta: ['13.750', '6.750', '6.500', '5.688', '4.938']
  cells: fixed=[9299, 6302, 5767, 4473, 3716] broken=[3937, 3077, 2880, 2652, 2383]
  per_ACT_cell_acc: ['H1=57.1%', 'H2=65.8%', 'H3=70.9%', 'H4=75.6%', 'H5=78.5%', 'H6=80.7%', 'H7=82.2%', 'H8=83.4%', 'H9=84.0%', 'H10=85.1%', 'H11=85.8%', 'H12=86.7%', 'H13=87.1%', 'H14=87.4%', 'H15=87.8%', 'H16=88.3%']
  per_ACT_puzzle_acc: ['H1=0.5%', 'H2=4.6%', 'H3=13.5%', 'H4=26.0%', 'H5=36.1%', 'H6=44.7%', 'H7=49.0%', 'H8=54.2%', 'H9=57.6%', 'H10=59.9%', 'H11=62.6%', 'H12=63.5%', 'H13=65.4%', 'H14=66.7%', 'H15=68.1%', 'H16=69.3%']
  mean_sigmoid_q_halt: ['0.030', '0.045', '0.145', '0.262', '0.363', '0.451', '0.500', '0.555', '0.582', '0.602', '0.633', '0.641', '0.660', '0.672', '0.688', '0.695']
  halt_rates: ['0.01', '0.04', '0.13', '0.26', '0.36', '0.45', '0.50', '0.55', '0.58', '0.60', '0.63', '0.64', '0.66', '0.67', '0.69', '0.70']
  halt_histogram %: [50.5, 22.0, 8.6, 5.5, 3.8, 2.8, 2.0, 1.4, 1.0, 0.7, 0.5, 0.3, 0.2, 0.2, 0.1, 0.4]
  Avg ACT steps (last 100): 1.38
  saved: /home/jvdillon/research/research/projects/trm3/ckpts/x182b/step18000.pt acc=97.52% (0.035s)
  saved: /home/jvdillon/research/research/projects/trm3/ckpts/x182b/best.pt acc=97.52% (0.128s)
Step 18000  Test 97.52% / 93.92%  Train lm=1.2266±0.0425ϵ[1.0781,1.3984] n_active=768.0001±0.0000ϵ[768.0000,768.0000] n_expunged=7.8910±2.9047ϵ[0.0000,18.0000] n_halted=121.3150±9.1787ϵ[96.0000,154.0000] pool_util=1.0000±0.0000ϵ[1.0000,1.0000]  (303.397s / 1202.623s)
  cell_acc=97.60%, puzzle_acc=94.03%
  eval_avg_halt_step: 2.83
  per_H_acc: ['H0=55.9%', 'H1=64.9%', 'H2=70.8%', 'H3=75.7%', 'H4=79.0%', 'H5=81.2%']
  H_cos: ['0.949', '0.980', '0.980', '0.980', '0.988']
  z_H_delta: ['14.312', '7.062', '6.719', '6.125', '4.938']
  cells: fixed=[9883, 6670, 5985, 4568, 3436] broken=[4258, 3006, 2911, 2563, 2032]
  per_ACT_cell_acc: ['H1=55.9%', 'H2=64.9%', 'H3=70.8%', 'H4=75.7%', 'H5=79.0%', 'H6=81.2%', 'H7=83.1%', 'H8=84.6%', 'H9=86.0%', 'H10=86.8%', 'H11=87.2%', 'H12=88.0%', 'H13=88.5%', 'H14=88.9%', 'H15=89.4%', 'H16=89.9%']
  per_ACT_puzzle_acc: ['H1=0.0%', 'H2=3.3%', 'H3=11.3%', 'H4=24.0%', 'H5=37.9%', 'H6=45.2%', 'H7=51.6%', 'H8=54.9%', 'H9=60.3%', 'H10=63.5%', 'H11=65.4%', 'H12=67.2%', 'H13=68.8%', 'H14=70.3%', 'H15=71.4%', 'H16=72.7%']
  mean_sigmoid_q_halt: ['0.010', '0.038', '0.143', '0.260', '0.398', '0.467', '0.531', '0.562', '0.613', '0.645', '0.664', '0.684', '0.699', '0.711', '0.723', '0.734']
  halt_rates: ['0.00', '0.03', '0.13', '0.25', '0.39', '0.47', '0.53', '0.56', '0.61', '0.65', '0.66', '0.68', '0.70', '0.71', '0.73', '0.73']
  halt_histogram %: [53.5, 21.7, 8.1, 5.0, 3.4, 2.4, 1.7, 1.2, 0.8, 0.6, 0.4, 0.3, 0.2, 0.1, 0.1, 0.4]
  Avg ACT steps (last 100): 1.45
  saved: /home/jvdillon/research/research/projects/trm3/ckpts/x182b/step20000.pt acc=97.60% (0.034s)
  saved: /home/jvdillon/research/research/projects/trm3/ckpts/x182b/best.pt acc=97.60% (0.127s)
Step 20000  Test 97.60% / 94.03%  Train lm=1.2031±0.0488ϵ[1.0469,1.3047] n_active=768.0001±0.0000ϵ[768.0000,768.0000] n_expunged=8.3170±3.2510ϵ[0.0000,20.0000] n_halted=128.3535±9.1044ϵ[101.0000,160.0000] pool_util=1.0000±0.0000ϵ[1.0000,1.0000]  (303.588s / 1202.331s)
  cell_acc=97.67%, puzzle_acc=94.23%
  eval_avg_halt_step: 2.70
  per_H_acc: ['H0=54.8%', 'H1=64.0%', 'H2=69.4%', 'H3=75.3%', 'H4=79.1%', 'H5=81.6%']
  H_cos: ['0.934', '0.980', '0.980', '0.980', '0.984']
  z_H_delta: ['15.000', '7.344', '6.938', '6.062', '5.188']
  cells: fixed=[9936, 6486, 6502, 4952, 3813] broken=[4215, 3143, 2838, 2579, 2225]
  per_ACT_cell_acc: ['H1=54.8%', 'H2=64.0%', 'H3=69.4%', 'H4=75.3%', 'H5=79.1%', 'H6=81.6%', 'H7=83.5%', 'H8=84.8%', 'H9=86.0%', 'H10=86.7%', 'H11=87.3%', 'H12=88.2%', 'H13=89.0%', 'H14=89.6%', 'H15=90.1%', 'H16=90.7%']
  per_ACT_puzzle_acc: ['H1=0.0%', 'H2=4.2%', 'H3=12.0%', 'H4=24.2%', 'H5=35.7%', 'H6=45.7%', 'H7=52.2%', 'H8=57.8%', 'H9=61.5%', 'H10=63.5%', 'H11=65.9%', 'H12=67.6%', 'H13=69.9%', 'H14=72.0%', 'H15=74.0%', 'H16=75.4%']
  mean_sigmoid_q_halt: ['0.018', '0.046', '0.146', '0.268', '0.375', '0.473', '0.531', '0.590', '0.629', '0.648', '0.672', '0.688', '0.711', '0.730', '0.750', '0.766']
  halt_rates: ['0.00', '0.04', '0.13', '0.26', '0.37', '0.47', '0.53', '0.59', '0.63', '0.65', '0.67', '0.69', '0.71', '0.73', '0.75', '0.77']
  halt_histogram %: [56.2, 21.4, 7.6, 4.5, 3.0, 2.2, 1.5, 1.1, 0.7, 0.5, 0.4, 0.3, 0.2, 0.1, 0.1, 0.3]
  Avg ACT steps (last 100): 1.56
  saved: /home/jvdillon/research/research/projects/trm3/ckpts/x182b/step22000.pt acc=97.67% (0.035s)
  saved: /home/jvdillon/research/research/projects/trm3/ckpts/x182b/best.pt acc=97.67% (0.083s)
Step 22000  Test 97.67% / 94.23%  Train lm=1.1797±0.0430ϵ[1.0469,1.2812] n_active=768.0001±0.0000ϵ[768.0000,768.0000] n_expunged=8.8900±3.1284ϵ[0.0000,20.0000] n_halted=134.0945±8.3748ϵ[107.0000,163.0000] pool_util=1.0000±0.0000ϵ[1.0000,1.0000]  (303.568s / 1198.613s)
  cell_acc=98.28%, puzzle_acc=95.77%
  eval_avg_halt_step: 2.50
  per_H_acc: ['H0=56.1%', 'H1=66.1%', 'H2=71.7%', 'H3=76.8%', 'H4=79.9%', 'H5=82.7%']
  H_cos: ['0.941', '0.977', '0.980', '0.980', '0.988']
  z_H_delta: ['14.562', '7.656', '6.906', '6.094', '4.812']
  cells: fixed=[10341, 6777, 6018, 4436, 3665] broken=[4104, 3287, 2828, 2526, 1943]
  per_ACT_cell_acc: ['H1=56.1%', 'H2=66.1%', 'H3=71.7%', 'H4=76.8%', 'H5=79.9%', 'H6=82.7%', 'H7=84.7%', 'H8=85.9%', 'H9=87.6%', 'H10=88.4%', 'H11=89.0%', 'H12=89.4%', 'H13=90.0%', 'H14=90.7%', 'H15=91.1%', 'H16=91.6%']
  per_ACT_puzzle_acc: ['H1=0.0%', 'H2=4.3%', 'H3=15.9%', 'H4=29.6%', 'H5=41.9%', 'H6=49.6%', 'H7=56.0%', 'H8=60.7%', 'H9=64.3%', 'H10=67.8%', 'H11=70.7%', 'H12=72.4%', 'H13=74.0%', 'H14=74.9%', 'H15=76.2%', 'H16=77.2%']
  mean_sigmoid_q_halt: ['0.013', '0.047', '0.194', '0.312', '0.445', '0.520', '0.582', '0.629', '0.656', '0.695', '0.723', '0.742', '0.754', '0.766', '0.777', '0.789']
  halt_rates: ['0.00', '0.04', '0.18', '0.30', '0.44', '0.51', '0.58', '0.63', '0.65', '0.69', '0.72', '0.74', '0.76', '0.76', '0.78', '0.79']
  halt_histogram %: [58.6, 21.0, 7.1, 4.1, 2.7, 1.9, 1.4, 0.9, 0.7, 0.5, 0.3, 0.2, 0.2, 0.1, 0.1, 0.3]
  Avg ACT steps (last 100): 1.42
  saved: /home/jvdillon/research/research/projects/trm3/ckpts/x182b/step24000.pt acc=98.28% (0.034s)
  saved: /home/jvdillon/research/research/projects/trm3/ckpts/x182b/best.pt acc=98.28% (0.081s)
Step 24000  Test 98.28% / 95.77%  Train lm=1.1562±0.0432ϵ[1.0156,1.2656] n_active=768.0001±0.0000ϵ[768.0000,768.0000] n_expunged=9.2680±3.2852ϵ[0.0000,21.0000] n_halted=139.9330±7.7692ϵ[117.0000,167.0000] pool_util=1.0000±0.0000ϵ[1.0000,1.0000]  (303.406s / 1197.848s)
  cell_acc=98.25%, puzzle_acc=95.73%
  eval_avg_halt_step: 2.43
  per_H_acc: ['H0=56.7%', 'H1=64.6%', 'H2=70.3%', 'H3=76.4%', 'H4=79.9%', 'H5=82.4%']
  H_cos: ['0.945', '0.977', '0.977', '0.980', '0.984']
  z_H_delta: ['14.250', '7.656', '7.250', '6.375', '5.094']
  cells: fixed=[9416, 6781, 6710, 4897, 3863] broken=[4546, 3196, 2937, 2717, 2321]
  per_ACT_cell_acc: ['H1=56.7%', 'H2=64.6%', 'H3=70.3%', 'H4=76.4%', 'H5=79.9%', 'H6=82.4%', 'H7=84.3%', 'H8=85.8%', 'H9=87.2%', 'H10=88.1%', 'H11=88.9%', 'H12=89.2%', 'H13=89.6%', 'H14=90.4%', 'H15=90.7%', 'H16=91.1%']
  per_ACT_puzzle_acc: ['H1=0.3%', 'H2=4.0%', 'H3=13.9%', 'H4=28.6%', 'H5=39.1%', 'H6=48.2%', 'H7=55.2%', 'H8=59.5%', 'H9=64.1%', 'H10=67.4%', 'H11=70.1%', 'H12=71.5%', 'H13=73.0%', 'H14=74.5%', 'H15=75.5%', 'H16=77.2%']
  mean_sigmoid_q_halt: ['0.009', '0.047', '0.179', '0.299', '0.428', '0.496', '0.562', '0.613', '0.660', '0.688', '0.715', '0.730', '0.742', '0.758', '0.766', '0.781']
  halt_rates: ['0.00', '0.04', '0.16', '0.29', '0.42', '0.49', '0.56', '0.61', '0.66', '0.69', '0.71', '0.73', '0.74', '0.76', '0.77', '0.78']
  halt_histogram %: [60.7, 20.6, 6.7, 3.7, 2.4, 1.7, 1.2, 0.8, 0.6, 0.4, 0.3, 0.2, 0.1, 0.1, 0.1, 0.3]
  Avg ACT steps (last 100): 1.29
  saved: /home/jvdillon/research/research/projects/trm3/ckpts/x182b/step26000.pt acc=98.25% (0.033s)
Step 26000  Test 98.25% / 95.73%  Train lm=1.1406±0.0488ϵ[1.0000,1.2188] n_active=768.0001±0.0000ϵ[768.0000,768.0000] n_expunged=10.0220±3.8067ϵ[0.0000,28.0000] n_halted=144.3045±7.9377ϵ[122.0000,171.0000] pool_util=1.0000±0.0000ϵ[1.0000,1.0000]  (303.413s / 1197.611s)
  cell_acc=98.25%, puzzle_acc=95.69%
  eval_avg_halt_step: 2.35
  per_H_acc: ['H0=55.9%', 'H1=65.1%', 'H2=70.5%', 'H3=76.3%', 'H4=80.6%', 'H5=83.4%']
  H_cos: ['0.938', '0.977', '0.977', '0.980', '0.984']
  z_H_delta: ['14.688', '7.938', '7.406', '6.406', '5.281']
  cells: fixed=[9898, 6626, 6677, 5209, 3837] broken=[4183, 3251, 3076, 2531, 2067]
  per_ACT_cell_acc: ['H1=55.9%', 'H2=65.1%', 'H3=70.5%', 'H4=76.3%', 'H5=80.6%', 'H6=83.4%', 'H7=85.0%', 'H8=86.6%', 'H9=88.0%', 'H10=89.0%', 'H11=90.0%', 'H12=90.7%', 'H13=91.4%', 'H14=92.0%', 'H15=92.5%', 'H16=93.0%']
  per_ACT_puzzle_acc: ['H1=0.0%', 'H2=3.9%', 'H3=15.1%', 'H4=28.5%', 'H5=41.7%', 'H6=52.2%', 'H7=58.7%', 'H8=62.1%', 'H9=65.8%', 'H10=69.8%', 'H11=72.7%', 'H12=74.7%', 'H13=76.6%', 'H14=79.2%', 'H15=80.3%', 'H16=81.1%']
  mean_sigmoid_q_halt: ['0.011', '0.045', '0.210', '0.312', '0.443', '0.543', '0.605', '0.641', '0.676', '0.711', '0.746', '0.762', '0.777', '0.805', '0.816', '0.828']
  halt_rates: ['0.00', '0.04', '0.20', '0.30', '0.44', '0.54', '0.60', '0.64', '0.67', '0.71', '0.74', '0.76', '0.78', '0.80', '0.82', '0.83']
  halt_histogram %: [62.6, 20.2, 6.3, 3.4, 2.2, 1.6, 1.1, 0.8, 0.5, 0.4, 0.3, 0.2, 0.1, 0.1, 0.1, 0.2]
  Avg ACT steps (last 100): 1.33
  saved: /home/jvdillon/research/research/projects/trm3/ckpts/x182b/step28000.pt acc=98.25% (0.033s)
Step 28000  Test 98.25% / 95.69%  Train lm=1.1328±0.0491ϵ[0.9922,1.2109] n_active=768.0001±0.0000ϵ[768.0000,768.0000] n_expunged=10.2825±3.8671ϵ[0.0000,23.0000] n_halted=147.0560±7.5836ϵ[123.0000,170.0000] pool_util=1.0000±0.0000ϵ[1.0000,1.0000]  (303.334s / 1197.913s)
  cell_acc=98.33%, puzzle_acc=95.91%
  eval_avg_halt_step: 2.32
  per_H_acc: ['H0=55.7%', 'H1=64.8%', 'H2=70.1%', 'H3=75.9%', 'H4=79.6%', 'H5=82.3%']
  H_cos: ['0.938', '0.977', '0.977', '0.980', '0.984']
  z_H_delta: ['14.875', '7.875', '7.312', '6.406', '5.312']
  cells: fixed=[9900, 6640, 6717, 4950, 3946] broken=[4284, 3328, 3123, 2657, 2240]
  per_ACT_cell_acc: ['H1=55.7%', 'H2=64.8%', 'H3=70.1%', 'H4=75.9%', 'H5=79.6%', 'H6=82.3%', 'H7=84.0%', 'H8=85.0%', 'H9=86.3%', 'H10=88.0%', 'H11=89.0%', 'H12=89.5%', 'H13=90.1%', 'H14=90.7%', 'H15=91.2%', 'H16=91.8%']
  per_ACT_puzzle_acc: ['H1=0.4%', 'H2=4.4%', 'H3=13.5%', 'H4=27.2%', 'H5=39.2%', 'H6=49.2%', 'H7=54.8%', 'H8=58.9%', 'H9=62.9%', 'H10=67.1%', 'H11=70.4%', 'H12=72.0%', 'H13=73.7%', 'H14=75.3%', 'H15=76.7%', 'H16=77.7%']
  mean_sigmoid_q_halt: ['0.011', '0.047', '0.185', '0.299', '0.422', '0.520', '0.570', '0.617', '0.652', '0.691', '0.723', '0.734', '0.754', '0.777', '0.785', '0.793']
  halt_rates: ['0.00', '0.04', '0.17', '0.29', '0.41', '0.52', '0.57', '0.61', '0.65', '0.69', '0.72', '0.73', '0.76', '0.77', '0.79', '0.79']
  halt_histogram %: [64.1, 19.9, 6.0, 3.1, 2.0, 1.4, 1.0, 0.7, 0.5, 0.3, 0.2, 0.2, 0.1, 0.1, 0.1, 0.2]
  Avg ACT steps (last 100): 1.31
  saved: /home/jvdillon/research/research/projects/trm3/ckpts/x182b/step30000.pt acc=98.33% (0.033s)
  saved: /home/jvdillon/research/research/projects/trm3/ckpts/x182b/best.pt acc=98.33% (0.080s)
Step 30000  Test 98.33% / 95.91%  Train lm=1.1250±0.0479ϵ[0.9844,1.2031] n_active=768.0001±0.0000ϵ[768.0000,768.0000] n_expunged=10.4490±3.8272ϵ[0.0000,23.0000] n_halted=148.6445±7.2199ϵ[125.0000,171.0000] pool_util=1.0000±0.0000ϵ[1.0000,1.0000]  (303.321s / 1198.068s)
  cell_acc=98.33%, puzzle_acc=95.98%
  eval_avg_halt_step: 2.34
  per_H_acc: ['H0=55.8%', 'H1=65.3%', 'H2=70.6%', 'H3=76.0%', 'H4=80.1%', 'H5=82.7%']
  H_cos: ['0.938', '0.977', '0.980', '0.980', '0.984']
  z_H_delta: ['14.750', '8.000', '7.125', '6.188', '5.250']
  cells: fixed=[9955, 6594, 6285, 5041, 3810] broken=[4069, 3242, 2932, 2516, 2176]
  per_ACT_cell_acc: ['H1=55.8%', 'H2=65.3%', 'H3=70.6%', 'H4=76.0%', 'H5=80.1%', 'H6=82.7%', 'H7=84.9%', 'H8=86.3%', 'H9=87.7%', 'H10=88.8%', 'H11=89.5%', 'H12=90.4%', 'H13=91.2%', 'H14=91.7%', 'H15=92.1%', 'H16=92.3%']
  per_ACT_puzzle_acc: ['H1=0.4%', 'H2=4.3%', 'H3=16.7%', 'H4=29.4%', 'H5=40.9%', 'H6=50.8%', 'H7=57.2%', 'H8=60.8%', 'H9=65.4%', 'H10=68.9%', 'H11=71.7%', 'H12=74.2%', 'H13=75.8%', 'H14=77.1%', 'H15=78.6%', 'H16=79.4%']
  mean_sigmoid_q_halt: ['0.011', '0.052', '0.214', '0.322', '0.434', '0.531', '0.586', '0.625', '0.668', '0.703', '0.727', '0.754', '0.770', '0.781', '0.797', '0.805']
  halt_rates: ['0.00', '0.04', '0.19', '0.31', '0.43', '0.53', '0.58', '0.62', '0.67', '0.70', '0.73', '0.75', '0.77', '0.78', '0.80', '0.81']
  halt_histogram %: [65.4, 19.6, 5.7, 2.9, 1.9, 1.3, 0.9, 0.6, 0.4, 0.3, 0.2, 0.2, 0.1, 0.1, 0.1, 0.2]
  Avg ACT steps (last 100): 1.17
  saved: /home/jvdillon/research/research/projects/trm3/ckpts/x182b/step32000.pt acc=98.33% (0.033s)
Step 32000  Test 98.33% / 95.98%  Train lm=1.1172±0.0454ϵ[0.9805,1.2109] n_active=768.0001±0.0000ϵ[768.0000,768.0000] n_expunged=10.6335±3.9430ϵ[0.0000,24.0000] n_halted=149.8240±7.0551ϵ[127.0000,172.0000] pool_util=1.0000±0.0000ϵ[1.0000,1.0000]  (303.088s / 1197.610s)
  cell_acc=98.39%, puzzle_acc=96.05%
  eval_avg_halt_step: 2.32
  per_H_acc: ['H0=55.8%', 'H1=65.0%', 'H2=70.2%', 'H3=75.1%', 'H4=78.7%', 'H5=81.8%']
  H_cos: ['0.938', '0.977', '0.980', '0.980', '0.984']
  z_H_delta: ['14.812', '8.000', '7.062', '6.094', '5.406']
  cells: fixed=[9814, 6465, 6144, 5036, 4173] broken=[4115, 3208, 3096, 2829, 2240]
  per_ACT_cell_acc: ['H1=55.8%', 'H2=65.0%', 'H3=70.2%', 'H4=75.1%', 'H5=78.7%', 'H6=81.8%', 'H7=84.1%', 'H8=86.2%', 'H9=87.5%', 'H10=88.7%', 'H11=89.4%', 'H12=90.0%', 'H13=90.5%', 'H14=90.8%', 'H15=91.2%', 'H16=91.6%']
  per_ACT_puzzle_acc: ['H1=0.4%', 'H2=4.4%', 'H3=16.7%', 'H4=27.9%', 'H5=37.2%', 'H6=46.9%', 'H7=54.9%', 'H8=60.8%', 'H9=64.8%', 'H10=68.6%', 'H11=71.1%', 'H12=73.8%', 'H13=75.1%', 'H14=76.6%', 'H15=77.6%', 'H16=78.6%']
  mean_sigmoid_q_halt: ['0.011', '0.054', '0.216', '0.311', '0.404', '0.496', '0.566', '0.629', '0.680', '0.715', '0.734', '0.758', '0.773', '0.785', '0.793', '0.805']
  halt_rates: ['0.00', '0.05', '0.20', '0.30', '0.39', '0.49', '0.56', '0.63', '0.68', '0.71', '0.73', '0.76', '0.77', '0.79', '0.79', '0.81']
  halt_histogram %: [66.6, 19.4, 5.5, 2.7, 1.7, 1.2, 0.8, 0.6, 0.4, 0.3, 0.2, 0.1, 0.1, 0.1, 0.0, 0.2]
  Avg ACT steps (last 100): 1.30
  saved: /home/jvdillon/research/research/projects/trm3/ckpts/x182b/step34000.pt acc=98.39% (0.033s)
  saved: /home/jvdillon/research/research/projects/trm3/ckpts/x182b/best.pt acc=98.39% (0.081s)
Step 34000  Test 98.39% / 96.05%  Train lm=1.1172±0.0449ϵ[0.9766,1.2031] n_active=768.0001±0.0000ϵ[768.0000,768.0000] n_expunged=10.6705±3.8441ϵ[0.0000,25.0000] n_halted=149.8620±6.8835ϵ[126.0000,173.0000] pool_util=1.0000±0.0000ϵ[1.0000,1.0000]  (303.258s / 1197.946s)
  cell_acc=98.42%, puzzle_acc=96.16%
  eval_avg_halt_step: 2.31
  per_H_acc: ['H0=55.8%', 'H1=65.1%', 'H2=70.5%', 'H3=75.6%', 'H4=79.6%', 'H5=82.6%']
  H_cos: ['0.938', '0.977', '0.980', '0.980', '0.984']
  z_H_delta: ['14.812', '8.000', '7.094', '6.281', '5.219']
  cells: fixed=[9818, 6518, 6178, 5203, 3918] broken=[4043, 3171, 3001, 2684, 2070]
  per_ACT_cell_acc: ['H1=55.8%', 'H2=65.1%', 'H3=70.5%', 'H4=75.6%', 'H5=79.6%', 'H6=82.6%', 'H7=84.8%', 'H8=85.8%', 'H9=86.9%', 'H10=88.1%', 'H11=88.8%', 'H12=89.4%', 'H13=90.1%', 'H14=90.7%', 'H15=91.3%', 'H16=91.7%']
  per_ACT_puzzle_acc: ['H1=0.4%', 'H2=4.4%', 'H3=16.4%', 'H4=28.0%', 'H5=40.0%', 'H6=49.3%', 'H7=55.7%', 'H8=61.5%', 'H9=64.3%', 'H10=67.1%', 'H11=70.4%', 'H12=71.9%', 'H13=72.8%', 'H14=74.9%', 'H15=76.6%', 'H16=78.4%']
  mean_sigmoid_q_halt: ['0.011', '0.053', '0.219', '0.309', '0.432', '0.523', '0.586', '0.641', '0.668', '0.688', '0.727', '0.746', '0.758', '0.770', '0.789', '0.805']
  halt_rates: ['0.00', '0.04', '0.20', '0.30', '0.42', '0.51', '0.58', '0.64', '0.67', '0.68', '0.72', '0.74', '0.76', '0.77', '0.79', '0.80']
  halt_histogram %: [67.5, 19.1, 5.3, 2.6, 1.6, 1.1, 0.8, 0.5, 0.4, 0.3, 0.2, 0.1, 0.1, 0.1, 0.0, 0.2]
  Avg ACT steps (last 100): 1.34
  saved: /home/jvdillon/research/research/projects/trm3/ckpts/x182b/step36000.pt acc=98.42% (0.033s)
  saved: /home/jvdillon/research/research/projects/trm3/ckpts/x182b/best.pt acc=98.42% (0.124s)
Step 36000  Test 98.42% / 96.16%  Train lm=1.1172±0.0447ϵ[0.9922,1.1953] n_active=768.0001±0.0000ϵ[768.0000,768.0000] n_expunged=10.5800±3.8223ϵ[0.0000,24.0000] n_halted=149.9620±6.8944ϵ[124.0000,175.0000] pool_util=1.0000±0.0000ϵ[1.0000,1.0000]  (303.478s / 1198.304s)
 1.6, 1.1, 0.8, 0.5, 0.4, 0.3, 0.2, 0.1, 0.1, 0.1, 0.0, 0.2]
  Avg ACT steps (last 100): 1.34
  saved: /home/jvdillon/research/research/projects/trm3/ckpts/x182b/step36000.pt acc=98.42% (0.033s)
  saved: /home/jvdillon/research/research/projects/trm3/ckpts/x182b/best.pt acc=98.42% (0.124s)
Step 36000  Test 98.42% / 96.16%  Train lm=1.1172±0.0447ϵ[0.9922,1.1953] n_active=768.0001±0.0000ϵ[768.0000,768.0000] n_expunged=10.5800±3.8223ϵ[0.0000,24.0000] n_halted=149.9620±6.8944ϵ[124.0000,175.0000] pool_util=1.0000±0.0000ϵ[1.0000,1.0000]  (303.478s / 1198.304s)
