Adam params: ('embed_tokens.weight', 'head.weight', 'head.bias', 'q_head.weight', 'q_head.bias')
Muon 2D params: ('reasoning.0.attn.up_proj.weight', 'reasoning.0.attn.down_proj.weight', 'reasoning.0.mlp.up_proj.weight', 'reasoning.0.mlp.down_proj.weight', 'reasoning.1.attn.up_proj.weight', 'reasoning.1.attn.down_proj.weight', 'reasoning.1.mlp.up_proj.weight', 'reasoning.1.mlp.down_proj.weight')
Muon 3D params (ensemble_dims=1): ()
  cell_acc=78.57%, puzzle_acc=42.98%
  eval_avg_halt_step: 16.00
  per_H_acc: ['H0=54.7%', 'H1=63.2%', 'H2=67.2%', 'H3=69.0%', 'H4=70.4%', 'H5=70.5%']
  H_cos: ['0.781', '0.961', '0.977', '0.980', '0.980']
  z_H_delta: ['16.500', '7.969', '6.438', '6.188', '5.844']
  cells: fixed=[9172, 5980, 3980, 3555, 3187] broken=[3886, 3456, 2884, 2716, 3110]
  per_ACT_cell_acc: ['H1=54.7%', 'H2=63.2%', 'H3=67.2%', 'H4=69.0%', 'H5=70.4%', 'H6=70.5%', 'H7=70.7%', 'H8=71.1%', 'H9=71.5%', 'H10=71.9%', 'H11=72.3%', 'H12=73.0%', 'H13=73.1%', 'H14=73.1%', 'H15=73.2%', 'H16=73.5%']
  per_ACT_puzzle_acc: ['H1=0.1%', 'H2=2.6%', 'H3=3.8%', 'H4=8.5%', 'H5=12.5%', 'H6=13.9%', 'H7=16.8%', 'H8=18.2%', 'H9=20.3%', 'H10=21.6%', 'H11=22.5%', 'H12=23.8%', 'H13=24.6%', 'H14=26.0%', 'H15=26.3%', 'H16=27.0%']
  mean_sigmoid_q_halt: ['0.007', '0.007', '0.007', '0.007', '0.007', '0.007', '0.007', '0.007', '0.007', '0.007', '0.007', '0.007', '0.007', '0.007', '0.007', '0.007']
  halt_rates: ['0.00', '0.00', '0.00', '0.00', '0.00', '0.00', '0.00', '0.00', '0.00', '0.00', '0.00', '0.00', '0.00', '0.00', '0.00', '0.00']
  halt_histogram %: [100.0, 0.0, 0.0, 0.0, 0.0, 0.0, 0.0, 0.0, 0.0, 0.0, 0.0, 0.0, 0.0, 0.0, 0.0, 0.0]
  Avg ACT steps (last 100): 1.00
  saved: /home/jvdillon/research/research/projects/trm3/ckpts/x182g/step02000.pt acc=78.57% (0.051s)
  saved: /home/jvdillon/research/research/projects/trm3/ckpts/x182g/best.pt acc=78.57% (0.097s)
Step  2000  Test 78.57% / 42.98%  Train lm=1.3906±0.2256ϵ[1.0000,3.6719] n_active=0.0000±0.0000ϵ[0.0000,0.0000] n_expunged=0.0000±0.0000ϵ[0.0000,0.0000] n_halted=192.0000±0.0000ϵ[192.0000,192.0000] pool_util=0.0000±0.0000ϵ[0.0000,0.0000]  (304.043s / 1123.659s)
  cell_acc=81.66%, puzzle_acc=55.99%
  eval_avg_halt_step: 7.16
  per_H_acc: ['H0=53.1%', 'H1=63.1%', 'H2=65.2%', 'H3=66.7%', 'H4=67.9%', 'H5=68.9%']
  H_cos: ['0.777', '0.969', '0.980', '0.980', '0.984']
  z_H_delta: ['17.625', '8.875', '6.688', '6.281', '5.812']
  cells: fixed=[9947, 5235, 3269, 2965, 3108] broken=[3780, 3931, 2290, 2268, 2468]
  per_ACT_cell_acc: ['H1=53.1%', 'H2=63.1%', 'H3=65.2%', 'H4=66.7%', 'H5=67.9%', 'H6=68.9%', 'H7=69.8%', 'H8=70.1%', 'H9=70.7%', 'H10=71.0%', 'H11=71.3%', 'H12=72.0%', 'H13=72.3%', 'H14=72.4%', 'H15=72.5%', 'H16=72.7%']
  per_ACT_puzzle_acc: ['H1=0.0%', 'H2=2.3%', 'H3=5.1%', 'H4=9.6%', 'H5=13.2%', 'H6=16.8%', 'H7=19.9%', 'H8=21.7%', 'H9=23.8%', 'H10=25.8%', 'H11=26.6%', 'H12=28.0%', 'H13=29.0%', 'H14=29.6%', 'H15=30.2%', 'H16=31.1%']
  mean_sigmoid_q_halt: ['0.001', '0.007', '0.072', '0.123', '0.155', '0.201', '0.243', '0.271', '0.307', '0.326', '0.342', '0.357', '0.379', '0.383', '0.393', '0.404']
  halt_rates: ['0.00', '0.01', '0.06', '0.11', '0.15', '0.20', '0.24', '0.27', '0.30', '0.33', '0.34', '0.35', '0.38', '0.38', '0.39', '0.40']
  halt_histogram %: [85.1, 4.1, 2.4, 1.9, 1.6, 1.2, 1.0, 0.7, 0.5, 0.4, 0.3, 0.2, 0.1, 0.1, 0.1, 0.4]
  Avg ACT steps (last 100): 3.04
  saved: /home/jvdillon/research/research/projects/trm3/ckpts/x182g/step04000.pt acc=81.66% (0.052s)
  saved: /home/jvdillon/research/research/projects/trm3/ckpts/x182g/best.pt acc=81.66% (0.099s)
Step  4000  Test 81.66% / 55.99%  Train lm=1.3516±0.0933ϵ[0.9180,1.8984] n_active=768.0001±0.0000ϵ[768.0000,768.0000] n_expunged=21.5035±24.4773ϵ[0.0000,192.0000] n_halted=48.5840±18.5850ϵ[0.0000,192.0000] pool_util=1.0000±0.0000ϵ[1.0000,1.0000]  (304.405s / 1122.079s)
  cell_acc=90.19%, puzzle_acc=75.18%
  eval_avg_halt_step: 6.01
  per_H_acc: ['H0=53.7%', 'H1=64.1%', 'H2=68.1%', 'H3=70.5%', 'H4=72.7%', 'H5=74.4%']
  H_cos: ['0.777', '0.980', '0.980', '0.984', '0.984']
  z_H_delta: ['17.500', '7.625', '6.375', '5.938', '5.469']
  cells: fixed=[9988, 6343, 4175, 4107, 3656] broken=[3471, 3853, 2695, 2777, 2586]
  per_ACT_cell_acc: ['H1=53.7%', 'H2=64.1%', 'H3=68.1%', 'H4=70.5%', 'H5=72.7%', 'H6=74.4%', 'H7=75.6%', 'H8=76.6%', 'H9=77.0%', 'H10=77.3%', 'H11=77.9%', 'H12=78.4%', 'H13=79.2%', 'H14=79.7%', 'H15=79.9%', 'H16=80.1%']
  per_ACT_puzzle_acc: ['H1=0.7%', 'H2=2.9%', 'H3=6.8%', 'H4=14.2%', 'H5=20.6%', 'H6=25.8%', 'H7=28.9%', 'H8=32.9%', 'H9=36.8%', 'H10=38.5%', 'H11=39.2%', 'H12=41.1%', 'H13=43.0%', 'H14=44.1%', 'H15=45.6%', 'H16=46.5%']
  mean_sigmoid_q_halt: ['0.008', '0.025', '0.066', '0.151', '0.214', '0.266', '0.301', '0.340', '0.379', '0.396', '0.410', '0.428', '0.447', '0.459', '0.475', '0.484']
  halt_rates: ['0.00', '0.03', '0.06', '0.15', '0.21', '0.26', '0.30', '0.34', '0.38', '0.40', '0.41', '0.43', '0.45', '0.46', '0.48', '0.49']
  halt_histogram %: [75.2, 8.5, 4.4, 3.0, 2.3, 1.8, 1.3, 1.0, 0.7, 0.5, 0.3, 0.2, 0.2, 0.1, 0.1, 0.4]
  Avg ACT steps (last 100): 2.88
  saved: /home/jvdillon/research/research/projects/trm3/ckpts/x182g/step06000.pt acc=90.19% (0.033s)
  saved: /home/jvdillon/research/research/projects/trm3/ckpts/x182g/best.pt acc=90.19% (0.081s)
Step  6000  Test 90.19% / 75.18%  Train lm=1.3516±0.0378ϵ[1.2266,1.8047] n_active=768.0001±0.0000ϵ[768.0000,768.0000] n_expunged=7.5820±4.9587ϵ[0.0000,58.0000] n_halted=69.6535±10.5284ϵ[39.0000,107.0000] pool_util=1.0000±0.0000ϵ[1.0000,1.0000]  (303.868s / 1122.445s)
  cell_acc=93.25%, puzzle_acc=83.44%
  eval_avg_halt_step: 4.45
  per_H_acc: ['H0=54.2%', 'H1=63.4%', 'H2=67.6%', 'H3=70.4%', 'H4=73.1%', 'H5=74.9%']
  H_cos: ['0.828', '0.980', '0.980', '0.977', '0.984']
  z_H_delta: ['16.375', '7.406', '6.438', '6.344', '5.625']
  cells: fixed=[9104, 6334, 4616, 4256, 3491] broken=[3401, 3734, 2857, 2584, 2378]
  per_ACT_cell_acc: ['H1=54.2%', 'H2=63.4%', 'H3=67.6%', 'H4=70.4%', 'H5=73.1%', 'H6=74.9%', 'H7=76.1%', 'H8=76.8%', 'H9=77.6%', 'H10=78.5%', 'H11=79.1%', 'H12=79.8%', 'H13=80.4%', 'H14=81.2%', 'H15=81.7%', 'H16=81.9%']
  per_ACT_puzzle_acc: ['H1=1.6%', 'H2=3.1%', 'H3=7.6%', 'H4=14.1%', 'H5=21.9%', 'H6=28.4%', 'H7=33.1%', 'H8=36.8%', 'H9=39.2%', 'H10=42.1%', 'H11=44.0%', 'H12=46.2%', 'H13=47.8%', 'H14=49.7%', 'H15=51.8%', 'H16=52.9%']
  mean_sigmoid_q_halt: ['0.018', '0.029', '0.076', '0.169', '0.264', '0.336', '0.381', '0.424', '0.449', '0.477', '0.500', '0.520', '0.539', '0.559', '0.582', '0.594']
  halt_rates: ['0.01', '0.03', '0.07', '0.17', '0.26', '0.33', '0.38', '0.42', '0.45', '0.48', '0.50', '0.52', '0.54', '0.56', '0.58', '0.60']
  halt_histogram %: [69.9, 11.8, 5.5, 3.5, 2.5, 1.9, 1.4, 1.0, 0.7, 0.5, 0.3, 0.2, 0.2, 0.1, 0.1, 0.3]
  Avg ACT steps (last 100): 2.41
  saved: /home/jvdillon/research/research/projects/trm3/ckpts/x182g/step08000.pt acc=93.25% (0.034s)
  saved: /home/jvdillon/research/research/projects/trm3/ckpts/x182g/best.pt acc=93.25% (0.125s)
Step  8000  Test 93.25% / 83.44%  Train lm=1.3203±0.0408ϵ[1.1328,1.6406] n_active=768.0001±0.0000ϵ[768.0000,768.0000] n_expunged=5.8830±2.7907ϵ[0.0000,20.0000] n_halted=85.0145±10.4251ϵ[51.0000,132.0000] pool_util=1.0000±0.0000ϵ[1.0000,1.0000]  (303.995s / 1122.479s)
  cell_acc=94.78%, puzzle_acc=87.12%
  eval_avg_halt_step: 3.97
  per_H_acc: ['H0=54.1%', 'H1=63.9%', 'H2=69.4%', 'H3=72.6%', 'H4=75.5%', 'H5=77.1%']
  H_cos: ['0.855', '0.980', '0.977', '0.984', '0.984']
  z_H_delta: ['16.250', '7.594', '6.750', '6.156', '5.344']
  cells: fixed=[9387, 7162, 4593, 4460, 3582] broken=[3297, 3749, 2558, 2679, 2580]
  per_ACT_cell_acc: ['H1=54.1%', 'H2=63.9%', 'H3=69.4%', 'H4=72.6%', 'H5=75.5%', 'H6=77.1%', 'H7=78.5%', 'H8=79.5%', 'H9=80.0%', 'H10=80.9%', 'H11=81.7%', 'H12=82.7%', 'H13=83.3%', 'H14=83.6%', 'H15=83.7%', 'H16=84.0%']
  per_ACT_puzzle_acc: ['H1=0.5%', 'H2=2.7%', 'H3=7.8%', 'H4=20.1%', 'H5=27.0%', 'H6=34.2%', 'H7=39.1%', 'H8=43.4%', 'H9=45.7%', 'H10=48.4%', 'H11=50.8%', 'H12=52.5%', 'H13=54.8%', 'H14=56.5%', 'H15=57.3%', 'H16=58.1%']
  mean_sigmoid_q_halt: ['0.017', '0.027', '0.097', '0.222', '0.301', '0.371', '0.422', '0.465', '0.492', '0.520', '0.543', '0.555', '0.586', '0.602', '0.613', '0.617']
  halt_rates: ['0.00', '0.03', '0.09', '0.21', '0.29', '0.37', '0.42', '0.46', '0.49', '0.52', '0.54', '0.55', '0.59', '0.60', '0.61', '0.62']
  halt_histogram %: [67.4, 14.1, 6.0, 3.6, 2.5, 1.8, 1.3, 1.0, 0.7, 0.5, 0.3, 0.2, 0.2, 0.1, 0.1, 0.3]
  Avg ACT steps (last 100): 1.89
  saved: /home/jvdillon/research/research/projects/trm3/ckpts/x182g/step10000.pt acc=94.78% (0.034s)
  saved: /home/jvdillon/research/research/projects/trm3/ckpts/x182g/best.pt acc=94.78% (0.127s)
Step 10000  Test 94.78% / 87.12%  Train lm=1.2891±0.0571ϵ[1.1172,1.9141] n_active=768.0001±0.0000ϵ[768.0000,768.0000] n_expunged=6.1680±2.5993ϵ[0.0000,16.0000] n_halted=97.7710±11.0496ϵ[65.0000,139.0000] pool_util=1.0000±0.0000ϵ[1.0000,1.0000]  (304.086s / 1122.543s)
  cell_acc=95.79%, puzzle_acc=89.59%
  eval_avg_halt_step: 3.62
  per_H_acc: ['H0=53.9%', 'H1=64.4%', 'H2=68.8%', 'H3=73.1%', 'H4=75.8%', 'H5=77.4%']
  H_cos: ['0.859', '0.977', '0.977', '0.980', '0.984']
  z_H_delta: ['16.625', '8.062', '7.125', '6.469', '5.438']
  cells: fixed=[10187, 6490, 5295, 4716, 3591] broken=[3668, 3746, 2611, 3018, 2602]
  per_ACT_cell_acc: ['H1=53.9%', 'H2=64.4%', 'H3=68.8%', 'H4=73.1%', 'H5=75.8%', 'H6=77.4%', 'H7=78.7%', 'H8=79.8%', 'H9=81.0%', 'H10=82.1%', 'H11=82.8%', 'H12=83.4%', 'H13=84.1%', 'H14=84.8%', 'H15=85.3%', 'H16=85.8%']
  per_ACT_puzzle_acc: ['H1=0.5%', 'H2=2.7%', 'H3=9.6%', 'H4=21.2%', 'H5=29.8%', 'H6=35.7%', 'H7=40.2%', 'H8=44.1%', 'H9=47.3%', 'H10=50.7%', 'H11=53.4%', 'H12=55.3%', 'H13=56.4%', 'H14=58.7%', 'H15=60.5%', 'H16=62.0%']
  mean_sigmoid_q_halt: ['0.024', '0.027', '0.110', '0.224', '0.314', '0.373', '0.420', '0.457', '0.494', '0.523', '0.555', '0.578', '0.590', '0.609', '0.629', '0.641']
  halt_rates: ['0.00', '0.03', '0.10', '0.22', '0.31', '0.37', '0.42', '0.45', '0.49', '0.52', '0.55', '0.58', '0.59', '0.61', '0.63', '0.64']
  halt_histogram %: [66.5, 15.5, 6.2, 3.5, 2.4, 1.7, 1.2, 0.9, 0.6, 0.4, 0.3, 0.2, 0.1, 0.1, 0.1, 0.3]
  Avg ACT steps (last 100): 1.80
  saved: /home/jvdillon/research/research/projects/trm3/ckpts/x182g/step12000.pt acc=95.79% (0.035s)
  saved: /home/jvdillon/research/research/projects/trm3/ckpts/x182g/best.pt acc=95.79% (0.129s)
Step 12000  Test 95.79% / 89.59%  Train lm=1.2734±0.0596ϵ[1.1172,2.0156] n_active=768.0001±0.0000ϵ[768.0000,768.0000] n_expunged=6.7925±2.7311ϵ[0.0000,19.0000] n_halted=107.1115±9.5945ϵ[72.0000,139.0000] pool_util=1.0000±0.0000ϵ[1.0000,1.0000]  (304.094s / 1122.663s)
  cell_acc=96.78%, puzzle_acc=92.14%
  eval_avg_halt_step: 3.35
  per_H_acc: ['H0=57.3%', 'H1=65.8%', 'H2=71.0%', 'H3=74.9%', 'H4=77.5%', 'H5=79.5%']
  H_cos: ['0.891', '0.977', '0.980', '0.980', '0.984']
  z_H_delta: ['15.062', '7.406', '6.719', '6.094', '5.250']
  cells: fixed=[8802, 6620, 5023, 4208, 3529] broken=[3481, 3396, 2632, 2586, 2251]
  per_ACT_cell_acc: ['H1=57.3%', 'H2=65.8%', 'H3=71.0%', 'H4=74.9%', 'H5=77.5%', 'H6=79.5%', 'H7=80.7%', 'H8=82.1%', 'H9=83.1%', 'H10=84.5%', 'H11=85.3%', 'H12=85.9%', 'H13=86.2%', 'H14=87.0%', 'H15=87.4%', 'H16=87.6%']
  per_ACT_puzzle_acc: ['H1=1.6%', 'H2=3.3%', 'H3=13.0%', 'H4=24.3%', 'H5=32.7%', 'H6=41.0%', 'H7=46.0%', 'H8=50.3%', 'H9=54.0%', 'H10=56.8%', 'H11=59.8%', 'H12=62.1%', 'H13=63.3%', 'H14=63.9%', 'H15=65.8%', 'H16=67.3%']
  mean_sigmoid_q_halt: ['0.025', '0.031', '0.136', '0.252', '0.344', '0.420', '0.477', '0.516', '0.559', '0.590', '0.617', '0.641', '0.652', '0.660', '0.676', '0.695']
  halt_rates: ['0.01', '0.03', '0.13', '0.25', '0.34', '0.42', '0.47', '0.51', '0.56', '0.59', '0.61', '0.64', '0.65', '0.66', '0.68', '0.70']
  halt_histogram %: [66.5, 16.4, 6.2, 3.3, 2.2, 1.6, 1.1, 0.8, 0.6, 0.4, 0.3, 0.2, 0.1, 0.1, 0.1, 0.2]
  Avg ACT steps (last 100): 1.50
  saved: /home/jvdillon/research/research/projects/trm3/ckpts/x182g/step14000.pt acc=96.78% (0.034s)
  saved: /home/jvdillon/research/research/projects/trm3/ckpts/x182g/best.pt acc=96.78% (0.082s)
Step 14000  Test 96.78% / 92.14%  Train lm=1.2344±0.0479ϵ[1.0859,1.8203] n_active=768.0001±0.0000ϵ[768.0000,768.0000] n_expunged=7.6005±2.9182ϵ[0.0000,20.0000] n_halted=116.9410±9.5807ϵ[90.0000,150.0000] pool_util=1.0000±0.0000ϵ[1.0000,1.0000]  (304.011s / 1122.361s)
  cell_acc=96.94%, puzzle_acc=92.45%
  eval_avg_halt_step: 3.23
  per_H_acc: ['H0=57.8%', 'H1=66.1%', 'H2=70.8%', 'H3=75.5%', 'H4=78.3%', 'H5=80.4%']
  H_cos: ['0.906', '0.977', '0.977', '0.980', '0.984']
  z_H_delta: ['14.562', '7.406', '6.906', '6.219', '5.188']
  cells: fixed=[8758, 6340, 5546, 4478, 3685] broken=[3593, 3427, 2607, 2782, 2355]
  per_ACT_cell_acc: ['H1=57.8%', 'H2=66.1%', 'H3=70.8%', 'H4=75.5%', 'H5=78.3%', 'H6=80.4%', 'H7=82.0%', 'H8=83.4%', 'H9=84.8%', 'H10=85.1%', 'H11=85.7%', 'H12=86.4%', 'H13=86.8%', 'H14=87.1%', 'H15=87.6%', 'H16=87.9%']
  per_ACT_puzzle_acc: ['H1=2.3%', 'H2=3.8%', 'H3=14.8%', 'H4=24.7%', 'H5=35.9%', 'H6=41.8%', 'H7=48.0%', 'H8=52.6%', 'H9=56.6%', 'H10=59.0%', 'H11=61.6%', 'H12=63.3%', 'H13=64.8%', 'H14=65.8%', 'H15=67.1%', 'H16=67.8%']
  mean_sigmoid_q_halt: ['0.043', '0.032', '0.156', '0.256', '0.359', '0.428', '0.492', '0.535', '0.578', '0.598', '0.625', '0.641', '0.656', '0.668', '0.680', '0.688']
  halt_rates: ['0.02', '0.03', '0.15', '0.25', '0.36', '0.43', '0.49', '0.54', '0.58', '0.60', '0.62', '0.64', '0.65', '0.67', '0.68', '0.69']
  halt_histogram %: [66.9, 17.0, 6.1, 3.2, 2.0, 1.4, 1.0, 0.7, 0.5, 0.3, 0.2, 0.2, 0.1, 0.1, 0.1, 0.2]
  Avg ACT steps (last 100): 1.50
  saved: /home/jvdillon/research/research/projects/trm3/ckpts/x182g/step16000.pt acc=96.94% (0.034s)
  saved: /home/jvdillon/research/research/projects/trm3/ckpts/x182g/best.pt acc=96.94% (0.125s)
Step 16000  Test 96.94% / 92.45%  Train lm=1.2109±0.0486ϵ[1.0547,1.7266] n_active=768.0001±0.0000ϵ[768.0000,768.0000] n_expunged=8.0920±3.0992ϵ[0.0000,19.0000] n_halted=124.0975±9.1517ϵ[99.0000,158.0000] pool_util=1.0000±0.0000ϵ[1.0000,1.0000]  (304.082s / 1122.461s)
  cell_acc=97.92%, puzzle_acc=94.95%
  eval_avg_halt_step: 2.86
  per_H_acc: ['H0=61.2%', 'H1=67.3%', 'H2=71.6%', 'H3=75.8%', 'H4=79.0%', 'H5=81.3%']
  H_cos: ['0.926', '0.977', '0.977', '0.980', '0.980']
  z_H_delta: ['13.375', '7.469', '6.906', '6.125', '5.406']
  cells: fixed=[7302, 5927, 5206, 4570, 3599] broken=[3518, 3217, 2610, 2615, 2140]
  per_ACT_cell_acc: ['H1=61.2%', 'H2=67.3%', 'H3=71.6%', 'H4=75.8%', 'H5=79.0%', 'H6=81.3%', 'H7=82.9%', 'H8=84.1%', 'H9=85.3%', 'H10=86.0%', 'H11=86.5%', 'H12=87.1%', 'H13=87.8%', 'H14=88.2%', 'H15=88.6%', 'H16=89.3%']
  per_ACT_puzzle_acc: ['H1=2.6%', 'H2=6.8%', 'H3=16.9%', 'H4=28.3%', 'H5=37.5%', 'H6=46.0%', 'H7=51.7%', 'H8=56.0%', 'H9=58.9%', 'H10=60.7%', 'H11=63.4%', 'H12=65.9%', 'H13=67.8%', 'H14=68.8%', 'H15=69.8%', 'H16=71.4%']
  mean_sigmoid_q_halt: ['0.051', '0.058', '0.185', '0.291', '0.379', '0.469', '0.527', '0.566', '0.594', '0.609', '0.637', '0.660', '0.688', '0.695', '0.703', '0.719']
  halt_rates: ['0.03', '0.06', '0.18', '0.29', '0.38', '0.46', '0.52', '0.57', '0.59', '0.61', '0.64', '0.66', '0.68', '0.70', '0.70', '0.72']
  halt_histogram %: [67.6, 17.3, 5.9, 3.0, 1.9, 1.3, 0.9, 0.6, 0.4, 0.3, 0.2, 0.1, 0.1, 0.1, 0.0, 0.2]
  Avg ACT steps (last 100): 1.38
  saved: /home/jvdillon/research/research/projects/trm3/ckpts/x182g/step18000.pt acc=97.92% (0.035s)
  saved: /home/jvdillon/research/research/projects/trm3/ckpts/x182g/best.pt acc=97.92% (0.334s)
Step 18000  Test 97.92% / 94.95%  Train lm=1.1875±0.0566ϵ[1.0469,1.7188] n_active=768.0001±0.0000ϵ[768.0000,768.0000] n_expunged=8.9565±3.3414ϵ[0.0000,24.0000] n_halted=130.7885±8.8916ϵ[103.0000,161.0000] pool_util=1.0000±0.0000ϵ[1.0000,1.0000]  (304.340s / 1122.423s)
  cell_acc=98.10%, puzzle_acc=95.36%
  eval_avg_halt_step: 2.78
  per_H_acc: ['H0=61.7%', 'H1=68.1%', 'H2=73.2%', 'H3=77.5%', 'H4=81.0%', 'H5=82.9%']
  H_cos: ['0.938', '0.973', '0.977', '0.977', '0.984']
  z_H_delta: ['13.000', '7.812', '7.094', '6.375', '5.094']
  cells: fixed=[7540, 6251, 5343, 4407, 3385] broken=[3546, 3111, 2640, 2255, 2149]
  per_ACT_cell_acc: ['H1=61.7%', 'H2=68.1%', 'H3=73.2%', 'H4=77.5%', 'H5=81.0%', 'H6=82.9%', 'H7=84.4%', 'H8=85.3%', 'H9=86.4%', 'H10=87.1%', 'H11=87.5%', 'H12=88.1%', 'H13=88.5%', 'H14=89.1%', 'H15=89.7%', 'H16=90.0%']
  per_ACT_puzzle_acc: ['H1=2.6%', 'H2=7.2%', 'H3=19.7%', 'H4=30.1%', 'H5=43.4%', 'H6=49.9%', 'H7=56.4%', 'H8=60.0%', 'H9=63.3%', 'H10=64.8%', 'H11=66.4%', 'H12=68.0%', 'H13=69.5%', 'H14=70.6%', 'H15=71.9%', 'H16=72.3%']
  mean_sigmoid_q_halt: ['0.037', '0.053', '0.206', '0.316', '0.439', '0.508', '0.566', '0.613', '0.637', '0.656', '0.672', '0.688', '0.703', '0.715', '0.723', '0.730']
  halt_rates: ['0.03', '0.05', '0.20', '0.31', '0.43', '0.50', '0.57', '0.61', '0.64', '0.65', '0.67', '0.69', '0.70', '0.71', '0.72', '0.73']
  halt_histogram %: [68.5, 17.4, 5.7, 2.8, 1.7, 1.2, 0.8, 0.6, 0.4, 0.3, 0.2, 0.1, 0.1, 0.1, 0.0, 0.2]
  Avg ACT steps (last 100): 1.39
  saved: /home/jvdillon/research/research/projects/trm3/ckpts/x182g/step20000.pt acc=98.10% (0.033s)
  saved: /home/jvdillon/research/research/projects/trm3/ckpts/x182g/best.pt acc=98.10% (0.125s)
Step 20000  Test 98.10% / 95.36%  Train lm=1.1562±0.0391ϵ[1.0234,1.3203] n_active=768.0001±0.0000ϵ[768.0000,768.0000] n_expunged=9.6920±3.4778ϵ[0.0000,22.0000] n_halted=137.5815±7.8333ϵ[113.0000,166.0000] pool_util=1.0000±0.0000ϵ[1.0000,1.0000]  (304.038s / 1122.851s)
  cell_acc=98.39%, puzzle_acc=96.11%
  eval_avg_halt_step: 2.51
  per_H_acc: ['H0=62.8%', 'H1=69.4%', 'H2=74.3%', 'H3=78.7%', 'H4=81.9%', 'H5=83.4%']
  H_cos: ['0.957', '0.977', '0.977', '0.980', '0.984']
  z_H_delta: ['12.500', '7.438', '7.000', '5.938', '4.844']
  cells: fixed=[8181, 5912, 5334, 4246, 3183] broken=[4054, 2882, 2550, 2291, 2253]
  per_ACT_cell_acc: ['H1=62.8%', 'H2=69.4%', 'H3=74.3%', 'H4=78.7%', 'H5=81.9%', 'H6=83.4%', 'H7=85.1%', 'H8=86.3%', 'H9=87.3%', 'H10=88.3%', 'H11=88.9%', 'H12=89.3%', 'H13=89.8%', 'H14=90.5%', 'H15=90.8%', 'H16=90.9%']
  per_ACT_puzzle_acc: ['H1=2.7%', 'H2=7.8%', 'H3=22.3%', 'H4=34.5%', 'H5=45.6%', 'H6=52.3%', 'H7=57.3%', 'H8=61.8%', 'H9=64.7%', 'H10=67.6%', 'H11=70.1%', 'H12=71.1%', 'H13=72.7%', 'H14=74.3%', 'H15=75.3%', 'H16=76.4%']
  mean_sigmoid_q_halt: ['0.026', '0.077', '0.243', '0.365', '0.469', '0.535', '0.582', '0.633', '0.656', '0.688', '0.711', '0.727', '0.742', '0.754', '0.762', '0.773']
  halt_rates: ['0.02', '0.07', '0.23', '0.36', '0.46', '0.53', '0.58', '0.63', '0.65', '0.69', '0.71', '0.72', '0.74', '0.75', '0.76', '0.77']
  halt_histogram %: [69.5, 17.3, 5.5, 2.6, 1.6, 1.1, 0.7, 0.5, 0.4, 0.3, 0.2, 0.1, 0.1, 0.1, 0.0, 0.1]
  Avg ACT steps (last 100): 1.30
  saved: /home/jvdillon/research/research/projects/trm3/ckpts/x182g/step22000.pt acc=98.39% (0.033s)
  saved: /home/jvdillon/research/research/projects/trm3/ckpts/x182g/best.pt acc=98.39% (0.080s)
Step 22000  Test 98.39% / 96.11%  Train lm=1.1406±0.0527ϵ[1.0000,1.7812] n_active=768.0001±0.0000ϵ[768.0000,768.0000] n_expunged=10.5305±3.7586ϵ[0.0000,23.0000] n_halted=143.2970±7.7671ϵ[120.0000,170.0000] pool_util=1.0000±0.0000ϵ[1.0000,1.0000]  (303.877s / 1122.723s)
  cell_acc=98.56%, puzzle_acc=96.57%
  eval_avg_halt_step: 2.43
  per_H_acc: ['H0=63.1%', 'H1=69.6%', 'H2=74.2%', 'H3=77.4%', 'H4=80.9%', 'H5=83.4%']
  H_cos: ['0.941', '0.969', '0.977', '0.977', '0.980']
  z_H_delta: ['12.750', '8.000', '7.062', '6.250', '5.281']
  cells: fixed=[7809, 5819, 4621, 4512, 3586] broken=[3805, 2902, 2655, 2365, 2005]
  per_ACT_cell_acc: ['H1=63.1%', 'H2=69.6%', 'H3=74.2%', 'H4=77.4%', 'H5=80.9%', 'H6=83.4%', 'H7=85.1%', 'H8=86.0%', 'H9=87.1%', 'H10=87.9%', 'H11=88.7%', 'H12=89.4%', 'H13=89.9%', 'H14=90.5%', 'H15=91.2%', 'H16=91.7%']
  per_ACT_puzzle_acc: ['H1=2.7%', 'H2=7.6%', 'H3=22.8%', 'H4=33.5%', 'H5=43.9%', 'H6=52.0%', 'H7=57.6%', 'H8=60.5%', 'H9=63.8%', 'H10=66.8%', 'H11=68.9%', 'H12=71.5%', 'H13=73.3%', 'H14=74.7%', 'H15=76.3%', 'H16=77.5%']
  mean_sigmoid_q_halt: ['0.040', '0.067', '0.254', '0.352', '0.451', '0.531', '0.594', '0.617', '0.648', '0.680', '0.699', '0.723', '0.742', '0.754', '0.770', '0.781']
  halt_rates: ['0.03', '0.06', '0.24', '0.34', '0.44', '0.52', '0.59', '0.61', '0.65', '0.68', '0.70', '0.72', '0.74', '0.76', '0.77', '0.78']
  halt_histogram %: [70.5, 17.2, 5.2, 2.4, 1.5, 1.0, 0.7, 0.5, 0.3, 0.2, 0.2, 0.1, 0.1, 0.1, 0.0, 0.1]
  Avg ACT steps (last 100): 1.29
  saved: /home/jvdillon/research/research/projects/trm3/ckpts/x182g/step24000.pt acc=98.56% (0.033s)
  saved: /home/jvdillon/research/research/projects/trm3/ckpts/x182g/best.pt acc=98.56% (0.079s)
Step 24000  Test 98.56% / 96.57%  Train lm=1.1094±0.0488ϵ[0.9805,1.6172] n_active=768.0001±0.0000ϵ[768.0000,768.0000] n_expunged=11.1725±4.0057ϵ[0.0000,27.0000] n_halted=148.5650±7.4356ϵ[126.0000,173.0000] pool_util=1.0000±0.0000ϵ[1.0000,1.0000]  (303.808s / 1122.469s)
  cell_acc=98.72%, puzzle_acc=96.94%
  eval_avg_halt_step: 2.33
  per_H_acc: ['H0=63.9%', 'H1=70.8%', 'H2=75.9%', 'H3=79.5%', 'H4=82.2%', 'H5=84.4%']
  H_cos: ['0.949', '0.969', '0.977', '0.980', '0.984']
  z_H_delta: ['12.438', '8.188', '7.062', '5.750', '4.812']
  cells: fixed=[7974, 6098, 4746, 3903, 3312] broken=[3664, 2909, 2486, 2280, 1888]
  per_ACT_cell_acc: ['H1=63.9%', 'H2=70.8%', 'H3=75.9%', 'H4=79.5%', 'H5=82.2%', 'H6=84.4%', 'H7=86.0%', 'H8=87.3%', 'H9=88.3%', 'H10=89.0%', 'H11=89.6%', 'H12=90.2%', 'H13=90.6%', 'H14=90.7%', 'H15=91.2%', 'H16=91.5%']
  per_ACT_puzzle_acc: ['H1=2.7%', 'H2=8.7%', 'H3=27.5%', 'H4=39.3%', 'H5=47.8%', 'H6=55.2%', 'H7=60.2%', 'H8=63.5%', 'H9=67.8%', 'H10=69.7%', 'H11=71.6%', 'H12=73.7%', 'H13=75.4%', 'H14=76.0%', 'H15=77.0%', 'H16=77.5%']
  mean_sigmoid_q_halt: ['0.039', '0.083', '0.295', '0.404', '0.490', '0.562', '0.613', '0.648', '0.688', '0.707', '0.727', '0.746', '0.762', '0.773', '0.777', '0.781']
  halt_rates: ['0.03', '0.08', '0.28', '0.40', '0.48', '0.56', '0.61', '0.64', '0.68', '0.71', '0.73', '0.75', '0.76', '0.77', '0.78', '0.78']
  halt_histogram %: [71.6, 16.9, 5.0, 2.2, 1.3, 0.9, 0.6, 0.4, 0.3, 0.2, 0.1, 0.1, 0.1, 0.0, 0.0, 0.1]
  Avg ACT steps (last 100): 1.23
  saved: /home/jvdillon/research/research/projects/trm3/ckpts/x182g/step26000.pt acc=98.72% (0.033s)
  saved: /home/jvdillon/research/research/projects/trm3/ckpts/x182g/best.pt acc=98.72% (0.081s)
Step 26000  Test 98.72% / 96.94%  Train lm=1.0938±0.0442ϵ[0.9805,1.5703] n_active=768.0001±0.0000ϵ[768.0000,768.0000] n_expunged=11.7215±3.9596ϵ[2.0000,24.0000] n_halted=153.2105±6.4218ϵ[133.0000,173.0000] pool_util=1.0000±0.0000ϵ[1.0000,1.0000]  (303.797s / 1122.437s)
  cell_acc=98.81%, puzzle_acc=97.15%
  eval_avg_halt_step: 2.29
  per_H_acc: ['H0=63.5%', 'H1=71.1%', 'H2=76.0%', 'H3=79.3%', 'H4=82.4%', 'H5=84.4%']
  H_cos: ['0.949', '0.969', '0.977', '0.980', '0.984']
  z_H_delta: ['12.250', '8.000', '6.844', '5.781', '4.844']
  cells: fixed=[8354, 5944, 4582, 4248, 3256] broken=[3656, 2887, 2550, 2305, 2001]
  per_ACT_cell_acc: ['H1=63.5%', 'H2=71.1%', 'H3=76.0%', 'H4=79.3%', 'H5=82.4%', 'H6=84.4%', 'H7=85.5%', 'H8=86.6%', 'H9=87.4%', 'H10=88.4%', 'H11=89.0%', 'H12=89.5%', 'H13=90.1%', 'H14=90.6%', 'H15=91.0%', 'H16=91.5%']
  per_ACT_puzzle_acc: ['H1=2.7%', 'H2=9.2%', 'H3=27.9%', 'H4=37.6%', 'H5=46.2%', 'H6=53.6%', 'H7=58.6%', 'H8=63.2%', 'H9=65.2%', 'H10=67.4%', 'H11=70.4%', 'H12=71.6%', 'H13=74.2%', 'H14=75.3%', 'H15=76.4%', 'H16=77.2%']
  mean_sigmoid_q_halt: ['0.039', '0.080', '0.301', '0.395', '0.480', '0.547', '0.594', '0.641', '0.664', '0.688', '0.711', '0.730', '0.750', '0.762', '0.777', '0.785']
  halt_rates: ['0.03', '0.07', '0.29', '0.38', '0.47', '0.55', '0.59', '0.64', '0.66', '0.68', '0.71', '0.73', '0.75', '0.76', '0.78', '0.79']
  halt_histogram %: [72.5, 16.7, 4.8, 2.1, 1.2, 0.8, 0.6, 0.4, 0.3, 0.2, 0.1, 0.1, 0.1, 0.0, 0.0, 0.1]
  Avg ACT steps (last 100): 1.18
  saved: /home/jvdillon/research/research/projects/trm3/ckpts/x182g/step28000.pt acc=98.81% (0.034s)
  saved: /home/jvdillon/research/research/projects/trm3/ckpts/x182g/best.pt acc=98.81% (0.080s)
Step 28000  Test 98.81% / 97.15%  Train lm=1.0859±0.0461ϵ[0.9922,1.6172] n_active=768.0001±0.0000ϵ[768.0000,768.0000] n_expunged=12.1820±3.9985ϵ[1.0000,26.0000] n_halted=155.8745±5.8330ϵ[135.0000,173.0000] pool_util=1.0000±0.0000ϵ[1.0000,1.0000]  (303.686s / 1122.521s)
  cell_acc=98.85%, puzzle_acc=97.26%
  eval_avg_halt_step: 2.25
  per_H_acc: ['H0=63.6%', 'H1=70.3%', 'H2=75.0%', 'H3=78.9%', 'H4=81.7%', 'H5=83.8%']
  H_cos: ['0.945', '0.969', '0.977', '0.980', '0.984']
  z_H_delta: ['12.375', '7.969', '6.875', '5.875', '4.844']
  cells: fixed=[7919, 5850, 5013, 4096, 3357] broken=[3799, 2911, 2582, 2364, 2041]
  per_ACT_cell_acc: ['H1=63.6%', 'H2=70.3%', 'H3=75.0%', 'H4=78.9%', 'H5=81.7%', 'H6=83.8%', 'H7=85.7%', 'H8=87.1%', 'H9=88.0%', 'H10=88.6%', 'H11=89.3%', 'H12=90.1%', 'H13=90.8%', 'H14=91.2%', 'H15=91.5%', 'H16=91.9%']
  per_ACT_puzzle_acc: ['H1=2.7%', 'H2=10.4%', 'H3=26.0%', 'H4=37.1%', 'H5=47.1%', 'H6=54.3%', 'H7=59.2%', 'H8=64.2%', 'H9=67.2%', 'H10=68.9%', 'H11=71.1%', 'H12=72.7%', 'H13=74.6%', 'H14=75.8%', 'H15=76.8%', 'H16=78.5%']
  mean_sigmoid_q_halt: ['0.043', '0.092', '0.283', '0.389', '0.488', '0.555', '0.605', '0.648', '0.688', '0.699', '0.719', '0.738', '0.758', '0.766', '0.773', '0.789']
  halt_rates: ['0.03', '0.08', '0.27', '0.38', '0.48', '0.55', '0.60', '0.65', '0.69', '0.70', '0.72', '0.74', '0.76', '0.76', '0.77', '0.79']
  halt_histogram %: [73.4, 16.5, 4.5, 1.9, 1.1, 0.8, 0.5, 0.4, 0.3, 0.2, 0.1, 0.1, 0.1, 0.0, 0.0, 0.1]
  Avg ACT steps (last 100): 1.39
  saved: /home/jvdillon/research/research/projects/trm3/ckpts/x182g/step30000.pt acc=98.85% (0.034s)
  saved: /home/jvdillon/research/research/projects/trm3/ckpts/x182g/best.pt acc=98.85% (0.081s)
Step 30000  Test 98.85% / 97.26%  Train lm=1.0703±0.0344ϵ[0.9805,1.3984] n_active=768.0001±0.0000ϵ[768.0000,768.0000] n_expunged=12.4825±3.9102ϵ[3.0000,26.0000] n_halted=157.4990±5.6764ϵ[136.0000,177.0000] pool_util=1.0000±0.0000ϵ[1.0000,1.0000]  (303.527s / 1122.714s)
  cell_acc=98.87%, puzzle_acc=97.27%
  eval_avg_halt_step: 2.26
  per_H_acc: ['H0=63.6%', 'H1=70.3%', 'H2=74.7%', 'H3=78.7%', 'H4=81.8%', 'H5=84.1%']
  H_cos: ['0.945', '0.969', '0.977', '0.980', '0.984']
  z_H_delta: ['12.438', '7.938', '6.969', '5.875', '5.031']
  cells: fixed=[7956, 5647, 4995, 4279, 3486] broken=[3819, 2883, 2500, 2360, 2063]
  per_ACT_cell_acc: ['H1=63.6%', 'H2=70.3%', 'H3=74.7%', 'H4=78.7%', 'H5=81.8%', 'H6=84.1%', 'H7=85.7%', 'H8=87.2%', 'H9=87.8%', 'H10=88.6%', 'H11=89.3%', 'H12=89.9%', 'H13=90.3%', 'H14=90.5%', 'H15=91.1%', 'H16=91.5%']
  per_ACT_puzzle_acc: ['H1=2.7%', 'H2=11.2%', 'H3=26.2%', 'H4=36.5%', 'H5=46.2%', 'H6=53.1%', 'H7=59.8%', 'H8=64.5%', 'H9=67.3%', 'H10=69.7%', 'H11=71.4%', 'H12=72.1%', 'H13=73.4%', 'H14=74.5%', 'H15=76.2%', 'H16=77.0%']
  mean_sigmoid_q_halt: ['0.042', '0.099', '0.289', '0.383', '0.477', '0.551', '0.609', '0.656', '0.680', '0.703', '0.723', '0.730', '0.742', '0.754', '0.770', '0.781']
  halt_rates: ['0.03', '0.09', '0.28', '0.37', '0.47', '0.54', '0.60', '0.65', '0.68', '0.70', '0.72', '0.73', '0.74', '0.75', '0.77', '0.78']
  halt_histogram %: [74.2, 16.3, 4.4, 1.8, 1.1, 0.7, 0.5, 0.3, 0.2, 0.2, 0.1, 0.1, 0.1, 0.0, 0.0, 0.1]
  Avg ACT steps (last 100): 1.20
  saved: /home/jvdillon/research/research/projects/trm3/ckpts/x182g/step32000.pt acc=98.87% (0.034s)
  saved: /home/jvdillon/research/research/projects/trm3/ckpts/x182g/best.pt acc=98.87% (0.125s)
Step 32000  Test 98.87% / 97.27%  Train lm=1.0703±0.0347ϵ[0.9766,1.3047] n_active=768.0001±0.0000ϵ[768.0000,768.0000] n_expunged=12.6805±4.1126ϵ[1.0000,27.0000] n_halted=158.4055±5.7941ϵ[136.0000,177.0000] pool_util=1.0000±0.0000ϵ[1.0000,1.0000]  (303.661s / 1122.503s)
  cell_acc=98.86%, puzzle_acc=97.30%
  eval_avg_halt_step: 2.25
  per_H_acc: ['H0=63.5%', 'H1=70.1%', 'H2=74.4%', 'H3=78.6%', 'H4=81.9%', 'H5=84.0%']
  H_cos: ['0.945', '0.969', '0.977', '0.977', '0.984']
  z_H_delta: ['12.500', '7.938', '7.000', '6.000', '5.000']
  cells: fixed=[7944, 5573, 5173, 4350, 3250] broken=[3860, 2878, 2558, 2293, 1999]
  per_ACT_cell_acc: ['H1=63.5%', 'H2=70.1%', 'H3=74.4%', 'H4=78.6%', 'H5=81.9%', 'H6=84.0%', 'H7=85.6%', 'H8=86.6%', 'H9=87.8%', 'H10=88.6%', 'H11=89.0%', 'H12=89.6%', 'H13=90.0%', 'H14=90.4%', 'H15=90.6%', 'H16=91.0%']
  per_ACT_puzzle_acc: ['H1=2.7%', 'H2=11.1%', 'H3=25.5%', 'H4=36.2%', 'H5=46.5%', 'H6=53.9%', 'H7=59.0%', 'H8=62.5%', 'H9=65.8%', 'H10=69.1%', 'H11=70.8%', 'H12=72.3%', 'H13=73.4%', 'H14=74.3%', 'H15=75.9%', 'H16=76.6%']
  mean_sigmoid_q_halt: ['0.042', '0.101', '0.291', '0.377', '0.482', '0.547', '0.605', '0.637', '0.668', '0.703', '0.711', '0.727', '0.738', '0.750', '0.766', '0.770']
  halt_rates: ['0.03', '0.09', '0.27', '0.37', '0.48', '0.54', '0.60', '0.63', '0.66', '0.70', '0.71', '0.73', '0.74', '0.75', '0.76', '0.77']
  halt_histogram %: [74.8, 16.1, 4.2, 1.7, 1.0, 0.7, 0.4, 0.3, 0.2, 0.1, 0.1, 0.1, 0.0, 0.0, 0.0, 0.1]
  Avg ACT steps (last 100): 1.20
  saved: /home/jvdillon/research/research/projects/trm3/ckpts/x182g/step34000.pt acc=98.86% (0.032s)
Step 34000  Test 98.86% / 97.30%  Train lm=1.0625±0.0317ϵ[0.9648,1.2891] n_active=768.0001±0.0000ϵ[768.0000,768.0000] n_expunged=12.7535±3.9920ϵ[2.0000,26.0000] n_halted=158.5515±5.4777ϵ[139.0000,176.0000] pool_util=1.0000±0.0000ϵ[1.0000,1.0000]  (303.558s / 1122.313s)
  cell_acc=98.87%, puzzle_acc=97.30%
  eval_avg_halt_step: 2.24
  per_H_acc: ['H0=63.5%', 'H1=70.1%', 'H2=74.6%', 'H3=78.5%', 'H4=82.1%', 'H5=84.2%']
  H_cos: ['0.945', '0.969', '0.977', '0.977', '0.984']
  z_H_delta: ['12.500', '7.875', '6.938', '5.969', '4.969']
  cells: fixed=[7922, 5678, 4989, 4402, 3367] broken=[3835, 2852, 2596, 2154, 2035]
  per_ACT_cell_acc: ['H1=63.5%', 'H2=70.1%', 'H3=74.6%', 'H4=78.5%', 'H5=82.1%', 'H6=84.2%', 'H7=85.9%', 'H8=87.6%', 'H9=88.4%', 'H10=89.1%', 'H11=89.7%', 'H12=90.3%', 'H13=90.8%', 'H14=91.8%', 'H15=92.1%', 'H16=92.6%']
  per_ACT_puzzle_acc: ['H1=2.7%', 'H2=10.9%', 'H3=25.1%', 'H4=36.1%', 'H5=47.9%', 'H6=54.4%', 'H7=60.7%', 'H8=65.0%', 'H9=68.2%', 'H10=69.4%', 'H11=71.6%', 'H12=74.0%', 'H13=75.3%', 'H14=77.3%', 'H15=78.8%', 'H16=79.9%']
  mean_sigmoid_q_halt: ['0.042', '0.101', '0.287', '0.387', '0.488', '0.559', '0.613', '0.656', '0.695', '0.703', '0.730', '0.742', '0.758', '0.777', '0.793', '0.809']
  halt_rates: ['0.03', '0.09', '0.27', '0.38', '0.48', '0.56', '0.61', '0.65', '0.69', '0.70', '0.73', '0.74', '0.76', '0.78', '0.79', '0.81']
  halt_histogram %: [75.4, 15.9, 4.1, 1.6, 0.9, 0.6, 0.4, 0.3, 0.2, 0.1, 0.1, 0.1, 0.0, 0.0, 0.0, 0.1]
  Avg ACT steps (last 100): 1.19
  saved: /home/jvdillon/research/research/projects/trm3/ckpts/x182g/step36000.pt acc=98.87% (0.033s)
  saved: /home/jvdillon/research/research/projects/trm3/ckpts/x182g/best.pt acc=98.87% (0.080s)
Step 36000  Test 98.87% / 97.30%  Train lm=1.0625±0.0287ϵ[0.9727,1.1250] n_active=768.0001±0.0000ϵ[768.0000,768.0000] n_expunged=12.6705±4.1604ϵ[2.0000,27.0000] n_halted=158.7455±5.6947ϵ[135.0000,177.0000] pool_util=1.0000±0.0000ϵ[1.0000,1.0000]  (303.777s / 1122.808s)
