Adam params: ('embed_tokens.weight', 'head.weight', 'head.bias', 'q_head.weight', 'q_head.bias')
Muon 2D params: ('reasoning.0.attn.up_proj.weight', 'reasoning.0.attn.down_proj.weight', 'reasoning.0.mlp.up_proj.weight', 'reasoning.0.mlp.down_proj.weight', 'reasoning.1.attn.up_proj.weight', 'reasoning.1.attn.down_proj.weight', 'reasoning.1.mlp.up_proj.weight', 'reasoning.1.mlp.down_proj.weight')
Muon 3D params (ensemble_dims=1): ()
Saved step 0 checkpoint with RNG: /home/jvdillon/research/research/projects/trm3/ckpts/x182j/step00000_rng.pt
  cell_acc=68.65%, puzzle_acc=21.49%
  eval_avg_halt_step: 12.62
  per_H_acc: ['H0=51.1%', 'H1=61.3%', 'H2=63.6%', 'H3=64.4%', 'H4=64.9%', 'H5=65.4%']
  H_cos: ['0.676', '0.965', '0.984', '0.988', '0.988']
  z_H_delta: ['19.875', '9.625', '6.375', '5.469', '5.062']
  cells: fixed=[9663, 5076, 3067, 2367, 2288] broken=[3299, 3657, 2570, 2076, 1947]
  per_ACT_cell_acc: ['H1=51.1%', 'H2=61.3%', 'H3=63.6%', 'H4=64.4%', 'H5=64.9%', 'H6=65.4%', 'H7=65.8%', 'H8=65.9%', 'H9=65.8%', 'H10=65.9%', 'H11=66.0%', 'H12=66.3%', 'H13=66.4%', 'H14=66.5%', 'H15=66.5%', 'H16=66.7%']
  per_ACT_puzzle_acc: ['H1=0.0%', 'H2=0.8%', 'H3=2.7%', 'H4=5.3%', 'H5=6.9%', 'H6=8.3%', 'H7=10.5%', 'H8=11.6%', 'H9=11.7%', 'H10=12.4%', 'H11=13.0%', 'H12=13.5%', 'H13=13.5%', 'H14=13.9%', 'H15=14.2%', 'H16=14.6%']
  mean_sigmoid_q_halt: ['0.007', '0.000', '0.026', '0.053', '0.073', '0.088', '0.112', '0.123', '0.132', '0.140', '0.146', '0.152', '0.156', '0.158', '0.164', '0.173']
  halt_rates: ['0.00', '0.00', '0.03', '0.05', '0.07', '0.09', '0.11', '0.12', '0.13', '0.14', '0.15', '0.15', '0.16', '0.16', '0.17', '0.17']
  halt_histogram %: [10.6, 12.9, 14.2, 21.3, 17.1, 10.2, 4.8, 2.5, 1.5, 0.9, 0.6, 0.2, 0.3, 0.0, 0.0, 2.8]
  Avg ACT steps (last 100): 4.62
  saved: /home/jvdillon/research/research/projects/trm3/ckpts/x182j/step02000.pt acc=68.65% (0.035s)
  saved: /home/jvdillon/research/research/projects/trm3/ckpts/x182j/best.pt acc=68.65% (0.067s)
Step  2000  Test 68.65% / 21.49%  Train lm=1.3594±0.2070ϵ[0.9258,3.1250] n_active=768.0001±0.0000ϵ[768.0000,768.0000] n_expunged=82.2610±52.1253ϵ[0.0000,192.0000] n_halted=43.0410±31.6767ϵ[0.0000,192.0000] pool_util=1.0000±0.0000ϵ[1.0000,1.0000]  (304.508s / 1125.859s)
  cell_acc=75.98%, puzzle_acc=40.52%
  eval_avg_halt_step: 9.75
  per_H_acc: ['H0=50.2%', 'H1=62.3%', 'H2=63.8%', 'H3=64.5%', 'H4=65.8%', 'H5=66.9%']
  H_cos: ['0.707', '0.973', '0.980', '0.984', '0.984']
  z_H_delta: ['18.625', '8.500', '6.250', '5.906', '5.594']
  cells: fixed=[10705, 5134, 3243, 3463, 3561] broken=[3154, 4169, 2815, 2693, 2831]
  per_ACT_cell_acc: ['H1=50.2%', 'H2=62.3%', 'H3=63.8%', 'H4=64.5%', 'H5=65.8%', 'H6=66.9%', 'H7=67.9%', 'H8=68.2%', 'H9=68.9%', 'H10=69.4%', 'H11=69.5%', 'H12=69.6%', 'H13=69.9%', 'H14=70.3%', 'H15=70.6%', 'H16=70.6%']
  per_ACT_puzzle_acc: ['H1=0.0%', 'H2=1.0%', 'H3=4.4%', 'H4=5.9%', 'H5=8.5%', 'H6=10.4%', 'H7=13.0%', 'H8=14.8%', 'H9=17.3%', 'H10=19.5%', 'H11=20.8%', 'H12=21.4%', 'H13=22.7%', 'H14=23.3%', 'H15=24.0%', 'H16=24.7%']
  mean_sigmoid_q_halt: ['0.001', '0.001', '0.044', '0.083', '0.114', '0.143', '0.174', '0.195', '0.228', '0.256', '0.271', '0.285', '0.301', '0.307', '0.322', '0.328']
  halt_rates: ['0.00', '0.00', '0.04', '0.08', '0.11', '0.14', '0.17', '0.20', '0.23', '0.26', '0.28', '0.29', '0.31', '0.31', '0.33', '0.33']
  halt_histogram %: [13.2, 14.5, 13.3, 16.3, 13.9, 9.7, 6.1, 4.1, 2.8, 1.8, 1.2, 0.6, 0.5, 0.2, 0.1, 1.7]
  Avg ACT steps (last 100): 4.57
  saved: /home/jvdillon/research/research/projects/trm3/ckpts/x182j/step04000.pt acc=75.98% (0.035s)
  saved: /home/jvdillon/research/research/projects/trm3/ckpts/x182j/best.pt acc=75.98% (0.128s)
Step  4000  Test 75.98% / 40.52%  Train lm=1.3906±0.0240ϵ[1.2656,1.5312] n_active=768.0001±0.0000ϵ[768.0000,768.0000] n_expunged=20.8280±14.8920ϵ[1.0000,107.0000] n_halted=41.8320±8.1133ϵ[17.0000,72.0000] pool_util=1.0000±0.0000ϵ[1.0000,1.0000]  (304.929s / 1123.199s)
  cell_acc=85.84%, puzzle_acc=64.34%
  eval_avg_halt_step: 7.52
  per_H_acc: ['H0=50.4%', 'H1=62.9%', 'H2=66.1%', 'H3=68.0%', 'H4=69.6%', 'H5=71.1%']
  H_cos: ['0.762', '0.980', '0.984', '0.980', '0.984']
  z_H_delta: ['17.625', '7.094', '5.469', '5.375', '4.906']
  cells: fixed=[10791, 5687, 3897, 3675, 3394] broken=[3072, 3669, 2728, 2680, 2470]
  per_ACT_cell_acc: ['H1=50.4%', 'H2=62.9%', 'H3=66.1%', 'H4=68.0%', 'H5=69.6%', 'H6=71.1%', 'H7=71.8%', 'H8=72.4%', 'H9=73.1%', 'H10=73.5%', 'H11=74.1%', 'H12=74.2%', 'H13=74.6%', 'H14=74.9%', 'H15=75.6%', 'H16=75.8%']
  per_ACT_puzzle_acc: ['H1=0.0%', 'H2=2.1%', 'H3=3.8%', 'H4=7.7%', 'H5=12.6%', 'H6=17.1%', 'H7=19.7%', 'H8=22.7%', 'H9=25.9%', 'H10=28.1%', 'H11=29.2%', 'H12=30.2%', 'H13=31.5%', 'H14=32.7%', 'H15=33.9%', 'H16=34.9%']
  mean_sigmoid_q_halt: ['0.002', '0.009', '0.046', '0.091', '0.153', '0.199', '0.230', '0.262', '0.293', '0.316', '0.326', '0.336', '0.352', '0.361', '0.375', '0.385']
  halt_rates: ['0.00', '0.01', '0.04', '0.09', '0.15', '0.20', '0.23', '0.26', '0.30', '0.32', '0.33', '0.34', '0.35', '0.36', '0.38', '0.39']
  halt_histogram %: [18.1, 17.5, 12.9, 13.5, 11.4, 8.2, 5.5, 3.9, 2.7, 1.8, 1.3, 0.8, 0.6, 0.3, 0.2, 1.4]
  Avg ACT steps (last 100): 3.19
  saved: /home/jvdillon/research/research/projects/trm3/ckpts/x182j/step06000.pt acc=85.84% (0.034s)
  saved: /home/jvdillon/research/research/projects/trm3/ckpts/x182j/best.pt acc=85.84% (0.126s)
Step  6000  Test 85.84% / 64.34%  Train lm=1.3828±0.0267ϵ[1.2578,1.5000] n_active=768.0001±0.0000ϵ[768.0000,768.0000] n_expunged=11.1355±7.5529ϵ[0.0000,77.0000] n_halted=50.6575±8.7229ϵ[24.0000,89.0000] pool_util=1.0000±0.0000ϵ[1.0000,1.0000]  (304.637s / 1123.500s)
  cell_acc=90.13%, puzzle_acc=74.89%
  eval_avg_halt_step: 6.16
  per_H_acc: ['H0=54.3%', 'H1=64.1%', 'H2=67.7%', 'H3=70.5%', 'H4=72.7%', 'H5=73.6%']
  H_cos: ['0.871', '0.980', '0.977', '0.980', '0.984']
  z_H_delta: ['15.375', '6.719', '5.781', '5.188', '4.656']
  cells: fixed=[9315, 5639, 4403, 3793, 3075] broken=[3262, 3347, 2664, 2471, 2513]
  per_ACT_cell_acc: ['H1=54.3%', 'H2=64.1%', 'H3=67.7%', 'H4=70.5%', 'H5=72.7%', 'H6=73.6%', 'H7=74.7%', 'H8=75.9%', 'H9=76.8%', 'H10=77.2%', 'H11=77.4%', 'H12=77.7%', 'H13=78.3%', 'H14=79.0%', 'H15=79.2%', 'H16=79.5%']
  per_ACT_puzzle_acc: ['H1=0.0%', 'H2=2.6%', 'H3=7.0%', 'H4=14.1%', 'H5=20.3%', 'H6=24.1%', 'H7=28.5%', 'H8=32.3%', 'H9=35.7%', 'H10=37.1%', 'H11=38.8%', 'H12=40.0%', 'H13=40.5%', 'H14=41.7%', 'H15=43.0%', 'H16=44.5%']
  mean_sigmoid_q_halt: ['0.002', '0.028', '0.078', '0.157', '0.219', '0.264', '0.309', '0.346', '0.383', '0.396', '0.412', '0.428', '0.434', '0.445', '0.461', '0.477']
  halt_rates: ['0.00', '0.03', '0.08', '0.15', '0.22', '0.26', '0.31', '0.35', '0.38', '0.40', '0.41', '0.43', '0.43', '0.45', '0.46', '0.48']
  halt_histogram %: [24.7, 20.0, 12.3, 11.3, 9.2, 6.7, 4.5, 3.2, 2.3, 1.6, 1.1, 0.7, 0.5, 0.3, 0.2, 1.1]
  Avg ACT steps (last 100): 2.51
  saved: /home/jvdillon/research/research/projects/trm3/ckpts/x182j/step08000.pt acc=90.13% (0.034s)
  saved: /home/jvdillon/research/research/projects/trm3/ckpts/x182j/best.pt acc=90.13% (0.081s)
Step  8000  Test 90.13% / 74.89%  Train lm=1.3594±0.0325ϵ[1.2500,1.5859] n_active=768.0001±0.0000ϵ[768.0000,768.0000] n_expunged=8.0115±5.0888ϵ[0.0000,46.0000] n_halted=65.1875±9.1716ϵ[33.0000,105.0000] pool_util=1.0000±0.0000ϵ[1.0000,1.0000]  (304.612s / 1123.974s)
  cell_acc=93.15%, puzzle_acc=83.16%
  eval_avg_halt_step: 4.83
  per_H_acc: ['H0=52.5%', 'H1=64.2%', 'H2=67.4%', 'H3=70.7%', 'H4=73.4%', 'H5=75.2%']
  H_cos: ['0.824', '0.980', '0.980', '0.980', '0.980']
  z_H_delta: ['17.000', '7.312', '6.375', '5.938', '5.500']
  cells: fixed=[10481, 5631, 4928, 4493, 3570] broken=[3230, 3619, 2906, 2797, 2473]
  per_ACT_cell_acc: ['H1=52.5%', 'H2=64.2%', 'H3=67.4%', 'H4=70.7%', 'H5=73.4%', 'H6=75.2%', 'H7=76.6%', 'H8=77.7%', 'H9=78.6%', 'H10=79.5%', 'H11=80.0%', 'H12=81.0%', 'H13=81.6%', 'H14=82.3%', 'H15=82.4%', 'H16=82.9%']
  per_ACT_puzzle_acc: ['H1=1.0%', 'H2=2.9%', 'H3=7.9%', 'H4=15.0%', 'H5=21.5%', 'H6=28.4%', 'H7=33.2%', 'H8=37.9%', 'H9=40.6%', 'H10=43.0%', 'H11=44.7%', 'H12=47.0%', 'H13=49.7%', 'H14=51.2%', 'H15=53.3%', 'H16=54.6%']
  mean_sigmoid_q_halt: ['0.008', '0.028', '0.088', '0.164', '0.231', '0.299', '0.350', '0.391', '0.422', '0.449', '0.467', '0.494', '0.520', '0.535', '0.559', '0.570']
  halt_rates: ['0.00', '0.03', '0.08', '0.16', '0.23', '0.30', '0.35', '0.39', '0.42', '0.45', '0.47', '0.50', '0.52', '0.54', '0.56', '0.57']
  halt_histogram %: [31.3, 21.6, 11.6, 9.5, 7.5, 5.4, 3.7, 2.7, 1.9, 1.3, 1.0, 0.6, 0.5, 0.3, 0.2, 0.9]
  Avg ACT steps (last 100): 2.67
  saved: /home/jvdillon/research/research/projects/trm3/ckpts/x182j/step10000.pt acc=93.15% (0.033s)
  saved: /home/jvdillon/research/research/projects/trm3/ckpts/x182j/best.pt acc=93.15% (0.081s)
Step 10000  Test 93.15% / 83.16%  Train lm=1.3281±0.0347ϵ[1.1797,1.5859] n_active=768.0001±0.0000ϵ[768.0000,768.0000] n_expunged=6.3760±3.0054ϵ[0.0000,22.0000] n_halted=80.2105±10.0207ϵ[42.0000,122.0000] pool_util=1.0000±0.0000ϵ[1.0000,1.0000]  (304.705s / 1124.226s)
  cell_acc=94.74%, puzzle_acc=87.05%
  eval_avg_halt_step: 4.11
  per_H_acc: ['H0=52.3%', 'H1=64.0%', 'H2=67.8%', 'H3=71.6%', 'H4=74.5%', 'H5=76.3%']
  H_cos: ['0.863', '0.980', '0.980', '0.980', '0.984']
  z_H_delta: ['16.500', '7.344', '6.250', '5.938', '5.000']
  cells: fixed=[10657, 5573, 4952, 4188, 3318] broken=[3376, 3229, 2618, 2391, 2166]
  per_ACT_cell_acc: ['H1=52.3%', 'H2=64.0%', 'H3=67.8%', 'H4=71.6%', 'H5=74.5%', 'H6=76.3%', 'H7=77.6%', 'H8=78.5%', 'H9=79.5%', 'H10=80.9%', 'H11=81.6%', 'H12=82.1%', 'H13=82.7%', 'H14=83.4%', 'H15=84.0%', 'H16=84.6%']
  per_ACT_puzzle_acc: ['H1=0.7%', 'H2=3.1%', 'H3=8.2%', 'H4=17.2%', 'H5=25.8%', 'H6=32.2%', 'H7=37.9%', 'H8=42.1%', 'H9=45.1%', 'H10=47.9%', 'H11=49.6%', 'H12=53.0%', 'H13=55.3%', 'H14=56.5%', 'H15=57.7%', 'H16=59.1%']
  mean_sigmoid_q_halt: ['0.016', '0.034', '0.099', '0.198', '0.297', '0.357', '0.414', '0.457', '0.486', '0.520', '0.539', '0.566', '0.594', '0.605', '0.613', '0.629']
  halt_rates: ['0.00', '0.03', '0.10', '0.19', '0.29', '0.35', '0.41', '0.45', '0.49', '0.52', '0.54', '0.57', '0.59', '0.60', '0.61', '0.63']
  halt_histogram %: [37.4, 22.3, 10.7, 8.1, 6.2, 4.4, 3.1, 2.2, 1.6, 1.1, 0.8, 0.5, 0.4, 0.3, 0.2, 0.8]
  Avg ACT steps (last 100): 2.02
  saved: /home/jvdillon/research/research/projects/trm3/ckpts/x182j/step12000.pt acc=94.74% (0.034s)
  saved: /home/jvdillon/research/research/projects/trm3/ckpts/x182j/best.pt acc=94.74% (0.127s)
Step 12000  Test 94.74% / 87.05%  Train lm=1.3047±0.0496ϵ[1.1250,1.7266] n_active=768.0001±0.0000ϵ[768.0000,768.0000] n_expunged=6.1890±2.6970ϵ[0.0000,20.0000] n_halted=94.1370±11.0561ϵ[62.0000,135.0000] pool_util=1.0000±0.0000ϵ[1.0000,1.0000]  (304.790s / 1124.525s)
  cell_acc=95.63%, puzzle_acc=89.40%
  eval_avg_halt_step: 3.52
  per_H_acc: ['H0=52.1%', 'H1=64.2%', 'H2=68.7%', 'H3=72.7%', 'H4=75.1%', 'H5=77.0%']
  H_cos: ['0.863', '0.980', '0.980', '0.980', '0.984']
  z_H_delta: ['16.875', '7.719', '6.844', '6.094', '5.406']
  cells: fixed=[11293, 6184, 5347, 4210, 3557] broken=[3723, 3386, 2875, 2698, 2401]
  per_ACT_cell_acc: ['H1=52.1%', 'H2=64.2%', 'H3=68.7%', 'H4=72.7%', 'H5=75.1%', 'H6=77.0%', 'H7=78.2%', 'H8=79.3%', 'H9=80.3%', 'H10=81.1%', 'H11=81.5%', 'H12=82.3%', 'H13=82.9%', 'H14=83.4%', 'H15=83.9%', 'H16=84.4%']
  per_ACT_puzzle_acc: ['H1=0.1%', 'H2=2.9%', 'H3=9.6%', 'H4=19.1%', 'H5=28.1%', 'H6=35.8%', 'H7=38.9%', 'H8=42.6%', 'H9=45.4%', 'H10=49.3%', 'H11=51.3%', 'H12=53.6%', 'H13=54.8%', 'H14=56.5%', 'H15=58.3%', 'H16=58.9%']
  mean_sigmoid_q_halt: ['0.019', '0.029', '0.102', '0.216', '0.312', '0.402', '0.436', '0.473', '0.500', '0.543', '0.562', '0.582', '0.598', '0.613', '0.629', '0.641']
  halt_rates: ['0.00', '0.03', '0.09', '0.21', '0.31', '0.40', '0.43', '0.47', '0.50', '0.54', '0.56', '0.58', '0.60', '0.61', '0.63', '0.64']
  halt_histogram %: [42.6, 22.4, 9.9, 7.0, 5.2, 3.7, 2.6, 1.8, 1.3, 0.9, 0.7, 0.4, 0.3, 0.2, 0.2, 0.6]
  Avg ACT steps (last 100): 1.65
  saved: /home/jvdillon/research/research/projects/trm3/ckpts/x182j/step14000.pt acc=95.63% (0.034s)
  saved: /home/jvdillon/research/research/projects/trm3/ckpts/x182j/best.pt acc=95.63% (0.127s)
Step 14000  Test 95.63% / 89.40%  Train lm=1.2734±0.0474ϵ[1.1094,1.8906] n_active=768.0001±0.0000ϵ[768.0000,768.0000] n_expunged=6.6655±2.6815ϵ[0.0000,18.0000] n_halted=105.0595±9.6292ϵ[72.0000,139.0000] pool_util=1.0000±0.0000ϵ[1.0000,1.0000]  (304.751s / 1349.256s)
