Adam params: ('embed_tokens.weight', 'head.weight', 'head.bias', 'q_head.weight', 'q_head.bias', 'puzzle_id_embed.weight')
Muon 2D params: ('reasoning.0.attn.o_proj.weight', 'reasoning.0.mlp.up_proj.weight', 'reasoning.0.mlp.down_proj.weight', 'reasoning.1.attn.o_proj.weight', 'reasoning.1.mlp.up_proj.weight', 'reasoning.1.mlp.down_proj.weight')
Muon 3D params (ensemble_dims=1): ('reasoning.0.attn.qkv_proj.weight', 'reasoning.1.attn.qkv_proj.weight')
Saved step 0 checkpoint with RNG: /home/jvdillon/projects/sic/code/maze/ckpts/x000o/step00000_rng.pt
  cell_acc=88.85%, puzzle_acc=0.00%
  eval_avg_halt_step: 16.00
  per_H_acc: ['H0=87.4%', 'H1=87.4%', 'H2=87.5%']
  H_cos: ['0.637', '0.965']
  z_H_delta: ['19.000', '12.375']
  cells: fixed=[0, 232] broken=[0, 0]
  per_ACT_cell_acc: ['H1=87.4%', 'H2=87.4%', 'H3=87.5%', 'H4=87.5%', 'H5=87.6%', 'H6=87.9%', 'H7=88.1%', 'H8=88.3%', 'H9=88.5%', 'H10=88.6%', 'H11=88.7%', 'H12=88.8%', 'H13=88.9%', 'H14=88.9%', 'H15=88.9%', 'H16=88.9%']
  per_ACT_puzzle_acc: ['H1=0.0%', 'H2=0.0%', 'H3=0.0%', 'H4=0.0%', 'H5=0.0%', 'H6=0.0%', 'H7=0.0%', 'H8=0.0%', 'H9=0.0%', 'H10=0.0%', 'H11=0.0%', 'H12=0.0%', 'H13=0.0%', 'H14=0.0%', 'H15=0.0%', 'H16=0.0%']
  mean_sigmoid_q_halt: ['0.000', '0.000', '0.000', '0.000', '0.000', '0.000', '0.000', '0.000', '0.000', '0.000', '0.000', '0.000', '0.000', '0.000', '0.000', '0.000']
  halt_rates: ['0.00', '0.00', '0.00', '0.00', '0.00', '0.00', '0.00', '0.00', '0.00', '0.00', '0.00', '0.00', '0.00', '0.00', '0.00', '0.00']
  halt_histogram %: [0.0, 0.0, 0.0, 0.0, 0.0, 0.0, 0.0, 0.0, 0.0, 0.0, 0.0, 0.0, 0.0, 0.0, 0.0, 100.0]
  Avg ACT steps (last 100): 16.00
  saved: /home/jvdillon/projects/sic/code/maze/ckpts/x000o/step00500.pt acc=88.85% (0.059s)
  saved: /home/jvdillon/projects/sic/code/maze/ckpts/x000o/best.pt acc=88.85% (0.113s)
Step   500  Test 88.85% /  0.00%  Train lm=0.9219±0.1074ϵ[0.8516,1.9531] n_halted=7.9360±30.8988ϵ[0.0000,128.0000]  (36.746s / 184.416s)
  n_active=128.0000±0.0000ϵ[128.0000,128.0000] n_expunged=0.0000±0.0000ϵ[0.0000,0.0000] pool_util=1.0000±0.0000ϵ[1.0000,1.0000]
  cell_acc=95.79%, puzzle_acc=5.90%
  eval_avg_halt_step: 15.91
  per_H_acc: ['H0=50.1%', 'H1=87.5%', 'H2=90.1%']
  H_cos: ['0.527', '0.848']
  z_H_delta: ['20.500', '18.875']
  cells: fixed=[78044, 15827] broken=[0, 10476]
  per_ACT_cell_acc: ['H1=50.1%', 'H2=87.5%', 'H3=90.1%', 'H4=92.4%', 'H5=93.8%', 'H6=94.7%', 'H7=95.1%', 'H8=95.4%', 'H9=95.6%', 'H10=95.6%', 'H11=95.7%', 'H12=95.8%', 'H13=95.7%', 'H14=95.7%', 'H15=95.7%', 'H16=95.8%']
  per_ACT_puzzle_acc: ['H1=0.0%', 'H2=0.0%', 'H3=0.0%', 'H4=0.0%', 'H5=0.0%', 'H6=0.0%', 'H7=0.4%', 'H8=0.4%', 'H9=0.4%', 'H10=0.4%', 'H11=0.9%', 'H12=0.9%', 'H13=1.3%', 'H14=2.2%', 'H15=3.0%', 'H16=3.0%']
  mean_sigmoid_q_halt: ['0.005', '0.000', '0.000', '0.000', '0.000', '0.001', '0.001', '0.002', '0.003', '0.005', '0.008', '0.011', '0.014', '0.017', '0.020', '0.023']
  halt_rates: ['0.00', '0.00', '0.00', '0.00', '0.00', '0.00', '0.00', '0.00', '0.00', '0.00', '0.00', '0.00', '0.00', '0.00', '0.00', '0.00']
  halt_histogram %: [0.0, 0.0, 0.0, 0.0, 0.0, 0.1, 0.3, 0.3, 0.2, 0.4, 0.4, 0.4, 0.3, 0.2, 0.3, 97.1]
  Avg ACT steps (last 100): 12.48
  saved: /home/jvdillon/projects/sic/code/maze/ckpts/x000o/step01000.pt acc=95.79% (0.058s)
  saved: /home/jvdillon/projects/sic/code/maze/ckpts/x000o/best.pt acc=95.79% (0.139s)
Step  1000  Test 95.79% /  5.90%  Train lm=0.8047±0.0366ϵ[0.7539,0.9219] n_halted=8.1040±29.0600ϵ[0.0000,128.0000]  (28.086s / 175.930s)
  n_active=128.0000±0.0000ϵ[128.0000,128.0000] n_expunged=0.0000±0.0000ϵ[0.0000,0.0000] pool_util=1.0000±0.0000ϵ[1.0000,1.0000]
  cell_acc=97.97%, puzzle_acc=37.60%
  eval_avg_halt_step: 9.58
  per_H_acc: ['H0=8.3%', 'H1=87.5%', 'H2=95.1%']
  H_cos: ['0.369', '0.891']
  z_H_delta: ['21.375', '19.125']
  cells: fixed=[165297, 21745] broken=[0, 5810]
  per_ACT_cell_acc: ['H1=8.3%', 'H2=87.5%', 'H3=95.1%', 'H4=96.6%', 'H5=97.2%', 'H6=97.5%', 'H7=97.7%', 'H8=97.8%', 'H9=97.9%', 'H10=97.9%', 'H11=97.9%', 'H12=97.9%', 'H13=98.0%', 'H14=98.0%', 'H15=98.1%', 'H16=98.0%']
  per_ACT_puzzle_acc: ['H1=0.0%', 'H2=0.0%', 'H3=0.0%', 'H4=2.6%', 'H5=8.2%', 'H6=17.7%', 'H7=25.4%', 'H8=29.3%', 'H9=31.9%', 'H10=34.5%', 'H11=35.3%', 'H12=36.2%', 'H13=36.6%', 'H14=36.6%', 'H15=38.4%', 'H16=38.8%']
  mean_sigmoid_q_halt: ['0.004', '0.000', '0.001', '0.019', '0.081', '0.146', '0.218', '0.266', '0.285', '0.301', '0.316', '0.314', '0.318', '0.322', '0.330', '0.336']
  halt_rates: ['0.00', '0.00', '0.00', '0.00', '0.06', '0.13', '0.22', '0.29', '0.30', '0.31', '0.34', '0.31', '0.31', '0.33', '0.33', '0.35']
  halt_histogram %: [0.0, 2.5, 8.0, 7.1, 5.3, 4.3, 3.5, 2.5, 1.9, 1.6, 1.4, 1.3, 1.1, 1.0, 0.9, 57.5]
  Avg ACT steps (last 100): 6.53
  saved: /home/jvdillon/projects/sic/code/maze/ckpts/x000o/step01500.pt acc=97.97% (0.054s)
  saved: /home/jvdillon/projects/sic/code/maze/ckpts/x000o/best.pt acc=97.97% (0.132s)
Step  1500  Test 97.97% / 37.60%  Train lm=0.7617±0.0067ϵ[0.7461,0.7891] n_halted=16.3880±11.0775ϵ[0.0000,54.0000]  (28.045s / 175.920s)
  n_active=128.0000±0.0000ϵ[128.0000,128.0000] n_expunged=0.0000±0.0000ϵ[0.0000,0.0000] pool_util=1.0000±0.0000ϵ[1.0000,1.0000]
  cell_acc=98.41%, puzzle_acc=50.60%
  eval_avg_halt_step: 5.90
  per_H_acc: ['H0=85.8%', 'H1=87.5%', 'H2=96.9%']
  H_cos: ['0.605', '0.855']
  z_H_delta: ['20.250', '22.625']
  cells: fixed=[3490, 23208] broken=[66, 3373]
  per_ACT_cell_acc: ['H1=85.8%', 'H2=87.5%', 'H3=96.9%', 'H4=97.9%', 'H5=98.1%', 'H6=98.2%', 'H7=98.3%', 'H8=98.4%', 'H9=98.4%', 'H10=98.4%', 'H11=98.4%', 'H12=98.4%', 'H13=98.4%', 'H14=98.4%', 'H15=98.4%', 'H16=98.4%']
  per_ACT_puzzle_acc: ['H1=0.0%', 'H2=0.0%', 'H3=1.7%', 'H4=15.9%', 'H5=28.9%', 'H6=39.7%', 'H7=45.7%', 'H8=48.3%', 'H9=51.7%', 'H10=53.0%', 'H11=53.4%', 'H12=53.0%', 'H13=52.6%', 'H14=51.7%', 'H15=52.6%', 'H16=51.7%']
  mean_sigmoid_q_halt: ['0.005', '0.001', '0.030', '0.316', '0.381', '0.447', '0.512', '0.562', '0.594', '0.613', '0.629', '0.633', '0.633', '0.629', '0.625', '0.629']
  halt_rates: ['0.00', '0.00', '0.00', '0.29', '0.38', '0.47', '0.54', '0.61', '0.64', '0.66', '0.69', '0.69', '0.68', '0.66', '0.66', '0.67']
  halt_histogram %: [0.0, 25.4, 16.3, 8.6, 5.0, 3.5, 2.7, 2.0, 1.4, 1.2, 1.1, 0.9, 0.8, 0.7, 0.6, 29.8]
  Avg ACT steps (last 100): 2.45
  saved: /home/jvdillon/projects/sic/code/maze/ckpts/x000o/step02000.pt acc=98.41% (0.056s)
  saved: /home/jvdillon/projects/sic/code/maze/ckpts/x000o/best.pt acc=98.41% (0.137s)
Step  2000  Test 98.41% / 50.60%  Train lm=0.7500±0.0072ϵ[0.7344,0.7695] n_halted=34.1220±11.7747ϵ[3.0000,63.0000]  (27.719s / 175.496s)
  n_active=128.0000±0.0000ϵ[128.0000,128.0000] n_expunged=0.0000±0.0000ϵ[0.0000,0.0000] pool_util=1.0000±0.0000ϵ[1.0000,1.0000]
  cell_acc=98.53%, puzzle_acc=55.00%
  eval_avg_halt_step: 3.50
  per_H_acc: ['H0=87.4%', 'H1=87.4%', 'H2=97.6%']
  H_cos: ['0.773', '0.797']
  z_H_delta: ['20.125', '23.375']
  cells: fixed=[131, 23725] broken=[4, 2582]
  per_ACT_cell_acc: ['H1=87.4%', 'H2=87.4%', 'H3=97.6%', 'H4=98.2%', 'H5=98.5%', 'H6=98.6%', 'H7=98.6%', 'H8=98.6%', 'H9=98.6%', 'H10=98.6%', 'H11=98.6%', 'H12=98.6%', 'H13=98.6%', 'H14=98.6%', 'H15=98.6%', 'H16=98.6%']
  per_ACT_puzzle_acc: ['H1=0.0%', 'H2=0.0%', 'H3=9.1%', 'H4=34.5%', 'H5=44.4%', 'H6=50.9%', 'H7=54.3%', 'H8=54.7%', 'H9=56.0%', 'H10=56.0%', 'H11=56.0%', 'H12=56.5%', 'H13=56.5%', 'H14=56.5%', 'H15=57.3%', 'H16=57.3%']
  mean_sigmoid_q_halt: ['0.005', '0.001', '0.136', '0.480', '0.598', '0.695', '0.758', '0.801', '0.820', '0.832', '0.832', '0.844', '0.848', '0.848', '0.855', '0.859']
  halt_rates: ['0.00', '0.00', '0.10', '0.48', '0.62', '0.71', '0.78', '0.80', '0.84', '0.84', '0.84', '0.85', '0.86', '0.86', '0.87', '0.88']
  halt_histogram %: [3.5, 46.0, 15.1, 6.2, 3.2, 2.2, 1.7, 1.2, 0.9, 0.7, 0.6, 0.6, 0.5, 0.4, 0.4, 16.8]
  Avg ACT steps (last 100): 2.64
  saved: /home/jvdillon/projects/sic/code/maze/ckpts/x000o/step02500.pt acc=98.53% (0.056s)
  saved: /home/jvdillon/projects/sic/code/maze/ckpts/x000o/best.pt acc=98.53% (0.135s)
Step  2500  Test 98.53% / 55.00%  Train lm=0.7305±0.0043ϵ[0.7227,0.7461] n_halted=53.6360±9.8084ϵ[21.0000,84.0000]  (27.644s / 173.857s)
  n_active=128.0000±0.0000ϵ[128.0000,128.0000] n_expunged=0.0000±0.0000ϵ[0.0000,0.0000] pool_util=1.0000±0.0000ϵ[1.0000,1.0000]
  cell_acc=98.66%, puzzle_acc=61.10%
  eval_avg_halt_step: 4.28
  per_H_acc: ['H0=87.4%', 'H1=87.5%', 'H2=97.7%']
  H_cos: ['0.707', '0.812']
  z_H_delta: ['19.250', '21.125']
  cells: fixed=[144, 23457] broken=[5, 2149]
  per_ACT_cell_acc: ['H1=87.4%', 'H2=87.5%', 'H3=97.7%', 'H4=98.3%', 'H5=98.6%', 'H6=98.7%', 'H7=98.7%', 'H8=98.8%', 'H9=98.8%', 'H10=98.8%', 'H11=98.8%', 'H12=98.8%', 'H13=98.8%', 'H14=98.8%', 'H15=98.8%', 'H16=98.8%']
  per_ACT_puzzle_acc: ['H1=0.0%', 'H2=0.0%', 'H3=6.9%', 'H4=27.2%', 'H5=41.4%', 'H6=51.3%', 'H7=55.2%', 'H8=57.3%', 'H9=59.5%', 'H10=61.6%', 'H11=61.6%', 'H12=61.6%', 'H13=61.2%', 'H14=62.1%', 'H15=60.8%', 'H16=60.8%']
  mean_sigmoid_q_halt: ['0.011', '0.010', '0.087', '0.385', '0.432', '0.555', '0.605', '0.652', '0.672', '0.695', '0.699', '0.699', '0.703', '0.711', '0.715', '0.703']
  halt_rates: ['0.00', '0.00', '0.04', '0.38', '0.44', '0.58', '0.66', '0.69', '0.72', '0.75', '0.76', '0.75', '0.76', '0.76', '0.77', '0.75']
  halt_histogram %: [11.3, 51.2, 13.1, 4.6, 2.3, 1.5, 1.2, 0.8, 0.6, 0.5, 0.4, 0.4, 0.3, 0.3, 0.3, 11.0]
  Avg ACT steps (last 100): 1.81
  saved: /home/jvdillon/projects/sic/code/maze/ckpts/x000o/step03000.pt acc=98.66% (0.057s)
  saved: /home/jvdillon/projects/sic/code/maze/ckpts/x000o/best.pt acc=98.66% (0.138s)
Step  3000  Test 98.66% / 61.10%  Train lm=0.7266±0.0026ϵ[0.7227,0.7344] n_halted=64.2980±9.8545ϵ[40.0000,94.0000]  (27.655s / 173.844s)
  n_active=128.0000±0.0000ϵ[128.0000,128.0000] n_expunged=0.0000±0.0000ϵ[0.0000,0.0000] pool_util=1.0000±0.0000ϵ[1.0000,1.0000]
  cell_acc=98.78%, puzzle_acc=64.90%
  eval_avg_halt_step: 2.30
  per_H_acc: ['H0=87.5%', 'H1=87.3%', 'H2=98.1%']
  H_cos: ['0.770', '0.699']
  z_H_delta: ['19.000', '25.000']
  cells: fixed=[0, 24669] broken=[406, 2197]
  per_ACT_cell_acc: ['H1=87.5%', 'H2=87.3%', 'H3=98.1%', 'H4=98.5%', 'H5=98.6%', 'H6=98.7%', 'H7=98.7%', 'H8=98.7%', 'H9=98.7%', 'H10=98.7%', 'H11=98.7%', 'H12=98.7%', 'H13=98.8%', 'H14=98.7%', 'H15=98.7%', 'H16=98.7%']
  per_ACT_puzzle_acc: ['H1=0.0%', 'H2=0.0%', 'H3=18.5%', 'H4=42.7%', 'H5=51.3%', 'H6=56.9%', 'H7=59.5%', 'H8=60.3%', 'H9=60.3%', 'H10=61.2%', 'H11=62.1%', 'H12=62.9%', 'H13=63.4%', 'H14=63.4%', 'H15=63.8%', 'H16=63.8%']
  mean_sigmoid_q_halt: ['0.008', '0.002', '0.359', '0.641', '0.777', '0.820', '0.867', '0.895', '0.902', '0.906', '0.918', '0.914', '0.918', '0.922', '0.930', '0.926']
  halt_rates: ['0.00', '0.00', '0.32', '0.62', '0.78', '0.82', '0.87', '0.90', '0.91', '0.91', '0.92', '0.92', '0.93', '0.93', '0.93', '0.93']
  halt_histogram %: [20.5, 50.4, 11.2, 3.6, 1.7, 1.2, 0.9, 0.6, 0.5, 0.4, 0.3, 0.3, 0.2, 0.2, 0.2, 7.9]
  Avg ACT steps (last 100): 1.33
  saved: /home/jvdillon/projects/sic/code/maze/ckpts/x000o/step03500.pt acc=98.78% (0.057s)
  saved: /home/jvdillon/projects/sic/code/maze/ckpts/x000o/best.pt acc=98.78% (0.136s)
Step  3500  Test 98.78% / 64.90%  Train lm=0.7227±0.0022ϵ[0.7188,0.7344] n_halted=74.0840±10.1768ϵ[43.0000,98.0000]  (27.645s / 173.873s)
  n_active=128.0000±0.0000ϵ[128.0000,128.0000] n_expunged=0.0000±0.0000ϵ[0.0000,0.0000] pool_util=1.0000±0.0000ϵ[1.0000,1.0000]
  cell_acc=98.79%, puzzle_acc=61.50%
  eval_avg_halt_step: 2.61
  per_H_acc: ['H0=87.5%', 'H1=89.4%', 'H2=98.2%']
  H_cos: ['0.668', '0.840']
  z_H_delta: ['20.875', '21.250']
  cells: fixed=[15779, 19945] broken=[11843, 1583]
  per_ACT_cell_acc: ['H1=87.5%', 'H2=89.4%', 'H3=98.2%', 'H4=98.5%', 'H5=98.6%', 'H6=98.6%', 'H7=98.6%', 'H8=98.6%', 'H9=98.6%', 'H10=98.6%', 'H11=98.6%', 'H12=98.6%', 'H13=98.6%', 'H14=98.6%', 'H15=98.6%', 'H16=98.6%']
  per_ACT_puzzle_acc: ['H1=0.0%', 'H2=0.0%', 'H3=28.9%', 'H4=47.4%', 'H5=52.6%', 'H6=55.6%', 'H7=57.3%', 'H8=58.6%', 'H9=56.9%', 'H10=56.9%', 'H11=56.5%', 'H12=56.9%', 'H13=56.9%', 'H14=56.0%', 'H15=55.2%', 'H16=55.2%']
  mean_sigmoid_q_halt: ['0.006', '0.008', '0.314', '0.609', '0.730', '0.793', '0.824', '0.844', '0.859', '0.855', '0.859', '0.863', '0.863', '0.863', '0.855', '0.855']
  halt_rates: ['0.00', '0.00', '0.28', '0.62', '0.75', '0.82', '0.84', '0.88', '0.89', '0.89', '0.91', '0.91', '0.91', '0.91', '0.89', '0.90']
  halt_histogram %: [31.5, 45.3, 9.4, 2.9, 1.3, 0.9, 0.7, 0.5, 0.3, 0.3, 0.3, 0.2, 0.2, 0.2, 0.1, 5.9]
  Avg ACT steps (last 100): 1.28
  saved: /home/jvdillon/projects/sic/code/maze/ckpts/x000o/step04000.pt acc=98.79% (0.057s)
  saved: /home/jvdillon/projects/sic/code/maze/ckpts/x000o/best.pt acc=98.79% (0.137s)
Step  4000  Test 98.79% / 61.50%  Train lm=0.7227±0.0017ϵ[0.7188,0.7344] n_halted=87.9100±8.7857ϵ[47.0000,108.0000]  (27.645s / 173.888s)
  n_active=128.0000±0.0000ϵ[128.0000,128.0000] n_expunged=0.0000±0.0000ϵ[0.0000,0.0000] pool_util=1.0000±0.0000ϵ[1.0000,1.0000]
  cell_acc=98.91%, puzzle_acc=61.70%
  eval_avg_halt_step: 2.38
  per_H_acc: ['H0=87.5%', 'H1=81.8%', 'H2=98.0%']
  H_cos: ['0.570', '0.703']
  z_H_delta: ['20.000', '25.125']
  cells: fixed=[19508, 35930] broken=[31461, 2096]
  per_ACT_cell_acc: ['H1=87.5%', 'H2=81.8%', 'H3=98.0%', 'H4=98.4%', 'H5=98.6%', 'H6=98.7%', 'H7=98.7%', 'H8=98.7%', 'H9=98.8%', 'H10=98.8%', 'H11=98.8%', 'H12=98.8%', 'H13=98.8%', 'H14=98.8%', 'H15=98.8%', 'H16=98.8%']
  per_ACT_puzzle_acc: ['H1=0.0%', 'H2=0.0%', 'H3=20.7%', 'H4=40.5%', 'H5=53.0%', 'H6=56.9%', 'H7=59.5%', 'H8=59.1%', 'H9=59.5%', 'H10=59.1%', 'H11=59.5%', 'H12=59.5%', 'H13=61.2%', 'H14=61.2%', 'H15=61.2%', 'H16=61.6%']
  mean_sigmoid_q_halt: ['0.006', '0.005', '0.365', '0.555', '0.688', '0.777', '0.812', '0.820', '0.828', '0.828', '0.836', '0.848', '0.852', '0.848', '0.848', '0.855']
  halt_rates: ['0.00', '0.00', '0.31', '0.53', '0.69', '0.79', '0.86', '0.86', '0.87', '0.88', '0.90', '0.90', '0.91', '0.91', '0.91', '0.91']
  halt_histogram %: [39.1, 41.5, 8.2, 2.4, 1.1, 0.7, 0.5, 0.4, 0.3, 0.2, 0.2, 0.2, 0.1, 0.1, 0.1, 4.7]
  Avg ACT steps (last 100): 1.31
  saved: /home/jvdillon/projects/sic/code/maze/ckpts/x000o/step04500.pt acc=98.91% (0.057s)
  saved: /home/jvdillon/projects/sic/code/maze/ckpts/x000o/best.pt acc=98.91% (0.136s)
Step  4500  Test 98.91% / 61.70%  Train lm=0.7227±0.0020ϵ[0.7188,0.7266] n_halted=91.1840±9.8391ϵ[51.0000,113.0000]  (27.647s / 173.822s)
  n_active=128.0000±0.0000ϵ[128.0000,128.0000] n_expunged=0.0000±0.0000ϵ[0.0000,0.0000] pool_util=1.0000±0.0000ϵ[1.0000,1.0000]
  cell_acc=98.89%, puzzle_acc=64.40%
  eval_avg_halt_step: 2.48
  per_H_acc: ['H0=87.5%', 'H1=88.2%', 'H2=98.5%']
  H_cos: ['0.648', '0.883']
  z_H_delta: ['20.375', '24.250']
  cells: fixed=[2096, 23193] broken=[659, 1573]
  per_ACT_cell_acc: ['H1=87.5%', 'H2=88.2%', 'H3=98.5%', 'H4=98.9%', 'H5=98.9%', 'H6=98.9%', 'H7=99.0%', 'H8=99.0%', 'H9=99.0%', 'H10=99.0%', 'H11=99.0%', 'H12=99.0%', 'H13=99.0%', 'H14=99.0%', 'H15=99.0%', 'H16=99.0%']
  per_ACT_puzzle_acc: ['H1=0.0%', 'H2=0.0%', 'H3=38.8%', 'H4=59.5%', 'H5=63.8%', 'H6=69.4%', 'H7=70.7%', 'H8=70.7%', 'H9=71.1%', 'H10=70.3%', 'H11=70.3%', 'H12=70.7%', 'H13=69.8%', 'H14=68.5%', 'H15=68.1%', 'H16=67.7%']
  mean_sigmoid_q_halt: ['0.015', '0.010', '0.432', '0.660', '0.746', '0.805', '0.836', '0.848', '0.852', '0.859', '0.855', '0.863', '0.863', '0.859', '0.848', '0.844']
  halt_rates: ['0.00', '0.00', '0.40', '0.66', '0.77', '0.84', '0.86', '0.89', '0.89', '0.90', '0.89', '0.91', '0.91', '0.90', '0.89', '0.88']
  halt_histogram %: [45.5, 38.0, 7.2, 2.0, 0.9, 0.6, 0.4, 0.3, 0.2, 0.2, 0.2, 0.1, 0.1, 0.1, 0.1, 3.9]
  Avg ACT steps (last 100): 1.34
  saved: /home/jvdillon/projects/sic/code/maze/ckpts/x000o/step05000.pt acc=98.89% (0.056s)
Step  5000  Test 98.89% / 64.40%  Train lm=0.7227±0.0021ϵ[0.7188,0.7266] n_halted=97.2440±9.1883ϵ[55.0000,114.0000]  (27.569s / 173.819s)
  n_active=128.0000±0.0000ϵ[128.0000,128.0000] n_expunged=0.0000±0.0000ϵ[0.0000,0.0000] pool_util=1.0000±0.0000ϵ[1.0000,1.0000]
  cell_acc=98.87%, puzzle_acc=64.30%
  eval_avg_halt_step: 2.38
  per_H_acc: ['H0=87.5%', 'H1=87.3%', 'H2=98.2%']
  H_cos: ['0.645', '0.883']
  z_H_delta: ['21.375', '22.750']
  cells: fixed=[17268, 24373] broken=[17600, 1662]
  per_ACT_cell_acc: ['H1=87.5%', 'H2=87.3%', 'H3=98.2%', 'H4=98.6%', 'H5=98.7%', 'H6=98.7%', 'H7=98.8%', 'H8=98.7%', 'H9=98.7%', 'H10=98.7%', 'H11=98.8%', 'H12=98.8%', 'H13=98.8%', 'H14=98.8%', 'H15=98.8%', 'H16=98.8%']
  per_ACT_puzzle_acc: ['H1=0.0%', 'H2=0.0%', 'H3=31.0%', 'H4=45.7%', 'H5=57.3%', 'H6=62.1%', 'H7=62.5%', 'H8=62.9%', 'H9=62.9%', 'H10=63.4%', 'H11=64.2%', 'H12=63.8%', 'H13=63.8%', 'H14=64.2%', 'H15=64.7%', 'H16=63.8%']
  mean_sigmoid_q_halt: ['0.024', '0.016', '0.406', '0.609', '0.730', '0.820', '0.859', '0.879', '0.895', '0.895', '0.902', '0.902', '0.902', '0.906', '0.906', '0.910']
  halt_rates: ['0.00', '0.00', '0.36', '0.60', '0.74', '0.82', '0.88', '0.89', '0.91', '0.91', '0.91', '0.91', '0.91', '0.91', '0.91', '0.92']
  halt_histogram %: [50.5, 35.1, 6.4, 1.8, 0.8, 0.5, 0.4, 0.3, 0.2, 0.2, 0.1, 0.1, 0.1, 0.1, 0.1, 3.3]
  Avg ACT steps (last 100): 1.18
  saved: /home/jvdillon/projects/sic/code/maze/ckpts/x000o/step05500.pt acc=98.87% (0.055s)
Step  5500  Test 98.87% / 64.30%  Train lm=0.7227±0.0028ϵ[0.7188,0.7422] n_halted=99.7020±8.2747ϵ[56.0000,115.0000]  (27.565s / 173.869s)
  n_active=128.0000±0.0000ϵ[128.0000,128.0000] n_expunged=0.0000±0.0000ϵ[0.0000,0.0000] pool_util=1.0000±0.0000ϵ[1.0000,1.0000]
  cell_acc=98.78%, puzzle_acc=62.80%
  eval_avg_halt_step: 2.62
  per_H_acc: ['H0=87.5%', 'H1=88.5%', 'H2=98.2%']
  H_cos: ['0.770', '0.910']
  z_H_delta: ['20.375', '22.750']
  cells: fixed=[2594, 22631] broken=[536, 2256]
  per_ACT_cell_acc: ['H1=87.5%', 'H2=88.5%', 'H3=98.2%', 'H4=98.6%', 'H5=98.6%', 'H6=98.7%', 'H7=98.7%', 'H8=98.7%', 'H9=98.7%', 'H10=98.7%', 'H11=98.7%', 'H12=98.7%', 'H13=98.6%', 'H14=98.6%', 'H15=98.6%', 'H16=98.6%']
  per_ACT_puzzle_acc: ['H1=0.0%', 'H2=0.0%', 'H3=27.6%', 'H4=43.5%', 'H5=53.9%', 'H6=56.5%', 'H7=58.2%', 'H8=59.1%', 'H9=59.1%', 'H10=59.9%', 'H11=59.1%', 'H12=58.6%', 'H13=58.6%', 'H14=58.2%', 'H15=59.1%', 'H16=58.2%']
  mean_sigmoid_q_halt: ['0.030', '0.041', '0.434', '0.562', '0.719', '0.793', '0.828', '0.840', '0.855', '0.859', '0.855', '0.855', '0.852', '0.855', '0.859', '0.855']
  halt_rates: ['0.00', '0.00', '0.37', '0.55', '0.74', '0.81', '0.85', '0.87', '0.88', '0.88', '0.88', '0.88', '0.88', '0.88', '0.88', '0.88']
  halt_histogram %: [54.3, 32.9, 5.9, 1.6, 0.7, 0.5, 0.3, 0.2, 0.2, 0.1, 0.1, 0.1, 0.1, 0.1, 0.1, 2.8]
  Avg ACT steps (last 100): 1.31
  saved: /home/jvdillon/projects/sic/code/maze/ckpts/x000o/step06000.pt acc=98.78% (0.057s)
Step  6000  Test 98.78% / 62.80%  Train lm=0.7188±0.0021ϵ[0.7188,0.7305] n_halted=100.8840±8.7122ϵ[47.0000,121.0000]  (27.565s / 173.862s)
  n_active=128.0000±0.0000ϵ[128.0000,128.0000] n_expunged=0.0000±0.0000ϵ[0.0000,0.0000] pool_util=1.0000±0.0000ϵ[1.0000,1.0000]
Traceback (most recent call last):
  File "/home/jvdillon/projects/sic/code/experiment.py", line 2985, in main
    return train(experiment)  # pyright: ignore[reportArgumentType]
           ^^^^^^^^^^^^^^^^^
  File "/home/jvdillon/projects/sic/code/experiment.py", line 2954, in train
    loss = experiment.step(samples, targets, puzzle_ids, valid_count)
           ^^^^^^^^^^^^^^^^^^^^^^^^^^^^^^^^^^^^^^^^^^^^^^^^^^^^^^^^^^
  File "/home/jvdillon/projects/sic/code/experiment.py", line 1717, in step
    active_samples, winner_chains = state.select_winners(forward_result["losses"])
                                    ^^^^^^^^^^^^^^^^^^^^^^^^^^^^^^^^^^^^^^^^^^^^^^
  File "/home/jvdillon/projects/sic/code/experiment.py", line 2805, in select_winners
    active = self.active.nonzero(as_tuple=True)[0]
             ^^^^^^^^^^^^^^^^^^^^^^^^^^^^^^^^^^
KeyboardInterrupt
