Adam params: ('embed_tokens.weight', 'head.weight', 'head.bias', 'q_head.weight', 'q_head.bias')
Muon 2D params: ('reasoning.0.attn.o_proj.weight', 'reasoning.0.mlp.up_proj.weight', 'reasoning.0.mlp.down_proj.weight', 'reasoning.1.attn.o_proj.weight', 'reasoning.1.mlp.up_proj.weight', 'reasoning.1.mlp.down_proj.weight')
Muon 3D params (ensemble_dims=1): ('reasoning.0.attn.qkv_proj.weight', 'reasoning.1.attn.qkv_proj.weight')
  cell_acc=91.30%, puzzle_acc=0.00%
  eval_avg_halt_step: 16.00
  per_H_acc: ['H0=53.6%', 'H1=86.2%', 'H2=87.2%']
  H_cos: ['0.895', '0.973']
  z_H_delta: ['15.188', '8.250']
  cells: fixed=[83305, 7775] broken=[15289, 5714]
  per_ACT_cell_acc: ['H1=53.6%', 'H2=86.2%', 'H3=87.2%', 'H4=88.6%', 'H5=89.2%', 'H6=89.6%', 'H7=90.0%', 'H8=90.3%', 'H9=90.5%', 'H10=90.7%', 'H11=90.8%', 'H12=90.9%', 'H13=90.9%', 'H14=91.0%', 'H15=91.0%', 'H16=91.1%']
  per_ACT_puzzle_acc: ['H1=0.0%', 'H2=0.0%', 'H3=0.0%', 'H4=0.0%', 'H5=0.0%', 'H6=0.0%', 'H7=0.0%', 'H8=0.0%', 'H9=0.0%', 'H10=0.0%', 'H11=0.0%', 'H12=0.0%', 'H13=0.0%', 'H14=0.0%', 'H15=0.0%', 'H16=0.0%']
  mean_sigmoid_q_halt: ['0.002', '0.000', '0.000', '0.000', '0.000', '0.000', '0.000', '0.000', '0.000', '0.000', '0.000', '0.000', '0.000', '0.000', '0.000', '0.000']
  halt_rates: ['0.00', '0.00', '0.00', '0.00', '0.00', '0.00', '0.00', '0.00', '0.00', '0.00', '0.00', '0.00', '0.00', '0.00', '0.00', '0.00']
  halt_histogram %: [0.0, 0.0, 0.0, 0.0, 0.0, 0.0, 0.0, 0.0, 0.0, 0.0, 0.0, 0.0, 0.0, 0.0, 0.0, 100.0]
  Avg ACT steps (last 100): 16.00
  saved: /home/jvdillon/projects/sic/code/maze/ckpts/x000b/step00500.pt acc=91.30% (0.070s)
  saved: /home/jvdillon/projects/sic/code/maze/ckpts/x000b/best.pt acc=91.30% (0.134s)
Step   500  Test 91.30% /  0.00%  Train lm=1.1250±0.1455ϵ[0.9961,2.5469] n_active=64.0000±0.0000ϵ[64.0000,64.0000] n_expunged=0.0000±0.0000ϵ[0.0000,0.0000] n_halted=3.9680±15.4494ϵ[0.0000,64.0000] pool_util=1.0000±0.0000ϵ[1.0000,1.0000]  (44.830s / 125.535s)
  cell_acc=96.50%, puzzle_acc=3.70%
  eval_avg_halt_step: 11.74
  per_H_acc: ['H0=37.9%', 'H1=87.9%', 'H2=92.5%']
  H_cos: ['0.582', '0.934']
  z_H_delta: ['21.625', '13.000']
  cells: fixed=[104463, 15897] broken=[28, 6317]
  per_ACT_cell_acc: ['H1=37.9%', 'H2=87.9%', 'H3=92.5%', 'H4=94.1%', 'H5=94.9%', 'H6=95.4%', 'H7=95.8%', 'H8=96.0%', 'H9=96.1%', 'H10=96.2%', 'H11=96.2%', 'H12=96.3%', 'H13=96.3%', 'H14=96.3%', 'H15=96.3%', 'H16=96.3%']
  per_ACT_puzzle_acc: ['H1=0.0%', 'H2=0.0%', 'H3=0.0%', 'H4=0.0%', 'H5=0.4%', 'H6=2.6%', 'H7=2.2%', 'H8=3.0%', 'H9=3.9%', 'H10=6.0%', 'H11=6.5%', 'H12=6.0%', 'H13=6.0%', 'H14=5.6%', 'H15=5.2%', 'H16=5.2%']
  mean_sigmoid_q_halt: ['0.003', '0.004', '0.008', '0.006', '0.010', '0.028', '0.058', '0.081', '0.102', '0.126', '0.147', '0.167', '0.184', '0.202', '0.223', '0.238']
  halt_rates: ['0.00', '0.00', '0.00', '0.00', '0.00', '0.00', '0.00', '0.04', '0.05', '0.06', '0.07', '0.11', '0.13', '0.15', '0.17', '0.22']
  halt_histogram %: [0.0, 0.0, 0.6, 1.2, 2.1, 1.9, 1.8, 1.6, 1.6, 1.1, 1.0, 1.1, 1.6, 1.0, 0.7, 82.7]
  Avg ACT steps (last 100): 9.98
  saved: /home/jvdillon/projects/sic/code/maze/ckpts/x000b/step01000.pt acc=96.50% (0.069s)
  saved: /home/jvdillon/projects/sic/code/maze/ckpts/x000b/best.pt acc=96.50% (0.134s)
Step  1000  Test 96.50% /  3.70%  Train lm=0.9766±0.0299ϵ[0.9375,1.1016] n_active=64.0000±0.0000ϵ[64.0000,64.0000] n_expunged=0.0000±0.0000ϵ[0.0000,0.0000] n_halted=4.6720±12.3334ϵ[0.0000,64.0000] pool_util=1.0000±0.0000ϵ[1.0000,1.0000]  (39.209s / 122.386s)
  cell_acc=97.73%, puzzle_acc=31.40%
  eval_avg_halt_step: 5.49
  per_H_acc: ['H0=83.4%', 'H1=90.6%', 'H2=96.0%']
  H_cos: ['0.680', '0.922']
  z_H_delta: ['22.250', '14.000']
  cells: fixed=[20041, 14509] broken=[4997, 3315]
  per_ACT_cell_acc: ['H1=83.4%', 'H2=90.6%', 'H3=96.0%', 'H4=96.9%', 'H5=97.2%', 'H6=97.4%', 'H7=97.4%', 'H8=97.5%', 'H9=97.5%', 'H10=97.6%', 'H11=97.6%', 'H12=97.6%', 'H13=97.6%', 'H14=97.6%', 'H15=97.6%', 'H16=97.6%']
  per_ACT_puzzle_acc: ['H1=0.0%', 'H2=0.0%', 'H3=0.9%', 'H4=8.6%', 'H5=12.9%', 'H6=24.6%', 'H7=29.3%', 'H8=32.8%', 'H9=32.3%', 'H10=33.2%', 'H11=34.5%', 'H12=34.9%', 'H13=34.9%', 'H14=35.3%', 'H15=36.6%', 'H16=35.8%']
  mean_sigmoid_q_halt: ['0.001', '0.001', '0.007', '0.176', '0.283', '0.316', '0.385', '0.449', '0.492', '0.520', '0.539', '0.559', '0.570', '0.578', '0.586', '0.598']
  halt_rates: ['0.00', '0.00', '0.00', '0.09', '0.25', '0.34', '0.44', '0.51', '0.54', '0.59', '0.62', '0.64', '0.65', '0.67', '0.68', '0.70']
  halt_histogram %: [0.0, 3.2, 7.9, 7.3, 6.2, 4.6, 3.8, 3.7, 2.7, 2.1, 2.0, 1.9, 1.7, 1.6, 1.2, 50.2]
  Avg ACT steps (last 100): 7.68
  saved: /home/jvdillon/projects/sic/code/maze/ckpts/x000b/step01500.pt acc=97.73% (0.067s)
  saved: /home/jvdillon/projects/sic/code/maze/ckpts/x000b/best.pt acc=97.73% (0.131s)
Step  1500  Test 97.73% / 31.40%  Train lm=0.9570±0.0074ϵ[0.9414,0.9844] n_active=64.0000±0.0000ϵ[64.0000,64.0000] n_expunged=0.0000±0.0000ϵ[0.0000,0.0000] n_halted=8.3200±5.3309ϵ[0.0000,32.0000] pool_util=1.0000±0.0000ϵ[1.0000,1.0000]  (39.248s / 122.587s)
  cell_acc=98.44%, puzzle_acc=49.00%
  eval_avg_halt_step: 4.57
  per_H_acc: ['H0=64.9%', 'H1=89.8%', 'H2=97.3%']
  H_cos: ['0.656', '0.906']
  z_H_delta: ['21.625', '14.812']
  cells: fixed=[56284, 17846] broken=[4304, 2226]
  per_ACT_cell_acc: ['H1=64.9%', 'H2=89.8%', 'H3=97.3%', 'H4=98.0%', 'H5=98.2%', 'H6=98.3%', 'H7=98.4%', 'H8=98.4%', 'H9=98.4%', 'H10=98.4%', 'H11=98.4%', 'H12=98.3%', 'H13=98.3%', 'H14=98.3%', 'H15=98.3%', 'H16=98.3%']
  per_ACT_puzzle_acc: ['H1=0.0%', 'H2=0.0%', 'H3=6.0%', 'H4=23.7%', 'H5=35.8%', 'H6=40.9%', 'H7=43.5%', 'H8=43.1%', 'H9=45.7%', 'H10=45.7%', 'H11=46.6%', 'H12=47.0%', 'H13=46.6%', 'H14=46.1%', 'H15=45.3%', 'H16=44.8%']
  mean_sigmoid_q_halt: ['0.001', '0.003', '0.106', '0.305', '0.430', '0.500', '0.555', '0.578', '0.590', '0.594', '0.605', '0.625', '0.621', '0.621', '0.629', '0.625']
  halt_rates: ['0.00', '0.00', '0.06', '0.31', '0.47', '0.53', '0.62', '0.65', '0.64', '0.64', '0.66', '0.67', '0.69', '0.67', '0.69', '0.67']
  halt_histogram %: [0.5, 25.7, 15.5, 8.4, 5.6, 3.8, 3.0, 2.4, 1.9, 1.5, 1.4, 1.3, 1.1, 1.0, 0.7, 26.2]
  Avg ACT steps (last 100): 2.81
  saved: /home/jvdillon/projects/sic/code/maze/ckpts/x000b/step02000.pt acc=98.44% (0.067s)
  saved: /home/jvdillon/projects/sic/code/maze/ckpts/x000b/best.pt acc=98.44% (0.131s)
Step  2000  Test 98.44% / 49.00%  Train lm=0.9453±0.0073ϵ[0.9258,0.9688] n_active=64.0000±0.0000ϵ[64.0000,64.0000] n_expunged=0.0000±0.0000ϵ[0.0000,0.0000] n_halted=17.4160±6.5013ϵ[1.0000,33.0000] pool_util=1.0000±0.0000ϵ[1.0000,1.0000]  (39.256s / 122.644s)
  cell_acc=98.71%, puzzle_acc=54.20%
  eval_avg_halt_step: 2.68
  per_H_acc: ['H0=40.0%', 'H1=86.5%', 'H2=97.7%']
  H_cos: ['0.617', '0.828']
  z_H_delta: ['24.625', '19.625']
  cells: fixed=[99956, 25425] broken=[2827, 2095]
  per_ACT_cell_acc: ['H1=40.0%', 'H2=86.5%', 'H3=97.7%', 'H4=98.3%', 'H5=98.5%', 'H6=98.5%', 'H7=98.6%', 'H8=98.6%', 'H9=98.6%', 'H10=98.6%', 'H11=98.7%', 'H12=98.7%', 'H13=98.7%', 'H14=98.7%', 'H15=98.6%', 'H16=98.6%']
  per_ACT_puzzle_acc: ['H1=0.0%', 'H2=0.0%', 'H3=12.5%', 'H4=37.9%', 'H5=49.1%', 'H6=53.0%', 'H7=53.9%', 'H8=56.0%', 'H9=56.0%', 'H10=57.3%', 'H11=58.2%', 'H12=58.2%', 'H13=57.8%', 'H14=56.9%', 'H15=56.0%', 'H16=55.2%']
  mean_sigmoid_q_halt: ['0.001', '0.084', '0.221', '0.469', '0.668', '0.758', '0.781', '0.797', '0.809', '0.820', '0.828', '0.832', '0.832', '0.832', '0.836', '0.836']
  halt_rates: ['0.00', '0.00', '0.19', '0.50', '0.72', '0.83', '0.85', '0.85', '0.88', '0.88', '0.89', '0.91', '0.90', '0.91', '0.90', '0.91']
  halt_histogram %: [5.1, 41.4, 15.5, 6.9, 4.1, 2.7, 2.0, 1.6, 1.2, 1.0, 0.9, 0.8, 0.7, 0.6, 0.5, 15.2]
  Avg ACT steps (last 100): 2.26
  saved: /home/jvdillon/projects/sic/code/maze/ckpts/x000b/step02500.pt acc=98.71% (0.069s)
  saved: /home/jvdillon/projects/sic/code/maze/ckpts/x000b/best.pt acc=98.71% (0.135s)
Step  2500  Test 98.71% / 54.20%  Train lm=0.9336±0.0050ϵ[0.9219,0.9570] n_active=64.0000±0.0000ϵ[64.0000,64.0000] n_expunged=0.0000±0.0000ϵ[0.0000,0.0000] n_halted=25.6260±6.0461ϵ[5.0000,44.0000] pool_util=1.0000±0.0000ϵ[1.0000,1.0000]  (39.281s / 122.670s)
  cell_acc=98.67%, puzzle_acc=52.80%
  eval_avg_halt_step: 3.08
  per_H_acc: ['H0=29.9%', 'H1=88.6%', 'H2=98.1%']
  H_cos: ['0.555', '0.832']
  z_H_delta: ['23.500', '19.375']
  cells: fixed=[126313, 21605] broken=[3737, 1750]
  per_ACT_cell_acc: ['H1=29.9%', 'H2=88.6%', 'H3=98.1%', 'H4=98.7%', 'H5=98.8%', 'H6=98.8%', 'H7=98.8%', 'H8=98.8%', 'H9=98.8%', 'H10=98.8%', 'H11=98.9%', 'H12=98.9%', 'H13=98.9%', 'H14=98.9%', 'H15=98.8%', 'H16=98.8%']
  per_ACT_puzzle_acc: ['H1=0.0%', 'H2=0.0%', 'H3=17.7%', 'H4=45.7%', 'H5=53.4%', 'H6=59.9%', 'H7=61.2%', 'H8=62.9%', 'H9=62.1%', 'H10=63.4%', 'H11=62.5%', 'H12=62.1%', 'H13=61.6%', 'H14=59.9%', 'H15=60.3%', 'H16=59.9%']
  mean_sigmoid_q_halt: ['0.002', '0.058', '0.170', '0.465', '0.637', '0.723', '0.746', '0.773', '0.777', '0.793', '0.781', '0.785', '0.785', '0.777', '0.777', '0.773']
  halt_rates: ['0.00', '0.00', '0.15', '0.48', '0.68', '0.78', '0.79', '0.83', '0.83', '0.86', '0.83', '0.84', '0.84', '0.84', '0.84', '0.83']
  halt_histogram %: [11.0, 47.8, 13.9, 5.4, 3.0, 2.0, 1.4, 1.1, 0.9, 0.7, 0.6, 0.5, 0.5, 0.5, 0.3, 10.3]
  Avg ACT steps (last 100): 1.82
  saved: /home/jvdillon/projects/sic/code/maze/ckpts/x000b/step03000.pt acc=98.67% (0.068s)
Step  3000  Test 98.67% / 52.80%  Train lm=0.9297±0.0040ϵ[0.9180,0.9414] n_active=64.0000±0.0000ϵ[64.0000,64.0000] n_expunged=0.0000±0.0000ϵ[0.0000,0.0000] n_halted=29.8380±5.5202ϵ[15.0000,44.0000] pool_util=1.0000±0.0000ϵ[1.0000,1.0000]  (39.226s / 122.607s)
  cell_acc=99.01%, puzzle_acc=65.00%
  eval_avg_halt_step: 2.55
  per_H_acc: ['H0=37.3%', 'H1=77.1%', 'H2=98.3%']
  H_cos: ['0.598', '0.770']
  z_H_delta: ['17.625', '21.500']
  cells: fixed=[83053, 45698] broken=[0, 1536]
  per_ACT_cell_acc: ['H1=37.3%', 'H2=77.1%', 'H3=98.3%', 'H4=98.6%', 'H5=98.7%', 'H6=98.8%', 'H7=98.8%', 'H8=98.8%', 'H9=98.8%', 'H10=98.8%', 'H11=98.8%', 'H12=98.8%', 'H13=98.8%', 'H14=98.7%', 'H15=98.8%', 'H16=98.8%']
  per_ACT_puzzle_acc: ['H1=0.0%', 'H2=0.0%', 'H3=29.7%', 'H4=52.6%', 'H5=55.6%', 'H6=60.8%', 'H7=61.2%', 'H8=62.1%', 'H9=61.6%', 'H10=61.2%', 'H11=61.6%', 'H12=61.2%', 'H13=60.8%', 'H14=61.2%', 'H15=60.8%', 'H16=59.9%']
  mean_sigmoid_q_halt: ['0.256', '0.155', '0.324', '0.672', '0.781', '0.824', '0.820', '0.816', '0.820', '0.828', '0.832', '0.832', '0.836', '0.828', '0.828', '0.820']
  halt_rates: ['0.00', '0.00', '0.32', '0.70', '0.83', '0.88', '0.87', '0.87', '0.87', '0.88', '0.89', '0.89', '0.88', '0.89', '0.88', '0.88']
  halt_histogram %: [17.2, 49.9, 12.3, 4.4, 2.3, 1.5, 1.1, 0.9, 0.7, 0.5, 0.5, 0.4, 0.4, 0.3, 0.2, 7.6]
  Avg ACT steps (last 100): 1.39
  saved: /home/jvdillon/projects/sic/code/maze/ckpts/x000b/step03500.pt acc=99.01% (0.067s)
  saved: /home/jvdillon/projects/sic/code/maze/ckpts/x000b/best.pt acc=99.01% (0.131s)
Step  3500  Test 99.01% / 65.00%  Train lm=0.9258±0.0059ϵ[0.9180,0.9844] n_active=64.0000±0.0000ϵ[64.0000,64.0000] n_expunged=0.0000±0.0000ϵ[0.0000,0.0000] n_halted=33.9960±5.8543ϵ[15.0000,50.0000] pool_util=1.0000±0.0000ϵ[1.0000,1.0000]  (39.295s / 122.609s)
  cell_acc=99.05%, puzzle_acc=67.70%
  eval_avg_halt_step: 2.32
  per_H_acc: ['H0=37.4%', 'H1=71.3%', 'H2=98.3%']
  H_cos: ['0.617', '0.742']
  z_H_delta: ['15.688', '22.750']
  cells: fixed=[70802, 57899] broken=[0, 1537]
  per_ACT_cell_acc: ['H1=37.4%', 'H2=71.3%', 'H3=98.3%', 'H4=98.8%', 'H5=98.8%', 'H6=98.9%', 'H7=98.9%', 'H8=98.9%', 'H9=98.9%', 'H10=98.9%', 'H11=98.9%', 'H12=98.9%', 'H13=98.9%', 'H14=98.9%', 'H15=98.9%', 'H16=98.9%']
  per_ACT_puzzle_acc: ['H1=0.0%', 'H2=0.0%', 'H3=28.4%', 'H4=58.2%', 'H5=64.7%', 'H6=65.5%', 'H7=68.1%', 'H8=68.1%', 'H9=69.8%', 'H10=70.3%', 'H11=70.3%', 'H12=70.3%', 'H13=69.4%', 'H14=69.4%', 'H15=69.8%', 'H16=69.4%']
  mean_sigmoid_q_halt: ['0.574', '0.590', '0.361', '0.680', '0.809', '0.844', '0.859', '0.875', '0.891', '0.887', '0.891', '0.891', '0.891', '0.895', '0.895', '0.891']
  halt_rates: ['0.90', '0.97', '0.32', '0.71', '0.84', '0.89', '0.92', '0.92', '0.94', '0.94', '0.95', '0.94', '0.94', '0.94', '0.94', '0.94']
  halt_histogram %: [27.6, 46.2, 10.3, 3.5, 1.8, 1.1, 0.8, 0.6, 0.5, 0.4, 0.4, 0.3, 0.3, 0.3, 0.2, 5.7]
  Avg ACT steps (last 100): 1.34
  saved: /home/jvdillon/projects/sic/code/maze/ckpts/x000b/step04000.pt acc=99.05% (0.068s)
  saved: /home/jvdillon/projects/sic/code/maze/ckpts/x000b/best.pt acc=99.05% (0.132s)
Step  4000  Test 99.05% / 67.70%  Train lm=0.9219±0.0039ϵ[0.9141,0.9688] n_active=64.0000±0.0000ϵ[64.0000,64.0000] n_expunged=0.0000±0.0000ϵ[0.0000,0.0000] n_halted=42.0220±5.3139ϵ[24.0000,55.0000] pool_util=1.0000±0.0000ϵ[1.0000,1.0000]  (39.280s / 122.679s)
  cell_acc=99.08%, puzzle_acc=68.90%
  eval_avg_halt_step: 1.74
  per_H_acc: ['H0=37.4%', 'H1=73.7%', 'H2=98.6%']
  H_cos: ['0.648', '0.746']
  z_H_delta: ['16.125', '23.500']
  cells: fixed=[75758, 53360] broken=[0, 1260]
  per_ACT_cell_acc: ['H1=37.4%', 'H2=73.7%', 'H3=98.6%', 'H4=98.9%', 'H5=98.9%', 'H6=98.9%', 'H7=99.0%', 'H8=99.0%', 'H9=99.0%', 'H10=98.9%', 'H11=98.9%', 'H12=98.9%', 'H13=99.0%', 'H14=99.0%', 'H15=98.9%', 'H16=99.0%']
  per_ACT_puzzle_acc: ['H1=0.0%', 'H2=0.0%', 'H3=43.1%', 'H4=62.9%', 'H5=67.2%', 'H6=68.5%', 'H7=68.5%', 'H8=69.8%', 'H9=69.8%', 'H10=69.4%', 'H11=69.0%', 'H12=69.0%', 'H13=69.0%', 'H14=69.0%', 'H15=69.0%', 'H16=68.5%']
  mean_sigmoid_q_halt: ['0.457', '0.703', '0.566', '0.816', '0.891', '0.914', '0.918', '0.934', '0.930', '0.930', '0.930', '0.926', '0.930', '0.926', '0.926', '0.930']
  halt_rates: ['0.39', '0.99', '0.56', '0.85', '0.93', '0.95', '0.96', '0.97', '0.97', '0.97', '0.97', '0.97', '0.97', '0.97', '0.97', '0.97']
  halt_histogram %: [39.0, 40.2, 8.5, 2.7, 1.4, 0.9, 0.6, 0.5, 0.4, 0.3, 0.3, 0.2, 0.2, 0.2, 0.1, 4.3]
  Avg ACT steps (last 100): 1.18
  saved: /home/jvdillon/projects/sic/code/maze/ckpts/x000b/step04500.pt acc=99.08% (0.068s)
  saved: /home/jvdillon/projects/sic/code/maze/ckpts/x000b/best.pt acc=99.08% (0.133s)
Step  4500  Test 99.08% / 68.90%  Train lm=0.9180±0.0022ϵ[0.9141,0.9258] n_active=64.0000±0.0000ϵ[64.0000,64.0000] n_expunged=0.0000±0.0000ϵ[0.0000,0.0000] n_halted=50.1560±4.5362ϵ[30.0000,60.0000] pool_util=1.0000±0.0000ϵ[1.0000,1.0000]  (39.311s / 122.563s)
  cell_acc=99.04%, puzzle_acc=50.60%
  eval_avg_halt_step: 1.68
  per_H_acc: ['H0=37.4%', 'H1=78.5%', 'H2=98.7%']
  H_cos: ['0.641', '0.766']
  z_H_delta: ['14.875', '23.875']
  cells: fixed=[85824, 43445] broken=[0, 1200]
  per_ACT_cell_acc: ['H1=37.4%', 'H2=78.5%', 'H3=98.7%', 'H4=98.9%', 'H5=99.0%', 'H6=99.0%', 'H7=99.0%', 'H8=99.0%', 'H9=99.0%', 'H10=99.0%', 'H11=99.0%', 'H12=99.0%', 'H13=99.0%', 'H14=99.0%', 'H15=99.0%', 'H16=99.0%']
  per_ACT_puzzle_acc: ['H1=0.0%', 'H2=0.0%', 'H3=47.8%', 'H4=67.2%', 'H5=70.7%', 'H6=71.6%', 'H7=71.6%', 'H8=71.6%', 'H9=72.0%', 'H10=72.0%', 'H11=71.6%', 'H12=69.0%', 'H13=67.2%', 'H14=65.5%', 'H15=65.5%', 'H16=64.7%']
  mean_sigmoid_q_halt: ['0.613', '0.801', '0.602', '0.809', '0.902', '0.914', '0.926', '0.930', '0.930', '0.934', '0.930', '0.930', '0.930', '0.930', '0.930', '0.938']
  halt_rates: ['0.90', '1.00', '0.61', '0.84', '0.94', '0.96', '0.97', '0.97', '0.97', '0.97', '0.97', '0.97', '0.97', '0.97', '0.97', '0.98']
  halt_histogram %: [47.6, 35.3, 7.2, 2.2, 1.1, 0.7, 0.5, 0.4, 0.3, 0.2, 0.2, 0.2, 0.2, 0.2, 0.1, 3.5]
  Avg ACT steps (last 100): 1.13
  saved: /home/jvdillon/projects/sic/code/maze/ckpts/x000b/step05000.pt acc=99.04% (0.069s)
Step  5000  Test 99.04% / 50.60%  Train lm=0.9141±0.0018ϵ[0.9141,0.9219] n_active=64.0000±0.0000ϵ[64.0000,64.0000] n_expunged=0.0000±0.0000ϵ[0.0000,0.0000] n_halted=53.2900±3.6055ϵ[40.0000,62.0000] pool_util=1.0000±0.0000ϵ[1.0000,1.0000]  (39.237s / 122.605s)
  cell_acc=99.17%, puzzle_acc=65.20%
  eval_avg_halt_step: 1.44
  per_H_acc: ['H0=37.9%', 'H1=80.3%', 'H2=98.9%']
  H_cos: ['0.656', '0.766']
  z_H_delta: ['15.938', '24.000']
  cells: fixed=[88718, 39826] broken=[105, 1098]
  per_ACT_cell_acc: ['H1=37.9%', 'H2=80.3%', 'H3=98.9%', 'H4=99.1%', 'H5=99.1%', 'H6=99.1%', 'H7=99.1%', 'H8=99.1%', 'H9=99.1%', 'H10=99.1%', 'H11=99.1%', 'H12=99.1%', 'H13=99.1%', 'H14=99.1%', 'H15=99.1%', 'H16=99.1%']
  per_ACT_puzzle_acc: ['H1=0.0%', 'H2=0.0%', 'H3=53.4%', 'H4=69.0%', 'H5=71.6%', 'H6=71.1%', 'H7=72.0%', 'H8=72.4%', 'H9=72.8%', 'H10=72.8%', 'H11=72.0%', 'H12=70.7%', 'H13=70.7%', 'H14=71.1%', 'H15=70.3%', 'H16=70.3%']
  mean_sigmoid_q_halt: ['0.451', '0.758', '0.668', '0.840', '0.902', '0.906', '0.926', '0.930', '0.938', '0.934', '0.926', '0.938', '0.930', '0.934', '0.938', '0.941']
  halt_rates: ['0.40', '0.99', '0.70', '0.88', '0.95', '0.95', '0.97', '0.97', '0.98', '0.97', '0.97', '0.98', '0.97', '0.97', '0.98', '0.99']
  halt_histogram %: [54.5, 31.1, 6.1, 1.9, 0.9, 0.6, 0.4, 0.3, 0.3, 0.2, 0.2, 0.2, 0.1, 0.1, 0.1, 2.9]
  Avg ACT steps (last 100): 1.15
  saved: /home/jvdillon/projects/sic/code/maze/ckpts/x000b/step05500.pt acc=99.17% (0.069s)
  saved: /home/jvdillon/projects/sic/code/maze/ckpts/x000b/best.pt acc=99.17% (0.133s)
Step  5500  Test 99.17% / 65.20%  Train lm=0.9141±0.0009ϵ[0.9141,0.9180] n_active=64.0000±0.0000ϵ[64.0000,64.0000] n_expunged=0.0000±0.0000ϵ[0.0000,0.0000] n_halted=56.1980±2.7717ϵ[45.0000,62.0000] pool_util=1.0000±0.0000ϵ[1.0000,1.0000]  (39.267s / 122.599s)
  cell_acc=99.02%, puzzle_acc=64.30%
  eval_avg_halt_step: 1.49
  per_H_acc: ['H0=37.9%', 'H1=81.8%', 'H2=98.8%']
  H_cos: ['0.656', '0.793']
  z_H_delta: ['16.250', '23.000']
  cells: fixed=[91898, 36667] broken=[111, 1148]
  per_ACT_cell_acc: ['H1=37.9%', 'H2=81.8%', 'H3=98.8%', 'H4=98.9%', 'H5=98.9%', 'H6=98.9%', 'H7=98.9%', 'H8=98.9%', 'H9=98.9%', 'H10=98.9%', 'H11=98.9%', 'H12=98.9%', 'H13=98.9%', 'H14=98.9%', 'H15=98.9%', 'H16=98.9%']
  per_ACT_puzzle_acc: ['H1=0.0%', 'H2=0.0%', 'H3=53.4%', 'H4=62.9%', 'H5=66.4%', 'H6=68.5%', 'H7=68.5%', 'H8=68.5%', 'H9=68.5%', 'H10=68.5%', 'H11=68.5%', 'H12=68.5%', 'H13=68.5%', 'H14=68.1%', 'H15=67.7%', 'H16=67.2%']
  mean_sigmoid_q_halt: ['0.551', '0.621', '0.707', '0.828', '0.891', '0.914', '0.934', '0.941', '0.953', '0.953', '0.949', '0.957', '0.953', '0.953', '0.953', '0.957']
  halt_rates: ['0.70', '0.72', '0.72', '0.86', '0.92', '0.95', '0.97', '0.98', '0.99', '0.99', '0.99', '1.00', '0.99', '0.99', '0.99', '1.00']
  halt_histogram %: [59.7, 27.9, 5.3, 1.6, 0.8, 0.5, 0.4, 0.3, 0.2, 0.2, 0.2, 0.1, 0.1, 0.1, 0.1, 2.5]
  Avg ACT steps (last 100): 1.05
  saved: /home/jvdillon/projects/sic/code/maze/ckpts/x000b/step06000.pt acc=99.02% (0.068s)
Step  6000  Test 99.02% / 64.30%  Train lm=0.9141±0.0011ϵ[0.9141,0.9180] n_active=64.0000±0.0000ϵ[64.0000,64.0000] n_expunged=0.0000±0.0000ϵ[0.0000,0.0000] n_halted=57.1720±2.4369ϵ[49.0000,64.0000] pool_util=1.0000±0.0000ϵ[1.0000,1.0000]  (39.210s / 122.652s)
  cell_acc=98.91%, puzzle_acc=63.60%
  eval_avg_halt_step: 1.49
  per_H_acc: ['H0=37.6%', 'H1=77.2%', 'H2=98.8%']
  H_cos: ['0.699', '0.809']
  z_H_delta: ['15.625', '22.875']
  cells: fixed=[82732, 46305] broken=[25, 1170]
  per_ACT_cell_acc: ['H1=37.6%', 'H2=77.2%', 'H3=98.8%', 'H4=98.9%', 'H5=98.9%', 'H6=98.9%', 'H7=98.9%', 'H8=98.9%', 'H9=98.9%', 'H10=98.9%', 'H11=98.9%', 'H12=98.9%', 'H13=98.9%', 'H14=98.9%', 'H15=98.9%', 'H16=98.9%']
  per_ACT_puzzle_acc: ['H1=0.0%', 'H2=0.0%', 'H3=48.7%', 'H4=61.2%', 'H5=64.7%', 'H6=66.4%', 'H7=66.4%', 'H8=66.4%', 'H9=66.4%', 'H10=66.4%', 'H11=66.8%', 'H12=66.8%', 'H13=66.8%', 'H14=66.4%', 'H15=66.4%', 'H16=66.4%']
  mean_sigmoid_q_halt: ['0.672', '0.781', '0.699', '0.840', '0.887', '0.918', '0.934', '0.938', '0.938', '0.945', '0.945', '0.945', '0.945', '0.953', '0.949', '0.949']
  halt_rates: ['0.94', '1.00', '0.72', '0.87', '0.93', '0.95', '0.96', '0.97', '0.97', '0.98', '0.98', '0.98', '0.98', '0.99', '0.98', '0.99']
  halt_histogram %: [63.7, 25.5, 4.7, 1.4, 0.7, 0.4, 0.3, 0.2, 0.2, 0.2, 0.1, 0.1, 0.1, 0.1, 0.1, 2.1]
  Avg ACT steps (last 100): 1.13
  saved: /home/jvdillon/projects/sic/code/maze/ckpts/x000b/step06500.pt acc=98.91% (0.069s)
Step  6500  Test 98.91% / 63.60%  Train lm=0.9141±0.0000ϵ[0.9141,0.9141] n_active=64.0000±0.0000ϵ[64.0000,64.0000] n_expunged=0.0000±0.0000ϵ[0.0000,0.0000] n_halted=57.5220±2.3759ϵ[49.0000,64.0000] pool_util=1.0000±0.0000ϵ[1.0000,1.0000]  (39.201s / 122.678s)
  cell_acc=98.84%, puzzle_acc=59.30%
  eval_avg_halt_step: 1.37
  per_H_acc: ['H0=37.6%', 'H1=75.4%', 'H2=98.7%']
  H_cos: ['0.730', '0.840']
  z_H_delta: ['15.250', '22.375']
  cells: fixed=[78974, 49859] broken=[27, 1286]
  per_ACT_cell_acc: ['H1=37.6%', 'H2=75.4%', 'H3=98.7%', 'H4=98.8%', 'H5=98.8%', 'H6=98.8%', 'H7=98.8%', 'H8=98.8%', 'H9=98.8%', 'H10=98.8%', 'H11=98.8%', 'H12=98.8%', 'H13=98.8%', 'H14=98.8%', 'H15=98.8%', 'H16=98.8%']
  per_ACT_puzzle_acc: ['H1=0.0%', 'H2=0.0%', 'H3=42.2%', 'H4=53.9%', 'H5=57.3%', 'H6=58.6%', 'H7=60.3%', 'H8=60.8%', 'H9=60.8%', 'H10=60.3%', 'H11=60.3%', 'H12=60.3%', 'H13=60.3%', 'H14=60.3%', 'H15=60.3%', 'H16=60.3%']
  mean_sigmoid_q_halt: ['0.707', '0.852', '0.742', '0.848', '0.895', '0.918', '0.926', '0.930', '0.930', '0.926', '0.934', '0.930', '0.934', '0.938', '0.934', '0.934']
  halt_rates: ['0.97', '1.00', '0.77', '0.89', '0.94', '0.95', '0.96', '0.96', '0.96', '0.96', '0.97', '0.97', '0.97', '0.97', '0.97', '0.97']
  halt_histogram %: [66.7, 23.6, 4.3, 1.2, 0.6, 0.4, 0.3, 0.2, 0.2, 0.1, 0.1, 0.1, 0.1, 0.1, 0.1, 1.9]
  Avg ACT steps (last 100): 1.05
  saved: /home/jvdillon/projects/sic/code/maze/ckpts/x000b/step07000.pt acc=98.84% (0.067s)
Step  7000  Test 98.84% / 59.30%  Train lm=0.9141±0.0000ϵ[0.9141,0.9141] n_active=64.0000±0.0000ϵ[64.0000,64.0000] n_expunged=0.0000±0.0000ϵ[0.0000,0.0000] n_halted=57.7500±2.3174ϵ[49.0000,62.0000] pool_util=1.0000±0.0000ϵ[1.0000,1.0000]  (39.177s / 122.612s)
  cell_acc=98.83%, puzzle_acc=58.70%
  eval_avg_halt_step: 1.43
  per_H_acc: ['H0=37.6%', 'H1=75.3%', 'H2=98.7%']
  H_cos: ['0.734', '0.844']
  z_H_delta: ['15.188', '22.250']
  cells: fixed=[78759, 49983] broken=[29, 1295]
  per_ACT_cell_acc: ['H1=37.6%', 'H2=75.3%', 'H3=98.7%', 'H4=98.8%', 'H5=98.8%', 'H6=98.8%', 'H7=98.8%', 'H8=98.8%', 'H9=98.8%', 'H10=98.8%', 'H11=98.8%', 'H12=98.8%', 'H13=98.8%', 'H14=98.8%', 'H15=98.8%', 'H16=98.8%']
  per_ACT_puzzle_acc: ['H1=0.0%', 'H2=0.0%', 'H3=40.9%', 'H4=52.6%', 'H5=55.2%', 'H6=57.3%', 'H7=58.2%', 'H8=59.1%', 'H9=58.6%', 'H10=58.6%', 'H11=58.6%', 'H12=58.6%', 'H13=58.6%', 'H14=58.6%', 'H15=58.6%', 'H16=58.6%']
  mean_sigmoid_q_halt: ['0.711', '0.863', '0.750', '0.844', '0.891', '0.910', '0.922', '0.922', '0.918', '0.918', '0.926', '0.922', '0.926', '0.926', '0.930', '0.930']
  halt_rates: ['0.97', '1.00', '0.77', '0.88', '0.93', '0.94', '0.97', '0.95', '0.95', '0.95', '0.96', '0.96', '0.97', '0.96', '0.97', '0.97']
  halt_histogram %: [69.2, 22.0, 3.9, 1.1, 0.5, 0.3, 0.2, 0.2, 0.2, 0.1, 0.1, 0.1, 0.1, 0.1, 0.1, 1.7]
  Avg ACT steps (last 100): 1.09
  saved: /home/jvdillon/projects/sic/code/maze/ckpts/x000b/step07500.pt acc=98.83% (0.069s)
Step  7500  Test 98.83% / 58.70%  Train lm=0.9141±0.0000ϵ[0.9141,0.9141] n_active=64.0000±0.0000ϵ[64.0000,64.0000] n_expunged=0.0000±0.0000ϵ[0.0000,0.0000] n_halted=57.7780±2.3554ϵ[49.0000,63.0000] pool_util=1.0000±0.0000ϵ[1.0000,1.0000]  (39.187s / 122.664s)
  cell_acc=98.82%, puzzle_acc=58.60%
  eval_avg_halt_step: 1.40
  per_H_acc: ['H0=37.6%', 'H1=75.3%', 'H2=98.7%']
  H_cos: ['0.734', '0.844']
  z_H_delta: ['15.188', '22.250']
  cells: fixed=[78755, 49981] broken=[28, 1291]
  per_ACT_cell_acc: ['H1=37.6%', 'H2=75.3%', 'H3=98.7%', 'H4=98.8%', 'H5=98.8%', 'H6=98.8%', 'H7=98.8%', 'H8=98.8%', 'H9=98.8%', 'H10=98.8%', 'H11=98.8%', 'H12=98.8%', 'H13=98.8%', 'H14=98.8%', 'H15=98.8%', 'H16=98.8%']
  per_ACT_puzzle_acc: ['H1=0.0%', 'H2=0.0%', 'H3=41.8%', 'H4=53.4%', 'H5=55.6%', 'H6=57.8%', 'H7=58.6%', 'H8=59.5%', 'H9=59.1%', 'H10=59.1%', 'H11=59.1%', 'H12=59.1%', 'H13=59.1%', 'H14=59.1%', 'H15=59.1%', 'H16=59.1%']
  mean_sigmoid_q_halt: ['0.711', '0.863', '0.750', '0.844', '0.891', '0.906', '0.926', '0.922', '0.918', '0.918', '0.922', '0.922', '0.926', '0.930', '0.934', '0.934']
  halt_rates: ['0.97', '1.00', '0.78', '0.88', '0.93', '0.94', '0.96', '0.95', '0.95', '0.95', '0.95', '0.96', '0.96', '0.96', '0.97', '0.97']
  halt_histogram %: [71.1, 20.8, 3.6, 1.0, 0.5, 0.3, 0.2, 0.2, 0.1, 0.1, 0.1, 0.1, 0.1, 0.1, 0.1, 1.5]
  Avg ACT steps (last 100): 1.16
  saved: /home/jvdillon/projects/sic/code/maze/ckpts/x000b/step08000.pt acc=98.82% (0.070s)
Step  8000  Test 98.82% / 58.60%  Train lm=0.9141±0.0000ϵ[0.9141,0.9141] n_active=64.0000±0.0000ϵ[64.0000,64.0000] n_expunged=0.0000±0.0000ϵ[0.0000,0.0000] n_halted=57.5560±2.2868ϵ[49.0000,63.0000] pool_util=1.0000±0.0000ϵ[1.0000,1.0000]  (39.198s / 122.696s)
