Adam params: ('embed_tokens.weight', 'head.weight', 'head.bias', 'q_head.weight', 'q_head.bias')
Muon 2D params: ('reasoning.0.attn.o_proj.weight', 'reasoning.0.mlp.up_proj.weight', 'reasoning.0.mlp.down_proj.weight', 'reasoning.1.attn.o_proj.weight', 'reasoning.1.mlp.up_proj.weight', 'reasoning.1.mlp.down_proj.weight')
Muon 3D params (ensemble_dims=1): ('reasoning.0.attn.qkv_proj.weight', 'reasoning.1.attn.qkv_proj.weight')
Saved step 0 checkpoint with RNG: /home/jvdillon/projects/sic/code/maze/ckpts/x000i/step00000_rng.pt
  cell_acc=87.29%, puzzle_acc=0.00%
  eval_avg_halt_step: 16.00
  per_H_acc: ['H0=87.4%', 'H1=87.5%', 'H2=87.5%']
  H_cos: ['0.855', '0.957']
  z_H_delta: ['18.000', '10.375']
  cells: fixed=[161, 0] broken=[0, 0]
  per_ACT_cell_acc: ['H1=87.4%', 'H2=87.5%', 'H3=87.5%', 'H4=87.5%', 'H5=87.5%', 'H6=87.5%', 'H7=87.5%', 'H8=87.5%', 'H9=87.5%', 'H10=87.5%', 'H11=87.5%', 'H12=87.5%', 'H13=87.5%', 'H14=87.5%', 'H15=87.5%', 'H16=87.5%']
  per_ACT_puzzle_acc: ['H1=0.0%', 'H2=0.0%', 'H3=0.0%', 'H4=0.0%', 'H5=0.0%', 'H6=0.0%', 'H7=0.0%', 'H8=0.0%', 'H9=0.0%', 'H10=0.0%', 'H11=0.0%', 'H12=0.0%', 'H13=0.0%', 'H14=0.0%', 'H15=0.0%', 'H16=0.0%']
  mean_sigmoid_q_halt: ['0.000', '0.000', '0.000', '0.000', '0.000', '0.000', '0.000', '0.000', '0.000', '0.000', '0.000', '0.000', '0.000', '0.000', '0.000', '0.000']
  halt_rates: ['0.00', '0.00', '0.00', '0.00', '0.00', '0.00', '0.00', '0.00', '0.00', '0.00', '0.00', '0.00', '0.00', '0.00', '0.00', '0.00']
  halt_histogram %: [0.0, 0.0, 0.0, 0.0, 0.0, 0.0, 0.0, 0.0, 0.0, 0.0, 0.0, 0.0, 0.0, 0.0, 0.0, 100.0]
  Avg ACT steps (last 100): 16.00
  saved: /home/jvdillon/projects/sic/code/maze/ckpts/x000i/step00500.pt acc=87.29% (0.030s)
  saved: /home/jvdillon/projects/sic/code/maze/ckpts/x000i/best.pt acc=87.29% (0.058s)
Step   500  Test 87.29% /  0.00%  Train lm=1.1641±0.2295ϵ[1.0938,3.7188] n_active=128.0000±0.0000ϵ[128.0000,128.0000] n_expunged=0.0000±0.0000ϵ[0.0000,0.0000] n_halted=7.9360±30.8988ϵ[0.0000,128.0000] pool_util=1.0000±0.0000ϵ[1.0000,1.0000]  (48.776s / 252.292s)
  cell_acc=86.94%, puzzle_acc=0.00%
  eval_avg_halt_step: 16.00
  per_H_acc: ['H0=87.4%', 'H1=87.5%', 'H2=87.5%']
  H_cos: ['0.797', '0.949']
  z_H_delta: ['20.250', '12.875']
  cells: fixed=[233, 16] broken=[0, 18]
  per_ACT_cell_acc: ['H1=87.4%', 'H2=87.5%', 'H3=87.5%', 'H4=87.5%', 'H5=87.6%', 'H6=87.8%', 'H7=87.8%', 'H8=87.8%', 'H9=87.8%', 'H10=87.8%', 'H11=87.8%', 'H12=87.7%', 'H13=87.7%', 'H14=87.6%', 'H15=87.6%', 'H16=87.5%']
  per_ACT_puzzle_acc: ['H1=0.0%', 'H2=0.0%', 'H3=0.0%', 'H4=0.0%', 'H5=0.0%', 'H6=0.0%', 'H7=0.0%', 'H8=0.0%', 'H9=0.0%', 'H10=0.0%', 'H11=0.0%', 'H12=0.0%', 'H13=0.0%', 'H14=0.0%', 'H15=0.0%', 'H16=0.0%']
  mean_sigmoid_q_halt: ['0.001', '0.000', '0.000', '0.000', '0.000', '0.000', '0.000', '0.000', '0.000', '0.000', '0.000', '0.000', '0.000', '0.000', '0.000', '0.000']
  halt_rates: ['0.00', '0.00', '0.00', '0.00', '0.00', '0.00', '0.00', '0.00', '0.00', '0.00', '0.00', '0.00', '0.00', '0.00', '0.00', '0.00']
  halt_histogram %: [0.0, 0.0, 0.0, 0.0, 0.0, 0.0, 0.0, 0.0, 0.0, 0.0, 0.0, 0.0, 0.0, 0.0, 0.0, 100.0]
  Avg ACT steps (last 100): 16.00
  saved: /home/jvdillon/projects/sic/code/maze/ckpts/x000i/step01000.pt acc=86.94% (0.030s)
Step  1000  Test 86.94% /  0.00%  Train lm=1.0859±0.0175ϵ[1.0391,1.1406] n_active=128.0000±0.0000ϵ[128.0000,128.0000] n_expunged=0.0000±0.0000ϵ[0.0000,0.0000] n_halted=7.9360±30.8988ϵ[0.0000,128.0000] pool_util=1.0000±0.0000ϵ[1.0000,1.0000]  (38.481s / 241.571s)
  cell_acc=92.83%, puzzle_acc=0.00%
  eval_avg_halt_step: 16.00
  per_H_acc: ['H0=80.1%', 'H1=87.5%', 'H2=87.0%']
  H_cos: ['0.770', '0.922']
  z_H_delta: ['20.375', '13.562']
  cells: fixed=[15457, 3792] broken=[0, 4727]
  per_ACT_cell_acc: ['H1=80.1%', 'H2=87.5%', 'H3=87.0%', 'H4=88.1%', 'H5=89.2%', 'H6=90.1%', 'H7=90.6%', 'H8=91.2%', 'H9=91.5%', 'H10=91.8%', 'H11=92.0%', 'H12=92.1%', 'H13=92.2%', 'H14=92.3%', 'H15=92.4%', 'H16=92.4%']
  per_ACT_puzzle_acc: ['H1=0.0%', 'H2=0.0%', 'H3=0.0%', 'H4=0.0%', 'H5=0.0%', 'H6=0.0%', 'H7=0.0%', 'H8=0.0%', 'H9=0.0%', 'H10=0.0%', 'H11=0.0%', 'H12=0.0%', 'H13=0.0%', 'H14=0.0%', 'H15=0.0%', 'H16=0.0%']
  mean_sigmoid_q_halt: ['0.002', '0.000', '0.000', '0.000', '0.000', '0.001', '0.001', '0.001', '0.001', '0.002', '0.003', '0.003', '0.004', '0.005', '0.006', '0.007']
  halt_rates: ['0.00', '0.00', '0.00', '0.00', '0.00', '0.00', '0.00', '0.00', '0.00', '0.00', '0.00', '0.00', '0.00', '0.00', '0.00', '0.00']
  halt_histogram %: [0.0, 0.0, 0.0, 0.0, 0.0, 0.0, 0.0, 0.0, 0.0, 0.0, 0.0, 0.0, 0.0, 0.0, 0.0, 100.0]
  Avg ACT steps (last 100): 16.00
  saved: /home/jvdillon/projects/sic/code/maze/ckpts/x000i/step01500.pt acc=92.83% (0.029s)
  saved: /home/jvdillon/projects/sic/code/maze/ckpts/x000i/best.pt acc=92.83% (0.071s)
Step  1500  Test 92.83% /  0.00%  Train lm=1.0234±0.0386ϵ[0.9609,1.1250] n_active=128.0000±0.0000ϵ[128.0000,128.0000] n_expunged=0.0000±0.0000ϵ[0.0000,0.0000] n_halted=7.9360±30.8988ϵ[0.0000,128.0000] pool_util=1.0000±0.0000ϵ[1.0000,1.0000]  (38.525s / 241.487s)
  cell_acc=97.32%, puzzle_acc=12.20%
  eval_avg_halt_step: 14.38
  per_H_acc: ['H0=87.3%', 'H1=87.5%', 'H2=93.1%']
  H_cos: ['0.809', '0.891']
  z_H_delta: ['21.750', '14.812']
  cells: fixed=[350, 17344] broken=[7, 5715]
  per_ACT_cell_acc: ['H1=87.3%', 'H2=87.5%', 'H3=93.1%', 'H4=94.1%', 'H5=95.7%', 'H6=96.3%', 'H7=96.7%', 'H8=96.8%', 'H9=97.0%', 'H10=97.0%', 'H11=97.1%', 'H12=97.1%', 'H13=97.2%', 'H14=97.2%', 'H15=97.2%', 'H16=97.2%']
  per_ACT_puzzle_acc: ['H1=0.0%', 'H2=0.0%', 'H3=0.0%', 'H4=0.0%', 'H5=0.4%', 'H6=1.7%', 'H7=1.7%', 'H8=4.3%', 'H9=4.7%', 'H10=6.5%', 'H11=7.8%', 'H12=8.6%', 'H13=8.6%', 'H14=7.8%', 'H15=9.9%', 'H16=9.1%']
  mean_sigmoid_q_halt: ['0.001', '0.000', '0.000', '0.002', '0.005', '0.013', '0.031', '0.052', '0.072', '0.091', '0.109', '0.120', '0.131', '0.140', '0.149', '0.156']
  halt_rates: ['0.00', '0.00', '0.00', '0.00', '0.00', '0.00', '0.01', '0.01', '0.02', '0.03', '0.04', '0.05', '0.06', '0.08', '0.09', '0.10']
  halt_histogram %: [0.0, 0.0, 0.3, 1.0, 1.5, 1.6, 1.7, 1.4, 1.4, 1.3, 0.9, 0.8, 0.8, 0.8, 0.6, 85.9]
  Avg ACT steps (last 100): 9.17
  saved: /home/jvdillon/projects/sic/code/maze/ckpts/x000i/step02000.pt acc=97.32% (0.030s)
  saved: /home/jvdillon/projects/sic/code/maze/ckpts/x000i/best.pt acc=97.32% (0.071s)
Step  2000  Test 97.32% / 12.20%  Train lm=0.9688±0.0233ϵ[0.9414,1.1016] n_active=128.0000±0.0000ϵ[128.0000,128.0000] n_expunged=0.0000±0.0000ϵ[0.0000,0.0000] n_halted=10.3240±18.8766ϵ[0.0000,128.0000] pool_util=1.0000±0.0000ϵ[1.0000,1.0000]  (38.533s / 241.617s)
  cell_acc=97.86%, puzzle_acc=28.70%
  eval_avg_halt_step: 8.99
  per_H_acc: ['H0=87.3%', 'H1=87.5%', 'H2=95.3%']
  H_cos: ['0.840', '0.887']
  z_H_delta: ['20.750', '15.688']
  cells: fixed=[380, 21528] broken=[50, 5139]
  per_ACT_cell_acc: ['H1=87.3%', 'H2=87.5%', 'H3=95.3%', 'H4=96.3%', 'H5=96.9%', 'H6=97.2%', 'H7=97.3%', 'H8=97.4%', 'H9=97.5%', 'H10=97.5%', 'H11=97.5%', 'H12=97.6%', 'H13=97.7%', 'H14=97.7%', 'H15=97.7%', 'H16=97.7%']
  per_ACT_puzzle_acc: ['H1=0.0%', 'H2=0.0%', 'H3=0.0%', 'H4=2.2%', 'H5=10.8%', 'H6=19.0%', 'H7=21.6%', 'H8=25.0%', 'H9=23.7%', 'H10=26.7%', 'H11=28.9%', 'H12=26.3%', 'H13=27.2%', 'H14=28.0%', 'H15=27.6%', 'H16=30.2%']
  mean_sigmoid_q_halt: ['0.000', '0.000', '0.001', '0.070', '0.130', '0.203', '0.252', '0.291', '0.307', '0.326', '0.340', '0.348', '0.357', '0.373', '0.377', '0.385']
  halt_rates: ['0.00', '0.00', '0.00', '0.03', '0.11', '0.21', '0.24', '0.31', '0.32', '0.35', '0.35', '0.36', '0.38', '0.40', '0.39', '0.39']
  halt_histogram %: [0.0, 4.1, 8.1, 6.4, 5.1, 3.9, 3.0, 2.4, 2.1, 1.9, 1.5, 1.2, 1.0, 1.0, 0.8, 57.4]
  Avg ACT steps (last 100): 5.94
  saved: /home/jvdillon/projects/sic/code/maze/ckpts/x000i/step02500.pt acc=97.86% (0.030s)
  saved: /home/jvdillon/projects/sic/code/maze/ckpts/x000i/best.pt acc=97.86% (0.071s)
Step  2500  Test 97.86% / 28.70%  Train lm=0.9531±0.0066ϵ[0.9375,0.9766] n_active=128.0000±0.0000ϵ[128.0000,128.0000] n_expunged=0.0000±0.0000ϵ[0.0000,0.0000] n_halted=20.3160±12.9026ϵ[0.0000,63.0000] pool_util=1.0000±0.0000ϵ[1.0000,1.0000]  (38.541s / 241.775s)
  cell_acc=98.60%, puzzle_acc=51.00%
  eval_avg_halt_step: 3.23
  per_H_acc: ['H0=87.3%', 'H1=88.4%', 'H2=97.6%']
  H_cos: ['0.781', '0.895']
  z_H_delta: ['21.750', '14.062']
  cells: fixed=[4807, 21883] broken=[2625, 2605]
  per_ACT_cell_acc: ['H1=87.3%', 'H2=88.4%', 'H3=97.6%', 'H4=98.1%', 'H5=98.3%', 'H6=98.3%', 'H7=98.5%', 'H8=98.5%', 'H9=98.5%', 'H10=98.5%', 'H11=98.5%', 'H12=98.5%', 'H13=98.5%', 'H14=98.5%', 'H15=98.5%', 'H16=98.5%']
  per_ACT_puzzle_acc: ['H1=0.0%', 'H2=0.0%', 'H3=6.5%', 'H4=24.1%', 'H5=36.2%', 'H6=41.4%', 'H7=44.8%', 'H8=47.4%', 'H9=48.7%', 'H10=49.1%', 'H11=49.6%', 'H12=50.0%', 'H13=50.9%', 'H14=50.9%', 'H15=50.9%', 'H16=50.4%']
  mean_sigmoid_q_halt: ['0.000', '0.001', '0.112', '0.443', '0.602', '0.680', '0.719', '0.754', '0.777', '0.793', '0.801', '0.805', '0.805', '0.812', '0.812', '0.816']
  halt_rates: ['0.00', '0.00', '0.04', '0.49', '0.68', '0.72', '0.78', '0.82', '0.85', '0.86', '0.87', '0.87', '0.86', '0.87', '0.87', '0.88']
  halt_histogram %: [0.1, 23.7, 13.8, 7.5, 4.8, 3.5, 2.5, 1.9, 1.7, 1.5, 1.2, 0.9, 0.8, 0.7, 0.6, 34.9]
  Avg ACT steps (last 100): 2.62
  saved: /home/jvdillon/projects/sic/code/maze/ckpts/x000i/step03000.pt acc=98.60% (0.029s)
  saved: /home/jvdillon/projects/sic/code/maze/ckpts/x000i/best.pt acc=98.60% (0.070s)
Step  3000  Test 98.60% / 51.00%  Train lm=0.9414±0.0053ϵ[0.9297,0.9609] n_active=128.0000±0.0000ϵ[128.0000,128.0000] n_expunged=0.0000±0.0000ϵ[0.0000,0.0000] n_halted=37.2340±11.9809ϵ[2.0000,68.0000] pool_util=1.0000±0.0000ϵ[1.0000,1.0000]  (38.525s / 241.843s)
  cell_acc=98.74%, puzzle_acc=58.10%
  eval_avg_halt_step: 3.41
  per_H_acc: ['H0=87.4%', 'H1=88.0%', 'H2=97.9%']
  H_cos: ['0.809', '0.879']
  z_H_delta: ['21.250', '14.688']
  cells: fixed=[3117, 23216] broken=[1858, 2528]
  per_ACT_cell_acc: ['H1=87.4%', 'H2=88.0%', 'H3=97.9%', 'H4=98.2%', 'H5=98.5%', 'H6=98.6%', 'H7=98.6%', 'H8=98.6%', 'H9=98.7%', 'H10=98.7%', 'H11=98.7%', 'H12=98.7%', 'H13=98.7%', 'H14=98.7%', 'H15=98.7%', 'H16=98.7%']
  per_ACT_puzzle_acc: ['H1=0.0%', 'H2=0.0%', 'H3=7.8%', 'H4=27.6%', 'H5=43.1%', 'H6=48.7%', 'H7=52.2%', 'H8=54.3%', 'H9=56.0%', 'H10=56.0%', 'H11=57.3%', 'H12=57.3%', 'H13=57.3%', 'H14=58.2%', 'H15=58.6%', 'H16=57.8%']
  mean_sigmoid_q_halt: ['0.000', '0.001', '0.146', '0.344', '0.527', '0.676', '0.734', '0.758', '0.781', '0.797', '0.816', '0.820', '0.828', '0.828', '0.836', '0.832']
  halt_rates: ['0.00', '0.00', '0.10', '0.34', '0.54', '0.72', '0.79', '0.79', '0.81', '0.82', '0.86', '0.86', '0.87', '0.86', '0.87', '0.87']
  halt_histogram %: [3.2, 39.9, 14.1, 6.2, 3.6, 2.5, 1.8, 1.3, 1.2, 1.0, 0.8, 0.6, 0.5, 0.5, 0.4, 22.5]
  Avg ACT steps (last 100): 2.25
  saved: /home/jvdillon/projects/sic/code/maze/ckpts/x000i/step03500.pt acc=98.74% (0.030s)
  saved: /home/jvdillon/projects/sic/code/maze/ckpts/x000i/best.pt acc=98.74% (0.071s)
Step  3500  Test 98.74% / 58.10%  Train lm=0.9297±0.0036ϵ[0.9219,0.9375] n_active=128.0000±0.0000ϵ[128.0000,128.0000] n_expunged=0.0000±0.0000ϵ[0.0000,0.0000] n_halted=52.3820±9.2131ϵ[27.0000,81.0000] pool_util=1.0000±0.0000ϵ[1.0000,1.0000]  (38.001s / 240.260s)
  cell_acc=98.97%, puzzle_acc=61.30%
  eval_avg_halt_step: 3.24
  per_H_acc: ['H0=87.3%', 'H1=87.6%', 'H2=98.0%']
  H_cos: ['0.840', '0.871']
  z_H_delta: ['20.875', '15.812']
  cells: fixed=[1060, 23915] broken=[556, 2164]
  per_ACT_cell_acc: ['H1=87.3%', 'H2=87.6%', 'H3=98.0%', 'H4=98.3%', 'H5=98.5%', 'H6=98.6%', 'H7=98.6%', 'H8=98.7%', 'H9=98.7%', 'H10=98.7%', 'H11=98.7%', 'H12=98.7%', 'H13=98.7%', 'H14=98.7%', 'H15=98.7%', 'H16=98.7%']
  per_ACT_puzzle_acc: ['H1=0.0%', 'H2=0.0%', 'H3=15.5%', 'H4=26.7%', 'H5=42.2%', 'H6=45.3%', 'H7=47.0%', 'H8=48.7%', 'H9=50.4%', 'H10=49.6%', 'H11=50.0%', 'H12=49.6%', 'H13=50.9%', 'H14=51.3%', 'H15=51.3%', 'H16=51.3%']
  mean_sigmoid_q_halt: ['0.000', '0.001', '0.171', '0.400', '0.598', '0.703', '0.723', '0.754', '0.770', '0.770', '0.777', '0.773', '0.793', '0.797', '0.801', '0.801']
  halt_rates: ['0.00', '0.00', '0.16', '0.42', '0.61', '0.74', '0.75', '0.79', '0.80', '0.79', '0.80', '0.80', '0.83', '0.81', '0.83', '0.82']
  halt_histogram %: [10.3, 45.6, 12.8, 5.0, 2.8, 1.9, 1.3, 0.9, 0.8, 0.7, 0.6, 0.4, 0.4, 0.3, 0.3, 15.8]
  Avg ACT steps (last 100): 1.96
  saved: /home/jvdillon/projects/sic/code/maze/ckpts/x000i/step04000.pt acc=98.97% (0.030s)
  saved: /home/jvdillon/projects/sic/code/maze/ckpts/x000i/best.pt acc=98.97% (0.070s)
Step  4000  Test 98.97% / 61.30%  Train lm=0.9258±0.0028ϵ[0.9180,0.9375] n_active=128.0000±0.0000ϵ[128.0000,128.0000] n_expunged=0.0000±0.0000ϵ[0.0000,0.0000] n_halted=62.2800±9.2564ϵ[33.0000,87.0000] pool_util=1.0000±0.0000ϵ[1.0000,1.0000]  (37.959s / 238.876s)
