Adam params: ('embed_tokens.weight', 'head.weight', 'head.bias', 'q_head.weight', 'q_head.bias', 'puzzle_id_embed.weight')
Muon 2D params: ('reasoning.0.attn.o_proj.weight', 'reasoning.0.mlp.up_proj.weight', 'reasoning.0.mlp.down_proj.weight', 'reasoning.1.attn.o_proj.weight', 'reasoning.1.mlp.up_proj.weight', 'reasoning.1.mlp.down_proj.weight')
Muon 3D params (ensemble_dims=1): ('reasoning.0.attn.qkv_proj.weight', 'reasoning.1.attn.qkv_proj.weight')
  cell_acc=80.42%, puzzle_acc=0.00%
  eval_avg_halt_step: 16.00
  per_H_acc: ['H0=50.2%', 'H1=64.4%', 'H2=37.2%']
  H_cos: ['0.516', '0.957']
  z_H_delta: ['18.125', '14.438']
  cells: fixed=[77666, 0] broken=[48100, 56702]
  per_ACT_cell_acc: ['H1=50.2%', 'H2=64.4%', 'H3=37.2%', 'H4=37.2%', 'H5=87.1%', 'H6=87.3%', 'H7=86.2%', 'H8=87.3%', 'H9=87.3%', 'H10=87.3%', 'H11=73.1%', 'H12=61.1%', 'H13=59.7%', 'H14=67.2%', 'H15=72.5%', 'H16=78.1%']
  per_ACT_puzzle_acc: ['H1=0.0%', 'H2=0.0%', 'H3=0.0%', 'H4=0.0%', 'H5=0.0%', 'H6=0.0%', 'H7=0.0%', 'H8=0.0%', 'H9=0.0%', 'H10=0.0%', 'H11=0.0%', 'H12=0.0%', 'H13=0.0%', 'H14=0.0%', 'H15=0.0%', 'H16=0.0%']
  mean_sigmoid_q_halt: ['0.007', '0.006', '0.004', '0.004', '0.004', '0.003', '0.003', '0.003', '0.003', '0.003', '0.004', '0.003', '0.003', '0.003', '0.003', '0.002']
  halt_rates: ['0.00', '0.00', '0.00', '0.00', '0.00', '0.00', '0.00', '0.00', '0.00', '0.00', '0.00', '0.00', '0.00', '0.00', '0.00', '0.00']
  halt_histogram %: [0.0, 0.0, 0.0, 0.0, 0.0, 0.0, 0.0, 0.0, 0.0, 0.0, 0.0, 0.0, 0.0, 0.0, 0.0, 100.0]
  Avg ACT steps (last 100): 16.00
  saved: /home/jvdillon/projects/sic/code/maze/ckpts/x000k.3/step00500.pt acc=80.42% (0.118s)
  saved: /home/jvdillon/projects/sic/code/maze/ckpts/x000k.3/best.pt acc=80.42% (0.199s)
Step   500  Test 80.42% /  0.00%  Train lm=0.2988±0.2793ϵ[0.0942,3.5781] n_active=128.0000±0.0000ϵ[128.0000,128.0000] n_expunged=0.0000±0.0000ϵ[0.0000,0.0000] n_halted=7.9360±30.8988ϵ[0.0000,128.0000] pool_util=1.0000±0.0000ϵ[1.0000,1.0000]  (37.017s / 186.303s)
  cell_acc=87.45%, puzzle_acc=0.00%
  eval_avg_halt_step: 16.00
  per_H_acc: ['H0=85.7%', 'H1=87.3%', 'H2=87.3%']
  H_cos: ['0.914', '0.961']
  z_H_delta: ['19.875', '16.500']
  cells: fixed=[3244, 0] broken=[1, 0]
  per_ACT_cell_acc: ['H1=85.7%', 'H2=87.3%', 'H3=87.3%', 'H4=87.4%', 'H5=87.5%', 'H6=87.5%', 'H7=87.5%', 'H8=87.6%', 'H9=87.5%', 'H10=87.5%', 'H11=87.4%', 'H12=87.4%', 'H13=87.4%', 'H14=87.5%', 'H15=87.4%', 'H16=87.4%']
  per_ACT_puzzle_acc: ['H1=0.0%', 'H2=0.0%', 'H3=0.0%', 'H4=0.0%', 'H5=0.0%', 'H6=0.0%', 'H7=0.0%', 'H8=0.0%', 'H9=0.0%', 'H10=0.0%', 'H11=0.0%', 'H12=0.0%', 'H13=0.0%', 'H14=0.0%', 'H15=0.0%', 'H16=0.0%']
  mean_sigmoid_q_halt: ['0.006', '0.001', '0.000', '0.000', '0.000', '0.000', '0.000', '0.000', '0.000', '0.000', '0.000', '0.000', '0.000', '0.000', '0.000', '0.000']
  halt_rates: ['0.00', '0.00', '0.00', '0.00', '0.00', '0.00', '0.00', '0.00', '0.00', '0.00', '0.00', '0.00', '0.00', '0.00', '0.00', '0.00']
  halt_histogram %: [0.0, 8.8, 11.8, 8.2, 4.8, 4.2, 2.9, 2.6, 2.2, 1.7, 1.4, 1.2, 1.2, 0.7, 0.7, 47.7]
  Avg ACT steps (last 100): 3.83
  saved: /home/jvdillon/projects/sic/code/maze/ckpts/x000k.3/step01000.pt acc=87.45% (0.087s)
  saved: /home/jvdillon/projects/sic/code/maze/ckpts/x000k.3/best.pt acc=87.45% (0.209s)
Step  1000  Test 87.45% /  0.00%  Train lm=0.0723±0.0396ϵ[0.0284,0.4004] n_active=128.0000±0.0000ϵ[128.0000,128.0000] n_expunged=0.0000±0.0000ϵ[0.0000,0.0000] n_halted=16.5960±22.0618ϵ[0.0000,128.0000] pool_util=1.0000±0.0000ϵ[1.0000,1.0000]  (28.410s / 177.302s)
