Adam params: ('embed_tokens.weight', 'head.weight', 'head.bias', 'q_head.weight', 'q_head.bias')
Muon 2D params: ('reasoning.0.attn.o_proj.weight', 'reasoning.0.mlp.up_proj.weight', 'reasoning.0.mlp.down_proj.weight', 'reasoning.1.attn.o_proj.weight', 'reasoning.1.mlp.up_proj.weight', 'reasoning.1.mlp.down_proj.weight')
Muon 3D params (ensemble_dims=1): ('reasoning.0.attn.qkv_proj.weight', 'reasoning.1.attn.qkv_proj.weight')
  cell_acc=90.04%, puzzle_acc=0.00%
  eval_avg_halt_step: 16.00
  per_H_acc: ['H0=75.0%', 'H1=87.6%', 'H2=88.5%']
  H_cos: ['0.879', '0.957']
  z_H_delta: ['15.500', '11.250']
  cells: fixed=[36186, 8153] broken=[9853, 6254]
  per_ACT_cell_acc: ['H1=75.0%', 'H2=87.6%', 'H3=88.5%', 'H4=89.1%', 'H5=89.4%', 'H6=89.5%', 'H7=89.7%', 'H8=89.8%', 'H9=90.0%', 'H10=90.0%', 'H11=90.1%', 'H12=90.2%', 'H13=90.2%', 'H14=90.2%', 'H15=90.2%', 'H16=90.1%']
  per_ACT_puzzle_acc: ['H1=0.0%', 'H2=0.0%', 'H3=0.0%', 'H4=0.0%', 'H5=0.0%', 'H6=0.0%', 'H7=0.0%', 'H8=0.0%', 'H9=0.0%', 'H10=0.0%', 'H11=0.0%', 'H12=0.0%', 'H13=0.0%', 'H14=0.0%', 'H15=0.0%', 'H16=0.0%']
  mean_sigmoid_q_halt: ['0.006', '0.003', '0.001', '0.000', '0.000', '0.000', '0.000', '0.000', '0.000', '0.000', '0.000', '0.000', '0.000', '0.000', '0.000', '0.000']
  halt_rates: ['0.00', '0.00', '0.00', '0.00', '0.00', '0.00', '0.00', '0.00', '0.00', '0.00', '0.00', '0.00', '0.00', '0.00', '0.00', '0.00']
  halt_histogram %: [1.0, 0.9, 0.1, 0.0, 0.0, 0.0, 0.0, 0.0, 0.0, 0.0, 0.0, 0.0, 0.0, 0.0, 0.0, 98.1]
  Avg ACT steps (last 100): 10.96
  saved: /home/jvdillon/projects/sic/code/maze/ckpts/x000e/step00500.pt acc=90.04% (0.070s)
  saved: /home/jvdillon/projects/sic/code/maze/ckpts/x000e/best.pt acc=90.04% (0.134s)
Step   500  Test 90.04% /  0.00%  Train lm=1.1250±0.1562ϵ[0.9570,4.0625] n_active=124.0000±0.0000ϵ[124.0000,124.0000] n_expunged=0.0000±0.0000ϵ[0.0000,0.0000] n_halted=7.8787±27.4027ϵ[0.0000,124.0000] pool_util=1.0000±0.0000ϵ[1.0000,1.0000]  (44.176s / 1441.070s)
  cell_acc=97.46%, puzzle_acc=27.30%
  eval_avg_halt_step: 9.66
  per_H_acc: ['H0=46.3%', 'H1=88.5%', 'H2=94.8%']
  H_cos: ['0.719', '0.887']
  z_H_delta: ['19.625', '15.312']
  cells: fixed=[95876, 17735] broken=[7588, 4720]
  per_ACT_cell_acc: ['H1=46.3%', 'H2=88.5%', 'H3=94.8%', 'H4=95.6%', 'H5=96.2%', 'H6=96.5%', 'H7=96.7%', 'H8=96.9%', 'H9=97.0%', 'H10=97.0%', 'H11=97.1%', 'H12=97.1%', 'H13=97.1%', 'H14=97.1%', 'H15=97.1%', 'H16=97.1%']
  per_ACT_puzzle_acc: ['H1=0.0%', 'H2=0.0%', 'H3=0.0%', 'H4=0.4%', 'H5=1.7%', 'H6=6.0%', 'H7=9.5%', 'H8=13.8%', 'H9=18.1%', 'H10=19.8%', 'H11=21.1%', 'H12=19.8%', 'H13=22.0%', 'H14=22.4%', 'H15=22.8%', 'H16=24.1%']
  mean_sigmoid_q_halt: ['0.012', '0.006', '0.002', '0.005', '0.037', '0.109', '0.173', '0.213', '0.246', '0.283', '0.320', '0.336', '0.338', '0.340', '0.344', '0.348']
  halt_rates: ['0.00', '0.00', '0.00', '0.00', '0.00', '0.01', '0.09', '0.14', '0.21', '0.28', '0.36', '0.38', '0.36', '0.37', '0.34', '0.36']
  halt_histogram %: [2.9, 0.9, 2.7, 2.3, 1.5, 1.0, 1.1, 1.1, 1.1, 0.9, 0.9, 0.8, 0.6, 0.5, 0.5, 81.0]
  Avg ACT steps (last 100): 6.86
  saved: /home/jvdillon/projects/sic/code/maze/ckpts/x000e/step01000.pt acc=97.46% (0.070s)
  saved: /home/jvdillon/projects/sic/code/maze/ckpts/x000e/best.pt acc=97.46% (0.135s)
Step  1000  Test 97.46% / 27.30%  Train lm=0.9844±0.0272ϵ[0.9375,1.0703] n_active=124.0000±0.0000ϵ[124.0000,124.0000] n_expunged=0.0000±0.0000ϵ[0.0000,0.0000] n_halted=9.6813±11.5863ϵ[0.0000,68.0000] pool_util=1.0000±0.0000ϵ[1.0000,1.0000]  (38.797s / 1405.415s)
  cell_acc=97.87%, puzzle_acc=41.40%
  eval_avg_halt_step: 5.17
  per_H_acc: ['H0=41.0%', 'H1=64.1%', 'H2=96.5%']
  H_cos: ['0.750', '0.672']
  z_H_delta: ['19.625', '22.250']
  cells: fixed=[50903, 71248] broken=[2805, 3464]
  per_ACT_cell_acc: ['H1=41.0%', 'H2=64.1%', 'H3=96.5%', 'H4=97.3%', 'H5=97.4%', 'H6=97.6%', 'H7=97.6%', 'H8=97.6%', 'H9=97.6%', 'H10=97.6%', 'H11=97.7%', 'H12=97.7%', 'H13=97.7%', 'H14=97.7%', 'H15=97.7%', 'H16=97.7%']
  per_ACT_puzzle_acc: ['H1=0.0%', 'H2=0.0%', 'H3=3.4%', 'H4=21.1%', 'H5=31.9%', 'H6=37.5%', 'H7=41.8%', 'H8=43.1%', 'H9=43.1%', 'H10=43.1%', 'H11=43.5%', 'H12=44.4%', 'H13=44.8%', 'H14=44.4%', 'H15=44.4%', 'H16=45.7%']
  mean_sigmoid_q_halt: ['0.005', '0.049', '0.146', '0.373', '0.500', '0.555', '0.594', '0.633', '0.637', '0.641', '0.664', '0.684', '0.680', '0.684', '0.691', '0.703']
  halt_rates: ['0.00', '0.00', '0.08', '0.35', '0.49', '0.57', '0.60', '0.65', '0.65', '0.65', '0.68', '0.71', '0.70', '0.70', '0.71', '0.72']
  halt_histogram %: [10.2, 37.2, 12.5, 4.5, 2.2, 1.4, 1.2, 1.1, 0.9, 0.7, 0.6, 0.5, 0.4, 0.3, 0.3, 25.9]
  Avg ACT steps (last 100): 2.09
  saved: /home/jvdillon/projects/sic/code/maze/ckpts/x000e/step01500.pt acc=97.87% (0.068s)
  saved: /home/jvdillon/projects/sic/code/maze/ckpts/x000e/best.pt acc=97.87% (0.132s)
Step  1500  Test 97.87% / 41.40%  Train lm=0.9375±0.0119ϵ[0.9180,0.9805] n_active=124.0000±0.0000ϵ[124.0000,124.0000] n_expunged=0.0000±0.0000ϵ[0.0000,0.0000] n_halted=41.1660±19.5761ϵ[2.0000,107.0000] pool_util=1.0000±0.0000ϵ[1.0000,1.0000]  (38.817s / 1406.365s)
  cell_acc=98.38%, puzzle_acc=55.20%
  eval_avg_halt_step: 3.16
  per_H_acc: ['H0=82.7%', 'H1=64.6%', 'H2=97.4%']
  H_cos: ['0.699', '0.684']
  z_H_delta: ['20.625', '23.000']
  cells: fixed=[29031, 71227] broken=[66879, 2656]
  per_ACT_cell_acc: ['H1=82.7%', 'H2=64.6%', 'H3=97.4%', 'H4=97.9%', 'H5=98.0%', 'H6=98.1%', 'H7=98.2%', 'H8=98.2%', 'H9=98.2%', 'H10=98.2%', 'H11=98.3%', 'H12=98.2%', 'H13=98.2%', 'H14=98.3%', 'H15=98.3%', 'H16=98.3%']
  per_ACT_puzzle_acc: ['H1=0.0%', 'H2=0.0%', 'H3=15.9%', 'H4=33.2%', 'H5=44.0%', 'H6=47.8%', 'H7=52.2%', 'H8=52.2%', 'H9=53.4%', 'H10=55.6%', 'H11=55.6%', 'H12=55.2%', 'H13=55.6%', 'H14=55.6%', 'H15=56.0%', 'H16=56.9%']
  mean_sigmoid_q_halt: ['0.011', '0.188', '0.342', '0.598', '0.660', '0.711', '0.762', '0.770', '0.785', '0.824', '0.824', '0.836', '0.840', '0.840', '0.840', '0.852']
  halt_rates: ['0.00', '0.00', '0.30', '0.58', '0.66', '0.73', '0.79', '0.78', '0.79', '0.84', '0.84', '0.85', '0.86', '0.86', '0.84', '0.87']
  halt_histogram %: [39.2, 34.8, 7.9, 2.4, 1.1, 0.7, 0.6, 0.5, 0.4, 0.3, 0.3, 0.2, 0.2, 0.2, 0.1, 11.1]
  Avg ACT steps (last 100): 1.36
  saved: /home/jvdillon/projects/sic/code/maze/ckpts/x000e/step02000.pt acc=98.38% (0.069s)
  saved: /home/jvdillon/projects/sic/code/maze/ckpts/x000e/best.pt acc=98.38% (0.136s)
Step  2000  Test 98.38% / 55.20%  Train lm=0.9219±0.0031ϵ[0.9141,0.9336] n_active=124.0000±0.0000ϵ[124.0000,124.0000] n_expunged=0.0000±0.0000ϵ[0.0000,0.0000] n_halted=80.3100±14.1560ϵ[25.0000,114.0000] pool_util=1.0000±0.0000ϵ[1.0000,1.0000]  (38.826s / 1406.793s)
  cell_acc=98.61%, puzzle_acc=58.20%
  eval_avg_halt_step: 2.84
  per_H_acc: ['H0=49.0%', 'H1=49.8%', 'H2=97.9%']
  H_cos: ['0.734', '0.633']
  z_H_delta: ['21.000', '23.500']
  cells: fixed=[28215, 102703] broken=[26358, 2315]
  per_ACT_cell_acc: ['H1=49.0%', 'H2=49.8%', 'H3=97.9%', 'H4=98.3%', 'H5=98.5%', 'H6=98.5%', 'H7=98.6%', 'H8=98.6%', 'H9=98.6%', 'H10=98.6%', 'H11=98.6%', 'H12=98.6%', 'H13=98.6%', 'H14=98.6%', 'H15=98.6%', 'H16=98.6%']
  per_ACT_puzzle_acc: ['H1=0.0%', 'H2=0.0%', 'H3=21.1%', 'H4=40.5%', 'H5=45.3%', 'H6=50.9%', 'H7=52.6%', 'H8=55.2%', 'H9=56.5%', 'H10=56.9%', 'H11=58.6%', 'H12=58.6%', 'H13=58.2%', 'H14=58.2%', 'H15=57.3%', 'H16=59.9%']
  mean_sigmoid_q_halt: ['0.018', '0.322', '0.338', '0.641', '0.738', '0.766', '0.781', '0.805', '0.820', '0.836', '0.844', '0.852', '0.852', '0.867', '0.863', '0.875']
  halt_rates: ['0.00', '0.00', '0.29', '0.63', '0.74', '0.78', '0.80', '0.83', '0.84', '0.88', '0.88', '0.88', '0.90', '0.90', '0.90', '0.91']
  halt_histogram %: [55.9, 27.6, 5.6, 1.5, 0.7, 0.4, 0.4, 0.3, 0.3, 0.2, 0.2, 0.2, 0.1, 0.1, 0.1, 6.6]
  Avg ACT steps (last 100): 1.18
  saved: /home/jvdillon/projects/sic/code/maze/ckpts/x000e/step02500.pt acc=98.61% (0.067s)
  saved: /home/jvdillon/projects/sic/code/maze/ckpts/x000e/best.pt acc=98.61% (0.130s)
Step  2500  Test 98.61% / 58.20%  Train lm=0.9180±0.0038ϵ[0.9141,0.9727] n_active=124.0000±0.0000ϵ[124.0000,124.0000] n_expunged=0.0000±0.0000ϵ[0.0000,0.0000] n_halted=97.3033±9.6715ϵ[26.0000,117.0000] pool_util=1.0000±0.0000ϵ[1.0000,1.0000]  (38.808s / 1406.856s)
  cell_acc=98.73%, puzzle_acc=53.50%
  eval_avg_halt_step: 2.40
  per_H_acc: ['H0=51.8%', 'H1=49.9%', 'H2=98.1%']
  H_cos: ['0.754', '0.621']
  z_H_delta: ['21.500', '23.000']
  cells: fixed=[3467, 102063] broken=[7456, 1531]
  per_ACT_cell_acc: ['H1=51.8%', 'H2=49.9%', 'H3=98.1%', 'H4=98.4%', 'H5=98.6%', 'H6=98.6%', 'H7=98.6%', 'H8=98.6%', 'H9=98.6%', 'H10=98.6%', 'H11=98.6%', 'H12=98.6%', 'H13=98.6%', 'H14=98.6%', 'H15=98.6%', 'H16=98.6%']
  per_ACT_puzzle_acc: ['H1=0.0%', 'H2=0.0%', 'H3=20.3%', 'H4=44.4%', 'H5=50.4%', 'H6=53.9%', 'H7=55.2%', 'H8=55.2%', 'H9=54.7%', 'H10=53.0%', 'H11=52.2%', 'H12=52.2%', 'H13=52.2%', 'H14=52.6%', 'H15=52.6%', 'H16=52.6%']
  mean_sigmoid_q_halt: ['0.033', '0.688', '0.410', '0.664', '0.777', '0.824', '0.855', '0.875', '0.879', '0.891', '0.887', '0.883', '0.895', '0.895', '0.895', '0.898']
  halt_rates: ['0.00', '0.97', '0.36', '0.66', '0.78', '0.83', '0.87', '0.90', '0.89', '0.91', '0.90', '0.90', '0.92', '0.92', '0.91', '0.93']
  halt_histogram %: [64.6, 23.3, 4.3, 1.1, 0.5, 0.3, 0.3, 0.2, 0.2, 0.1, 0.1, 0.1, 0.1, 0.1, 0.1, 4.6]
  Avg ACT steps (last 100): 1.13
  saved: /home/jvdillon/projects/sic/code/maze/ckpts/x000e/step03000.pt acc=98.73% (0.070s)
  saved: /home/jvdillon/projects/sic/code/maze/ckpts/x000e/best.pt acc=98.73% (0.136s)
Step  3000  Test 98.73% / 53.50%  Train lm=0.9180±0.0029ϵ[0.9141,0.9414] n_active=124.0000±0.0000ϵ[124.0000,124.0000] n_expunged=0.0000±0.0000ϵ[0.0000,0.0000] n_halted=103.4723±7.7583ϵ[18.0000,118.0000] pool_util=1.0000±0.0000ϵ[1.0000,1.0000]  (38.810s / 1406.638s)
  cell_acc=98.80%, puzzle_acc=63.60%
  eval_avg_halt_step: 2.92
  per_H_acc: ['H0=62.9%', 'H1=49.9%', 'H2=98.1%']
  H_cos: ['0.719', '0.637']
  z_H_delta: ['23.500', '23.625']
  cells: fixed=[26375, 102885] broken=[53484, 2282]
  per_ACT_cell_acc: ['H1=62.9%', 'H2=49.9%', 'H3=98.1%', 'H4=98.5%', 'H5=98.7%', 'H6=98.7%', 'H7=98.7%', 'H8=98.7%', 'H9=98.7%', 'H10=98.7%', 'H11=98.7%', 'H12=98.7%', 'H13=98.7%', 'H14=98.7%', 'H15=98.7%', 'H16=98.7%']
  per_ACT_puzzle_acc: ['H1=0.0%', 'H2=0.0%', 'H3=24.6%', 'H4=48.3%', 'H5=55.2%', 'H6=59.9%', 'H7=61.2%', 'H8=61.6%', 'H9=61.2%', 'H10=63.4%', 'H11=62.9%', 'H12=62.9%', 'H13=62.5%', 'H14=61.6%', 'H15=61.2%', 'H16=60.8%']
  mean_sigmoid_q_halt: ['0.022', '0.848', '0.369', '0.641', '0.758', '0.789', '0.793', '0.785', '0.781', '0.781', '0.781', '0.785', '0.789', '0.785', '0.785', '0.781']
  halt_rates: ['0.00', '1.00', '0.34', '0.65', '0.77', '0.82', '0.81', '0.82', '0.82', '0.83', '0.83', '0.84', '0.83', '0.83', '0.83', '0.82']
  halt_histogram %: [69.7, 20.6, 3.6, 0.9, 0.4, 0.2, 0.2, 0.2, 0.1, 0.1, 0.1, 0.1, 0.1, 0.1, 0.0, 3.5]
  Avg ACT steps (last 100): 1.12
  saved: /home/jvdillon/projects/sic/code/maze/ckpts/x000e/step03500.pt acc=98.80% (0.067s)
  saved: /home/jvdillon/projects/sic/code/maze/ckpts/x000e/best.pt acc=98.80% (0.131s)
Step  3500  Test 98.80% / 63.60%  Train lm=0.9141±0.0027ϵ[0.9141,0.9414] n_active=124.0000±0.0000ϵ[124.0000,124.0000] n_expunged=0.0000±0.0000ϵ[0.0000,0.0000] n_halted=105.9683±7.4355ϵ[39.0000,119.0000] pool_util=1.0000±0.0000ϵ[1.0000,1.0000]  (38.795s / 1406.623s)
  cell_acc=98.77%, puzzle_acc=63.50%
  eval_avg_halt_step: 2.88
  per_H_acc: ['H0=76.1%', 'H1=51.6%', 'H2=98.1%']
  H_cos: ['0.680', '0.684']
  z_H_delta: ['24.375', '22.625']
  cells: fixed=[28277, 99519] broken=[79578, 2310]
  per_ACT_cell_acc: ['H1=76.1%', 'H2=51.6%', 'H3=98.1%', 'H4=98.4%', 'H5=98.5%', 'H6=98.6%', 'H7=98.6%', 'H8=98.7%', 'H9=98.7%', 'H10=98.7%', 'H11=98.7%', 'H12=98.6%', 'H13=98.7%', 'H14=98.7%', 'H15=98.6%', 'H16=98.6%']
  per_ACT_puzzle_acc: ['H1=0.0%', 'H2=0.0%', 'H3=29.3%', 'H4=43.1%', 'H5=50.4%', 'H6=56.5%', 'H7=56.9%', 'H8=59.9%', 'H9=60.8%', 'H10=61.6%', 'H11=61.2%', 'H12=61.6%', 'H13=61.6%', 'H14=62.1%', 'H15=61.2%', 'H16=61.6%']
  mean_sigmoid_q_halt: ['0.014', '0.723', '0.434', '0.586', '0.715', '0.746', '0.762', '0.770', '0.777', '0.781', '0.785', '0.785', '0.793', '0.801', '0.797', '0.797']
  halt_rates: ['0.00', '0.93', '0.42', '0.59', '0.73', '0.78', '0.81', '0.83', '0.84', '0.85', '0.85', '0.86', '0.88', '0.88', '0.88', '0.88']
  halt_histogram %: [72.9, 18.8, 3.2, 0.8, 0.3, 0.2, 0.2, 0.1, 0.1, 0.1, 0.1, 0.1, 0.1, 0.0, 0.0, 3.0]
  Avg ACT steps (last 100): 1.19
  saved: /home/jvdillon/projects/sic/code/maze/ckpts/x000e/step04000.pt acc=98.77% (0.067s)
Step  4000  Test 98.77% / 63.50%  Train lm=0.9141±0.0027ϵ[0.9141,0.9297] n_active=124.0000±0.0000ϵ[124.0000,124.0000] n_expunged=0.0000±0.0000ϵ[0.0000,0.0000] n_halted=101.3470±17.4230ϵ[1.0000,119.0000] pool_util=1.0000±0.0000ϵ[1.0000,1.0000]  (38.788s / 1406.420s)
  cell_acc=98.68%, puzzle_acc=62.90%
  eval_avg_halt_step: 2.76
  per_H_acc: ['H0=51.4%', 'H1=52.2%', 'H2=98.4%']
  H_cos: ['0.547', '0.699']
  z_H_delta: ['25.500', '22.500']
  cells: fixed=[66137, 98283] broken=[64416, 1826]
  per_ACT_cell_acc: ['H1=51.4%', 'H2=52.2%', 'H3=98.4%', 'H4=98.6%', 'H5=98.6%', 'H6=98.7%', 'H7=98.7%', 'H8=98.7%', 'H9=98.7%', 'H10=98.6%', 'H11=98.6%', 'H12=98.6%', 'H13=98.6%', 'H14=98.6%', 'H15=98.6%', 'H16=98.6%']
  per_ACT_puzzle_acc: ['H1=0.0%', 'H2=0.0%', 'H3=35.8%', 'H4=50.0%', 'H5=56.5%', 'H6=57.8%', 'H7=59.5%', 'H8=59.5%', 'H9=60.8%', 'H10=60.3%', 'H11=60.3%', 'H12=60.3%', 'H13=61.6%', 'H14=61.6%', 'H15=61.2%', 'H16=61.6%']
  mean_sigmoid_q_halt: ['0.005', '0.938', '0.490', '0.695', '0.789', '0.816', '0.852', '0.852', '0.863', '0.867', '0.871', '0.867', '0.875', '0.875', '0.883', '0.879']
  halt_rates: ['0.00', '1.00', '0.49', '0.70', '0.79', '0.82', '0.86', '0.85', '0.87', '0.87', '0.88', '0.87', '0.88', '0.88', '0.89', '0.88']
  halt_histogram %: [75.4, 17.5, 2.8, 0.7, 0.3, 0.2, 0.1, 0.1, 0.1, 0.1, 0.1, 0.1, 0.0, 0.0, 0.0, 2.5]
  Avg ACT steps (last 100): 1.08
  saved: /home/jvdillon/projects/sic/code/maze/ckpts/x000e/step04500.pt acc=98.68% (0.067s)
Step  4500  Test 98.68% / 62.90%  Train lm=0.9141±0.0023ϵ[0.9141,0.9453] n_active=124.0000±0.0000ϵ[124.0000,124.0000] n_expunged=0.0000±0.0000ϵ[0.0000,0.0000] n_halted=104.3747±16.0963ϵ[4.0000,120.0000] pool_util=1.0000±0.0000ϵ[1.0000,1.0000]  (38.708s / 1406.682s)
  cell_acc=98.59%, puzzle_acc=59.40%
  eval_avg_halt_step: 2.07
  per_H_acc: ['H0=11.7%', 'H1=60.8%', 'H2=98.1%']
  H_cos: ['0.486', '0.715']
  z_H_delta: ['26.875', '22.625']
  cells: fixed=[116118, 79385] broken=[13451, 1685]
  per_ACT_cell_acc: ['H1=11.7%', 'H2=60.8%', 'H3=98.1%', 'H4=98.1%', 'H5=98.2%', 'H6=98.3%', 'H7=98.4%', 'H8=98.4%', 'H9=98.4%', 'H10=98.4%', 'H11=98.4%', 'H12=98.4%', 'H13=98.4%', 'H14=98.4%', 'H15=98.4%', 'H16=98.4%']
  per_ACT_puzzle_acc: ['H1=0.0%', 'H2=0.0%', 'H3=33.2%', 'H4=43.5%', 'H5=47.8%', 'H6=51.3%', 'H7=52.6%', 'H8=54.3%', 'H9=54.3%', 'H10=54.7%', 'H11=55.2%', 'H12=55.2%', 'H13=55.2%', 'H14=55.2%', 'H15=55.2%', 'H16=55.2%']
  mean_sigmoid_q_halt: ['0.003', '0.918', '0.547', '0.746', '0.805', '0.852', '0.883', '0.918', '0.918', '0.930', '0.934', '0.941', '0.938', '0.945', '0.945', '0.949']
  halt_rates: ['0.00', '1.00', '0.52', '0.74', '0.80', '0.85', '0.88', '0.93', '0.92', '0.94', '0.94', '0.94', '0.94', '0.95', '0.95', '0.95']
  halt_histogram %: [77.4, 16.3, 2.6, 0.6, 0.2, 0.1, 0.1, 0.1, 0.1, 0.1, 0.1, 0.1, 0.0, 0.0, 0.0, 2.2]
  Avg ACT steps (last 100): 1.10
  saved: /home/jvdillon/projects/sic/code/maze/ckpts/x000e/step05000.pt acc=98.59% (0.046s)
Step  5000  Test 98.59% / 59.40%  Train lm=0.9141±0.0011ϵ[0.9141,0.9336] n_active=124.0000±0.0000ϵ[124.0000,124.0000] n_expunged=0.0000±0.0000ϵ[0.0000,0.0000] n_halted=110.5253±4.5586ϵ[55.0000,120.0000] pool_util=1.0000±0.0000ϵ[1.0000,1.0000]  (38.724s / 1406.788s)
  cell_acc=98.15%, puzzle_acc=42.60%
  eval_avg_halt_step: 2.32
  per_H_acc: ['H0=0.3%', 'H1=82.9%', 'H2=97.9%']
  H_cos: ['0.451', '0.785']
  z_H_delta: ['27.500', '22.125']
  cells: fixed=[172465, 33424] broken=[6, 2163]
  per_ACT_cell_acc: ['H1=0.3%', 'H2=82.9%', 'H3=97.9%', 'H4=97.9%', 'H5=97.9%', 'H6=98.0%', 'H7=97.9%', 'H8=98.0%', 'H9=98.0%', 'H10=98.0%', 'H11=98.0%', 'H12=98.0%', 'H13=98.0%', 'H14=98.0%', 'H15=98.0%', 'H16=98.0%']
  per_ACT_puzzle_acc: ['H1=0.0%', 'H2=0.0%', 'H3=27.2%', 'H4=34.5%', 'H5=36.6%', 'H6=37.1%', 'H7=37.9%', 'H8=40.5%', 'H9=40.5%', 'H10=40.5%', 'H11=40.5%', 'H12=40.9%', 'H13=40.9%', 'H14=41.8%', 'H15=42.2%', 'H16=42.2%']
  mean_sigmoid_q_halt: ['0.002', '0.949', '0.578', '0.727', '0.797', '0.836', '0.848', '0.859', '0.859', '0.871', '0.867', '0.879', '0.871', '0.883', '0.879', '0.891']
  halt_rates: ['0.00', '1.00', '0.54', '0.70', '0.79', '0.84', '0.84', '0.86', '0.85', '0.88', '0.86', '0.88', '0.87', '0.89', '0.88', '0.89']
  halt_histogram %: [79.0, 15.4, 2.3, 0.5, 0.2, 0.1, 0.1, 0.1, 0.1, 0.1, 0.0, 0.0, 0.0, 0.0, 0.0, 1.9]
  Avg ACT steps (last 100): 1.10
  saved: /home/jvdillon/projects/sic/code/maze/ckpts/x000e/step05500.pt acc=98.15% (0.046s)
Step  5500  Test 98.15% / 42.60%  Train lm=0.9141±0.0007ϵ[0.9141,0.9180] n_active=124.0000±0.0000ϵ[124.0000,124.0000] n_expunged=0.0000±0.0000ϵ[0.0000,0.0000] n_halted=111.5983±3.3017ϵ[99.0000,121.0000] pool_util=1.0000±0.0000ϵ[1.0000,1.0000]  (38.656s / 1406.993s)
  cell_acc=98.42%, puzzle_acc=51.50%
  eval_avg_halt_step: 2.42
  per_H_acc: ['H0=0.1%', 'H1=87.2%', 'H2=98.1%']
  H_cos: ['0.445', '0.848']
  z_H_delta: ['27.500', '21.750']
  cells: fixed=[181792, 25005] broken=[0, 2295]
  per_ACT_cell_acc: ['H1=0.1%', 'H2=87.2%', 'H3=98.1%', 'H4=98.2%', 'H5=98.2%', 'H6=98.2%', 'H7=98.3%', 'H8=98.3%', 'H9=98.3%', 'H10=98.3%', 'H11=98.3%', 'H12=98.3%', 'H13=98.3%', 'H14=98.3%', 'H15=98.3%', 'H16=98.3%']
  per_ACT_puzzle_acc: ['H1=0.0%', 'H2=0.0%', 'H3=31.0%', 'H4=43.1%', 'H5=46.6%', 'H6=47.8%', 'H7=47.8%', 'H8=48.3%', 'H9=49.6%', 'H10=50.0%', 'H11=49.6%', 'H12=50.4%', 'H13=50.4%', 'H14=50.4%', 'H15=50.4%', 'H16=50.4%']
  mean_sigmoid_q_halt: ['0.002', '0.941', '0.467', '0.723', '0.801', '0.840', '0.859', '0.879', '0.883', '0.891', '0.895', '0.910', '0.918', '0.914', '0.918', '0.922']
  halt_rates: ['0.00', '1.00', '0.45', '0.71', '0.79', '0.84', '0.86', '0.88', '0.88', '0.89', '0.89', '0.91', '0.92', '0.91', '0.92', '0.92']
  halt_histogram %: [80.2, 14.7, 2.2, 0.5, 0.2, 0.1, 0.1, 0.1, 0.1, 0.1, 0.0, 0.0, 0.0, 0.0, 0.0, 1.7]
  Avg ACT steps (last 100): 1.09
  saved: /home/jvdillon/projects/sic/code/maze/ckpts/x000e/step06000.pt acc=98.42% (0.045s)
Step  6000  Test 98.42% / 51.50%  Train lm=0.9141±0.0006ϵ[0.9141,0.9180] n_active=124.0000±0.0000ϵ[124.0000,124.0000] n_expunged=0.0000±0.0000ϵ[0.0000,0.0000] n_halted=111.6633±3.2810ϵ[98.0000,122.0000] pool_util=1.0000±0.0000ϵ[1.0000,1.0000]  (38.666s / 1406.524s)
  cell_acc=97.54%, puzzle_acc=17.00%
  eval_avg_halt_step: 1.89
  per_H_acc: ['H0=0.1%', 'H1=87.5%', 'H2=97.5%']
  H_cos: ['0.443', '0.906']
  z_H_delta: ['28.000', '21.375']
  cells: fixed=[182477, 23475] broken=[0, 2702]
  per_ACT_cell_acc: ['H1=0.1%', 'H2=87.5%', 'H3=97.5%', 'H4=97.5%', 'H5=97.5%', 'H6=97.5%', 'H7=97.5%', 'H8=97.5%', 'H9=97.4%', 'H10=97.4%', 'H11=97.4%', 'H12=97.4%', 'H13=97.4%', 'H14=97.4%', 'H15=97.4%', 'H16=97.4%']
  per_ACT_puzzle_acc: ['H1=0.0%', 'H2=0.0%', 'H3=12.5%', 'H4=13.4%', 'H5=13.4%', 'H6=13.8%', 'H7=13.8%', 'H8=14.2%', 'H9=14.2%', 'H10=14.2%', 'H11=14.2%', 'H12=14.2%', 'H13=14.2%', 'H14=14.2%', 'H15=14.2%', 'H16=14.2%']
  mean_sigmoid_q_halt: ['0.001', '0.926', '0.508', '0.809', '0.848', '0.895', '0.898', '0.910', '0.926', '0.930', '0.941', '0.945', '0.949', '0.953', '0.953', '0.961']
  halt_rates: ['0.00', '1.00', '0.46', '0.81', '0.84', '0.91', '0.90', '0.91', '0.93', '0.92', '0.94', '0.94', '0.95', '0.95', '0.95', '0.97']
  halt_histogram %: [81.3, 14.1, 2.0, 0.4, 0.2, 0.1, 0.1, 0.1, 0.1, 0.0, 0.0, 0.0, 0.0, 0.0, 0.0, 1.5]
  Avg ACT steps (last 100): 1.09
  saved: /home/jvdillon/projects/sic/code/maze/ckpts/x000e/step06500.pt acc=97.54% (0.046s)
Step  6500  Test 97.54% / 17.00%  Train lm=0.9141±0.0002ϵ[0.9141,0.9180] n_active=124.0000±0.0000ϵ[124.0000,124.0000] n_expunged=0.0000±0.0000ϵ[0.0000,0.0000] n_halted=111.7460±3.3326ϵ[100.0000,122.0000] pool_util=1.0000±0.0000ϵ[1.0000,1.0000]  (38.630s / 1406.474s)
  cell_acc=97.47%, puzzle_acc=13.30%
  eval_avg_halt_step: 1.50
  per_H_acc: ['H0=0.1%', 'H1=87.5%', 'H2=97.4%']
  H_cos: ['0.441', '0.922']
  z_H_delta: ['28.000', '21.000']
  cells: fixed=[182480, 23392] broken=[0, 2837]
  per_ACT_cell_acc: ['H1=0.1%', 'H2=87.5%', 'H3=97.4%', 'H4=97.4%', 'H5=97.4%', 'H6=97.4%', 'H7=97.4%', 'H8=97.4%', 'H9=97.3%', 'H10=97.3%', 'H11=97.3%', 'H12=97.3%', 'H13=97.3%', 'H14=97.3%', 'H15=97.3%', 'H16=97.3%']
  per_ACT_puzzle_acc: ['H1=0.0%', 'H2=0.0%', 'H3=12.5%', 'H4=12.5%', 'H5=12.5%', 'H6=12.5%', 'H7=12.5%', 'H8=12.5%', 'H9=12.5%', 'H10=12.5%', 'H11=12.5%', 'H12=12.5%', 'H13=12.5%', 'H14=12.5%', 'H15=12.5%', 'H16=12.5%']
  mean_sigmoid_q_halt: ['0.001', '0.914', '0.602', '0.891', '0.957', '0.949', '0.961', '0.969', '0.973', '0.977', '0.977', '0.980', '0.980', '0.984', '0.988', '0.992']
  halt_rates: ['0.00', '1.00', '0.56', '0.91', '0.97', '0.94', '0.96', '0.97', '0.97', '0.98', '0.98', '0.98', '0.99', '0.99', '0.99', '1.00']
  halt_histogram %: [82.1, 13.6, 1.9, 0.4, 0.2, 0.1, 0.1, 0.1, 0.1, 0.0, 0.0, 0.0, 0.0, 0.0, 0.0, 1.4]
  Avg ACT steps (last 100): 1.12
  saved: /home/jvdillon/projects/sic/code/maze/ckpts/x000e/step07000.pt acc=97.47% (0.045s)
Step  7000  Test 97.47% / 13.30%  Train lm=0.9141±0.0000ϵ[0.9141,0.9141] n_active=124.0000±0.0000ϵ[124.0000,124.0000] n_expunged=0.0000±0.0000ϵ[0.0000,0.0000] n_halted=111.6680±3.2696ϵ[97.0000,121.0000] pool_util=1.0000±0.0000ϵ[1.0000,1.0000]  (38.615s / 1406.596s)
  cell_acc=97.46%, puzzle_acc=13.70%
  eval_avg_halt_step: 1.46
  per_H_acc: ['H0=0.1%', 'H1=87.5%', 'H2=97.3%']
  H_cos: ['0.441', '0.922']
  z_H_delta: ['28.000', '21.000']
  cells: fixed=[182479, 23366] broken=[0, 2844]
  per_ACT_cell_acc: ['H1=0.1%', 'H2=87.5%', 'H3=97.3%', 'H4=97.4%', 'H5=97.4%', 'H6=97.3%', 'H7=97.3%', 'H8=97.3%', 'H9=97.3%', 'H10=97.3%', 'H11=97.3%', 'H12=97.3%', 'H13=97.3%', 'H14=97.3%', 'H15=97.3%', 'H16=97.3%']
  per_ACT_puzzle_acc: ['H1=0.0%', 'H2=0.0%', 'H3=12.1%', 'H4=12.9%', 'H5=12.9%', 'H6=12.9%', 'H7=12.9%', 'H8=12.9%', 'H9=12.9%', 'H10=12.9%', 'H11=12.9%', 'H12=12.9%', 'H13=12.9%', 'H14=12.9%', 'H15=12.9%', 'H16=12.9%']
  mean_sigmoid_q_halt: ['0.001', '0.914', '0.609', '0.910', '0.938', '0.930', '0.945', '0.938', '0.953', '0.953', '0.969', '0.977', '0.992', '0.992', '0.996', '0.996']
  halt_rates: ['0.00', '1.00', '0.58', '0.91', '0.94', '0.93', '0.94', '0.93', '0.95', '0.94', '0.97', '0.98', '1.00', '1.00', '1.00', '1.00']
  halt_histogram %: [82.7, 13.2, 1.8, 0.4, 0.1, 0.1, 0.1, 0.1, 0.1, 0.0, 0.0, 0.0, 0.0, 0.0, 0.0, 1.3]
  Avg ACT steps (last 100): 1.07
  saved: /home/jvdillon/projects/sic/code/maze/ckpts/x000e/step07500.pt acc=97.46% (0.045s)
Step  7500  Test 97.46% / 13.70%  Train lm=0.9141±0.0000ϵ[0.9141,0.9141] n_active=124.0000±0.0000ϵ[124.0000,124.0000] n_expunged=0.0000±0.0000ϵ[0.0000,0.0000] n_halted=111.6743±3.3955ϵ[101.0000,122.0000] pool_util=1.0000±0.0000ϵ[1.0000,1.0000]  (38.600s / 1406.321s)
  cell_acc=97.47%, puzzle_acc=13.80%
  eval_avg_halt_step: 1.45
  per_H_acc: ['H0=0.1%', 'H1=87.5%', 'H2=97.3%']
  H_cos: ['0.441', '0.922']
  z_H_delta: ['28.000', '21.000']
  cells: fixed=[182483, 23354] broken=[0, 2818]
  per_ACT_cell_acc: ['H1=0.1%', 'H2=87.5%', 'H3=97.3%', 'H4=97.4%', 'H5=97.4%', 'H6=97.3%', 'H7=97.3%', 'H8=97.3%', 'H9=97.3%', 'H10=97.3%', 'H11=97.3%', 'H12=97.3%', 'H13=97.3%', 'H14=97.3%', 'H15=97.3%', 'H16=97.3%']
  per_ACT_puzzle_acc: ['H1=0.0%', 'H2=0.0%', 'H3=12.1%', 'H4=12.5%', 'H5=12.9%', 'H6=12.9%', 'H7=12.9%', 'H8=12.9%', 'H9=12.9%', 'H10=12.9%', 'H11=12.9%', 'H12=12.9%', 'H13=12.9%', 'H14=12.9%', 'H15=12.9%', 'H16=12.9%']
  mean_sigmoid_q_halt: ['0.001', '0.914', '0.621', '0.898', '0.934', '0.941', '0.965', '0.961', '0.977', '0.980', '0.988', '0.988', '0.992', '0.992', '0.992', '0.992']
  halt_rates: ['0.00', '1.00', '0.59', '0.90', '0.94', '0.95', '0.97', '0.96', '0.98', '0.98', '0.99', '1.00', '1.00', '1.00', '1.00', '1.00']
  halt_histogram %: [83.3, 12.9, 1.8, 0.3, 0.1, 0.1, 0.1, 0.1, 0.0, 0.0, 0.0, 0.0, 0.0, 0.0, 0.0, 1.2]
  Avg ACT steps (last 100): 1.11
  saved: /home/jvdillon/projects/sic/code/maze/ckpts/x000e/step08000.pt acc=97.47% (0.045s)
Step  8000  Test 97.47% / 13.80%  Train lm=0.9141±0.0000ϵ[0.9141,0.9141] n_active=124.0000±0.0000ϵ[124.0000,124.0000] n_expunged=0.0000±0.0000ϵ[0.0000,0.0000] n_halted=111.6453±3.3728ϵ[100.0000,121.0000] pool_util=1.0000±0.0000ϵ[1.0000,1.0000]  (38.585s / 1406.402s)
