Adam params: ('embed_tokens.weight', 'head.weight', 'head.bias', 'q_head.weight', 'q_head.bias')
Muon 2D params: ('reasoning.0.attn.o_proj.weight', 'reasoning.0.mlp.up_proj.weight', 'reasoning.0.mlp.down_proj.weight', 'reasoning.1.attn.o_proj.weight', 'reasoning.1.mlp.up_proj.weight', 'reasoning.1.mlp.down_proj.weight')
Muon 3D params (ensemble_dims=1): ('reasoning.0.attn.qkv_proj.weight', 'reasoning.1.attn.qkv_proj.weight')
Saved step 0 checkpoint with RNG: /home/jvdillon/projects/sic/code/maze/ckpts/x000g/step00000_rng.pt
  cell_acc=87.43%, puzzle_acc=0.00%
  eval_avg_halt_step: 16.00
  per_H_acc: ['H0=87.4%', 'H1=87.5%', 'H2=87.5%']
  H_cos: ['0.828', '0.973']
  z_H_delta: ['16.750', '10.062']
  cells: fixed=[232, 1242] broken=[0, 1247]
  per_ACT_cell_acc: ['H1=87.4%', 'H2=87.5%', 'H3=87.5%', 'H4=87.6%', 'H5=87.6%', 'H6=87.6%', 'H7=87.6%', 'H8=87.6%', 'H9=87.6%', 'H10=87.6%', 'H11=87.6%', 'H12=87.6%', 'H13=87.6%', 'H14=87.6%', 'H15=87.6%', 'H16=87.6%']
  per_ACT_puzzle_acc: ['H1=0.0%', 'H2=0.0%', 'H3=0.0%', 'H4=0.0%', 'H5=0.0%', 'H6=0.0%', 'H7=0.0%', 'H8=0.0%', 'H9=0.0%', 'H10=0.0%', 'H11=0.0%', 'H12=0.0%', 'H13=0.0%', 'H14=0.0%', 'H15=0.0%', 'H16=0.0%']
  mean_sigmoid_q_halt: ['0.000', '0.000', '0.000', '0.000', '0.000', '0.000', '0.000', '0.000', '0.000', '0.000', '0.000', '0.000', '0.000', '0.000', '0.000', '0.000']
  halt_rates: ['0.00', '0.00', '0.00', '0.00', '0.00', '0.00', '0.00', '0.00', '0.00', '0.00', '0.00', '0.00', '0.00', '0.00', '0.00', '0.00']
  halt_histogram %: [0.0, 0.0, 0.0, 0.0, 0.0, 0.0, 0.0, 0.0, 0.0, 0.0, 0.0, 0.0, 0.0, 0.0, 0.0, 100.0]
  Avg ACT steps (last 100): 16.00
  saved: /home/jvdillon/projects/sic/code/maze/ckpts/x000g/step00500.pt acc=87.43% (0.031s)
  saved: /home/jvdillon/projects/sic/code/maze/ckpts/x000g/best.pt acc=87.43% (0.059s)
Step   500  Test 87.43% /  0.00%  Train lm=1.1641±0.2080ϵ[1.0781,2.9531] n_active=128.0000±0.0000ϵ[128.0000,128.0000] n_expunged=0.0000±0.0000ϵ[0.0000,0.0000] n_halted=7.9360±30.8988ϵ[0.0000,128.0000] pool_util=1.0000±0.0000ϵ[1.0000,1.0000]  (48.386s / 249.467s)
  cell_acc=93.72%, puzzle_acc=0.00%
  eval_avg_halt_step: 16.00
  per_H_acc: ['H0=87.1%', 'H1=87.4%', 'H2=87.2%']
  H_cos: ['0.797', '0.918']
  z_H_delta: ['21.875', '13.750']
  cells: fixed=[788, 6162] broken=[0, 6617]
  per_ACT_cell_acc: ['H1=87.1%', 'H2=87.4%', 'H3=87.2%', 'H4=89.1%', 'H5=90.4%', 'H6=91.4%', 'H7=92.2%', 'H8=92.7%', 'H9=93.1%', 'H10=93.3%', 'H11=93.4%', 'H12=93.4%', 'H13=93.4%', 'H14=93.4%', 'H15=93.5%', 'H16=93.5%']
  per_ACT_puzzle_acc: ['H1=0.0%', 'H2=0.0%', 'H3=0.0%', 'H4=0.0%', 'H5=0.0%', 'H6=0.0%', 'H7=0.0%', 'H8=0.0%', 'H9=0.0%', 'H10=0.0%', 'H11=0.0%', 'H12=0.0%', 'H13=0.0%', 'H14=0.0%', 'H15=0.0%', 'H16=0.0%']
  mean_sigmoid_q_halt: ['0.001', '0.000', '0.000', '0.000', '0.000', '0.000', '0.000', '0.000', '0.000', '0.000', '0.000', '0.000', '0.000', '0.000', '0.000', '0.000']
  halt_rates: ['0.00', '0.00', '0.00', '0.00', '0.00', '0.00', '0.00', '0.00', '0.00', '0.00', '0.00', '0.00', '0.00', '0.00', '0.00', '0.00']
  halt_histogram %: [0.0, 0.0, 0.0, 0.0, 0.0, 0.0, 0.0, 0.0, 0.0, 0.0, 0.0, 0.0, 0.0, 0.0, 0.0, 100.0]
  Avg ACT steps (last 100): 16.00
  saved: /home/jvdillon/projects/sic/code/maze/ckpts/x000g/step01000.pt acc=93.72% (0.031s)
  saved: /home/jvdillon/projects/sic/code/maze/ckpts/x000g/best.pt acc=93.72% (0.073s)
Step  1000  Test 93.72% /  0.00%  Train lm=1.0312±0.0400ϵ[0.9492,1.1641] n_active=128.0000±0.0000ϵ[128.0000,128.0000] n_expunged=0.0000±0.0000ϵ[0.0000,0.0000] n_halted=7.9360±30.8988ϵ[0.0000,128.0000] pool_util=1.0000±0.0000ϵ[1.0000,1.0000]  (38.065s / 238.668s)
  cell_acc=97.48%, puzzle_acc=21.10%
  eval_avg_halt_step: 6.77
  per_H_acc: ['H0=87.4%', 'H1=87.5%', 'H2=95.3%']
  H_cos: ['0.828', '0.840']
  z_H_delta: ['23.250', '19.875']
  cells: fixed=[299, 22147] broken=[0, 5947]
  per_ACT_cell_acc: ['H1=87.4%', 'H2=87.5%', 'H3=95.3%', 'H4=96.5%', 'H5=96.9%', 'H6=97.1%', 'H7=97.1%', 'H8=97.1%', 'H9=97.1%', 'H10=97.1%', 'H11=97.2%', 'H12=97.2%', 'H13=97.2%', 'H14=97.2%', 'H15=97.2%', 'H16=97.2%']
  per_ACT_puzzle_acc: ['H1=0.0%', 'H2=0.0%', 'H3=0.0%', 'H4=2.2%', 'H5=8.6%', 'H6=15.5%', 'H7=18.1%', 'H8=18.1%', 'H9=18.1%', 'H10=18.5%', 'H11=19.4%', 'H12=20.3%', 'H13=21.1%', 'H14=21.1%', 'H15=22.0%', 'H16=22.4%']
  mean_sigmoid_q_halt: ['0.002', '0.000', '0.001', '0.107', '0.268', '0.350', '0.404', '0.438', '0.459', '0.475', '0.492', '0.508', '0.523', '0.535', '0.539', '0.547']
  halt_rates: ['0.00', '0.00', '0.00', '0.01', '0.22', '0.34', '0.40', '0.45', '0.47', '0.47', '0.50', '0.53', '0.56', '0.58', '0.59', '0.60']
  halt_histogram %: [0.0, 2.3, 4.9, 4.5, 3.6, 3.1, 2.6, 2.1, 1.8, 1.4, 1.2, 1.2, 1.3, 0.8, 0.7, 68.5]
  Avg ACT steps (last 100): 6.25
  saved: /home/jvdillon/projects/sic/code/maze/ckpts/x000g/step01500.pt acc=97.48% (0.030s)
  saved: /home/jvdillon/projects/sic/code/maze/ckpts/x000g/best.pt acc=97.48% (0.071s)
Step  1500  Test 97.48% / 21.10%  Train lm=0.9609±0.0195ϵ[0.9375,1.1094] n_active=128.0000±0.0000ϵ[128.0000,128.0000] n_expunged=0.0000±0.0000ϵ[0.0000,0.0000] n_halted=13.5820±18.3531ϵ[0.0000,128.0000] pool_util=1.0000±0.0000ϵ[1.0000,1.0000]  (38.076s / 238.923s)
  cell_acc=98.11%, puzzle_acc=35.50%
  eval_avg_halt_step: 7.92
  per_H_acc: ['H0=86.7%', 'H1=87.5%', 'H2=97.5%']
  H_cos: ['0.855', '0.812']
  z_H_delta: ['21.750', '18.875']
  cells: fixed=[1594, 23814] broken=[0, 2889]
  per_ACT_cell_acc: ['H1=86.7%', 'H2=87.5%', 'H3=97.5%', 'H4=97.9%', 'H5=98.1%', 'H6=98.2%', 'H7=98.1%', 'H8=98.1%', 'H9=98.1%', 'H10=98.2%', 'H11=98.2%', 'H12=98.2%', 'H13=98.2%', 'H14=98.2%', 'H15=98.2%', 'H16=98.2%']
  per_ACT_puzzle_acc: ['H1=0.0%', 'H2=0.0%', 'H3=3.9%', 'H4=18.5%', 'H5=29.3%', 'H6=32.8%', 'H7=36.2%', 'H8=35.8%', 'H9=36.2%', 'H10=35.8%', 'H11=35.8%', 'H12=36.6%', 'H13=38.4%', 'H14=38.4%', 'H15=37.9%', 'H16=38.8%']
  mean_sigmoid_q_halt: ['0.001', '0.000', '0.097', '0.285', '0.334', '0.398', '0.434', '0.449', '0.453', '0.461', '0.465', '0.477', '0.486', '0.492', '0.498', '0.500']
  halt_rates: ['0.00', '0.00', '0.06', '0.26', '0.32', '0.40', '0.44', '0.46', '0.45', '0.47', '0.47', '0.49', '0.50', '0.50', '0.52', '0.53']
  halt_histogram %: [1.6, 31.8, 13.2, 6.2, 3.8, 2.7, 2.0, 1.5, 1.4, 1.0, 0.9, 0.8, 0.8, 0.6, 0.4, 31.4]
  Avg ACT steps (last 100): 2.84
  saved: /home/jvdillon/projects/sic/code/maze/ckpts/x000g/step02000.pt acc=98.11% (0.030s)
  saved: /home/jvdillon/projects/sic/code/maze/ckpts/x000g/best.pt acc=98.11% (0.072s)
Step  2000  Test 98.11% / 35.50%  Train lm=0.9414±0.0078ϵ[0.9219,0.9648] n_active=128.0000±0.0000ϵ[128.0000,128.0000] n_expunged=0.0000±0.0000ϵ[0.0000,0.0000] n_halted=37.8480±13.8800ϵ[6.0000,73.0000] pool_util=1.0000±0.0000ϵ[1.0000,1.0000]  (38.092s / 239.073s)
  cell_acc=98.40%, puzzle_acc=47.00%
  eval_avg_halt_step: 4.27
  per_H_acc: ['H0=87.3%', 'H1=87.5%', 'H2=97.8%']
  H_cos: ['0.719', '0.879']
  z_H_delta: ['22.875', '17.000']
  cells: fixed=[454, 24146] broken=[1, 2564]
  per_ACT_cell_acc: ['H1=87.3%', 'H2=87.5%', 'H3=97.8%', 'H4=97.9%', 'H5=98.0%', 'H6=98.2%', 'H7=98.2%', 'H8=98.2%', 'H9=98.2%', 'H10=98.2%', 'H11=98.2%', 'H12=98.2%', 'H13=98.2%', 'H14=98.2%', 'H15=98.2%', 'H16=98.2%']
  per_ACT_puzzle_acc: ['H1=0.0%', 'H2=0.0%', 'H3=15.1%', 'H4=23.3%', 'H5=31.9%', 'H6=34.9%', 'H7=37.9%', 'H8=40.5%', 'H9=42.2%', 'H10=41.8%', 'H11=40.5%', 'H12=41.4%', 'H13=41.4%', 'H14=42.2%', 'H15=41.4%', 'H16=42.2%']
  mean_sigmoid_q_halt: ['0.001', '0.000', '0.160', '0.348', '0.479', '0.582', '0.645', '0.688', '0.715', '0.734', '0.738', '0.738', '0.734', '0.742', '0.746', '0.746']
  halt_rates: ['0.00', '0.00', '0.16', '0.35', '0.48', '0.60', '0.66', '0.71', '0.75', '0.78', '0.77', '0.79', '0.77', '0.78', '0.78', '0.78']
  halt_histogram %: [12.8, 43.7, 12.2, 4.5, 2.4, 1.7, 1.3, 1.0, 0.8, 0.6, 0.5, 0.5, 0.5, 0.4, 0.3, 16.9]
  Avg ACT steps (last 100): 1.77
  saved: /home/jvdillon/projects/sic/code/maze/ckpts/x000g/step02500.pt acc=98.40% (0.030s)
  saved: /home/jvdillon/projects/sic/code/maze/ckpts/x000g/best.pt acc=98.40% (0.070s)
Step  2500  Test 98.40% / 47.00%  Train lm=0.9297±0.0036ϵ[0.9219,0.9375] n_active=128.0000±0.0000ϵ[128.0000,128.0000] n_expunged=0.0000±0.0000ϵ[0.0000,0.0000] n_halted=59.4940±10.9291ϵ[23.0000,87.0000] pool_util=1.0000±0.0000ϵ[1.0000,1.0000]  (38.083s / 239.098s)
