Adam params: ('embed_tokens.weight', 'head.weight', 'head.bias', 'q_head.weight', 'q_head.bias')
Muon 2D params: ('reasoning.0.attn.o_proj.weight', 'reasoning.0.mlp.up_proj.weight', 'reasoning.0.mlp.down_proj.weight', 'reasoning.1.attn.o_proj.weight', 'reasoning.1.mlp.up_proj.weight', 'reasoning.1.mlp.down_proj.weight')
Muon 3D params (ensemble_dims=1): ('reasoning.0.attn.qkv_proj.weight', 'reasoning.1.attn.qkv_proj.weight')
Saved step 0 checkpoint with RNG: /home/jvdillon/projects/sic/code/maze/ckpts/x000c/step00000_rng.pt
  cell_acc=87.67%, puzzle_acc=0.00%
  eval_avg_halt_step: 16.00
  per_H_acc: ['H0=87.3%', 'H1=87.5%', 'H2=87.5%']
  H_cos: ['0.879', '0.980']
  z_H_delta: ['13.625', '7.094']
  cells: fixed=[419, 56] broken=[46, 56]
  per_ACT_cell_acc: ['H1=87.3%', 'H2=87.5%', 'H3=87.5%', 'H4=87.6%', 'H5=87.6%', 'H6=87.6%', 'H7=87.6%', 'H8=87.6%', 'H9=87.6%', 'H10=87.6%', 'H11=87.6%', 'H12=87.6%', 'H13=87.6%', 'H14=87.6%', 'H15=87.6%', 'H16=87.6%']
  per_ACT_puzzle_acc: ['H1=0.0%', 'H2=0.0%', 'H3=0.0%', 'H4=0.0%', 'H5=0.0%', 'H6=0.0%', 'H7=0.0%', 'H8=0.0%', 'H9=0.0%', 'H10=0.0%', 'H11=0.0%', 'H12=0.0%', 'H13=0.0%', 'H14=0.0%', 'H15=0.0%', 'H16=0.0%']
  mean_sigmoid_q_halt: ['0.001', '0.000', '0.000', '0.000', '0.000', '0.000', '0.000', '0.000', '0.000', '0.000', '0.000', '0.000', '0.000', '0.000', '0.000', '0.000']
  halt_rates: ['0.00', '0.00', '0.00', '0.00', '0.00', '0.00', '0.00', '0.00', '0.00', '0.00', '0.00', '0.00', '0.00', '0.00', '0.00', '0.00']
  halt_histogram %: [0.0, 0.0, 0.0, 0.0, 0.0, 0.0, 0.0, 0.0, 0.0, 0.0, 0.0, 0.0, 0.0, 0.0, 0.0, 100.0]
  Avg ACT steps (last 100): 16.00
  saved: /home/jvdillon/projects/sic/code/maze/ckpts/x000c/step00500.pt acc=87.67% (0.047s)
  saved: /home/jvdillon/projects/sic/code/maze/ckpts/x000c/best.pt acc=87.67% (0.091s)
Step   500  Test 87.67% /  0.00%  Train lm=1.1562±0.1309ϵ[1.0703,2.4844] n_active=64.0000±0.0000ϵ[64.0000,64.0000] n_expunged=0.0000±0.0000ϵ[0.0000,0.0000] n_halted=3.9680±15.4494ϵ[0.0000,64.0000] pool_util=1.0000±0.0000ϵ[1.0000,1.0000]  (44.339s / 125.710s)
  cell_acc=91.59%, puzzle_acc=0.00%
  eval_avg_halt_step: 16.00
  per_H_acc: ['H0=87.0%', 'H1=84.7%', 'H2=88.7%']
  H_cos: ['0.844', '0.977']
  z_H_delta: ['17.625', '8.562']
  cells: fixed=[13193, 14616] broken=[17938, 6250]
  per_ACT_cell_acc: ['H1=87.0%', 'H2=84.7%', 'H3=88.7%', 'H4=89.7%', 'H5=90.5%', 'H6=91.3%', 'H7=91.7%', 'H8=92.1%', 'H9=92.2%', 'H10=92.2%', 'H11=92.2%', 'H12=92.2%', 'H13=92.1%', 'H14=92.1%', 'H15=92.1%', 'H16=92.1%']
  per_ACT_puzzle_acc: ['H1=0.0%', 'H2=0.0%', 'H3=0.0%', 'H4=0.0%', 'H5=0.0%', 'H6=0.0%', 'H7=0.0%', 'H8=0.0%', 'H9=0.0%', 'H10=0.0%', 'H11=0.0%', 'H12=0.0%', 'H13=0.0%', 'H14=0.0%', 'H15=0.0%', 'H16=0.0%']
  mean_sigmoid_q_halt: ['0.000', '0.000', '0.000', '0.000', '0.000', '0.000', '0.000', '0.000', '0.000', '0.000', '0.000', '0.000', '0.000', '0.000', '0.000', '0.000']
  halt_rates: ['0.00', '0.00', '0.00', '0.00', '0.00', '0.00', '0.00', '0.00', '0.00', '0.00', '0.00', '0.00', '0.00', '0.00', '0.00', '0.00']
  halt_histogram %: [0.0, 0.0, 0.0, 0.0, 0.0, 0.0, 0.0, 0.0, 0.0, 0.0, 0.0, 0.0, 0.0, 0.0, 0.0, 100.0]
  Avg ACT steps (last 100): 16.00
  saved: /home/jvdillon/projects/sic/code/maze/ckpts/x000c/step01000.pt acc=91.59% (0.047s)
  saved: /home/jvdillon/projects/sic/code/maze/ckpts/x000c/best.pt acc=91.59% (0.112s)
Step  1000  Test 91.59% /  0.00%  Train lm=1.0391±0.0386ϵ[0.9609,1.1328] n_active=64.0000±0.0000ϵ[64.0000,64.0000] n_expunged=0.0000±0.0000ϵ[0.0000,0.0000] n_halted=3.9680±15.4494ϵ[0.0000,64.0000] pool_util=1.0000±0.0000ϵ[1.0000,1.0000]  (38.822s / 122.394s)
  cell_acc=94.55%, puzzle_acc=3.60%
  eval_avg_halt_step: 15.06
  per_H_acc: ['H0=86.8%', 'H1=88.8%', 'H2=92.5%']
  H_cos: ['0.789', '0.969']
  z_H_delta: ['18.125', '10.375']
  cells: fixed=[15357, 13022] broken=[11251, 5296]
  per_ACT_cell_acc: ['H1=86.8%', 'H2=88.8%', 'H3=92.5%', 'H4=93.6%', 'H5=94.1%', 'H6=94.2%', 'H7=94.4%', 'H8=94.4%', 'H9=94.4%', 'H10=94.3%', 'H11=94.3%', 'H12=94.3%', 'H13=94.3%', 'H14=94.3%', 'H15=94.3%', 'H16=94.3%']
  per_ACT_puzzle_acc: ['H1=0.0%', 'H2=0.0%', 'H3=0.0%', 'H4=0.0%', 'H5=0.0%', 'H6=0.0%', 'H7=0.0%', 'H8=0.0%', 'H9=0.0%', 'H10=0.0%', 'H11=0.4%', 'H12=1.7%', 'H13=1.3%', 'H14=1.3%', 'H15=1.3%', 'H16=1.3%']
  mean_sigmoid_q_halt: ['0.001', '0.002', '0.001', '0.000', '0.000', '0.001', '0.001', '0.002', '0.003', '0.005', '0.008', '0.011', '0.016', '0.021', '0.028', '0.034']
  halt_rates: ['0.00', '0.00', '0.00', '0.00', '0.00', '0.00', '0.00', '0.00', '0.00', '0.00', '0.00', '0.00', '0.00', '0.00', '0.02', '0.03']
  halt_histogram %: [0.0, 0.0, 0.0, 0.0, 0.3, 0.3, 0.4, 0.4, 0.6, 0.6, 0.5, 0.6, 0.4, 0.7, 0.5, 94.7]
  Avg ACT steps (last 100): 13.80
  saved: /home/jvdillon/projects/sic/code/maze/ckpts/x000c/step01500.pt acc=94.55% (0.045s)
  saved: /home/jvdillon/projects/sic/code/maze/ckpts/x000c/best.pt acc=94.55% (0.109s)
Step  1500  Test 94.55% /  3.60%  Train lm=0.9766±0.0292ϵ[0.9375,1.1172] n_active=64.0000±0.0000ϵ[64.0000,64.0000] n_expunged=0.0000±0.0000ϵ[0.0000,0.0000] n_halted=4.2340±11.5711ϵ[0.0000,64.0000] pool_util=1.0000±0.0000ϵ[1.0000,1.0000]  (38.795s / 122.547s)
  cell_acc=95.59%, puzzle_acc=6.10%
  eval_avg_halt_step: 14.32
  per_H_acc: ['H0=87.5%', 'H1=83.0%', 'H2=93.8%']
  H_cos: ['0.789', '0.926']
  z_H_delta: ['20.125', '12.562']
  cells: fixed=[20318, 27938] broken=[29603, 5477]
  per_ACT_cell_acc: ['H1=87.5%', 'H2=83.0%', 'H3=93.8%', 'H4=95.0%', 'H5=95.5%', 'H6=95.6%', 'H7=95.6%', 'H8=95.6%', 'H9=95.6%', 'H10=95.6%', 'H11=95.7%', 'H12=95.7%', 'H13=95.7%', 'H14=95.7%', 'H15=95.7%', 'H16=95.7%']
  per_ACT_puzzle_acc: ['H1=0.0%', 'H2=0.0%', 'H3=0.0%', 'H4=0.0%', 'H5=0.4%', 'H6=1.7%', 'H7=3.0%', 'H8=3.9%', 'H9=4.3%', 'H10=5.2%', 'H11=5.2%', 'H12=6.0%', 'H13=6.9%', 'H14=6.9%', 'H15=6.5%', 'H16=6.5%']
  mean_sigmoid_q_halt: ['0.000', '0.000', '0.001', '0.001', '0.005', '0.011', '0.023', '0.038', '0.050', '0.061', '0.071', '0.083', '0.093', '0.102', '0.110', '0.120']
  halt_rates: ['0.00', '0.00', '0.00', '0.00', '0.00', '0.00', '0.01', '0.02', '0.03', '0.04', '0.05', '0.06', '0.08', '0.08', '0.07', '0.08']
  halt_histogram %: [0.0, 0.0, 0.4, 0.7, 1.4, 1.4, 1.6, 1.5, 1.7, 1.4, 1.0, 1.3, 1.3, 1.3, 1.0, 84.1]
  Avg ACT steps (last 100): 12.43
  saved: /home/jvdillon/projects/sic/code/maze/ckpts/x000c/step02000.pt acc=95.59% (0.046s)
  saved: /home/jvdillon/projects/sic/code/maze/ckpts/x000c/best.pt acc=95.59% (0.111s)
Step  2000  Test 95.59% /  6.10%  Train lm=0.9570±0.0066ϵ[0.9375,0.9805] n_active=64.0000±0.0000ϵ[64.0000,64.0000] n_expunged=0.0000±0.0000ϵ[0.0000,0.0000] n_halted=4.9200±3.0621ϵ[0.0000,20.0000] pool_util=1.0000±0.0000ϵ[1.0000,1.0000]  (38.819s / 122.654s)
  cell_acc=92.51%, puzzle_acc=1.40%
  eval_avg_halt_step: 14.62
  per_H_acc: ['H0=87.2%', 'H1=76.7%', 'H2=93.2%']
  H_cos: ['0.816', '0.891']
  z_H_delta: ['21.375', '14.625']
  cells: fixed=[21679, 41694] broken=[43632, 7143]
  per_ACT_cell_acc: ['H1=87.2%', 'H2=76.7%', 'H3=93.2%', 'H4=93.7%', 'H5=93.3%', 'H6=92.9%', 'H7=92.8%', 'H8=92.7%', 'H9=92.6%', 'H10=92.6%', 'H11=92.5%', 'H12=92.5%', 'H13=92.5%', 'H14=92.5%', 'H15=92.5%', 'H16=92.5%']
  per_ACT_puzzle_acc: ['H1=0.0%', 'H2=0.0%', 'H3=0.0%', 'H4=0.0%', 'H5=0.0%', 'H6=0.0%', 'H7=0.0%', 'H8=0.0%', 'H9=0.0%', 'H10=0.4%', 'H11=0.9%', 'H12=0.9%', 'H13=0.4%', 'H14=0.9%', 'H15=0.9%', 'H16=1.3%']
  mean_sigmoid_q_halt: ['0.000', '0.000', '0.001', '0.001', '0.003', '0.010', '0.018', '0.028', '0.038', '0.049', '0.060', '0.069', '0.080', '0.088', '0.095', '0.101']
  halt_rates: ['0.00', '0.00', '0.00', '0.00', '0.00', '0.00', '0.00', '0.00', '0.00', '0.01', '0.02', '0.03', '0.04', '0.04', '0.05', '0.06']
  halt_histogram %: [0.0, 0.3, 1.7, 2.3, 2.7, 2.4, 2.5, 2.1, 2.1, 1.8, 1.5, 1.7, 1.6, 1.5, 1.1, 74.7]
  Avg ACT steps (last 100): 11.10
  saved: /home/jvdillon/projects/sic/code/maze/ckpts/x000c/step02500.pt acc=92.51% (0.045s)
Step  2500  Test 92.51% /  1.40%  Train lm=0.9492±0.0067ϵ[0.9297,0.9766] n_active=64.0000±0.0000ϵ[64.0000,64.0000] n_expunged=0.0000±0.0000ϵ[0.0000,0.0000] n_halted=5.6580±3.4317ϵ[0.0000,25.0000] pool_util=1.0000±0.0000ϵ[1.0000,1.0000]  (38.746s / 122.654s)
  cell_acc=93.35%, puzzle_acc=0.90%
  eval_avg_halt_step: 11.01
  per_H_acc: ['H0=84.0%', 'H1=83.5%', 'H2=93.8%']
  H_cos: ['0.824', '0.898']
  z_H_delta: ['20.500', '13.688']
  cells: fixed=[24871, 26755] broken=[25969, 5245]
  per_ACT_cell_acc: ['H1=84.0%', 'H2=83.5%', 'H3=93.8%', 'H4=93.9%', 'H5=93.6%', 'H6=93.6%', 'H7=93.6%', 'H8=93.6%', 'H9=93.5%', 'H10=93.6%', 'H11=93.6%', 'H12=93.6%', 'H13=93.6%', 'H14=93.6%', 'H15=93.6%', 'H16=93.6%']
  per_ACT_puzzle_acc: ['H1=0.0%', 'H2=0.0%', 'H3=0.0%', 'H4=0.0%', 'H5=0.0%', 'H6=0.0%', 'H7=1.3%', 'H8=1.3%', 'H9=1.3%', 'H10=1.3%', 'H11=1.3%', 'H12=1.3%', 'H13=1.3%', 'H14=1.3%', 'H15=1.3%', 'H16=1.3%']
  mean_sigmoid_q_halt: ['0.000', '0.000', '0.001', '0.020', '0.073', '0.127', '0.162', '0.202', '0.233', '0.254', '0.279', '0.303', '0.322', '0.334', '0.348', '0.361']
  halt_rates: ['0.00', '0.00', '0.00', '0.00', '0.04', '0.09', '0.12', '0.16', '0.18', '0.19', '0.22', '0.25', '0.28', '0.31', '0.32', '0.34']
  halt_histogram %: [0.0, 2.2, 4.7, 4.0, 3.7, 3.0, 2.9, 2.5, 2.5, 2.1, 1.8, 1.8, 1.7, 1.6, 1.2, 64.3]
  Avg ACT steps (last 100): 9.72
  saved: /home/jvdillon/projects/sic/code/maze/ckpts/x000c/step03000.pt acc=93.35% (0.046s)
Step  3000  Test 93.35% /  0.90%  Train lm=0.9414±0.0051ϵ[0.9258,0.9531] n_active=64.0000±0.0000ϵ[64.0000,64.0000] n_expunged=0.0000±0.0000ϵ[0.0000,0.0000] n_halted=7.0460±3.2200ϵ[0.0000,16.0000] pool_util=1.0000±0.0000ϵ[1.0000,1.0000]  (38.741s / 122.653s)
  cell_acc=95.49%, puzzle_acc=9.80%
  eval_avg_halt_step: 7.33
  per_H_acc: ['H0=85.8%', 'H1=80.9%', 'H2=94.5%']
  H_cos: ['0.820', '0.879']
  z_H_delta: ['21.500', '15.938']
  cells: fixed=[22299, 33156] broken=[32441, 4731]
  per_ACT_cell_acc: ['H1=85.8%', 'H2=80.9%', 'H3=94.5%', 'H4=95.1%', 'H5=95.4%', 'H6=95.5%', 'H7=95.5%', 'H8=95.6%', 'H9=95.6%', 'H10=95.6%', 'H11=95.6%', 'H12=95.6%', 'H13=95.6%', 'H14=95.6%', 'H15=95.6%', 'H16=95.6%']
  per_ACT_puzzle_acc: ['H1=0.0%', 'H2=0.0%', 'H3=0.0%', 'H4=4.3%', 'H5=9.5%', 'H6=12.1%', 'H7=12.5%', 'H8=13.4%', 'H9=13.4%', 'H10=11.2%', 'H11=11.6%', 'H12=11.6%', 'H13=11.6%', 'H14=11.6%', 'H15=11.6%', 'H16=11.6%']
  mean_sigmoid_q_halt: ['0.000', '0.000', '0.013', '0.167', '0.254', '0.314', '0.371', '0.408', '0.430', '0.453', '0.473', '0.486', '0.504', '0.531', '0.543', '0.555']
  halt_rates: ['0.00', '0.00', '0.00', '0.14', '0.22', '0.28', '0.34', '0.37', '0.41', '0.43', '0.46', '0.47', '0.47', '0.51', '0.53', '0.55']
  halt_histogram %: [0.0, 9.5, 7.9, 5.4, 4.1, 3.2, 2.9, 2.5, 2.4, 2.1, 1.9, 1.7, 1.6, 1.5, 1.2, 52.1]
  Avg ACT steps (last 100): 4.69
  saved: /home/jvdillon/projects/sic/code/maze/ckpts/x000c/step03500.pt acc=95.49% (0.044s)
Step  3500  Test 95.49% /  9.80%  Train lm=0.9336±0.0043ϵ[0.9219,0.9453] n_active=64.0000±0.0000ϵ[64.0000,64.0000] n_expunged=0.0000±0.0000ϵ[0.0000,0.0000] n_halted=10.1340±3.8949ϵ[1.0000,21.0000] pool_util=1.0000±0.0000ϵ[1.0000,1.0000]  (38.757s / 122.638s)
  cell_acc=95.53%, puzzle_acc=6.10%
  eval_avg_halt_step: 9.54
  per_H_acc: ['H0=79.0%', 'H1=75.9%', 'H2=95.0%']
  H_cos: ['0.766', '0.832']
  z_H_delta: ['21.375', '17.625']
  cells: fixed=[34581, 44577] broken=[41121, 4679]
  per_ACT_cell_acc: ['H1=79.0%', 'H2=75.9%', 'H3=95.0%', 'H4=95.6%', 'H5=95.6%', 'H6=95.6%', 'H7=95.6%', 'H8=95.6%', 'H9=95.6%', 'H10=95.7%', 'H11=95.7%', 'H12=95.7%', 'H13=95.7%', 'H14=95.7%', 'H15=95.7%', 'H16=95.6%']
  per_ACT_puzzle_acc: ['H1=0.0%', 'H2=0.0%', 'H3=0.9%', 'H4=5.2%', 'H5=7.3%', 'H6=7.3%', 'H7=6.9%', 'H8=6.5%', 'H9=6.9%', 'H10=7.3%', 'H11=6.0%', 'H12=6.0%', 'H13=6.0%', 'H14=6.0%', 'H15=6.0%', 'H16=6.0%']
  mean_sigmoid_q_halt: ['0.000', '0.000', '0.021', '0.196', '0.266', '0.275', '0.299', '0.324', '0.344', '0.352', '0.359', '0.375', '0.389', '0.395', '0.398', '0.400']
  halt_rates: ['0.00', '0.00', '0.01', '0.19', '0.23', '0.25', '0.26', '0.28', '0.29', '0.30', '0.32', '0.35', '0.36', '0.37', '0.37', '0.38']
  halt_histogram %: [1.3, 23.2, 11.1, 5.9, 3.8, 2.7, 2.5, 2.0, 2.0, 1.6, 1.6, 1.4, 1.3, 1.2, 0.9, 37.7]
  Avg ACT steps (last 100): 2.66
  saved: /home/jvdillon/projects/sic/code/maze/ckpts/x000c/step04000.pt acc=95.53% (0.045s)
Step  4000  Test 95.53% /  6.10%  Train lm=0.9258±0.0033ϵ[0.9219,0.9375] n_active=64.0000±0.0000ϵ[64.0000,64.0000] n_expunged=0.0000±0.0000ϵ[0.0000,0.0000] n_halted=17.5380±5.1124ϵ[6.0000,31.0000] pool_util=1.0000±0.0000ϵ[1.0000,1.0000]  (38.757s / 122.656s)
  cell_acc=95.18%, puzzle_acc=11.90%
  eval_avg_halt_step: 7.61
  per_H_acc: ['H0=62.1%', 'H1=83.3%', 'H2=95.0%']
  H_cos: ['0.754', '0.875']
  z_H_delta: ['22.125', '15.750']
  cells: fixed=[67592, 29208] broken=[23476, 4633]
  per_ACT_cell_acc: ['H1=62.1%', 'H2=83.3%', 'H3=95.0%', 'H4=95.5%', 'H5=95.5%', 'H6=95.5%', 'H7=95.5%', 'H8=95.5%', 'H9=95.4%', 'H10=95.4%', 'H11=95.4%', 'H12=95.4%', 'H13=95.4%', 'H14=95.4%', 'H15=95.4%', 'H16=95.4%']
  per_ACT_puzzle_acc: ['H1=0.0%', 'H2=0.0%', 'H3=2.2%', 'H4=6.9%', 'H5=11.2%', 'H6=11.6%', 'H7=12.5%', 'H8=11.6%', 'H9=12.5%', 'H10=12.9%', 'H11=12.9%', 'H12=13.8%', 'H13=13.4%', 'H14=13.4%', 'H15=13.4%', 'H16=13.4%']
  mean_sigmoid_q_halt: ['0.000', '0.000', '0.031', '0.236', '0.312', '0.326', '0.377', '0.416', '0.439', '0.475', '0.486', '0.492', '0.512', '0.520', '0.527', '0.527']
  halt_rates: ['0.00', '0.00', '0.01', '0.19', '0.27', '0.27', '0.36', '0.38', '0.41', '0.44', '0.47', '0.46', '0.49', '0.50', '0.50', '0.51']
  halt_histogram %: [6.3, 35.8, 11.5, 4.9, 3.0, 2.1, 1.8, 1.4, 1.4, 1.2, 1.1, 1.0, 0.9, 0.8, 0.7, 26.1]
  Avg ACT steps (last 100): 2.58
  saved: /home/jvdillon/projects/sic/code/maze/ckpts/x000c/step04500.pt acc=95.18% (0.045s)
Step  4500  Test 95.18% / 11.90%  Train lm=0.9219±0.0023ϵ[0.9180,0.9297] n_active=64.0000±0.0000ϵ[64.0000,64.0000] n_expunged=0.0000±0.0000ϵ[0.0000,0.0000] n_halted=26.9260±4.8099ϵ[14.0000,39.0000] pool_util=1.0000±0.0000ϵ[1.0000,1.0000]  (38.741s / 122.669s)
  cell_acc=94.60%, puzzle_acc=6.90%
  eval_avg_halt_step: 8.93
  per_H_acc: ['H0=62.4%', 'H1=78.8%', 'H2=94.2%']
  H_cos: ['0.727', '0.836']
  z_H_delta: ['22.250', '17.125']
  cells: fixed=[69013, 37668] broken=[34753, 5513]
  per_ACT_cell_acc: ['H1=62.4%', 'H2=78.8%', 'H3=94.2%', 'H4=94.3%', 'H5=94.3%', 'H6=94.4%', 'H7=94.4%', 'H8=94.4%', 'H9=94.4%', 'H10=94.5%', 'H11=94.5%', 'H12=94.5%', 'H13=94.5%', 'H14=94.5%', 'H15=94.5%', 'H16=94.5%']
  per_ACT_puzzle_acc: ['H1=0.0%', 'H2=0.0%', 'H3=0.9%', 'H4=6.0%', 'H5=4.7%', 'H6=3.9%', 'H7=5.2%', 'H8=4.7%', 'H9=5.6%', 'H10=5.6%', 'H11=5.2%', 'H12=5.6%', 'H13=5.6%', 'H14=5.6%', 'H15=6.0%', 'H16=6.5%']
  mean_sigmoid_q_halt: ['0.000', '0.001', '0.070', '0.258', '0.299', '0.301', '0.309', '0.318', '0.350', '0.367', '0.383', '0.389', '0.396', '0.416', '0.424', '0.426']
  halt_rates: ['0.00', '0.00', '0.03', '0.19', '0.27', '0.26', '0.28', '0.27', '0.31', '0.34', '0.34', '0.34', '0.37', '0.41', '0.40', '0.38']
  halt_histogram %: [12.9, 42.1, 10.6, 3.9, 2.2, 1.6, 1.3, 1.1, 1.0, 0.9, 0.8, 0.7, 0.7, 0.6, 0.5, 19.0]
  Avg ACT steps (last 100): 1.84
  saved: /home/jvdillon/projects/sic/code/maze/ckpts/x000c/step05000.pt acc=94.60% (0.045s)
Step  5000  Test 94.60% /  6.90%  Train lm=0.9219±0.0022ϵ[0.9180,0.9297] n_active=64.0000±0.0000ϵ[64.0000,64.0000] n_expunged=0.0000±0.0000ϵ[0.0000,0.0000] n_halted=32.5560±4.4993ϵ[22.0000,47.0000] pool_util=1.0000±0.0000ϵ[1.0000,1.0000]  (38.757s / 122.710s)
  cell_acc=95.44%, puzzle_acc=13.40%
  eval_avg_halt_step: 7.33
  per_H_acc: ['H0=65.9%', 'H1=77.4%', 'H2=94.8%']
  H_cos: ['0.715', '0.816']
  z_H_delta: ['22.250', '17.875']
  cells: fixed=[62043, 41226] broken=[37893, 4926]
  per_ACT_cell_acc: ['H1=65.9%', 'H2=77.4%', 'H3=94.8%', 'H4=95.1%', 'H5=95.2%', 'H6=95.2%', 'H7=95.3%', 'H8=95.4%', 'H9=95.4%', 'H10=95.4%', 'H11=95.4%', 'H12=95.5%', 'H13=95.5%', 'H14=95.5%', 'H15=95.5%', 'H16=95.5%']
  per_ACT_puzzle_acc: ['H1=0.0%', 'H2=0.0%', 'H3=3.9%', 'H4=7.3%', 'H5=8.2%', 'H6=8.6%', 'H7=9.1%', 'H8=9.1%', 'H9=9.5%', 'H10=9.5%', 'H11=9.5%', 'H12=10.3%', 'H13=9.9%', 'H14=10.3%', 'H15=10.8%', 'H16=10.3%']
  mean_sigmoid_q_halt: ['0.000', '0.001', '0.093', '0.262', '0.324', '0.322', '0.365', '0.410', '0.436', '0.441', '0.457', '0.479', '0.494', '0.496', '0.496', '0.504']
  halt_rates: ['0.00', '0.00', '0.04', '0.21', '0.28', '0.27', '0.34', '0.38', '0.41', '0.42', '0.44', '0.46', '0.47', '0.47', '0.46', '0.47']
  halt_histogram %: [22.4, 42.2, 9.2, 3.1, 1.7, 1.2, 1.0, 0.8, 0.8, 0.6, 0.6, 0.6, 0.5, 0.5, 0.4, 14.3]
  Avg ACT steps (last 100): 1.46
  saved: /home/jvdillon/projects/sic/code/maze/ckpts/x000c/step05500.pt acc=95.44% (0.045s)
Step  5500  Test 95.44% / 13.40%  Train lm=0.9219±0.0172ϵ[0.9141,1.1328] n_active=64.0000±0.0000ϵ[64.0000,64.0000] n_expunged=0.0000±0.0000ϵ[0.0000,0.0000] n_halted=39.0380±4.8555ϵ[25.0000,51.0000] pool_util=1.0000±0.0000ϵ[1.0000,1.0000]  (38.731s / 122.702s)
  cell_acc=95.06%, puzzle_acc=11.30%
  eval_avg_halt_step: 7.00
  per_H_acc: ['H0=64.9%', 'H1=79.6%', 'H2=94.8%']
  H_cos: ['0.723', '0.832']
  z_H_delta: ['21.875', '17.500']
  cells: fixed=[60717, 36669] broken=[30076, 4845]
  per_ACT_cell_acc: ['H1=64.9%', 'H2=79.6%', 'H3=94.8%', 'H4=95.0%', 'H5=95.0%', 'H6=95.0%', 'H7=95.0%', 'H8=95.1%', 'H9=95.1%', 'H10=95.0%', 'H11=95.1%', 'H12=95.1%', 'H13=95.1%', 'H14=95.1%', 'H15=95.1%', 'H16=95.2%']
  per_ACT_puzzle_acc: ['H1=0.0%', 'H2=0.0%', 'H3=3.0%', 'H4=6.9%', 'H5=7.8%', 'H6=8.6%', 'H7=8.6%', 'H8=9.1%', 'H9=9.5%', 'H10=9.1%', 'H11=9.1%', 'H12=9.1%', 'H13=9.1%', 'H14=9.5%', 'H15=10.3%', 'H16=10.3%']
  mean_sigmoid_q_halt: ['0.000', '0.001', '0.115', '0.312', '0.365', '0.381', '0.424', '0.453', '0.455', '0.477', '0.504', '0.527', '0.523', '0.527', '0.535', '0.547']
  halt_rates: ['0.00', '0.00', '0.09', '0.28', '0.33', '0.35', '0.41', '0.44', '0.43', '0.46', '0.48', '0.50', '0.51', '0.52', '0.51', '0.52']
  halt_histogram %: [31.8, 39.8, 7.9, 2.5, 1.3, 0.9, 0.8, 0.6, 0.6, 0.5, 0.5, 0.4, 0.4, 0.4, 0.3, 11.2]
  Avg ACT steps (last 100): 1.35
  saved: /home/jvdillon/projects/sic/code/maze/ckpts/x000c/step06000.pt acc=95.06% (0.046s)
Step  6000  Test 95.06% / 11.30%  Train lm=0.9180±0.0019ϵ[0.9141,0.9180] n_active=64.0000±0.0000ϵ[64.0000,64.0000] n_expunged=0.0000±0.0000ϵ[0.0000,0.0000] n_halted=44.7660±3.8928ϵ[33.0000,58.0000] pool_util=1.0000±0.0000ϵ[1.0000,1.0000]  (38.726s / 122.774s)
  cell_acc=95.28%, puzzle_acc=11.40%
  eval_avg_halt_step: 5.58
  per_H_acc: ['H0=63.2%', 'H1=80.4%', 'H2=94.9%']
  H_cos: ['0.734', '0.840']
  z_H_delta: ['22.000', '17.125']
  cells: fixed=[62077, 34806] broken=[26038, 4509]
  per_ACT_cell_acc: ['H1=63.2%', 'H2=80.4%', 'H3=94.9%', 'H4=95.1%', 'H5=95.1%', 'H6=95.2%', 'H7=95.2%', 'H8=95.3%', 'H9=95.3%', 'H10=95.3%', 'H11=95.3%', 'H12=95.3%', 'H13=95.2%', 'H14=95.2%', 'H15=95.3%', 'H16=95.3%']
  per_ACT_puzzle_acc: ['H1=0.0%', 'H2=0.0%', 'H3=2.2%', 'H4=9.1%', 'H5=9.5%', 'H6=9.5%', 'H7=10.8%', 'H8=10.8%', 'H9=10.8%', 'H10=10.8%', 'H11=10.8%', 'H12=10.3%', 'H13=10.8%', 'H14=10.8%', 'H15=11.6%', 'H16=11.6%']
  mean_sigmoid_q_halt: ['0.000', '0.001', '0.156', '0.404', '0.420', '0.432', '0.471', '0.520', '0.555', '0.570', '0.594', '0.613', '0.613', '0.617', '0.617', '0.617']
  halt_rates: ['0.00', '0.00', '0.12', '0.38', '0.40', '0.41', '0.45', '0.51', '0.53', '0.56', '0.59', '0.59', '0.59', '0.61', '0.60', '0.60']
  halt_histogram %: [40.2, 36.5, 6.8, 2.1, 1.1, 0.7, 0.6, 0.5, 0.5, 0.4, 0.4, 0.4, 0.3, 0.3, 0.2, 9.0]
  Avg ACT steps (last 100): 1.35
  saved: /home/jvdillon/projects/sic/code/maze/ckpts/x000c/step06500.pt acc=95.28% (0.045s)
Step  6500  Test 95.28% / 11.40%  Train lm=0.9141±0.0007ϵ[0.9141,0.9180] n_active=64.0000±0.0000ϵ[64.0000,64.0000] n_expunged=0.0000±0.0000ϵ[0.0000,0.0000] n_halted=49.4140±3.7788ϵ[35.0000,59.0000] pool_util=1.0000±0.0000ϵ[1.0000,1.0000]  (38.748s / 122.748s)
  cell_acc=95.22%, puzzle_acc=10.70%
  eval_avg_halt_step: 5.04
  per_H_acc: ['H0=63.1%', 'H1=81.7%', 'H2=94.8%']
  H_cos: ['0.734', '0.848']
  z_H_delta: ['22.125', '16.875']
  cells: fixed=[62779, 32044] broken=[24014, 4595]
  per_ACT_cell_acc: ['H1=63.1%', 'H2=81.7%', 'H3=94.8%', 'H4=95.0%', 'H5=95.1%', 'H6=95.1%', 'H7=95.2%', 'H8=95.2%', 'H9=95.2%', 'H10=95.2%', 'H11=95.2%', 'H12=95.2%', 'H13=95.2%', 'H14=95.2%', 'H15=95.2%', 'H16=95.2%']
  per_ACT_puzzle_acc: ['H1=0.0%', 'H2=0.0%', 'H3=2.6%', 'H4=7.8%', 'H5=9.9%', 'H6=10.3%', 'H7=10.3%', 'H8=11.2%', 'H9=10.8%', 'H10=11.6%', 'H11=11.6%', 'H12=11.2%', 'H13=11.6%', 'H14=11.6%', 'H15=12.1%', 'H16=11.6%']
  mean_sigmoid_q_halt: ['0.000', '0.001', '0.187', '0.438', '0.477', '0.463', '0.500', '0.543', '0.566', '0.609', '0.633', '0.629', '0.641', '0.652', '0.648', '0.660']
  halt_rates: ['0.00', '0.00', '0.16', '0.41', '0.47', '0.44', '0.50', '0.53', '0.54', '0.59', '0.62', '0.60', '0.62', '0.65', '0.63', '0.64']
  halt_histogram %: [47.2, 33.3, 5.9, 1.7, 0.9, 0.6, 0.5, 0.4, 0.4, 0.3, 0.3, 0.3, 0.3, 0.2, 0.2, 7.4]
  Avg ACT steps (last 100): 1.28
  saved: /home/jvdillon/projects/sic/code/maze/ckpts/x000c/step07000.pt acc=95.22% (0.045s)
Step  7000  Test 95.22% / 10.70%  Train lm=0.9141±0.0000ϵ[0.9141,0.9141] n_active=64.0000±0.0000ϵ[64.0000,64.0000] n_expunged=0.0000±0.0000ϵ[0.0000,0.0000] n_halted=52.6400±2.9712ϵ[43.0000,62.0000] pool_util=1.0000±0.0000ϵ[1.0000,1.0000]  (38.733s / 122.751s)
  cell_acc=95.27%, puzzle_acc=11.30%
  eval_avg_halt_step: 4.88
  per_H_acc: ['H0=63.4%', 'H1=81.6%', 'H2=94.9%']
  H_cos: ['0.734', '0.848']
  z_H_delta: ['22.125', '16.875']
  cells: fixed=[61945, 32244] broken=[23991, 4581]
  per_ACT_cell_acc: ['H1=63.4%', 'H2=81.6%', 'H3=94.9%', 'H4=95.0%', 'H5=95.1%', 'H6=95.1%', 'H7=95.2%', 'H8=95.2%', 'H9=95.2%', 'H10=95.2%', 'H11=95.2%', 'H12=95.2%', 'H13=95.2%', 'H14=95.2%', 'H15=95.2%', 'H16=95.2%']
  per_ACT_puzzle_acc: ['H1=0.0%', 'H2=0.0%', 'H3=2.6%', 'H4=8.6%', 'H5=9.1%', 'H6=10.3%', 'H7=10.8%', 'H8=11.2%', 'H9=11.2%', 'H10=12.1%', 'H11=11.2%', 'H12=11.2%', 'H13=12.1%', 'H14=11.6%', 'H15=12.5%', 'H16=12.5%']
  mean_sigmoid_q_halt: ['0.000', '0.001', '0.192', '0.443', '0.471', '0.484', '0.531', '0.551', '0.586', '0.617', '0.625', '0.641', '0.652', '0.656', '0.656', '0.672']
  halt_rates: ['0.00', '0.00', '0.17', '0.43', '0.47', '0.46', '0.53', '0.55', '0.57', '0.60', '0.62', '0.62', '0.64', '0.64', '0.64', '0.66']
  halt_histogram %: [52.4, 30.7, 5.2, 1.5, 0.8, 0.5, 0.4, 0.4, 0.4, 0.3, 0.3, 0.2, 0.2, 0.2, 0.2, 6.3]
  Avg ACT steps (last 100): 1.21
  saved: /home/jvdillon/projects/sic/code/maze/ckpts/x000c/step07500.pt acc=95.27% (0.044s)
Step  7500  Test 95.27% / 11.30%  Train lm=0.9141±0.0000ϵ[0.9141,0.9141] n_active=64.0000±0.0000ϵ[64.0000,64.0000] n_expunged=0.0000±0.0000ϵ[0.0000,0.0000] n_halted=53.2120±2.9814ϵ[42.0000,62.0000] pool_util=1.0000±0.0000ϵ[1.0000,1.0000]  (38.739s / 122.727s)
  cell_acc=95.30%, puzzle_acc=11.20%
  eval_avg_halt_step: 4.94
  per_H_acc: ['H0=63.4%', 'H1=81.6%', 'H2=94.9%']
  H_cos: ['0.734', '0.848']
  z_H_delta: ['22.125', '16.875']
  cells: fixed=[61979, 32280] broken=[23994, 4562]
  per_ACT_cell_acc: ['H1=63.4%', 'H2=81.6%', 'H3=94.9%', 'H4=95.0%', 'H5=95.1%', 'H6=95.1%', 'H7=95.2%', 'H8=95.2%', 'H9=95.2%', 'H10=95.2%', 'H11=95.2%', 'H12=95.3%', 'H13=95.2%', 'H14=95.3%', 'H15=95.3%', 'H16=95.3%']
  per_ACT_puzzle_acc: ['H1=0.0%', 'H2=0.0%', 'H3=3.4%', 'H4=8.2%', 'H5=9.1%', 'H6=10.3%', 'H7=10.3%', 'H8=11.2%', 'H9=11.2%', 'H10=11.2%', 'H11=11.2%', 'H12=11.2%', 'H13=11.6%', 'H14=10.8%', 'H15=10.8%', 'H16=11.6%']
  mean_sigmoid_q_halt: ['0.000', '0.001', '0.192', '0.434', '0.469', '0.479', '0.512', '0.566', '0.574', '0.609', '0.629', '0.633', '0.648', '0.664', '0.664', '0.660']
  halt_rates: ['0.00', '0.00', '0.17', '0.42', '0.45', '0.44', '0.49', '0.57', '0.56', '0.61', '0.61', '0.61', '0.64', '0.66', '0.66', '0.66']
  halt_histogram %: [56.2, 28.9, 4.8, 1.3, 0.7, 0.5, 0.4, 0.3, 0.3, 0.2, 0.2, 0.2, 0.2, 0.2, 0.1, 5.5]
  Avg ACT steps (last 100): 1.16
  saved: /home/jvdillon/projects/sic/code/maze/ckpts/x000c/step08000.pt acc=95.30% (0.044s)
Step  8000  Test 95.30% / 11.20%  Train lm=0.9141±0.0000ϵ[0.9141,0.9141] n_active=64.0000±0.0000ϵ[64.0000,64.0000] n_expunged=0.0000±0.0000ϵ[0.0000,0.0000] n_halted=53.1560±3.0467ϵ[43.0000,61.0000] pool_util=1.0000±0.0000ϵ[1.0000,1.0000]  (38.723s / 122.782s)
