Adam params: ('embed_tokens.weight', 'head.weight', 'head.bias', 'q_head.weight', 'q_head.bias', 'puzzle_id_embed.weight')
Muon 2D params: ('reasoning.0.attn.o_proj.weight', 'reasoning.0.mlp.up_proj.weight', 'reasoning.0.mlp.down_proj.weight', 'reasoning.1.attn.o_proj.weight', 'reasoning.1.mlp.up_proj.weight', 'reasoning.1.mlp.down_proj.weight')
Muon 3D params (ensemble_dims=1): ('reasoning.0.attn.qkv_proj.weight', 'reasoning.1.attn.qkv_proj.weight')
  cell_acc=91.18%, puzzle_acc=0.00%
  eval_avg_halt_step: 16.00
  per_H_acc: ['H0=87.4%', 'H1=87.5%', 'H2=87.7%']
  H_cos: ['0.711', '0.957']
  z_H_delta: ['20.750', '10.812']
  cells: fixed=[193, 2312] broken=[0, 1763]
  per_ACT_cell_acc: ['H1=87.4%', 'H2=87.5%', 'H3=87.7%', 'H4=88.5%', 'H5=89.2%', 'H6=89.7%', 'H7=90.0%', 'H8=90.4%', 'H9=90.6%', 'H10=90.7%', 'H11=90.9%', 'H12=90.9%', 'H13=91.0%', 'H14=91.1%', 'H15=91.1%', 'H16=91.1%']
  per_ACT_puzzle_acc: ['H1=0.0%', 'H2=0.0%', 'H3=0.0%', 'H4=0.0%', 'H5=0.0%', 'H6=0.0%', 'H7=0.0%', 'H8=0.0%', 'H9=0.0%', 'H10=0.0%', 'H11=0.0%', 'H12=0.0%', 'H13=0.0%', 'H14=0.0%', 'H15=0.0%', 'H16=0.0%']
  mean_sigmoid_q_halt: ['0.001', '0.000', '0.000', '0.000', '0.000', '0.000', '0.000', '0.000', '0.000', '0.000', '0.000', '0.000', '0.000', '0.000', '0.000', '0.000']
  halt_rates: ['0.00', '0.00', '0.00', '0.00', '0.00', '0.00', '0.00', '0.00', '0.00', '0.00', '0.00', '0.00', '0.00', '0.00', '0.00', '0.00']
  halt_histogram %: [0.0, 0.0, 0.0, 0.0, 0.0, 0.0, 0.0, 0.0, 0.0, 0.0, 0.0, 0.0, 0.0, 0.0, 0.0, 100.0]
  Avg ACT steps (last 100): 16.00
  saved: /home/jvdillon/projects/sic/code/maze/ckpts/x000l/step00500.pt acc=91.18% (0.086s)
  saved: /home/jvdillon/projects/sic/code/maze/ckpts/x000l/best.pt acc=91.18% (0.166s)
Step   500  Test 91.18% /  0.00%  Train lm=0.9062±0.1055ϵ[0.7422,1.9141] n_active=128.0000±0.0000ϵ[128.0000,128.0000] n_expunged=0.0000±0.0000ϵ[0.0000,0.0000] n_halted=7.9360±30.8988ϵ[0.0000,128.0000] pool_util=1.0000±0.0000ϵ[1.0000,1.0000]  (36.582s / 184.248s)
  cell_acc=96.86%, puzzle_acc=16.50%
  eval_avg_halt_step: 8.14
  per_H_acc: ['H0=54.4%', 'H1=87.5%', 'H2=93.4%']
  H_cos: ['0.715', '0.895']
  z_H_delta: ['22.625', '15.062']
  cells: fixed=[69479, 20452] broken=[375, 8217]
  per_ACT_cell_acc: ['H1=54.4%', 'H2=87.5%', 'H3=93.4%', 'H4=95.2%', 'H5=95.9%', 'H6=96.3%', 'H7=96.5%', 'H8=96.6%', 'H9=96.7%', 'H10=96.7%', 'H11=96.7%', 'H12=96.7%', 'H13=96.7%', 'H14=96.7%', 'H15=96.8%', 'H16=96.8%']
  per_ACT_puzzle_acc: ['H1=0.0%', 'H2=0.0%', 'H3=0.0%', 'H4=0.0%', 'H5=2.6%', 'H6=7.3%', 'H7=9.9%', 'H8=11.6%', 'H9=14.2%', 'H10=15.9%', 'H11=15.5%', 'H12=16.4%', 'H13=16.4%', 'H14=16.4%', 'H15=17.2%', 'H16=18.1%']
  mean_sigmoid_q_halt: ['0.002', '0.000', '0.002', '0.026', '0.057', '0.114', '0.184', '0.232', '0.266', '0.299', '0.328', '0.354', '0.365', '0.389', '0.404', '0.416']
  halt_rates: ['0.00', '0.00', '0.00', '0.00', '0.01', '0.04', '0.12', '0.21', '0.27', '0.33', '0.34', '0.40', '0.42', '0.47', '0.49', '0.53']
  halt_histogram %: [0.0, 0.5, 3.3, 4.9, 3.9, 3.6, 3.1, 1.9, 1.8, 1.6, 1.4, 1.0, 1.1, 1.0, 1.2, 69.9]
  Avg ACT steps (last 100): 8.30
  saved: /home/jvdillon/projects/sic/code/maze/ckpts/x000l/step01000.pt acc=96.86% (0.088s)
  saved: /home/jvdillon/projects/sic/code/maze/ckpts/x000l/best.pt acc=96.86% (0.168s)
Step  1000  Test 96.86% / 16.50%  Train lm=0.7812±0.0264ϵ[0.7500,0.9180] n_active=128.0000±0.0000ϵ[128.0000,128.0000] n_expunged=0.0000±0.0000ϵ[0.0000,0.0000] n_halted=11.2100±21.5544ϵ[0.0000,128.0000] pool_util=1.0000±0.0000ϵ[1.0000,1.0000]  (27.686s / 174.297s)
  cell_acc=98.44%, puzzle_acc=49.10%
  eval_avg_halt_step: 4.77
  per_H_acc: ['H0=49.0%', 'H1=87.6%', 'H2=97.1%']
  H_cos: ['0.574', '0.859']
  z_H_delta: ['23.000', '20.125']
  cells: fixed=[80622, 22510] broken=[148, 2705]
  per_ACT_cell_acc: ['H1=49.0%', 'H2=87.6%', 'H3=97.1%', 'H4=97.8%', 'H5=98.1%', 'H6=98.2%', 'H7=98.3%', 'H8=98.3%', 'H9=98.4%', 'H10=98.4%', 'H11=98.4%', 'H12=98.4%', 'H13=98.4%', 'H14=98.4%', 'H15=98.4%', 'H16=98.4%']
  per_ACT_puzzle_acc: ['H1=0.0%', 'H2=0.0%', 'H3=4.3%', 'H4=27.2%', 'H5=37.5%', 'H6=42.7%', 'H7=46.6%', 'H8=48.3%', 'H9=49.1%', 'H10=47.8%', 'H11=47.8%', 'H12=46.6%', 'H13=47.0%', 'H14=47.0%', 'H15=48.3%', 'H16=47.0%']
  mean_sigmoid_q_halt: ['0.005', '0.004', '0.032', '0.260', '0.383', '0.490', '0.562', '0.602', '0.641', '0.652', '0.656', '0.668', '0.668', '0.672', '0.672', '0.672']
  halt_rates: ['0.00', '0.00', '0.00', '0.25', '0.40', '0.52', '0.59', '0.64', '0.69', '0.70', '0.69', '0.70', '0.71', '0.69', '0.71', '0.69']
  halt_histogram %: [0.1, 28.1, 15.4, 8.2, 5.1, 3.6, 2.6, 1.8, 1.5, 1.2, 1.1, 0.8, 0.8, 0.7, 0.7, 28.3]
  Avg ACT steps (last 100): 2.21
  saved: /home/jvdillon/projects/sic/code/maze/ckpts/x000l/step01500.pt acc=98.44% (0.081s)
  saved: /home/jvdillon/projects/sic/code/maze/ckpts/x000l/best.pt acc=98.44% (0.161s)
Step  1500  Test 98.44% / 49.10%  Train lm=0.7500±0.0104ϵ[0.7305,0.7773] n_active=128.0000±0.0000ϵ[128.0000,128.0000] n_expunged=0.0000±0.0000ϵ[0.0000,0.0000] n_halted=32.2700±15.5269ϵ[1.0000,74.0000] pool_util=1.0000±0.0000ϵ[1.0000,1.0000]  (27.681s / 173.930s)
  cell_acc=98.51%, puzzle_acc=52.60%
  eval_avg_halt_step: 4.34
  per_H_acc: ['H0=83.5%', 'H1=89.5%', 'H2=97.9%']
  H_cos: ['0.672', '0.875']
  z_H_delta: ['23.875', '20.375']
  cells: fixed=[25891, 19340] broken=[13405, 1817]
  per_ACT_cell_acc: ['H1=83.5%', 'H2=89.5%', 'H3=97.9%', 'H4=98.2%', 'H5=98.4%', 'H6=98.5%', 'H7=98.6%', 'H8=98.6%', 'H9=98.6%', 'H10=98.6%', 'H11=98.6%', 'H12=98.6%', 'H13=98.6%', 'H14=98.6%', 'H15=98.6%', 'H16=98.6%']
  per_ACT_puzzle_acc: ['H1=0.0%', 'H2=0.0%', 'H3=18.1%', 'H4=35.8%', 'H5=44.8%', 'H6=49.1%', 'H7=50.4%', 'H8=50.9%', 'H9=51.3%', 'H10=52.6%', 'H11=54.7%', 'H12=53.0%', 'H13=53.0%', 'H14=53.0%', 'H15=53.0%', 'H16=52.6%']
  mean_sigmoid_q_halt: ['0.004', '0.039', '0.235', '0.430', '0.520', '0.574', '0.605', '0.641', '0.664', '0.664', '0.668', '0.672', '0.680', '0.672', '0.688', '0.695']
  halt_rates: ['0.00', '0.00', '0.20', '0.43', '0.55', '0.59', '0.60', '0.65', '0.68', '0.68', '0.67', '0.69', '0.70', '0.67', '0.69', '0.71']
  halt_histogram %: [8.9, 47.0, 13.9, 5.4, 3.0, 2.0, 1.4, 1.0, 0.9, 0.7, 0.6, 0.4, 0.4, 0.4, 0.4, 13.6]
  Avg ACT steps (last 100): 1.66
  saved: /home/jvdillon/projects/sic/code/maze/ckpts/x000l/step02000.pt acc=98.51% (0.081s)
  saved: /home/jvdillon/projects/sic/code/maze/ckpts/x000l/best.pt acc=98.51% (0.161s)
Step  2000  Test 98.51% / 52.60%  Train lm=0.7305±0.0032ϵ[0.7227,0.7422] n_active=128.0000±0.0000ϵ[128.0000,128.0000] n_expunged=0.0000±0.0000ϵ[0.0000,0.0000] n_halted=57.2020±11.5842ϵ[26.0000,93.0000] pool_util=1.0000±0.0000ϵ[1.0000,1.0000]  (27.672s / 173.914s)
  cell_acc=98.78%, puzzle_acc=63.60%
  eval_avg_halt_step: 3.02
  per_H_acc: ['H0=87.5%', 'H1=87.9%', 'H2=97.9%']
  H_cos: ['0.770', '0.809']
  z_H_delta: ['22.250', '22.875']
  cells: fixed=[3732, 23344] broken=[2857, 2562]
  per_ACT_cell_acc: ['H1=87.5%', 'H2=87.9%', 'H3=97.9%', 'H4=98.6%', 'H5=98.7%', 'H6=98.7%', 'H7=98.7%', 'H8=98.7%', 'H9=98.7%', 'H10=98.7%', 'H11=98.7%', 'H12=98.7%', 'H13=98.8%', 'H14=98.8%', 'H15=98.7%', 'H16=98.7%']
  per_ACT_puzzle_acc: ['H1=0.0%', 'H2=0.0%', 'H3=12.9%', 'H4=41.4%', 'H5=51.7%', 'H6=57.3%', 'H7=59.9%', 'H8=59.1%', 'H9=60.3%', 'H10=61.2%', 'H11=59.9%', 'H12=58.6%', 'H13=61.6%', 'H14=61.2%', 'H15=62.5%', 'H16=61.2%']
  mean_sigmoid_q_halt: ['0.006', '0.359', '0.273', '0.512', '0.656', '0.727', '0.758', '0.766', '0.781', '0.789', '0.793', '0.789', '0.801', '0.809', '0.812', '0.809']
  halt_rates: ['0.00', '0.00', '0.18', '0.50', '0.68', '0.76', '0.80', '0.79', '0.80', '0.82', '0.82', '0.81', '0.81', '0.84', '0.84', '0.83']
  halt_histogram %: [22.7, 46.3, 11.4, 3.9, 2.1, 1.3, 0.9, 0.7, 0.6, 0.4, 0.4, 0.3, 0.3, 0.2, 0.2, 8.2]
  Avg ACT steps (last 100): 1.77
  saved: /home/jvdillon/projects/sic/code/maze/ckpts/x000l/step02500.pt acc=98.78% (0.085s)
  saved: /home/jvdillon/projects/sic/code/maze/ckpts/x000l/best.pt acc=98.78% (0.168s)
Step  2500  Test 98.78% / 63.60%  Train lm=0.7266±0.0027ϵ[0.7227,0.7422] n_active=128.0000±0.0000ϵ[128.0000,128.0000] n_expunged=0.0000±0.0000ϵ[0.0000,0.0000] n_halted=71.6660±11.1200ϵ[40.0000,98.0000] pool_util=1.0000±0.0000ϵ[1.0000,1.0000]  (27.678s / 173.959s)
  cell_acc=98.91%, puzzle_acc=68.60%
  eval_avg_halt_step: 2.44
  per_H_acc: ['H0=87.5%', 'H1=88.2%', 'H2=98.2%']
  H_cos: ['0.785', '0.883']
  z_H_delta: ['20.750', '21.000']
  cells: fixed=[2044, 22622] broken=[525, 1818]
  per_ACT_cell_acc: ['H1=87.5%', 'H2=88.2%', 'H3=98.2%', 'H4=98.6%', 'H5=98.8%', 'H6=98.9%', 'H7=98.9%', 'H8=99.0%', 'H9=99.0%', 'H10=99.0%', 'H11=99.0%', 'H12=99.0%', 'H13=99.0%', 'H14=99.0%', 'H15=99.0%', 'H16=99.0%']
  per_ACT_puzzle_acc: ['H1=0.0%', 'H2=0.0%', 'H3=23.3%', 'H4=48.7%', 'H5=59.5%', 'H6=65.5%', 'H7=68.1%', 'H8=68.1%', 'H9=68.5%', 'H10=68.5%', 'H11=68.1%', 'H12=68.1%', 'H13=68.5%', 'H14=68.5%', 'H15=68.5%', 'H16=68.5%']
  mean_sigmoid_q_halt: ['0.002', '0.111', '0.266', '0.500', '0.703', '0.816', '0.875', '0.910', '0.922', '0.930', '0.930', '0.930', '0.941', '0.941', '0.938', '0.941']
  halt_rates: ['0.00', '0.00', '0.23', '0.52', '0.72', '0.84', '0.90', '0.93', '0.94', '0.94', '0.95', '0.94', '0.95', '0.95', '0.95', '0.95']
  halt_histogram %: [31.8, 44.1, 9.8, 3.0, 1.6, 1.0, 0.7, 0.5, 0.4, 0.3, 0.3, 0.2, 0.2, 0.2, 0.2, 5.8]
  Avg ACT steps (last 100): 1.63
  saved: /home/jvdillon/projects/sic/code/maze/ckpts/x000l/step03000.pt acc=98.91% (0.083s)
  saved: /home/jvdillon/projects/sic/code/maze/ckpts/x000l/best.pt acc=98.91% (0.164s)
Step  3000  Test 98.91% / 68.60%  Train lm=0.7227±0.0024ϵ[0.7188,0.7344] n_active=128.0000±0.0000ϵ[128.0000,128.0000] n_expunged=0.0000±0.0000ϵ[0.0000,0.0000] n_halted=78.8720±11.0412ϵ[33.0000,105.0000] pool_util=1.0000±0.0000ϵ[1.0000,1.0000]  (27.671s / 174.017s)
  cell_acc=99.07%, puzzle_acc=70.40%
  eval_avg_halt_step: 1.74
  per_H_acc: ['H0=87.5%', 'H1=92.2%', 'H2=98.8%']
  H_cos: ['0.785', '0.918']
  z_H_delta: ['20.875', '21.000']
  cells: fixed=[15525, 14661] broken=[5658, 1011]
  per_ACT_cell_acc: ['H1=87.5%', 'H2=92.2%', 'H3=98.8%', 'H4=99.0%', 'H5=99.0%', 'H6=99.0%', 'H7=99.0%', 'H8=99.0%', 'H9=99.0%', 'H10=99.0%', 'H11=99.1%', 'H12=99.1%', 'H13=99.1%', 'H14=99.1%', 'H15=99.1%', 'H16=99.1%']
  per_ACT_puzzle_acc: ['H1=0.0%', 'H2=0.0%', 'H3=44.0%', 'H4=63.4%', 'H5=66.8%', 'H6=70.3%', 'H7=69.8%', 'H8=70.3%', 'H9=69.4%', 'H10=70.3%', 'H11=69.8%', 'H12=69.4%', 'H13=69.4%', 'H14=69.4%', 'H15=69.0%', 'H16=68.5%']
  mean_sigmoid_q_halt: ['0.002', '0.026', '0.516', '0.723', '0.824', '0.883', '0.898', '0.906', '0.910', '0.918', '0.918', '0.922', '0.930', '0.938', '0.934', '0.941']
  halt_rates: ['0.00', '0.00', '0.49', '0.74', '0.85', '0.90', '0.92', '0.93', '0.93', '0.94', '0.94', '0.94', '0.94', '0.95', '0.96', '0.97']
  halt_histogram %: [39.6, 40.9, 8.4, 2.5, 1.2, 0.8, 0.5, 0.4, 0.3, 0.3, 0.2, 0.1, 0.2, 0.1, 0.1, 4.3]
  Avg ACT steps (last 100): 1.10
  saved: /home/jvdillon/projects/sic/code/maze/ckpts/x000l/step03500.pt acc=99.07% (0.083s)
  saved: /home/jvdillon/projects/sic/code/maze/ckpts/x000l/best.pt acc=99.07% (0.164s)
Step  3500  Test 99.07% / 70.40%  Train lm=0.7227±0.0043ϵ[0.6992,0.7344] n_active=128.0000±0.0000ϵ[128.0000,128.0000] n_expunged=0.0000±0.0000ϵ[0.0000,0.0000] n_halted=86.5860±10.8137ϵ[51.0000,112.0000] pool_util=1.0000±0.0000ϵ[1.0000,1.0000]  (27.669s / 174.007s)
  cell_acc=99.09%, puzzle_acc=70.10%
  eval_avg_halt_step: 1.74
  per_H_acc: ['H0=79.0%', 'H1=89.2%', 'H2=98.6%']
  H_cos: ['0.582', '0.840']
  z_H_delta: ['21.375', '25.125']
  cells: fixed=[30227, 20947] broken=[8923, 1312]
  per_ACT_cell_acc: ['H1=79.0%', 'H2=89.2%', 'H3=98.6%', 'H4=98.8%', 'H5=98.9%', 'H6=99.0%', 'H7=99.0%', 'H8=99.0%', 'H9=99.1%', 'H10=99.0%', 'H11=99.0%', 'H12=99.0%', 'H13=99.0%', 'H14=99.0%', 'H15=99.0%', 'H16=99.0%']
  per_ACT_puzzle_acc: ['H1=0.0%', 'H2=0.0%', 'H3=37.9%', 'H4=58.6%', 'H5=64.2%', 'H6=67.7%', 'H7=69.4%', 'H8=71.1%', 'H9=70.3%', 'H10=70.3%', 'H11=70.3%', 'H12=71.6%', 'H13=69.8%', 'H14=69.8%', 'H15=69.8%', 'H16=70.7%']
  mean_sigmoid_q_halt: ['0.002', '0.164', '0.477', '0.719', '0.852', '0.895', '0.926', '0.934', '0.930', '0.934', '0.926', '0.934', '0.926', '0.930', '0.934', '0.934']
  halt_rates: ['0.00', '0.00', '0.44', '0.72', '0.85', '0.91', '0.94', '0.95', '0.94', '0.94', '0.94', '0.94', '0.94', '0.95', '0.95', '0.95']
  halt_histogram %: [46.0, 37.5, 7.4, 2.1, 1.0, 0.6, 0.4, 0.3, 0.3, 0.2, 0.2, 0.1, 0.1, 0.1, 0.1, 3.4]
  Avg ACT steps (last 100): 1.28
  saved: /home/jvdillon/projects/sic/code/maze/ckpts/x000l/step04000.pt acc=99.09% (0.082s)
  saved: /home/jvdillon/projects/sic/code/maze/ckpts/x000l/best.pt acc=99.09% (0.161s)
Step  4000  Test 99.09% / 70.10%  Train lm=0.7188±0.0087ϵ[0.6875,0.7305] n_active=128.0000±0.0000ϵ[128.0000,128.0000] n_expunged=0.0000±0.0000ϵ[0.0000,0.0000] n_halted=92.3260±9.6651ϵ[37.0000,116.0000] pool_util=1.0000±0.0000ϵ[1.0000,1.0000]  (27.672s / 173.994s)
  cell_acc=99.24%, puzzle_acc=73.70%
  eval_avg_halt_step: 2.15
  per_H_acc: ['H0=86.8%', 'H1=85.7%', 'H2=98.6%']
  H_cos: ['0.498', '0.762']
  z_H_delta: ['21.375', '26.500']
  cells: fixed=[19056, 28367] broken=[21370, 1325]
  per_ACT_cell_acc: ['H1=86.8%', 'H2=85.7%', 'H3=98.6%', 'H4=98.9%', 'H5=99.0%', 'H6=99.1%', 'H7=99.2%', 'H8=99.2%', 'H9=99.2%', 'H10=99.2%', 'H11=99.2%', 'H12=99.2%', 'H13=99.2%', 'H14=99.2%', 'H15=99.2%', 'H16=99.2%']
  per_ACT_puzzle_acc: ['H1=0.0%', 'H2=0.0%', 'H3=36.6%', 'H4=58.6%', 'H5=66.4%', 'H6=70.3%', 'H7=73.3%', 'H8=74.6%', 'H9=75.4%', 'H10=74.1%', 'H11=74.6%', 'H12=74.6%', 'H13=74.6%', 'H14=74.6%', 'H15=75.0%', 'H16=75.0%']
  mean_sigmoid_q_halt: ['0.007', '0.348', '0.527', '0.633', '0.750', '0.812', '0.855', '0.879', '0.891', '0.906', '0.906', '0.898', '0.898', '0.898', '0.891', '0.883']
  halt_rates: ['0.00', '0.00', '0.52', '0.65', '0.77', '0.81', '0.86', '0.88', '0.89', '0.91', '0.92', '0.91', '0.91', '0.91', '0.89', '0.89']
  halt_histogram %: [50.9, 34.8, 6.6, 1.8, 0.9, 0.5, 0.4, 0.3, 0.2, 0.2, 0.1, 0.1, 0.1, 0.1, 0.1, 2.8]
  Avg ACT steps (last 100): 1.38
  saved: /home/jvdillon/projects/sic/code/maze/ckpts/x000l/step04500.pt acc=99.24% (0.082s)
  saved: /home/jvdillon/projects/sic/code/maze/ckpts/x000l/best.pt acc=99.24% (0.162s)
Step  4500  Test 99.24% / 73.70%  Train lm=0.7148±0.0147ϵ[0.6445,0.7383] n_active=128.0000±0.0000ϵ[128.0000,128.0000] n_expunged=0.0000±0.0000ϵ[0.0000,0.0000] n_halted=95.0700±9.7595ϵ[27.0000,114.0000] pool_util=1.0000±0.0000ϵ[1.0000,1.0000]  (27.672s / 174.029s)
  cell_acc=99.09%, puzzle_acc=73.60%
  eval_avg_halt_step: 1.61
  per_H_acc: ['H0=87.5%', 'H1=89.0%', 'H2=98.7%']
  H_cos: ['0.617', '0.875']
  z_H_delta: ['22.500', '23.625']
  cells: fixed=[22570, 21291] broken=[19381, 1022]
  per_ACT_cell_acc: ['H1=87.5%', 'H2=89.0%', 'H3=98.7%', 'H4=99.0%', 'H5=99.0%', 'H6=99.0%', 'H7=99.0%', 'H8=99.0%', 'H9=99.0%', 'H10=99.0%', 'H11=99.1%', 'H12=99.1%', 'H13=99.1%', 'H14=99.1%', 'H15=99.1%', 'H16=99.1%']
  per_ACT_puzzle_acc: ['H1=0.0%', 'H2=0.0%', 'H3=43.5%', 'H4=63.8%', 'H5=68.1%', 'H6=70.7%', 'H7=71.6%', 'H8=72.4%', 'H9=73.3%', 'H10=73.3%', 'H11=73.3%', 'H12=73.3%', 'H13=73.3%', 'H14=73.3%', 'H15=72.8%', 'H16=72.8%']
  mean_sigmoid_q_halt: ['0.048', '0.633', '0.613', '0.781', '0.848', '0.895', '0.922', '0.930', '0.941', '0.945', '0.953', '0.953', '0.957', '0.961', '0.957', '0.957']
  halt_rates: ['0.00', '0.95', '0.58', '0.80', '0.86', '0.91', '0.93', '0.94', '0.95', '0.95', '0.97', '0.96', '0.97', '0.97', '0.97', '0.97']
  halt_histogram %: [55.1, 32.3, 6.0, 1.6, 0.8, 0.5, 0.3, 0.2, 0.2, 0.1, 0.1, 0.1, 0.1, 0.1, 0.1, 2.4]
  Avg ACT steps (last 100): 1.33
  saved: /home/jvdillon/projects/sic/code/maze/ckpts/x000l/step05000.pt acc=99.09% (0.082s)
Step  5000  Test 99.09% / 73.60%  Train lm=0.7070±0.0178ϵ[0.6523,0.7305] n_active=128.0000±0.0000ϵ[128.0000,128.0000] n_expunged=0.0000±0.0000ϵ[0.0000,0.0000] n_halted=98.6200±8.6497ϵ[51.0000,115.0000] pool_util=1.0000±0.0000ϵ[1.0000,1.0000]  (27.679s / 174.034s)
  cell_acc=99.03%, puzzle_acc=71.40%
  eval_avg_halt_step: 2.38
  per_H_acc: ['H0=87.5%', 'H1=87.8%', 'H2=98.4%']
  H_cos: ['0.828', '0.848']
  z_H_delta: ['22.375', '23.375']
  cells: fixed=[776, 23502] broken=[233, 1346]
  per_ACT_cell_acc: ['H1=87.5%', 'H2=87.8%', 'H3=98.4%', 'H4=98.8%', 'H5=98.9%', 'H6=99.0%', 'H7=99.0%', 'H8=99.0%', 'H9=99.0%', 'H10=99.0%', 'H11=98.9%', 'H12=99.0%', 'H13=99.0%', 'H14=99.0%', 'H15=99.0%', 'H16=99.0%']
  per_ACT_puzzle_acc: ['H1=0.0%', 'H2=0.0%', 'H3=26.7%', 'H4=50.0%', 'H5=65.5%', 'H6=70.3%', 'H7=72.0%', 'H8=71.1%', 'H9=72.4%', 'H10=72.0%', 'H11=72.4%', 'H12=72.4%', 'H13=72.0%', 'H14=72.0%', 'H15=72.0%', 'H16=72.0%']
  mean_sigmoid_q_halt: ['0.029', '0.570', '0.377', '0.582', '0.727', '0.832', '0.875', '0.891', '0.902', '0.906', '0.914', '0.914', '0.918', '0.926', '0.926', '0.926']
  halt_rates: ['0.00', '0.82', '0.33', '0.58', '0.75', '0.84', '0.88', '0.90', '0.91', '0.91', '0.92', '0.92', '0.93', '0.93', '0.94', '0.94']
  halt_histogram %: [58.2, 30.5, 5.5, 1.5, 0.7, 0.4, 0.3, 0.2, 0.2, 0.1, 0.1, 0.1, 0.1, 0.1, 0.1, 2.1]
  Avg ACT steps (last 100): 1.16
  saved: /home/jvdillon/projects/sic/code/maze/ckpts/x000l/step05500.pt acc=99.03% (0.083s)
Step  5500  Test 99.03% / 71.40%  Train lm=0.7070±0.0198ϵ[0.6484,0.7344] n_active=128.0000±0.0000ϵ[128.0000,128.0000] n_expunged=0.0000±0.0000ϵ[0.0000,0.0000] n_halted=98.5860±11.8321ϵ[0.0000,117.0000] pool_util=1.0000±0.0000ϵ[1.0000,1.0000]  (27.944s / 174.849s)
  cell_acc=99.31%, puzzle_acc=76.50%
  eval_avg_halt_step: 1.49
  per_H_acc: ['H0=87.5%', 'H1=92.4%', 'H2=99.1%']
  H_cos: ['0.664', '0.918']
  z_H_delta: ['24.250', '21.250']
  cells: fixed=[14513, 14715] broken=[4259, 844]
  per_ACT_cell_acc: ['H1=87.5%', 'H2=92.4%', 'H3=99.1%', 'H4=99.2%', 'H5=99.2%', 'H6=99.2%', 'H7=99.2%', 'H8=99.2%', 'H9=99.2%', 'H10=99.2%', 'H11=99.2%', 'H12=99.2%', 'H13=99.2%', 'H14=99.2%', 'H15=99.2%', 'H16=99.2%']
  per_ACT_puzzle_acc: ['H1=0.0%', 'H2=0.0%', 'H3=56.9%', 'H4=70.3%', 'H5=72.4%', 'H6=73.7%', 'H7=73.3%', 'H8=73.3%', 'H9=72.8%', 'H10=73.3%', 'H11=72.8%', 'H12=72.8%', 'H13=73.3%', 'H14=73.3%', 'H15=73.3%', 'H16=73.3%']
  mean_sigmoid_q_halt: ['0.188', '0.688', '0.715', '0.852', '0.898', '0.930', '0.938', '0.945', '0.945', '0.953', '0.949', '0.957', '0.965', '0.965', '0.969', '0.965']
  halt_rates: ['0.00', '0.92', '0.72', '0.85', '0.90', '0.94', '0.95', '0.95', '0.95', '0.97', '0.95', '0.97', '0.97', '0.97', '0.98', '0.97']
  halt_histogram %: [60.7, 28.9, 5.1, 1.3, 0.6, 0.4, 0.3, 0.2, 0.1, 0.1, 0.1, 0.1, 0.1, 0.1, 0.1, 1.9]
  Avg ACT steps (last 100): 1.15
  saved: /home/jvdillon/projects/sic/code/maze/ckpts/x000l/step06000.pt acc=99.31% (0.082s)
  saved: /home/jvdillon/projects/sic/code/maze/ckpts/x000l/best.pt acc=99.31% (0.162s)
Step  6000  Test 99.31% / 76.50%  Train lm=0.7109±0.0139ϵ[0.6641,0.7266] n_active=128.0000±0.0000ϵ[128.0000,128.0000] n_expunged=0.0000±0.0000ϵ[0.0000,0.0000] n_halted=100.1280±8.6077ϵ[54.0000,117.0000] pool_util=1.0000±0.0000ϵ[1.0000,1.0000]  (28.045s / 175.501s)
  cell_acc=99.13%, puzzle_acc=62.80%
  eval_avg_halt_step: 2.12
  per_H_acc: ['H0=87.5%', 'H1=89.3%', 'H2=98.9%']
  H_cos: ['0.852', '0.863']
  z_H_delta: ['22.125', '20.375']
  cells: fixed=[4570, 21157] broken=[776, 1195]
  per_ACT_cell_acc: ['H1=87.5%', 'H2=89.3%', 'H3=98.9%', 'H4=99.2%', 'H5=99.2%', 'H6=99.3%', 'H7=99.3%', 'H8=99.3%', 'H9=99.3%', 'H10=99.3%', 'H11=99.3%', 'H12=99.3%', 'H13=99.3%', 'H14=99.3%', 'H15=99.3%', 'H16=99.3%']
  per_ACT_puzzle_acc: ['H1=0.0%', 'H2=0.0%', 'H3=47.4%', 'H4=65.1%', 'H5=70.3%', 'H6=75.0%', 'H7=75.0%', 'H8=76.7%', 'H9=75.0%', 'H10=74.6%', 'H11=72.8%', 'H12=72.8%', 'H13=72.4%', 'H14=70.3%', 'H15=70.7%', 'H16=70.7%']
  mean_sigmoid_q_halt: ['0.220', '0.672', '0.562', '0.730', '0.789', '0.840', '0.863', '0.895', '0.906', '0.910', '0.918', '0.918', '0.918', '0.918', '0.918', '0.914']
  halt_rates: ['0.00', '0.94', '0.53', '0.74', '0.80', '0.86', '0.88', '0.92', '0.94', '0.94', '0.94', '0.94', '0.94', '0.94', '0.94', '0.94']
  halt_histogram %: [62.7, 27.7, 4.8, 1.2, 0.6, 0.3, 0.2, 0.2, 0.1, 0.1, 0.1, 0.1, 0.1, 0.1, 0.1, 1.7]
  Avg ACT steps (last 100): 1.21
  saved: /home/jvdillon/projects/sic/code/maze/ckpts/x000l/step06500.pt acc=99.13% (0.082s)
Step  6500  Test 99.13% / 62.80%  Train lm=0.7031±0.0221ϵ[0.6484,0.7305] n_active=128.0000±0.0000ϵ[128.0000,128.0000] n_expunged=0.0000±0.0000ϵ[0.0000,0.0000] n_halted=100.1860±9.8122ϵ[12.0000,118.0000] pool_util=1.0000±0.0000ϵ[1.0000,1.0000]  (27.932s / 175.221s)
  cell_acc=99.05%, puzzle_acc=69.80%
  eval_avg_halt_step: 1.95
  per_H_acc: ['H0=87.0%', 'H1=87.9%', 'H2=98.6%']
  H_cos: ['0.777', '0.832']
  z_H_delta: ['20.625', '25.875']
  cells: fixed=[2379, 23693] broken=[411, 1454]
  per_ACT_cell_acc: ['H1=87.0%', 'H2=87.9%', 'H3=98.6%', 'H4=99.0%', 'H5=99.1%', 'H6=99.1%', 'H7=99.1%', 'H8=99.1%', 'H9=99.1%', 'H10=99.1%', 'H11=99.1%', 'H12=99.1%', 'H13=99.1%', 'H14=99.1%', 'H15=99.1%', 'H16=99.1%']
  per_ACT_puzzle_acc: ['H1=0.0%', 'H2=0.0%', 'H3=40.5%', 'H4=59.9%', 'H5=69.0%', 'H6=70.3%', 'H7=72.0%', 'H8=73.3%', 'H9=74.1%', 'H10=74.1%', 'H11=74.6%', 'H12=73.7%', 'H13=73.3%', 'H14=73.7%', 'H15=73.7%', 'H16=73.3%']
  mean_sigmoid_q_halt: ['0.185', '0.350', '0.504', '0.703', '0.855', '0.879', '0.910', '0.934', '0.949', '0.945', '0.945', '0.938', '0.945', '0.949', '0.949', '0.945']
  halt_rates: ['0.00', '0.01', '0.46', '0.72', '0.88', '0.89', '0.92', '0.94', '0.96', '0.96', '0.97', '0.94', '0.96', '0.96', '0.96', '0.95']
  halt_histogram %: [64.4, 26.7, 4.5, 1.1, 0.5, 0.3, 0.2, 0.2, 0.1, 0.1, 0.1, 0.1, 0.1, 0.0, 0.0, 1.6]
  Avg ACT steps (last 100): 1.27
  saved: /home/jvdillon/projects/sic/code/maze/ckpts/x000l/step07000.pt acc=99.05% (0.082s)
Step  7000  Test 99.05% / 69.80%  Train lm=0.7031±0.0201ϵ[0.6367,0.7266] n_active=128.0000±0.0000ϵ[128.0000,128.0000] n_expunged=0.0000±0.0000ϵ[0.0000,0.0000] n_halted=100.8220±7.7399ϵ[71.0000,116.0000] pool_util=1.0000±0.0000ϵ[1.0000,1.0000]  (27.925s / 175.248s)
  cell_acc=99.16%, puzzle_acc=75.50%
  eval_avg_halt_step: 1.72
  per_H_acc: ['H0=64.0%', 'H1=89.5%', 'H2=98.7%']
  H_cos: ['0.820', '0.863']
  z_H_delta: ['20.500', '21.875']
  cells: fixed=[63875, 20469] broken=[10560, 1289]
  per_ACT_cell_acc: ['H1=64.0%', 'H2=89.5%', 'H3=98.7%', 'H4=99.0%', 'H5=99.0%', 'H6=99.1%', 'H7=99.1%', 'H8=99.1%', 'H9=99.1%', 'H10=99.1%', 'H11=99.1%', 'H12=99.1%', 'H13=99.1%', 'H14=99.1%', 'H15=99.1%', 'H16=99.1%']
  per_ACT_puzzle_acc: ['H1=0.0%', 'H2=0.0%', 'H3=50.0%', 'H4=63.4%', 'H5=68.1%', 'H6=70.3%', 'H7=72.4%', 'H8=73.3%', 'H9=74.6%', 'H10=74.1%', 'H11=74.1%', 'H12=74.1%', 'H13=74.1%', 'H14=74.1%', 'H15=74.1%', 'H16=74.1%']
  mean_sigmoid_q_halt: ['0.445', '0.586', '0.578', '0.773', '0.828', '0.875', '0.902', '0.926', '0.938', '0.945', '0.957', '0.949', '0.957', '0.957', '0.957', '0.957']
  halt_rates: ['0.01', '0.67', '0.55', '0.78', '0.85', '0.90', '0.93', '0.94', '0.95', '0.96', '0.97', '0.97', '0.97', '0.97', '0.97', '0.97']
  halt_histogram %: [65.6, 26.0, 4.3, 1.1, 0.5, 0.3, 0.2, 0.1, 0.1, 0.1, 0.1, 0.1, 0.1, 0.0, 0.0, 1.4]
  Avg ACT steps (last 100): 1.24
  saved: /home/jvdillon/projects/sic/code/maze/ckpts/x000l/step07500.pt acc=99.16% (0.083s)
Step  7500  Test 99.16% / 75.50%  Train lm=0.7031±0.0245ϵ[0.6172,0.7266] n_active=128.0000±0.0000ϵ[128.0000,128.0000] n_expunged=0.0000±0.0000ϵ[0.0000,0.0000] n_halted=98.8700±10.3763ϵ[35.0000,119.0000] pool_util=1.0000±0.0000ϵ[1.0000,1.0000]  (27.936s / 175.285s)
  cell_acc=99.35%, puzzle_acc=79.30%
  eval_avg_halt_step: 1.61
  per_H_acc: ['H0=59.6%', 'H1=88.4%', 'H2=99.0%']
  H_cos: ['0.805', '0.832']
  z_H_delta: ['24.000', '24.125']
  cells: fixed=[78446, 23091] broken=[18312, 972]
  per_ACT_cell_acc: ['H1=59.6%', 'H2=88.4%', 'H3=99.0%', 'H4=99.3%', 'H5=99.3%', 'H6=99.3%', 'H7=99.3%', 'H8=99.4%', 'H9=99.4%', 'H10=99.4%', 'H11=99.4%', 'H12=99.4%', 'H13=99.4%', 'H14=99.4%', 'H15=99.4%', 'H16=99.4%']
  per_ACT_puzzle_acc: ['H1=0.0%', 'H2=0.0%', 'H3=53.4%', 'H4=70.7%', 'H5=75.4%', 'H6=77.2%', 'H7=77.6%', 'H8=78.0%', 'H9=78.0%', 'H10=78.0%', 'H11=78.4%', 'H12=78.0%', 'H13=78.4%', 'H14=78.9%', 'H15=78.4%', 'H16=78.4%']
  mean_sigmoid_q_halt: ['0.218', '0.070', '0.629', '0.812', '0.871', '0.922', '0.941', '0.938', '0.945', '0.949', '0.949', '0.949', '0.953', '0.957', '0.953', '0.957']
  halt_rates: ['0.00', '0.00', '0.59', '0.83', '0.91', '0.95', '0.97', '0.97', '0.97', '0.97', '0.98', '0.97', '0.97', '0.98', '0.98', '0.98']
  halt_histogram %: [66.9, 25.2, 4.1, 1.0, 0.4, 0.3, 0.2, 0.1, 0.1, 0.1, 0.1, 0.0, 0.0, 0.0, 0.0, 1.3]
  Avg ACT steps (last 100): 1.20
  saved: /home/jvdillon/projects/sic/code/maze/ckpts/x000l/step08000.pt acc=99.35% (0.082s)
  saved: /home/jvdillon/projects/sic/code/maze/ckpts/x000l/best.pt acc=99.35% (0.161s)
Step  8000  Test 99.35% / 79.30%  Train lm=0.7070±0.0190ϵ[0.6172,0.7305] n_active=128.0000±0.0000ϵ[128.0000,128.0000] n_expunged=0.0000±0.0000ϵ[0.0000,0.0000] n_halted=101.7920±8.5131ϵ[46.0000,117.0000] pool_util=1.0000±0.0000ϵ[1.0000,1.0000]  (28.046s / 175.199s)
  cell_acc=99.23%, puzzle_acc=77.10%
  eval_avg_halt_step: 1.60
  per_H_acc: ['H0=87.5%', 'H1=91.1%', 'H2=99.1%']
  H_cos: ['0.914', '0.910']
  z_H_delta: ['22.375', '21.625']
  cells: fixed=[8950, 17406] broken=[1447, 779]
  per_ACT_cell_acc: ['H1=87.5%', 'H2=91.1%', 'H3=99.1%', 'H4=99.2%', 'H5=99.2%', 'H6=99.2%', 'H7=99.2%', 'H8=99.2%', 'H9=99.2%', 'H10=99.2%', 'H11=99.3%', 'H12=99.2%', 'H13=99.2%', 'H14=99.2%', 'H15=99.2%', 'H16=99.2%']
  per_ACT_puzzle_acc: ['H1=0.0%', 'H2=0.0%', 'H3=57.8%', 'H4=68.5%', 'H5=75.9%', 'H6=78.0%', 'H7=78.9%', 'H8=79.7%', 'H9=79.7%', 'H10=80.2%', 'H11=80.6%', 'H12=80.6%', 'H13=80.2%', 'H14=80.2%', 'H15=79.7%', 'H16=80.2%']
  mean_sigmoid_q_halt: ['0.334', '0.124', '0.668', '0.781', '0.824', '0.883', '0.902', '0.926', '0.934', '0.930', '0.945', '0.945', '0.934', '0.945', '0.938', '0.938']
  halt_rates: ['0.00', '0.00', '0.66', '0.78', '0.85', '0.90', '0.92', '0.96', '0.96', '0.96', '0.96', '0.97', '0.96', '0.96', '0.96', '0.96']
  halt_histogram %: [68.1, 24.4, 3.9, 0.9, 0.4, 0.2, 0.2, 0.1, 0.1, 0.1, 0.1, 0.0, 0.0, 0.0, 0.0, 1.3]
  Avg ACT steps (last 100): 1.71
  saved: /home/jvdillon/projects/sic/code/maze/ckpts/x000l/step08500.pt acc=99.23% (0.082s)
Step  8500  Test 99.23% / 77.10%  Train lm=0.6953±0.0251ϵ[0.6289,0.7266] n_active=128.0000±0.0000ϵ[128.0000,128.0000] n_expunged=0.0000±0.0000ϵ[0.0000,0.0000] n_halted=102.8400±8.8821ϵ[32.0000,120.0000] pool_util=1.0000±0.0000ϵ[1.0000,1.0000]  (27.935s / 175.192s)
  cell_acc=99.22%, puzzle_acc=77.30%
  eval_avg_halt_step: 1.45
  per_H_acc: ['H0=87.5%', 'H1=90.5%', 'H2=99.0%']
  H_cos: ['0.879', '0.836']
  z_H_delta: ['23.250', '24.625']
  cells: fixed=[8602, 18717] broken=[2249, 978]
  per_ACT_cell_acc: ['H1=87.5%', 'H2=90.5%', 'H3=99.0%', 'H4=99.2%', 'H5=99.2%', 'H6=99.2%', 'H7=99.2%', 'H8=99.2%', 'H9=99.2%', 'H10=99.2%', 'H11=99.2%', 'H12=99.2%', 'H13=99.2%', 'H14=99.2%', 'H15=99.2%', 'H16=99.2%']
  per_ACT_puzzle_acc: ['H1=0.0%', 'H2=0.0%', 'H3=56.0%', 'H4=73.7%', 'H5=77.2%', 'H6=77.6%', 'H7=77.6%', 'H8=77.6%', 'H9=77.2%', 'H10=77.2%', 'H11=77.2%', 'H12=77.2%', 'H13=77.2%', 'H14=77.2%', 'H15=77.2%', 'H16=76.7%']
  mean_sigmoid_q_halt: ['0.723', '0.248', '0.676', '0.871', '0.934', '0.953', '0.965', '0.965', '0.969', '0.973', '0.977', '0.977', '0.977', '0.973', '0.973', '0.973']
  halt_rates: ['1.00', '0.00', '0.67', '0.88', '0.94', '0.97', '0.97', '0.97', '0.98', '0.98', '0.99', '0.99', '0.98', '0.98', '0.98', '0.98']
  halt_histogram %: [69.1, 23.7, 3.8, 0.9, 0.4, 0.2, 0.2, 0.1, 0.1, 0.1, 0.1, 0.0, 0.0, 0.0, 0.0, 1.2]
  Avg ACT steps (last 100): 1.21
  saved: /home/jvdillon/projects/sic/code/maze/ckpts/x000l/step09000.pt acc=99.22% (0.082s)
Step  9000  Test 99.22% / 77.30%  Train lm=0.7031±0.0193ϵ[0.6523,0.7266] n_active=128.0000±0.0000ϵ[128.0000,128.0000] n_expunged=0.0000±0.0000ϵ[0.0000,0.0000] n_halted=102.9140±8.0337ϵ[48.0000,119.0000] pool_util=1.0000±0.0000ϵ[1.0000,1.0000]  (27.645s / 175.150s)
  cell_acc=98.92%, puzzle_acc=70.30%
  eval_avg_halt_step: 2.13
  per_H_acc: ['H0=87.2%', 'H1=89.2%', 'H2=98.6%']
  H_cos: ['0.777', '0.812']
  z_H_delta: ['24.125', '24.750']
  cells: fixed=[5353, 21325] broken=[1314, 1688]
  per_ACT_cell_acc: ['H1=87.2%', 'H2=89.2%', 'H3=98.6%', 'H4=98.8%', 'H5=98.9%', 'H6=99.0%', 'H7=99.0%', 'H8=99.0%', 'H9=99.0%', 'H10=99.0%', 'H11=99.0%', 'H12=99.0%', 'H13=99.0%', 'H14=99.0%', 'H15=99.0%', 'H16=99.0%']
  per_ACT_puzzle_acc: ['H1=0.0%', 'H2=0.0%', 'H3=40.1%', 'H4=61.2%', 'H5=65.1%', 'H6=68.5%', 'H7=69.4%', 'H8=69.8%', 'H9=70.7%', 'H10=71.1%', 'H11=71.1%', 'H12=71.1%', 'H13=71.1%', 'H14=71.1%', 'H15=71.1%', 'H16=71.1%']
  mean_sigmoid_q_halt: ['0.326', '0.054', '0.432', '0.664', '0.785', '0.840', '0.879', '0.898', '0.914', '0.922', '0.922', '0.930', '0.930', '0.930', '0.930', '0.930']
  halt_rates: ['0.00', '0.00', '0.41', '0.66', '0.82', '0.87', '0.91', '0.92', '0.94', '0.95', '0.95', '0.96', '0.96', '0.95', '0.96', '0.96']
  halt_histogram %: [69.9, 23.2, 3.7, 0.9, 0.4, 0.2, 0.1, 0.1, 0.1, 0.1, 0.1, 0.0, 0.0, 0.0, 0.0, 1.1]
  Avg ACT steps (last 100): 1.39
  saved: /home/jvdillon/projects/sic/code/maze/ckpts/x000l/step09500.pt acc=98.92% (0.081s)
Step  9500  Test 98.92% / 70.30%  Train lm=0.6953±0.0287ϵ[0.5938,0.7227] n_active=128.0000±0.0000ϵ[128.0000,128.0000] n_expunged=0.0000±0.0000ϵ[0.0000,0.0000] n_halted=101.4600±9.1018ϵ[28.0000,119.0000] pool_util=1.0000±0.0000ϵ[1.0000,1.0000]  (27.688s / 174.220s)
  cell_acc=99.22%, puzzle_acc=76.00%
  eval_avg_halt_step: 1.61
  per_H_acc: ['H0=87.5%', 'H1=85.8%', 'H2=98.9%']
  H_cos: ['0.762', '0.824']
  z_H_delta: ['22.875', '24.125']
  cells: fixed=[21802, 28476] broken=[25447, 963]
  per_ACT_cell_acc: ['H1=87.5%', 'H2=85.8%', 'H3=98.9%', 'H4=99.1%', 'H5=99.2%', 'H6=99.2%', 'H7=99.2%', 'H8=99.2%', 'H9=99.2%', 'H10=99.2%', 'H11=99.2%', 'H12=99.2%', 'H13=99.2%', 'H14=99.2%', 'H15=99.2%', 'H16=99.2%']
  per_ACT_puzzle_acc: ['H1=0.0%', 'H2=0.0%', 'H3=57.3%', 'H4=68.5%', 'H5=73.7%', 'H6=75.9%', 'H7=76.3%', 'H8=76.7%', 'H9=77.2%', 'H10=77.2%', 'H11=77.2%', 'H12=77.6%', 'H13=77.6%', 'H14=77.6%', 'H15=77.6%', 'H16=77.6%']
  mean_sigmoid_q_halt: ['0.385', '0.488', '0.695', '0.797', '0.852', '0.887', '0.898', '0.902', '0.906', '0.906', '0.906', '0.906', '0.910', '0.910', '0.910', '0.910']
  halt_rates: ['0.00', '0.45', '0.68', '0.80', '0.87', '0.91', '0.94', '0.94', '0.94', '0.94', '0.94', '0.94', '0.94', '0.94', '0.94', '0.94']
  halt_histogram %: [70.7, 22.7, 3.6, 0.8, 0.4, 0.2, 0.1, 0.1, 0.1, 0.1, 0.1, 0.0, 0.0, 0.0, 0.0, 1.1]
  Avg ACT steps (last 100): 1.14
  saved: /home/jvdillon/projects/sic/code/maze/ckpts/x000l/step10000.pt acc=99.22% (0.082s)
Step 10000  Test 99.22% / 76.00%  Train lm=0.6953±0.0260ϵ[0.6172,0.7227] n_active=128.0000±0.0000ϵ[128.0000,128.0000] n_expunged=0.0000±0.0000ϵ[0.0000,0.0000] n_halted=102.5920±8.0276ϵ[58.0000,121.0000] pool_util=1.0000±0.0000ϵ[1.0000,1.0000]  (27.577s / 174.109s)
  cell_acc=99.28%, puzzle_acc=75.70%
  eval_avg_halt_step: 1.61
  per_H_acc: ['H0=72.3%', 'H1=82.9%', 'H2=98.9%']
  H_cos: ['0.738', '0.855']
  z_H_delta: ['21.750', '23.875']
  cells: fixed=[49553, 34342] broken=[27343, 978]
  per_ACT_cell_acc: ['H1=72.3%', 'H2=82.9%', 'H3=98.9%', 'H4=99.2%', 'H5=99.3%', 'H6=99.3%', 'H7=99.3%', 'H8=99.3%', 'H9=99.3%', 'H10=99.3%', 'H11=99.3%', 'H12=99.3%', 'H13=99.3%', 'H14=99.3%', 'H15=99.3%', 'H16=99.3%']
  per_ACT_puzzle_acc: ['H1=0.0%', 'H2=0.0%', 'H3=47.8%', 'H4=65.1%', 'H5=69.8%', 'H6=75.0%', 'H7=76.3%', 'H8=75.4%', 'H9=75.4%', 'H10=75.0%', 'H11=74.6%', 'H12=75.0%', 'H13=74.1%', 'H14=74.6%', 'H15=75.0%', 'H16=74.1%']
  mean_sigmoid_q_halt: ['0.348', '0.750', '0.570', '0.734', '0.816', '0.875', '0.922', '0.938', '0.941', '0.941', '0.945', '0.949', '0.945', '0.941', '0.945', '0.949']
  halt_rates: ['0.00', '0.87', '0.53', '0.73', '0.83', '0.88', '0.94', '0.96', '0.95', '0.95', '0.96', '0.96', '0.95', '0.94', '0.95', '0.95']
  halt_histogram %: [71.3, 22.3, 3.5, 0.8, 0.3, 0.2, 0.1, 0.1, 0.1, 0.1, 0.0, 0.0, 0.0, 0.0, 0.0, 1.0]
  Avg ACT steps (last 100): 1.25
  saved: /home/jvdillon/projects/sic/code/maze/ckpts/x000l/step10500.pt acc=99.28% (0.056s)
Step 10500  Test 99.28% / 75.70%  Train lm=0.6914±0.0330ϵ[0.5859,0.7305] n_active=128.0000±0.0000ϵ[128.0000,128.0000] n_expunged=0.0000±0.0000ϵ[0.0000,0.0000] n_halted=101.4980±10.9863ϵ[30.0000,120.0000] pool_util=1.0000±0.0000ϵ[1.0000,1.0000]  (27.658s / 173.841s)
  cell_acc=99.38%, puzzle_acc=79.10%
  eval_avg_halt_step: 1.51
  per_H_acc: ['H0=87.4%', 'H1=82.4%', 'H2=99.0%']
  H_cos: ['0.809', '0.863']
  z_H_delta: ['21.625', '21.625']
  cells: fixed=[18647, 35684] broken=[29105, 946]
  per_ACT_cell_acc: ['H1=87.4%', 'H2=82.4%', 'H3=99.0%', 'H4=99.3%', 'H5=99.4%', 'H6=99.4%', 'H7=99.4%', 'H8=99.4%', 'H9=99.4%', 'H10=99.4%', 'H11=99.4%', 'H12=99.4%', 'H13=99.4%', 'H14=99.4%', 'H15=99.4%', 'H16=99.4%']
  per_ACT_puzzle_acc: ['H1=0.0%', 'H2=0.0%', 'H3=50.0%', 'H4=74.1%', 'H5=77.6%', 'H6=78.9%', 'H7=79.7%', 'H8=80.2%', 'H9=80.2%', 'H10=80.2%', 'H11=80.6%', 'H12=80.6%', 'H13=81.0%', 'H14=81.0%', 'H15=80.6%', 'H16=80.2%']
  mean_sigmoid_q_halt: ['0.742', '0.914', '0.598', '0.867', '0.902', '0.945', '0.957', '0.973', '0.977', '0.973', '0.977', '0.980', '0.984', '0.984', '0.984', '0.980']
  halt_rates: ['1.00', '1.00', '0.58', '0.89', '0.90', '0.95', '0.97', '0.98', '0.98', '0.97', '0.98', '0.99', '1.00', '0.99', '0.98', '0.99']
  halt_histogram %: [71.9, 21.9, 3.4, 0.8, 0.3, 0.2, 0.1, 0.1, 0.1, 0.1, 0.0, 0.0, 0.0, 0.0, 0.0, 1.0]
  Avg ACT steps (last 100): 1.22
  saved: /home/jvdillon/projects/sic/code/maze/ckpts/x000l/step11000.pt acc=99.38% (0.055s)
  saved: /home/jvdillon/projects/sic/code/maze/ckpts/x000l/best.pt acc=99.38% (0.135s)
Step 11000  Test 99.38% / 79.10%  Train lm=0.6914±0.0269ϵ[0.6055,0.7500] n_active=128.0000±0.0000ϵ[128.0000,128.0000] n_expunged=0.0000±0.0000ϵ[0.0000,0.0000] n_halted=102.1740±9.4383ϵ[36.0000,117.0000] pool_util=1.0000±0.0000ϵ[1.0000,1.0000]  (27.884s / 174.825s)
