Adam params: ('embed_tokens.weight', 'head.weight', 'head.bias', 'q_head.weight', 'q_head.bias')
Muon 2D params: ('reasoning.0.attn.o_proj.weight', 'reasoning.0.mlp.up_proj.weight', 'reasoning.0.mlp.down_proj.weight', 'reasoning.1.attn.o_proj.weight', 'reasoning.1.mlp.up_proj.weight', 'reasoning.1.mlp.down_proj.weight')
Muon 3D params (ensemble_dims=1): ('reasoning.0.attn.qkv_proj.weight', 'reasoning.1.attn.qkv_proj.weight')
  cell_acc=87.72%, puzzle_acc=0.00%
  eval_avg_halt_step: 16.00
  per_H_acc: ['H0=87.3%', 'H1=87.5%', 'H2=87.5%']
  H_cos: ['0.844', '0.961']
  z_H_delta: ['17.750', '10.562']
  cells: fixed=[385, 18] broken=[0, 0]
  per_ACT_cell_acc: ['H1=87.3%', 'H2=87.5%', 'H3=87.5%', 'H4=87.5%', 'H5=87.5%', 'H6=87.8%', 'H7=88.0%', 'H8=88.1%', 'H9=88.1%', 'H10=88.1%', 'H11=88.1%', 'H12=88.1%', 'H13=88.1%', 'H14=88.1%', 'H15=88.1%', 'H16=88.1%']
  per_ACT_puzzle_acc: ['H1=0.0%', 'H2=0.0%', 'H3=0.0%', 'H4=0.0%', 'H5=0.0%', 'H6=0.0%', 'H7=0.0%', 'H8=0.0%', 'H9=0.0%', 'H10=0.0%', 'H11=0.0%', 'H12=0.0%', 'H13=0.0%', 'H14=0.0%', 'H15=0.0%', 'H16=0.0%']
  mean_sigmoid_q_halt: ['0.001', '0.000', '0.000', '0.000', '0.000', '0.000', '0.000', '0.000', '0.000', '0.000', '0.000', '0.000', '0.000', '0.000', '0.000', '0.000']
  halt_rates: ['0.00', '0.00', '0.00', '0.00', '0.00', '0.00', '0.00', '0.00', '0.00', '0.00', '0.00', '0.00', '0.00', '0.00', '0.00', '0.00']
  halt_histogram %: [0.0, 0.0, 0.0, 0.0, 0.0, 0.0, 0.0, 0.0, 0.0, 0.0, 0.0, 0.0, 0.0, 0.0, 0.0, 100.0]
  Avg ACT steps (last 100): 16.00
  saved: /home/jvdillon/projects/sic/code/maze/ckpts/x000f/step00500.pt acc=87.72% (0.067s)
  saved: /home/jvdillon/projects/sic/code/maze/ckpts/x000f/best.pt acc=87.72% (0.130s)
Step   500  Test 87.72% /  0.00%  Train lm=1.1484±0.2090ϵ[1.0781,2.9531] n_active=128.0000±0.0000ϵ[128.0000,128.0000] n_expunged=0.0000±0.0000ϵ[0.0000,0.0000] n_halted=7.9360±30.8988ϵ[0.0000,128.0000] pool_util=1.0000±0.0000ϵ[1.0000,1.0000]  (48.780s / 251.923s)
  cell_acc=93.36%, puzzle_acc=0.10%
  eval_avg_halt_step: 16.00
  per_H_acc: ['H0=87.4%', 'H1=87.5%', 'H2=88.8%']
  H_cos: ['0.762', '0.949']
  z_H_delta: ['20.500', '12.562']
  cells: fixed=[721, 7949] broken=[580, 5245]
  per_ACT_cell_acc: ['H1=87.4%', 'H2=87.5%', 'H3=88.8%', 'H4=90.0%', 'H5=90.9%', 'H6=91.5%', 'H7=92.1%', 'H8=92.4%', 'H9=92.6%', 'H10=92.8%', 'H11=92.9%', 'H12=93.0%', 'H13=93.1%', 'H14=93.1%', 'H15=93.2%', 'H16=93.2%']
  per_ACT_puzzle_acc: ['H1=0.0%', 'H2=0.0%', 'H3=0.0%', 'H4=0.0%', 'H5=0.0%', 'H6=0.0%', 'H7=0.0%', 'H8=0.0%', 'H9=0.0%', 'H10=0.0%', 'H11=0.0%', 'H12=0.0%', 'H13=0.0%', 'H14=0.0%', 'H15=0.0%', 'H16=0.0%']
  mean_sigmoid_q_halt: ['0.001', '0.000', '0.000', '0.000', '0.000', '0.000', '0.000', '0.000', '0.000', '0.000', '0.000', '0.000', '0.000', '0.000', '0.000', '0.000']
  halt_rates: ['0.00', '0.00', '0.00', '0.00', '0.00', '0.00', '0.00', '0.00', '0.00', '0.00', '0.00', '0.00', '0.00', '0.00', '0.00', '0.00']
  halt_histogram %: [0.0, 0.0, 0.0, 0.0, 0.0, 0.0, 0.0, 0.0, 0.0, 0.0, 0.0, 0.0, 0.0, 0.0, 0.0, 100.0]
  Avg ACT steps (last 100): 16.00
  saved: /home/jvdillon/projects/sic/code/maze/ckpts/x000f/step01000.pt acc=93.36% (0.065s)
  saved: /home/jvdillon/projects/sic/code/maze/ckpts/x000f/best.pt acc=93.36% (0.128s)
Step  1000  Test 93.36% /  0.10%  Train lm=1.0391±0.0369ϵ[0.9688,1.1406] n_active=128.0000±0.0000ϵ[128.0000,128.0000] n_expunged=0.0000±0.0000ϵ[0.0000,0.0000] n_halted=7.9360±30.8988ϵ[0.0000,128.0000] pool_util=1.0000±0.0000ϵ[1.0000,1.0000]  (38.567s / 241.598s)
  cell_acc=95.23%, puzzle_acc=2.50%
  eval_avg_halt_step: 13.05
  per_H_acc: ['H0=87.4%', 'H1=87.5%', 'H2=92.4%']
  H_cos: ['0.746', '0.867']
  z_H_delta: ['22.000', '17.750']
  cells: fixed=[194, 19783] broken=[48, 9383]
  per_ACT_cell_acc: ['H1=87.4%', 'H2=87.5%', 'H3=92.4%', 'H4=93.7%', 'H5=94.2%', 'H6=94.5%', 'H7=94.7%', 'H8=94.8%', 'H9=95.0%', 'H10=95.0%', 'H11=95.0%', 'H12=95.1%', 'H13=95.1%', 'H14=95.1%', 'H15=95.1%', 'H16=95.1%']
  per_ACT_puzzle_acc: ['H1=0.0%', 'H2=0.0%', 'H3=0.0%', 'H4=0.0%', 'H5=0.0%', 'H6=0.9%', 'H7=2.2%', 'H8=1.7%', 'H9=1.7%', 'H10=1.7%', 'H11=1.3%', 'H12=0.9%', 'H13=1.3%', 'H14=1.3%', 'H15=0.9%', 'H16=0.9%']
  mean_sigmoid_q_halt: ['0.001', '0.002', '0.008', '0.021', '0.042', '0.055', '0.074', '0.101', '0.133', '0.158', '0.169', '0.176', '0.182', '0.191', '0.196', '0.201']
  halt_rates: ['0.00', '0.00', '0.00', '0.00', '0.00', '0.00', '0.01', '0.04', '0.06', '0.09', '0.12', '0.12', '0.13', '0.14', '0.15', '0.16']
  halt_histogram %: [0.0, 0.2, 1.4, 2.0, 1.8, 1.8, 1.7, 1.5, 1.2, 1.1, 1.1, 1.2, 0.8, 0.7, 0.7, 82.7]
  Avg ACT steps (last 100): 7.77
  saved: /home/jvdillon/projects/sic/code/maze/ckpts/x000f/step01500.pt acc=95.23% (0.065s)
  saved: /home/jvdillon/projects/sic/code/maze/ckpts/x000f/best.pt acc=95.23% (0.128s)
Step  1500  Test 95.23% /  2.50%  Train lm=0.9688±0.0238ϵ[0.9414,1.1016] n_active=128.0000±0.0000ϵ[128.0000,128.0000] n_expunged=0.0000±0.0000ϵ[0.0000,0.0000] n_halted=10.3720±21.1043ϵ[0.0000,128.0000] pool_util=1.0000±0.0000ϵ[1.0000,1.0000]  (38.597s / 241.540s)
  cell_acc=97.91%, puzzle_acc=27.70%
  eval_avg_halt_step: 6.79
  per_H_acc: ['H0=67.4%', 'H1=87.6%', 'H2=96.8%']
  H_cos: ['0.707', '0.902']
  z_H_delta: ['22.875', '15.188']
  cells: fixed=[42262, 23278] broken=[75, 4076]
  per_ACT_cell_acc: ['H1=67.4%', 'H2=87.6%', 'H3=96.8%', 'H4=97.3%', 'H5=97.7%', 'H6=97.8%', 'H7=97.8%', 'H8=97.9%', 'H9=97.9%', 'H10=97.9%', 'H11=97.9%', 'H12=97.9%', 'H13=97.9%', 'H14=97.9%', 'H15=97.9%', 'H16=98.0%']
  per_ACT_puzzle_acc: ['H1=0.0%', 'H2=0.0%', 'H3=1.7%', 'H4=11.2%', 'H5=19.0%', 'H6=25.0%', 'H7=25.9%', 'H8=27.6%', 'H9=28.4%', 'H10=30.2%', 'H11=29.7%', 'H12=29.7%', 'H13=29.7%', 'H14=30.6%', 'H15=30.6%', 'H16=31.0%']
  mean_sigmoid_q_halt: ['0.001', '0.000', '0.016', '0.180', '0.320', '0.400', '0.463', '0.504', '0.531', '0.547', '0.551', '0.543', '0.543', '0.547', '0.551', '0.559']
  halt_rates: ['0.00', '0.00', '0.00', '0.15', '0.32', '0.41', '0.49', '0.54', '0.59', '0.60', '0.58', '0.58', '0.57', '0.57', '0.58', '0.60']
  halt_histogram %: [0.0, 14.6, 11.9, 7.3, 4.4, 3.1, 2.6, 2.2, 1.5, 1.5, 1.2, 1.2, 1.0, 0.7, 0.7, 46.1]
  Avg ACT steps (last 100): 3.06
  saved: /home/jvdillon/projects/sic/code/maze/ckpts/x000f/step02000.pt acc=97.91% (0.063s)
  saved: /home/jvdillon/projects/sic/code/maze/ckpts/x000f/best.pt acc=97.91% (0.126s)
Step  2000  Test 97.91% / 27.70%  Train lm=0.9492±0.0078ϵ[0.9336,0.9727] n_active=128.0000±0.0000ϵ[128.0000,128.0000] n_expunged=0.0000±0.0000ϵ[0.0000,0.0000] n_halted=25.0160±13.2829ϵ[2.0000,64.0000] pool_util=1.0000±0.0000ϵ[1.0000,1.0000]  (38.580s / 241.666s)
  cell_acc=98.34%, puzzle_acc=44.20%
  eval_avg_halt_step: 5.33
  per_H_acc: ['H0=77.0%', 'H1=87.5%', 'H2=97.1%']
  H_cos: ['0.570', '0.816']
  z_H_delta: ['23.125', '20.875']
  cells: fixed=[22006, 23224] broken=[5, 3251]
  per_ACT_cell_acc: ['H1=77.0%', 'H2=87.5%', 'H3=97.1%', 'H4=97.8%', 'H5=98.0%', 'H6=98.1%', 'H7=98.1%', 'H8=98.1%', 'H9=98.2%', 'H10=98.2%', 'H11=98.2%', 'H12=98.2%', 'H13=98.2%', 'H14=98.2%', 'H15=98.2%', 'H16=98.2%']
  per_ACT_puzzle_acc: ['H1=0.0%', 'H2=0.0%', 'H3=3.0%', 'H4=18.1%', 'H5=32.3%', 'H6=35.8%', 'H7=37.1%', 'H8=37.9%', 'H9=39.7%', 'H10=39.2%', 'H11=39.2%', 'H12=39.7%', 'H13=40.1%', 'H14=40.5%', 'H15=40.9%', 'H16=40.1%']
  mean_sigmoid_q_halt: ['0.003', '0.001', '0.039', '0.260', '0.404', '0.498', '0.566', '0.590', '0.609', '0.633', '0.629', '0.637', '0.641', '0.652', '0.648', '0.648']
  halt_rates: ['0.00', '0.00', '0.02', '0.25', '0.41', '0.53', '0.60', '0.61', '0.64', '0.68', '0.65', '0.66', '0.67', '0.69', '0.68', '0.68']
  halt_histogram %: [2.6, 39.4, 14.1, 6.1, 3.3, 2.2, 1.7, 1.4, 1.0, 0.9, 0.8, 0.7, 0.6, 0.5, 0.4, 24.4]
  Avg ACT steps (last 100): 2.81
  saved: /home/jvdillon/projects/sic/code/maze/ckpts/x000f/step02500.pt acc=98.34% (0.064s)
  saved: /home/jvdillon/projects/sic/code/maze/ckpts/x000f/best.pt acc=98.34% (0.126s)
Step  2500  Test 98.34% / 44.20%  Train lm=0.9336±0.0048ϵ[0.9219,0.9531] n_active=128.0000±0.0000ϵ[128.0000,128.0000] n_expunged=0.0000±0.0000ϵ[0.0000,0.0000] n_halted=47.6540±11.9397ϵ[9.0000,86.0000] pool_util=1.0000±0.0000ϵ[1.0000,1.0000]  (38.604s / 241.684s)
  cell_acc=98.44%, puzzle_acc=54.10%
  eval_avg_halt_step: 3.58
  per_H_acc: ['H0=87.3%', 'H1=87.6%', 'H2=97.4%']
  H_cos: ['0.471', '0.879']
  z_H_delta: ['25.625', '16.125']
  cells: fixed=[612, 23326] broken=[79, 2735]
  per_ACT_cell_acc: ['H1=87.3%', 'H2=87.6%', 'H3=97.4%', 'H4=97.9%', 'H5=98.1%', 'H6=98.2%', 'H7=98.2%', 'H8=98.2%', 'H9=98.2%', 'H10=98.2%', 'H11=98.2%', 'H12=98.3%', 'H13=98.3%', 'H14=98.3%', 'H15=98.3%', 'H16=98.3%']
  per_ACT_puzzle_acc: ['H1=0.0%', 'H2=0.0%', 'H3=10.8%', 'H4=30.2%', 'H5=43.1%', 'H6=47.0%', 'H7=49.1%', 'H8=50.4%', 'H9=50.9%', 'H10=50.4%', 'H11=50.9%', 'H12=50.4%', 'H13=51.3%', 'H14=51.7%', 'H15=51.3%', 'H16=52.2%']
  mean_sigmoid_q_halt: ['0.002', '0.012', '0.146', '0.443', '0.625', '0.730', '0.770', '0.797', '0.816', '0.820', '0.820', '0.828', '0.832', '0.840', '0.836', '0.840']
  halt_rates: ['0.00', '0.00', '0.10', '0.44', '0.62', '0.75', '0.81', '0.83', '0.85', '0.85', '0.86', '0.86', '0.87', '0.88', '0.87', '0.87']
  halt_histogram %: [9.3, 49.0, 12.7, 4.5, 2.3, 1.5, 1.2, 0.9, 0.7, 0.6, 0.5, 0.5, 0.4, 0.3, 0.3, 15.3]
  Avg ACT steps (last 100): 2.07
  saved: /home/jvdillon/projects/sic/code/maze/ckpts/x000f/step03000.pt acc=98.44% (0.065s)
  saved: /home/jvdillon/projects/sic/code/maze/ckpts/x000f/best.pt acc=98.44% (0.128s)
Step  3000  Test 98.44% / 54.10%  Train lm=0.9258±0.0034ϵ[0.9180,0.9375] n_active=128.0000±0.0000ϵ[128.0000,128.0000] n_expunged=0.0000±0.0000ϵ[0.0000,0.0000] n_halted=60.4260±9.5720ϵ[34.0000,88.0000] pool_util=1.0000±0.0000ϵ[1.0000,1.0000]  (38.593s / 241.705s)
  cell_acc=98.64%, puzzle_acc=52.50%
  eval_avg_halt_step: 4.04
  per_H_acc: ['H0=75.0%', 'H1=87.3%', 'H2=97.8%']
  H_cos: ['0.598', '0.797']
  z_H_delta: ['22.750', '18.875']
  cells: fixed=[25664, 24621] broken=[0, 2618]
  per_ACT_cell_acc: ['H1=75.0%', 'H2=87.3%', 'H3=97.8%', 'H4=98.2%', 'H5=98.4%', 'H6=98.4%', 'H7=98.5%', 'H8=98.5%', 'H9=98.6%', 'H10=98.6%', 'H11=98.5%', 'H12=98.6%', 'H13=98.5%', 'H14=98.5%', 'H15=98.6%', 'H16=98.6%']
  per_ACT_puzzle_acc: ['H1=0.0%', 'H2=0.0%', 'H3=18.1%', 'H4=32.8%', 'H5=40.5%', 'H6=45.7%', 'H7=48.3%', 'H8=49.1%', 'H9=48.7%', 'H10=49.1%', 'H11=49.1%', 'H12=50.9%', 'H13=49.1%', 'H14=50.4%', 'H15=49.6%', 'H16=48.7%']
  mean_sigmoid_q_halt: ['0.001', '0.000', '0.231', '0.453', '0.551', '0.629', '0.652', '0.672', '0.676', '0.684', '0.684', '0.695', '0.688', '0.688', '0.691', '0.695']
  halt_rates: ['0.00', '0.00', '0.22', '0.44', '0.56', '0.64', '0.67', '0.70', '0.69', '0.70', '0.70', '0.72', '0.71', '0.70', '0.69', '0.72']
  halt_histogram %: [21.7, 47.5, 10.5, 3.4, 1.7, 1.1, 0.8, 0.7, 0.5, 0.4, 0.4, 0.3, 0.3, 0.2, 0.2, 10.4]
  Avg ACT steps (last 100): 1.56
  saved: /home/jvdillon/projects/sic/code/maze/ckpts/x000f/step03500.pt acc=98.64% (0.063s)
  saved: /home/jvdillon/projects/sic/code/maze/ckpts/x000f/best.pt acc=98.64% (0.125s)
Step  3500  Test 98.64% / 52.50%  Train lm=0.9219±0.0027ϵ[0.9180,0.9336] n_active=128.0000±0.0000ϵ[128.0000,128.0000] n_expunged=0.0000±0.0000ϵ[0.0000,0.0000] n_halted=76.5060±9.1768ϵ[44.0000,98.0000] pool_util=1.0000±0.0000ϵ[1.0000,1.0000]  (38.578s / 241.730s)
  cell_acc=98.43%, puzzle_acc=48.80%
  eval_avg_halt_step: 3.03
  per_H_acc: ['H0=53.2%', 'H1=87.4%', 'H2=98.1%']
  H_cos: ['0.490', '0.809']
  z_H_delta: ['23.125', '18.625']
  cells: fixed=[71402, 24526] broken=[0, 2239]
  per_ACT_cell_acc: ['H1=53.2%', 'H2=87.4%', 'H3=98.1%', 'H4=98.4%', 'H5=98.5%', 'H6=98.4%', 'H7=98.5%', 'H8=98.4%', 'H9=98.4%', 'H10=98.4%', 'H11=98.4%', 'H12=98.4%', 'H13=98.4%', 'H14=98.4%', 'H15=98.4%', 'H16=98.4%']
  per_ACT_puzzle_acc: ['H1=0.0%', 'H2=0.0%', 'H3=24.6%', 'H4=47.8%', 'H5=50.9%', 'H6=53.0%', 'H7=53.0%', 'H8=51.3%', 'H9=52.2%', 'H10=53.0%', 'H11=52.6%', 'H12=51.3%', 'H13=50.9%', 'H14=47.8%', 'H15=50.9%', 'H16=50.0%']
  mean_sigmoid_q_halt: ['0.002', '0.001', '0.332', '0.617', '0.672', '0.719', '0.730', '0.754', '0.766', '0.770', '0.773', '0.770', '0.762', '0.750', '0.758', '0.766']
  halt_rates: ['0.00', '0.00', '0.28', '0.63', '0.68', '0.73', '0.73', '0.77', '0.78', '0.78', '0.78', '0.78', '0.76', '0.76', '0.77', '0.77']
  halt_histogram %: [34.0, 42.4, 8.6, 2.6, 1.2, 0.8, 0.6, 0.5, 0.3, 0.3, 0.3, 0.2, 0.2, 0.2, 0.1, 7.6]
  Avg ACT steps (last 100): 1.28
  saved: /home/jvdillon/projects/sic/code/maze/ckpts/x000f/step04000.pt acc=98.43% (0.064s)
Step  4000  Test 98.43% / 48.80%  Train lm=0.9180±0.0109ϵ[0.9141,1.0625] n_active=128.0000±0.0000ϵ[128.0000,128.0000] n_expunged=0.0000±0.0000ϵ[0.0000,0.0000] n_halted=89.6520±7.6480ϵ[64.0000,111.0000] pool_util=1.0000±0.0000ϵ[1.0000,1.0000]  (38.520s / 241.626s)
  cell_acc=98.83%, puzzle_acc=61.00%
  eval_avg_halt_step: 2.25
  per_H_acc: ['H0=66.2%', 'H1=87.5%', 'H2=98.2%']
  H_cos: ['0.598', '0.871']
  z_H_delta: ['23.000', '16.875']
  cells: fixed=[44447, 24373] broken=[0, 2004]
  per_ACT_cell_acc: ['H1=66.2%', 'H2=87.5%', 'H3=98.2%', 'H4=98.5%', 'H5=98.6%', 'H6=98.7%', 'H7=98.7%', 'H8=98.7%', 'H9=98.7%', 'H10=98.7%', 'H11=98.7%', 'H12=98.7%', 'H13=98.7%', 'H14=98.7%', 'H15=98.7%', 'H16=98.7%']
  per_ACT_puzzle_acc: ['H1=0.0%', 'H2=0.0%', 'H3=32.8%', 'H4=47.4%', 'H5=53.4%', 'H6=56.9%', 'H7=59.1%', 'H8=57.8%', 'H9=59.5%', 'H10=58.6%', 'H11=57.3%', 'H12=58.6%', 'H13=59.9%', 'H14=59.5%', 'H15=59.1%', 'H16=59.1%']
  mean_sigmoid_q_halt: ['0.001', '0.002', '0.432', '0.691', '0.766', '0.820', '0.844', '0.855', '0.867', '0.867', '0.867', '0.863', '0.883', '0.883', '0.883', '0.891']
  halt_rates: ['0.00', '0.00', '0.42', '0.70', '0.78', '0.84', '0.85', '0.86', '0.88', '0.89', '0.88', '0.87', '0.90', '0.90', '0.90', '0.90']
  halt_histogram %: [44.7, 36.7, 7.1, 2.0, 1.0, 0.6, 0.5, 0.4, 0.3, 0.2, 0.2, 0.2, 0.2, 0.1, 0.1, 5.8]
  Avg ACT steps (last 100): 1.16
  saved: /home/jvdillon/projects/sic/code/maze/ckpts/x000f/step04500.pt acc=98.83% (0.066s)
  saved: /home/jvdillon/projects/sic/code/maze/ckpts/x000f/best.pt acc=98.83% (0.130s)
Step  4500  Test 98.83% / 61.00%  Train lm=0.9180±0.0027ϵ[0.9141,0.9375] n_active=128.0000±0.0000ϵ[128.0000,128.0000] n_expunged=0.0000±0.0000ϵ[0.0000,0.0000] n_halted=102.1640±5.1195ϵ[86.0000,116.0000] pool_util=1.0000±0.0000ϵ[1.0000,1.0000]  (38.592s / 241.623s)
  cell_acc=98.82%, puzzle_acc=61.10%
  eval_avg_halt_step: 2.38
  per_H_acc: ['H0=50.2%', 'H1=87.5%', 'H2=98.3%']
  H_cos: ['0.508', '0.871']
  z_H_delta: ['23.875', '16.375']
  cells: fixed=[77872, 24604] broken=[0, 1951]
  per_ACT_cell_acc: ['H1=50.2%', 'H2=87.5%', 'H3=98.3%', 'H4=98.6%', 'H5=98.6%', 'H6=98.7%', 'H7=98.6%', 'H8=98.6%', 'H9=98.7%', 'H10=98.7%', 'H11=98.7%', 'H12=98.7%', 'H13=98.7%', 'H14=98.7%', 'H15=98.7%', 'H16=98.7%']
  per_ACT_puzzle_acc: ['H1=0.0%', 'H2=0.0%', 'H3=35.8%', 'H4=52.2%', 'H5=56.5%', 'H6=58.6%', 'H7=60.3%', 'H8=59.1%', 'H9=59.1%', 'H10=59.5%', 'H11=60.3%', 'H12=61.2%', 'H13=61.2%', 'H14=61.2%', 'H15=60.8%', 'H16=61.2%']
  mean_sigmoid_q_halt: ['0.001', '0.003', '0.455', '0.691', '0.793', '0.844', '0.895', '0.895', '0.895', '0.898', '0.906', '0.918', '0.910', '0.914', '0.910', '0.906']
  halt_rates: ['0.00', '0.00', '0.43', '0.69', '0.80', '0.85', '0.91', '0.91', '0.91', '0.91', '0.93', '0.93', '0.93', '0.93', '0.92', '0.92']
  halt_histogram %: [52.6, 32.2, 5.9, 1.7, 0.8, 0.5, 0.4, 0.3, 0.2, 0.2, 0.2, 0.2, 0.1, 0.1, 0.1, 4.6]
  Avg ACT steps (last 100): 1.20
  saved: /home/jvdillon/projects/sic/code/maze/ckpts/x000f/step05000.pt acc=98.82% (0.064s)
Step  5000  Test 98.82% / 61.10%  Train lm=0.9141±0.0011ϵ[0.9141,0.9180] n_active=128.0000±0.0000ϵ[128.0000,128.0000] n_expunged=0.0000±0.0000ϵ[0.0000,0.0000] n_halted=107.9920±4.3490ϵ[92.0000,120.0000] pool_util=1.0000±0.0000ϵ[1.0000,1.0000]  (38.552s / 241.590s)
  cell_acc=98.88%, puzzle_acc=65.00%
  eval_avg_halt_step: 1.99
  per_H_acc: ['H0=50.7%', 'H1=87.5%', 'H2=98.4%']
  H_cos: ['0.523', '0.883']
  z_H_delta: ['23.625', '16.250']
  cells: fixed=[76837, 24666] broken=[0, 1804]
  per_ACT_cell_acc: ['H1=50.7%', 'H2=87.5%', 'H3=98.4%', 'H4=98.6%', 'H5=98.6%', 'H6=98.7%', 'H7=98.7%', 'H8=98.7%', 'H9=98.7%', 'H10=98.8%', 'H11=98.8%', 'H12=98.8%', 'H13=98.8%', 'H14=98.8%', 'H15=98.8%', 'H16=98.8%']
  per_ACT_puzzle_acc: ['H1=0.0%', 'H2=0.0%', 'H3=38.4%', 'H4=53.4%', 'H5=57.8%', 'H6=59.5%', 'H7=59.9%', 'H8=60.3%', 'H9=61.6%', 'H10=62.1%', 'H11=62.5%', 'H12=62.1%', 'H13=62.5%', 'H14=62.9%', 'H15=62.9%', 'H16=62.9%']
  mean_sigmoid_q_halt: ['0.001', '0.003', '0.508', '0.742', '0.824', '0.883', '0.906', '0.914', '0.926', '0.922', '0.938', '0.938', '0.945', '0.945', '0.941', '0.941']
  halt_rates: ['0.00', '0.00', '0.49', '0.75', '0.83', '0.88', '0.91', '0.92', '0.94', '0.94', '0.95', '0.95', '0.95', '0.95', '0.94', '0.95']
  halt_histogram %: [58.5, 28.7, 5.1, 1.4, 0.6, 0.4, 0.3, 0.2, 0.2, 0.2, 0.1, 0.1, 0.1, 0.1, 0.1, 3.8]
  Avg ACT steps (last 100): 1.11
  saved: /home/jvdillon/projects/sic/code/maze/ckpts/x000f/step05500.pt acc=98.88% (0.065s)
  saved: /home/jvdillon/projects/sic/code/maze/ckpts/x000f/best.pt acc=98.88% (0.127s)
Step  5500  Test 98.88% / 65.00%  Train lm=0.9141±0.0004ϵ[0.9141,0.9180] n_active=128.0000±0.0000ϵ[128.0000,128.0000] n_expunged=0.0000±0.0000ϵ[0.0000,0.0000] n_halted=111.6820±3.7144ϵ[100.0000,121.0000] pool_util=1.0000±0.0000ϵ[1.0000,1.0000]  (38.573s / 241.634s)
  cell_acc=98.73%, puzzle_acc=62.00%
  eval_avg_halt_step: 1.94
  per_H_acc: ['H0=52.7%', 'H1=87.5%', 'H2=98.3%']
  H_cos: ['0.482', '0.891']
  z_H_delta: ['23.625', '16.125']
  cells: fixed=[72551, 24571] broken=[0, 1915]
  per_ACT_cell_acc: ['H1=52.7%', 'H2=87.5%', 'H3=98.3%', 'H4=98.5%', 'H5=98.6%', 'H6=98.6%', 'H7=98.6%', 'H8=98.6%', 'H9=98.6%', 'H10=98.6%', 'H11=98.6%', 'H12=98.6%', 'H13=98.6%', 'H14=98.6%', 'H15=98.6%', 'H16=98.6%']
  per_ACT_puzzle_acc: ['H1=0.0%', 'H2=0.0%', 'H3=39.2%', 'H4=52.6%', 'H5=58.2%', 'H6=59.9%', 'H7=60.8%', 'H8=61.6%', 'H9=61.6%', 'H10=62.1%', 'H11=62.1%', 'H12=62.1%', 'H13=62.1%', 'H14=62.1%', 'H15=62.1%', 'H16=62.1%']
  mean_sigmoid_q_halt: ['0.001', '0.003', '0.555', '0.758', '0.859', '0.898', '0.902', '0.926', '0.938', '0.938', '0.934', '0.945', '0.953', '0.949', '0.949', '0.949']
  halt_rates: ['0.00', '0.00', '0.57', '0.75', '0.87', '0.90', '0.91', '0.94', '0.94', '0.95', '0.94', '0.95', '0.96', '0.96', '0.96', '0.95']
  halt_histogram %: [63.1, 25.9, 4.5, 1.2, 0.5, 0.3, 0.3, 0.2, 0.2, 0.1, 0.1, 0.1, 0.1, 0.1, 0.1, 3.2]
  Avg ACT steps (last 100): 1.14
  saved: /home/jvdillon/projects/sic/code/maze/ckpts/x000f/step06000.pt acc=98.73% (0.065s)
Step  6000  Test 98.73% / 62.00%  Train lm=0.9141±0.0000ϵ[0.9141,0.9141] n_active=128.0000±0.0000ϵ[128.0000,128.0000] n_expunged=0.0000±0.0000ϵ[0.0000,0.0000] n_halted=114.1680±3.6291ϵ[104.0000,125.0000] pool_util=1.0000±0.0000ϵ[1.0000,1.0000]  (38.515s / 241.453s)
  cell_acc=98.53%, puzzle_acc=55.30%
  eval_avg_halt_step: 1.65
  per_H_acc: ['H0=57.4%', 'H1=87.5%', 'H2=98.1%']
  H_cos: ['0.504', '0.914']
  z_H_delta: ['23.625', '15.625']
  cells: fixed=[62855, 24393] broken=[0, 2173]
  per_ACT_cell_acc: ['H1=57.4%', 'H2=87.5%', 'H3=98.1%', 'H4=98.2%', 'H5=98.3%', 'H6=98.3%', 'H7=98.4%', 'H8=98.4%', 'H9=98.4%', 'H10=98.4%', 'H11=98.4%', 'H12=98.4%', 'H13=98.4%', 'H14=98.4%', 'H15=98.4%', 'H16=98.4%']
  per_ACT_puzzle_acc: ['H1=0.0%', 'H2=0.0%', 'H3=30.6%', 'H4=41.8%', 'H5=45.7%', 'H6=49.1%', 'H7=51.7%', 'H8=51.7%', 'H9=51.7%', 'H10=52.2%', 'H11=52.2%', 'H12=52.2%', 'H13=52.6%', 'H14=52.6%', 'H15=53.0%', 'H16=53.0%']
  mean_sigmoid_q_halt: ['0.001', '0.014', '0.617', '0.777', '0.816', '0.855', '0.887', '0.906', '0.902', '0.914', '0.918', '0.914', '0.914', '0.922', '0.930', '0.934']
  halt_rates: ['0.00', '0.00', '0.62', '0.78', '0.82', '0.86', '0.89', '0.91', '0.91', '0.92', '0.92', '0.92', '0.92', '0.93', '0.93', '0.94']
  halt_histogram %: [66.6, 23.7, 4.0, 1.1, 0.5, 0.3, 0.2, 0.2, 0.1, 0.1, 0.1, 0.1, 0.1, 0.1, 0.1, 2.8]
  Avg ACT steps (last 100): 1.07
  saved: /home/jvdillon/projects/sic/code/maze/ckpts/x000f/step06500.pt acc=98.53% (0.065s)
Step  6500  Test 98.53% / 55.30%  Train lm=0.9141±0.0000ϵ[0.9141,0.9141] n_active=128.0000±0.0000ϵ[128.0000,128.0000] n_expunged=0.0000±0.0000ϵ[0.0000,0.0000] n_halted=115.1420±3.4230ϵ[106.0000,123.0000] pool_util=1.0000±0.0000ϵ[1.0000,1.0000]  (38.530s / 241.568s)
  cell_acc=98.45%, puzzle_acc=51.20%
  eval_avg_halt_step: 1.51
  per_H_acc: ['H0=62.9%', 'H1=87.5%', 'H2=98.1%']
  H_cos: ['0.512', '0.922']
  z_H_delta: ['23.500', '15.688']
  cells: fixed=[51396, 24275] broken=[0, 2174]
  per_ACT_cell_acc: ['H1=62.9%', 'H2=87.5%', 'H3=98.1%', 'H4=98.1%', 'H5=98.2%', 'H6=98.2%', 'H7=98.3%', 'H8=98.3%', 'H9=98.3%', 'H10=98.3%', 'H11=98.3%', 'H12=98.3%', 'H13=98.3%', 'H14=98.3%', 'H15=98.3%', 'H16=98.3%']
  per_ACT_puzzle_acc: ['H1=0.0%', 'H2=0.0%', 'H3=31.9%', 'H4=38.4%', 'H5=42.2%', 'H6=45.3%', 'H7=47.0%', 'H8=47.8%', 'H9=47.8%', 'H10=47.8%', 'H11=48.3%', 'H12=48.3%', 'H13=48.3%', 'H14=48.7%', 'H15=48.7%', 'H16=48.7%']
  mean_sigmoid_q_halt: ['0.001', '0.015', '0.656', '0.797', '0.828', '0.859', '0.906', '0.922', '0.918', '0.918', '0.938', '0.938', '0.934', '0.934', '0.945', '0.945']
  halt_rates: ['0.00', '0.00', '0.62', '0.79', '0.82', '0.86', '0.91', '0.92', '0.93', '0.92', '0.94', '0.94', '0.93', '0.94', '0.95', '0.95']
  halt_histogram %: [69.3, 22.0, 3.6, 0.9, 0.4, 0.3, 0.2, 0.2, 0.1, 0.1, 0.1, 0.1, 0.1, 0.1, 0.0, 2.5]
  Avg ACT steps (last 100): 1.08
  saved: /home/jvdillon/projects/sic/code/maze/ckpts/x000f/step07000.pt acc=98.45% (0.064s)
Step  7000  Test 98.45% / 51.20%  Train lm=0.9141±0.0000ϵ[0.9141,0.9141] n_active=128.0000±0.0000ϵ[128.0000,128.0000] n_expunged=0.0000±0.0000ϵ[0.0000,0.0000] n_halted=115.0240±3.4021ϵ[103.0000,123.0000] pool_util=1.0000±0.0000ϵ[1.0000,1.0000]  (38.539s / 241.526s)
  cell_acc=98.43%, puzzle_acc=50.70%
  eval_avg_halt_step: 1.50
  per_H_acc: ['H0=64.0%', 'H1=87.5%', 'H2=98.1%']
  H_cos: ['0.516', '0.926']
  z_H_delta: ['23.500', '15.750']
  cells: fixed=[49006, 24254] broken=[0, 2191]
  per_ACT_cell_acc: ['H1=64.0%', 'H2=87.5%', 'H3=98.1%', 'H4=98.1%', 'H5=98.2%', 'H6=98.2%', 'H7=98.2%', 'H8=98.2%', 'H9=98.2%', 'H10=98.2%', 'H11=98.2%', 'H12=98.2%', 'H13=98.2%', 'H14=98.2%', 'H15=98.2%', 'H16=98.2%']
  per_ACT_puzzle_acc: ['H1=0.0%', 'H2=0.0%', 'H3=32.3%', 'H4=37.9%', 'H5=42.2%', 'H6=44.8%', 'H7=46.1%', 'H8=47.8%', 'H9=47.4%', 'H10=47.4%', 'H11=47.8%', 'H12=47.8%', 'H13=47.8%', 'H14=47.8%', 'H15=48.3%', 'H16=48.3%']
  mean_sigmoid_q_halt: ['0.001', '0.016', '0.684', '0.828', '0.859', '0.875', '0.922', '0.926', '0.914', '0.910', '0.938', '0.941', '0.941', '0.941', '0.945', '0.945']
  halt_rates: ['0.00', '0.00', '0.68', '0.84', '0.85', '0.88', '0.94', '0.93', '0.92', '0.91', '0.95', '0.95', '0.94', '0.94', '0.95', '0.95']
  halt_histogram %: [71.5, 20.6, 3.4, 0.8, 0.4, 0.2, 0.2, 0.1, 0.1, 0.1, 0.1, 0.1, 0.1, 0.0, 0.0, 2.2]
  Avg ACT steps (last 100): 1.10
  saved: /home/jvdillon/projects/sic/code/maze/ckpts/x000f/step07500.pt acc=98.43% (0.065s)
Step  7500  Test 98.43% / 50.70%  Train lm=0.9141±0.0000ϵ[0.9141,0.9141] n_active=128.0000±0.0000ϵ[128.0000,128.0000] n_expunged=0.0000±0.0000ϵ[0.0000,0.0000] n_halted=115.5000±3.3051ϵ[106.0000,125.0000] pool_util=1.0000±0.0000ϵ[1.0000,1.0000]  (38.506s / 241.550s)
  cell_acc=98.42%, puzzle_acc=50.70%
  eval_avg_halt_step: 1.45
  per_H_acc: ['H0=64.1%', 'H1=87.5%', 'H2=98.1%']
  H_cos: ['0.516', '0.926']
  z_H_delta: ['23.500', '15.750']
  cells: fixed=[48909, 24249] broken=[0, 2190]
  per_ACT_cell_acc: ['H1=64.1%', 'H2=87.5%', 'H3=98.1%', 'H4=98.1%', 'H5=98.2%', 'H6=98.2%', 'H7=98.2%', 'H8=98.2%', 'H9=98.2%', 'H10=98.2%', 'H11=98.2%', 'H12=98.2%', 'H13=98.2%', 'H14=98.2%', 'H15=98.2%', 'H16=98.2%']
  per_ACT_puzzle_acc: ['H1=0.0%', 'H2=0.0%', 'H3=32.3%', 'H4=38.4%', 'H5=41.8%', 'H6=44.8%', 'H7=46.1%', 'H8=47.4%', 'H9=47.8%', 'H10=47.8%', 'H11=47.8%', 'H12=48.3%', 'H13=48.3%', 'H14=48.3%', 'H15=48.3%', 'H16=48.3%']
  mean_sigmoid_q_halt: ['0.001', '0.016', '0.684', '0.820', '0.855', '0.871', '0.910', '0.930', '0.930', '0.918', '0.945', '0.938', '0.941', '0.945', '0.945', '0.953']
  halt_rates: ['0.00', '0.00', '0.67', '0.82', '0.86', '0.88', '0.92', '0.94', '0.95', '0.93', '0.96', '0.94', '0.94', '0.95', '0.95', '0.96']
  halt_histogram %: [73.2, 19.6, 3.1, 0.8, 0.3, 0.2, 0.2, 0.1, 0.1, 0.1, 0.1, 0.1, 0.1, 0.0, 0.0, 2.0]
  Avg ACT steps (last 100): 1.12
  saved: /home/jvdillon/projects/sic/code/maze/ckpts/x000f/step08000.pt acc=98.42% (0.067s)
Step  8000  Test 98.42% / 50.70%  Train lm=0.9141±0.0000ϵ[0.9141,0.9141] n_active=128.0000±0.0000ϵ[128.0000,128.0000] n_expunged=0.0000±0.0000ϵ[0.0000,0.0000] n_halted=115.2580±3.3921ϵ[102.0000,123.0000] pool_util=1.0000±0.0000ϵ[1.0000,1.0000]  (38.511s / 241.449s)
