Adam params: ('embed_tokens.weight', 'head.weight', 'head.bias', 'q_head.weight', 'q_head.bias')
Muon 2D params: ('reasoning.0.attn.o_proj.weight', 'reasoning.0.mlp.up_proj.weight', 'reasoning.0.mlp.down_proj.weight', 'reasoning.1.attn.o_proj.weight', 'reasoning.1.mlp.up_proj.weight', 'reasoning.1.mlp.down_proj.weight')
Muon 3D params (ensemble_dims=1): ('reasoning.0.attn.qkv_proj.weight', 'reasoning.1.attn.qkv_proj.weight')
  cell_acc=90.47%, puzzle_acc=0.00%
  eval_avg_halt_step: 16.00
  per_H_acc: ['H0=83.5%', 'H1=87.5%', 'H2=87.9%']
  H_cos: ['0.836', '0.973']
  z_H_delta: ['16.750', '8.688']
  cells: fixed=[12134, 1492] broken=[3840, 693]
  per_ACT_cell_acc: ['H1=83.5%', 'H2=87.5%', 'H3=87.9%', 'H4=88.5%', 'H5=89.1%', 'H6=89.5%', 'H7=89.7%', 'H8=89.9%', 'H9=90.0%', 'H10=90.2%', 'H11=90.2%', 'H12=90.3%', 'H13=90.3%', 'H14=90.4%', 'H15=90.4%', 'H16=90.4%']
  per_ACT_puzzle_acc: ['H1=0.0%', 'H2=0.0%', 'H3=0.0%', 'H4=0.0%', 'H5=0.0%', 'H6=0.0%', 'H7=0.0%', 'H8=0.0%', 'H9=0.0%', 'H10=0.0%', 'H11=0.0%', 'H12=0.0%', 'H13=0.0%', 'H14=0.0%', 'H15=0.0%', 'H16=0.0%']
  mean_sigmoid_q_halt: ['0.003', '0.001', '0.000', '0.000', '0.000', '0.000', '0.000', '0.000', '0.000', '0.000', '0.000', '0.000', '0.000', '0.000', '0.000', '0.000']
  halt_rates: ['0.00', '0.00', '0.00', '0.00', '0.00', '0.00', '0.00', '0.00', '0.00', '0.00', '0.00', '0.00', '0.00', '0.00', '0.00', '0.00']
  halt_histogram %: [0.0, 0.0, 0.0, 0.0, 0.0, 0.0, 0.0, 0.0, 0.0, 1.1, 0.0, 0.0, 0.0, 0.0, 0.0, 98.9]
  Avg ACT steps (last 100): 16.00
  saved: /home/jvdillon/projects/sic/code/maze/ckpts/x000a/step00500.pt acc=90.47% (0.070s)
  saved: /home/jvdillon/projects/sic/code/maze/ckpts/x000a/best.pt acc=90.47% (0.136s)
Step   500  Test 90.47% /  0.00%  Train lm=1.1328±0.1621ϵ[1.0234,2.5469] n_active=120.0000±0.0000ϵ[120.0000,120.0000] n_expunged=0.0000±0.0000ϵ[0.0000,0.0000] n_halted=7.4400±27.1389ϵ[0.0000,120.0000] pool_util=1.0000±0.0000ϵ[1.0000,1.0000]  (44.308s / 229.525s)
  cell_acc=97.27%, puzzle_acc=8.40%
  eval_avg_halt_step: 15.42
  per_H_acc: ['H0=19.8%', 'H1=87.1%', 'H2=94.3%']
  H_cos: ['0.314', '0.879']
  z_H_delta: ['21.625', '15.562']
  cells: fixed=[140618, 19997] broken=[0, 5098]
  per_ACT_cell_acc: ['H1=19.8%', 'H2=87.1%', 'H3=94.3%', 'H4=95.8%', 'H5=96.5%', 'H6=96.8%', 'H7=97.0%', 'H8=97.1%', 'H9=97.2%', 'H10=97.2%', 'H11=97.2%', 'H12=97.3%', 'H13=97.2%', 'H14=97.2%', 'H15=97.2%', 'H16=97.2%']
  per_ACT_puzzle_acc: ['H1=0.0%', 'H2=0.0%', 'H3=0.0%', 'H4=0.0%', 'H5=1.7%', 'H6=4.3%', 'H7=6.0%', 'H8=6.9%', 'H9=9.1%', 'H10=10.3%', 'H11=9.9%', 'H12=10.3%', 'H13=9.1%', 'H14=9.5%', 'H15=9.1%', 'H16=8.2%']
  mean_sigmoid_q_halt: ['0.011', '0.002', '0.001', '0.002', '0.019', '0.035', '0.033', '0.038', '0.051', '0.059', '0.065', '0.068', '0.069', '0.071', '0.073', '0.076']
  halt_rates: ['0.00', '0.00', '0.00', '0.00', '0.00', '0.01', '0.00', '0.00', '0.02', '0.02', '0.02', '0.02', '0.03', '0.03', '0.03', '0.04']
  halt_histogram %: [0.4, 0.3, 1.8, 2.6, 3.0, 2.6, 2.3, 1.6, 1.5, 1.8, 1.2, 0.8, 0.9, 0.7, 0.6, 78.0]
  Avg ACT steps (last 100): 7.70
  saved: /home/jvdillon/projects/sic/code/maze/ckpts/x000a/step01000.pt acc=97.27% (0.070s)
  saved: /home/jvdillon/projects/sic/code/maze/ckpts/x000a/best.pt acc=97.27% (0.135s)
Step  1000  Test 97.27% /  8.40%  Train lm=0.9805±0.0289ϵ[0.9414,1.0859] n_active=120.0000±0.0000ϵ[120.0000,120.0000] n_expunged=0.0000±0.0000ϵ[0.0000,0.0000] n_halted=9.5260±12.7911ϵ[0.0000,49.0000] pool_util=1.0000±0.0000ϵ[1.0000,1.0000]  (38.688s / 226.641s)
  cell_acc=98.35%, puzzle_acc=45.20%
  eval_avg_halt_step: 5.48
  per_H_acc: ['H0=37.7%', 'H1=89.8%', 'H2=97.4%']
  H_cos: ['0.504', '0.902']
  z_H_delta: ['21.875', '14.875']
  cells: fixed=[116962, 17984] broken=[8224, 2165]
  per_ACT_cell_acc: ['H1=37.7%', 'H2=89.8%', 'H3=97.4%', 'H4=98.0%', 'H5=98.2%', 'H6=98.3%', 'H7=98.4%', 'H8=98.4%', 'H9=98.3%', 'H10=98.3%', 'H11=98.4%', 'H12=98.4%', 'H13=98.4%', 'H14=98.4%', 'H15=98.4%', 'H16=98.4%']
  per_ACT_puzzle_acc: ['H1=0.0%', 'H2=0.0%', 'H3=3.4%', 'H4=17.7%', 'H5=32.3%', 'H6=41.8%', 'H7=44.8%', 'H8=44.4%', 'H9=45.3%', 'H10=47.0%', 'H11=46.1%', 'H12=46.6%', 'H13=45.7%', 'H14=47.0%', 'H15=45.7%', 'H16=46.6%']
  mean_sigmoid_q_halt: ['0.002', '0.003', '0.034', '0.260', '0.400', '0.508', '0.570', '0.609', '0.637', '0.652', '0.652', '0.656', '0.660', '0.676', '0.680', '0.680']
  halt_rates: ['0.00', '0.00', '0.00', '0.24', '0.45', '0.59', '0.61', '0.66', '0.71', '0.71', '0.71', '0.71', '0.73', '0.74', '0.75', '0.75']
  halt_histogram %: [1.1, 28.8, 14.2, 7.3, 4.7, 3.4, 2.4, 1.7, 1.4, 1.3, 1.0, 0.7, 0.7, 0.7, 0.4, 30.3]
  Avg ACT steps (last 100): 2.51
  saved: /home/jvdillon/projects/sic/code/maze/ckpts/x000a/step01500.pt acc=98.35% (0.069s)
  saved: /home/jvdillon/projects/sic/code/maze/ckpts/x000a/best.pt acc=98.35% (0.135s)
Step  1500  Test 98.35% / 45.20%  Train lm=0.9453±0.0086ϵ[0.9297,0.9688] n_active=120.0000±0.0000ϵ[120.0000,120.0000] n_expunged=0.0000±0.0000ϵ[0.0000,0.0000] n_halted=30.4480±15.1221ϵ[1.0000,70.0000] pool_util=1.0000±0.0000ϵ[1.0000,1.0000]  (38.689s / 226.865s)
  cell_acc=98.81%, puzzle_acc=57.80%
  eval_avg_halt_step: 4.29
  per_H_acc: ['H0=53.1%', 'H1=92.7%', 'H2=98.2%']
  H_cos: ['0.742', '0.930']
  z_H_delta: ['19.000', '13.500']
  cells: fixed=[90906, 12640] broken=[8043, 1328]
  per_ACT_cell_acc: ['H1=53.1%', 'H2=92.7%', 'H3=98.2%', 'H4=98.7%', 'H5=98.8%', 'H6=98.9%', 'H7=98.9%', 'H8=98.9%', 'H9=98.9%', 'H10=98.9%', 'H11=98.9%', 'H12=98.9%', 'H13=98.9%', 'H14=98.9%', 'H15=98.9%', 'H16=98.9%']
  per_ACT_puzzle_acc: ['H1=0.0%', 'H2=0.0%', 'H3=17.2%', 'H4=37.1%', 'H5=45.3%', 'H6=52.2%', 'H7=54.7%', 'H8=56.0%', 'H9=57.8%', 'H10=58.2%', 'H11=58.2%', 'H12=58.6%', 'H13=57.3%', 'H14=57.8%', 'H15=58.2%', 'H16=57.3%']
  mean_sigmoid_q_halt: ['0.002', '0.007', '0.187', '0.438', '0.531', '0.652', '0.691', '0.715', '0.727', '0.734', '0.742', '0.734', '0.738', '0.742', '0.738', '0.742']
  halt_rates: ['0.00', '0.00', '0.17', '0.44', '0.55', '0.69', '0.75', '0.77', '0.78', '0.78', '0.79', '0.78', '0.79', '0.79', '0.78', '0.78']
  halt_histogram %: [13.2, 43.5, 12.9, 5.2, 2.9, 2.1, 1.4, 1.0, 0.8, 0.7, 0.6, 0.4, 0.4, 0.4, 0.3, 14.4]
  Avg ACT steps (last 100): 2.14
  saved: /home/jvdillon/projects/sic/code/maze/ckpts/x000a/step02000.pt acc=98.81% (0.069s)
  saved: /home/jvdillon/projects/sic/code/maze/ckpts/x000a/best.pt acc=98.81% (0.135s)
Step  2000  Test 98.81% / 57.80%  Train lm=0.9297±0.0043ϵ[0.9219,0.9570] n_active=120.0000±0.0000ϵ[120.0000,120.0000] n_expunged=0.0000±0.0000ϵ[0.0000,0.0000] n_halted=53.8640±11.6848ϵ[25.0000,95.0000] pool_util=1.0000±0.0000ϵ[1.0000,1.0000]  (38.725s / 226.886s)
  cell_acc=98.80%, puzzle_acc=59.40%
  eval_avg_halt_step: 2.68
  per_H_acc: ['H0=60.3%', 'H1=88.3%', 'H2=98.3%']
  H_cos: ['0.668', '0.859']
  z_H_delta: ['21.375', '17.125']
  cells: fixed=[63012, 22177] broken=[4431, 1471]
  per_ACT_cell_acc: ['H1=60.3%', 'H2=88.3%', 'H3=98.3%', 'H4=98.7%', 'H5=98.8%', 'H6=98.8%', 'H7=98.8%', 'H8=98.9%', 'H9=98.9%', 'H10=98.9%', 'H11=98.9%', 'H12=98.9%', 'H13=98.9%', 'H14=98.9%', 'H15=98.9%', 'H16=98.9%']
  per_ACT_puzzle_acc: ['H1=0.0%', 'H2=0.0%', 'H3=22.0%', 'H4=48.7%', 'H5=58.6%', 'H6=62.1%', 'H7=62.9%', 'H8=62.9%', 'H9=63.8%', 'H10=64.7%', 'H11=64.7%', 'H12=63.4%', 'H13=63.8%', 'H14=62.5%', 'H15=63.4%', 'H16=63.4%']
  mean_sigmoid_q_halt: ['0.003', '0.014', '0.309', '0.547', '0.719', '0.777', '0.797', '0.797', '0.801', '0.797', '0.805', '0.801', '0.805', '0.805', '0.809', '0.797']
  halt_rates: ['0.00', '0.00', '0.28', '0.56', '0.77', '0.82', '0.84', '0.85', '0.84', '0.84', '0.85', '0.84', '0.85', '0.85', '0.85', '0.83']
  halt_histogram %: [27.4, 42.8, 10.4, 3.7, 1.9, 1.4, 0.9, 0.6, 0.5, 0.4, 0.4, 0.3, 0.2, 0.2, 0.2, 8.7]
  Avg ACT steps (last 100): 1.67
  saved: /home/jvdillon/projects/sic/code/maze/ckpts/x000a/step02500.pt acc=98.80% (0.067s)
Step  2500  Test 98.80% / 59.40%  Train lm=0.9258±0.0036ϵ[0.9180,0.9414] n_active=120.0000±0.0000ϵ[120.0000,120.0000] n_expunged=0.0000±0.0000ϵ[0.0000,0.0000] n_halted=69.3000±10.4319ϵ[35.0000,97.0000] pool_util=1.0000±0.0000ϵ[1.0000,1.0000]  (38.674s / 226.966s)
  cell_acc=98.69%, puzzle_acc=47.50%
  eval_avg_halt_step: 2.77
  per_H_acc: ['H0=56.3%', 'H1=92.8%', 'H2=98.5%']
  H_cos: ['0.750', '0.906']
  z_H_delta: ['20.375', '14.875']
  cells: fixed=[78703, 13279] broken=[2582, 1183]
  per_ACT_cell_acc: ['H1=56.3%', 'H2=92.8%', 'H3=98.5%', 'H4=98.6%', 'H5=98.7%', 'H6=98.7%', 'H7=98.8%', 'H8=98.8%', 'H9=98.8%', 'H10=98.8%', 'H11=98.8%', 'H12=98.8%', 'H13=98.8%', 'H14=98.8%', 'H15=98.8%', 'H16=98.8%']
  per_ACT_puzzle_acc: ['H1=0.0%', 'H2=0.0%', 'H3=44.8%', 'H4=59.5%', 'H5=62.9%', 'H6=62.5%', 'H7=63.8%', 'H8=64.7%', 'H9=64.7%', 'H10=64.2%', 'H11=63.8%', 'H12=63.4%', 'H13=62.1%', 'H14=60.3%', 'H15=59.9%', 'H16=59.5%']
  mean_sigmoid_q_halt: ['0.003', '0.006', '0.535', '0.738', '0.797', '0.812', '0.828', '0.848', '0.848', '0.852', '0.855', '0.855', '0.852', '0.844', '0.840', '0.832']
  halt_rates: ['0.00', '0.00', '0.53', '0.75', '0.82', '0.83', '0.85', '0.87', '0.88', '0.88', '0.88', '0.88', '0.88', '0.87', '0.86', '0.86']
  halt_histogram %: [42.4, 36.3, 8.0, 2.7, 1.4, 0.9, 0.6, 0.4, 0.4, 0.3, 0.2, 0.2, 0.2, 0.2, 0.1, 5.8]
  Avg ACT steps (last 100): 1.20
  saved: /home/jvdillon/projects/sic/code/maze/ckpts/x000a/step03000.pt acc=98.69% (0.067s)
Step  3000  Test 98.69% / 47.50%  Train lm=0.9219±0.0028ϵ[0.9141,0.9297] n_active=120.0000±0.0000ϵ[120.0000,120.0000] n_expunged=0.0000±0.0000ϵ[0.0000,0.0000] n_halted=87.0440±9.9121ϵ[48.0000,108.0000] pool_util=1.0000±0.0000ϵ[1.0000,1.0000]  (38.642s / 227.007s)
  cell_acc=98.91%, puzzle_acc=68.40%
  eval_avg_halt_step: 2.05
  per_H_acc: ['H0=49.3%', 'H1=67.3%', 'H2=98.5%']
  H_cos: ['0.734', '0.754']
  z_H_delta: ['19.750', '20.625']
  cells: fixed=[37623, 66451] broken=[111, 1348]
  per_ACT_cell_acc: ['H1=49.3%', 'H2=67.3%', 'H3=98.5%', 'H4=98.7%', 'H5=98.7%', 'H6=98.8%', 'H7=98.9%', 'H8=98.9%', 'H9=98.9%', 'H10=98.9%', 'H11=98.9%', 'H12=98.9%', 'H13=98.9%', 'H14=98.9%', 'H15=98.9%', 'H16=98.9%']
  per_ACT_puzzle_acc: ['H1=0.0%', 'H2=0.0%', 'H3=41.4%', 'H4=59.9%', 'H5=62.1%', 'H6=63.4%', 'H7=65.1%', 'H8=65.9%', 'H9=65.9%', 'H10=65.9%', 'H11=66.4%', 'H12=66.4%', 'H13=65.9%', 'H14=66.4%', 'H15=65.9%', 'H16=66.8%']
  mean_sigmoid_q_halt: ['0.005', '0.013', '0.535', '0.715', '0.824', '0.863', '0.875', '0.895', '0.898', '0.902', '0.906', '0.910', '0.910', '0.910', '0.918', '0.922']
  halt_rates: ['0.00', '0.00', '0.53', '0.74', '0.86', '0.90', '0.91', '0.93', '0.94', '0.94', '0.94', '0.95', '0.94', '0.94', '0.95', '0.95']
  halt_histogram %: [51.6, 31.6, 6.5, 2.1, 1.0, 0.7, 0.5, 0.3, 0.3, 0.2, 0.2, 0.1, 0.1, 0.1, 0.1, 4.4]
  Avg ACT steps (last 100): 1.22
  saved: /home/jvdillon/projects/sic/code/maze/ckpts/x000a/step03500.pt acc=98.91% (0.068s)
  saved: /home/jvdillon/projects/sic/code/maze/ckpts/x000a/best.pt acc=98.91% (0.133s)
Step  3500  Test 98.91% / 68.40%  Train lm=0.9180±0.0031ϵ[0.9141,0.9336] n_active=120.0000±0.0000ϵ[120.0000,120.0000] n_expunged=0.0000±0.0000ϵ[0.0000,0.0000] n_halted=89.4940±12.7365ϵ[40.0000,110.0000] pool_util=1.0000±0.0000ϵ[1.0000,1.0000]  (38.717s / 226.883s)
  cell_acc=99.01%, puzzle_acc=67.70%
  eval_avg_halt_step: 1.85
  per_H_acc: ['H0=49.8%', 'H1=85.3%', 'H2=98.7%']
  H_cos: ['0.637', '0.859']
  z_H_delta: ['22.250', '17.125']
  cells: fixed=[75529, 29110] broken=[1424, 1158]
  per_ACT_cell_acc: ['H1=49.8%', 'H2=85.3%', 'H3=98.7%', 'H4=98.9%', 'H5=99.0%', 'H6=99.0%', 'H7=99.0%', 'H8=99.0%', 'H9=99.0%', 'H10=99.0%', 'H11=99.0%', 'H12=99.0%', 'H13=99.0%', 'H14=99.0%', 'H15=99.0%', 'H16=99.0%']
  per_ACT_puzzle_acc: ['H1=0.0%', 'H2=0.0%', 'H3=44.4%', 'H4=63.8%', 'H5=66.4%', 'H6=67.7%', 'H7=69.4%', 'H8=69.0%', 'H9=68.1%', 'H10=68.1%', 'H11=67.7%', 'H12=68.1%', 'H13=67.7%', 'H14=67.7%', 'H15=66.8%', 'H16=66.8%']
  mean_sigmoid_q_halt: ['0.068', '0.032', '0.539', '0.809', '0.879', '0.910', '0.926', '0.934', '0.930', '0.930', '0.926', '0.926', '0.926', '0.926', '0.922', '0.922']
  halt_rates: ['0.00', '0.00', '0.52', '0.82', '0.90', '0.94', '0.95', '0.96', '0.95', '0.95', '0.95', '0.94', '0.95', '0.95', '0.94', '0.94']
  halt_histogram %: [56.3, 29.7, 5.7, 1.7, 0.9, 0.6, 0.4, 0.3, 0.2, 0.2, 0.2, 0.1, 0.1, 0.1, 0.1, 3.5]
  Avg ACT steps (last 100): 1.15
  saved: /home/jvdillon/projects/sic/code/maze/ckpts/x000a/step04000.pt acc=99.01% (0.071s)
  saved: /home/jvdillon/projects/sic/code/maze/ckpts/x000a/best.pt acc=99.01% (0.137s)
Step  4000  Test 99.01% / 67.70%  Train lm=0.9180±0.0025ϵ[0.9141,0.9297] n_active=120.0000±0.0000ϵ[120.0000,120.0000] n_expunged=0.0000±0.0000ϵ[0.0000,0.0000] n_halted=90.3760±10.4584ϵ[44.0000,110.0000] pool_util=1.0000±0.0000ϵ[1.0000,1.0000]  (38.708s / 226.920s)
  cell_acc=98.95%, puzzle_acc=66.60%
  eval_avg_halt_step: 1.83
  per_H_acc: ['H0=49.6%', 'H1=74.4%', 'H2=98.5%']
  H_cos: ['0.609', '0.777']
  z_H_delta: ['22.250', '20.375']
  cells: fixed=[52776, 51832] broken=[942, 1528]
  per_ACT_cell_acc: ['H1=49.6%', 'H2=74.4%', 'H3=98.5%', 'H4=98.7%', 'H5=98.7%', 'H6=98.8%', 'H7=98.7%', 'H8=98.7%', 'H9=98.7%', 'H10=98.7%', 'H11=98.8%', 'H12=98.8%', 'H13=98.8%', 'H14=98.8%', 'H15=98.8%', 'H16=98.8%']
  per_ACT_puzzle_acc: ['H1=0.0%', 'H2=0.0%', 'H3=40.5%', 'H4=55.6%', 'H5=57.8%', 'H6=58.6%', 'H7=59.9%', 'H8=59.9%', 'H9=60.3%', 'H10=60.3%', 'H11=59.9%', 'H12=60.8%', 'H13=61.2%', 'H14=61.2%', 'H15=62.1%', 'H16=61.6%']
  mean_sigmoid_q_halt: ['0.023', '0.011', '0.570', '0.809', '0.879', '0.891', '0.902', '0.914', '0.910', '0.902', '0.914', '0.906', '0.910', '0.914', '0.914', '0.914']
  halt_rates: ['0.00', '0.00', '0.56', '0.82', '0.90', '0.92', '0.92', '0.93', '0.94', '0.93', '0.94', '0.93', '0.92', '0.94', '0.94', '0.94']
  halt_histogram %: [61.8, 26.5, 4.8, 1.4, 0.7, 0.5, 0.3, 0.2, 0.2, 0.2, 0.1, 0.1, 0.1, 0.1, 0.1, 2.9]
  Avg ACT steps (last 100): 1.20
  saved: /home/jvdillon/projects/sic/code/maze/ckpts/x000a/step04500.pt acc=98.95% (0.069s)
Step  4500  Test 98.95% / 66.60%  Train lm=0.9141±0.0023ϵ[0.9141,0.9258] n_active=120.0000±0.0000ϵ[120.0000,120.0000] n_expunged=0.0000±0.0000ϵ[0.0000,0.0000] n_halted=100.8200±9.3738ϵ[40.0000,115.0000] pool_util=1.0000±0.0000ϵ[1.0000,1.0000]  (38.674s / 226.888s)
  cell_acc=98.94%, puzzle_acc=68.10%
  eval_avg_halt_step: 1.98
  per_H_acc: ['H0=49.8%', 'H1=71.7%', 'H2=98.7%']
  H_cos: ['0.570', '0.766']
  z_H_delta: ['22.750', '20.125']
  cells: fixed=[48904, 57816] broken=[3214, 1422]
  per_ACT_cell_acc: ['H1=49.8%', 'H2=71.7%', 'H3=98.7%', 'H4=98.9%', 'H5=99.0%', 'H6=99.0%', 'H7=99.0%', 'H8=99.0%', 'H9=99.0%', 'H10=99.0%', 'H11=99.0%', 'H12=99.0%', 'H13=99.0%', 'H14=99.0%', 'H15=99.0%', 'H16=99.0%']
  per_ACT_puzzle_acc: ['H1=0.0%', 'H2=0.0%', 'H3=41.4%', 'H4=60.8%', 'H5=65.5%', 'H6=65.9%', 'H7=67.2%', 'H8=67.2%', 'H9=68.1%', 'H10=68.1%', 'H11=67.2%', 'H12=66.4%', 'H13=66.8%', 'H14=67.2%', 'H15=66.4%', 'H16=66.4%']
  mean_sigmoid_q_halt: ['0.029', '0.005', '0.531', '0.793', '0.891', '0.906', '0.938', '0.930', '0.938', '0.938', '0.941', '0.938', '0.949', '0.941', '0.945', '0.941']
  halt_rates: ['0.00', '0.00', '0.53', '0.81', '0.91', '0.93', '0.96', '0.95', '0.96', '0.96', '0.97', '0.96', '0.97', '0.96', '0.97', '0.96']
  halt_histogram %: [65.7, 24.2, 4.3, 1.2, 0.6, 0.4, 0.3, 0.2, 0.2, 0.1, 0.1, 0.1, 0.1, 0.1, 0.1, 2.4]
  Avg ACT steps (last 100): 1.12
  saved: /home/jvdillon/projects/sic/code/maze/ckpts/x000a/step05000.pt acc=98.94% (0.070s)
Step  5000  Test 98.94% / 68.10%  Train lm=0.9141±0.0012ϵ[0.9141,0.9180] n_active=120.0000±0.0000ϵ[120.0000,120.0000] n_expunged=0.0000±0.0000ϵ[0.0000,0.0000] n_halted=103.9680±4.0536ϵ[90.0000,114.0000] pool_util=1.0000±0.0000ϵ[1.0000,1.0000]  (38.672s / 226.926s)
  cell_acc=99.08%, puzzle_acc=71.50%
  eval_avg_halt_step: 1.72
  per_H_acc: ['H0=49.8%', 'H1=84.6%', 'H2=98.8%']
  H_cos: ['0.562', '0.797']
  z_H_delta: ['23.000', '19.125']
  cells: fixed=[92662, 30924] broken=[20028, 1201]
  per_ACT_cell_acc: ['H1=49.8%', 'H2=84.6%', 'H3=98.8%', 'H4=99.0%', 'H5=99.0%', 'H6=99.0%', 'H7=99.0%', 'H8=99.0%', 'H9=99.0%', 'H10=99.0%', 'H11=99.0%', 'H12=99.0%', 'H13=99.0%', 'H14=99.0%', 'H15=99.0%', 'H16=99.0%']
  per_ACT_puzzle_acc: ['H1=0.0%', 'H2=0.0%', 'H3=48.3%', 'H4=62.9%', 'H5=66.4%', 'H6=67.7%', 'H7=68.1%', 'H8=67.7%', 'H9=67.2%', 'H10=66.8%', 'H11=66.8%', 'H12=67.2%', 'H13=67.7%', 'H14=67.7%', 'H15=66.8%', 'H16=67.2%']
  mean_sigmoid_q_halt: ['0.034', '0.002', '0.578', '0.812', '0.891', '0.918', '0.914', '0.922', '0.922', '0.922', '0.926', '0.934', '0.926', '0.934', '0.926', '0.926']
  halt_rates: ['0.00', '0.00', '0.57', '0.82', '0.91', '0.94', '0.93', '0.94', '0.94', '0.95', '0.94', '0.96', '0.94', '0.95', '0.95', '0.94']
  halt_histogram %: [69.0, 22.3, 3.8, 1.1, 0.5, 0.3, 0.2, 0.2, 0.1, 0.1, 0.1, 0.1, 0.1, 0.1, 0.0, 2.1]
  Avg ACT steps (last 100): 1.09
  saved: /home/jvdillon/projects/sic/code/maze/ckpts/x000a/step05500.pt acc=99.08% (0.069s)
  saved: /home/jvdillon/projects/sic/code/maze/ckpts/x000a/best.pt acc=99.08% (0.134s)
Step  5500  Test 99.08% / 71.50%  Train lm=0.9141±0.0002ϵ[0.9141,0.9180] n_active=120.0000±0.0000ϵ[120.0000,120.0000] n_expunged=0.0000±0.0000ϵ[0.0000,0.0000] n_halted=105.2920±4.3258ϵ[90.0000,116.0000] pool_util=1.0000±0.0000ϵ[1.0000,1.0000]  (38.743s / 226.938s)
  cell_acc=99.04%, puzzle_acc=69.40%
  eval_avg_halt_step: 1.67
  per_H_acc: ['H0=49.8%', 'H1=76.3%', 'H2=98.8%']
  H_cos: ['0.609', '0.793']
  z_H_delta: ['23.750', '18.750']
  cells: fixed=[59902, 48269] broken=[4747, 1168]
  per_ACT_cell_acc: ['H1=49.8%', 'H2=76.3%', 'H3=98.8%', 'H4=98.9%', 'H5=98.9%', 'H6=99.0%', 'H7=99.0%', 'H8=99.0%', 'H9=99.0%', 'H10=99.0%', 'H11=99.0%', 'H12=99.0%', 'H13=99.0%', 'H14=99.0%', 'H15=99.0%', 'H16=99.0%']
  per_ACT_puzzle_acc: ['H1=0.0%', 'H2=0.0%', 'H3=49.1%', 'H4=62.9%', 'H5=64.2%', 'H6=65.1%', 'H7=65.9%', 'H8=65.9%', 'H9=66.4%', 'H10=66.4%', 'H11=65.5%', 'H12=65.9%', 'H13=65.5%', 'H14=66.4%', 'H15=65.9%', 'H16=66.4%']
  mean_sigmoid_q_halt: ['0.031', '0.002', '0.648', '0.848', '0.906', '0.934', '0.938', '0.938', '0.945', '0.945', '0.945', '0.949', '0.953', '0.957', '0.961', '0.957']
  halt_rates: ['0.00', '0.00', '0.65', '0.87', '0.92', '0.95', '0.95', '0.95', '0.97', '0.96', '0.97', '0.97', '0.97', '0.97', '0.98', '0.98']
  halt_histogram %: [71.5, 20.7, 3.4, 0.9, 0.4, 0.3, 0.2, 0.1, 0.1, 0.1, 0.1, 0.1, 0.1, 0.1, 0.0, 1.8]
  Avg ACT steps (last 100): 1.14
  saved: /home/jvdillon/projects/sic/code/maze/ckpts/x000a/step06000.pt acc=99.04% (0.068s)
Step  6000  Test 99.04% / 69.40%  Train lm=0.9141±0.0000ϵ[0.9141,0.9141] n_active=120.0000±0.0000ϵ[120.0000,120.0000] n_expunged=0.0000±0.0000ϵ[0.0000,0.0000] n_halted=107.3200±3.4405ϵ[96.0000,117.0000] pool_util=1.0000±0.0000ϵ[1.0000,1.0000]  (38.673s / 227.000s)
  cell_acc=98.92%, puzzle_acc=63.00%
  eval_avg_halt_step: 1.81
  per_H_acc: ['H0=50.8%', 'H1=85.6%', 'H2=98.7%']
  H_cos: ['0.582', '0.824']
  z_H_delta: ['23.875', '18.625']
  cells: fixed=[96022, 28682] broken=[23291, 1393]
  per_ACT_cell_acc: ['H1=50.8%', 'H2=85.6%', 'H3=98.7%', 'H4=98.8%', 'H5=98.9%', 'H6=98.9%', 'H7=98.9%', 'H8=98.9%', 'H9=98.9%', 'H10=98.9%', 'H11=98.9%', 'H12=98.9%', 'H13=98.9%', 'H14=98.9%', 'H15=98.9%', 'H16=98.9%']
  per_ACT_puzzle_acc: ['H1=0.0%', 'H2=0.0%', 'H3=40.9%', 'H4=57.8%', 'H5=61.2%', 'H6=62.5%', 'H7=62.5%', 'H8=63.8%', 'H9=64.2%', 'H10=64.2%', 'H11=62.9%', 'H12=62.9%', 'H13=62.1%', 'H14=62.5%', 'H15=62.1%', 'H16=62.1%']
  mean_sigmoid_q_halt: ['0.025', '0.001', '0.586', '0.816', '0.895', '0.918', '0.930', '0.941', '0.938', '0.945', '0.945', '0.945', '0.949', '0.949', '0.945', '0.945']
  halt_rates: ['0.00', '0.00', '0.59', '0.82', '0.91', '0.94', '0.94', '0.96', '0.96', '0.96', '0.96', '0.96', '0.97', '0.97', '0.96', '0.96']
  halt_histogram %: [73.5, 19.4, 3.1, 0.8, 0.4, 0.3, 0.2, 0.1, 0.1, 0.1, 0.1, 0.1, 0.0, 0.0, 0.0, 1.6]
  Avg ACT steps (last 100): 1.11
  saved: /home/jvdillon/projects/sic/code/maze/ckpts/x000a/step06500.pt acc=98.92% (0.069s)
Step  6500  Test 98.92% / 63.00%  Train lm=0.9141±0.0000ϵ[0.9141,0.9141] n_active=120.0000±0.0000ϵ[120.0000,120.0000] n_expunged=0.0000±0.0000ϵ[0.0000,0.0000] n_halted=107.4820±3.5240ϵ[96.0000,117.0000] pool_util=1.0000±0.0000ϵ[1.0000,1.0000]  (38.649s / 226.923s)
  cell_acc=98.83%, puzzle_acc=61.00%
  eval_avg_halt_step: 1.57
  per_H_acc: ['H0=53.8%', 'H1=87.4%', 'H2=98.5%']
  H_cos: ['0.613', '0.840']
  z_H_delta: ['23.250', '18.125']
  cells: fixed=[94500, 24765] broken=[24275, 1735]
  per_ACT_cell_acc: ['H1=53.8%', 'H2=87.4%', 'H3=98.5%', 'H4=98.7%', 'H5=98.7%', 'H6=98.7%', 'H7=98.8%', 'H8=98.8%', 'H9=98.8%', 'H10=98.8%', 'H11=98.8%', 'H12=98.8%', 'H13=98.8%', 'H14=98.8%', 'H15=98.8%', 'H16=98.8%']
  per_ACT_puzzle_acc: ['H1=0.0%', 'H2=0.0%', 'H3=31.0%', 'H4=50.9%', 'H5=56.0%', 'H6=59.1%', 'H7=59.5%', 'H8=59.5%', 'H9=59.9%', 'H10=60.8%', 'H11=60.3%', 'H12=60.3%', 'H13=59.9%', 'H14=59.5%', 'H15=60.3%', 'H16=60.3%']
  mean_sigmoid_q_halt: ['0.028', '0.001', '0.660', '0.781', '0.863', '0.906', '0.922', '0.918', '0.914', '0.922', '0.938', '0.934', '0.930', '0.941', '0.949', '0.949']
  halt_rates: ['0.00', '0.00', '0.66', '0.78', '0.87', '0.92', '0.94', '0.94', '0.93', '0.94', '0.96', '0.95', '0.95', '0.96', '0.97', '0.97']
  halt_histogram %: [75.2, 18.4, 2.9, 0.8, 0.4, 0.2, 0.2, 0.1, 0.1, 0.1, 0.1, 0.0, 0.0, 0.0, 0.0, 1.5]
  Avg ACT steps (last 100): 1.12
  saved: /home/jvdillon/projects/sic/code/maze/ckpts/x000a/step07000.pt acc=98.83% (0.067s)
Step  7000  Test 98.83% / 61.00%  Train lm=0.9141±0.0002ϵ[0.9141,0.9180] n_active=120.0000±0.0000ϵ[120.0000,120.0000] n_expunged=0.0000±0.0000ϵ[0.0000,0.0000] n_halted=108.0800±3.3316ϵ[98.0000,117.0000] pool_util=1.0000±0.0000ϵ[1.0000,1.0000]  (38.652s / 226.912s)
  cell_acc=98.81%, puzzle_acc=60.70%
  eval_avg_halt_step: 1.48
  per_H_acc: ['H0=55.8%', 'H1=87.5%', 'H2=98.4%']
  H_cos: ['0.621', '0.844']
  z_H_delta: ['23.125', '18.125']
  cells: fixed=[89436, 24664] broken=[23247, 1843]
  per_ACT_cell_acc: ['H1=55.8%', 'H2=87.5%', 'H3=98.4%', 'H4=98.6%', 'H5=98.7%', 'H6=98.7%', 'H7=98.7%', 'H8=98.7%', 'H9=98.7%', 'H10=98.7%', 'H11=98.7%', 'H12=98.7%', 'H13=98.7%', 'H14=98.7%', 'H15=98.7%', 'H16=98.7%']
  per_ACT_puzzle_acc: ['H1=0.0%', 'H2=0.0%', 'H3=32.3%', 'H4=49.1%', 'H5=55.2%', 'H6=57.3%', 'H7=58.2%', 'H8=58.2%', 'H9=58.6%', 'H10=58.6%', 'H11=59.1%', 'H12=59.1%', 'H13=58.6%', 'H14=59.1%', 'H15=58.6%', 'H16=58.6%']
  mean_sigmoid_q_halt: ['0.028', '0.001', '0.688', '0.801', '0.891', '0.906', '0.910', '0.922', '0.918', '0.922', '0.934', '0.934', '0.934', '0.930', '0.926', '0.934']
  halt_rates: ['0.00', '0.00', '0.69', '0.81', '0.91', '0.92', '0.92', '0.94', '0.94', '0.94', '0.95', '0.95', '0.95', '0.95', '0.94', '0.95']
  halt_histogram %: [76.5, 17.5, 2.7, 0.7, 0.3, 0.2, 0.1, 0.1, 0.1, 0.1, 0.1, 0.0, 0.0, 0.0, 0.0, 1.3]
  Avg ACT steps (last 100): 1.16
  saved: /home/jvdillon/projects/sic/code/maze/ckpts/x000a/step07500.pt acc=98.81% (0.069s)
Step  7500  Test 98.81% / 60.70%  Train lm=0.9141±0.0000ϵ[0.9141,0.9141] n_active=120.0000±0.0000ϵ[120.0000,120.0000] n_expunged=0.0000±0.0000ϵ[0.0000,0.0000] n_halted=108.0440±3.3051ϵ[97.0000,117.0000] pool_util=1.0000±0.0000ϵ[1.0000,1.0000]  (38.672s / 226.998s)
  cell_acc=98.81%, puzzle_acc=60.50%
  eval_avg_halt_step: 1.48
  per_H_acc: ['H0=55.8%', 'H1=87.5%', 'H2=98.4%']
  H_cos: ['0.621', '0.844']
  z_H_delta: ['23.125', '18.125']
  cells: fixed=[89239, 24674] broken=[23186, 1838]
  per_ACT_cell_acc: ['H1=55.8%', 'H2=87.5%', 'H3=98.4%', 'H4=98.6%', 'H5=98.7%', 'H6=98.7%', 'H7=98.7%', 'H8=98.7%', 'H9=98.7%', 'H10=98.7%', 'H11=98.7%', 'H12=98.7%', 'H13=98.7%', 'H14=98.7%', 'H15=98.7%', 'H16=98.7%']
  per_ACT_puzzle_acc: ['H1=0.0%', 'H2=0.0%', 'H3=32.3%', 'H4=49.1%', 'H5=54.3%', 'H6=56.9%', 'H7=57.8%', 'H8=57.3%', 'H9=57.8%', 'H10=58.2%', 'H11=58.6%', 'H12=58.2%', 'H13=58.2%', 'H14=58.6%', 'H15=58.2%', 'H16=57.8%']
  mean_sigmoid_q_halt: ['0.028', '0.001', '0.691', '0.785', '0.879', '0.902', '0.910', '0.926', '0.914', '0.922', '0.930', '0.934', '0.922', '0.938', '0.930', '0.938']
  halt_rates: ['0.00', '0.00', '0.69', '0.79', '0.90', '0.92', '0.93', '0.94', '0.93', '0.94', '0.95', '0.96', '0.94', '0.95', '0.95', '0.96']
  halt_histogram %: [77.7, 16.8, 2.6, 0.7, 0.3, 0.2, 0.1, 0.1, 0.1, 0.1, 0.1, 0.0, 0.0, 0.0, 0.0, 1.2]
  Avg ACT steps (last 100): 1.16
  saved: /home/jvdillon/projects/sic/code/maze/ckpts/x000a/step08000.pt acc=98.81% (0.067s)
Step  8000  Test 98.81% / 60.50%  Train lm=0.9141±0.0000ϵ[0.9141,0.9141] n_active=120.0000±0.0000ϵ[120.0000,120.0000] n_expunged=0.0000±0.0000ϵ[0.0000,0.0000] n_halted=108.1420±3.2679ϵ[98.0000,116.0000] pool_util=1.0000±0.0000ϵ[1.0000,1.0000]  (38.654s / 227.006s)
