Adam params: ('embed_tokens.weight', 'head.weight', 'head.bias', 'q_head.weight', 'q_head.bias', 'puzzle_id_embed.weight')
Muon 2D params: ('reasoning.0.attn.o_proj.weight', 'reasoning.0.mlp.up_proj.weight', 'reasoning.0.mlp.down_proj.weight', 'reasoning.1.attn.o_proj.weight', 'reasoning.1.mlp.up_proj.weight', 'reasoning.1.mlp.down_proj.weight')
Muon 3D params (ensemble_dims=1): ('reasoning.0.attn.qkv_proj.weight', 'reasoning.1.attn.qkv_proj.weight')
  cell_acc=83.51%, puzzle_acc=0.00%
  eval_avg_halt_step: 16.00
  per_H_acc: ['H0=12.6%', 'H1=37.2%', 'H2=37.2%']
  H_cos: ['0.254', '0.945']
  z_H_delta: ['18.500', '15.312']
  cells: fixed=[77677, 0] broken=[26229, 11]
  per_ACT_cell_acc: ['H1=12.6%', 'H2=37.2%', 'H3=37.2%', 'H4=67.8%', 'H5=63.0%', 'H6=55.5%', 'H7=50.2%', 'H8=58.9%', 'H9=85.3%', 'H10=85.8%', 'H11=86.8%', 'H12=86.5%', 'H13=86.6%', 'H14=87.0%', 'H15=86.9%', 'H16=87.3%']
  per_ACT_puzzle_acc: ['H1=0.0%', 'H2=0.0%', 'H3=0.0%', 'H4=0.0%', 'H5=0.0%', 'H6=0.0%', 'H7=0.0%', 'H8=0.0%', 'H9=0.0%', 'H10=0.0%', 'H11=0.0%', 'H12=0.0%', 'H13=0.0%', 'H14=0.0%', 'H15=0.0%', 'H16=0.0%']
  mean_sigmoid_q_halt: ['0.007', '0.006', '0.005', '0.004', '0.003', '0.003', '0.002', '0.002', '0.001', '0.001', '0.001', '0.002', '0.002', '0.002', '0.002', '0.002']
  halt_rates: ['0.00', '0.00', '0.00', '0.00', '0.00', '0.00', '0.00', '0.00', '0.00', '0.00', '0.00', '0.00', '0.00', '0.00', '0.00', '0.00']
  halt_histogram %: [0.0, 0.0, 0.0, 0.0, 0.0, 0.0, 0.0, 0.0, 0.0, 0.0, 0.0, 0.0, 0.0, 0.0, 0.0, 100.0]
  Avg ACT steps (last 100): 16.00
  saved: /home/jvdillon/projects/sic/code/maze/ckpts/x000k.1/step00500.pt acc=83.51% (0.125s)
  saved: /home/jvdillon/projects/sic/code/maze/ckpts/x000k.1/best.pt acc=83.51% (0.245s)
Step   500  Test 83.51% /  0.00%  Train lm=0.2637±0.2100ϵ[0.0859,2.1406] n_active=128.0000±0.0000ϵ[128.0000,128.0000] n_expunged=0.0000±0.0000ϵ[0.0000,0.0000] n_halted=7.9360±30.8988ϵ[0.0000,128.0000] pool_util=1.0000±0.0000ϵ[1.0000,1.0000]  (50.099s / 257.694s)
  cell_acc=85.59%, puzzle_acc=0.00%
  eval_avg_halt_step: 16.00
  per_H_acc: ['H0=81.0%', 'H1=87.3%', 'H2=87.3%']
  H_cos: ['0.840', '0.949']
  z_H_delta: ['19.375', '16.375']
  cells: fixed=[17086, 130] broken=[4019, 0]
  per_ACT_cell_acc: ['H1=81.0%', 'H2=87.3%', 'H3=87.3%', 'H4=87.3%', 'H5=86.7%', 'H6=86.3%', 'H7=85.9%', 'H8=85.6%', 'H9=85.5%', 'H10=85.5%', 'H11=85.5%', 'H12=85.5%', 'H13=85.5%', 'H14=85.5%', 'H15=85.5%', 'H16=85.6%']
  per_ACT_puzzle_acc: ['H1=0.0%', 'H2=0.0%', 'H3=0.0%', 'H4=0.0%', 'H5=0.0%', 'H6=0.0%', 'H7=0.0%', 'H8=0.0%', 'H9=0.0%', 'H10=0.0%', 'H11=0.0%', 'H12=0.0%', 'H13=0.0%', 'H14=0.0%', 'H15=0.0%', 'H16=0.0%']
  mean_sigmoid_q_halt: ['0.005', '0.001', '0.000', '0.000', '0.000', '0.000', '0.000', '0.000', '0.000', '0.000', '0.000', '0.000', '0.000', '0.000', '0.000', '0.000']
  halt_rates: ['0.00', '0.00', '0.00', '0.00', '0.00', '0.00', '0.00', '0.00', '0.00', '0.00', '0.00', '0.00', '0.00', '0.00', '0.00', '0.00']
  halt_histogram %: [0.0, 0.0, 0.0, 0.1, 0.2, 0.1, 0.2, 0.1, 0.1, 0.2, 0.1, 0.1, 0.2, 0.2, 0.3, 98.3]
  Avg ACT steps (last 100): 15.27
  saved: /home/jvdillon/projects/sic/code/maze/ckpts/x000k.1/step01000.pt acc=85.59% (0.127s)
  saved: /home/jvdillon/projects/sic/code/maze/ckpts/x000k.1/best.pt acc=85.59% (0.246s)
Step  1000  Test 85.59% /  0.00%  Train lm=0.1001±0.0308ϵ[0.0635,0.3262] n_active=128.0000±0.0000ϵ[128.0000,128.0000] n_expunged=0.0000±0.0000ϵ[0.0000,0.0000] n_halted=8.0300±24.7826ϵ[0.0000,128.0000] pool_util=1.0000±0.0000ϵ[1.0000,1.0000]  (39.656s / 246.953s)
