Adam params: ('embed_tokens.weight', 'head.weight', 'head.bias', 'q_head.weight', 'q_head.bias', 'puzzle_id_embed.weight')
Muon 2D params: ('reasoning.0.attn.o_proj.weight', 'reasoning.0.mlp.up_proj.weight', 'reasoning.0.mlp.down_proj.weight', 'reasoning.1.attn.o_proj.weight', 'reasoning.1.mlp.up_proj.weight', 'reasoning.1.mlp.down_proj.weight')
Muon 3D params (ensemble_dims=1): ('reasoning.0.attn.qkv_proj.weight', 'reasoning.1.attn.qkv_proj.weight')
Saved step 0 checkpoint with RNG: /home/jvdillon/projects/sic/code/maze/ckpts/x000p/step00000_rng.pt
  cell_acc=87.64%, puzzle_acc=0.00%
  eval_avg_halt_step: 16.00
  per_H_acc: ['H0=87.4%', 'H1=87.5%', 'H2=87.6%']
  H_cos: ['0.637', '0.973']
  z_H_delta: ['20.000', '10.688']
  cells: fixed=[232, 1307] broken=[0, 1167]
  per_ACT_cell_acc: ['H1=87.4%', 'H2=87.5%', 'H3=87.6%', 'H4=87.6%', 'H5=87.7%', 'H6=87.7%', 'H7=87.8%', 'H8=87.8%', 'H9=87.8%', 'H10=87.8%', 'H11=87.8%', 'H12=87.8%', 'H13=87.8%', 'H14=87.8%', 'H15=87.8%', 'H16=87.8%']
  per_ACT_puzzle_acc: ['H1=0.0%', 'H2=0.0%', 'H3=0.0%', 'H4=0.0%', 'H5=0.0%', 'H6=0.0%', 'H7=0.0%', 'H8=0.0%', 'H9=0.0%', 'H10=0.0%', 'H11=0.0%', 'H12=0.0%', 'H13=0.0%', 'H14=0.0%', 'H15=0.0%', 'H16=0.0%']
  mean_sigmoid_q_halt: ['0.000', '0.000', '0.000', '0.000', '0.000', '0.000', '0.000', '0.000', '0.000', '0.000', '0.000', '0.000', '0.000', '0.000', '0.000', '0.000']
  halt_rates: ['0.00', '0.00', '0.00', '0.00', '0.00', '0.00', '0.00', '0.00', '0.00', '0.00', '0.00', '0.00', '0.00', '0.00', '0.00', '0.00']
  halt_histogram %: [0.0, 0.0, 0.0, 0.0, 0.0, 0.0, 0.0, 0.0, 0.0, 0.0, 0.0, 0.0, 0.0, 0.0, 0.0, 100.0]
  Avg ACT steps (last 100): 16.00
  saved: /home/jvdillon/projects/sic/code/maze/ckpts/x000p/step00500.pt acc=87.64% (0.058s)
  saved: /home/jvdillon/projects/sic/code/maze/ckpts/x000p/best.pt acc=87.64% (0.112s)
Step   500  Test 87.64% /  0.00%  Train lm=0.9219±0.1011ϵ[0.8633,2.1562] n_halted=7.9360±30.8988ϵ[0.0000,128.0000]  (45.935s / 198.606s)
  n_active=128.0000±0.0000ϵ[128.0000,128.0000] n_expunged=0.0000±0.0000ϵ[0.0000,0.0000] pool_util=1.0000±0.0000ϵ[1.0000,1.0000]
  cell_acc=94.91%, puzzle_acc=1.20%
  eval_avg_halt_step: 16.00
  per_H_acc: ['H0=87.4%', 'H1=87.4%', 'H2=90.2%']
  H_cos: ['0.609', '0.949']
  z_H_delta: ['23.500', '11.562']
  cells: fixed=[125, 14506] broken=[2, 8805]
  per_ACT_cell_acc: ['H1=87.4%', 'H2=87.4%', 'H3=90.2%', 'H4=92.2%', 'H5=93.2%', 'H6=93.8%', 'H7=94.2%', 'H8=94.4%', 'H9=94.6%', 'H10=94.7%', 'H11=94.7%', 'H12=94.8%', 'H13=94.8%', 'H14=94.8%', 'H15=94.9%', 'H16=94.9%']
  per_ACT_puzzle_acc: ['H1=0.0%', 'H2=0.0%', 'H3=0.0%', 'H4=0.0%', 'H5=0.0%', 'H6=0.0%', 'H7=0.4%', 'H8=0.4%', 'H9=0.4%', 'H10=0.9%', 'H11=0.9%', 'H12=0.9%', 'H13=0.9%', 'H14=0.9%', 'H15=0.9%', 'H16=0.9%']
  mean_sigmoid_q_halt: ['0.003', '0.000', '0.000', '0.000', '0.000', '0.000', '0.001', '0.001', '0.001', '0.001', '0.002', '0.002', '0.002', '0.003', '0.003', '0.003']
  halt_rates: ['0.00', '0.00', '0.00', '0.00', '0.00', '0.00', '0.00', '0.00', '0.00', '0.00', '0.00', '0.00', '0.00', '0.00', '0.00', '0.00']
  halt_histogram %: [0.0, 0.0, 0.0, 0.0, 0.0, 0.0, 0.1, 0.1, 0.0, 0.2, 0.3, 0.1, 1.0, 0.1, 0.0, 98.1]
  Avg ACT steps (last 100): 13.24
  saved: /home/jvdillon/projects/sic/code/maze/ckpts/x000p/step01000.pt acc=94.91% (0.058s)
  saved: /home/jvdillon/projects/sic/code/maze/ckpts/x000p/best.pt acc=94.91% (0.138s)
Step  1000  Test 94.91% /  1.20%  Train lm=0.8203±0.0327ϵ[0.7578,0.9062] n_halted=8.0360±29.3107ϵ[0.0000,128.0000]  (27.657s / 174.255s)
  n_active=128.0000±0.0000ϵ[128.0000,128.0000] n_expunged=0.0000±0.0000ϵ[0.0000,0.0000] pool_util=1.0000±0.0000ϵ[1.0000,1.0000]
  cell_acc=97.31%, puzzle_acc=30.30%
  eval_avg_halt_step: 6.66
  per_H_acc: ['H0=86.2%', 'H1=87.5%', 'H2=94.9%']
  H_cos: ['0.703', '0.828']
  z_H_delta: ['22.000', '17.125']
  cells: fixed=[2613, 21332] broken=[0, 5904]
  per_ACT_cell_acc: ['H1=86.2%', 'H2=87.5%', 'H3=94.9%', 'H4=96.4%', 'H5=96.8%', 'H6=97.0%', 'H7=97.1%', 'H8=97.1%', 'H9=97.2%', 'H10=97.2%', 'H11=97.2%', 'H12=97.2%', 'H13=97.2%', 'H14=97.2%', 'H15=97.2%', 'H16=97.2%']
  per_ACT_puzzle_acc: ['H1=0.0%', 'H2=0.0%', 'H3=0.0%', 'H4=4.7%', 'H5=12.1%', 'H6=20.7%', 'H7=24.6%', 'H8=26.7%', 'H9=30.2%', 'H10=29.7%', 'H11=30.6%', 'H12=31.0%', 'H13=32.8%', 'H14=32.8%', 'H15=32.3%', 'H16=32.3%']
  mean_sigmoid_q_halt: ['0.005', '0.000', '0.001', '0.159', '0.235', '0.352', '0.420', '0.459', '0.488', '0.500', '0.516', '0.523', '0.531', '0.543', '0.547', '0.547']
  halt_rates: ['0.00', '0.00', '0.00', '0.09', '0.18', '0.38', '0.46', '0.50', '0.54', '0.55', '0.56', '0.55', '0.56', '0.60', '0.59', '0.59']
  halt_histogram %: [0.0, 5.8, 9.1, 7.2, 4.9, 3.5, 2.7, 2.3, 1.9, 1.6, 1.6, 1.1, 1.4, 0.7, 0.8, 55.4]
  Avg ACT steps (last 100): 4.45
  saved: /home/jvdillon/projects/sic/code/maze/ckpts/x000p/step01500.pt acc=97.31% (0.056s)
  saved: /home/jvdillon/projects/sic/code/maze/ckpts/x000p/best.pt acc=97.31% (0.135s)
Step  1500  Test 97.31% / 30.30%  Train lm=0.7695±0.0085ϵ[0.7461,0.8086] n_halted=17.6440±13.1976ϵ[0.0000,62.0000]  (27.643s / 174.635s)
  n_active=128.0000±0.0000ϵ[128.0000,128.0000] n_expunged=0.0000±0.0000ϵ[0.0000,0.0000] pool_util=1.0000±0.0000ϵ[1.0000,1.0000]
