Adam params: ('embed_tokens.weight', 'head.weight', 'head.bias', 'q_head.weight', 'q_head.bias', 'puzzle_id_embed.weight')
Muon 2D params: ('reasoning.0.attn.o_proj.weight', 'reasoning.0.mlp.up_proj.weight', 'reasoning.0.mlp.down_proj.weight', 'reasoning.1.attn.o_proj.weight', 'reasoning.1.mlp.up_proj.weight', 'reasoning.1.mlp.down_proj.weight')
Muon 3D params (ensemble_dims=1): ('reasoning.0.attn.qkv_proj.weight', 'reasoning.1.attn.qkv_proj.weight')
  cell_acc=89.00%, puzzle_acc=0.00%
  eval_avg_halt_step: 16.00
  per_H_acc: ['H0=37.4%', 'H1=62.2%', 'H2=86.2%']
  H_cos: ['0.570', '0.938']
  z_H_delta: ['20.250', '11.250']
  cells: fixed=[51794, 62382] broken=[0, 12251]
  per_ACT_cell_acc: ['H1=37.4%', 'H2=62.2%', 'H3=86.2%', 'H4=88.3%', 'H5=88.9%', 'H6=89.2%', 'H7=89.5%', 'H8=89.5%', 'H9=89.5%', 'H10=89.6%', 'H11=89.6%', 'H12=89.6%', 'H13=89.6%', 'H14=89.5%', 'H15=89.5%', 'H16=89.5%']
  per_ACT_puzzle_acc: ['H1=0.0%', 'H2=0.0%', 'H3=0.0%', 'H4=0.0%', 'H5=0.0%', 'H6=0.0%', 'H7=0.0%', 'H8=0.0%', 'H9=0.0%', 'H10=0.0%', 'H11=0.0%', 'H12=0.0%', 'H13=0.0%', 'H14=0.0%', 'H15=0.0%', 'H16=0.0%']
  mean_sigmoid_q_halt: ['0.001', '0.000', '0.000', '0.000', '0.000', '0.000', '0.000', '0.000', '0.000', '0.000', '0.000', '0.000', '0.000', '0.000', '0.000', '0.000']
  halt_rates: ['0.00', '0.00', '0.00', '0.00', '0.00', '0.00', '0.00', '0.00', '0.00', '0.00', '0.00', '0.00', '0.00', '0.00', '0.00', '0.00']
  halt_histogram %: [0.0, 0.0, 0.0, 0.0, 0.0, 0.0, 0.0, 0.0, 0.0, 0.0, 0.0, 0.0, 0.0, 0.0, 0.0, 100.0]
  Avg ACT steps (last 100): 16.00
  saved: /home/jvdillon/projects/sic/code/maze/ckpts/x000n/step00500.pt acc=89.00% (0.086s)
  saved: /home/jvdillon/projects/sic/code/maze/ckpts/x000n/best.pt acc=89.00% (0.165s)
Step   500  Test 89.00% /  0.00%  Train lm=0.7773±0.0996ϵ[0.6484,1.6719] n_halted=7.9360±30.8988ϵ[0.0000,128.0000]  (36.450s / 183.835s)
  n_active=128.0000±0.0000ϵ[128.0000,128.0000] n_expunged=0.0000±0.0000ϵ[0.0000,0.0000] pool_util=1.0000±0.0000ϵ[1.0000,1.0000]
  cell_acc=96.00%, puzzle_acc=3.90%
  eval_avg_halt_step: 15.60
  per_H_acc: ['H0=47.8%', 'H1=87.5%', 'H2=93.7%']
  H_cos: ['0.613', '0.898']
  z_H_delta: ['18.875', '15.062']
  cells: fixed=[82908, 18105] broken=[0, 5231]
  per_ACT_cell_acc: ['H1=47.8%', 'H2=87.5%', 'H3=93.7%', 'H4=94.9%', 'H5=95.7%', 'H6=96.0%', 'H7=96.0%', 'H8=96.1%', 'H9=96.1%', 'H10=96.1%', 'H11=96.1%', 'H12=96.1%', 'H13=96.1%', 'H14=96.1%', 'H15=96.1%', 'H16=96.1%']
  per_ACT_puzzle_acc: ['H1=0.0%', 'H2=0.0%', 'H3=0.0%', 'H4=0.0%', 'H5=0.4%', 'H6=1.7%', 'H7=1.3%', 'H8=2.6%', 'H9=2.6%', 'H10=2.2%', 'H11=2.6%', 'H12=3.4%', 'H13=3.0%', 'H14=4.3%', 'H15=4.3%', 'H16=4.3%']
  mean_sigmoid_q_halt: ['0.002', '0.001', '0.000', '0.001', '0.005', '0.013', '0.020', '0.026', '0.028', '0.030', '0.031', '0.032', '0.036', '0.040', '0.042', '0.044']
  halt_rates: ['0.00', '0.00', '0.00', '0.00', '0.00', '0.00', '0.00', '0.00', '0.00', '0.00', '0.00', '0.00', '0.02', '0.02', '0.02', '0.02']
  halt_histogram %: [0.0, 0.8, 3.7, 4.1, 4.4, 3.3, 3.6, 2.5, 2.1, 2.9, 1.4, 1.7, 1.5, 0.9, 1.0, 66.4]
  Avg ACT steps (last 100): 7.41
  saved: /home/jvdillon/projects/sic/code/maze/ckpts/x000n/step01000.pt acc=96.00% (0.085s)
  saved: /home/jvdillon/projects/sic/code/maze/ckpts/x000n/best.pt acc=96.00% (0.164s)
Step  1000  Test 96.00% /  3.90%  Train lm=0.6484±0.0317ϵ[0.6094,0.8203] n_halted=11.5960±22.4479ϵ[0.0000,128.0000]  (27.944s / 174.826s)
  n_active=128.0000±0.0000ϵ[128.0000,128.0000] n_expunged=0.0000±0.0000ϵ[0.0000,0.0000] pool_util=1.0000±0.0000ϵ[1.0000,1.0000]
  cell_acc=98.31%, puzzle_acc=38.10%
  eval_avg_halt_step: 3.04
  per_H_acc: ['H0=0.2%', 'H1=88.1%', 'H2=97.2%']
  H_cos: ['0.432', '0.867']
  z_H_delta: ['19.875', '18.125']
  cells: fixed=[183476, 22877] broken=[0, 3946]
  per_ACT_cell_acc: ['H1=0.2%', 'H2=88.1%', 'H3=97.2%', 'H4=97.6%', 'H5=97.8%', 'H6=97.9%', 'H7=97.9%', 'H8=97.9%', 'H9=98.0%', 'H10=98.0%', 'H11=98.0%', 'H12=98.0%', 'H13=98.0%', 'H14=97.9%', 'H15=97.9%', 'H16=97.9%']
  per_ACT_puzzle_acc: ['H1=0.0%', 'H2=0.0%', 'H3=6.5%', 'H4=17.7%', 'H5=31.0%', 'H6=37.9%', 'H7=38.8%', 'H8=40.1%', 'H9=40.1%', 'H10=40.5%', 'H11=39.7%', 'H12=38.8%', 'H13=38.8%', 'H14=37.9%', 'H15=36.6%', 'H16=35.3%']
  mean_sigmoid_q_halt: ['0.015', '0.010', '0.181', '0.361', '0.559', '0.672', '0.742', '0.789', '0.820', '0.840', '0.848', '0.855', '0.859', '0.863', '0.859', '0.859']
  halt_rates: ['0.00', '0.00', '0.11', '0.32', '0.57', '0.70', '0.78', '0.82', '0.87', '0.89', '0.89', '0.90', '0.90', '0.91', '0.90', '0.90']
  halt_histogram %: [1.4, 31.7, 16.7, 7.8, 4.8, 3.0, 2.6, 1.8, 1.5, 1.5, 0.9, 0.9, 0.7, 0.5, 0.5, 23.7]
  Avg ACT steps (last 100): 3.02
  saved: /home/jvdillon/projects/sic/code/maze/ckpts/x000n/step01500.pt acc=98.31% (0.084s)
  saved: /home/jvdillon/projects/sic/code/maze/ckpts/x000n/best.pt acc=98.31% (0.163s)
Step  1500  Test 98.31% / 38.10%  Train lm=0.6094±0.0118ϵ[0.5898,0.6523] n_halted=37.5120±19.7991ϵ[0.0000,83.0000]  (27.964s / 175.033s)
  n_active=128.0000±0.0000ϵ[128.0000,128.0000] n_expunged=0.0000±0.0000ϵ[0.0000,0.0000] pool_util=1.0000±0.0000ϵ[1.0000,1.0000]
  cell_acc=98.13%, puzzle_acc=42.40%
  eval_avg_halt_step: 7.26
  per_H_acc: ['H0=12.8%', 'H1=85.8%', 'H2=97.3%']
  H_cos: ['0.377', '0.863']
  z_H_delta: ['22.500', '21.750']
  cells: fixed=[166062, 26427] broken=[13580, 2379]
  per_ACT_cell_acc: ['H1=12.8%', 'H2=85.8%', 'H3=97.3%', 'H4=98.3%', 'H5=98.3%', 'H6=98.4%', 'H7=98.4%', 'H8=98.4%', 'H9=98.4%', 'H10=98.4%', 'H11=98.3%', 'H12=98.3%', 'H13=98.3%', 'H14=98.2%', 'H15=98.2%', 'H16=98.2%']
  per_ACT_puzzle_acc: ['H1=0.0%', 'H2=0.0%', 'H3=3.4%', 'H4=28.9%', 'H5=34.5%', 'H6=39.2%', 'H7=40.5%', 'H8=43.5%', 'H9=43.5%', 'H10=43.5%', 'H11=41.8%', 'H12=43.1%', 'H13=42.7%', 'H14=43.1%', 'H15=42.7%', 'H16=43.1%']
  mean_sigmoid_q_halt: ['0.256', '0.014', '0.026', '0.271', '0.328', '0.357', '0.387', '0.426', '0.457', '0.475', '0.484', '0.482', '0.482', '0.484', '0.482', '0.488']
  halt_rates: ['0.00', '0.00', '0.00', '0.22', '0.31', '0.37', '0.38', '0.44', '0.48', '0.49', '0.51', '0.49', '0.50', '0.49', '0.50', '0.51']
  halt_histogram %: [6.4, 48.3, 16.2, 5.8, 3.1, 1.9, 1.5, 1.1, 0.8, 0.8, 0.5, 0.5, 0.4, 0.3, 0.2, 12.1]
  Avg ACT steps (last 100): 2.02
  saved: /home/jvdillon/projects/sic/code/maze/ckpts/x000n/step02000.pt acc=98.13% (0.083s)
Step  2000  Test 98.13% / 42.40%  Train lm=0.5938±0.0058ϵ[0.5820,0.6211] n_halted=55.5820±17.4135ϵ[5.0000,94.0000]  (27.898s / 175.057s)
  n_active=128.0000±0.0000ϵ[128.0000,128.0000] n_expunged=0.0000±0.0000ϵ[0.0000,0.0000] pool_util=1.0000±0.0000ϵ[1.0000,1.0000]
  cell_acc=98.57%, puzzle_acc=57.00%
  eval_avg_halt_step: 3.53
  per_H_acc: ['H0=0.3%', 'H1=75.3%', 'H2=97.1%']
  H_cos: ['0.543', '0.742']
  z_H_delta: ['22.000', '21.625']
  cells: fixed=[156644, 48296] broken=[0, 2798]
  per_ACT_cell_acc: ['H1=0.3%', 'H2=75.3%', 'H3=97.1%', 'H4=97.9%', 'H5=98.2%', 'H6=98.3%', 'H7=98.3%', 'H8=98.3%', 'H9=98.3%', 'H10=98.3%', 'H11=98.3%', 'H12=98.3%', 'H13=98.3%', 'H14=98.3%', 'H15=98.4%', 'H16=98.4%']
  per_ACT_puzzle_acc: ['H1=0.0%', 'H2=0.0%', 'H3=6.5%', 'H4=26.3%', 'H5=40.1%', 'H6=47.4%', 'H7=52.2%', 'H8=53.0%', 'H9=54.7%', 'H10=55.2%', 'H11=55.2%', 'H12=55.2%', 'H13=55.2%', 'H14=54.7%', 'H15=56.0%', 'H16=55.6%']
  mean_sigmoid_q_halt: ['0.539', '0.154', '0.137', '0.457', '0.555', '0.672', '0.746', '0.785', '0.801', '0.828', '0.840', '0.844', '0.848', '0.852', '0.852', '0.852']
  halt_rates: ['1.00', '0.00', '0.08', '0.42', '0.54', '0.69', '0.75', '0.81', '0.82', '0.87', '0.87', '0.88', '0.88', '0.88', '0.89', '0.88']
  halt_histogram %: [12.6, 51.9, 14.9, 4.7, 2.3, 1.4, 1.1, 0.8, 0.6, 0.6, 0.3, 0.3, 0.3, 0.2, 0.2, 7.8]
  Avg ACT steps (last 100): 2.13
  saved: /home/jvdillon/projects/sic/code/maze/ckpts/x000n/step02500.pt acc=98.57% (0.082s)
  saved: /home/jvdillon/projects/sic/code/maze/ckpts/x000n/best.pt acc=98.57% (0.163s)
Step  2500  Test 98.57% / 57.00%  Train lm=0.5898±0.0060ϵ[0.5820,0.6289] n_halted=61.9200±19.7013ϵ[2.0000,107.0000]  (27.962s / 175.071s)
  n_active=128.0000±0.0000ϵ[128.0000,128.0000] n_expunged=0.0000±0.0000ϵ[0.0000,0.0000] pool_util=1.0000±0.0000ϵ[1.0000,1.0000]
  cell_acc=99.04%, puzzle_acc=55.80%
  eval_avg_halt_step: 1.96
  per_H_acc: ['H0=80.3%', 'H1=87.3%', 'H2=98.5%']
  H_cos: ['0.816', '0.891']
  z_H_delta: ['23.500', '20.500']
  cells: fixed=[30592, 24487] broken=[15951, 1173]
  per_ACT_cell_acc: ['H1=80.3%', 'H2=87.3%', 'H3=98.5%', 'H4=98.8%', 'H5=98.9%', 'H6=98.9%', 'H7=98.9%', 'H8=98.9%', 'H9=98.9%', 'H10=98.9%', 'H11=98.9%', 'H12=98.9%', 'H13=98.9%', 'H14=98.9%', 'H15=98.9%', 'H16=98.9%']
  per_ACT_puzzle_acc: ['H1=0.0%', 'H2=0.0%', 'H3=24.1%', 'H4=47.0%', 'H5=56.9%', 'H6=62.1%', 'H7=64.2%', 'H8=64.7%', 'H9=64.2%', 'H10=64.2%', 'H11=62.5%', 'H12=62.9%', 'H13=62.5%', 'H14=61.6%', 'H15=61.2%', 'H16=61.6%']
  mean_sigmoid_q_halt: ['0.426', '0.042', '0.504', '0.625', '0.738', '0.820', '0.863', '0.887', '0.906', '0.914', '0.910', '0.914', '0.918', '0.918', '0.922', '0.922']
  halt_rates: ['0.00', '0.00', '0.51', '0.63', '0.79', '0.84', '0.88', '0.91', '0.94', '0.94', '0.94', '0.95', '0.96', '0.95', '0.96', '0.96']
  halt_histogram %: [17.4, 52.2, 13.9, 4.3, 2.0, 1.1, 0.9, 0.6, 0.5, 0.4, 0.3, 0.2, 0.2, 0.1, 0.1, 5.7]
  Avg ACT steps (last 100): 1.98
  saved: /home/jvdillon/projects/sic/code/maze/ckpts/x000n/step03000.pt acc=99.04% (0.082s)
  saved: /home/jvdillon/projects/sic/code/maze/ckpts/x000n/best.pt acc=99.04% (0.160s)
Step  3000  Test 99.04% / 55.80%  Train lm=0.5898±0.0066ϵ[0.5820,0.6406] n_halted=64.8520±20.9607ϵ[0.0000,109.0000]  (27.953s / 175.143s)
  n_active=128.0000±0.0000ϵ[128.0000,128.0000] n_expunged=0.0000±0.0000ϵ[0.0000,0.0000] pool_util=1.0000±0.0000ϵ[1.0000,1.0000]
  cell_acc=99.14%, puzzle_acc=55.40%
  eval_avg_halt_step: 1.96
  per_H_acc: ['H0=87.5%', 'H1=87.5%', 'H2=98.4%']
  H_cos: ['0.832', '0.750']
  z_H_delta: ['21.125', '21.500']
  cells: fixed=[339, 24991] broken=[413, 2082]
  per_ACT_cell_acc: ['H1=87.5%', 'H2=87.5%', 'H3=98.4%', 'H4=99.1%', 'H5=99.2%', 'H6=99.3%', 'H7=99.3%', 'H8=99.3%', 'H9=99.2%', 'H10=99.2%', 'H11=99.2%', 'H12=99.2%', 'H13=99.2%', 'H14=99.2%', 'H15=99.2%', 'H16=99.2%']
  per_ACT_puzzle_acc: ['H1=0.0%', 'H2=0.0%', 'H3=21.6%', 'H4=56.5%', 'H5=65.9%', 'H6=72.0%', 'H7=75.0%', 'H8=74.6%', 'H9=75.0%', 'H10=75.9%', 'H11=75.9%', 'H12=75.4%', 'H13=75.0%', 'H14=75.4%', 'H15=74.6%', 'H16=74.6%']
  mean_sigmoid_q_halt: ['0.562', '0.490', '0.357', '0.711', '0.812', '0.879', '0.918', '0.934', '0.934', '0.934', '0.934', '0.938', '0.938', '0.934', '0.930', '0.930']
  halt_rates: ['1.00', '0.37', '0.27', '0.75', '0.84', '0.91', '0.96', '0.97', '0.96', '0.97', '0.96', '0.97', '0.97', '0.97', '0.96', '0.96']
  halt_histogram %: [20.5, 52.8, 13.1, 3.8, 1.7, 0.9, 0.7, 0.5, 0.4, 0.3, 0.2, 0.2, 0.2, 0.1, 0.1, 4.5]
  Avg ACT steps (last 100): 1.84
  saved: /home/jvdillon/projects/sic/code/maze/ckpts/x000n/step03500.pt acc=99.14% (0.083s)
  saved: /home/jvdillon/projects/sic/code/maze/ckpts/x000n/best.pt acc=99.14% (0.162s)
Step  3500  Test 99.14% / 55.40%  Train lm=0.5898±0.0068ϵ[0.5820,0.6719] n_halted=67.2420±20.4645ϵ[0.0000,107.0000]  (27.970s / 175.053s)
  n_active=128.0000±0.0000ϵ[128.0000,128.0000] n_expunged=0.0000±0.0000ϵ[0.0000,0.0000] pool_util=1.0000±0.0000ϵ[1.0000,1.0000]
  cell_acc=98.93%, puzzle_acc=52.70%
  eval_avg_halt_step: 2.03
  per_H_acc: ['H0=49.9%', 'H1=88.1%', 'H2=98.4%']
  H_cos: ['0.539', '0.777']
  z_H_delta: ['25.250', '20.000']
  cells: fixed=[100477, 23037] broken=[20763, 1625]
  per_ACT_cell_acc: ['H1=49.9%', 'H2=88.1%', 'H3=98.4%', 'H4=98.8%', 'H5=98.8%', 'H6=98.9%', 'H7=98.9%', 'H8=98.9%', 'H9=98.9%', 'H10=98.9%', 'H11=98.9%', 'H12=98.9%', 'H13=98.9%', 'H14=98.9%', 'H15=98.9%', 'H16=98.9%']
  per_ACT_puzzle_acc: ['H1=0.0%', 'H2=0.0%', 'H3=24.6%', 'H4=53.4%', 'H5=61.2%', 'H6=67.2%', 'H7=69.0%', 'H8=69.4%', 'H9=69.0%', 'H10=69.8%', 'H11=70.3%', 'H12=70.3%', 'H13=70.3%', 'H14=70.3%', 'H15=69.4%', 'H16=69.0%']
  mean_sigmoid_q_halt: ['0.414', '0.048', '0.371', '0.695', '0.793', '0.863', '0.898', '0.914', '0.926', '0.930', '0.938', '0.938', '0.934', '0.934', '0.930', '0.938']
  halt_rates: ['0.00', '0.00', '0.34', '0.74', '0.81', '0.89', '0.92', '0.94', '0.94', '0.95', '0.97', '0.97', '0.96', '0.96', '0.96', '0.97']
  halt_histogram %: [24.2, 51.8, 12.3, 3.5, 1.5, 0.8, 0.6, 0.4, 0.3, 0.3, 0.2, 0.2, 0.1, 0.1, 0.1, 3.7]
  Avg ACT steps (last 100): 1.90
  saved: /home/jvdillon/projects/sic/code/maze/ckpts/x000n/step04000.pt acc=98.93% (0.083s)
Step  4000  Test 98.93% / 52.70%  Train lm=0.5859±0.0059ϵ[0.5430,0.6367] n_halted=70.9160±19.9607ϵ[1.0000,113.0000]  (27.884s / 175.067s)
  n_active=128.0000±0.0000ϵ[128.0000,128.0000] n_expunged=0.0000±0.0000ϵ[0.0000,0.0000] pool_util=1.0000±0.0000ϵ[1.0000,1.0000]
  cell_acc=98.92%, puzzle_acc=37.10%
  eval_avg_halt_step: 2.27
  per_H_acc: ['H0=83.1%', 'H1=90.1%', 'H2=98.1%']
  H_cos: ['0.770', '0.867']
  z_H_delta: ['24.000', '19.750']
  cells: fixed=[18736, 18333] broken=[4212, 1634]
  per_ACT_cell_acc: ['H1=83.1%', 'H2=90.1%', 'H3=98.1%', 'H4=98.7%', 'H5=98.8%', 'H6=98.9%', 'H7=98.9%', 'H8=98.9%', 'H9=98.9%', 'H10=98.9%', 'H11=98.9%', 'H12=98.9%', 'H13=98.9%', 'H14=98.9%', 'H15=98.9%', 'H16=98.9%']
  per_ACT_puzzle_acc: ['H1=0.0%', 'H2=0.0%', 'H3=8.2%', 'H4=26.7%', 'H5=45.3%', 'H6=56.0%', 'H7=59.1%', 'H8=62.5%', 'H9=62.5%', 'H10=62.5%', 'H11=62.1%', 'H12=61.2%', 'H13=59.5%', 'H14=58.2%', 'H15=55.6%', 'H16=55.2%']
  mean_sigmoid_q_halt: ['0.463', '0.022', '0.279', '0.447', '0.605', '0.738', '0.820', '0.852', '0.871', '0.875', '0.879', '0.887', '0.887', '0.883', '0.887', '0.891']
  halt_rates: ['0.00', '0.00', '0.16', '0.42', '0.67', '0.83', '0.89', '0.94', '0.95', '0.95', '0.95', '0.96', '0.95', '0.95', '0.96', '0.97']
  halt_histogram %: [27.1, 50.9, 11.7, 3.2, 1.4, 0.7, 0.5, 0.4, 0.3, 0.3, 0.2, 0.1, 0.1, 0.1, 0.1, 3.1]
  Avg ACT steps (last 100): 1.62
  saved: /home/jvdillon/projects/sic/code/maze/ckpts/x000n/step04500.pt acc=98.92% (0.083s)
Step  4500  Test 98.92% / 37.10%  Train lm=0.5859±0.0096ϵ[0.5391,0.6250] n_halted=72.4760±20.0871ϵ[0.0000,113.0000]  (27.891s / 175.039s)
  n_active=128.0000±0.0000ϵ[128.0000,128.0000] n_expunged=0.0000±0.0000ϵ[0.0000,0.0000] pool_util=1.0000±0.0000ϵ[1.0000,1.0000]
  cell_acc=99.11%, puzzle_acc=72.50%
  eval_avg_halt_step: 1.79
  per_H_acc: ['H0=87.5%', 'H1=89.2%', 'H2=98.5%']
  H_cos: ['0.867', '0.910']
  z_H_delta: ['21.875', '18.000']
  cells: fixed=[5776, 20478] broken=[2124, 1157]
  per_ACT_cell_acc: ['H1=87.5%', 'H2=89.2%', 'H3=98.5%', 'H4=99.0%', 'H5=99.1%', 'H6=99.1%', 'H7=99.1%', 'H8=99.1%', 'H9=99.1%', 'H10=99.1%', 'H11=99.1%', 'H12=99.1%', 'H13=99.1%', 'H14=99.1%', 'H15=99.1%', 'H16=99.1%']
  per_ACT_puzzle_acc: ['H1=0.0%', 'H2=0.0%', 'H3=28.4%', 'H4=56.0%', 'H5=70.7%', 'H6=71.6%', 'H7=72.0%', 'H8=72.0%', 'H9=72.0%', 'H10=72.8%', 'H11=72.8%', 'H12=72.8%', 'H13=73.3%', 'H14=73.7%', 'H15=72.4%', 'H16=72.4%']
  mean_sigmoid_q_halt: ['0.133', '0.096', '0.494', '0.684', '0.816', '0.863', '0.875', '0.875', '0.879', '0.883', '0.883', '0.887', '0.887', '0.891', '0.887', '0.887']
  halt_rates: ['0.00', '0.00', '0.45', '0.71', '0.90', '0.94', '0.94', '0.95', '0.95', '0.96', '0.96', '0.96', '0.97', '0.97', '0.97', '0.97']
  halt_histogram %: [29.4, 49.9, 11.2, 3.1, 1.3, 0.7, 0.5, 0.3, 0.2, 0.2, 0.1, 0.1, 0.1, 0.1, 0.1, 2.7]
  Avg ACT steps (last 100): 1.80
  saved: /home/jvdillon/projects/sic/code/maze/ckpts/x000n/step05000.pt acc=99.11% (0.084s)
Step  5000  Test 99.11% / 72.50%  Train lm=0.5859±0.0060ϵ[0.5664,0.6367] n_halted=72.4480±21.5649ϵ[0.0000,113.0000]  (27.880s / 175.011s)
  n_active=128.0000±0.0000ϵ[128.0000,128.0000] n_expunged=0.0000±0.0000ϵ[0.0000,0.0000] pool_util=1.0000±0.0000ϵ[1.0000,1.0000]
  cell_acc=98.88%, puzzle_acc=40.90%
  eval_avg_halt_step: 2.50
  per_H_acc: ['H0=86.5%', 'H1=93.0%', 'H2=98.6%']
  H_cos: ['0.863', '0.918']
  z_H_delta: ['21.250', '17.125']
  cells: fixed=[20658, 13166] broken=[7075, 1403]
  per_ACT_cell_acc: ['H1=86.5%', 'H2=93.0%', 'H3=98.6%', 'H4=98.9%', 'H5=99.0%', 'H6=98.9%', 'H7=98.9%', 'H8=98.9%', 'H9=98.9%', 'H10=98.9%', 'H11=98.9%', 'H12=98.9%', 'H13=98.9%', 'H14=98.9%', 'H15=98.9%', 'H16=98.9%']
  per_ACT_puzzle_acc: ['H1=0.0%', 'H2=0.0%', 'H3=31.0%', 'H4=53.9%', 'H5=59.5%', 'H6=62.1%', 'H7=62.5%', 'H8=60.8%', 'H9=60.3%', 'H10=59.5%', 'H11=58.6%', 'H12=57.8%', 'H13=56.0%', 'H14=56.0%', 'H15=55.6%', 'H16=54.7%']
  mean_sigmoid_q_halt: ['0.052', '0.022', '0.297', '0.594', '0.715', '0.793', '0.824', '0.844', '0.855', '0.859', '0.859', '0.859', '0.863', '0.871', '0.879', '0.883']
  halt_rates: ['0.00', '0.00', '0.25', '0.62', '0.73', '0.82', '0.84', '0.87', '0.88', '0.88', '0.90', '0.88', '0.88', '0.90', '0.92', '0.92']
  halt_histogram %: [31.5, 49.0, 10.9, 2.9, 1.2, 0.6, 0.4, 0.3, 0.2, 0.2, 0.1, 0.1, 0.1, 0.1, 0.1, 2.3]
  Avg ACT steps (last 100): 1.61
  saved: /home/jvdillon/projects/sic/code/maze/ckpts/x000n/step05500.pt acc=98.88% (0.084s)
Step  5500  Test 98.88% / 40.90%  Train lm=0.5859±0.0048ϵ[0.5781,0.6094] n_halted=74.2120±20.3604ϵ[4.0000,109.0000]  (27.895s / 175.053s)
  n_active=128.0000±0.0000ϵ[128.0000,128.0000] n_expunged=0.0000±0.0000ϵ[0.0000,0.0000] pool_util=1.0000±0.0000ϵ[1.0000,1.0000]
  cell_acc=99.15%, puzzle_acc=64.50%
  eval_avg_halt_step: 4.41
  per_H_acc: ['H0=75.8%', 'H1=91.2%', 'H2=98.7%']
  H_cos: ['0.887', '0.898']
  z_H_delta: ['21.250', '15.375']
  cells: fixed=[39699, 17132] broken=[7519, 1338]
  per_ACT_cell_acc: ['H1=75.8%', 'H2=91.2%', 'H3=98.7%', 'H4=99.0%', 'H5=99.1%', 'H6=99.1%', 'H7=99.1%', 'H8=99.1%', 'H9=99.1%', 'H10=99.2%', 'H11=99.2%', 'H12=99.1%', 'H13=99.1%', 'H14=99.1%', 'H15=99.1%', 'H16=99.1%']
  per_ACT_puzzle_acc: ['H1=0.0%', 'H2=0.0%', 'H3=28.0%', 'H4=52.6%', 'H5=62.9%', 'H6=64.2%', 'H7=64.7%', 'H8=65.9%', 'H9=64.7%', 'H10=64.7%', 'H11=65.5%', 'H12=66.4%', 'H13=65.9%', 'H14=64.7%', 'H15=64.7%', 'H16=64.2%']
  mean_sigmoid_q_halt: ['0.271', '0.025', '0.283', '0.482', '0.539', '0.609', '0.645', '0.656', '0.668', '0.676', '0.684', '0.691', '0.699', '0.707', '0.715', '0.715']
  halt_rates: ['0.00', '0.00', '0.23', '0.50', '0.56', '0.64', '0.69', '0.70', '0.69', '0.70', '0.71', '0.72', '0.72', '0.73', '0.74', '0.74']
  halt_histogram %: [33.0, 48.3, 10.6, 2.8, 1.1, 0.6, 0.4, 0.3, 0.2, 0.2, 0.1, 0.1, 0.1, 0.1, 0.0, 2.1]
  Avg ACT steps (last 100): 1.49
  saved: /home/jvdillon/projects/sic/code/maze/ckpts/x000n/step06000.pt acc=99.15% (0.083s)
  saved: /home/jvdillon/projects/sic/code/maze/ckpts/x000n/best.pt acc=99.15% (0.160s)
Step  6000  Test 99.15% / 64.50%  Train lm=0.5859±0.0091ϵ[0.5547,0.6523] n_halted=73.7480±21.8643ϵ[0.0000,110.0000]  (27.981s / 175.051s)
  n_active=128.0000±0.0000ϵ[128.0000,128.0000] n_expunged=0.0000±0.0000ϵ[0.0000,0.0000] pool_util=1.0000±0.0000ϵ[1.0000,1.0000]
  cell_acc=98.45%, puzzle_acc=1.80%
  eval_avg_halt_step: 1.55
  per_H_acc: ['H0=87.5%', 'H1=87.9%', 'H2=98.8%']
  H_cos: ['0.895', '0.879']
  z_H_delta: ['21.375', '15.500']
  cells: fixed=[9350, 24036] broken=[8482, 1257]
  per_ACT_cell_acc: ['H1=87.5%', 'H2=87.9%', 'H3=98.8%', 'H4=99.1%', 'H5=99.1%', 'H6=99.1%', 'H7=99.1%', 'H8=99.1%', 'H9=99.1%', 'H10=99.1%', 'H11=99.1%', 'H12=99.1%', 'H13=99.1%', 'H14=99.1%', 'H15=99.1%', 'H16=99.1%']
  per_ACT_puzzle_acc: ['H1=0.0%', 'H2=0.0%', 'H3=44.8%', 'H4=62.5%', 'H5=69.4%', 'H6=73.7%', 'H7=74.6%', 'H8=74.6%', 'H9=75.0%', 'H10=75.0%', 'H11=75.0%', 'H12=74.6%', 'H13=72.0%', 'H14=68.5%', 'H15=62.5%', 'H16=56.5%']
  mean_sigmoid_q_halt: ['0.361', '0.809', '0.582', '0.789', '0.840', '0.887', '0.914', '0.922', '0.934', '0.934', '0.938', '0.941', '0.941', '0.941', '0.945', '0.949']
  halt_rates: ['0.00', '1.00', '0.57', '0.83', '0.88', '0.92', '0.95', '0.95', '0.96', '0.97', '0.97', '0.97', '0.97', '0.97', '0.97', '0.98']
  halt_histogram %: [34.3, 47.9, 10.3, 2.7, 1.1, 0.6, 0.4, 0.3, 0.2, 0.2, 0.1, 0.1, 0.1, 0.1, 0.0, 1.9]
  Avg ACT steps (last 100): 1.85
  saved: /home/jvdillon/projects/sic/code/maze/ckpts/x000n/step06500.pt acc=98.45% (0.084s)
Step  6500  Test 98.45% /  1.80%  Train lm=0.5859±0.0066ϵ[0.5703,0.6172] n_halted=73.8700±21.5046ϵ[0.0000,114.0000]  (27.904s / 175.196s)
  n_active=128.0000±0.0000ϵ[128.0000,128.0000] n_expunged=0.0000±0.0000ϵ[0.0000,0.0000] pool_util=1.0000±0.0000ϵ[1.0000,1.0000]
  cell_acc=96.90%, puzzle_acc=10.50%
  eval_avg_halt_step: 6.20
  per_H_acc: ['H0=87.5%', 'H1=84.1%', 'H2=98.8%']
  H_cos: ['0.777', '0.863']
  z_H_delta: ['24.250', '16.500']
  cells: fixed=[24292, 31794] broken=[31456, 1070]
  per_ACT_cell_acc: ['H1=87.5%', 'H2=84.1%', 'H3=98.8%', 'H4=98.8%', 'H5=98.4%', 'H6=98.3%', 'H7=98.3%', 'H8=98.2%', 'H9=98.1%', 'H10=98.1%', 'H11=98.0%', 'H12=97.9%', 'H13=97.8%', 'H14=97.7%', 'H15=97.7%', 'H16=97.6%']
  per_ACT_puzzle_acc: ['H1=0.0%', 'H2=0.0%', 'H3=43.5%', 'H4=51.3%', 'H5=34.1%', 'H6=28.9%', 'H7=28.4%', 'H8=23.7%', 'H9=21.1%', 'H10=20.7%', 'H11=19.0%', 'H12=18.5%', 'H13=19.0%', 'H14=17.2%', 'H15=16.4%', 'H16=15.1%']
  mean_sigmoid_q_halt: ['0.715', '0.132', '0.463', '0.668', '0.500', '0.365', '0.316', '0.291', '0.275', '0.275', '0.273', '0.256', '0.254', '0.260', '0.254', '0.236']
  halt_rates: ['1.00', '0.00', '0.44', '0.67', '0.48', '0.32', '0.26', '0.25', '0.24', '0.23', '0.22', '0.20', '0.21', '0.22', '0.21', '0.19']
  halt_histogram %: [35.3, 47.6, 10.0, 2.5, 1.0, 0.5, 0.3, 0.2, 0.2, 0.2, 0.1, 0.1, 0.1, 0.0, 0.0, 1.7]
  Avg ACT steps (last 100): 1.27
  saved: /home/jvdillon/projects/sic/code/maze/ckpts/x000n/step07000.pt acc=96.90% (0.083s)
Step  7000  Test 96.90% / 10.50%  Train lm=0.5859±0.0073ϵ[0.5625,0.6758] n_halted=75.2120±19.4094ϵ[5.0000,114.0000]  (27.919s / 175.166s)
  n_active=128.0000±0.0000ϵ[128.0000,128.0000] n_expunged=0.0000±0.0000ϵ[0.0000,0.0000] pool_util=1.0000±0.0000ϵ[1.0000,1.0000]
  cell_acc=98.78%, puzzle_acc=37.30%
  eval_avg_halt_step: 4.05
  per_H_acc: ['H0=50.3%', 'H1=87.8%', 'H2=98.7%']
  H_cos: ['0.820', '0.883']
  z_H_delta: ['21.000', '16.500']
  cells: fixed=[78837, 24459] broken=[628, 1698]
  per_ACT_cell_acc: ['H1=50.3%', 'H2=87.8%', 'H3=98.7%', 'H4=99.0%', 'H5=99.0%', 'H6=99.0%', 'H7=99.0%', 'H8=99.0%', 'H9=99.0%', 'H10=99.0%', 'H11=99.0%', 'H12=99.0%', 'H13=99.0%', 'H14=99.0%', 'H15=99.0%', 'H16=99.0%']
  per_ACT_puzzle_acc: ['H1=0.0%', 'H2=0.0%', 'H3=29.3%', 'H4=50.4%', 'H5=58.2%', 'H6=60.8%', 'H7=62.1%', 'H8=62.5%', 'H9=63.4%', 'H10=62.1%', 'H11=60.8%', 'H12=60.8%', 'H13=59.1%', 'H14=58.6%', 'H15=56.9%', 'H16=55.6%']
  mean_sigmoid_q_halt: ['0.355', '0.676', '0.137', '0.543', '0.691', '0.742', '0.770', '0.777', '0.781', '0.781', '0.773', '0.762', '0.758', '0.742', '0.723', '0.707']
  halt_rates: ['0.00', '1.00', '0.09', '0.59', '0.73', '0.76', '0.78', '0.78', '0.80', '0.77', '0.78', '0.76', '0.77', '0.75', '0.72', '0.69']
  halt_histogram %: [36.3, 47.1, 9.8, 2.5, 1.0, 0.5, 0.3, 0.2, 0.2, 0.2, 0.1, 0.1, 0.1, 0.0, 0.0, 1.6]
  Avg ACT steps (last 100): 2.23
  saved: /home/jvdillon/projects/sic/code/maze/ckpts/x000n/step07500.pt acc=98.78% (0.081s)
Step  7500  Test 98.78% / 37.30%  Train lm=0.5859±0.0073ϵ[0.5742,0.6914] n_halted=75.1900±21.3976ϵ[0.0000,114.0000]  (27.909s / 175.204s)
  n_active=128.0000±0.0000ϵ[128.0000,128.0000] n_expunged=0.0000±0.0000ϵ[0.0000,0.0000] pool_util=1.0000±0.0000ϵ[1.0000,1.0000]
  cell_acc=98.95%, puzzle_acc=59.20%
  eval_avg_halt_step: 2.11
  per_H_acc: ['H0=50.3%', 'H1=84.4%', 'H2=98.6%']
  H_cos: ['0.730', '0.852']
  z_H_delta: ['23.625', '17.125']
  cells: fixed=[95099, 30820] broken=[23860, 1191]
  per_ACT_cell_acc: ['H1=50.3%', 'H2=84.4%', 'H3=98.6%', 'H4=98.9%', 'H5=98.9%', 'H6=98.9%', 'H7=98.9%', 'H8=98.9%', 'H9=98.9%', 'H10=99.0%', 'H11=99.0%', 'H12=99.0%', 'H13=99.0%', 'H14=98.9%', 'H15=99.0%', 'H16=99.0%']
  per_ACT_puzzle_acc: ['H1=0.0%', 'H2=0.0%', 'H3=31.9%', 'H4=55.6%', 'H5=59.5%', 'H6=61.2%', 'H7=62.1%', 'H8=63.4%', 'H9=62.9%', 'H10=62.1%', 'H11=61.6%', 'H12=61.6%', 'H13=60.8%', 'H14=58.6%', 'H15=58.2%', 'H16=57.8%']
  mean_sigmoid_q_halt: ['0.379', '0.120', '0.439', '0.676', '0.770', '0.820', '0.852', '0.867', '0.859', '0.855', '0.852', '0.844', '0.832', '0.828', '0.828', '0.824']
  halt_rates: ['0.00', '0.00', '0.41', '0.69', '0.80', '0.84', '0.89', '0.91', '0.90', '0.91', '0.90', '0.90', '0.88', '0.88', '0.88', '0.88']
  halt_histogram %: [36.9, 46.9, 9.7, 2.4, 1.0, 0.5, 0.3, 0.2, 0.2, 0.1, 0.1, 0.1, 0.1, 0.0, 0.0, 1.5]
  Avg ACT steps (last 100): 1.95
  saved: /home/jvdillon/projects/sic/code/maze/ckpts/x000n/step08000.pt acc=98.95% (0.083s)
Step  8000  Test 98.95% / 59.20%  Train lm=0.5859±0.0079ϵ[0.5586,0.6250] n_halted=71.3700±23.6469ϵ[0.0000,112.0000]  (27.910s / 175.202s)
  n_active=128.0000±0.0000ϵ[128.0000,128.0000] n_expunged=0.0000±0.0000ϵ[0.0000,0.0000] pool_util=1.0000±0.0000ϵ[1.0000,1.0000]
  cell_acc=99.11%, puzzle_acc=67.90%
  eval_avg_halt_step: 1.84
  per_H_acc: ['H0=50.3%', 'H1=88.0%', 'H2=98.5%']
  H_cos: ['0.641', '0.895']
  z_H_delta: ['20.625', '18.000']
  cells: fixed=[79210, 23677] broken=[470, 1767]
  per_ACT_cell_acc: ['H1=50.3%', 'H2=88.0%', 'H3=98.5%', 'H4=99.0%', 'H5=99.1%', 'H6=99.1%', 'H7=99.1%', 'H8=99.1%', 'H9=99.1%', 'H10=99.1%', 'H11=99.1%', 'H12=99.1%', 'H13=99.1%', 'H14=99.1%', 'H15=99.1%', 'H16=99.1%']
  per_ACT_puzzle_acc: ['H1=0.0%', 'H2=0.0%', 'H3=21.1%', 'H4=61.2%', 'H5=69.4%', 'H6=71.6%', 'H7=72.4%', 'H8=72.0%', 'H9=72.4%', 'H10=72.8%', 'H11=72.4%', 'H12=71.1%', 'H13=71.1%', 'H14=70.3%', 'H15=69.8%', 'H16=69.4%']
  mean_sigmoid_q_halt: ['0.114', '0.021', '0.293', '0.676', '0.852', '0.914', '0.941', '0.949', '0.957', '0.961', '0.965', '0.965', '0.969', '0.969', '0.969', '0.969']
  halt_rates: ['0.00', '0.00', '0.25', '0.70', '0.88', '0.94', '0.97', '0.97', '0.98', '0.99', '0.99', '0.99', '1.00', '1.00', '1.00', '1.00']
  halt_histogram %: [37.6, 46.6, 9.5, 2.4, 0.9, 0.5, 0.3, 0.2, 0.2, 0.1, 0.1, 0.1, 0.1, 0.0, 0.0, 1.4]
  Avg ACT steps (last 100): 1.42
  saved: /home/jvdillon/projects/sic/code/maze/ckpts/x000n/step08500.pt acc=99.11% (0.082s)
Step  8500  Test 99.11% / 67.90%  Train lm=0.5859±0.0079ϵ[0.5586,0.6367] n_halted=73.3000±23.2594ϵ[0.0000,111.0000]  (27.899s / 175.185s)
  n_active=128.0000±0.0000ϵ[128.0000,128.0000] n_expunged=0.0000±0.0000ϵ[0.0000,0.0000] pool_util=1.0000±0.0000ϵ[1.0000,1.0000]
  cell_acc=97.78%, puzzle_acc=19.60%
  eval_avg_halt_step: 1.55
  per_H_acc: ['H0=46.8%', 'H1=87.2%', 'H2=99.0%']
  H_cos: ['0.629', '0.859']
  z_H_delta: ['23.125', '19.750']
  cells: fixed=[102850, 25351] broken=[18475, 756]
  per_ACT_cell_acc: ['H1=46.8%', 'H2=87.2%', 'H3=99.0%', 'H4=99.1%', 'H5=99.1%', 'H6=99.1%', 'H7=99.1%', 'H8=99.1%', 'H9=99.1%', 'H10=99.1%', 'H11=98.9%', 'H12=98.8%', 'H13=98.7%', 'H14=98.6%', 'H15=98.5%', 'H16=98.4%']
  per_ACT_puzzle_acc: ['H1=0.0%', 'H2=0.0%', 'H3=47.4%', 'H4=67.2%', 'H5=65.9%', 'H6=65.1%', 'H7=62.9%', 'H8=59.1%', 'H9=53.4%', 'H10=44.8%', 'H11=38.8%', 'H12=36.2%', 'H13=32.8%', 'H14=30.2%', 'H15=27.2%', 'H16=24.6%']
  mean_sigmoid_q_halt: ['0.281', '0.067', '0.617', '0.816', '0.879', '0.910', '0.926', '0.926', '0.922', '0.906', '0.867', '0.828', '0.789', '0.781', '0.750', '0.738']
  halt_rates: ['0.00', '0.00', '0.66', '0.85', '0.92', '0.94', '0.96', '0.97', '0.96', '0.93', '0.89', '0.85', '0.81', '0.82', '0.79', '0.77']
  halt_histogram %: [38.2, 46.4, 9.3, 2.3, 0.9, 0.5, 0.3, 0.2, 0.2, 0.1, 0.1, 0.1, 0.1, 0.0, 0.0, 1.3]
  Avg ACT steps (last 100): 1.62
  saved: /home/jvdillon/projects/sic/code/maze/ckpts/x000n/step09000.pt acc=97.78% (0.082s)
Step  9000  Test 97.78% / 19.60%  Train lm=0.5859±0.0093ϵ[0.5547,0.6484] n_halted=75.5300±20.8501ϵ[0.0000,111.0000]  (27.900s / 175.128s)
  n_active=128.0000±0.0000ϵ[128.0000,128.0000] n_expunged=0.0000±0.0000ϵ[0.0000,0.0000] pool_util=1.0000±0.0000ϵ[1.0000,1.0000]
  cell_acc=95.81%, puzzle_acc=2.00%
  eval_avg_halt_step: 4.00
  per_H_acc: ['H0=47.3%', 'H1=92.5%', 'H2=98.5%']
  H_cos: ['0.609', '0.934']
  z_H_delta: ['25.250', '15.062']
  cells: fixed=[102550, 13975] broken=[8317, 1307]
  per_ACT_cell_acc: ['H1=47.3%', 'H2=92.5%', 'H3=98.5%', 'H4=98.8%', 'H5=98.8%', 'H6=98.9%', 'H7=98.8%', 'H8=98.8%', 'H9=98.8%', 'H10=98.8%', 'H11=98.7%', 'H12=98.7%', 'H13=98.6%', 'H14=98.6%', 'H15=98.5%', 'H16=98.4%']
  per_ACT_puzzle_acc: ['H1=0.0%', 'H2=0.0%', 'H3=4.7%', 'H4=38.8%', 'H5=54.7%', 'H6=60.3%', 'H7=62.1%', 'H8=59.9%', 'H9=59.9%', 'H10=56.9%', 'H11=54.7%', 'H12=50.9%', 'H13=46.1%', 'H14=42.2%', 'H15=36.6%', 'H16=31.0%']
  mean_sigmoid_q_halt: ['0.318', '0.101', '0.106', '0.322', '0.562', '0.680', '0.723', '0.742', '0.750', '0.750', '0.746', '0.730', '0.703', '0.676', '0.641', '0.609']
  halt_rates: ['0.00', '0.00', '0.02', '0.28', '0.59', '0.74', '0.78', '0.80', '0.80', '0.82', '0.82', '0.81', '0.76', '0.74', '0.70', '0.65']
  halt_histogram %: [38.9, 46.1, 9.2, 2.3, 0.9, 0.4, 0.3, 0.2, 0.1, 0.1, 0.1, 0.1, 0.1, 0.0, 0.0, 1.2]
  Avg ACT steps (last 100): 1.79
  saved: /home/jvdillon/projects/sic/code/maze/ckpts/x000n/step09500.pt acc=95.81% (0.083s)
Step  9500  Test 95.81% /  2.00%  Train lm=0.5859±0.0050ϵ[0.5742,0.6211] n_halted=77.3900±20.0041ϵ[7.0000,114.0000]  (27.900s / 175.275s)
  n_active=128.0000±0.0000ϵ[128.0000,128.0000] n_expunged=0.0000±0.0000ϵ[0.0000,0.0000] pool_util=1.0000±0.0000ϵ[1.0000,1.0000]
  cell_acc=99.20%, puzzle_acc=71.60%
  eval_avg_halt_step: 1.99
  per_H_acc: ['H0=50.2%', 'H1=87.2%', 'H2=99.0%']
  H_cos: ['0.633', '0.859']
  z_H_delta: ['25.625', '18.250']
  cells: fixed=[79675, 25702] broken=[2340, 1193]
  per_ACT_cell_acc: ['H1=50.2%', 'H2=87.2%', 'H3=99.0%', 'H4=99.1%', 'H5=99.2%', 'H6=99.2%', 'H7=99.2%', 'H8=99.2%', 'H9=99.2%', 'H10=99.2%', 'H11=99.2%', 'H12=99.2%', 'H13=99.2%', 'H14=99.2%', 'H15=99.2%', 'H16=99.2%']
  per_ACT_puzzle_acc: ['H1=0.0%', 'H2=0.0%', 'H3=43.1%', 'H4=65.9%', 'H5=68.5%', 'H6=71.6%', 'H7=72.8%', 'H8=73.3%', 'H9=72.8%', 'H10=72.0%', 'H11=72.4%', 'H12=72.8%', 'H13=73.3%', 'H14=73.7%', 'H15=72.0%', 'H16=72.4%']
  mean_sigmoid_q_halt: ['0.198', '0.455', '0.555', '0.754', '0.809', '0.848', '0.883', '0.902', '0.906', '0.910', '0.918', '0.926', '0.926', '0.926', '0.926', '0.930']
  halt_rates: ['0.00', '0.10', '0.57', '0.78', '0.82', '0.87', '0.91', '0.92', '0.94', '0.93', '0.94', '0.95', '0.95', '0.95', '0.95', '0.96']
  halt_histogram %: [39.3, 45.9, 9.1, 2.2, 0.8, 0.4, 0.3, 0.2, 0.1, 0.1, 0.1, 0.1, 0.1, 0.0, 0.0, 1.2]
  Avg ACT steps (last 100): 1.42
  saved: /home/jvdillon/projects/sic/code/maze/ckpts/x000n/step10000.pt acc=99.20% (0.083s)
  saved: /home/jvdillon/projects/sic/code/maze/ckpts/x000n/best.pt acc=99.20% (0.163s)
Step 10000  Test 99.20% / 71.60%  Train lm=0.5859±0.0066ϵ[0.5586,0.6328] n_halted=74.5020±20.7664ϵ[1.0000,114.0000]  (27.771s / 175.158s)
  n_active=128.0000±0.0000ϵ[128.0000,128.0000] n_expunged=0.0000±0.0000ϵ[0.0000,0.0000] pool_util=1.0000±0.0000ϵ[1.0000,1.0000]
  cell_acc=99.00%, puzzle_acc=57.60%
  eval_avg_halt_step: 2.22
  per_H_acc: ['H0=50.1%', 'H1=89.3%', 'H2=99.0%']
  H_cos: ['0.629', '0.902']
  z_H_delta: ['26.750', '14.562']
  cells: fixed=[87970, 21381] broken=[6168, 1114]
  per_ACT_cell_acc: ['H1=50.1%', 'H2=89.3%', 'H3=99.0%', 'H4=99.2%', 'H5=99.2%', 'H6=99.2%', 'H7=99.1%', 'H8=99.1%', 'H9=99.1%', 'H10=99.1%', 'H11=99.1%', 'H12=99.1%', 'H13=99.1%', 'H14=99.1%', 'H15=99.1%', 'H16=99.1%']
  per_ACT_puzzle_acc: ['H1=0.0%', 'H2=0.0%', 'H3=42.2%', 'H4=65.1%', 'H5=68.1%', 'H6=65.9%', 'H7=66.4%', 'H8=66.4%', 'H9=63.8%', 'H10=62.9%', 'H11=62.9%', 'H12=62.1%', 'H13=61.6%', 'H14=61.2%', 'H15=61.2%', 'H16=60.3%']
  mean_sigmoid_q_halt: ['0.293', '0.473', '0.523', '0.746', '0.801', '0.805', '0.805', '0.805', '0.805', '0.801', '0.801', '0.797', '0.797', '0.793', '0.793', '0.793']
  halt_rates: ['0.00', '0.38', '0.49', '0.80', '0.86', '0.88', '0.88', '0.88', '0.87', '0.86', '0.86', '0.85', '0.86', '0.87', '0.87', '0.86']
  halt_histogram %: [40.0, 45.7, 8.9, 2.2, 0.8, 0.4, 0.3, 0.2, 0.1, 0.1, 0.1, 0.1, 0.1, 0.0, 0.0, 1.1]
  Avg ACT steps (last 100): 1.74
  saved: /home/jvdillon/projects/sic/code/maze/ckpts/x000n/step10500.pt acc=99.00% (0.084s)
Step 10500  Test 99.00% / 57.60%  Train lm=0.5859±0.0075ϵ[0.5586,0.6523] n_halted=78.1840±19.3775ϵ[12.0000,118.0000]  (27.572s / 173.870s)
  n_active=128.0000±0.0000ϵ[128.0000,128.0000] n_expunged=0.0000±0.0000ϵ[0.0000,0.0000] pool_util=1.0000±0.0000ϵ[1.0000,1.0000]
  cell_acc=99.03%, puzzle_acc=50.60%
  eval_avg_halt_step: 1.62
  per_H_acc: ['H0=50.2%', 'H1=86.1%', 'H2=98.8%']
  H_cos: ['0.574', '0.855']
  z_H_delta: ['27.125', '19.250']
  cells: fixed=[76047, 27698] broken=[992, 1289]
  per_ACT_cell_acc: ['H1=50.2%', 'H2=86.1%', 'H3=98.8%', 'H4=99.1%', 'H5=99.1%', 'H6=99.1%', 'H7=99.1%', 'H8=99.1%', 'H9=99.1%', 'H10=99.1%', 'H11=99.1%', 'H12=99.1%', 'H13=99.1%', 'H14=99.1%', 'H15=99.1%', 'H16=99.1%']
  per_ACT_puzzle_acc: ['H1=0.0%', 'H2=0.0%', 'H3=39.7%', 'H4=67.2%', 'H5=72.4%', 'H6=73.3%', 'H7=74.6%', 'H8=75.0%', 'H9=73.7%', 'H10=73.3%', 'H11=71.1%', 'H12=69.8%', 'H13=69.0%', 'H14=67.7%', 'H15=65.1%', 'H16=64.7%']
  mean_sigmoid_q_halt: ['0.195', '0.270', '0.512', '0.746', '0.859', '0.910', '0.934', '0.945', '0.941', '0.922', '0.910', '0.891', '0.867', '0.852', '0.844', '0.840']
  halt_rates: ['0.00', '0.00', '0.51', '0.79', '0.91', '0.95', '0.98', '0.99', '0.98', '0.96', '0.96', '0.94', '0.91', '0.88', '0.88', '0.87']
  halt_histogram %: [40.6, 45.3, 8.8, 2.1, 0.8, 0.4, 0.3, 0.2, 0.1, 0.1, 0.1, 0.1, 0.1, 0.0, 0.0, 1.0]
  Avg ACT steps (last 100): 1.49
  saved: /home/jvdillon/projects/sic/code/maze/ckpts/x000n/step11000.pt acc=99.03% (0.056s)
Step 11000  Test 99.03% / 50.60%  Train lm=0.5859±0.0071ϵ[0.5508,0.6328] n_halted=78.4120±20.3744ϵ[2.0000,113.0000]  (27.555s / 173.791s)
  n_active=128.0000±0.0000ϵ[128.0000,128.0000] n_expunged=0.0000±0.0000ϵ[0.0000,0.0000] pool_util=1.0000±0.0000ϵ[1.0000,1.0000]
  cell_acc=99.18%, puzzle_acc=68.20%
  eval_avg_halt_step: 1.71
  per_H_acc: ['H0=50.1%', 'H1=84.6%', 'H2=99.0%']
  H_cos: ['0.672', '0.820']
  z_H_delta: ['25.750', '18.875']
  cells: fixed=[74870, 31261] broken=[2739, 1293]
  per_ACT_cell_acc: ['H1=50.1%', 'H2=84.6%', 'H3=99.0%', 'H4=99.2%', 'H5=99.3%', 'H6=99.3%', 'H7=99.3%', 'H8=99.3%', 'H9=99.3%', 'H10=99.3%', 'H11=99.3%', 'H12=99.3%', 'H13=99.3%', 'H14=99.3%', 'H15=99.3%', 'H16=99.3%']
  per_ACT_puzzle_acc: ['H1=0.0%', 'H2=0.0%', 'H3=48.7%', 'H4=67.2%', 'H5=72.4%', 'H6=74.1%', 'H7=74.1%', 'H8=74.1%', 'H9=72.8%', 'H10=72.4%', 'H11=72.0%', 'H12=71.6%', 'H13=70.7%', 'H14=70.7%', 'H15=70.7%', 'H16=70.7%']
  mean_sigmoid_q_halt: ['0.352', '0.867', '0.543', '0.816', '0.891', '0.918', '0.930', '0.938', '0.941', '0.945', '0.949', '0.949', '0.945', '0.949', '0.949', '0.945']
  halt_rates: ['0.00', '1.00', '0.51', '0.85', '0.91', '0.94', '0.96', '0.96', '0.97', '0.97', '0.98', '0.98', '0.97', '0.98', '0.98', '0.97']
  halt_histogram %: [41.2, 45.0, 8.7, 2.1, 0.8, 0.4, 0.2, 0.2, 0.1, 0.1, 0.1, 0.1, 0.1, 0.0, 0.0, 1.0]
  Avg ACT steps (last 100): 1.85
  saved: /home/jvdillon/projects/sic/code/maze/ckpts/x000n/step11500.pt acc=99.18% (0.056s)
Step 11500  Test 99.18% / 68.20%  Train lm=0.5859±0.0078ϵ[0.5547,0.6328] n_halted=79.3760±19.9475ϵ[17.0000,113.0000]  (27.558s / 173.919s)
  n_active=128.0000±0.0000ϵ[128.0000,128.0000] n_expunged=0.0000±0.0000ϵ[0.0000,0.0000] pool_util=1.0000±0.0000ϵ[1.0000,1.0000]
  cell_acc=98.89%, puzzle_acc=56.70%
  eval_avg_halt_step: 2.48
  per_H_acc: ['H0=50.1%', 'H1=87.7%', 'H2=98.2%']
  H_cos: ['0.586', '0.906']
  z_H_delta: ['27.000', '14.062']
  cells: fixed=[78971, 24131] broken=[410, 2122]
  per_ACT_cell_acc: ['H1=50.1%', 'H2=87.7%', 'H3=98.2%', 'H4=98.7%', 'H5=98.8%', 'H6=98.8%', 'H7=98.8%', 'H8=98.8%', 'H9=98.9%', 'H10=98.9%', 'H11=98.9%', 'H12=98.9%', 'H13=98.9%', 'H14=98.9%', 'H15=98.8%', 'H16=98.8%']
  per_ACT_puzzle_acc: ['H1=0.0%', 'H2=0.0%', 'H3=29.7%', 'H4=52.2%', 'H5=57.3%', 'H6=61.2%', 'H7=62.9%', 'H8=64.7%', 'H9=65.5%', 'H10=64.7%', 'H11=64.7%', 'H12=63.8%', 'H13=62.9%', 'H14=62.1%', 'H15=61.6%', 'H16=62.1%']
  mean_sigmoid_q_halt: ['0.641', '0.910', '0.471', '0.707', '0.762', '0.809', '0.840', '0.863', '0.875', '0.875', '0.879', '0.883', '0.883', '0.883', '0.883', '0.883']
  halt_rates: ['1.00', '1.00', '0.43', '0.72', '0.79', '0.82', '0.85', '0.88', '0.89', '0.88', '0.88', '0.89', '0.89', '0.89', '0.89', '0.88']
  halt_histogram %: [41.8, 44.7, 8.6, 2.0, 0.8, 0.4, 0.2, 0.2, 0.1, 0.1, 0.1, 0.1, 0.1, 0.0, 0.0, 0.9]
  Avg ACT steps (last 100): 1.42
  saved: /home/jvdillon/projects/sic/code/maze/ckpts/x000n/step12000.pt acc=98.89% (0.054s)
Step 12000  Test 98.89% / 56.70%  Train lm=0.5859±0.0087ϵ[0.5469,0.6680] n_halted=77.3000±21.1813ϵ[4.0000,113.0000]  (27.555s / 173.896s)
  n_active=128.0000±0.0000ϵ[128.0000,128.0000] n_expunged=0.0000±0.0000ϵ[0.0000,0.0000] pool_util=1.0000±0.0000ϵ[1.0000,1.0000]
  cell_acc=98.63%, puzzle_acc=37.50%
  eval_avg_halt_step: 3.11
  per_H_acc: ['H0=50.1%', 'H1=53.3%', 'H2=98.6%']
  H_cos: ['0.938', '0.676']
  z_H_delta: ['23.250', '22.125']
  cells: fixed=[11751, 96112] broken=[5051, 1572]
  per_ACT_cell_acc: ['H1=50.1%', 'H2=53.3%', 'H3=98.6%', 'H4=98.9%', 'H5=99.0%', 'H6=99.0%', 'H7=99.0%', 'H8=99.0%', 'H9=99.0%', 'H10=99.0%', 'H11=99.0%', 'H12=99.0%', 'H13=99.0%', 'H14=99.0%', 'H15=98.9%', 'H16=98.9%']
  per_ACT_puzzle_acc: ['H1=0.0%', 'H2=0.0%', 'H3=35.3%', 'H4=54.3%', 'H5=56.9%', 'H6=59.9%', 'H7=61.6%', 'H8=59.5%', 'H9=57.8%', 'H10=53.9%', 'H11=53.9%', 'H12=51.3%', 'H13=48.3%', 'H14=46.6%', 'H15=44.4%', 'H16=41.8%']
  mean_sigmoid_q_halt: ['0.239', '0.547', '0.354', '0.680', '0.734', '0.770', '0.777', '0.766', '0.746', '0.723', '0.699', '0.691', '0.688', '0.668', '0.652', '0.648']
  halt_rates: ['0.00', '0.83', '0.30', '0.71', '0.75', '0.79', '0.80', '0.79', '0.78', '0.75', '0.72', '0.69', '0.70', '0.67', '0.66', '0.66']
  halt_histogram %: [42.4, 44.3, 8.4, 2.0, 0.8, 0.4, 0.2, 0.2, 0.1, 0.1, 0.1, 0.1, 0.1, 0.0, 0.0, 0.9]
  Avg ACT steps (last 100): 1.58
  saved: /home/jvdillon/projects/sic/code/maze/ckpts/x000n/step12500.pt acc=98.63% (0.055s)
Step 12500  Test 98.63% / 37.50%  Train lm=0.5820±0.0073ϵ[0.5547,0.6055] n_halted=79.6960±20.8189ϵ[8.0000,111.0000]  (27.560s / 173.839s)
  n_active=128.0000±0.0000ϵ[128.0000,128.0000] n_expunged=0.0000±0.0000ϵ[0.0000,0.0000] pool_util=1.0000±0.0000ϵ[1.0000,1.0000]
  cell_acc=99.15%, puzzle_acc=72.40%
  eval_avg_halt_step: 2.05
  per_H_acc: ['H0=50.1%', 'H1=89.9%', 'H2=99.0%']
  H_cos: ['0.578', '0.922']
  z_H_delta: ['27.625', '13.938']
  cells: fixed=[89747, 19904] broken=[6546, 1043]
  per_ACT_cell_acc: ['H1=50.1%', 'H2=89.9%', 'H3=99.0%', 'H4=99.2%', 'H5=99.3%', 'H6=99.3%', 'H7=99.3%', 'H8=99.3%', 'H9=99.3%', 'H10=99.3%', 'H11=99.3%', 'H12=99.3%', 'H13=99.3%', 'H14=99.3%', 'H15=99.3%', 'H16=99.3%']
  per_ACT_puzzle_acc: ['H1=0.0%', 'H2=0.0%', 'H3=34.1%', 'H4=59.9%', 'H5=68.1%', 'H6=71.6%', 'H7=72.0%', 'H8=72.4%', 'H9=72.8%', 'H10=73.3%', 'H11=73.7%', 'H12=73.7%', 'H13=73.3%', 'H14=73.7%', 'H15=74.1%', 'H16=73.7%']
  mean_sigmoid_q_halt: ['0.217', '0.309', '0.455', '0.668', '0.789', '0.871', '0.898', '0.910', '0.914', '0.926', '0.930', '0.934', '0.934', '0.938', '0.934', '0.934']
  halt_rates: ['0.00', '0.05', '0.40', '0.64', '0.80', '0.89', '0.91', '0.93', '0.94', '0.95', '0.95', '0.95', '0.95', '0.96', '0.96', '0.95']
  halt_histogram %: [42.8, 44.0, 8.4, 2.0, 0.7, 0.4, 0.2, 0.2, 0.1, 0.1, 0.1, 0.1, 0.0, 0.0, 0.0, 0.9]
  Avg ACT steps (last 100): 1.44
  saved: /home/jvdillon/projects/sic/code/maze/ckpts/x000n/step13000.pt acc=99.15% (0.055s)
Step 13000  Test 99.15% / 72.40%  Train lm=0.5859±0.0069ϵ[0.5703,0.6562] n_halted=77.3800±21.4195ϵ[7.0000,117.0000]  (27.561s / 173.918s)
  n_active=128.0000±0.0000ϵ[128.0000,128.0000] n_expunged=0.0000±0.0000ϵ[0.0000,0.0000] pool_util=1.0000±0.0000ϵ[1.0000,1.0000]
  cell_acc=98.85%, puzzle_acc=56.60%
  eval_avg_halt_step: 2.52
  per_H_acc: ['H0=50.1%', 'H1=87.6%', 'H2=98.5%']
  H_cos: ['0.523', '0.895']
  z_H_delta: ['29.625', '13.938']
  cells: fixed=[78583, 24785] broken=[196, 2129]
  per_ACT_cell_acc: ['H1=50.1%', 'H2=87.6%', 'H3=98.5%', 'H4=98.9%', 'H5=99.0%', 'H6=99.0%', 'H7=98.9%', 'H8=98.9%', 'H9=98.9%', 'H10=98.9%', 'H11=98.9%', 'H12=98.9%', 'H13=98.9%', 'H14=98.9%', 'H15=98.9%', 'H16=98.9%']
  per_ACT_puzzle_acc: ['H1=0.0%', 'H2=0.0%', 'H3=35.3%', 'H4=61.6%', 'H5=66.4%', 'H6=67.7%', 'H7=66.4%', 'H8=66.4%', 'H9=66.4%', 'H10=65.1%', 'H11=65.1%', 'H12=64.2%', 'H13=64.2%', 'H14=63.8%', 'H15=62.9%', 'H16=62.9%']
  mean_sigmoid_q_halt: ['0.132', '0.809', '0.352', '0.695', '0.801', '0.801', '0.785', '0.777', '0.773', '0.773', '0.777', '0.777', '0.781', '0.777', '0.777', '0.781']
  halt_rates: ['0.00', '1.00', '0.28', '0.75', '0.88', '0.90', '0.89', '0.91', '0.91', '0.92', '0.92', '0.91', '0.92', '0.91', '0.91', '0.92']
  halt_histogram %: [43.2, 43.8, 8.3, 2.0, 0.7, 0.4, 0.2, 0.2, 0.1, 0.1, 0.1, 0.1, 0.0, 0.0, 0.0, 0.8]
  Avg ACT steps (last 100): 1.79
  saved: /home/jvdillon/projects/sic/code/maze/ckpts/x000n/step13500.pt acc=98.85% (0.056s)
Step 13500  Test 98.85% / 56.60%  Train lm=0.5820±0.0100ϵ[0.5430,0.6250] n_halted=78.7900±21.2861ϵ[0.0000,112.0000]  (27.562s / 173.940s)
  n_active=128.0000±0.0000ϵ[128.0000,128.0000] n_expunged=0.0000±0.0000ϵ[0.0000,0.0000] pool_util=1.0000±0.0000ϵ[1.0000,1.0000]
  cell_acc=97.32%, puzzle_acc=43.90%
  eval_avg_halt_step: 7.39
  per_H_acc: ['H0=50.1%', 'H1=70.9%', 'H2=98.3%']
  H_cos: ['0.809', '0.793']
  z_H_delta: ['24.250', '19.625']
  cells: fixed=[43800, 58415] broken=[229, 1230]
  per_ACT_cell_acc: ['H1=50.1%', 'H2=70.9%', 'H3=98.3%', 'H4=98.7%', 'H5=98.8%', 'H6=98.9%', 'H7=98.9%', 'H8=98.9%', 'H9=98.8%', 'H10=98.8%', 'H11=98.7%', 'H12=98.7%', 'H13=98.6%', 'H14=98.6%', 'H15=98.5%', 'H16=98.4%']
  per_ACT_puzzle_acc: ['H1=0.0%', 'H2=0.0%', 'H3=8.2%', 'H4=25.0%', 'H5=29.3%', 'H6=41.8%', 'H7=50.0%', 'H8=52.6%', 'H9=52.6%', 'H10=50.4%', 'H11=48.3%', 'H12=49.6%', 'H13=47.4%', 'H14=46.1%', 'H15=45.3%', 'H16=45.7%']
  mean_sigmoid_q_halt: ['0.400', '0.727', '0.162', '0.240', '0.277', '0.330', '0.379', '0.428', '0.457', '0.475', '0.482', '0.484', '0.479', '0.479', '0.473', '0.469']
  halt_rates: ['0.00', '1.00', '0.08', '0.17', '0.23', '0.25', '0.32', '0.43', '0.44', '0.47', '0.49', '0.48', '0.49', '0.49', '0.47', '0.48']
  halt_histogram %: [43.7, 43.5, 8.2, 1.9, 0.7, 0.4, 0.2, 0.2, 0.1, 0.1, 0.1, 0.1, 0.0, 0.0, 0.0, 0.8]
  Avg ACT steps (last 100): 1.95
  saved: /home/jvdillon/projects/sic/code/maze/ckpts/x000n/step14000.pt acc=97.32% (0.056s)
Step 14000  Test 97.32% / 43.90%  Train lm=0.5859±0.0060ϵ[0.5664,0.6289] n_halted=80.3480±18.7679ϵ[15.0000,115.0000]  (27.566s / 173.842s)
  n_active=128.0000±0.0000ϵ[128.0000,128.0000] n_expunged=0.0000±0.0000ϵ[0.0000,0.0000] pool_util=1.0000±0.0000ϵ[1.0000,1.0000]
  cell_acc=99.05%, puzzle_acc=72.50%
  eval_avg_halt_step: 1.57
  per_H_acc: ['H0=50.1%', 'H1=87.6%', 'H2=98.9%']
  H_cos: ['0.535', '0.902']
  z_H_delta: ['26.250', '13.625']
  cells: fixed=[78476, 24380] broken=[59, 937]
  per_ACT_cell_acc: ['H1=50.1%', 'H2=87.6%', 'H3=98.9%', 'H4=99.0%', 'H5=99.0%', 'H6=99.0%', 'H7=99.0%', 'H8=99.1%', 'H9=99.1%', 'H10=99.1%', 'H11=99.1%', 'H12=99.1%', 'H13=99.1%', 'H14=99.1%', 'H15=99.1%', 'H16=99.1%']
  per_ACT_puzzle_acc: ['H1=0.0%', 'H2=0.0%', 'H3=43.5%', 'H4=62.5%', 'H5=68.1%', 'H6=71.6%', 'H7=72.8%', 'H8=73.3%', 'H9=74.1%', 'H10=74.6%', 'H11=74.6%', 'H12=74.6%', 'H13=74.6%', 'H14=74.6%', 'H15=74.6%', 'H16=74.6%']
  mean_sigmoid_q_halt: ['0.641', '0.762', '0.672', '0.773', '0.859', '0.898', '0.926', '0.938', '0.945', '0.945', '0.949', '0.953', '0.953', '0.953', '0.953', '0.957']
  halt_rates: ['1.00', '1.00', '0.67', '0.79', '0.89', '0.93', '0.96', '0.97', '0.97', '0.98', '0.97', '0.98', '0.98', '0.98', '0.98', '0.98']
  halt_histogram %: [44.0, 43.3, 8.1, 1.9, 0.7, 0.3, 0.2, 0.2, 0.1, 0.1, 0.1, 0.1, 0.0, 0.0, 0.0, 0.8]
  Avg ACT steps (last 100): 1.27
  saved: /home/jvdillon/projects/sic/code/maze/ckpts/x000n/step14500.pt acc=99.05% (0.056s)
Step 14500  Test 99.05% / 72.50%  Train lm=0.5859±0.0110ϵ[0.5391,0.6523] n_halted=77.5280±21.3906ϵ[0.0000,115.0000]  (27.555s / 173.848s)
  n_active=128.0000±0.0000ϵ[128.0000,128.0000] n_expunged=0.0000±0.0000ϵ[0.0000,0.0000] pool_util=1.0000±0.0000ϵ[1.0000,1.0000]
  cell_acc=99.13%, puzzle_acc=67.00%
  eval_avg_halt_step: 1.91
  per_H_acc: ['H0=50.2%', 'H1=87.5%', 'H2=98.8%']
  H_cos: ['0.617', '0.891']
  z_H_delta: ['27.250', '15.125']
  cells: fixed=[78027, 24729] broken=[14, 1078]
  per_ACT_cell_acc: ['H1=50.2%', 'H2=87.5%', 'H3=98.8%', 'H4=99.1%', 'H5=99.2%', 'H6=99.2%', 'H7=99.2%', 'H8=99.2%', 'H9=99.2%', 'H10=99.2%', 'H11=99.2%', 'H12=99.2%', 'H13=99.2%', 'H14=99.2%', 'H15=99.2%', 'H16=99.2%']
  per_ACT_puzzle_acc: ['H1=0.0%', 'H2=0.0%', 'H3=38.4%', 'H4=60.8%', 'H5=68.1%', 'H6=69.4%', 'H7=72.4%', 'H8=72.0%', 'H9=71.6%', 'H10=71.6%', 'H11=72.0%', 'H12=72.0%', 'H13=72.0%', 'H14=71.6%', 'H15=71.6%', 'H16=69.8%']
  mean_sigmoid_q_halt: ['0.477', '0.758', '0.455', '0.750', '0.816', '0.867', '0.898', '0.910', '0.914', '0.918', '0.922', '0.926', '0.922', '0.926', '0.922', '0.926']
  halt_rates: ['0.00', '1.00', '0.41', '0.77', '0.84', '0.88', '0.93', '0.94', '0.94', '0.94', '0.95', '0.95', '0.94', '0.94', '0.94', '0.95']
  halt_histogram %: [44.2, 43.2, 8.1, 1.9, 0.7, 0.3, 0.2, 0.2, 0.1, 0.1, 0.1, 0.1, 0.0, 0.0, 0.0, 0.7]
  Avg ACT steps (last 100): 1.53
  saved: /home/jvdillon/projects/sic/code/maze/ckpts/x000n/step15000.pt acc=99.13% (0.056s)
Step 15000  Test 99.13% / 67.00%  Train lm=0.5859±0.0058ϵ[0.5703,0.6328] n_halted=76.5180±20.4300ϵ[1.0000,112.0000]  (27.559s / 173.857s)
  n_active=128.0000±0.0000ϵ[128.0000,128.0000] n_expunged=0.0000±0.0000ϵ[0.0000,0.0000] pool_util=1.0000±0.0000ϵ[1.0000,1.0000]
  cell_acc=99.09%, puzzle_acc=61.60%
  eval_avg_halt_step: 2.36
  per_H_acc: ['H0=50.1%', 'H1=87.3%', 'H2=98.7%']
  H_cos: ['0.672', '0.879']
  z_H_delta: ['24.000', '16.500']
  cells: fixed=[78392, 25293] broken=[723, 1477]
  per_ACT_cell_acc: ['H1=50.1%', 'H2=87.3%', 'H3=98.7%', 'H4=99.0%', 'H5=99.1%', 'H6=99.1%', 'H7=99.1%', 'H8=99.1%', 'H9=99.1%', 'H10=99.1%', 'H11=99.1%', 'H12=99.1%', 'H13=99.1%', 'H14=99.1%', 'H15=99.1%', 'H16=99.1%']
  per_ACT_puzzle_acc: ['H1=0.0%', 'H2=0.0%', 'H3=39.2%', 'H4=56.9%', 'H5=65.9%', 'H6=69.4%', 'H7=70.3%', 'H8=70.3%', 'H9=70.3%', 'H10=69.8%', 'H11=69.0%', 'H12=67.2%', 'H13=65.9%', 'H14=65.5%', 'H15=65.5%', 'H16=64.7%']
  mean_sigmoid_q_halt: ['0.459', '0.445', '0.400', '0.703', '0.789', '0.855', '0.875', '0.883', '0.883', '0.879', '0.883', '0.883', '0.879', '0.875', '0.875', '0.875']
  halt_rates: ['0.00', '0.16', '0.35', '0.72', '0.83', '0.88', '0.92', '0.92', '0.92', '0.92', '0.91', '0.91', '0.91', '0.91', '0.91', '0.91']
  halt_histogram %: [44.4, 43.1, 8.1, 1.9, 0.7, 0.3, 0.2, 0.1, 0.1, 0.1, 0.1, 0.1, 0.0, 0.0, 0.0, 0.7]
  Avg ACT steps (last 100): 1.86
  saved: /home/jvdillon/projects/sic/code/maze/ckpts/x000n/step15500.pt acc=99.09% (0.056s)
Step 15500  Test 99.09% / 61.60%  Train lm=0.5859±0.0057ϵ[0.5781,0.6445] n_halted=76.7620±19.4516ϵ[1.0000,116.0000]  (27.556s / 173.898s)
  n_active=128.0000±0.0000ϵ[128.0000,128.0000] n_expunged=0.0000±0.0000ϵ[0.0000,0.0000] pool_util=1.0000±0.0000ϵ[1.0000,1.0000]
  cell_acc=98.59%, puzzle_acc=51.40%
  eval_avg_halt_step: 3.65
  per_H_acc: ['H0=50.1%', 'H1=84.9%', 'H2=98.7%']
  H_cos: ['0.879', '0.801']
  z_H_delta: ['20.750', '18.750']
  cells: fixed=[72642, 30389] broken=[1, 1605]
  per_ACT_cell_acc: ['H1=50.1%', 'H2=84.9%', 'H3=98.7%', 'H4=99.0%', 'H5=99.0%', 'H6=99.1%', 'H7=99.1%', 'H8=99.1%', 'H9=99.0%', 'H10=99.0%', 'H11=99.0%', 'H12=99.0%', 'H13=99.0%', 'H14=98.9%', 'H15=98.9%', 'H16=98.9%']
  per_ACT_puzzle_acc: ['H1=0.0%', 'H2=0.0%', 'H3=33.2%', 'H4=53.4%', 'H5=61.2%', 'H6=60.8%', 'H7=62.9%', 'H8=61.6%', 'H9=61.2%', 'H10=59.1%', 'H11=58.2%', 'H12=58.2%', 'H13=56.5%', 'H14=55.6%', 'H15=54.7%', 'H16=56.5%']
  mean_sigmoid_q_halt: ['0.715', '0.945', '0.523', '0.672', '0.684', '0.711', '0.723', '0.719', '0.707', '0.707', '0.703', '0.703', '0.703', '0.703', '0.703', '0.711']
  halt_rates: ['1.00', '1.00', '0.47', '0.66', '0.67', '0.69', '0.72', '0.72', '0.71', '0.70', '0.69', '0.70', '0.69', '0.69', '0.69', '0.70']
  halt_histogram %: [44.6, 43.0, 8.0, 1.9, 0.7, 0.3, 0.2, 0.1, 0.1, 0.1, 0.1, 0.1, 0.0, 0.0, 0.0, 0.7]
  Avg ACT steps (last 100): 1.37
  saved: /home/jvdillon/projects/sic/code/maze/ckpts/x000n/step16000.pt acc=98.59% (0.056s)
Step 16000  Test 98.59% / 51.40%  Train lm=0.5859±0.0104ϵ[0.5312,0.6328] n_halted=76.6160±20.0505ϵ[7.0000,114.0000]  (27.560s / 173.830s)
  n_active=128.0000±0.0000ϵ[128.0000,128.0000] n_expunged=0.0000±0.0000ϵ[0.0000,0.0000] pool_util=1.0000±0.0000ϵ[1.0000,1.0000]
