Adam params: ('embed_tokens.weight', 'head.weight', 'head.bias', 'q_head.weight', 'q_head.bias')
Muon 2D params: ('reasoning.0.attn.up_proj.weight', 'reasoning.0.attn.down_proj.weight', 'reasoning.0.mlp.up_proj.weight', 'reasoning.0.mlp.down_proj.weight', 'reasoning.1.attn.up_proj.weight', 'reasoning.1.attn.down_proj.weight', 'reasoning.1.mlp.up_proj.weight', 'reasoning.1.mlp.down_proj.weight')
Muon 3D params (ensemble_dims=1): ()
  cell_acc=82.59%, puzzle_acc=0.00%
  eval_avg_halt_step: 16.00
  per_H_acc: ['H0=85.1%', 'H1=85.0%', 'H2=84.8%', 'H3=84.3%', 'H4=83.9%', 'H5=83.5%']
  H_cos: ['0.945', '0.984', '0.992', '0.996', '0.996']
  z_H_delta: ['12.062', '6.688', '4.625', '3.484', '2.750']
  cells: fixed=[2742, 2295, 2145, 1909, 1597] broken=[2947, 2837, 3029, 2813, 2395]
  per_ACT_cell_acc: ['H1=85.1%', 'H2=85.0%', 'H3=84.8%', 'H4=84.3%', 'H5=83.9%', 'H6=83.5%', 'H7=83.3%', 'H8=83.2%', 'H9=83.1%', 'H10=83.0%', 'H11=82.9%', 'H12=82.8%', 'H13=82.8%', 'H14=82.8%', 'H15=82.7%', 'H16=82.7%']
  per_ACT_puzzle_acc: ['H1=0.0%', 'H2=0.0%', 'H3=0.0%', 'H4=0.0%', 'H5=0.0%', 'H6=0.0%', 'H7=0.0%', 'H8=0.0%', 'H9=0.0%', 'H10=0.0%', 'H11=0.0%', 'H12=0.0%', 'H13=0.0%', 'H14=0.0%', 'H15=0.0%', 'H16=0.0%']
  mean_sigmoid_q_halt: ['0.014', '0.110', '0.195', '0.218', '0.223', '0.224', '0.224', '0.224', '0.224', '0.224', '0.223', '0.223', '0.223', '0.223', '0.223', '0.223']
  halt_rates: ['0.00', '0.00', '0.00', '0.00', '0.00', '0.00', '0.00', '0.00', '0.00', '0.00', '0.00', '0.00', '0.00', '0.00', '0.00', '0.00']
  halt_histogram %: [0.0, 0.0, 0.0, 0.0, 0.0, 0.0, 0.0, 0.0, 0.0, 0.0, 0.0, 0.0, 0.0, 0.0, 0.0, 100.0]
  Avg ACT steps (last 100): 16.00
  saved: /home/jvdillon/projects/sic/code/maze/ckpts/x001/step00500.pt acc=82.59% (0.179s)
  saved: /home/jvdillon/projects/sic/code/maze/ckpts/x001/best.pt acc=82.59% (0.347s)
Step   500  Test 82.59% /  0.00%  Train lm=1.0859±0.2363ϵ[0.9219,3.0000] n_active=64.0000±0.0000ϵ[64.0000,64.0000] n_expunged=2.9760±6.1939ϵ[0.0000,16.0000] n_halted=0.9920±3.8624ϵ[0.0000,16.0000] pool_util=1.0000±0.0000ϵ[1.0000,1.0000]  (157.458s / 428.120s)
  cell_acc=82.17%, puzzle_acc=0.00%
  eval_avg_halt_step: 16.00
  per_H_acc: ['H0=82.4%', 'H1=84.5%', 'H2=84.7%', 'H3=84.2%', 'H4=83.7%', 'H5=83.4%']
  H_cos: ['0.945', '0.988', '0.992', '0.996', '0.996']
  z_H_delta: ['11.875', '6.406', '4.344', '3.266', '2.578']
  cells: fixed=[7906, 3199, 2241, 1930, 1585] broken=[3489, 2881, 3246, 2873, 2396]
  per_ACT_cell_acc: ['H1=82.4%', 'H2=84.5%', 'H3=84.7%', 'H4=84.2%', 'H5=83.7%', 'H6=83.4%', 'H7=83.1%', 'H8=82.9%', 'H9=82.7%', 'H10=82.6%', 'H11=82.5%', 'H12=82.5%', 'H13=82.4%', 'H14=82.4%', 'H15=82.4%', 'H16=82.4%']
  per_ACT_puzzle_acc: ['H1=0.0%', 'H2=0.0%', 'H3=0.0%', 'H4=0.0%', 'H5=0.0%', 'H6=0.0%', 'H7=0.0%', 'H8=0.0%', 'H9=0.0%', 'H10=0.0%', 'H11=0.0%', 'H12=0.0%', 'H13=0.0%', 'H14=0.0%', 'H15=0.0%', 'H16=0.0%']
  mean_sigmoid_q_halt: ['0.024', '0.085', '0.192', '0.229', '0.242', '0.248', '0.252', '0.254', '0.256', '0.258', '0.260', '0.260', '0.262', '0.262', '0.262', '0.262']
  halt_rates: ['0.00', '0.00', '0.00', '0.00', '0.00', '0.00', '0.00', '0.00', '0.00', '0.00', '0.00', '0.00', '0.00', '0.00', '0.00', '0.00']
  halt_histogram %: [0.0, 0.0, 0.0, 0.0, 0.0, 0.0, 0.0, 0.0, 0.0, 0.0, 0.0, 0.0, 0.0, 0.0, 0.0, 100.0]
  Avg ACT steps (last 100): 16.00
  saved: /home/jvdillon/projects/sic/code/maze/ckpts/x001/step01000.pt acc=82.17% (0.184s)
Step  1000  Test 82.17% /  0.00%  Train lm=1.0547±0.2246ϵ[0.9180,2.7344] n_active=64.0000±0.0000ϵ[64.0000,64.0000] n_expunged=2.9760±6.2113ϵ[0.0000,16.0000] n_halted=0.9920±3.8624ϵ[0.0000,16.0000] pool_util=1.0000±0.0000ϵ[1.0000,1.0000]  (151.170s / 380.279s)
  cell_acc=81.32%, puzzle_acc=0.00%
  eval_avg_halt_step: 16.00
  per_H_acc: ['H0=84.4%', 'H1=85.2%', 'H2=84.5%', 'H3=83.5%', 'H4=82.6%', 'H5=82.1%']
  H_cos: ['0.961', '0.988', '0.996', '0.996', '1.000']
  z_H_delta: ['11.688', '6.031', '3.734', '2.578', '1.852']
  cells: fixed=[4449, 2615, 2514, 1990, 1637] broken=[2871, 4000, 4702, 3827, 2608]
  per_ACT_cell_acc: ['H1=84.4%', 'H2=85.2%', 'H3=84.5%', 'H4=83.5%', 'H5=82.6%', 'H6=82.1%', 'H7=81.8%', 'H8=81.7%', 'H9=81.6%', 'H10=81.5%', 'H11=81.5%', 'H12=81.5%', 'H13=81.4%', 'H14=81.4%', 'H15=81.4%', 'H16=81.4%']
  per_ACT_puzzle_acc: ['H1=0.0%', 'H2=0.0%', 'H3=0.0%', 'H4=0.0%', 'H5=0.0%', 'H6=0.0%', 'H7=0.0%', 'H8=0.0%', 'H9=0.0%', 'H10=0.0%', 'H11=0.0%', 'H12=0.0%', 'H13=0.0%', 'H14=0.0%', 'H15=0.0%', 'H16=0.0%']
  mean_sigmoid_q_halt: ['0.024', '0.023', '0.020', '0.015', '0.013', '0.012', '0.012', '0.013', '0.013', '0.014', '0.014', '0.014', '0.015', '0.015', '0.016', '0.016']
  halt_rates: ['0.00', '0.00', '0.00', '0.00', '0.00', '0.00', '0.00', '0.00', '0.00', '0.00', '0.00', '0.00', '0.00', '0.00', '0.00', '0.00']
  halt_histogram %: [0.5, 9.9, 4.3, 5.5, 5.7, 5.1, 3.6, 2.3, 3.3, 2.7, 2.0, 2.2, 1.8, 1.4, 1.0, 48.8]
  Avg ACT steps (last 100): 3.98
  saved: /home/jvdillon/projects/sic/code/maze/ckpts/x001/step01500.pt acc=81.32% (0.182s)
Step  1500  Test 81.32% /  0.00%  Train lm=1.0156±0.1543ϵ[0.9180,2.1406] n_active=64.0000±0.0000ϵ[64.0000,64.0000] n_expunged=5.9460±4.4837ϵ[0.0000,16.0000] n_halted=2.3700±3.0258ϵ[0.0000,16.0000] pool_util=1.0000±0.0000ϵ[1.0000,1.0000]  (151.659s / 382.467s)
  cell_acc=81.20%, puzzle_acc=0.00%
  eval_avg_halt_step: 16.00
  per_H_acc: ['H0=83.8%', 'H1=85.0%', 'H2=84.7%', 'H3=83.8%', 'H4=83.0%', 'H5=82.4%']
  H_cos: ['0.961', '0.988', '0.996', '0.996', '1.000']
  z_H_delta: ['11.562', '5.719', '3.562', '2.453', '1.766']
  cells: fixed=[5138, 2911, 2440, 1851, 1394] broken=[2748, 3388, 4313, 3672, 2638]
  per_ACT_cell_acc: ['H1=83.8%', 'H2=85.0%', 'H3=84.7%', 'H4=83.8%', 'H5=83.0%', 'H6=82.4%', 'H7=82.1%', 'H8=81.8%', 'H9=81.7%', 'H10=81.6%', 'H11=81.5%', 'H12=81.5%', 'H13=81.4%', 'H14=81.4%', 'H15=81.4%', 'H16=81.4%']
  per_ACT_puzzle_acc: ['H1=0.0%', 'H2=0.0%', 'H3=0.0%', 'H4=0.0%', 'H5=0.0%', 'H6=0.0%', 'H7=0.0%', 'H8=0.0%', 'H9=0.0%', 'H10=0.0%', 'H11=0.0%', 'H12=0.0%', 'H13=0.0%', 'H14=0.0%', 'H15=0.0%', 'H16=0.0%']
  mean_sigmoid_q_halt: ['0.036', '0.051', '0.044', '0.031', '0.024', '0.022', '0.022', '0.022', '0.023', '0.024', '0.025', '0.026', '0.026', '0.027', '0.028', '0.029']
  halt_rates: ['0.00', '0.00', '0.00', '0.00', '0.00', '0.00', '0.00', '0.00', '0.00', '0.00', '0.00', '0.00', '0.00', '0.00', '0.00', '0.00']
  halt_histogram %: [7.5, 32.6, 10.7, 6.4, 5.2, 3.9, 2.5, 1.9, 2.0, 1.6, 1.1, 1.2, 0.8, 0.6, 0.5, 21.4]
  Avg ACT steps (last 100): 2.05
  saved: /home/jvdillon/projects/sic/code/maze/ckpts/x001/step02000.pt acc=81.20% (0.179s)
Step  2000  Test 81.20% /  0.00%  Train lm=0.9414±0.0214ϵ[0.9180,1.0469] n_active=64.0000±0.0000ϵ[64.0000,64.0000] n_expunged=8.0840±3.3704ϵ[0.0000,16.0000] n_halted=5.5900±3.4388ϵ[0.0000,15.0000] pool_util=1.0000±0.0000ϵ[1.0000,1.0000]  (151.711s / 383.002s)
  cell_acc=80.96%, puzzle_acc=0.00%
  eval_avg_halt_step: 15.97
  per_H_acc: ['H0=82.0%', 'H1=83.2%', 'H2=83.1%', 'H3=82.3%', 'H4=81.6%', 'H5=81.2%']
  H_cos: ['0.953', '0.988', '0.992', '0.996', '0.996']
  z_H_delta: ['11.750', '5.781', '3.609', '2.500', '1.820']
  cells: fixed=[6506, 4134, 3098, 2253, 1619] broken=[4072, 4160, 4776, 3770, 2529]
  per_ACT_cell_acc: ['H1=82.0%', 'H2=83.2%', 'H3=83.1%', 'H4=82.3%', 'H5=81.6%', 'H6=81.2%', 'H7=80.9%', 'H8=80.8%', 'H9=80.8%', 'H10=80.8%', 'H11=80.8%', 'H12=80.8%', 'H13=80.8%', 'H14=80.8%', 'H15=80.8%', 'H16=80.8%']
  per_ACT_puzzle_acc: ['H1=0.0%', 'H2=0.0%', 'H3=0.0%', 'H4=0.0%', 'H5=0.0%', 'H6=0.0%', 'H7=0.0%', 'H8=0.0%', 'H9=0.0%', 'H10=0.0%', 'H11=0.0%', 'H12=0.0%', 'H13=0.0%', 'H14=0.0%', 'H15=0.0%', 'H16=0.0%']
  mean_sigmoid_q_halt: ['0.066', '0.073', '0.056', '0.046', '0.043', '0.044', '0.048', '0.053', '0.061', '0.068', '0.077', '0.085', '0.094', '0.103', '0.110', '0.118']
  halt_rates: ['0.00', '0.00', '0.00', '0.00', '0.00', '0.00', '0.00', '0.00', '0.00', '0.00', '0.00', '0.00', '0.00', '0.00', '0.00', '0.00']
  halt_histogram %: [25.8, 36.2, 9.5, 4.7, 3.4, 2.4, 1.4, 1.0, 1.1, 0.9, 0.6, 0.6, 0.4, 0.3, 0.3, 11.4]
  Avg ACT steps (last 100): 1.53
  saved: /home/jvdillon/projects/sic/code/maze/ckpts/x001/step02500.pt acc=80.96% (0.179s)
Step  2500  Test 80.96% /  0.00%  Train lm=0.9219±0.0059ϵ[0.9141,1.0000] n_active=64.0000±0.0000ϵ[64.0000,64.0000] n_expunged=6.4720±3.0509ϵ[0.0000,16.0000] n_halted=8.9360±3.1705ϵ[0.0000,16.0000] pool_util=1.0000±0.0000ϵ[1.0000,1.0000]  (151.681s / 383.051s)
  cell_acc=82.39%, puzzle_acc=0.00%
  eval_avg_halt_step: 8.08
  per_H_acc: ['H0=82.8%', 'H1=83.9%', 'H2=84.0%', 'H3=83.5%', 'H4=82.9%', 'H5=82.6%']
  H_cos: ['0.953', '0.988', '0.996', '0.996', '1.000']
  z_H_delta: ['11.500', '5.281', '3.172', '2.172', '1.586']
  cells: fixed=[5772, 3377, 2574, 1641, 1227] broken=[3567, 3181, 3634, 2815, 1904]
  per_ACT_cell_acc: ['H1=82.8%', 'H2=83.9%', 'H3=84.0%', 'H4=83.5%', 'H5=82.9%', 'H6=82.6%', 'H7=82.5%', 'H8=82.4%', 'H9=82.4%', 'H10=82.3%', 'H11=82.3%', 'H12=82.3%', 'H13=82.3%', 'H14=82.3%', 'H15=82.3%', 'H16=82.4%']
  per_ACT_puzzle_acc: ['H1=0.0%', 'H2=0.0%', 'H3=0.0%', 'H4=0.0%', 'H5=0.0%', 'H6=0.0%', 'H7=0.0%', 'H8=0.0%', 'H9=0.0%', 'H10=0.0%', 'H11=0.0%', 'H12=0.0%', 'H13=0.0%', 'H14=0.0%', 'H15=0.0%', 'H16=0.0%']
  mean_sigmoid_q_halt: ['0.066', '0.100', '0.116', '0.108', '0.103', '0.106', '0.115', '0.129', '0.146', '0.164', '0.185', '0.206', '0.228', '0.249', '0.270', '0.289']
  halt_rates: ['0.00', '0.00', '0.00', '0.00', '0.00', '0.00', '0.00', '0.00', '0.00', '0.00', '0.00', '0.00', '0.00', '0.01', '0.02', '0.06']
  halt_histogram %: [39.3, 33.7, 7.6, 3.5, 2.5, 1.7, 1.0, 0.7, 0.7, 0.6, 0.4, 0.4, 0.3, 0.2, 0.2, 7.3]
  Avg ACT steps (last 100): 1.27
  saved: /home/jvdillon/projects/sic/code/maze/ckpts/x001/step03000.pt acc=82.39% (0.178s)
Step  3000  Test 82.39% /  0.00%  Train lm=0.9180±0.0018ϵ[0.9141,0.9258] n_active=64.0000±0.0000ϵ[64.0000,64.0000] n_expunged=4.9960±2.4429ϵ[0.0000,13.0000] n_halted=10.6240±2.5114ϵ[2.0000,16.0000] pool_util=1.0000±0.0000ϵ[1.0000,1.0000]  (151.787s / 383.125s)
  cell_acc=81.89%, puzzle_acc=0.00%
  eval_avg_halt_step: 15.98
  per_H_acc: ['H0=82.1%', 'H1=83.6%', 'H2=83.8%', 'H3=83.2%', 'H4=82.6%', 'H5=82.2%']
  H_cos: ['0.949', '0.988', '0.992', '0.996', '0.996']
  z_H_delta: ['11.562', '5.344', '3.266', '2.297', '1.727']
  cells: fixed=[6907, 4127, 2687, 1818, 1373] broken=[3876, 3607, 3993, 3084, 2047]
  per_ACT_cell_acc: ['H1=82.1%', 'H2=83.6%', 'H3=83.8%', 'H4=83.2%', 'H5=82.6%', 'H6=82.2%', 'H7=82.1%', 'H8=82.0%', 'H9=81.9%', 'H10=81.9%', 'H11=81.9%', 'H12=81.9%', 'H13=81.8%', 'H14=81.8%', 'H15=81.8%', 'H16=81.8%']
  per_ACT_puzzle_acc: ['H1=0.0%', 'H2=0.0%', 'H3=0.0%', 'H4=0.0%', 'H5=0.0%', 'H6=0.0%', 'H7=0.0%', 'H8=0.0%', 'H9=0.0%', 'H10=0.0%', 'H11=0.0%', 'H12=0.0%', 'H13=0.0%', 'H14=0.0%', 'H15=0.0%', 'H16=0.0%']
  mean_sigmoid_q_halt: ['0.046', '0.035', '0.044', '0.044', '0.044', '0.045', '0.048', '0.052', '0.056', '0.062', '0.067', '0.072', '0.077', '0.082', '0.086', '0.090']
  halt_rates: ['0.00', '0.00', '0.00', '0.00', '0.00', '0.00', '0.00', '0.00', '0.00', '0.00', '0.00', '0.00', '0.00', '0.00', '0.00', '0.00']
  halt_histogram %: [50.6, 29.0, 6.1, 2.7, 1.9, 1.3, 0.7, 0.6, 0.5, 0.4, 0.3, 0.3, 0.2, 0.1, 0.1, 5.2]
  Avg ACT steps (last 100): 1.40
  saved: /home/jvdillon/projects/sic/code/maze/ckpts/x001/step03500.pt acc=81.89% (0.173s)
Step  3500  Test 81.89% /  0.00%  Train lm=0.9180±0.0021ϵ[0.9141,0.9258] n_active=64.0000±0.0000ϵ[64.0000,64.0000] n_expunged=3.4720±1.9027ϵ[0.0000,13.0000] n_halted=12.0980±2.0349ϵ[3.0000,16.0000] pool_util=1.0000±0.0000ϵ[1.0000,1.0000]  (151.785s / 383.202s)
  cell_acc=82.67%, puzzle_acc=0.00%
  eval_avg_halt_step: 16.00
  per_H_acc: ['H0=82.3%', 'H1=83.9%', 'H2=84.3%', 'H3=83.8%', 'H4=83.4%', 'H5=83.1%']
  H_cos: ['0.941', '0.984', '0.992', '0.996', '0.996']
  z_H_delta: ['11.562', '5.344', '3.281', '2.344', '1.789']
  cells: fixed=[6540, 3802, 2414, 1614, 1187] broken=[3057, 2958, 3426, 2532, 1856]
  per_ACT_cell_acc: ['H1=82.3%', 'H2=83.9%', 'H3=84.3%', 'H4=83.8%', 'H5=83.4%', 'H6=83.1%', 'H7=83.0%', 'H8=82.9%', 'H9=82.9%', 'H10=82.8%', 'H11=82.8%', 'H12=82.7%', 'H13=82.7%', 'H14=82.7%', 'H15=82.7%', 'H16=82.7%']
  per_ACT_puzzle_acc: ['H1=0.0%', 'H2=0.0%', 'H3=0.0%', 'H4=0.0%', 'H5=0.0%', 'H6=0.0%', 'H7=0.0%', 'H8=0.0%', 'H9=0.0%', 'H10=0.0%', 'H11=0.0%', 'H12=0.0%', 'H13=0.0%', 'H14=0.0%', 'H15=0.0%', 'H16=0.0%']
  mean_sigmoid_q_halt: ['0.040', '0.029', '0.040', '0.043', '0.044', '0.046', '0.050', '0.054', '0.059', '0.064', '0.070', '0.075', '0.080', '0.084', '0.088', '0.092']
  halt_rates: ['0.00', '0.00', '0.00', '0.00', '0.00', '0.00', '0.00', '0.00', '0.00', '0.00', '0.00', '0.00', '0.00', '0.00', '0.00', '0.00']
  halt_histogram %: [57.2, 26.0, 5.1, 2.2, 1.6, 1.0, 0.6, 0.5, 0.5, 0.4, 0.2, 0.3, 0.2, 0.1, 0.1, 4.0]
  Avg ACT steps (last 100): 1.41
  saved: /home/jvdillon/projects/sic/code/maze/ckpts/x001/step04000.pt acc=82.67% (0.172s)
  saved: /home/jvdillon/projects/sic/code/maze/ckpts/x001/best.pt acc=82.67% (0.342s)
Step  4000  Test 82.67% /  0.00%  Train lm=0.9141±0.0020ϵ[0.9141,0.9258] n_active=64.0000±0.0000ϵ[64.0000,64.0000] n_expunged=3.0540±1.7138ϵ[0.0000,9.0000] n_halted=11.8440±2.0843ϵ[5.0000,16.0000] pool_util=1.0000±0.0000ϵ[1.0000,1.0000]  (152.009s / 383.407s)
  cell_acc=81.98%, puzzle_acc=0.00%
  eval_avg_halt_step: 16.00
  per_H_acc: ['H0=83.3%', 'H1=84.8%', 'H2=84.7%', 'H3=83.6%', 'H4=82.7%', 'H5=82.2%']
  H_cos: ['0.922', '0.977', '0.988', '0.992', '0.996']
  z_H_delta: ['11.938', '5.906', '3.828', '2.906', '2.344']
  cells: fixed=[5273, 2894, 2346, 1931, 1430] broken=[2179, 3153, 4599, 3692, 2470]
  per_ACT_cell_acc: ['H1=83.3%', 'H2=84.8%', 'H3=84.7%', 'H4=83.6%', 'H5=82.7%', 'H6=82.2%', 'H7=82.0%', 'H8=81.9%', 'H9=81.9%', 'H10=81.9%', 'H11=81.9%', 'H12=81.9%', 'H13=81.9%', 'H14=81.9%', 'H15=82.0%', 'H16=82.0%']
  per_ACT_puzzle_acc: ['H1=0.0%', 'H2=0.0%', 'H3=0.0%', 'H4=0.0%', 'H5=0.0%', 'H6=0.0%', 'H7=0.0%', 'H8=0.0%', 'H9=0.0%', 'H10=0.0%', 'H11=0.0%', 'H12=0.0%', 'H13=0.0%', 'H14=0.0%', 'H15=0.0%', 'H16=0.0%']
  mean_sigmoid_q_halt: ['0.035', '0.015', '0.020', '0.022', '0.022', '0.024', '0.027', '0.031', '0.034', '0.037', '0.039', '0.041', '0.043', '0.044', '0.045', '0.045']
  halt_rates: ['0.00', '0.00', '0.00', '0.00', '0.00', '0.00', '0.00', '0.00', '0.00', '0.00', '0.00', '0.00', '0.00', '0.00', '0.00', '0.00']
  halt_histogram %: [57.7, 26.1, 4.9, 2.1, 1.4, 1.0, 0.6, 0.5, 0.5, 0.4, 0.3, 0.3, 0.2, 0.2, 0.1, 3.9]
  Avg ACT steps (last 100): 3.50
  saved: /home/jvdillon/projects/sic/code/maze/ckpts/x001/step04500.pt acc=81.98% (0.116s)
Step  4500  Test 81.98% /  0.00%  Train lm=0.9180±0.0019ϵ[0.9141,0.9219] n_active=64.0000±0.0000ϵ[64.0000,64.0000] n_expunged=4.3960±2.1588ϵ[0.0000,12.0000] n_halted=7.3040±3.1654ϵ[0.0000,14.0000] pool_util=1.0000±0.0000ϵ[1.0000,1.0000]  (151.704s / 383.528s)
  cell_acc=82.68%, puzzle_acc=0.00%
  eval_avg_halt_step: 16.00
  per_H_acc: ['H0=83.6%', 'H1=85.1%', 'H2=85.0%', 'H3=84.2%', 'H4=83.5%', 'H5=83.0%']
  H_cos: ['0.914', '0.977', '0.992', '0.996', '0.996']
  z_H_delta: ['12.000', '5.969', '3.719', '2.734', '2.156']
  cells: fixed=[5075, 2798, 2241, 1658, 1199] broken=[1889, 2891, 3956, 3166, 2157]
  per_ACT_cell_acc: ['H1=83.6%', 'H2=85.1%', 'H3=85.0%', 'H4=84.2%', 'H5=83.5%', 'H6=83.0%', 'H7=82.9%', 'H8=82.8%', 'H9=82.8%', 'H10=82.8%', 'H11=82.8%', 'H12=82.8%', 'H13=82.8%', 'H14=82.8%', 'H15=82.8%', 'H16=82.8%']
  per_ACT_puzzle_acc: ['H1=0.0%', 'H2=0.0%', 'H3=0.0%', 'H4=0.0%', 'H5=0.0%', 'H6=0.0%', 'H7=0.0%', 'H8=0.0%', 'H9=0.0%', 'H10=0.0%', 'H11=0.0%', 'H12=0.0%', 'H13=0.0%', 'H14=0.0%', 'H15=0.0%', 'H16=0.0%']
  mean_sigmoid_q_halt: ['0.030', '0.012', '0.018', '0.021', '0.022', '0.024', '0.026', '0.028', '0.030', '0.031', '0.032', '0.033', '0.033', '0.033', '0.034', '0.034']
  halt_rates: ['0.00', '0.00', '0.00', '0.00', '0.00', '0.00', '0.00', '0.00', '0.00', '0.00', '0.00', '0.00', '0.00', '0.00', '0.00', '0.00']
  halt_histogram %: [55.7, 26.9, 5.2, 2.1, 1.5, 1.0, 0.6, 0.5, 0.5, 0.4, 0.3, 0.3, 0.2, 0.2, 0.1, 4.4]
  Avg ACT steps (last 100): 5.33
  saved: /home/jvdillon/projects/sic/code/maze/ckpts/x001/step05000.pt acc=82.68% (0.118s)
  saved: /home/jvdillon/projects/sic/code/maze/ckpts/x001/best.pt acc=82.68% (0.284s)
Step  5000  Test 82.68% /  0.00%  Train lm=0.9180±0.0020ϵ[0.9180,0.9258] n_active=64.0000±0.0000ϵ[64.0000,64.0000] n_expunged=4.9500±1.9149ϵ[0.0000,11.0000] n_halted=3.2640±1.8829ϵ[0.0000,11.0000] pool_util=1.0000±0.0000ϵ[1.0000,1.0000]  (151.965s / 383.582s)
  cell_acc=82.09%, puzzle_acc=0.00%
  eval_avg_halt_step: 16.00
  per_H_acc: ['H0=82.2%', 'H1=84.0%', 'H2=84.3%', 'H3=83.4%', 'H4=82.7%', 'H5=82.4%']
  H_cos: ['0.902', '0.969', '0.988', '0.992', '0.996']
  z_H_delta: ['12.250', '6.531', '4.219', '3.078', '2.422']
  cells: fixed=[6183, 4308, 2904, 2151, 1832] broken=[2418, 3755, 4699, 3616, 2406]
  per_ACT_cell_acc: ['H1=82.2%', 'H2=84.0%', 'H3=84.3%', 'H4=83.4%', 'H5=82.7%', 'H6=82.4%', 'H7=82.3%', 'H8=82.3%', 'H9=82.3%', 'H10=82.3%', 'H11=82.2%', 'H12=82.3%', 'H13=82.3%', 'H14=82.3%', 'H15=82.2%', 'H16=82.3%']
  per_ACT_puzzle_acc: ['H1=0.0%', 'H2=0.0%', 'H3=0.0%', 'H4=0.0%', 'H5=0.0%', 'H6=0.0%', 'H7=0.0%', 'H8=0.0%', 'H9=0.0%', 'H10=0.0%', 'H11=0.0%', 'H12=0.0%', 'H13=0.0%', 'H14=0.0%', 'H15=0.0%', 'H16=0.0%']
  mean_sigmoid_q_halt: ['0.029', '0.011', '0.016', '0.019', '0.020', '0.022', '0.024', '0.026', '0.027', '0.028', '0.028', '0.029', '0.029', '0.029', '0.029', '0.029']
  halt_rates: ['0.00', '0.00', '0.00', '0.00', '0.00', '0.00', '0.00', '0.00', '0.00', '0.00', '0.00', '0.00', '0.00', '0.00', '0.00', '0.00']
  halt_histogram %: [54.3, 27.3, 5.3, 2.1, 1.5, 1.1, 0.6, 0.5, 0.5, 0.4, 0.3, 0.3, 0.2, 0.2, 0.1, 5.1]
  Avg ACT steps (last 100): 4.60
  saved: /home/jvdillon/projects/sic/code/maze/ckpts/x001/step05500.pt acc=82.09% (0.117s)
Step  5500  Test 82.09% /  0.00%  Train lm=0.9180±0.0019ϵ[0.9180,0.9219] n_active=64.0000±0.0000ϵ[64.0000,64.0000] n_expunged=4.4760±1.8298ϵ[0.0000,10.0000] n_halted=3.1800±1.6641ϵ[0.0000,8.0000] pool_util=1.0000±0.0000ϵ[1.0000,1.0000]  (151.811s / 383.709s)
  cell_acc=82.42%, puzzle_acc=0.00%
  eval_avg_halt_step: 16.00
  per_H_acc: ['H0=81.8%', 'H1=83.7%', 'H2=84.2%', 'H3=83.6%', 'H4=82.9%', 'H5=82.7%']
  H_cos: ['0.898', '0.965', '0.988', '0.992', '0.996']
  z_H_delta: ['12.375', '6.625', '4.250', '3.078', '2.406']
  cells: fixed=[6498, 4596, 2970, 2162, 1706] broken=[2508, 3576, 4365, 3477, 2255]
  per_ACT_cell_acc: ['H1=81.8%', 'H2=83.7%', 'H3=84.2%', 'H4=83.6%', 'H5=82.9%', 'H6=82.7%', 'H7=82.6%', 'H8=82.6%', 'H9=82.5%', 'H10=82.5%', 'H11=82.5%', 'H12=82.5%', 'H13=82.5%', 'H14=82.5%', 'H15=82.5%', 'H16=82.5%']
  per_ACT_puzzle_acc: ['H1=0.0%', 'H2=0.0%', 'H3=0.0%', 'H4=0.0%', 'H5=0.0%', 'H6=0.0%', 'H7=0.0%', 'H8=0.0%', 'H9=0.0%', 'H10=0.0%', 'H11=0.0%', 'H12=0.0%', 'H13=0.0%', 'H14=0.0%', 'H15=0.0%', 'H16=0.0%']
  mean_sigmoid_q_halt: ['0.025', '0.009', '0.012', '0.015', '0.017', '0.018', '0.020', '0.021', '0.022', '0.023', '0.023', '0.024', '0.024', '0.024', '0.024', '0.024']
  halt_rates: ['0.00', '0.00', '0.00', '0.00', '0.00', '0.00', '0.00', '0.00', '0.00', '0.00', '0.00', '0.00', '0.00', '0.00', '0.00', '0.00']
  halt_histogram %: [53.6, 27.5, 5.2, 2.1, 1.5, 1.0, 0.6, 0.5, 0.5, 0.4, 0.3, 0.3, 0.2, 0.2, 0.1, 5.7]
  Avg ACT steps (last 100): 3.96
  saved: /home/jvdillon/projects/sic/code/maze/ckpts/x001/step06000.pt acc=82.42% (0.117s)
Step  6000  Test 82.42% /  0.00%  Train lm=0.9180±0.0016ϵ[0.9180,0.9258] n_active=64.0000±0.0000ϵ[64.0000,64.0000] n_expunged=3.9960±1.7487ϵ[0.0000,9.0000] n_halted=3.5720±1.8590ϵ[0.0000,10.0000] pool_util=1.0000±0.0000ϵ[1.0000,1.0000]  (151.844s / 383.714s)
  cell_acc=82.42%, puzzle_acc=0.00%
  eval_avg_halt_step: 16.00
  per_H_acc: ['H0=81.8%', 'H1=83.6%', 'H2=84.1%', 'H3=83.5%', 'H4=82.9%', 'H5=82.7%']
  H_cos: ['0.898', '0.965', '0.984', '0.992', '0.996']
  z_H_delta: ['12.375', '6.594', '4.250', '3.078', '2.406']
  cells: fixed=[6433, 4577, 3113, 2172, 1823] broken=[2565, 3629, 4290, 3417, 2316]
  per_ACT_cell_acc: ['H1=81.8%', 'H2=83.6%', 'H3=84.1%', 'H4=83.5%', 'H5=82.9%', 'H6=82.7%', 'H7=82.6%', 'H8=82.6%', 'H9=82.5%', 'H10=82.5%', 'H11=82.5%', 'H12=82.5%', 'H13=82.5%', 'H14=82.5%', 'H15=82.4%', 'H16=82.5%']
  per_ACT_puzzle_acc: ['H1=0.0%', 'H2=0.0%', 'H3=0.0%', 'H4=0.0%', 'H5=0.0%', 'H6=0.0%', 'H7=0.0%', 'H8=0.0%', 'H9=0.0%', 'H10=0.0%', 'H11=0.0%', 'H12=0.0%', 'H13=0.0%', 'H14=0.0%', 'H15=0.0%', 'H16=0.0%']
  mean_sigmoid_q_halt: ['0.024', '0.008', '0.011', '0.014', '0.016', '0.017', '0.019', '0.020', '0.022', '0.022', '0.022', '0.023', '0.023', '0.023', '0.023', '0.023']
  halt_rates: ['0.00', '0.00', '0.00', '0.00', '0.00', '0.00', '0.00', '0.00', '0.00', '0.00', '0.00', '0.00', '0.00', '0.00', '0.00', '0.00']
  halt_histogram %: [53.6, 27.3, 5.1, 2.0, 1.4, 1.0, 0.6, 0.5, 0.5, 0.4, 0.3, 0.3, 0.2, 0.2, 0.1, 6.3]
  Avg ACT steps (last 100): 3.71
  saved: /home/jvdillon/projects/sic/code/maze/ckpts/x001/step06500.pt acc=82.42% (0.118s)
Step  6500  Test 82.42% /  0.00%  Train lm=0.9180±0.0013ϵ[0.9141,0.9219] n_active=64.0000±0.0000ϵ[64.0000,64.0000] n_expunged=3.6060±1.6734ϵ[0.0000,8.0000] n_halted=3.9500±1.7520ϵ[0.0000,10.0000] pool_util=1.0000±0.0000ϵ[1.0000,1.0000]  (151.846s / 383.863s)
  cell_acc=82.42%, puzzle_acc=0.00%
  eval_avg_halt_step: 16.00
  per_H_acc: ['H0=81.9%', 'H1=83.7%', 'H2=84.2%', 'H3=83.5%', 'H4=82.9%', 'H5=82.7%']
  H_cos: ['0.898', '0.965', '0.984', '0.992', '0.996']
  z_H_delta: ['12.312', '6.594', '4.250', '3.094', '2.422']
  cells: fixed=[6278, 4464, 3069, 2143, 1776] broken=[2496, 3560, 4334, 3488, 2223]
  per_ACT_cell_acc: ['H1=81.9%', 'H2=83.7%', 'H3=84.2%', 'H4=83.5%', 'H5=82.9%', 'H6=82.7%', 'H7=82.6%', 'H8=82.6%', 'H9=82.5%', 'H10=82.5%', 'H11=82.5%', 'H12=82.5%', 'H13=82.5%', 'H14=82.5%', 'H15=82.5%', 'H16=82.5%']
  per_ACT_puzzle_acc: ['H1=0.0%', 'H2=0.0%', 'H3=0.0%', 'H4=0.0%', 'H5=0.0%', 'H6=0.0%', 'H7=0.0%', 'H8=0.0%', 'H9=0.0%', 'H10=0.0%', 'H11=0.0%', 'H12=0.0%', 'H13=0.0%', 'H14=0.0%', 'H15=0.0%', 'H16=0.0%']
  mean_sigmoid_q_halt: ['0.024', '0.008', '0.011', '0.013', '0.015', '0.016', '0.018', '0.019', '0.020', '0.021', '0.021', '0.021', '0.021', '0.021', '0.021', '0.021']
  halt_rates: ['0.00', '0.00', '0.00', '0.00', '0.00', '0.00', '0.00', '0.00', '0.00', '0.00', '0.00', '0.00', '0.00', '0.00', '0.00', '0.00']
  halt_histogram %: [53.7, 27.0, 5.0, 1.9, 1.3, 1.0, 0.6, 0.5, 0.5, 0.4, 0.3, 0.3, 0.2, 0.2, 0.1, 6.8]
  Avg ACT steps (last 100): 4.25
  saved: /home/jvdillon/projects/sic/code/maze/ckpts/x001/step07000.pt acc=82.42% (0.118s)
Step  7000  Test 82.42% /  0.00%  Train lm=0.9180±0.0012ϵ[0.9141,0.9219] n_active=64.0000±0.0000ϵ[64.0000,64.0000] n_expunged=3.4220±1.6821ϵ[0.0000,9.0000] n_halted=4.1720±1.7563ϵ[0.0000,9.0000] pool_util=1.0000±0.0000ϵ[1.0000,1.0000]  (151.916s / 383.944s)
  cell_acc=82.42%, puzzle_acc=0.00%
  eval_avg_halt_step: 16.00
  per_H_acc: ['H0=81.8%', 'H1=83.7%', 'H2=84.1%', 'H3=83.5%', 'H4=82.9%', 'H5=82.6%']
  H_cos: ['0.898', '0.965', '0.988', '0.992', '0.996']
  z_H_delta: ['12.312', '6.562', '4.250', '3.078', '2.406']
  cells: fixed=[6319, 4472, 3091, 2137, 1776] broken=[2493, 3580, 4335, 3404, 2300]
  per_ACT_cell_acc: ['H1=81.8%', 'H2=83.7%', 'H3=84.1%', 'H4=83.5%', 'H5=82.9%', 'H6=82.6%', 'H7=82.6%', 'H8=82.5%', 'H9=82.5%', 'H10=82.5%', 'H11=82.5%', 'H12=82.5%', 'H13=82.5%', 'H14=82.5%', 'H15=82.5%', 'H16=82.5%']
  per_ACT_puzzle_acc: ['H1=0.0%', 'H2=0.0%', 'H3=0.0%', 'H4=0.0%', 'H5=0.0%', 'H6=0.0%', 'H7=0.0%', 'H8=0.0%', 'H9=0.0%', 'H10=0.0%', 'H11=0.0%', 'H12=0.0%', 'H13=0.0%', 'H14=0.0%', 'H15=0.0%', 'H16=0.0%']
  mean_sigmoid_q_halt: ['0.024', '0.008', '0.011', '0.014', '0.015', '0.016', '0.018', '0.020', '0.021', '0.021', '0.022', '0.022', '0.022', '0.022', '0.022', '0.022']
  halt_rates: ['0.00', '0.00', '0.00', '0.00', '0.00', '0.00', '0.00', '0.00', '0.00', '0.00', '0.00', '0.00', '0.00', '0.00', '0.00', '0.00']
  halt_histogram %: [54.0, 26.8, 4.9, 1.9, 1.3, 0.9, 0.6, 0.5, 0.5, 0.4, 0.3, 0.3, 0.2, 0.2, 0.1, 7.4]
  Avg ACT steps (last 100): 3.85
  saved: /home/jvdillon/projects/sic/code/maze/ckpts/x001/step07500.pt acc=82.42% (0.117s)
Step  7500  Test 82.42% /  0.00%  Train lm=0.9180±0.0009ϵ[0.9141,0.9219] n_active=64.0000±0.0000ϵ[64.0000,64.0000] n_expunged=3.3160±1.5840ϵ[0.0000,7.0000] n_halted=4.1580±1.6789ϵ[0.0000,10.0000] pool_util=1.0000±0.0000ϵ[1.0000,1.0000]  (151.873s / 383.964s)
  cell_acc=82.41%, puzzle_acc=0.00%
  eval_avg_halt_step: 16.00
  per_H_acc: ['H0=81.9%', 'H1=83.7%', 'H2=84.1%', 'H3=83.5%', 'H4=82.9%', 'H5=82.6%']
  H_cos: ['0.898', '0.965', '0.988', '0.992', '0.996']
  z_H_delta: ['12.312', '6.562', '4.250', '3.078', '2.406']
  cells: fixed=[6289, 4470, 3098, 2144, 1781] broken=[2504, 3582, 4341, 3388, 2322]
  per_ACT_cell_acc: ['H1=81.9%', 'H2=83.7%', 'H3=84.1%', 'H4=83.5%', 'H5=82.9%', 'H6=82.6%', 'H7=82.6%', 'H8=82.5%', 'H9=82.5%', 'H10=82.5%', 'H11=82.5%', 'H12=82.5%', 'H13=82.5%', 'H14=82.5%', 'H15=82.5%', 'H16=82.5%']
  per_ACT_puzzle_acc: ['H1=0.0%', 'H2=0.0%', 'H3=0.0%', 'H4=0.0%', 'H5=0.0%', 'H6=0.0%', 'H7=0.0%', 'H8=0.0%', 'H9=0.0%', 'H10=0.0%', 'H11=0.0%', 'H12=0.0%', 'H13=0.0%', 'H14=0.0%', 'H15=0.0%', 'H16=0.0%']
  mean_sigmoid_q_halt: ['0.024', '0.008', '0.011', '0.014', '0.015', '0.017', '0.018', '0.020', '0.021', '0.021', '0.022', '0.022', '0.022', '0.022', '0.022', '0.022']
  halt_rates: ['0.00', '0.00', '0.00', '0.00', '0.00', '0.00', '0.00', '0.00', '0.00', '0.00', '0.00', '0.00', '0.00', '0.00', '0.00', '0.00']
  halt_histogram %: [54.2, 26.5, 4.8, 1.8, 1.2, 0.9, 0.5, 0.5, 0.4, 0.4, 0.3, 0.3, 0.2, 0.2, 0.1, 7.8]
  Avg ACT steps (last 100): 3.58
  saved: /home/jvdillon/projects/sic/code/maze/ckpts/x001/step08000.pt acc=82.41% (0.116s)
Step  8000  Test 82.41% /  0.00%  Train lm=0.9180±0.0009ϵ[0.9141,0.9219] n_active=64.0000±0.0000ϵ[64.0000,64.0000] n_expunged=3.3180±1.4145ϵ[0.0000,8.0000] n_halted=4.1320±1.6817ϵ[0.0000,11.0000] pool_util=1.0000±0.0000ϵ[1.0000,1.0000]  (151.940s / 383.980s)
