Adam params: ('embed_tokens.weight', 'head.weight', 'head.bias', 'q_head.weight', 'q_head.bias', 'puzzle_id_embed.weight')
Muon 2D params: ('reasoning.0.attn.o_proj.weight', 'reasoning.0.mlp.up_proj.weight', 'reasoning.0.mlp.down_proj.weight', 'reasoning.1.attn.o_proj.weight', 'reasoning.1.mlp.up_proj.weight', 'reasoning.1.mlp.down_proj.weight')
Muon 3D params (ensemble_dims=1): ('reasoning.0.attn.qkv_proj.weight', 'reasoning.1.attn.qkv_proj.weight')
  cell_acc=87.48%, puzzle_acc=0.00%
  eval_avg_halt_step: 16.00
  per_H_acc: ['H0=78.5%', 'H1=87.4%', 'H2=87.5%']
  H_cos: ['0.707', '0.949']
  z_H_delta: ['18.125', '12.062']
  cells: fixed=[24733, 304] broken=[6274, 0]
  per_ACT_cell_acc: ['H1=78.5%', 'H2=87.4%', 'H3=87.5%', 'H4=87.5%', 'H5=87.5%', 'H6=87.5%', 'H7=87.5%', 'H8=87.5%', 'H9=87.5%', 'H10=87.5%', 'H11=87.5%', 'H12=87.5%', 'H13=87.5%', 'H14=87.5%', 'H15=87.5%', 'H16=87.5%']
  per_ACT_puzzle_acc: ['H1=0.0%', 'H2=0.0%', 'H3=0.0%', 'H4=0.0%', 'H5=0.0%', 'H6=0.0%', 'H7=0.0%', 'H8=0.0%', 'H9=0.0%', 'H10=0.0%', 'H11=0.0%', 'H12=0.0%', 'H13=0.0%', 'H14=0.0%', 'H15=0.0%', 'H16=0.0%']
  mean_sigmoid_q_halt: ['0.000', '0.000', '0.000', '0.000', '0.000', '0.000', '0.000', '0.000', '0.000', '0.000', '0.000', '0.000', '0.000', '0.000', '0.000', '0.000']
  halt_rates: ['0.00', '0.00', '0.00', '0.00', '0.00', '0.00', '0.00', '0.00', '0.00', '0.00', '0.00', '0.00', '0.00', '0.00', '0.00', '0.00']
  halt_histogram %: [0.0, 0.0, 0.0, 0.0, 0.0, 0.0, 0.0, 0.0, 0.0, 0.0, 0.0, 0.0, 0.0, 0.0, 0.0, 100.0]
  Avg ACT steps (last 100): 16.00
  saved: /home/jvdillon/projects/sic/code/maze/ckpts/x001b/step00500.pt acc=87.48% (0.085s)
  saved: /home/jvdillon/projects/sic/code/maze/ckpts/x001b/best.pt acc=87.48% (0.163s)
Step   500  Test 87.48% /  0.00%  Train lm=0.9570±0.1465ϵ[0.9023,2.0156] n_halted=2.6040±10.1387ϵ[0.0000,42.0000]  (36.625s / 234.564s)
  n_active=168.0000±0.0000ϵ[168.0000,168.0000] n_expunged=8.0640±16.5129ϵ[0.0000,42.0000] pool_util=1.0000±0.0000ϵ[1.0000,1.0000]
  cell_acc=90.96%, puzzle_acc=0.00%
  eval_avg_halt_step: 16.00
  per_H_acc: ['H0=26.7%', 'H1=87.4%', 'H2=87.5%']
  H_cos: ['0.535', '0.914']
  z_H_delta: ['20.125', '14.312']
  cells: fixed=[126844, 150] broken=[0, 0]
  per_ACT_cell_acc: ['H1=26.7%', 'H2=87.4%', 'H3=87.5%', 'H4=87.8%', 'H5=88.2%', 'H6=88.7%', 'H7=89.0%', 'H8=89.4%', 'H9=89.8%', 'H10=90.0%', 'H11=90.1%', 'H12=90.3%', 'H13=90.5%', 'H14=90.5%', 'H15=90.6%', 'H16=90.6%']
  per_ACT_puzzle_acc: ['H1=0.0%', 'H2=0.0%', 'H3=0.0%', 'H4=0.0%', 'H5=0.0%', 'H6=0.0%', 'H7=0.0%', 'H8=0.0%', 'H9=0.0%', 'H10=0.0%', 'H11=0.0%', 'H12=0.0%', 'H13=0.0%', 'H14=0.0%', 'H15=0.0%', 'H16=0.0%']
  mean_sigmoid_q_halt: ['0.000', '0.000', '0.000', '0.000', '0.000', '0.000', '0.000', '0.000', '0.000', '0.000', '0.000', '0.000', '0.000', '0.000', '0.000', '0.000']
  halt_rates: ['0.00', '0.00', '0.00', '0.00', '0.00', '0.00', '0.00', '0.00', '0.00', '0.00', '0.00', '0.00', '0.00', '0.00', '0.00', '0.00']
  halt_histogram %: [0.0, 0.0, 0.0, 0.0, 0.0, 0.0, 0.0, 0.0, 0.0, 0.0, 0.0, 0.0, 0.0, 0.0, 0.0, 100.0]
  Avg ACT steps (last 100): 16.00
  saved: /home/jvdillon/projects/sic/code/maze/ckpts/x001b/step01000.pt acc=90.96% (0.084s)
  saved: /home/jvdillon/projects/sic/code/maze/ckpts/x001b/best.pt acc=90.96% (0.164s)
Step  1000  Test 90.96% /  0.00%  Train lm=0.8789±0.0248ϵ[0.8203,0.9492] n_halted=2.6040±10.1387ϵ[0.0000,42.0000]  (28.102s / 226.895s)
  n_active=168.0000±0.0000ϵ[168.0000,168.0000] n_expunged=7.8120±16.3588ϵ[0.0000,42.0000] pool_util=1.0000±0.0000ϵ[1.0000,1.0000]
  cell_acc=93.29%, puzzle_acc=0.00%
  eval_avg_halt_step: 16.00
  per_H_acc: ['H0=41.0%', 'H1=87.4%', 'H2=87.9%']
  H_cos: ['0.594', '0.867']
  z_H_delta: ['21.375', '15.625']
  cells: fixed=[96883, 2429] broken=[2, 1493]
  per_ACT_cell_acc: ['H1=41.0%', 'H2=87.4%', 'H3=87.9%', 'H4=88.8%', 'H5=90.1%', 'H6=91.0%', 'H7=91.6%', 'H8=92.0%', 'H9=92.3%', 'H10=92.6%', 'H11=92.8%', 'H12=92.9%', 'H13=92.9%', 'H14=93.0%', 'H15=93.0%', 'H16=93.1%']
  per_ACT_puzzle_acc: ['H1=0.0%', 'H2=0.0%', 'H3=0.0%', 'H4=0.0%', 'H5=0.0%', 'H6=0.0%', 'H7=0.0%', 'H8=0.0%', 'H9=0.0%', 'H10=0.0%', 'H11=0.0%', 'H12=0.0%', 'H13=0.0%', 'H14=0.0%', 'H15=0.0%', 'H16=0.0%']
  mean_sigmoid_q_halt: ['0.001', '0.000', '0.000', '0.000', '0.000', '0.000', '0.000', '0.000', '0.000', '0.000', '0.000', '0.000', '0.000', '0.000', '0.000', '0.000']
  halt_rates: ['0.00', '0.00', '0.00', '0.00', '0.00', '0.00', '0.00', '0.00', '0.00', '0.00', '0.00', '0.00', '0.00', '0.00', '0.00', '0.00']
  halt_histogram %: [0.0, 0.0, 0.0, 0.0, 0.0, 0.0, 0.0, 0.0, 0.0, 0.0, 0.0, 0.0, 0.0, 0.0, 0.0, 100.0]
  Avg ACT steps (last 100): 16.00
  saved: /home/jvdillon/projects/sic/code/maze/ckpts/x001b/step01500.pt acc=93.29% (0.083s)
  saved: /home/jvdillon/projects/sic/code/maze/ckpts/x001b/best.pt acc=93.29% (0.162s)
Step  1500  Test 93.29% /  0.00%  Train lm=0.8125±0.0312ϵ[0.7539,0.9141] n_halted=2.6040±10.1387ϵ[0.0000,42.0000]  (28.105s / 226.877s)
  n_active=168.0000±0.0000ϵ[168.0000,168.0000] n_expunged=7.8120±16.3084ϵ[0.0000,42.0000] pool_util=1.0000±0.0000ϵ[1.0000,1.0000]
  cell_acc=94.14%, puzzle_acc=0.20%
  eval_avg_halt_step: 16.00
  per_H_acc: ['H0=50.2%', 'H1=87.2%', 'H2=89.2%']
  H_cos: ['0.656', '0.875']
  z_H_delta: ['21.000', '15.375']
  cells: fixed=[79316, 10582] broken=[2091, 6462]
  per_ACT_cell_acc: ['H1=50.2%', 'H2=87.2%', 'H3=89.2%', 'H4=90.7%', 'H5=91.7%', 'H6=92.4%', 'H7=93.0%', 'H8=93.3%', 'H9=93.4%', 'H10=93.5%', 'H11=93.6%', 'H12=93.8%', 'H13=93.8%', 'H14=93.9%', 'H15=93.9%', 'H16=93.9%']
  per_ACT_puzzle_acc: ['H1=0.0%', 'H2=0.0%', 'H3=0.0%', 'H4=0.0%', 'H5=0.0%', 'H6=0.0%', 'H7=0.0%', 'H8=0.0%', 'H9=0.0%', 'H10=0.0%', 'H11=0.0%', 'H12=0.0%', 'H13=0.4%', 'H14=0.4%', 'H15=0.4%', 'H16=0.9%']
  mean_sigmoid_q_halt: ['0.002', '0.000', '0.000', '0.000', '0.000', '0.000', '0.000', '0.001', '0.001', '0.002', '0.003', '0.004', '0.005', '0.007', '0.009', '0.010']
  halt_rates: ['0.00', '0.00', '0.00', '0.00', '0.00', '0.00', '0.00', '0.00', '0.00', '0.00', '0.00', '0.00', '0.00', '0.00', '0.00', '0.00']
  halt_histogram %: [0.0, 0.0, 0.0, 0.0, 0.0, 0.0, 0.0, 0.0, 0.0, 0.0, 0.0, 0.0, 0.0, 0.0, 0.0, 100.0]
  Avg ACT steps (last 100): 16.00
  saved: /home/jvdillon/projects/sic/code/maze/ckpts/x001b/step02000.pt acc=94.14% (0.082s)
  saved: /home/jvdillon/projects/sic/code/maze/ckpts/x001b/best.pt acc=94.14% (0.161s)
Step  2000  Test 94.14% /  0.20%  Train lm=0.7812±0.0332ϵ[0.7344,0.8984] n_halted=2.6880±10.2899ϵ[0.0000,42.0000]  (28.135s / 226.881s)
  n_active=168.0000±0.0000ϵ[168.0000,168.0000] n_expunged=7.8120±16.2972ϵ[0.0000,42.0000] pool_util=1.0000±0.0000ϵ[1.0000,1.0000]
  cell_acc=95.06%, puzzle_acc=3.10%
  eval_avg_halt_step: 16.00
  per_H_acc: ['H0=50.2%', 'H1=84.8%', 'H2=90.5%']
  H_cos: ['0.723', '0.840']
  z_H_delta: ['21.000', '18.250']
  cells: fixed=[83642, 19790] broken=[11464, 7795]
  per_ACT_cell_acc: ['H1=50.2%', 'H2=84.8%', 'H3=90.5%', 'H4=91.6%', 'H5=92.5%', 'H6=92.9%', 'H7=93.3%', 'H8=93.6%', 'H9=94.0%', 'H10=94.2%', 'H11=94.4%', 'H12=94.5%', 'H13=94.6%', 'H14=94.7%', 'H15=94.6%', 'H16=94.6%']
  per_ACT_puzzle_acc: ['H1=0.0%', 'H2=0.0%', 'H3=0.0%', 'H4=0.0%', 'H5=0.0%', 'H6=0.0%', 'H7=0.0%', 'H8=0.0%', 'H9=0.0%', 'H10=0.0%', 'H11=0.0%', 'H12=0.0%', 'H13=0.0%', 'H14=0.4%', 'H15=0.9%', 'H16=0.9%']
  mean_sigmoid_q_halt: ['0.004', '0.000', '0.000', '0.001', '0.001', '0.001', '0.001', '0.002', '0.004', '0.005', '0.007', '0.010', '0.013', '0.016', '0.019', '0.021']
  halt_rates: ['0.00', '0.00', '0.00', '0.00', '0.00', '0.00', '0.00', '0.00', '0.00', '0.00', '0.00', '0.00', '0.00', '0.00', '0.00', '0.00']
  halt_histogram %: [0.0, 0.0, 0.0, 0.1, 0.2, 0.3, 0.3, 0.4, 0.3, 0.2, 0.4, 0.3, 0.3, 0.3, 0.3, 96.9]
  Avg ACT steps (last 100): 13.16
  saved: /home/jvdillon/projects/sic/code/maze/ckpts/x001b/step02500.pt acc=95.06% (0.083s)
  saved: /home/jvdillon/projects/sic/code/maze/ckpts/x001b/best.pt acc=95.06% (0.162s)
Step  2500  Test 95.06% /  3.10%  Train lm=0.7695±0.0201ϵ[0.7383,0.8750] n_halted=2.7440±5.5912ϵ[0.0000,42.0000]  (28.118s / 228.204s)
  n_active=168.0000±0.0000ϵ[168.0000,168.0000] n_expunged=8.3980±9.3663ϵ[0.0000,42.0000] pool_util=1.0000±0.0000ϵ[1.0000,1.0000]
  cell_acc=95.70%, puzzle_acc=5.50%
  eval_avg_halt_step: 14.78
  per_H_acc: ['H0=50.2%', 'H1=77.1%', 'H2=91.0%']
  H_cos: ['0.648', '0.824']
  z_H_delta: ['20.000', '20.125']
  cells: fixed=[92471, 35454] broken=[36345, 6447]
  per_ACT_cell_acc: ['H1=50.2%', 'H2=77.1%', 'H3=91.0%', 'H4=92.5%', 'H5=93.3%', 'H6=94.0%', 'H7=94.4%', 'H8=94.7%', 'H9=94.8%', 'H10=95.0%', 'H11=95.1%', 'H12=95.1%', 'H13=95.1%', 'H14=95.2%', 'H15=95.2%', 'H16=95.2%']
  per_ACT_puzzle_acc: ['H1=0.0%', 'H2=0.0%', 'H3=0.0%', 'H4=0.0%', 'H5=0.0%', 'H6=0.0%', 'H7=0.9%', 'H8=1.3%', 'H9=1.7%', 'H10=2.6%', 'H11=2.6%', 'H12=3.4%', 'H13=3.4%', 'H14=3.9%', 'H15=4.3%', 'H16=5.2%']
  mean_sigmoid_q_halt: ['0.007', '0.004', '0.005', '0.018', '0.011', '0.013', '0.032', '0.052', '0.055', '0.056', '0.065', '0.078', '0.083', '0.081', '0.077', '0.081']
  halt_rates: ['0.00', '0.00', '0.00', '0.00', '0.00', '0.00', '0.01', '0.01', '0.03', '0.03', '0.03', '0.03', '0.03', '0.03', '0.02', '0.03']
  halt_histogram %: [0.0, 0.0, 0.7, 1.0, 1.5, 1.2, 1.2, 1.0, 0.9, 0.9, 0.8, 0.6, 0.6, 0.6, 0.6, 88.4]
  Avg ACT steps (last 100): 9.93
  saved: /home/jvdillon/projects/sic/code/maze/ckpts/x001b/step03000.pt acc=95.70% (0.083s)
  saved: /home/jvdillon/projects/sic/code/maze/ckpts/x001b/best.pt acc=95.70% (0.163s)
Step  3000  Test 95.70% /  5.50%  Train lm=0.7656±0.0119ϵ[0.7383,0.8047] n_halted=3.4100±2.4556ϵ[0.0000,13.0000]  (28.136s / 228.582s)
  n_active=168.0000±0.0000ϵ[168.0000,168.0000] n_expunged=10.1380±4.1184ϵ[0.0000,25.0000] pool_util=1.0000±0.0000ϵ[1.0000,1.0000]
  cell_acc=96.68%, puzzle_acc=8.60%
  eval_avg_halt_step: 14.58
  per_H_acc: ['H0=50.2%', 'H1=75.8%', 'H2=93.1%']
  H_cos: ['0.719', '0.824']
  z_H_delta: ['19.500', '20.500']
  cells: fixed=[93493, 42168] broken=[40149, 6048]
  per_ACT_cell_acc: ['H1=50.2%', 'H2=75.8%', 'H3=93.1%', 'H4=94.2%', 'H5=95.4%', 'H6=96.0%', 'H7=96.4%', 'H8=96.5%', 'H9=96.5%', 'H10=96.5%', 'H11=96.6%', 'H12=96.6%', 'H13=96.6%', 'H14=96.6%', 'H15=96.7%', 'H16=96.7%']
  per_ACT_puzzle_acc: ['H1=0.0%', 'H2=0.0%', 'H3=0.0%', 'H4=0.0%', 'H5=0.0%', 'H6=0.4%', 'H7=2.2%', 'H8=5.6%', 'H9=6.0%', 'H10=7.8%', 'H11=8.6%', 'H12=9.9%', 'H13=9.1%', 'H14=7.3%', 'H15=7.3%', 'H16=7.3%']
  mean_sigmoid_q_halt: ['0.010', '0.003', '0.002', '0.008', '0.007', '0.013', '0.040', '0.058', '0.058', '0.064', '0.077', '0.085', '0.081', '0.080', '0.089', '0.096']
  halt_rates: ['0.00', '0.00', '0.00', '0.00', '0.00', '0.00', '0.00', '0.01', '0.02', '0.03', '0.03', '0.03', '0.02', '0.04', '0.04', '0.06']
  halt_histogram %: [0.0, 0.5, 4.0, 3.5, 3.1, 2.3, 2.0, 1.6, 1.3, 1.3, 1.2, 0.9, 0.7, 0.8, 0.9, 75.8]
  Avg ACT steps (last 100): 7.91
  saved: /home/jvdillon/projects/sic/code/maze/ckpts/x001b/step03500.pt acc=96.68% (0.083s)
  saved: /home/jvdillon/projects/sic/code/maze/ckpts/x001b/best.pt acc=96.68% (0.163s)
Step  3500  Test 96.68% /  8.60%  Train lm=0.7656±0.0105ϵ[0.7383,0.7969] n_halted=4.6160±2.7495ϵ[0.0000,14.0000]  (28.142s / 228.588s)
  n_active=168.0000±0.0000ϵ[168.0000,168.0000] n_expunged=12.8480±4.0780ϵ[1.0000,24.0000] pool_util=1.0000±0.0000ϵ[1.0000,1.0000]
  cell_acc=97.06%, puzzle_acc=19.40%
  eval_avg_halt_step: 10.15
  per_H_acc: ['H0=50.3%', 'H1=84.8%', 'H2=93.0%']
  H_cos: ['0.680', '0.848']
  z_H_delta: ['19.625', '21.250']
  cells: fixed=[84173, 22962] broken=[12234, 5739]
  per_ACT_cell_acc: ['H1=50.3%', 'H2=84.8%', 'H3=93.0%', 'H4=93.8%', 'H5=94.4%', 'H6=95.1%', 'H7=95.6%', 'H8=96.0%', 'H9=96.2%', 'H10=96.4%', 'H11=96.5%', 'H12=96.6%', 'H13=96.7%', 'H14=96.8%', 'H15=96.8%', 'H16=96.8%']
  per_ACT_puzzle_acc: ['H1=0.0%', 'H2=0.0%', 'H3=0.0%', 'H4=0.0%', 'H5=0.4%', 'H6=1.7%', 'H7=4.3%', 'H8=7.3%', 'H9=10.8%', 'H10=12.1%', 'H11=13.8%', 'H12=15.5%', 'H13=17.7%', 'H14=19.0%', 'H15=19.0%', 'H16=17.2%']
  mean_sigmoid_q_halt: ['0.012', '0.006', '0.004', '0.046', '0.063', '0.080', '0.119', '0.164', '0.207', '0.249', '0.271', '0.287', '0.309', '0.322', '0.328', '0.330']
  halt_rates: ['0.00', '0.00', '0.00', '0.00', '0.00', '0.03', '0.09', '0.15', '0.19', '0.25', '0.27', '0.29', '0.32', '0.35', '0.35', '0.37']
  halt_histogram %: [0.0, 1.9, 9.7, 6.3, 4.4, 3.1, 2.4, 1.9, 1.6, 1.4, 1.3, 1.1, 0.8, 0.9, 0.9, 62.3]
  Avg ACT steps (last 100): 6.27
  saved: /home/jvdillon/projects/sic/code/maze/ckpts/x001b/step04000.pt acc=97.06% (0.083s)
  saved: /home/jvdillon/projects/sic/code/maze/ckpts/x001b/best.pt acc=97.06% (0.164s)
Step  4000  Test 97.06% / 19.40%  Train lm=0.7578±0.0095ϵ[0.7383,0.7852] n_halted=6.2380±3.1262ϵ[0.0000,19.0000]  (28.194s / 228.582s)
  n_active=168.0000±0.0000ϵ[168.0000,168.0000] n_expunged=15.8560±4.2055ϵ[5.0000,28.0000] pool_util=1.0000±0.0000ϵ[1.0000,1.0000]
  cell_acc=97.21%, puzzle_acc=19.90%
  eval_avg_halt_step: 5.64
  per_H_acc: ['H0=50.5%', 'H1=85.7%', 'H2=94.7%']
  H_cos: ['0.691', '0.863']
  z_H_delta: ['19.750', '22.750']
  cells: fixed=[83457, 24011] broken=[9931, 5188]
  per_ACT_cell_acc: ['H1=50.5%', 'H2=85.7%', 'H3=94.7%', 'H4=95.3%', 'H5=96.1%', 'H6=96.4%', 'H7=96.7%', 'H8=96.8%', 'H9=96.9%', 'H10=96.9%', 'H11=96.9%', 'H12=97.0%', 'H13=97.0%', 'H14=97.0%', 'H15=97.1%', 'H16=97.1%']
  per_ACT_puzzle_acc: ['H1=0.0%', 'H2=0.0%', 'H3=0.0%', 'H4=0.0%', 'H5=3.0%', 'H6=7.3%', 'H7=9.5%', 'H8=11.2%', 'H9=13.4%', 'H10=14.2%', 'H11=15.9%', 'H12=15.9%', 'H13=17.2%', 'H14=17.2%', 'H15=17.7%', 'H16=17.7%']
  mean_sigmoid_q_halt: ['0.015', '0.006', '0.005', '0.074', '0.224', '0.297', '0.346', '0.420', '0.494', '0.523', '0.539', '0.559', '0.586', '0.598', '0.609', '0.613']
  halt_rates: ['0.00', '0.00', '0.00', '0.01', '0.14', '0.24', '0.35', '0.41', '0.51', '0.54', '0.56', '0.59', '0.62', '0.62', '0.64', '0.66']
  halt_histogram %: [0.0, 6.4, 15.0, 8.0, 5.0, 3.2, 2.5, 2.0, 1.6, 1.4, 1.2, 1.1, 0.8, 0.9, 0.9, 50.1]
  Avg ACT steps (last 100): 4.29
  saved: /home/jvdillon/projects/sic/code/maze/ckpts/x001b/step04500.pt acc=97.21% (0.083s)
  saved: /home/jvdillon/projects/sic/code/maze/ckpts/x001b/best.pt acc=97.21% (0.162s)
Step  4500  Test 97.21% / 19.90%  Train lm=0.7539±0.0085ϵ[0.7305,0.7852] n_halted=8.1240±3.2909ϵ[0.0000,19.0000]  (28.174s / 228.611s)
  n_active=168.0000±0.0000ϵ[168.0000,168.0000] n_expunged=17.9900±3.9746ϵ[3.0000,32.0000] pool_util=1.0000±0.0000ϵ[1.0000,1.0000]
  cell_acc=97.28%, puzzle_acc=26.40%
  eval_avg_halt_step: 6.46
  per_H_acc: ['H0=70.6%', 'H1=79.3%', 'H2=95.3%']
  H_cos: ['0.723', '0.820']
  z_H_delta: ['20.125', '22.875']
  cells: fixed=[49911, 37591] broken=[31728, 4242]
  per_ACT_cell_acc: ['H1=70.6%', 'H2=79.3%', 'H3=95.3%', 'H4=95.9%', 'H5=96.3%', 'H6=96.6%', 'H7=96.7%', 'H8=96.8%', 'H9=96.9%', 'H10=96.9%', 'H11=97.0%', 'H12=97.0%', 'H13=97.0%', 'H14=97.1%', 'H15=97.1%', 'H16=97.1%']
  per_ACT_puzzle_acc: ['H1=0.0%', 'H2=0.0%', 'H3=0.4%', 'H4=0.4%', 'H5=7.3%', 'H6=12.9%', 'H7=14.2%', 'H8=15.9%', 'H9=16.4%', 'H10=17.7%', 'H11=18.5%', 'H12=19.4%', 'H13=19.8%', 'H14=19.0%', 'H15=20.7%', 'H16=22.4%']
  mean_sigmoid_q_halt: ['0.025', '0.013', '0.014', '0.202', '0.287', '0.332', '0.387', '0.426', '0.445', '0.477', '0.492', '0.512', '0.523', '0.535', '0.547', '0.570']
  halt_rates: ['0.00', '0.00', '0.00', '0.08', '0.22', '0.31', '0.37', '0.42', '0.45', '0.50', '0.50', '0.51', '0.52', '0.54', '0.57', '0.60']
  halt_histogram %: [0.0, 15.3, 18.1, 8.5, 4.8, 3.0, 2.2, 1.7, 1.4, 1.2, 1.1, 0.9, 0.7, 0.8, 0.7, 39.5]
  Avg ACT steps (last 100): 3.40
  saved: /home/jvdillon/projects/sic/code/maze/ckpts/x001b/step05000.pt acc=97.28% (0.085s)
  saved: /home/jvdillon/projects/sic/code/maze/ckpts/x001b/best.pt acc=97.28% (0.165s)
Step  5000  Test 97.28% / 26.40%  Train lm=0.7500±0.0072ϵ[0.7344,0.7695] n_halted=10.9220±3.5958ϵ[2.0000,23.0000]  (28.146s / 228.649s)
  n_active=168.0000±0.0000ϵ[168.0000,168.0000] n_expunged=19.6020±3.7752ϵ[7.0000,33.0000] pool_util=1.0000±0.0000ϵ[1.0000,1.0000]
  cell_acc=97.03%, puzzle_acc=27.60%
  eval_avg_halt_step: 8.05
  per_H_acc: ['H0=50.2%', 'H1=85.5%', 'H2=95.7%']
  H_cos: ['0.746', '0.832']
  z_H_delta: ['20.000', '23.750']
  cells: fixed=[85870, 25479] broken=[12162, 4216]
  per_ACT_cell_acc: ['H1=50.2%', 'H2=85.5%', 'H3=95.7%', 'H4=96.2%', 'H5=96.6%', 'H6=96.9%', 'H7=96.9%', 'H8=97.0%', 'H9=97.0%', 'H10=97.0%', 'H11=97.0%', 'H12=97.0%', 'H13=97.0%', 'H14=97.0%', 'H15=97.0%', 'H16=97.0%']
  per_ACT_puzzle_acc: ['H1=0.0%', 'H2=0.0%', 'H3=0.4%', 'H4=2.6%', 'H5=12.1%', 'H6=15.1%', 'H7=19.0%', 'H8=22.4%', 'H9=23.3%', 'H10=25.9%', 'H11=25.0%', 'H12=25.4%', 'H13=25.0%', 'H14=24.6%', 'H15=24.1%', 'H16=23.7%']
  mean_sigmoid_q_halt: ['0.033', '0.017', '0.015', '0.172', '0.236', '0.322', '0.377', '0.395', '0.410', '0.424', '0.434', '0.447', '0.451', '0.463', '0.471', '0.473']
  halt_rates: ['0.00', '0.00', '0.00', '0.11', '0.21', '0.30', '0.34', '0.39', '0.41', '0.41', '0.44', '0.44', '0.44', '0.47', '0.47', '0.47']
  halt_histogram %: [0.0, 27.3, 18.8, 7.8, 4.2, 2.5, 1.9, 1.4, 1.1, 1.0, 0.9, 0.8, 0.6, 0.7, 0.6, 30.6]
  Avg ACT steps (last 100): 2.58
  saved: /home/jvdillon/projects/sic/code/maze/ckpts/x001b/step05500.pt acc=97.03% (0.082s)
Step  5500  Test 97.03% / 27.60%  Train lm=0.7500±0.0062ϵ[0.7305,0.7656] n_halted=14.5160±3.3646ϵ[5.0000,25.0000]  (28.093s / 228.668s)
  n_active=168.0000±0.0000ϵ[168.0000,168.0000] n_expunged=20.3680±3.6087ϵ[10.0000,32.0000] pool_util=1.0000±0.0000ϵ[1.0000,1.0000]
  cell_acc=97.50%, puzzle_acc=35.40%
  eval_avg_halt_step: 5.48
  per_H_acc: ['H0=50.2%', 'H1=87.4%', 'H2=95.5%']
  H_cos: ['0.773', '0.836']
  z_H_delta: ['20.125', '23.750']
  cells: fixed=[77776, 21383] broken=[27, 4624]
  per_ACT_cell_acc: ['H1=50.2%', 'H2=87.4%', 'H3=95.5%', 'H4=96.2%', 'H5=96.7%', 'H6=97.0%', 'H7=97.2%', 'H8=97.2%', 'H9=97.3%', 'H10=97.3%', 'H11=97.3%', 'H12=97.3%', 'H13=97.3%', 'H14=97.4%', 'H15=97.4%', 'H16=97.4%']
  per_ACT_puzzle_acc: ['H1=0.0%', 'H2=0.0%', 'H3=0.4%', 'H4=3.9%', 'H5=15.1%', 'H6=22.8%', 'H7=27.6%', 'H8=28.9%', 'H9=30.2%', 'H10=29.7%', 'H11=29.3%', 'H12=30.6%', 'H13=31.0%', 'H14=31.5%', 'H15=31.0%', 'H16=31.0%']
  mean_sigmoid_q_halt: ['0.033', '0.061', '0.060', '0.243', '0.295', '0.439', '0.504', '0.551', '0.590', '0.617', '0.629', '0.645', '0.645', '0.652', '0.668', '0.680']
  halt_rates: ['0.00', '0.00', '0.00', '0.17', '0.26', '0.43', '0.50', '0.55', '0.62', '0.64', '0.64', '0.66', '0.66', '0.66', '0.69', '0.70']
  halt_histogram %: [0.4, 36.3, 18.6, 7.0, 3.6, 2.2, 1.6, 1.2, 0.9, 0.8, 0.8, 0.6, 0.5, 0.5, 0.5, 24.5]
  Avg ACT steps (last 100): 3.17
  saved: /home/jvdillon/projects/sic/code/maze/ckpts/x001b/step06000.pt acc=97.50% (0.083s)
  saved: /home/jvdillon/projects/sic/code/maze/ckpts/x001b/best.pt acc=97.50% (0.161s)
Step  6000  Test 97.50% / 35.40%  Train lm=0.7461±0.0057ϵ[0.7305,0.7695] n_halted=15.8580±3.4909ϵ[3.0000,26.0000]  (28.112s / 228.666s)
  n_active=168.0000±0.0000ϵ[168.0000,168.0000] n_expunged=18.7960±3.7814ϵ[9.0000,30.0000] pool_util=1.0000±0.0000ϵ[1.0000,1.0000]
  cell_acc=97.06%, puzzle_acc=32.80%
  eval_avg_halt_step: 7.21
  per_H_acc: ['H0=50.2%', 'H1=86.9%', 'H2=94.5%']
  H_cos: ['0.766', '0.789']
  z_H_delta: ['19.750', '25.250']
  cells: fixed=[76747, 21207] broken=[1, 5365]
  per_ACT_cell_acc: ['H1=50.2%', 'H2=86.9%', 'H3=94.5%', 'H4=95.5%', 'H5=96.0%', 'H6=96.1%', 'H7=96.2%', 'H8=96.3%', 'H9=96.3%', 'H10=96.4%', 'H11=96.4%', 'H12=96.5%', 'H13=96.5%', 'H14=96.5%', 'H15=96.5%', 'H16=96.5%']
  per_ACT_puzzle_acc: ['H1=0.0%', 'H2=0.0%', 'H3=0.4%', 'H4=3.0%', 'H5=9.5%', 'H6=13.8%', 'H7=18.5%', 'H8=19.0%', 'H9=20.7%', 'H10=22.0%', 'H11=22.4%', 'H12=22.8%', 'H13=22.8%', 'H14=23.7%', 'H15=23.7%', 'H16=24.1%']
  mean_sigmoid_q_halt: ['0.040', '0.040', '0.053', '0.226', '0.252', '0.326', '0.375', '0.404', '0.434', '0.451', '0.486', '0.516', '0.543', '0.555', '0.562', '0.578']
  halt_rates: ['0.00', '0.00', '0.00', '0.17', '0.21', '0.29', '0.35', '0.39', '0.44', '0.44', '0.48', '0.51', '0.54', '0.56', '0.57', '0.58']
  halt_histogram %: [1.7, 43.4, 17.5, 6.2, 3.1, 1.8, 1.3, 1.0, 0.8, 0.7, 0.6, 0.6, 0.5, 0.5, 0.4, 20.1]
  Avg ACT steps (last 100): 2.34
  saved: /home/jvdillon/projects/sic/code/maze/ckpts/x001b/step06500.pt acc=97.06% (0.057s)
Step  6500  Test 97.06% / 32.80%  Train lm=0.7461±0.0059ϵ[0.7305,0.7656] n_halted=17.8340±4.0058ϵ[7.0000,29.0000]  (28.017s / 228.574s)
  n_active=168.0000±0.0000ϵ[168.0000,168.0000] n_expunged=19.1440±4.0189ϵ[7.0000,30.0000] pool_util=1.0000±0.0000ϵ[1.0000,1.0000]
  cell_acc=97.05%, puzzle_acc=28.60%
  eval_avg_halt_step: 8.50
  per_H_acc: ['H0=50.2%', 'H1=87.4%', 'H2=96.0%']
  H_cos: ['0.766', '0.820']
  z_H_delta: ['19.875', '24.625']
  cells: fixed=[77800, 22372] broken=[73, 4530]
  per_ACT_cell_acc: ['H1=50.2%', 'H2=87.4%', 'H3=96.0%', 'H4=96.6%', 'H5=97.0%', 'H6=97.2%', 'H7=97.4%', 'H8=97.4%', 'H9=97.4%', 'H10=97.3%', 'H11=97.3%', 'H12=97.2%', 'H13=97.2%', 'H14=97.2%', 'H15=97.2%', 'H16=97.1%']
  per_ACT_puzzle_acc: ['H1=0.0%', 'H2=0.0%', 'H3=1.7%', 'H4=8.6%', 'H5=16.4%', 'H6=20.7%', 'H7=22.4%', 'H8=25.0%', 'H9=27.6%', 'H10=29.7%', 'H11=29.3%', 'H12=30.6%', 'H13=29.7%', 'H14=31.0%', 'H15=30.2%', 'H16=28.4%']
  mean_sigmoid_q_halt: ['0.044', '0.062', '0.047', '0.233', '0.233', '0.328', '0.363', '0.361', '0.377', '0.385', '0.393', '0.387', '0.395', '0.400', '0.402', '0.404']
  halt_rates: ['0.00', '0.00', '0.01', '0.20', '0.22', '0.31', '0.35', '0.34', '0.38', '0.38', '0.38', '0.38', '0.38', '0.40', '0.41', '0.41']
  halt_histogram %: [3.5, 48.1, 16.6, 5.5, 2.7, 1.6, 1.1, 0.8, 0.7, 0.6, 0.5, 0.5, 0.4, 0.4, 0.3, 16.8]
  Avg ACT steps (last 100): 2.13
  saved: /home/jvdillon/projects/sic/code/maze/ckpts/x001b/step07000.pt acc=97.05% (0.056s)
Step  7000  Test 97.05% / 28.60%  Train lm=0.7422±0.0052ϵ[0.7305,0.7578] n_halted=19.0100±3.3431ϵ[10.0000,31.0000]  (28.046s / 228.541s)
  n_active=168.0000±0.0000ϵ[168.0000,168.0000] n_expunged=19.6660±3.4645ϵ[9.0000,29.0000] pool_util=1.0000±0.0000ϵ[1.0000,1.0000]
  cell_acc=97.40%, puzzle_acc=37.40%
  eval_avg_halt_step: 4.71
  per_H_acc: ['H0=50.2%', 'H1=87.6%', 'H2=95.6%']
  H_cos: ['0.742', '0.867']
  z_H_delta: ['20.250', '23.250']
  cells: fixed=[78435, 21260] broken=[391, 4475]
  per_ACT_cell_acc: ['H1=50.2%', 'H2=87.6%', 'H3=95.6%', 'H4=96.3%', 'H5=96.6%', 'H6=96.7%', 'H7=96.9%', 'H8=96.9%', 'H9=97.0%', 'H10=97.0%', 'H11=97.0%', 'H12=97.0%', 'H13=97.0%', 'H14=97.0%', 'H15=97.1%', 'H16=97.1%']
  per_ACT_puzzle_acc: ['H1=0.0%', 'H2=0.0%', 'H3=1.3%', 'H4=7.8%', 'H5=15.5%', 'H6=22.8%', 'H7=26.3%', 'H8=29.3%', 'H9=29.7%', 'H10=29.7%', 'H11=31.0%', 'H12=31.5%', 'H13=31.9%', 'H14=31.9%', 'H15=32.3%', 'H16=31.9%']
  mean_sigmoid_q_halt: ['0.066', '0.161', '0.117', '0.400', '0.391', '0.523', '0.574', '0.621', '0.633', '0.648', '0.660', '0.672', '0.684', '0.695', '0.699', '0.715']
  halt_rates: ['0.00', '0.00', '0.03', '0.37', '0.34', '0.50', '0.56', '0.62', '0.62', '0.63', '0.65', '0.66', '0.67', '0.69', '0.69', '0.71']
  halt_histogram %: [6.1, 50.6, 15.6, 4.9, 2.3, 1.4, 1.0, 0.7, 0.6, 0.5, 0.5, 0.4, 0.3, 0.3, 0.3, 14.3]
  Avg ACT steps (last 100): 2.15
  saved: /home/jvdillon/projects/sic/code/maze/ckpts/x001b/step07500.pt acc=97.40% (0.055s)
Step  7500  Test 97.40% / 37.40%  Train lm=0.7422±0.0055ϵ[0.7266,0.7578] n_halted=20.2820±3.7420ϵ[9.0000,32.0000]  (28.027s / 228.579s)
  n_active=168.0000±0.0000ϵ[168.0000,168.0000] n_expunged=18.8420±3.6414ϵ[8.0000,29.0000] pool_util=1.0000±0.0000ϵ[1.0000,1.0000]
  cell_acc=97.76%, puzzle_acc=42.50%
  eval_avg_halt_step: 5.05
  per_H_acc: ['H0=50.1%', 'H1=87.4%', 'H2=96.4%']
  H_cos: ['0.797', '0.848']
  z_H_delta: ['19.750', '22.750']
  cells: fixed=[77969, 22385] broken=[14, 3688]
  per_ACT_cell_acc: ['H1=50.1%', 'H2=87.4%', 'H3=96.4%', 'H4=97.1%', 'H5=97.3%', 'H6=97.5%', 'H7=97.6%', 'H8=97.6%', 'H9=97.7%', 'H10=97.7%', 'H11=97.7%', 'H12=97.7%', 'H13=97.7%', 'H14=97.7%', 'H15=97.7%', 'H16=97.6%']
  per_ACT_puzzle_acc: ['H1=0.0%', 'H2=0.0%', 'H3=3.9%', 'H4=12.5%', 'H5=24.6%', 'H6=30.6%', 'H7=35.3%', 'H8=36.6%', 'H9=38.8%', 'H10=38.8%', 'H11=39.2%', 'H12=40.1%', 'H13=40.9%', 'H14=40.1%', 'H15=40.5%', 'H16=40.5%']
  mean_sigmoid_q_halt: ['0.072', '0.147', '0.073', '0.301', '0.379', '0.527', '0.594', '0.605', '0.641', '0.664', '0.680', '0.695', '0.699', '0.703', '0.719', '0.719']
  halt_rates: ['0.00', '0.00', '0.02', '0.26', '0.34', '0.51', '0.58', '0.62', '0.64', '0.67', '0.69', '0.72', '0.72', '0.72', '0.73', '0.73']
  halt_histogram %: [8.1, 52.7, 14.8, 4.5, 2.1, 1.2, 0.9, 0.6, 0.5, 0.5, 0.4, 0.4, 0.3, 0.3, 0.3, 12.5]
  Avg ACT steps (last 100): 1.83
  saved: /home/jvdillon/projects/sic/code/maze/ckpts/x001b/step08000.pt acc=97.76% (0.055s)
  saved: /home/jvdillon/projects/sic/code/maze/ckpts/x001b/best.pt acc=97.76% (0.136s)
Step  8000  Test 97.76% / 42.50%  Train lm=0.7422±0.0044ϵ[0.7305,0.7539] n_halted=20.6460±3.1363ϵ[13.0000,29.0000]  (28.094s / 228.710s)
  n_active=168.0000±0.0000ϵ[168.0000,168.0000] n_expunged=18.5420±3.3127ϵ[9.0000,27.0000] pool_util=1.0000±0.0000ϵ[1.0000,1.0000]
  cell_acc=97.67%, puzzle_acc=45.90%
  eval_avg_halt_step: 5.38
  per_H_acc: ['H0=50.1%', 'H1=85.4%', 'H2=96.1%']
  H_cos: ['0.801', '0.785']
  z_H_delta: ['18.875', '23.375']
  cells: fixed=[73801, 26352] broken=[7, 4173]
  per_ACT_cell_acc: ['H1=50.1%', 'H2=85.4%', 'H3=96.1%', 'H4=96.9%', 'H5=97.2%', 'H6=97.4%', 'H7=97.5%', 'H8=97.5%', 'H9=97.5%', 'H10=97.5%', 'H11=97.5%', 'H12=97.5%', 'H13=97.5%', 'H14=97.5%', 'H15=97.5%', 'H16=97.6%']
  per_ACT_puzzle_acc: ['H1=0.0%', 'H2=0.0%', 'H3=5.6%', 'H4=12.9%', 'H5=23.3%', 'H6=28.4%', 'H7=31.0%', 'H8=32.8%', 'H9=33.6%', 'H10=34.5%', 'H11=37.5%', 'H12=36.2%', 'H13=36.6%', 'H14=38.4%', 'H15=38.8%', 'H16=39.2%']
  mean_sigmoid_q_halt: ['0.081', '0.187', '0.146', '0.375', '0.438', '0.512', '0.586', '0.602', '0.609', '0.617', '0.629', '0.641', '0.648', '0.664', '0.668', '0.676']
  halt_rates: ['0.00', '0.00', '0.07', '0.34', '0.40', '0.49', '0.57', '0.59', '0.61', '0.62', '0.63', '0.65', '0.66', '0.69', '0.67', '0.68']
  halt_histogram %: [10.5, 53.7, 14.1, 4.1, 1.9, 1.1, 0.8, 0.6, 0.5, 0.4, 0.4, 0.3, 0.3, 0.3, 0.2, 11.0]
  Avg ACT steps (last 100): 2.16
  saved: /home/jvdillon/projects/sic/code/maze/ckpts/x001b/step08500.pt acc=97.67% (0.055s)
Step  8500  Test 97.67% / 45.90%  Train lm=0.7383±0.0050ϵ[0.7266,0.7539] n_halted=21.5180±3.6694ϵ[10.0000,34.0000]  (28.062s / 228.675s)
  n_active=168.0000±0.0000ϵ[168.0000,168.0000] n_expunged=18.1200±3.4183ϵ[8.0000,28.0000] pool_util=1.0000±0.0000ϵ[1.0000,1.0000]
  cell_acc=97.98%, puzzle_acc=42.80%
  eval_avg_halt_step: 4.44
  per_H_acc: ['H0=50.1%', 'H1=87.5%', 'H2=96.5%']
  H_cos: ['0.793', '0.875']
  z_H_delta: ['21.000', '22.750']
  cells: fixed=[78363, 22249] broken=[137, 3497]
  per_ACT_cell_acc: ['H1=50.1%', 'H2=87.5%', 'H3=96.5%', 'H4=97.0%', 'H5=97.2%', 'H6=97.3%', 'H7=97.3%', 'H8=97.4%', 'H9=97.4%', 'H10=97.5%', 'H11=97.5%', 'H12=97.5%', 'H13=97.5%', 'H14=97.5%', 'H15=97.5%', 'H16=97.5%']
  per_ACT_puzzle_acc: ['H1=0.0%', 'H2=0.0%', 'H3=5.2%', 'H4=15.1%', 'H5=25.9%', 'H6=29.3%', 'H7=29.7%', 'H8=31.5%', 'H9=32.8%', 'H10=31.9%', 'H11=33.6%', 'H12=34.1%', 'H13=34.5%', 'H14=34.1%', 'H15=34.5%', 'H16=34.9%']
  mean_sigmoid_q_halt: ['0.083', '0.160', '0.225', '0.350', '0.430', '0.535', '0.578', '0.598', '0.617', '0.641', '0.668', '0.676', '0.695', '0.699', '0.711', '0.723']
  halt_rates: ['0.00', '0.00', '0.14', '0.31', '0.42', '0.52', '0.59', '0.60', '0.61', '0.64', '0.69', '0.69', '0.69', '0.70', '0.72', '0.72']
  halt_histogram %: [12.6, 54.4, 13.4, 3.8, 1.7, 1.0, 0.7, 0.5, 0.4, 0.4, 0.3, 0.3, 0.2, 0.2, 0.2, 9.8]
  Avg ACT steps (last 100): 1.69
  saved: /home/jvdillon/projects/sic/code/maze/ckpts/x001b/step09000.pt acc=97.98% (0.056s)
  saved: /home/jvdillon/projects/sic/code/maze/ckpts/x001b/best.pt acc=97.98% (0.135s)
Step  9000  Test 97.98% / 42.80%  Train lm=0.7383±0.0050ϵ[0.7227,0.7539] n_halted=21.9800±3.7239ϵ[11.0000,33.0000]  (28.089s / 228.608s)
  n_active=168.0000±0.0000ϵ[168.0000,168.0000] n_expunged=17.7300±3.6187ϵ[6.0000,28.0000] pool_util=1.0000±0.0000ϵ[1.0000,1.0000]
  cell_acc=97.95%, puzzle_acc=50.90%
  eval_avg_halt_step: 4.29
  per_H_acc: ['H0=50.1%', 'H1=80.9%', 'H2=96.6%']
  H_cos: ['0.871', '0.789']
  z_H_delta: ['18.875', '23.750']
  cells: fixed=[64277, 36303] broken=[2, 3375]
  per_ACT_cell_acc: ['H1=50.1%', 'H2=80.9%', 'H3=96.6%', 'H4=97.3%', 'H5=97.5%', 'H6=97.6%', 'H7=97.6%', 'H8=97.6%', 'H9=97.6%', 'H10=97.6%', 'H11=97.7%', 'H12=97.7%', 'H13=97.7%', 'H14=97.7%', 'H15=97.7%', 'H16=97.7%']
  per_ACT_puzzle_acc: ['H1=0.0%', 'H2=0.0%', 'H3=6.9%', 'H4=17.7%', 'H5=31.5%', 'H6=38.8%', 'H7=40.9%', 'H8=43.1%', 'H9=43.5%', 'H10=43.5%', 'H11=44.8%', 'H12=45.3%', 'H13=45.3%', 'H14=46.1%', 'H15=46.6%', 'H16=47.4%']
  mean_sigmoid_q_halt: ['0.086', '0.139', '0.242', '0.402', '0.508', '0.617', '0.652', '0.680', '0.699', '0.711', '0.719', '0.723', '0.727', '0.738', '0.734', '0.742']
  halt_rates: ['0.00', '0.00', '0.15', '0.37', '0.47', '0.61', '0.65', '0.67', '0.70', '0.72', '0.72', '0.72', '0.72', '0.75', '0.74', '0.75']
  halt_histogram %: [15.3, 54.1, 12.7, 3.5, 1.6, 0.9, 0.7, 0.5, 0.4, 0.3, 0.3, 0.3, 0.2, 0.2, 0.2, 8.8]
  Avg ACT steps (last 100): 2.27
  saved: /home/jvdillon/projects/sic/code/maze/ckpts/x001b/step09500.pt acc=97.95% (0.056s)
Step  9500  Test 97.95% / 50.90%  Train lm=0.7344±0.0042ϵ[0.7266,0.7500] n_halted=23.3380±3.6102ϵ[13.0000,34.0000]  (28.019s / 228.657s)
  n_active=168.0000±0.0000ϵ[168.0000,168.0000] n_expunged=16.9220±3.5919ϵ[6.0000,28.0000] pool_util=1.0000±0.0000ϵ[1.0000,1.0000]
  cell_acc=98.27%, puzzle_acc=48.30%
  eval_avg_halt_step: 3.27
  per_H_acc: ['H0=50.1%', 'H1=87.8%', 'H2=97.0%']
  H_cos: ['0.812', '0.852']
  z_H_delta: ['19.875', '23.500']
  cells: fixed=[80356, 22357] broken=[1785, 3007]
  per_ACT_cell_acc: ['H1=50.1%', 'H2=87.8%', 'H3=97.0%', 'H4=97.4%', 'H5=97.8%', 'H6=97.9%', 'H7=98.0%', 'H8=98.0%', 'H9=98.1%', 'H10=98.1%', 'H11=98.1%', 'H12=98.1%', 'H13=98.1%', 'H14=98.2%', 'H15=98.1%', 'H16=98.1%']
  per_ACT_puzzle_acc: ['H1=0.0%', 'H2=0.0%', 'H3=5.6%', 'H4=19.0%', 'H5=31.9%', 'H6=37.5%', 'H7=40.5%', 'H8=43.1%', 'H9=43.1%', 'H10=44.4%', 'H11=45.3%', 'H12=44.8%', 'H13=45.7%', 'H14=46.6%', 'H15=46.1%', 'H16=46.1%']
  mean_sigmoid_q_halt: ['0.108', '0.139', '0.254', '0.357', '0.508', '0.617', '0.668', '0.723', '0.746', '0.770', '0.777', '0.781', '0.801', '0.820', '0.820', '0.828']
  halt_rates: ['0.00', '0.00', '0.16', '0.30', '0.49', '0.61', '0.66', '0.71', '0.75', '0.79', '0.78', '0.78', '0.81', '0.82', '0.83', '0.84']
  halt_histogram %: [17.9, 53.6, 12.2, 3.3, 1.4, 0.8, 0.6, 0.4, 0.3, 0.3, 0.3, 0.2, 0.2, 0.2, 0.2, 8.0]
  Avg ACT steps (last 100): 1.90
  saved: /home/jvdillon/projects/sic/code/maze/ckpts/x001b/step10000.pt acc=98.27% (0.055s)
  saved: /home/jvdillon/projects/sic/code/maze/ckpts/x001b/best.pt acc=98.27% (0.135s)
Step 10000  Test 98.27% / 48.30%  Train lm=0.7344±0.0050ϵ[0.7227,0.7578] n_halted=23.6880±3.8152ϵ[10.0000,35.0000]  (28.068s / 228.625s)
  n_active=168.0000±0.0000ϵ[168.0000,168.0000] n_expunged=16.2420±3.6146ϵ[7.0000,30.0000] pool_util=1.0000±0.0000ϵ[1.0000,1.0000]
  cell_acc=97.90%, puzzle_acc=45.90%
  eval_avg_halt_step: 4.16
  per_H_acc: ['H0=50.1%', 'H1=87.4%', 'H2=96.5%']
  H_cos: ['0.848', '0.828']
  z_H_delta: ['18.375', '22.500']
  cells: fixed=[77872, 22173] broken=[0, 3117]
  per_ACT_cell_acc: ['H1=50.1%', 'H2=87.4%', 'H3=96.5%', 'H4=97.2%', 'H5=97.5%', 'H6=97.6%', 'H7=97.6%', 'H8=97.6%', 'H9=97.6%', 'H10=97.6%', 'H11=97.6%', 'H12=97.6%', 'H13=97.7%', 'H14=97.7%', 'H15=97.7%', 'H16=97.7%']
  per_ACT_puzzle_acc: ['H1=0.0%', 'H2=0.0%', 'H3=7.8%', 'H4=19.0%', 'H5=30.2%', 'H6=36.2%', 'H7=37.9%', 'H8=39.7%', 'H9=40.5%', 'H10=40.9%', 'H11=41.4%', 'H12=41.4%', 'H13=40.9%', 'H14=40.5%', 'H15=40.5%', 'H16=40.5%']
  mean_sigmoid_q_halt: ['0.132', '0.254', '0.210', '0.391', '0.543', '0.641', '0.668', '0.699', '0.723', '0.738', '0.746', '0.754', '0.754', '0.762', '0.770', '0.770']
  halt_rates: ['0.00', '0.00', '0.13', '0.32', '0.51', '0.62', '0.65', '0.71', '0.72', '0.74', '0.75', '0.74', '0.75', '0.75', '0.77', '0.77']
  halt_histogram %: [19.8, 53.4, 11.7, 3.1, 1.3, 0.8, 0.6, 0.4, 0.3, 0.3, 0.3, 0.2, 0.2, 0.2, 0.2, 7.3]
  Avg ACT steps (last 100): 1.68
  saved: /home/jvdillon/projects/sic/code/maze/ckpts/x001b/step10500.pt acc=97.90% (0.055s)
Step 10500  Test 97.90% / 45.90%  Train lm=0.7344±0.0045ϵ[0.7266,0.7539] n_halted=23.8640±3.6425ϵ[11.0000,34.0000]  (28.022s / 228.639s)
  n_active=168.0000±0.0000ϵ[168.0000,168.0000] n_expunged=16.2000±3.4826ϵ[7.0000,30.0000] pool_util=1.0000±0.0000ϵ[1.0000,1.0000]
  cell_acc=98.23%, puzzle_acc=49.40%
  eval_avg_halt_step: 3.07
  per_H_acc: ['H0=50.1%', 'H1=87.4%', 'H2=97.3%']
  H_cos: ['0.840', '0.836']
  z_H_delta: ['18.625', '22.875']
  cells: fixed=[77918, 23775] broken=[0, 3172]
  per_ACT_cell_acc: ['H1=50.1%', 'H2=87.4%', 'H3=97.3%', 'H4=98.0%', 'H5=98.1%', 'H6=98.2%', 'H7=98.2%', 'H8=98.2%', 'H9=98.2%', 'H10=98.2%', 'H11=98.2%', 'H12=98.2%', 'H13=98.2%', 'H14=98.3%', 'H15=98.3%', 'H16=98.3%']
  per_ACT_puzzle_acc: ['H1=0.0%', 'H2=0.0%', 'H3=9.1%', 'H4=31.0%', 'H5=44.0%', 'H6=47.8%', 'H7=49.1%', 'H8=50.9%', 'H9=51.7%', 'H10=51.3%', 'H11=51.3%', 'H12=51.3%', 'H13=50.9%', 'H14=51.3%', 'H15=51.7%', 'H16=51.3%']
  mean_sigmoid_q_halt: ['0.150', '0.237', '0.338', '0.547', '0.676', '0.754', '0.781', '0.797', '0.820', '0.832', '0.852', '0.852', '0.859', '0.859', '0.863', '0.863']
  halt_rates: ['0.00', '0.00', '0.27', '0.52', '0.67', '0.75', '0.78', '0.80', '0.83', '0.84', '0.86', '0.87', '0.88', '0.87', '0.88', '0.88']
  halt_histogram %: [22.6, 52.4, 11.2, 2.9, 1.2, 0.7, 0.5, 0.4, 0.3, 0.3, 0.2, 0.2, 0.2, 0.2, 0.2, 6.7]
  Avg ACT steps (last 100): 1.53
  saved: /home/jvdillon/projects/sic/code/maze/ckpts/x001b/step11000.pt acc=98.23% (0.056s)
Step 11000  Test 98.23% / 49.40%  Train lm=0.7344±0.0043ϵ[0.7227,0.7500] n_halted=25.7580±3.7995ϵ[14.0000,36.0000]  (27.994s / 228.611s)
  n_active=168.0000±0.0000ϵ[168.0000,168.0000] n_expunged=14.7040±3.6396ϵ[6.0000,27.0000] pool_util=1.0000±0.0000ϵ[1.0000,1.0000]
  cell_acc=97.99%, puzzle_acc=33.80%
  eval_avg_halt_step: 5.14
  per_H_acc: ['H0=50.1%', 'H1=87.6%', 'H2=97.7%']
  H_cos: ['0.805', '0.867']
  z_H_delta: ['20.500', '23.250']
  cells: fixed=[78590, 23542] broken=[162, 2537]
  per_ACT_cell_acc: ['H1=50.1%', 'H2=87.6%', 'H3=97.7%', 'H4=98.1%', 'H5=98.1%', 'H6=98.3%', 'H7=98.3%', 'H8=98.3%', 'H9=98.4%', 'H10=98.3%', 'H11=98.3%', 'H12=98.3%', 'H13=98.2%', 'H14=98.3%', 'H15=98.3%', 'H16=98.3%']
  per_ACT_puzzle_acc: ['H1=0.0%', 'H2=0.0%', 'H3=14.7%', 'H4=29.3%', 'H5=37.1%', 'H6=40.9%', 'H7=41.8%', 'H8=41.4%', 'H9=43.1%', 'H10=40.9%', 'H11=40.9%', 'H12=38.8%', 'H13=38.8%', 'H14=39.2%', 'H15=38.4%', 'H16=39.7%']
  mean_sigmoid_q_halt: ['0.108', '0.078', '0.264', '0.455', '0.539', '0.605', '0.617', '0.613', '0.605', '0.602', '0.602', '0.586', '0.586', '0.578', '0.566', '0.555']
  halt_rates: ['0.00', '0.00', '0.18', '0.45', '0.56', '0.62', '0.62', '0.63', '0.61', '0.62', '0.63', '0.60', '0.61', '0.62', '0.61', '0.60']
  halt_histogram %: [25.1, 51.3, 10.7, 2.7, 1.1, 0.7, 0.5, 0.3, 0.3, 0.2, 0.2, 0.2, 0.2, 0.2, 0.1, 6.2]
  Avg ACT steps (last 100): 1.59
  saved: /home/jvdillon/projects/sic/code/maze/ckpts/x001b/step11500.pt acc=97.99% (0.055s)
Step 11500  Test 97.99% / 33.80%  Train lm=0.7344±0.0043ϵ[0.7227,0.7500] n_halted=26.2360±3.8054ϵ[15.0000,38.0000]  (28.035s / 228.602s)
  n_active=168.0000±0.0000ϵ[168.0000,168.0000] n_expunged=14.1700±3.5460ϵ[4.0000,26.0000] pool_util=1.0000±0.0000ϵ[1.0000,1.0000]
  cell_acc=98.36%, puzzle_acc=50.20%
  eval_avg_halt_step: 3.10
  per_H_acc: ['H0=50.1%', 'H1=87.1%', 'H2=97.7%']
  H_cos: ['0.844', '0.812']
  z_H_delta: ['19.250', '23.750']
  cells: fixed=[77445, 24714] broken=[73, 2665]
  per_ACT_cell_acc: ['H1=50.1%', 'H2=87.1%', 'H3=97.7%', 'H4=98.1%', 'H5=98.2%', 'H6=98.2%', 'H7=98.3%', 'H8=98.3%', 'H9=98.3%', 'H10=98.3%', 'H11=98.3%', 'H12=98.3%', 'H13=98.3%', 'H14=98.3%', 'H15=98.3%', 'H16=98.3%']
  per_ACT_puzzle_acc: ['H1=0.0%', 'H2=0.0%', 'H3=16.4%', 'H4=35.8%', 'H5=41.8%', 'H6=45.3%', 'H7=47.8%', 'H8=47.8%', 'H9=47.8%', 'H10=47.0%', 'H11=49.1%', 'H12=48.7%', 'H13=49.1%', 'H14=49.1%', 'H15=49.1%', 'H16=48.7%']
  mean_sigmoid_q_halt: ['0.145', '0.141', '0.393', '0.629', '0.707', '0.762', '0.785', '0.773', '0.789', '0.793', '0.797', '0.816', '0.816', '0.820', '0.820', '0.824']
  halt_rates: ['0.00', '0.00', '0.36', '0.64', '0.70', '0.77', '0.80', '0.77', '0.80', '0.81', '0.81', '0.83', '0.84', '0.84', '0.84', '0.84']
  halt_histogram %: [27.4, 50.4, 10.2, 2.6, 1.1, 0.6, 0.4, 0.3, 0.3, 0.2, 0.2, 0.2, 0.1, 0.1, 0.1, 5.7]
  Avg ACT steps (last 100): 1.48
  saved: /home/jvdillon/projects/sic/code/maze/ckpts/x001b/step12000.pt acc=98.36% (0.056s)
  saved: /home/jvdillon/projects/sic/code/maze/ckpts/x001b/best.pt acc=98.36% (0.135s)
Step 12000  Test 98.36% / 50.20%  Train lm=0.7344±0.0048ϵ[0.7266,0.7539] n_halted=26.8380±3.8017ϵ[14.0000,37.0000]  (28.110s / 228.588s)
  n_active=168.0000±0.0000ϵ[168.0000,168.0000] n_expunged=13.7000±3.6128ϵ[4.0000,24.0000] pool_util=1.0000±0.0000ϵ[1.0000,1.0000]
  cell_acc=98.45%, puzzle_acc=54.50%
  eval_avg_halt_step: 2.98
  per_H_acc: ['H0=50.1%', 'H1=87.3%', 'H2=97.7%']
  H_cos: ['0.855', '0.820']
  z_H_delta: ['19.375', '24.625']
  cells: fixed=[77754, 24191] broken=[7, 2541]
  per_ACT_cell_acc: ['H1=50.1%', 'H2=87.3%', 'H3=97.7%', 'H4=98.1%', 'H5=98.3%', 'H6=98.3%', 'H7=98.3%', 'H8=98.3%', 'H9=98.3%', 'H10=98.4%', 'H11=98.4%', 'H12=98.4%', 'H13=98.4%', 'H14=98.4%', 'H15=98.4%', 'H16=98.4%']
  per_ACT_puzzle_acc: ['H1=0.0%', 'H2=0.0%', 'H3=16.8%', 'H4=38.8%', 'H5=44.8%', 'H6=50.4%', 'H7=52.2%', 'H8=52.6%', 'H9=52.6%', 'H10=53.4%', 'H11=53.9%', 'H12=54.3%', 'H13=54.3%', 'H14=54.3%', 'H15=53.9%', 'H16=53.9%']
  mean_sigmoid_q_halt: ['0.131', '0.091', '0.389', '0.570', '0.656', '0.727', '0.770', '0.801', '0.809', '0.816', '0.828', '0.832', '0.836', '0.840', '0.840', '0.840']
  halt_rates: ['0.00', '0.00', '0.35', '0.54', '0.66', '0.73', '0.79', '0.81', '0.82', '0.84', '0.84', '0.84', '0.85', '0.86', '0.86', '0.86']
  halt_histogram %: [29.8, 49.2, 9.8, 2.4, 1.0, 0.6, 0.4, 0.3, 0.2, 0.2, 0.2, 0.2, 0.1, 0.1, 0.1, 5.3]
  Avg ACT steps (last 100): 1.43
  saved: /home/jvdillon/projects/sic/code/maze/ckpts/x001b/step12500.pt acc=98.45% (0.055s)
  saved: /home/jvdillon/projects/sic/code/maze/ckpts/x001b/best.pt acc=98.45% (0.135s)
Step 12500  Test 98.45% / 54.50%  Train lm=0.7305±0.0042ϵ[0.7227,0.7461] n_halted=28.0120±3.6823ϵ[17.0000,37.0000]  (28.126s / 228.648s)
  n_active=168.0000±0.0000ϵ[168.0000,168.0000] n_expunged=12.7860±3.4023ϵ[4.0000,23.0000] pool_util=1.0000±0.0000ϵ[1.0000,1.0000]
