Adam params: ('embed_tokens.weight', 'head.weight', 'head.bias', 'q_head.weight', 'q_head.bias')
Muon 2D params: ('reasoning.0.attn.o_proj.weight', 'reasoning.0.mlp.up_proj.weight', 'reasoning.0.mlp.down_proj.weight', 'reasoning.1.attn.o_proj.weight', 'reasoning.1.mlp.up_proj.weight', 'reasoning.1.mlp.down_proj.weight')
Muon 3D params (ensemble_dims=1): ('reasoning.0.attn.qkv_proj.weight', 'reasoning.1.attn.qkv_proj.weight')
  cell_acc=91.46%, puzzle_acc=0.00%
  eval_avg_halt_step: 16.00
  per_H_acc: ['H0=87.4%', 'H1=87.5%', 'H2=88.3%']
  H_cos: ['0.848', '0.961']
  z_H_delta: ['15.375', '9.688']
  cells: fixed=[463, 8324] broken=[146, 6682]
  per_ACT_cell_acc: ['H1=87.4%', 'H2=87.5%', 'H3=88.3%', 'H4=89.1%', 'H5=89.6%', 'H6=90.0%', 'H7=90.3%', 'H8=90.6%', 'H9=90.7%', 'H10=90.9%', 'H11=91.0%', 'H12=91.1%', 'H13=91.1%', 'H14=91.1%', 'H15=91.2%', 'H16=91.2%']
  per_ACT_puzzle_acc: ['H1=0.0%', 'H2=0.0%', 'H3=0.0%', 'H4=0.0%', 'H5=0.0%', 'H6=0.0%', 'H7=0.0%', 'H8=0.0%', 'H9=0.0%', 'H10=0.0%', 'H11=0.0%', 'H12=0.0%', 'H13=0.0%', 'H14=0.0%', 'H15=0.0%', 'H16=0.0%']
  mean_sigmoid_q_halt: ['0.000', '0.000', '0.000', '0.000', '0.000', '0.000', '0.000', '0.000', '0.000', '0.000', '0.000', '0.000', '0.000', '0.000', '0.000', '0.000']
  halt_rates: ['0.00', '0.00', '0.00', '0.00', '0.00', '0.00', '0.00', '0.00', '0.00', '0.00', '0.00', '0.00', '0.00', '0.00', '0.00', '0.00']
  halt_histogram %: [0.0, 0.0, 0.0, 0.0, 0.0, 0.0, 0.0, 0.0, 0.0, 0.0, 0.0, 0.0, 0.0, 0.0, 0.0, 100.0]
  Avg ACT steps (last 100): 16.00
  saved: /home/jvdillon/projects/sic/code/maze/ckpts/x001a/step00500.pt acc=91.46% (0.070s)
  saved: /home/jvdillon/projects/sic/code/maze/ckpts/x001a/best.pt acc=91.46% (0.136s)
Step   500  Test 91.46% /  0.00%  Train lm=1.1250±0.1465ϵ[1.0312,3.3125] n_active=120.0000±0.0000ϵ[120.0000,120.0000] n_expunged=5.6250±11.7123ϵ[0.0000,30.0000] n_halted=1.8750±7.2637ϵ[0.0000,30.0000] pool_util=1.0000±0.0000ϵ[1.0000,1.0000]  (44.769s / 898.649s)
  cell_acc=96.04%, puzzle_acc=3.30%
  eval_avg_halt_step: 16.00
  per_H_acc: ['H0=76.0%', 'H1=88.2%', 'H2=92.1%']
  H_cos: ['0.824', '0.945']
  z_H_delta: ['17.250', '11.750']
  cells: fixed=[36986, 13847] broken=[11395, 5822]
  per_ACT_cell_acc: ['H1=76.0%', 'H2=88.2%', 'H3=92.1%', 'H4=93.8%', 'H5=94.6%', 'H6=95.1%', 'H7=95.3%', 'H8=95.5%', 'H9=95.6%', 'H10=95.7%', 'H11=95.8%', 'H12=95.8%', 'H13=95.8%', 'H14=95.8%', 'H15=95.8%', 'H16=95.9%']
  per_ACT_puzzle_acc: ['H1=0.0%', 'H2=0.0%', 'H3=0.0%', 'H4=0.0%', 'H5=0.0%', 'H6=0.0%', 'H7=0.0%', 'H8=0.4%', 'H9=0.9%', 'H10=0.4%', 'H11=0.9%', 'H12=0.0%', 'H13=0.4%', 'H14=0.4%', 'H15=0.9%', 'H16=0.9%']
  mean_sigmoid_q_halt: ['0.000', '0.000', '0.000', '0.001', '0.001', '0.001', '0.001', '0.002', '0.002', '0.003', '0.004', '0.004', '0.004', '0.004', '0.005', '0.005']
  halt_rates: ['0.00', '0.00', '0.00', '0.00', '0.00', '0.00', '0.00', '0.00', '0.00', '0.00', '0.00', '0.00', '0.00', '0.00', '0.00', '0.00']
  halt_histogram %: [0.0, 0.0, 0.0, 0.0, 0.1, 0.1, 0.1, 0.1, 0.2, 0.1, 0.1, 0.1, 0.2, 0.1, 0.2, 98.5]
  Avg ACT steps (last 100): 15.18
  saved: /home/jvdillon/projects/sic/code/maze/ckpts/x001a/step01000.pt acc=96.04% (0.069s)
  saved: /home/jvdillon/projects/sic/code/maze/ckpts/x001a/best.pt acc=96.04% (0.137s)
Step  1000  Test 96.04% /  3.30%  Train lm=1.0000±0.0261ϵ[0.9453,1.0938] n_active=120.0000±0.0000ϵ[120.0000,120.0000] n_expunged=5.6995±10.7833ϵ[0.0000,30.0000] n_halted=1.8880±6.6422ϵ[0.0000,30.0000] pool_util=1.0000±0.0000ϵ[1.0000,1.0000]  (39.182s / 897.883s)
  cell_acc=97.47%, puzzle_acc=22.20%
  eval_avg_halt_step: 9.87
  per_H_acc: ['H0=66.3%', 'H1=85.7%', 'H2=94.9%']
  H_cos: ['0.844', '0.902']
  z_H_delta: ['19.375', '14.562']
  cells: fixed=[48365, 23841] broken=[7903, 4644]
  per_ACT_cell_acc: ['H1=66.3%', 'H2=85.7%', 'H3=94.9%', 'H4=96.4%', 'H5=96.9%', 'H6=97.2%', 'H7=97.2%', 'H8=97.2%', 'H9=97.3%', 'H10=97.2%', 'H11=97.2%', 'H12=97.2%', 'H13=97.2%', 'H14=97.2%', 'H15=97.2%', 'H16=97.2%']
  per_ACT_puzzle_acc: ['H1=0.0%', 'H2=0.0%', 'H3=0.0%', 'H4=1.3%', 'H5=4.7%', 'H6=9.1%', 'H7=11.6%', 'H8=14.7%', 'H9=17.2%', 'H10=18.5%', 'H11=19.8%', 'H12=19.8%', 'H13=19.8%', 'H14=18.5%', 'H15=19.0%', 'H16=19.0%']
  mean_sigmoid_q_halt: ['0.000', '0.000', '0.001', '0.029', '0.070', '0.089', '0.130', '0.174', '0.206', '0.229', '0.246', '0.262', '0.275', '0.279', '0.289', '0.299']
  halt_rates: ['0.00', '0.00', '0.00', '0.01', '0.05', '0.06', '0.11', '0.18', '0.21', '0.25', '0.27', '0.29', '0.31', '0.32', '0.34', '0.33']
  halt_histogram %: [0.0, 4.1, 6.6, 4.2, 3.5, 2.7, 2.6, 2.7, 2.0, 1.4, 1.2, 1.4, 1.2, 0.9, 0.8, 64.9]
  Avg ACT steps (last 100): 7.39
  saved: /home/jvdillon/projects/sic/code/maze/ckpts/x001a/step01500.pt acc=97.47% (0.068s)
  saved: /home/jvdillon/projects/sic/code/maze/ckpts/x001a/best.pt acc=97.47% (0.135s)
Step  1500  Test 97.47% / 22.20%  Train lm=0.9688±0.0144ϵ[0.9375,1.2031] n_active=120.0000±0.0000ϵ[120.0000,120.0000] n_expunged=9.1080±4.5741ϵ[0.0000,21.0000] n_halted=3.3880±2.9106ϵ[0.0000,16.0000] pool_util=1.0000±0.0000ϵ[1.0000,1.0000]  (39.255s / 902.153s)
  cell_acc=97.94%, puzzle_acc=35.90%
  eval_avg_halt_step: 5.12
  per_H_acc: ['H0=41.5%', 'H1=78.8%', 'H2=96.6%']
  H_cos: ['0.801', '0.723']
  z_H_delta: ['20.375', '20.625']
  cells: fixed=[80285, 40330] broken=[2409, 3280]
  per_ACT_cell_acc: ['H1=41.5%', 'H2=78.8%', 'H3=96.6%', 'H4=97.1%', 'H5=97.4%', 'H6=97.6%', 'H7=97.7%', 'H8=97.7%', 'H9=97.8%', 'H10=97.8%', 'H11=97.8%', 'H12=97.8%', 'H13=97.8%', 'H14=97.8%', 'H15=97.8%', 'H16=97.8%']
  per_ACT_puzzle_acc: ['H1=0.0%', 'H2=0.0%', 'H3=4.3%', 'H4=15.9%', 'H5=23.3%', 'H6=25.4%', 'H7=27.6%', 'H8=28.0%', 'H9=30.2%', 'H10=30.6%', 'H11=31.0%', 'H12=31.9%', 'H13=30.2%', 'H14=30.6%', 'H15=32.3%', 'H16=34.1%']
  mean_sigmoid_q_halt: ['0.001', '0.170', '0.110', '0.316', '0.387', '0.441', '0.469', '0.443', '0.447', '0.473', '0.490', '0.504', '0.512', '0.523', '0.520', '0.512']
  halt_rates: ['0.00', '0.00', '0.06', '0.28', '0.40', '0.49', '0.53', '0.47', '0.48', '0.53', '0.53', '0.56', '0.57', '0.57', '0.57', '0.56']
  halt_histogram %: [1.3, 29.1, 12.6, 5.7, 3.5, 2.7, 2.2, 2.1, 1.5, 1.1, 1.0, 1.0, 0.9, 0.7, 0.6, 33.9]
  Avg ACT steps (last 100): 2.66
  saved: /home/jvdillon/projects/sic/code/maze/ckpts/x001a/step02000.pt acc=97.94% (0.068s)
  saved: /home/jvdillon/projects/sic/code/maze/ckpts/x001a/best.pt acc=97.94% (0.134s)
Step  2000  Test 97.94% / 35.90%  Train lm=0.9531±0.0115ϵ[0.9258,1.0000] n_active=120.0000±0.0000ϵ[120.0000,120.0000] n_expunged=13.0680±3.4590ϵ[1.0000,22.0000] n_halted=7.7235±3.5515ϵ[0.0000,19.0000] pool_util=1.0000±0.0000ϵ[1.0000,1.0000]  (39.215s / 903.435s)
  cell_acc=98.56%, puzzle_acc=54.50%
  eval_avg_halt_step: 3.21
  per_H_acc: ['H0=74.0%', 'H1=74.9%', 'H2=97.5%']
  H_cos: ['0.703', '0.684']
  z_H_delta: ['20.375', '22.500']
  cells: fixed=[42802, 49301] broken=[40735, 2182]
  per_ACT_cell_acc: ['H1=74.0%', 'H2=74.9%', 'H3=97.5%', 'H4=98.0%', 'H5=98.1%', 'H6=98.2%', 'H7=98.2%', 'H8=98.2%', 'H9=98.3%', 'H10=98.3%', 'H11=98.3%', 'H12=98.3%', 'H13=98.3%', 'H14=98.4%', 'H15=98.3%', 'H16=98.3%']
  per_ACT_puzzle_acc: ['H1=0.0%', 'H2=0.0%', 'H3=11.2%', 'H4=32.3%', 'H5=39.2%', 'H6=43.5%', 'H7=47.0%', 'H8=48.3%', 'H9=50.0%', 'H10=50.4%', 'H11=51.3%', 'H12=52.2%', 'H13=52.6%', 'H14=53.0%', 'H15=53.9%', 'H16=53.4%']
  mean_sigmoid_q_halt: ['0.000', '0.076', '0.240', '0.447', '0.578', '0.641', '0.680', '0.707', '0.719', '0.734', '0.750', '0.770', '0.777', '0.797', '0.797', '0.805']
  halt_rates: ['0.00', '0.00', '0.21', '0.46', '0.62', '0.69', '0.72', '0.78', '0.78', '0.80', '0.81', '0.84', '0.84', '0.87', '0.87', '0.89']
  halt_histogram %: [8.9, 44.0, 12.2, 4.5, 2.5, 1.9, 1.5, 1.3, 1.0, 0.7, 0.6, 0.6, 0.6, 0.4, 0.4, 18.9]
  Avg ACT steps (last 100): 2.14
  saved: /home/jvdillon/projects/sic/code/maze/ckpts/x001a/step02500.pt acc=98.56% (0.069s)
  saved: /home/jvdillon/projects/sic/code/maze/ckpts/x001a/best.pt acc=98.56% (0.136s)
Step  2500  Test 98.56% / 54.50%  Train lm=0.9414±0.0088ϵ[0.9180,0.9922] n_active=120.0000±0.0000ϵ[120.0000,120.0000] n_expunged=13.8900±3.1705ϵ[3.0000,24.0000] n_halted=12.5230±3.4891ϵ[1.0000,24.0000] pool_util=1.0000±0.0000ϵ[1.0000,1.0000]  (39.198s / 901.894s)
  cell_acc=98.85%, puzzle_acc=64.60%
  eval_avg_halt_step: 3.06
  per_H_acc: ['H0=86.0%', 'H1=90.7%', 'H2=97.7%']
  H_cos: ['0.770', '0.852']
  z_H_delta: ['19.625', '18.500']
  cells: fixed=[12836, 16571] broken=[2997, 2006]
  per_ACT_cell_acc: ['H1=86.0%', 'H2=90.7%', 'H3=97.7%', 'H4=98.3%', 'H5=98.5%', 'H6=98.7%', 'H7=98.7%', 'H8=98.7%', 'H9=98.7%', 'H10=98.7%', 'H11=98.8%', 'H12=98.8%', 'H13=98.8%', 'H14=98.8%', 'H15=98.7%', 'H16=98.8%']
  per_ACT_puzzle_acc: ['H1=0.0%', 'H2=0.0%', 'H3=19.4%', 'H4=34.9%', 'H5=46.6%', 'H6=53.4%', 'H7=56.5%', 'H8=56.9%', 'H9=59.5%', 'H10=61.6%', 'H11=62.5%', 'H12=61.6%', 'H13=63.4%', 'H14=63.4%', 'H15=63.8%', 'H16=64.7%']
  mean_sigmoid_q_halt: ['0.000', '0.000', '0.277', '0.467', '0.551', '0.645', '0.684', '0.699', '0.711', '0.730', '0.746', '0.746', '0.746', '0.762', '0.762', '0.766']
  halt_rates: ['0.00', '0.00', '0.26', '0.44', '0.57', '0.67', '0.73', '0.74', '0.76', '0.79', '0.81', '0.81', '0.81', '0.84', '0.83', '0.83']
  halt_histogram %: [19.9, 45.9, 10.6, 3.4, 1.9, 1.3, 1.0, 0.9, 0.7, 0.5, 0.4, 0.4, 0.4, 0.3, 0.3, 12.1]
  Avg ACT steps (last 100): 1.80
  saved: /home/jvdillon/projects/sic/code/maze/ckpts/x001a/step03000.pt acc=98.85% (0.068s)
  saved: /home/jvdillon/projects/sic/code/maze/ckpts/x001a/best.pt acc=98.85% (0.135s)
Step  3000  Test 98.85% / 64.60%  Train lm=0.9336±0.0064ϵ[0.9180,0.9648] n_active=120.0000±0.0000ϵ[120.0000,120.0000] n_expunged=12.2060±3.0702ϵ[3.0000,21.0000] n_halted=15.8220±3.3959ϵ[5.0000,26.0000] pool_util=1.0000±0.0000ϵ[1.0000,1.0000]  (39.197s / 902.340s)
  cell_acc=98.56%, puzzle_acc=59.50%
  eval_avg_halt_step: 2.98
  per_H_acc: ['H0=85.9%', 'H1=90.3%', 'H2=97.5%']
  H_cos: ['0.828', '0.844']
  z_H_delta: ['19.500', '17.000']
  cells: fixed=[11387, 17169] broken=[2219, 2238]
  per_ACT_cell_acc: ['H1=85.9%', 'H2=90.3%', 'H3=97.5%', 'H4=97.9%', 'H5=98.1%', 'H6=98.1%', 'H7=98.2%', 'H8=98.2%', 'H9=98.3%', 'H10=98.3%', 'H11=98.3%', 'H12=98.4%', 'H13=98.4%', 'H14=98.3%', 'H15=98.4%', 'H16=98.4%']
  per_ACT_puzzle_acc: ['H1=0.0%', 'H2=0.0%', 'H3=19.8%', 'H4=32.8%', 'H5=44.0%', 'H6=49.1%', 'H7=51.7%', 'H8=53.9%', 'H9=54.7%', 'H10=55.6%', 'H11=57.3%', 'H12=57.3%', 'H13=57.8%', 'H14=57.8%', 'H15=58.6%', 'H16=58.6%']
  mean_sigmoid_q_halt: ['0.000', '0.000', '0.307', '0.461', '0.578', '0.676', '0.703', '0.738', '0.762', '0.785', '0.801', '0.801', '0.812', '0.824', '0.828', '0.832']
  halt_rates: ['0.00', '0.00', '0.27', '0.45', '0.59', '0.72', '0.75', '0.78', '0.82', '0.84', '0.87', '0.86', '0.88', '0.89', '0.90', '0.90']
  halt_histogram %: [31.5, 42.1, 9.0, 2.8, 1.4, 1.0, 0.8, 0.7, 0.5, 0.4, 0.3, 0.3, 0.3, 0.2, 0.2, 8.6]
  Avg ACT steps (last 100): 1.94
  saved: /home/jvdillon/projects/sic/code/maze/ckpts/x001a/step03500.pt acc=98.56% (0.068s)
Step  3500  Test 98.56% / 59.50%  Train lm=0.9297±0.0074ϵ[0.9141,0.9609] n_active=120.0000±0.0000ϵ[120.0000,120.0000] n_expunged=9.7320±3.0843ϵ[1.0000,24.0000] n_halted=18.5725±3.6255ϵ[2.0000,29.0000] pool_util=1.0000±0.0000ϵ[1.0000,1.0000]  (39.163s / 902.481s)
  cell_acc=98.75%, puzzle_acc=61.30%
  eval_avg_halt_step: 3.02
  per_H_acc: ['H0=87.5%', 'H1=89.9%', 'H2=98.1%']
  H_cos: ['0.777', '0.836']
  z_H_delta: ['19.625', '18.625']
  cells: fixed=[18881, 18727] broken=[13788, 1583]
  per_ACT_cell_acc: ['H1=87.5%', 'H2=89.9%', 'H3=98.1%', 'H4=98.6%', 'H5=98.7%', 'H6=98.7%', 'H7=98.8%', 'H8=98.8%', 'H9=98.7%', 'H10=98.8%', 'H11=98.7%', 'H12=98.8%', 'H13=98.7%', 'H14=98.8%', 'H15=98.7%', 'H16=98.7%']
  per_ACT_puzzle_acc: ['H1=0.0%', 'H2=0.0%', 'H3=29.3%', 'H4=50.4%', 'H5=56.5%', 'H6=60.8%', 'H7=64.7%', 'H8=64.7%', 'H9=65.1%', 'H10=65.1%', 'H11=64.2%', 'H12=64.7%', 'H13=62.9%', 'H14=65.9%', 'H15=63.8%', 'H16=65.1%']
  mean_sigmoid_q_halt: ['0.000', '0.000', '0.342', '0.602', '0.648', '0.695', '0.719', '0.730', '0.746', '0.750', '0.742', '0.742', '0.738', '0.750', '0.746', '0.742']
  halt_rates: ['0.00', '0.00', '0.31', '0.62', '0.69', '0.75', '0.78', '0.79', '0.81', '0.81', '0.81', '0.80', '0.78', '0.80', '0.81', '0.79']
  halt_histogram %: [41.7, 37.6, 7.5, 2.2, 1.1, 0.8, 0.6, 0.5, 0.4, 0.3, 0.2, 0.2, 0.2, 0.2, 0.1, 6.4]
  Avg ACT steps (last 100): 1.23
  saved: /home/jvdillon/projects/sic/code/maze/ckpts/x001a/step04000.pt acc=98.75% (0.069s)
Step  4000  Test 98.75% / 61.30%  Train lm=0.9219±0.0045ϵ[0.9141,0.9453] n_active=120.0000±0.0000ϵ[120.0000,120.0000] n_expunged=7.5700±2.7448ϵ[0.0000,19.0000] n_halted=21.6215±3.0661ϵ[9.0000,30.0000] pool_util=1.0000±0.0000ϵ[1.0000,1.0000]  (39.170s / 902.681s)
  cell_acc=98.88%, puzzle_acc=68.40%
  eval_avg_halt_step: 2.08
  per_H_acc: ['H0=87.0%', 'H1=85.7%', 'H2=98.5%']
  H_cos: ['0.652', '0.777']
  z_H_delta: ['19.250', '22.000']
  cells: fixed=[23151, 27917] broken=[25675, 1307]
  per_ACT_cell_acc: ['H1=87.0%', 'H2=85.7%', 'H3=98.5%', 'H4=98.8%', 'H5=98.9%', 'H6=98.9%', 'H7=98.9%', 'H8=98.9%', 'H9=98.9%', 'H10=98.9%', 'H11=98.9%', 'H12=98.9%', 'H13=98.9%', 'H14=98.9%', 'H15=98.9%', 'H16=98.9%']
  per_ACT_puzzle_acc: ['H1=0.0%', 'H2=0.0%', 'H3=36.6%', 'H4=56.9%', 'H5=62.1%', 'H6=62.9%', 'H7=64.7%', 'H8=64.7%', 'H9=64.2%', 'H10=64.7%', 'H11=65.5%', 'H12=65.5%', 'H13=65.5%', 'H14=65.5%', 'H15=65.5%', 'H16=65.5%']
  mean_sigmoid_q_halt: ['0.000', '0.000', '0.465', '0.770', '0.871', '0.887', '0.898', '0.906', '0.910', '0.906', '0.918', '0.918', '0.918', '0.918', '0.918', '0.914']
  halt_rates: ['0.00', '0.00', '0.45', '0.77', '0.89', '0.91', '0.93', '0.94', '0.94', '0.94', '0.95', '0.96', '0.95', '0.95', '0.95', '0.95']
  halt_histogram %: [50.7, 32.7, 6.2, 1.7, 0.9, 0.6, 0.5, 0.4, 0.3, 0.2, 0.2, 0.2, 0.2, 0.1, 0.1, 4.9]
  Avg ACT steps (last 100): 1.21
  saved: /home/jvdillon/projects/sic/code/maze/ckpts/x001a/step04500.pt acc=98.88% (0.069s)
  saved: /home/jvdillon/projects/sic/code/maze/ckpts/x001a/best.pt acc=98.88% (0.135s)
Step  4500  Test 98.88% / 68.40%  Train lm=0.9180±0.0034ϵ[0.9141,0.9414] n_active=120.0000±0.0000ϵ[120.0000,120.0000] n_expunged=5.1880±2.2765ϵ[0.0000,16.0000] n_halted=24.4725±2.3854ϵ[14.0000,30.0000] pool_util=1.0000±0.0000ϵ[1.0000,1.0000]  (39.395s / 903.050s)
  cell_acc=99.05%, puzzle_acc=72.00%
  eval_avg_halt_step: 2.08
  per_H_acc: ['H0=87.4%', 'H1=79.1%', 'H2=98.4%']
  H_cos: ['0.734', '0.738']
  z_H_delta: ['19.625', '23.625']
  cells: fixed=[23984, 41790] broken=[41445, 1434]
  per_ACT_cell_acc: ['H1=87.4%', 'H2=79.1%', 'H3=98.4%', 'H4=98.7%', 'H5=98.8%', 'H6=98.9%', 'H7=98.9%', 'H8=98.9%', 'H9=98.9%', 'H10=99.0%', 'H11=99.0%', 'H12=99.0%', 'H13=99.0%', 'H14=99.0%', 'H15=99.0%', 'H16=98.9%']
  per_ACT_puzzle_acc: ['H1=0.0%', 'H2=0.0%', 'H3=32.8%', 'H4=56.9%', 'H5=60.3%', 'H6=65.5%', 'H7=69.0%', 'H8=69.4%', 'H9=70.7%', 'H10=71.1%', 'H11=71.1%', 'H12=70.3%', 'H13=70.7%', 'H14=70.7%', 'H15=71.6%', 'H16=71.1%']
  mean_sigmoid_q_halt: ['0.000', '0.000', '0.434', '0.691', '0.777', '0.832', '0.867', '0.887', '0.895', '0.902', '0.898', '0.906', '0.902', '0.914', '0.914', '0.914']
  halt_rates: ['0.00', '0.00', '0.42', '0.69', '0.78', '0.84', '0.88', '0.90', '0.91', '0.91', '0.91', '0.92', '0.91', '0.93', '0.92', '0.92']
  halt_histogram %: [57.5, 28.9, 5.3, 1.4, 0.7, 0.5, 0.4, 0.3, 0.2, 0.2, 0.1, 0.2, 0.1, 0.1, 0.1, 4.0]
  Avg ACT steps (last 100): 1.18
  saved: /home/jvdillon/projects/sic/code/maze/ckpts/x001a/step05000.pt acc=99.05% (0.068s)
  saved: /home/jvdillon/projects/sic/code/maze/ckpts/x001a/best.pt acc=99.05% (0.135s)
Step  5000  Test 99.05% / 72.00%  Train lm=0.9141±0.0023ϵ[0.9141,0.9258] n_active=120.0000±0.0000ϵ[120.0000,120.0000] n_expunged=4.1255±1.9770ϵ[0.0000,15.0000] n_halted=25.7420±2.0449ϵ[13.0000,30.0000] pool_util=1.0000±0.0000ϵ[1.0000,1.0000]  (39.390s / 904.765s)
  cell_acc=99.05%, puzzle_acc=69.90%
  eval_avg_halt_step: 1.54
  per_H_acc: ['H0=85.9%', 'H1=89.0%', 'H2=98.9%']
  H_cos: ['0.730', '0.836']
  z_H_delta: ['20.750', '19.000']
  cells: fixed=[24618, 21517] broken=[18115, 857]
  per_ACT_cell_acc: ['H1=85.9%', 'H2=89.0%', 'H3=98.9%', 'H4=99.0%', 'H5=99.0%', 'H6=99.0%', 'H7=99.0%', 'H8=99.0%', 'H9=99.0%', 'H10=99.0%', 'H11=99.0%', 'H12=99.1%', 'H13=99.0%', 'H14=99.0%', 'H15=99.0%', 'H16=99.0%']
  per_ACT_puzzle_acc: ['H1=0.0%', 'H2=0.0%', 'H3=56.9%', 'H4=67.2%', 'H5=70.3%', 'H6=70.7%', 'H7=70.7%', 'H8=71.1%', 'H9=71.1%', 'H10=71.1%', 'H11=71.6%', 'H12=71.6%', 'H13=71.6%', 'H14=71.1%', 'H15=71.1%', 'H16=71.1%']
  mean_sigmoid_q_halt: ['0.000', '0.000', '0.723', '0.875', '0.930', '0.941', '0.949', '0.961', '0.965', '0.973', '0.977', '0.977', '0.980', '0.977', '0.980', '0.977']
  halt_rates: ['0.00', '0.00', '0.71', '0.87', '0.93', '0.95', '0.95', '0.97', '0.97', '0.97', '0.98', '0.98', '0.98', '0.98', '0.98', '0.98']
  halt_histogram %: [62.3, 26.0, 4.6, 1.2, 0.6, 0.4, 0.3, 0.3, 0.2, 0.2, 0.1, 0.1, 0.1, 0.1, 0.1, 3.3]
  Avg ACT steps (last 100): 1.15
  saved: /home/jvdillon/projects/sic/code/maze/ckpts/x001a/step05500.pt acc=99.05% (0.069s)
Step  5500  Test 99.05% / 69.90%  Train lm=0.9180±0.0028ϵ[0.9141,0.9297] n_active=120.0000±0.0000ϵ[120.0000,120.0000] n_expunged=3.7865±1.9746ϵ[0.0000,15.0000] n_halted=26.1255±2.0408ϵ[14.0000,30.0000] pool_util=1.0000±0.0000ϵ[1.0000,1.0000]  (39.271s / 904.687s)
  cell_acc=99.00%, puzzle_acc=67.90%
  eval_avg_halt_step: 1.50
  per_H_acc: ['H0=83.4%', 'H1=90.4%', 'H2=98.7%']
  H_cos: ['0.754', '0.836']
  z_H_delta: ['20.625', '19.250']
  cells: fixed=[26448, 18379] broken=[11911, 973]
  per_ACT_cell_acc: ['H1=83.4%', 'H2=90.4%', 'H3=98.7%', 'H4=98.8%', 'H5=98.8%', 'H6=98.9%', 'H7=98.9%', 'H8=98.9%', 'H9=98.9%', 'H10=98.9%', 'H11=98.9%', 'H12=98.9%', 'H13=98.9%', 'H14=98.9%', 'H15=98.9%', 'H16=98.9%']
  per_ACT_puzzle_acc: ['H1=0.0%', 'H2=0.0%', 'H3=51.3%', 'H4=60.8%', 'H5=63.4%', 'H6=65.5%', 'H7=65.5%', 'H8=65.1%', 'H9=65.1%', 'H10=65.1%', 'H11=64.2%', 'H12=63.8%', 'H13=63.8%', 'H14=63.8%', 'H15=63.8%', 'H16=63.8%']
  mean_sigmoid_q_halt: ['0.000', '0.000', '0.719', '0.863', '0.914', '0.941', '0.953', '0.957', '0.957', '0.957', '0.961', '0.957', '0.961', '0.965', '0.965', '0.957']
  halt_rates: ['0.00', '0.00', '0.70', '0.86', '0.91', '0.95', '0.96', '0.97', '0.96', '0.96', '0.96', '0.96', '0.96', '0.97', '0.97', '0.96']
  halt_histogram %: [66.2, 23.6, 4.1, 1.1, 0.5, 0.3, 0.3, 0.2, 0.2, 0.1, 0.1, 0.1, 0.1, 0.1, 0.1, 2.9]
  Avg ACT steps (last 100): 1.17
  saved: /home/jvdillon/projects/sic/code/maze/ckpts/x001a/step06000.pt acc=99.00% (0.068s)
Step  6000  Test 99.00% / 67.90%  Train lm=0.9141±0.0021ϵ[0.9141,0.9297] n_active=120.0000±0.0000ϵ[120.0000,120.0000] n_expunged=3.1250±1.6631ϵ[0.0000,10.0000] n_halted=26.8485±1.6715ϵ[20.0000,30.0000] pool_util=1.0000±0.0000ϵ[1.0000,1.0000]  (39.292s / 904.308s)
  cell_acc=98.71%, puzzle_acc=60.30%
  eval_avg_halt_step: 1.54
  per_H_acc: ['H0=84.9%', 'H1=91.5%', 'H2=98.6%']
  H_cos: ['0.742', '0.836']
  z_H_delta: ['21.250', '17.875']
  cells: fixed=[23577, 15956] broken=[9889, 1086]
  per_ACT_cell_acc: ['H1=84.9%', 'H2=91.5%', 'H3=98.6%', 'H4=98.6%', 'H5=98.7%', 'H6=98.6%', 'H7=98.7%', 'H8=98.7%', 'H9=98.7%', 'H10=98.7%', 'H11=98.7%', 'H12=98.7%', 'H13=98.7%', 'H14=98.7%', 'H15=98.7%', 'H16=98.7%']
  per_ACT_puzzle_acc: ['H1=0.0%', 'H2=0.0%', 'H3=45.3%', 'H4=54.3%', 'H5=55.6%', 'H6=56.9%', 'H7=57.3%', 'H8=57.8%', 'H9=58.6%', 'H10=58.6%', 'H11=58.6%', 'H12=58.6%', 'H13=58.2%', 'H14=57.8%', 'H15=57.8%', 'H16=57.3%']
  mean_sigmoid_q_halt: ['0.000', '0.000', '0.691', '0.891', '0.914', '0.926', '0.941', '0.953', '0.965', '0.961', '0.961', '0.965', '0.973', '0.977', '0.984', '0.977']
  halt_rates: ['0.00', '0.00', '0.69', '0.89', '0.92', '0.92', '0.94', '0.96', '0.97', '0.96', '0.96', '0.97', '0.97', '0.98', '0.99', '0.98']
  halt_histogram %: [69.2, 21.8, 3.7, 0.9, 0.4, 0.3, 0.2, 0.2, 0.2, 0.1, 0.1, 0.1, 0.1, 0.1, 0.1, 2.5]
  Avg ACT steps (last 100): 1.12
  saved: /home/jvdillon/projects/sic/code/maze/ckpts/x001a/step06500.pt acc=98.71% (0.068s)
Step  6500  Test 98.71% / 60.30%  Train lm=0.9141±0.0020ϵ[0.9141,0.9258] n_active=120.0000±0.0000ϵ[120.0000,120.0000] n_expunged=2.9930±1.6530ϵ[0.0000,9.0000] n_halted=27.0060±1.6521ϵ[21.0000,30.0000] pool_util=1.0000±0.0000ϵ[1.0000,1.0000]  (39.226s / 904.640s)
  cell_acc=98.67%, puzzle_acc=58.20%
  eval_avg_halt_step: 1.62
  per_H_acc: ['H0=83.1%', 'H1=92.3%', 'H2=98.5%']
  H_cos: ['0.699', '0.848']
  z_H_delta: ['21.875', '16.750']
  cells: fixed=[27646, 14147] broken=[8436, 1127]
  per_ACT_cell_acc: ['H1=83.1%', 'H2=92.3%', 'H3=98.5%', 'H4=98.6%', 'H5=98.6%', 'H6=98.6%', 'H7=98.6%', 'H8=98.6%', 'H9=98.6%', 'H10=98.6%', 'H11=98.6%', 'H12=98.6%', 'H13=98.6%', 'H14=98.6%', 'H15=98.6%', 'H16=98.6%']
  per_ACT_puzzle_acc: ['H1=0.0%', 'H2=0.0%', 'H3=45.7%', 'H4=51.7%', 'H5=53.0%', 'H6=54.7%', 'H7=54.7%', 'H8=55.2%', 'H9=56.0%', 'H10=56.0%', 'H11=56.0%', 'H12=56.5%', 'H13=56.9%', 'H14=56.9%', 'H15=56.0%', 'H16=56.0%']
  mean_sigmoid_q_halt: ['0.000', '0.000', '0.703', '0.863', '0.906', '0.910', '0.906', '0.891', '0.891', '0.871', '0.848', '0.828', '0.816', '0.809', '0.805', '0.801']
  halt_rates: ['0.00', '0.00', '0.69', '0.87', '0.91', '0.91', '0.91', '0.91', '0.89', '0.88', '0.85', '0.83', '0.82', '0.81', '0.81', '0.81']
  halt_histogram %: [71.5, 20.4, 3.4, 0.8, 0.4, 0.3, 0.2, 0.2, 0.1, 0.1, 0.1, 0.1, 0.1, 0.1, 0.1, 2.2]
  Avg ACT steps (last 100): 1.30
  saved: /home/jvdillon/projects/sic/code/maze/ckpts/x001a/step07000.pt acc=98.67% (0.069s)
Step  7000  Test 98.67% / 58.20%  Train lm=0.9141±0.0021ϵ[0.9141,0.9258] n_active=120.0000±0.0000ϵ[120.0000,120.0000] n_expunged=3.0625±1.6380ϵ[0.0000,9.0000] n_halted=26.8610±1.6677ϵ[21.0000,30.0000] pool_util=1.0000±0.0000ϵ[1.0000,1.0000]  (39.263s / 904.734s)
  cell_acc=98.64%, puzzle_acc=56.80%
  eval_avg_halt_step: 1.51
  per_H_acc: ['H0=82.7%', 'H1=92.5%', 'H2=98.5%']
  H_cos: ['0.688', '0.852']
  z_H_delta: ['22.000', '16.500']
  cells: fixed=[28558, 13680] broken=[8137, 1131]
  per_ACT_cell_acc: ['H1=82.7%', 'H2=92.5%', 'H3=98.5%', 'H4=98.6%', 'H5=98.6%', 'H6=98.6%', 'H7=98.6%', 'H8=98.6%', 'H9=98.6%', 'H10=98.6%', 'H11=98.6%', 'H12=98.6%', 'H13=98.6%', 'H14=98.6%', 'H15=98.6%', 'H16=98.6%']
  per_ACT_puzzle_acc: ['H1=0.0%', 'H2=0.0%', 'H3=44.8%', 'H4=51.7%', 'H5=53.0%', 'H6=53.9%', 'H7=54.3%', 'H8=54.3%', 'H9=54.7%', 'H10=55.2%', 'H11=55.2%', 'H12=55.6%', 'H13=55.6%', 'H14=55.2%', 'H15=54.7%', 'H16=54.7%']
  mean_sigmoid_q_halt: ['0.000', '0.000', '0.727', '0.887', '0.914', '0.914', '0.910', '0.875', '0.855', '0.832', '0.812', '0.812', '0.809', '0.812', '0.801', '0.793']
  halt_rates: ['0.00', '0.00', '0.72', '0.88', '0.93', '0.92', '0.92', '0.88', '0.85', '0.84', '0.81', '0.81', '0.81', '0.82', '0.81', '0.79']
  halt_histogram %: [73.3, 19.3, 3.1, 0.8, 0.4, 0.2, 0.2, 0.2, 0.1, 0.1, 0.1, 0.1, 0.1, 0.1, 0.0, 2.0]
  Avg ACT steps (last 100): 1.10
  saved: /home/jvdillon/projects/sic/code/maze/ckpts/x001a/step07500.pt acc=98.64% (0.068s)
Step  7500  Test 98.64% / 56.80%  Train lm=0.9141±0.0020ϵ[0.9141,0.9219] n_active=120.0000±0.0000ϵ[120.0000,120.0000] n_expunged=3.0305±1.6843ϵ[0.0000,10.0000] n_halted=26.6475±1.7276ϵ[19.0000,30.0000] pool_util=1.0000±0.0000ϵ[1.0000,1.0000]  (39.263s / 904.901s)
