Adam params: ('embed_tokens.weight', 'head.weight', 'head.bias', 'q_head.weight', 'q_head.bias', 'puzzle_id_embed.weight')
Muon 2D params: ('reasoning.0.attn.o_proj.weight', 'reasoning.0.mlp.up_proj.weight', 'reasoning.0.mlp.down_proj.weight', 'reasoning.1.attn.o_proj.weight', 'reasoning.1.mlp.up_proj.weight', 'reasoning.1.mlp.down_proj.weight')
Muon 3D params (ensemble_dims=1): ('reasoning.0.attn.qkv_proj.weight', 'reasoning.1.attn.qkv_proj.weight')
  cell_acc=90.47%, puzzle_acc=0.00%
  eval_avg_halt_step: 16.00
  per_H_acc: ['H0=0.1%', 'H1=83.0%', 'H2=87.5%']
  H_cos: ['0.359', '0.918']
  z_H_delta: ['23.750', '10.375']
  cells: fixed=[173154, 15701] broken=[109, 6360]
  per_ACT_cell_acc: ['H1=0.1%', 'H2=83.0%', 'H3=87.5%', 'H4=87.5%', 'H5=87.7%', 'H6=87.9%', 'H7=88.0%', 'H8=88.1%', 'H9=88.0%', 'H10=87.9%', 'H11=87.9%', 'H12=87.8%', 'H13=87.7%', 'H14=87.6%', 'H15=87.6%', 'H16=87.5%']
  per_ACT_puzzle_acc: ['H1=0.0%', 'H2=0.0%', 'H3=0.0%', 'H4=0.0%', 'H5=0.0%', 'H6=0.0%', 'H7=0.0%', 'H8=0.0%', 'H9=0.0%', 'H10=0.0%', 'H11=0.0%', 'H12=0.0%', 'H13=0.0%', 'H14=0.0%', 'H15=0.0%', 'H16=0.0%']
  mean_sigmoid_q_halt: ['0.001', '0.000', '0.000', '0.000', '0.000', '0.000', '0.000', '0.000', '0.000', '0.000', '0.000', '0.000', '0.000', '0.000', '0.000', '0.000']
  halt_rates: ['0.00', '0.00', '0.00', '0.00', '0.00', '0.00', '0.00', '0.00', '0.00', '0.00', '0.00', '0.00', '0.00', '0.00', '0.00', '0.00']
  halt_histogram %: [0.0, 0.0, 0.0, 0.0, 0.0, 0.0, 0.0, 0.0, 0.0, 0.0, 0.0, 0.0, 0.0, 0.0, 0.0, 100.0]
  Avg ACT steps (last 100): 16.00
  saved: /home/jvdillon/projects/sic/code/maze/ckpts/x002/step00500.pt acc=90.47% (0.085s)
  saved: /home/jvdillon/projects/sic/code/maze/ckpts/x002/best.pt acc=90.47% (0.163s)
Step   500  Test 90.47% /  0.00%  Train lm=0.9023±0.0825ϵ[0.8164,1.6484] n_halted=7.9360±30.8988ϵ[0.0000,128.0000]  (44.423s / 185.091s)
  n_active=128.0000±0.0000ϵ[128.0000,128.0000] n_expunged=0.0000±0.0000ϵ[0.0000,0.0000] pool_util=1.0000±0.0000ϵ[1.0000,1.0000]
  cell_acc=95.55%, puzzle_acc=1.80%
  eval_avg_halt_step: 13.13
  per_H_acc: ['H0=0.1%', 'H1=50.2%', 'H2=87.5%']
  H_cos: ['0.359', '0.695']
  z_H_delta: ['21.875', '18.750']
  cells: fixed=[104680, 94461] broken=[177, 16462]
  per_ACT_cell_acc: ['H1=0.1%', 'H2=50.2%', 'H3=87.5%', 'H4=88.4%', 'H5=89.3%', 'H6=89.8%', 'H7=89.8%', 'H8=89.7%', 'H9=89.5%', 'H10=89.4%', 'H11=89.2%', 'H12=89.1%', 'H13=89.0%', 'H14=88.8%', 'H15=88.7%', 'H16=88.6%']
  per_ACT_puzzle_acc: ['H1=0.0%', 'H2=0.0%', 'H3=0.0%', 'H4=0.0%', 'H5=0.0%', 'H6=0.0%', 'H7=0.0%', 'H8=0.0%', 'H9=0.0%', 'H10=0.0%', 'H11=0.0%', 'H12=0.0%', 'H13=0.0%', 'H14=0.0%', 'H15=0.0%', 'H16=0.0%']
  mean_sigmoid_q_halt: ['0.002', '0.000', '0.000', '0.000', '0.000', '0.000', '0.001', '0.001', '0.002', '0.003', '0.004', '0.006', '0.008', '0.009', '0.010', '0.013']
  halt_rates: ['0.00', '0.00', '0.00', '0.00', '0.00', '0.00', '0.00', '0.00', '0.00', '0.00', '0.00', '0.00', '0.00', '0.00', '0.00', '0.00']
  halt_histogram %: [0.0, 0.0, 0.1, 0.4, 0.9, 1.2, 1.3, 1.1, 1.5, 1.4, 0.8, 0.8, 1.1, 0.7, 0.9, 87.7]
  Avg ACT steps (last 100): 10.41
  saved: /home/jvdillon/projects/sic/code/maze/ckpts/x002/step01000.pt acc=95.55% (0.086s)
  saved: /home/jvdillon/projects/sic/code/maze/ckpts/x002/best.pt acc=95.55% (0.165s)
Step  1000  Test 95.55% /  1.80%  Train lm=0.7891±0.0327ϵ[0.7500,0.9297] n_halted=8.8000±23.7794ϵ[0.0000,128.0000]  (28.507s / 176.442s)
  n_active=128.0000±0.0000ϵ[128.0000,128.0000] n_expunged=0.0000±0.0000ϵ[0.0000,0.0000] pool_util=1.0000±0.0000ϵ[1.0000,1.0000]
  cell_acc=96.70%, puzzle_acc=18.50%
  eval_avg_halt_step: 10.24
  per_H_acc: ['H0=0.1%', 'H1=75.9%', 'H2=83.7%']
  H_cos: ['0.645', '0.852']
  z_H_delta: ['19.125', '18.750']
  cells: fixed=[158203, 28061] broken=[0, 11780]
  per_ACT_cell_acc: ['H1=0.1%', 'H2=75.9%', 'H3=83.7%', 'H4=87.8%', 'H5=88.2%', 'H6=88.3%', 'H7=88.4%', 'H8=88.4%', 'H9=88.2%', 'H10=88.1%', 'H11=87.8%', 'H12=87.6%', 'H13=87.4%', 'H14=87.2%', 'H15=87.1%', 'H16=87.0%']
  per_ACT_puzzle_acc: ['H1=0.0%', 'H2=0.0%', 'H3=0.0%', 'H4=0.0%', 'H5=0.0%', 'H6=0.0%', 'H7=0.0%', 'H8=0.0%', 'H9=0.0%', 'H10=0.0%', 'H11=0.0%', 'H12=0.0%', 'H13=0.0%', 'H14=0.0%', 'H15=0.0%', 'H16=0.0%']
  mean_sigmoid_q_halt: ['0.005', '0.001', '0.000', '0.001', '0.002', '0.005', '0.006', '0.007', '0.008', '0.010', '0.011', '0.012', '0.014', '0.014', '0.015', '0.015']
  halt_rates: ['0.00', '0.00', '0.00', '0.00', '0.00', '0.00', '0.00', '0.00', '0.00', '0.00', '0.00', '0.00', '0.00', '0.00', '0.00', '0.00']
  halt_histogram %: [0.0, 2.3, 8.3, 9.0, 6.4, 4.7, 3.6, 3.0, 2.7, 2.2, 1.8, 1.4, 1.6, 1.2, 1.2, 50.7]
  Avg ACT steps (last 100): 5.77
  saved: /home/jvdillon/projects/sic/code/maze/ckpts/x002/step01500.pt acc=96.70% (0.084s)
  saved: /home/jvdillon/projects/sic/code/maze/ckpts/x002/best.pt acc=96.70% (0.165s)
Step  1500  Test 96.70% / 18.50%  Train lm=0.7539±0.0067ϵ[0.7344,0.7773] n_halted=17.3580±10.3978ϵ[1.0000,52.0000]  (28.516s / 176.596s)
  n_active=128.0000±0.0000ϵ[128.0000,128.0000] n_expunged=0.0000±0.0000ϵ[0.0000,0.0000] pool_util=1.0000±0.0000ϵ[1.0000,1.0000]
  cell_acc=97.74%, puzzle_acc=33.10%
  eval_avg_halt_step: 4.71
  per_H_acc: ['H0=0.1%', 'H1=57.4%', 'H2=83.9%']
  H_cos: ['0.816', '0.797']
  z_H_delta: ['17.625', '20.875']
  cells: fixed=[119507, 66847] broken=[0, 11357]
  per_ACT_cell_acc: ['H1=0.1%', 'H2=57.4%', 'H3=83.9%', 'H4=85.3%', 'H5=85.8%', 'H6=86.3%', 'H7=86.7%', 'H8=87.0%', 'H9=87.3%', 'H10=87.5%', 'H11=87.5%', 'H12=87.7%', 'H13=87.7%', 'H14=87.7%', 'H15=87.6%', 'H16=87.7%']
  per_ACT_puzzle_acc: ['H1=0.0%', 'H2=0.0%', 'H3=0.0%', 'H4=0.0%', 'H5=0.0%', 'H6=0.0%', 'H7=0.0%', 'H8=0.0%', 'H9=0.0%', 'H10=0.0%', 'H11=0.0%', 'H12=0.0%', 'H13=0.0%', 'H14=0.0%', 'H15=0.0%', 'H16=0.0%']
  mean_sigmoid_q_halt: ['0.005', '0.005', '0.026', '0.054', '0.044', '0.044', '0.043', '0.043', '0.050', '0.057', '0.063', '0.072', '0.077', '0.083', '0.089', '0.088']
  halt_rates: ['0.00', '0.00', '0.00', '0.00', '0.00', '0.00', '0.00', '0.00', '0.00', '0.00', '0.00', '0.00', '0.00', '0.01', '0.00', '0.00']
  halt_histogram %: [0.1, 25.3, 17.9, 10.2, 5.6, 3.7, 2.7, 2.1, 1.8, 1.4, 1.2, 0.9, 0.9, 0.7, 0.7, 25.0]
  Avg ACT steps (last 100): 2.77
  saved: /home/jvdillon/projects/sic/code/maze/ckpts/x002/step02000.pt acc=97.74% (0.082s)
  saved: /home/jvdillon/projects/sic/code/maze/ckpts/x002/best.pt acc=97.74% (0.160s)
Step  2000  Test 97.74% / 33.10%  Train lm=0.7383±0.0070ϵ[0.7266,0.7578] n_halted=37.3980±12.7644ϵ[4.0000,80.0000]  (28.518s / 176.617s)
  n_active=128.0000±0.0000ϵ[128.0000,128.0000] n_expunged=0.0000±0.0000ϵ[0.0000,0.0000] pool_util=1.0000±0.0000ϵ[1.0000,1.0000]
  cell_acc=98.36%, puzzle_acc=52.60%
  eval_avg_halt_step: 3.92
  per_H_acc: ['H0=21.1%', 'H1=77.7%', 'H2=90.5%']
  H_cos: ['0.723', '0.879']
  z_H_delta: ['22.375', '17.375']
  cells: fixed=[118205, 33083] broken=[6, 6208]
  per_ACT_cell_acc: ['H1=21.1%', 'H2=77.7%', 'H3=90.5%', 'H4=92.1%', 'H5=92.8%', 'H6=93.1%', 'H7=93.1%', 'H8=92.9%', 'H9=92.7%', 'H10=92.4%', 'H11=92.0%', 'H12=91.6%', 'H13=91.2%', 'H14=90.7%', 'H15=90.3%', 'H16=89.8%']
  per_ACT_puzzle_acc: ['H1=0.0%', 'H2=0.0%', 'H3=0.0%', 'H4=0.0%', 'H5=0.0%', 'H6=0.4%', 'H7=0.4%', 'H8=0.4%', 'H9=0.4%', 'H10=0.4%', 'H11=0.4%', 'H12=0.4%', 'H13=0.4%', 'H14=0.4%', 'H15=0.4%', 'H16=0.4%']
  mean_sigmoid_q_halt: ['0.058', '0.031', '0.073', '0.072', '0.059', '0.057', '0.058', '0.061', '0.060', '0.058', '0.061', '0.063', '0.064', '0.067', '0.065', '0.069']
  halt_rates: ['0.00', '0.00', '0.00', '0.00', '0.00', '0.01', '0.01', '0.01', '0.00', '0.00', '0.00', '0.01', '0.01', '0.01', '0.00', '0.00']
  halt_histogram %: [2.5, 47.3, 16.1, 6.9, 3.5, 2.3, 1.6, 1.2, 1.1, 0.8, 0.7, 0.5, 0.5, 0.4, 0.4, 14.0]
  Avg ACT steps (last 100): 2.09
  saved: /home/jvdillon/projects/sic/code/maze/ckpts/x002/step02500.pt acc=98.36% (0.082s)
  saved: /home/jvdillon/projects/sic/code/maze/ckpts/x002/best.pt acc=98.36% (0.161s)
Step  2500  Test 98.36% / 52.60%  Train lm=0.7266±0.0027ϵ[0.7227,0.7383] n_halted=56.3940±8.6859ϵ[28.0000,77.0000]  (28.521s / 176.598s)
  n_active=128.0000±0.0000ϵ[128.0000,128.0000] n_expunged=0.0000±0.0000ϵ[0.0000,0.0000] pool_util=1.0000±0.0000ϵ[1.0000,1.0000]
  cell_acc=98.62%, puzzle_acc=58.10%
  eval_avg_halt_step: 3.99
  per_H_acc: ['H0=69.4%', 'H1=73.7%', 'H2=90.8%']
  H_cos: ['0.824', '0.887']
  z_H_delta: ['22.500', '17.750']
  cells: fixed=[30241, 42735] broken=[21221, 6912]
  per_ACT_cell_acc: ['H1=69.4%', 'H2=73.7%', 'H3=90.8%', 'H4=90.0%', 'H5=89.7%', 'H6=88.9%', 'H7=88.6%', 'H8=87.8%', 'H9=87.8%', 'H10=87.3%', 'H11=87.3%', 'H12=86.7%', 'H13=86.8%', 'H14=86.2%', 'H15=86.6%', 'H16=86.0%']
  per_ACT_puzzle_acc: ['H1=0.0%', 'H2=0.0%', 'H3=0.0%', 'H4=0.0%', 'H5=0.0%', 'H6=0.0%', 'H7=0.0%', 'H8=0.0%', 'H9=0.0%', 'H10=0.0%', 'H11=0.0%', 'H12=0.0%', 'H13=0.0%', 'H14=0.0%', 'H15=0.0%', 'H16=0.0%']
  mean_sigmoid_q_halt: ['0.106', '0.046', '0.030', '0.031', '0.030', '0.028', '0.027', '0.025', '0.026', '0.024', '0.024', '0.023', '0.023', '0.021', '0.023', '0.022']
  halt_rates: ['0.00', '0.00', '0.00', '0.00', '0.00', '0.00', '0.00', '0.00', '0.00', '0.00', '0.00', '0.00', '0.00', '0.00', '0.00', '0.00']
  halt_histogram %: [12.0, 50.9, 13.7, 5.2, 2.5, 1.6, 1.1, 0.8, 0.7, 0.6, 0.5, 0.4, 0.4, 0.3, 0.3, 9.2]
  Avg ACT steps (last 100): 1.82
  saved: /home/jvdillon/projects/sic/code/maze/ckpts/x002/step03000.pt acc=98.62% (0.085s)
  saved: /home/jvdillon/projects/sic/code/maze/ckpts/x002/best.pt acc=98.62% (0.163s)
Step  3000  Test 98.62% / 58.10%  Train lm=0.7266±0.0025ϵ[0.7188,0.7344] n_halted=67.5780±11.4713ϵ[34.0000,101.0000]  (28.534s / 176.707s)
  n_active=128.0000±0.0000ϵ[128.0000,128.0000] n_expunged=0.0000±0.0000ϵ[0.0000,0.0000] pool_util=1.0000±0.0000ϵ[1.0000,1.0000]
  cell_acc=98.80%, puzzle_acc=65.30%
  eval_avg_halt_step: 2.51
  per_H_acc: ['H0=56.4%', 'H1=81.0%', 'H2=94.2%']
  H_cos: ['0.707', '0.914']
  z_H_delta: ['27.125', '15.500']
  cells: fixed=[62552, 32585] broken=[11111, 4959]
  per_ACT_cell_acc: ['H1=56.4%', 'H2=81.0%', 'H3=94.2%', 'H4=95.0%', 'H5=95.1%', 'H6=95.1%', 'H7=95.2%', 'H8=95.1%', 'H9=95.0%', 'H10=95.0%', 'H11=94.9%', 'H12=94.9%', 'H13=94.8%', 'H14=94.7%', 'H15=94.7%', 'H16=94.7%']
  per_ACT_puzzle_acc: ['H1=0.0%', 'H2=0.0%', 'H3=0.0%', 'H4=0.9%', 'H5=2.6%', 'H6=3.9%', 'H7=6.0%', 'H8=4.3%', 'H9=4.3%', 'H10=3.4%', 'H11=4.3%', 'H12=3.9%', 'H13=3.9%', 'H14=4.3%', 'H15=4.3%', 'H16=3.9%']
  mean_sigmoid_q_halt: ['0.115', '0.023', '0.063', '0.177', '0.301', '0.357', '0.395', '0.402', '0.406', '0.410', '0.416', '0.426', '0.430', '0.441', '0.453', '0.447']
  halt_rates: ['0.00', '0.00', '0.00', '0.06', '0.23', '0.30', '0.36', '0.35', '0.34', '0.33', '0.37', '0.39', '0.39', '0.41', '0.42', '0.42']
  halt_histogram %: [19.4, 50.8, 12.1, 4.2, 1.9, 1.2, 0.8, 0.6, 0.5, 0.4, 0.3, 0.3, 0.3, 0.2, 0.2, 6.7]
  Avg ACT steps (last 100): 1.67
  saved: /home/jvdillon/projects/sic/code/maze/ckpts/x002/step03500.pt acc=98.80% (0.083s)
  saved: /home/jvdillon/projects/sic/code/maze/ckpts/x002/best.pt acc=98.80% (0.163s)
Step  3500  Test 98.80% / 65.30%  Train lm=0.7227±0.0021ϵ[0.7188,0.7305] n_halted=72.5180±11.2149ϵ[34.0000,99.0000]  (28.529s / 176.755s)
  n_active=128.0000±0.0000ϵ[128.0000,128.0000] n_expunged=0.0000±0.0000ϵ[0.0000,0.0000] pool_util=1.0000±0.0000ϵ[1.0000,1.0000]
