Adam params: ('embed_tokens.weight', 'head.weight', 'head.bias', 'q_head.weight', 'q_head.bias', 'puzzle_id_embed.weight')
Muon 2D params: ('reasoning.0.attn.o_proj.weight', 'reasoning.0.mlp.up_proj.weight', 'reasoning.0.mlp.down_proj.weight', 'reasoning.1.attn.o_proj.weight', 'reasoning.1.mlp.up_proj.weight', 'reasoning.1.mlp.down_proj.weight')
Muon 3D params (ensemble_dims=1): ('reasoning.0.attn.qkv_proj.weight', 'reasoning.1.attn.qkv_proj.weight')
Saved step 0 checkpoint with RNG: /home/jvdillon/projects/sic/code/maze/ckpts/x002a/step00000_rng.pt
  cell_acc=91.42%, puzzle_acc=0.00%
  eval_avg_halt_step: 16.00
  per_H_acc: ['H0=79.0%', 'H1=86.3%', 'H2=87.4%']
  H_cos: ['0.750', '0.957']
  z_H_delta: ['22.125', '8.250']
  cells: fixed=[22263, 6922] broken=[6872, 4737]
  per_ACT_cell_acc: ['H1=79.0%', 'H2=86.3%', 'H3=87.4%', 'H4=87.0%', 'H5=86.4%', 'H6=86.2%', 'H7=86.1%', 'H8=86.0%', 'H9=86.0%', 'H10=85.9%', 'H11=85.8%', 'H12=85.8%', 'H13=85.7%', 'H14=85.6%', 'H15=85.6%', 'H16=85.6%']
  per_ACT_puzzle_acc: ['H1=0.0%', 'H2=0.0%', 'H3=0.0%', 'H4=0.0%', 'H5=0.0%', 'H6=0.0%', 'H7=0.0%', 'H8=0.0%', 'H9=0.0%', 'H10=0.0%', 'H11=0.0%', 'H12=0.0%', 'H13=0.0%', 'H14=0.0%', 'H15=0.0%', 'H16=0.0%']
  mean_sigmoid_q_halt: ['0.001', '0.000', '0.000', '0.000', '0.000', '0.000', '0.000', '0.000', '0.000', '0.000', '0.000', '0.000', '0.000', '0.000', '0.000', '0.000']
  halt_rates: ['0.00', '0.00', '0.00', '0.00', '0.00', '0.00', '0.00', '0.00', '0.00', '0.00', '0.00', '0.00', '0.00', '0.00', '0.00', '0.00']
  halt_histogram %: [0.0, 0.0, 0.0, 0.0, 0.0, 0.0, 0.0, 0.0, 0.0, 0.0, 0.0, 0.0, 0.0, 0.0, 0.0, 100.0]
  Avg ACT steps (last 100): 16.00
  saved: /home/jvdillon/projects/sic/code/maze/ckpts/x002a/step00500.pt acc=91.42% (0.057s)
  saved: /home/jvdillon/projects/sic/code/maze/ckpts/x002a/best.pt acc=91.42% (0.111s)
Step   500  Test 91.42% /  0.00%  Train lm=0.8984±0.0845ϵ[0.8047,1.6719] n_halted=7.9360±30.8988ϵ[0.0000,128.0000]  (36.990s / 186.383s)
  n_active=128.0000±0.0000ϵ[128.0000,128.0000] n_expunged=0.0000±0.0000ϵ[0.0000,0.0000] pool_util=1.0000±0.0000ϵ[1.0000,1.0000]
  cell_acc=96.25%, puzzle_acc=4.70%
  eval_avg_halt_step: 15.64
  per_H_acc: ['H0=87.5%', 'H1=87.6%', 'H2=89.0%']
  H_cos: ['0.719', '0.977']
  z_H_delta: ['22.625', '12.250']
  cells: fixed=[1117, 8680] broken=[915, 5650]
  per_ACT_cell_acc: ['H1=87.5%', 'H2=87.6%', 'H3=89.0%', 'H4=89.0%', 'H5=89.4%', 'H6=89.8%', 'H7=89.8%', 'H8=89.7%', 'H9=89.6%', 'H10=89.6%', 'H11=89.6%', 'H12=89.6%', 'H13=89.5%', 'H14=89.5%', 'H15=89.5%', 'H16=89.5%']
  per_ACT_puzzle_acc: ['H1=0.0%', 'H2=0.0%', 'H3=0.0%', 'H4=0.0%', 'H5=0.0%', 'H6=0.0%', 'H7=0.0%', 'H8=0.0%', 'H9=0.0%', 'H10=0.0%', 'H11=0.0%', 'H12=0.0%', 'H13=0.0%', 'H14=0.0%', 'H15=0.0%', 'H16=0.0%']
  mean_sigmoid_q_halt: ['0.002', '0.000', '0.000', '0.000', '0.000', '0.000', '0.000', '0.000', '0.000', '0.000', '0.000', '0.000', '0.000', '0.000', '0.000', '0.000']
  halt_rates: ['0.00', '0.00', '0.00', '0.00', '0.00', '0.00', '0.00', '0.00', '0.00', '0.00', '0.00', '0.00', '0.00', '0.00', '0.00', '0.00']
  halt_histogram %: [0.0, 0.0, 0.6, 1.8, 2.4, 2.2, 2.3, 1.9, 1.9, 1.6, 1.2, 1.4, 1.3, 1.3, 1.2, 78.8]
  Avg ACT steps (last 100): 9.12
  saved: /home/jvdillon/projects/sic/code/maze/ckpts/x002a/step01000.pt acc=96.25% (0.059s)
  saved: /home/jvdillon/projects/sic/code/maze/ckpts/x002a/best.pt acc=96.25% (0.140s)
Step  1000  Test 96.25% /  4.70%  Train lm=0.7773±0.0277ϵ[0.7461,0.9219] n_halted=9.7280±21.7869ϵ[0.0000,128.0000]  (28.502s / 177.877s)
  n_active=128.0000±0.0000ϵ[128.0000,128.0000] n_expunged=0.0000±0.0000ϵ[0.0000,0.0000] pool_util=1.0000±0.0000ϵ[1.0000,1.0000]
  cell_acc=97.67%, puzzle_acc=25.90%
  eval_avg_halt_step: 9.46
  per_H_acc: ['H0=71.5%', 'H1=87.3%', 'H2=91.1%']
  H_cos: ['0.688', '0.938']
  z_H_delta: ['22.375', '15.188']
  cells: fixed=[44426, 18071] broken=[11545, 10050]
  per_ACT_cell_acc: ['H1=71.5%', 'H2=87.3%', 'H3=91.1%', 'H4=92.6%', 'H5=93.6%', 'H6=93.8%', 'H7=93.7%', 'H8=93.7%', 'H9=93.7%', 'H10=93.6%', 'H11=93.4%', 'H12=93.4%', 'H13=93.3%', 'H14=93.2%', 'H15=93.2%', 'H16=93.1%']
  per_ACT_puzzle_acc: ['H1=0.0%', 'H2=0.0%', 'H3=0.0%', 'H4=0.0%', 'H5=0.0%', 'H6=0.0%', 'H7=0.4%', 'H8=0.4%', 'H9=0.4%', 'H10=0.4%', 'H11=0.4%', 'H12=0.4%', 'H13=0.4%', 'H14=0.4%', 'H15=0.4%', 'H16=0.4%']
  mean_sigmoid_q_halt: ['0.002', '0.000', '0.000', '0.002', '0.012', '0.017', '0.018', '0.015', '0.018', '0.016', '0.017', '0.018', '0.017', '0.017', '0.015', '0.017']
  halt_rates: ['0.00', '0.00', '0.00', '0.00', '0.00', '0.00', '0.00', '0.00', '0.00', '0.00', '0.00', '0.00', '0.00', '0.00', '0.00', '0.00']
  halt_histogram %: [0.0, 6.8, 11.9, 9.6, 7.0, 5.0, 3.9, 3.0, 2.6, 2.1, 1.7, 1.6, 1.4, 1.3, 1.1, 41.1]
  Avg ACT steps (last 100): 3.87
  saved: /home/jvdillon/projects/sic/code/maze/ckpts/x002a/step01500.pt acc=97.67% (0.055s)
  saved: /home/jvdillon/projects/sic/code/maze/ckpts/x002a/best.pt acc=97.67% (0.132s)
Step  1500  Test 97.67% / 25.90%  Train lm=0.7539±0.0068ϵ[0.7383,0.7734] n_halted=20.8140±10.4321ϵ[0.0000,52.0000]  (28.498s / 177.940s)
  n_active=128.0000±0.0000ϵ[128.0000,128.0000] n_expunged=0.0000±0.0000ϵ[0.0000,0.0000] pool_util=1.0000±0.0000ϵ[1.0000,1.0000]
  cell_acc=98.42%, puzzle_acc=51.70%
  eval_avg_halt_step: 3.32
  per_H_acc: ['H0=37.4%', 'H1=89.3%', 'H2=92.5%']
  H_cos: ['0.609', '0.953']
  z_H_delta: ['25.125', '12.312']
  cells: fixed=[108423, 12040] broken=[0, 5381]
  per_ACT_cell_acc: ['H1=37.4%', 'H2=89.3%', 'H3=92.5%', 'H4=93.4%', 'H5=93.6%', 'H6=93.7%', 'H7=93.7%', 'H8=93.8%', 'H9=93.8%', 'H10=93.8%', 'H11=93.8%', 'H12=93.8%', 'H13=93.8%', 'H14=93.7%', 'H15=93.7%', 'H16=93.7%']
  per_ACT_puzzle_acc: ['H1=0.0%', 'H2=0.0%', 'H3=0.0%', 'H4=0.0%', 'H5=0.4%', 'H6=0.9%', 'H7=0.9%', 'H8=0.9%', 'H9=1.3%', 'H10=1.3%', 'H11=1.3%', 'H12=1.3%', 'H13=1.3%', 'H14=0.9%', 'H15=0.9%', 'H16=0.9%']
  mean_sigmoid_q_halt: ['0.006', '0.003', '0.045', '0.088', '0.122', '0.151', '0.187', '0.224', '0.246', '0.270', '0.293', '0.309', '0.334', '0.357', '0.361', '0.371']
  halt_rates: ['0.00', '0.00', '0.00', '0.03', '0.06', '0.09', '0.12', '0.19', '0.19', '0.23', '0.25', '0.27', '0.29', '0.31', '0.33', '0.34']
  halt_histogram %: [0.5, 31.8, 17.8, 8.9, 5.4, 3.5, 2.7, 1.9, 1.6, 1.3, 1.0, 0.9, 0.8, 0.7, 0.7, 20.4]
  Avg ACT steps (last 100): 2.76
  saved: /home/jvdillon/projects/sic/code/maze/ckpts/x002a/step02000.pt acc=98.42% (0.054s)
  saved: /home/jvdillon/projects/sic/code/maze/ckpts/x002a/best.pt acc=98.42% (0.134s)
Step  2000  Test 98.42% / 51.70%  Train lm=0.7383±0.0056ϵ[0.7266,0.7539] n_halted=41.1140±12.2034ϵ[5.0000,77.0000]  (28.499s / 177.978s)
  n_active=128.0000±0.0000ϵ[128.0000,128.0000] n_expunged=0.0000±0.0000ϵ[0.0000,0.0000] pool_util=1.0000±0.0000ϵ[1.0000,1.0000]
  cell_acc=98.79%, puzzle_acc=58.60%
  eval_avg_halt_step: 3.73
  per_H_acc: ['H0=37.4%', 'H1=87.1%', 'H2=92.9%']
  H_cos: ['0.680', '0.961']
  z_H_delta: ['23.375', '13.125']
  cells: fixed=[103654, 16895] broken=[0, 4687]
  per_ACT_cell_acc: ['H1=37.4%', 'H2=87.1%', 'H3=92.9%', 'H4=94.3%', 'H5=94.8%', 'H6=95.0%', 'H7=95.1%', 'H8=95.1%', 'H9=95.1%', 'H10=95.1%', 'H11=95.1%', 'H12=95.1%', 'H13=95.1%', 'H14=95.1%', 'H15=95.1%', 'H16=95.2%']
  per_ACT_puzzle_acc: ['H1=0.0%', 'H2=0.0%', 'H3=0.0%', 'H4=0.0%', 'H5=0.4%', 'H6=0.9%', 'H7=1.3%', 'H8=1.7%', 'H9=1.7%', 'H10=2.6%', 'H11=1.7%', 'H12=1.7%', 'H13=2.6%', 'H14=2.6%', 'H15=2.6%', 'H16=3.0%']
  mean_sigmoid_q_halt: ['0.019', '0.027', '0.047', '0.068', '0.089', '0.137', '0.195', '0.219', '0.254', '0.287', '0.305', '0.314', '0.332', '0.338', '0.361', '0.369']
  halt_rates: ['0.00', '0.00', '0.00', '0.01', '0.03', '0.07', '0.14', '0.17', '0.19', '0.20', '0.24', '0.26', '0.29', '0.27', '0.31', '0.30']
  halt_histogram %: [5.2, 48.0, 15.7, 6.4, 3.5, 2.2, 1.7, 1.2, 1.0, 0.8, 0.6, 0.6, 0.5, 0.4, 0.4, 11.9]
  Avg ACT steps (last 100): 2.01
  saved: /home/jvdillon/projects/sic/code/maze/ckpts/x002a/step02500.pt acc=98.79% (0.054s)
  saved: /home/jvdillon/projects/sic/code/maze/ckpts/x002a/best.pt acc=98.79% (0.133s)
Step  2500  Test 98.79% / 58.60%  Train lm=0.7266±0.0036ϵ[0.7227,0.7422] n_halted=58.2280±9.7426ϵ[27.0000,94.0000]  (28.505s / 177.977s)
  n_active=128.0000±0.0000ϵ[128.0000,128.0000] n_expunged=0.0000±0.0000ϵ[0.0000,0.0000] pool_util=1.0000±0.0000ϵ[1.0000,1.0000]
  cell_acc=98.81%, puzzle_acc=65.60%
  eval_avg_halt_step: 2.42
  per_H_acc: ['H0=87.5%', 'H1=90.4%', 'H2=95.7%']
  H_cos: ['0.875', '0.957']
  z_H_delta: ['21.875', '14.250']
  cells: fixed=[13566, 14819] broken=[7598, 3565]
  per_ACT_cell_acc: ['H1=87.5%', 'H2=90.4%', 'H3=95.7%', 'H4=96.5%', 'H5=96.7%', 'H6=96.8%', 'H7=96.9%', 'H8=96.9%', 'H9=96.9%', 'H10=96.9%', 'H11=96.9%', 'H12=96.9%', 'H13=96.9%', 'H14=96.9%', 'H15=96.9%', 'H16=96.9%']
  per_ACT_puzzle_acc: ['H1=0.0%', 'H2=0.0%', 'H3=1.3%', 'H4=9.9%', 'H5=13.4%', 'H6=16.4%', 'H7=17.2%', 'H8=19.8%', 'H9=20.3%', 'H10=19.8%', 'H11=21.1%', 'H12=21.1%', 'H13=21.6%', 'H14=20.7%', 'H15=21.6%', 'H16=20.3%']
  mean_sigmoid_q_halt: ['0.005', '0.013', '0.112', '0.309', '0.393', '0.441', '0.500', '0.535', '0.555', '0.570', '0.578', '0.578', '0.586', '0.594', '0.602', '0.605']
  halt_rates: ['0.00', '0.00', '0.02', '0.23', '0.36', '0.40', '0.46', '0.51', '0.52', '0.55', '0.57', '0.57', '0.59', '0.58', '0.60', '0.60']
  halt_histogram %: [21.2, 45.7, 12.4, 4.5, 2.4, 1.5, 1.1, 0.8, 0.6, 0.5, 0.4, 0.4, 0.3, 0.3, 0.3, 7.6]
  Avg ACT steps (last 100): 1.51
  saved: /home/jvdillon/projects/sic/code/maze/ckpts/x002a/step03000.pt acc=98.81% (0.055s)
  saved: /home/jvdillon/projects/sic/code/maze/ckpts/x002a/best.pt acc=98.81% (0.135s)
Step  3000  Test 98.81% / 65.60%  Train lm=0.7227±0.0024ϵ[0.7188,0.7383] n_halted=77.7040±12.4522ϵ[35.0000,106.0000]  (28.504s / 177.972s)
  n_active=128.0000±0.0000ϵ[128.0000,128.0000] n_expunged=0.0000±0.0000ϵ[0.0000,0.0000] pool_util=1.0000±0.0000ϵ[1.0000,1.0000]
  cell_acc=98.99%, puzzle_acc=68.40%
  eval_avg_halt_step: 2.53
  per_H_acc: ['H0=84.5%', 'H1=89.1%', 'H2=96.6%']
  H_cos: ['0.859', '0.934']
  z_H_delta: ['22.250', '16.500']
  cells: fixed=[21747, 18539] broken=[12129, 2814]
  per_ACT_cell_acc: ['H1=84.5%', 'H2=89.1%', 'H3=96.6%', 'H4=97.5%', 'H5=97.6%', 'H6=97.7%', 'H7=97.7%', 'H8=97.6%', 'H9=97.6%', 'H10=97.5%', 'H11=97.5%', 'H12=97.5%', 'H13=97.5%', 'H14=97.5%', 'H15=97.4%', 'H16=97.4%']
  per_ACT_puzzle_acc: ['H1=0.0%', 'H2=0.0%', 'H3=1.7%', 'H4=14.7%', 'H5=18.1%', 'H6=23.7%', 'H7=24.6%', 'H8=26.3%', 'H9=25.9%', 'H10=25.9%', 'H11=25.9%', 'H12=24.6%', 'H13=25.0%', 'H14=24.6%', 'H15=24.1%', 'H16=24.6%']
  mean_sigmoid_q_halt: ['0.005', '0.005', '0.100', '0.318', '0.363', '0.424', '0.465', '0.477', '0.492', '0.488', '0.494', '0.498', '0.504', '0.512', '0.527', '0.539']
  halt_rates: ['0.00', '0.00', '0.04', '0.29', '0.34', '0.42', '0.45', '0.47', '0.50', '0.49', '0.49', '0.48', '0.51', '0.52', '0.53', '0.57']
  halt_histogram %: [33.5, 41.3, 10.1, 3.5, 1.8, 1.1, 0.8, 0.6, 0.5, 0.4, 0.3, 0.3, 0.2, 0.2, 0.2, 5.4]
  Avg ACT steps (last 100): 1.34
  saved: /home/jvdillon/projects/sic/code/maze/ckpts/x002a/step03500.pt acc=98.99% (0.054s)
  saved: /home/jvdillon/projects/sic/code/maze/ckpts/x002a/best.pt acc=98.99% (0.132s)
Step  3500  Test 98.99% / 68.40%  Train lm=0.7227±0.0020ϵ[0.7188,0.7305] n_halted=87.5600±10.7501ϵ[48.0000,111.0000]  (28.491s / 177.971s)
  n_active=128.0000±0.0000ϵ[128.0000,128.0000] n_expunged=0.0000±0.0000ϵ[0.0000,0.0000] pool_util=1.0000±0.0000ϵ[1.0000,1.0000]
  cell_acc=98.91%, puzzle_acc=68.50%
  eval_avg_halt_step: 2.43
  per_H_acc: ['H0=87.5%', 'H1=92.2%', 'H2=97.2%']
  H_cos: ['0.891', '0.934']
  z_H_delta: ['23.375', '15.375']
  cells: fixed=[16990, 12798] broken=[7069, 2497]
  per_ACT_cell_acc: ['H1=87.5%', 'H2=92.2%', 'H3=97.2%', 'H4=97.3%', 'H5=97.3%', 'H6=97.3%', 'H7=97.2%', 'H8=97.1%', 'H9=97.0%', 'H10=97.0%', 'H11=96.9%', 'H12=96.9%', 'H13=96.9%', 'H14=96.8%', 'H15=96.8%', 'H16=96.7%']
  per_ACT_puzzle_acc: ['H1=0.0%', 'H2=0.0%', 'H3=9.5%', 'H4=17.7%', 'H5=23.7%', 'H6=28.9%', 'H7=29.7%', 'H8=29.7%', 'H9=28.9%', 'H10=29.3%', 'H11=28.0%', 'H12=28.9%', 'H13=28.9%', 'H14=27.6%', 'H15=26.7%', 'H16=25.0%']
  mean_sigmoid_q_halt: ['0.007', '0.007', '0.168', '0.230', '0.289', '0.354', '0.385', '0.381', '0.379', '0.381', '0.383', '0.381', '0.385', '0.375', '0.375', '0.371']
  halt_rates: ['0.00', '0.00', '0.09', '0.20', '0.28', '0.35', '0.38', '0.38', '0.39', '0.39', '0.38', '0.38', '0.40', '0.37', '0.37', '0.35']
  halt_histogram %: [41.3, 38.1, 8.7, 2.8, 1.4, 0.9, 0.6, 0.5, 0.4, 0.3, 0.2, 0.2, 0.2, 0.2, 0.1, 4.2]
  Avg ACT steps (last 100): 1.25
  saved: /home/jvdillon/projects/sic/code/maze/ckpts/x002a/step04000.pt acc=98.91% (0.054s)
Step  4000  Test 98.91% / 68.50%  Train lm=0.7227±0.0023ϵ[0.7188,0.7383] n_halted=90.7900±11.5998ϵ[21.0000,113.0000]  (28.407s / 177.922s)
  n_active=128.0000±0.0000ϵ[128.0000,128.0000] n_expunged=0.0000±0.0000ϵ[0.0000,0.0000] pool_util=1.0000±0.0000ϵ[1.0000,1.0000]
  cell_acc=98.84%, puzzle_acc=60.80%
  eval_avg_halt_step: 2.33
  per_H_acc: ['H0=87.5%', 'H1=88.0%', 'H2=96.3%']
  H_cos: ['0.863', '0.883']
  z_H_delta: ['21.750', '20.375']
  cells: fixed=[1959, 21717] broken=[952, 4362]
  per_ACT_cell_acc: ['H1=87.5%', 'H2=88.0%', 'H3=96.3%', 'H4=96.7%', 'H5=96.9%', 'H6=97.0%', 'H7=97.1%', 'H8=97.0%', 'H9=97.0%', 'H10=97.0%', 'H11=97.0%', 'H12=96.9%', 'H13=96.9%', 'H14=96.9%', 'H15=96.8%', 'H16=96.8%']
  per_ACT_puzzle_acc: ['H1=0.0%', 'H2=0.0%', 'H3=4.7%', 'H4=13.8%', 'H5=17.7%', 'H6=21.1%', 'H7=21.1%', 'H8=20.3%', 'H9=19.0%', 'H10=19.8%', 'H11=18.5%', 'H12=18.1%', 'H13=19.0%', 'H14=19.0%', 'H15=18.1%', 'H16=18.1%']
  mean_sigmoid_q_halt: ['0.015', '0.005', '0.167', '0.318', '0.389', '0.422', '0.459', '0.484', '0.494', '0.500', '0.498', '0.504', '0.512', '0.512', '0.531', '0.543']
  halt_rates: ['0.00', '0.00', '0.12', '0.28', '0.38', '0.44', '0.47', '0.48', '0.49', '0.50', '0.48', '0.51', '0.50', '0.50', '0.54', '0.56']
  halt_histogram %: [47.8, 34.9, 7.5, 2.4, 1.2, 0.7, 0.5, 0.4, 0.3, 0.2, 0.2, 0.2, 0.1, 0.1, 0.1, 3.4]
  Avg ACT steps (last 100): 1.45
  saved: /home/jvdillon/projects/sic/code/maze/ckpts/x002a/step04500.pt acc=98.84% (0.056s)
Step  4500  Test 98.84% / 60.80%  Train lm=0.7227±0.0024ϵ[0.7188,0.7422] n_halted=97.0760±9.1773ϵ[45.0000,117.0000]  (28.396s / 177.889s)
  n_active=128.0000±0.0000ϵ[128.0000,128.0000] n_expunged=0.0000±0.0000ϵ[0.0000,0.0000] pool_util=1.0000±0.0000ϵ[1.0000,1.0000]
  cell_acc=99.20%, puzzle_acc=73.90%
  eval_avg_halt_step: 1.89
  per_H_acc: ['H0=87.2%', 'H1=86.8%', 'H2=98.1%']
  H_cos: ['0.895', '0.895']
  z_H_delta: ['22.625', '18.625']
  cells: fixed=[21347, 25078] broken=[22192, 1452]
  per_ACT_cell_acc: ['H1=87.2%', 'H2=86.8%', 'H3=98.1%', 'H4=98.5%', 'H5=98.6%', 'H6=98.6%', 'H7=98.7%', 'H8=98.7%', 'H9=98.7%', 'H10=98.7%', 'H11=98.7%', 'H12=98.7%', 'H13=98.7%', 'H14=98.7%', 'H15=98.7%', 'H16=98.7%']
  per_ACT_puzzle_acc: ['H1=0.0%', 'H2=0.0%', 'H3=31.9%', 'H4=48.7%', 'H5=53.9%', 'H6=54.7%', 'H7=54.7%', 'H8=56.0%', 'H9=56.9%', 'H10=56.0%', 'H11=56.0%', 'H12=56.5%', 'H13=56.5%', 'H14=56.9%', 'H15=57.8%', 'H16=56.9%']
  mean_sigmoid_q_halt: ['0.020', '0.086', '0.365', '0.582', '0.703', '0.773', '0.805', '0.832', '0.848', '0.852', '0.852', '0.855', '0.859', '0.855', '0.859', '0.855']
  halt_rates: ['0.00', '0.00', '0.33', '0.58', '0.73', '0.78', '0.82', '0.85', '0.85', '0.87', '0.86', '0.86', '0.88', '0.88', '0.88', '0.87']
  halt_histogram %: [51.8, 33.0, 6.8, 2.1, 1.0, 0.6, 0.4, 0.3, 0.2, 0.2, 0.2, 0.1, 0.1, 0.1, 0.1, 2.8]
  Avg ACT steps (last 100): 1.28
  saved: /home/jvdillon/projects/sic/code/maze/ckpts/x002a/step05000.pt acc=99.20% (0.056s)
  saved: /home/jvdillon/projects/sic/code/maze/ckpts/x002a/best.pt acc=99.20% (0.137s)
Step  5000  Test 99.20% / 73.90%  Train lm=0.7227±0.0026ϵ[0.7188,0.7422] n_halted=95.4620±12.2805ϵ[11.0000,118.0000]  (28.474s / 177.797s)
  n_active=128.0000±0.0000ϵ[128.0000,128.0000] n_expunged=0.0000±0.0000ϵ[0.0000,0.0000] pool_util=1.0000±0.0000ϵ[1.0000,1.0000]
  cell_acc=99.14%, puzzle_acc=75.20%
  eval_avg_halt_step: 1.57
  per_H_acc: ['H0=87.2%', 'H1=92.6%', 'H2=98.4%']
  H_cos: ['0.891', '0.926']
  z_H_delta: ['21.875', '17.250']
  cells: fixed=[22009, 13223] broken=[10742, 1215]
  per_ACT_cell_acc: ['H1=87.2%', 'H2=92.6%', 'H3=98.4%', 'H4=98.6%', 'H5=98.7%', 'H6=98.7%', 'H7=98.7%', 'H8=98.7%', 'H9=98.7%', 'H10=98.8%', 'H11=98.8%', 'H12=98.8%', 'H13=98.8%', 'H14=98.8%', 'H15=98.8%', 'H16=98.8%']
  per_ACT_puzzle_acc: ['H1=0.0%', 'H2=0.0%', 'H3=34.5%', 'H4=50.0%', 'H5=56.0%', 'H6=59.9%', 'H7=61.6%', 'H8=62.1%', 'H9=62.5%', 'H10=62.5%', 'H11=62.5%', 'H12=62.5%', 'H13=62.5%', 'H14=62.5%', 'H15=62.1%', 'H16=62.1%']
  mean_sigmoid_q_halt: ['0.013', '0.027', '0.531', '0.703', '0.805', '0.867', '0.895', '0.910', '0.914', '0.918', '0.926', '0.926', '0.926', '0.926', '0.926', '0.930']
  halt_rates: ['0.00', '0.00', '0.50', '0.72', '0.83', '0.91', '0.93', '0.94', '0.94', '0.95', '0.96', '0.96', '0.96', '0.96', '0.96', '0.96']
  halt_histogram %: [56.3, 30.4, 6.1, 1.8, 0.9, 0.5, 0.4, 0.3, 0.2, 0.2, 0.1, 0.1, 0.1, 0.1, 0.1, 2.4]
  Avg ACT steps (last 100): 1.15
  saved: /home/jvdillon/projects/sic/code/maze/ckpts/x002a/step05500.pt acc=99.14% (0.055s)
Step  5500  Test 99.14% / 75.20%  Train lm=0.7188±0.0022ϵ[0.7188,0.7344] n_halted=104.4020±8.9819ϵ[38.0000,119.0000]  (28.409s / 177.766s)
  n_active=128.0000±0.0000ϵ[128.0000,128.0000] n_expunged=0.0000±0.0000ϵ[0.0000,0.0000] pool_util=1.0000±0.0000ϵ[1.0000,1.0000]
  cell_acc=99.12%, puzzle_acc=73.80%
  eval_avg_halt_step: 1.47
  per_H_acc: ['H0=84.1%', 'H1=92.0%', 'H2=97.7%']
  H_cos: ['0.848', '0.938']
  z_H_delta: ['23.500', '15.812']
  cells: fixed=[26923, 13506] broken=[10355, 1678]
  per_ACT_cell_acc: ['H1=84.1%', 'H2=92.0%', 'H3=97.7%', 'H4=98.0%', 'H5=98.1%', 'H6=98.2%', 'H7=98.2%', 'H8=98.2%', 'H9=98.2%', 'H10=98.2%', 'H11=98.2%', 'H12=98.2%', 'H13=98.2%', 'H14=98.2%', 'H15=98.2%', 'H16=98.2%']
  per_ACT_puzzle_acc: ['H1=0.0%', 'H2=0.0%', 'H3=25.0%', 'H4=43.5%', 'H5=47.0%', 'H6=49.1%', 'H7=49.1%', 'H8=50.9%', 'H9=50.4%', 'H10=50.9%', 'H11=51.3%', 'H12=51.3%', 'H13=50.9%', 'H14=50.9%', 'H15=50.9%', 'H16=50.4%']
  mean_sigmoid_q_halt: ['0.104', '0.108', '0.508', '0.699', '0.762', '0.828', '0.855', '0.875', '0.891', '0.898', '0.906', '0.914', '0.910', '0.906', '0.914', '0.914']
  halt_rates: ['0.00', '0.00', '0.46', '0.70', '0.78', '0.84', '0.87', '0.89', '0.91', '0.92', '0.93', '0.94', '0.93', '0.93', '0.93', '0.93']
  halt_histogram %: [59.4, 28.7, 5.6, 1.6, 0.8, 0.5, 0.3, 0.2, 0.2, 0.1, 0.1, 0.1, 0.1, 0.1, 0.1, 2.1]
  Avg ACT steps (last 100): 1.20
  saved: /home/jvdillon/projects/sic/code/maze/ckpts/x002a/step06000.pt acc=99.12% (0.056s)
Step  6000  Test 99.12% / 73.80%  Train lm=0.7188±0.0022ϵ[0.7188,0.7305] n_halted=103.1200±9.9228ϵ[48.0000,119.0000]  (28.415s / 177.797s)
  n_active=128.0000±0.0000ϵ[128.0000,128.0000] n_expunged=0.0000±0.0000ϵ[0.0000,0.0000] pool_util=1.0000±0.0000ϵ[1.0000,1.0000]
  cell_acc=99.26%, puzzle_acc=74.70%
  eval_avg_halt_step: 1.82
  per_H_acc: ['H0=13.0%', 'H1=89.4%', 'H2=98.0%']
  H_cos: ['0.578', '0.902']
  z_H_delta: ['26.125', '22.000']
  cells: fixed=[177130, 19910] broken=[17628, 1811]
  per_ACT_cell_acc: ['H1=13.0%', 'H2=89.4%', 'H3=98.0%', 'H4=98.3%', 'H5=98.4%', 'H6=98.5%', 'H7=98.4%', 'H8=98.4%', 'H9=98.4%', 'H10=98.4%', 'H11=98.4%', 'H12=98.3%', 'H13=98.3%', 'H14=98.3%', 'H15=98.3%', 'H16=98.2%']
  per_ACT_puzzle_acc: ['H1=0.0%', 'H2=0.0%', 'H3=24.1%', 'H4=41.4%', 'H5=50.0%', 'H6=52.6%', 'H7=52.6%', 'H8=50.0%', 'H9=46.6%', 'H10=47.0%', 'H11=46.6%', 'H12=44.4%', 'H13=45.3%', 'H14=42.7%', 'H15=40.9%', 'H16=41.4%']
  mean_sigmoid_q_halt: ['0.020', '0.024', '0.359', '0.457', '0.562', '0.641', '0.660', '0.648', '0.625', '0.602', '0.586', '0.562', '0.551', '0.531', '0.512', '0.508']
  halt_rates: ['0.00', '0.00', '0.27', '0.47', '0.59', '0.68', '0.70', '0.70', '0.68', '0.63', '0.61', '0.58', '0.56', '0.53', '0.51', '0.52']
  halt_histogram %: [61.3, 27.8, 5.2, 1.5, 0.7, 0.4, 0.3, 0.2, 0.2, 0.1, 0.1, 0.1, 0.1, 0.1, 0.1, 1.9]
  Avg ACT steps (last 100): 1.17
  saved: /home/jvdillon/projects/sic/code/maze/ckpts/x002a/step06500.pt acc=99.26% (0.054s)
  saved: /home/jvdillon/projects/sic/code/maze/ckpts/x002a/best.pt acc=99.26% (0.132s)
Step  6500  Test 99.26% / 74.70%  Train lm=0.7227±0.0026ϵ[0.7188,0.7383] n_halted=99.3580±10.9276ϵ[45.0000,117.0000]  (28.480s / 177.774s)
  n_active=128.0000±0.0000ϵ[128.0000,128.0000] n_expunged=0.0000±0.0000ϵ[0.0000,0.0000] pool_util=1.0000±0.0000ϵ[1.0000,1.0000]
  cell_acc=99.20%, puzzle_acc=74.60%
  eval_avg_halt_step: 1.76
  per_H_acc: ['H0=66.9%', 'H1=84.1%', 'H2=98.0%']
  H_cos: ['0.848', '0.879']
  z_H_delta: ['25.000', '20.625']
  cells: fixed=[53138, 30815] broken=[17179, 1787]
  per_ACT_cell_acc: ['H1=66.9%', 'H2=84.1%', 'H3=98.0%', 'H4=98.3%', 'H5=98.4%', 'H6=98.3%', 'H7=98.3%', 'H8=98.3%', 'H9=98.3%', 'H10=98.3%', 'H11=98.3%', 'H12=98.3%', 'H13=98.3%', 'H14=98.3%', 'H15=98.3%', 'H16=98.3%']
  per_ACT_puzzle_acc: ['H1=0.0%', 'H2=0.0%', 'H3=28.9%', 'H4=40.5%', 'H5=44.8%', 'H6=48.7%', 'H7=49.6%', 'H8=50.9%', 'H9=53.0%', 'H10=52.6%', 'H11=52.2%', 'H12=52.2%', 'H13=52.6%', 'H14=52.2%', 'H15=52.6%', 'H16=52.6%']
  mean_sigmoid_q_halt: ['0.091', '0.076', '0.455', '0.547', '0.629', '0.664', '0.699', '0.727', '0.746', '0.738', '0.738', '0.734', '0.742', '0.742', '0.742', '0.746']
  halt_rates: ['0.00', '0.00', '0.42', '0.56', '0.65', '0.72', '0.75', '0.79', '0.81', '0.79', '0.80', '0.81', '0.81', '0.81', '0.82', '0.83']
  halt_histogram %: [63.2, 26.7, 4.9, 1.4, 0.6, 0.4, 0.3, 0.2, 0.2, 0.1, 0.1, 0.1, 0.1, 0.1, 0.1, 1.7]
  Avg ACT steps (last 100): 1.24
  saved: /home/jvdillon/projects/sic/code/maze/ckpts/x002a/step07000.pt acc=99.20% (0.056s)
Step  7000  Test 99.20% / 74.60%  Train lm=0.7188±0.0029ϵ[0.7188,0.7656] n_halted=103.1320±8.9811ϵ[29.0000,117.0000]  (28.409s / 177.864s)
  n_active=128.0000±0.0000ϵ[128.0000,128.0000] n_expunged=0.0000±0.0000ϵ[0.0000,0.0000] pool_util=1.0000±0.0000ϵ[1.0000,1.0000]
  cell_acc=99.32%, puzzle_acc=78.10%
  eval_avg_halt_step: 1.80
  per_H_acc: ['H0=50.3%', 'H1=71.8%', 'H2=98.1%']
  H_cos: ['0.723', '0.836']
  z_H_delta: ['24.250', '21.500']
  cells: fixed=[101771, 56983] broken=[56949, 1940]
  per_ACT_cell_acc: ['H1=50.3%', 'H2=71.8%', 'H3=98.1%', 'H4=98.5%', 'H5=98.6%', 'H6=98.6%', 'H7=98.6%', 'H8=98.6%', 'H9=98.5%', 'H10=98.6%', 'H11=98.6%', 'H12=98.6%', 'H13=98.6%', 'H14=98.6%', 'H15=98.6%', 'H16=98.6%']
  per_ACT_puzzle_acc: ['H1=0.0%', 'H2=0.0%', 'H3=26.7%', 'H4=53.4%', 'H5=60.3%', 'H6=64.2%', 'H7=65.1%', 'H8=65.1%', 'H9=65.5%', 'H10=65.1%', 'H11=64.7%', 'H12=64.7%', 'H13=65.1%', 'H14=65.5%', 'H15=64.7%', 'H16=64.2%']
  mean_sigmoid_q_halt: ['0.086', '0.613', '0.348', '0.594', '0.758', '0.820', '0.852', '0.859', '0.871', '0.871', '0.875', '0.875', '0.879', '0.879', '0.871', '0.871']
  halt_rates: ['0.00', '0.97', '0.29', '0.58', '0.78', '0.87', '0.89', '0.89', '0.90', '0.90', '0.90', '0.90', '0.91', '0.90', '0.88', '0.89']
  halt_histogram %: [65.1, 25.6, 4.6, 1.3, 0.6, 0.3, 0.2, 0.2, 0.1, 0.1, 0.1, 0.1, 0.1, 0.1, 0.1, 1.5]
  Avg ACT steps (last 100): 1.16
  saved: /home/jvdillon/projects/sic/code/maze/ckpts/x002a/step07500.pt acc=99.32% (0.055s)
  saved: /home/jvdillon/projects/sic/code/maze/ckpts/x002a/best.pt acc=99.32% (0.134s)
Step  7500  Test 99.32% / 78.10%  Train lm=0.7188±0.0019ϵ[0.7188,0.7344] n_halted=105.9720±8.4542ϵ[36.0000,121.0000]  (28.493s / 177.809s)
  n_active=128.0000±0.0000ϵ[128.0000,128.0000] n_expunged=0.0000±0.0000ϵ[0.0000,0.0000] pool_util=1.0000±0.0000ϵ[1.0000,1.0000]
  cell_acc=99.19%, puzzle_acc=73.50%
  eval_avg_halt_step: 1.73
  per_H_acc: ['H0=49.9%', 'H1=93.0%', 'H2=98.3%']
  H_cos: ['0.793', '0.953']
  z_H_delta: ['27.500', '18.000']
  cells: fixed=[99292, 12546] broken=[9405, 1366]
  per_ACT_cell_acc: ['H1=49.9%', 'H2=93.0%', 'H3=98.3%', 'H4=98.6%', 'H5=98.6%', 'H6=98.7%', 'H7=98.7%', 'H8=98.7%', 'H9=98.7%', 'H10=98.7%', 'H11=98.7%', 'H12=98.7%', 'H13=98.7%', 'H14=98.7%', 'H15=98.7%', 'H16=98.7%']
  per_ACT_puzzle_acc: ['H1=0.0%', 'H2=0.0%', 'H3=31.0%', 'H4=49.6%', 'H5=58.6%', 'H6=59.9%', 'H7=61.2%', 'H8=60.8%', 'H9=61.2%', 'H10=62.1%', 'H11=61.6%', 'H12=62.1%', 'H13=62.1%', 'H14=62.1%', 'H15=62.5%', 'H16=63.4%']
  mean_sigmoid_q_halt: ['0.148', '0.069', '0.500', '0.719', '0.801', '0.859', '0.887', '0.887', '0.918', '0.922', '0.914', '0.926', '0.922', '0.906', '0.918', '0.922']
  halt_rates: ['0.00', '0.00', '0.50', '0.72', '0.81', '0.85', '0.89', '0.91', '0.93', '0.94', '0.94', '0.94', '0.93', '0.92', '0.93', '0.92']
  halt_histogram %: [66.7, 24.6, 4.4, 1.2, 0.5, 0.3, 0.2, 0.2, 0.1, 0.1, 0.1, 0.1, 0.1, 0.1, 0.0, 1.4]
  Avg ACT steps (last 100): 1.22
  saved: /home/jvdillon/projects/sic/code/maze/ckpts/x002a/step08000.pt acc=99.19% (0.056s)
Step  8000  Test 99.19% / 73.50%  Train lm=0.7188±0.0016ϵ[0.7188,0.7266] n_halted=107.4920±7.3161ϵ[44.0000,121.0000]  (28.416s / 177.770s)
  n_active=128.0000±0.0000ϵ[128.0000,128.0000] n_expunged=0.0000±0.0000ϵ[0.0000,0.0000] pool_util=1.0000±0.0000ϵ[1.0000,1.0000]
  cell_acc=99.22%, puzzle_acc=69.90%
  eval_avg_halt_step: 1.88
  per_H_acc: ['H0=48.9%', 'H1=76.9%', 'H2=98.4%']
  H_cos: ['0.424', '0.859']
  z_H_delta: ['22.875', '22.000']
  cells: fixed=[102789, 46259] broken=[44276, 1518]
  per_ACT_cell_acc: ['H1=48.9%', 'H2=76.9%', 'H3=98.4%', 'H4=98.7%', 'H5=98.8%', 'H6=98.8%', 'H7=98.7%', 'H8=98.7%', 'H9=98.7%', 'H10=98.6%', 'H11=98.6%', 'H12=98.6%', 'H13=98.5%', 'H14=98.5%', 'H15=98.5%', 'H16=98.5%']
  per_ACT_puzzle_acc: ['H1=0.0%', 'H2=0.0%', 'H3=21.1%', 'H4=45.7%', 'H5=57.3%', 'H6=56.0%', 'H7=54.7%', 'H8=53.4%', 'H9=52.2%', 'H10=47.0%', 'H11=45.7%', 'H12=43.5%', 'H13=41.8%', 'H14=40.5%', 'H15=40.1%', 'H16=38.8%']
  mean_sigmoid_q_halt: ['0.086', '0.192', '0.422', '0.727', '0.832', '0.828', '0.789', '0.773', '0.777', '0.777', '0.785', '0.777', '0.766', '0.750', '0.734', '0.727']
  halt_rates: ['0.00', '0.00', '0.40', '0.74', '0.87', '0.86', '0.83', '0.83', '0.83', '0.79', '0.79', '0.81', '0.78', '0.78', '0.76', '0.75']
  halt_histogram %: [68.0, 23.8, 4.1, 1.1, 0.5, 0.3, 0.2, 0.1, 0.1, 0.1, 0.1, 0.1, 0.1, 0.0, 0.0, 1.3]
  Avg ACT steps (last 100): 1.29
  saved: /home/jvdillon/projects/sic/code/maze/ckpts/x002a/step08500.pt acc=99.22% (0.055s)
Step  8500  Test 99.22% / 69.90%  Train lm=0.7188±0.0018ϵ[0.7188,0.7344] n_halted=106.2160±8.4922ϵ[50.0000,123.0000]  (28.417s / 177.860s)
  n_active=128.0000±0.0000ϵ[128.0000,128.0000] n_expunged=0.0000±0.0000ϵ[0.0000,0.0000] pool_util=1.0000±0.0000ϵ[1.0000,1.0000]
  cell_acc=99.24%, puzzle_acc=76.40%
  eval_avg_halt_step: 1.54
  per_H_acc: ['H0=50.2%', 'H1=71.2%', 'H2=97.3%']
  H_cos: ['0.482', '0.871']
  z_H_delta: ['26.000', '22.000']
  cells: fixed=[99486, 57687] broken=[55519, 3268]
  per_ACT_cell_acc: ['H1=50.2%', 'H2=71.2%', 'H3=97.3%', 'H4=98.0%', 'H5=98.3%', 'H6=98.4%', 'H7=98.4%', 'H8=98.5%', 'H9=98.5%', 'H10=98.5%', 'H11=98.5%', 'H12=98.5%', 'H13=98.5%', 'H14=98.5%', 'H15=98.5%', 'H16=98.5%']
  per_ACT_puzzle_acc: ['H1=0.0%', 'H2=0.0%', 'H3=12.5%', 'H4=33.2%', 'H5=51.3%', 'H6=54.7%', 'H7=56.5%', 'H8=57.8%', 'H9=56.5%', 'H10=55.2%', 'H11=51.3%', 'H12=49.1%', 'H13=48.7%', 'H14=48.3%', 'H15=45.7%', 'H16=46.1%']
  mean_sigmoid_q_halt: ['0.118', '0.461', '0.268', '0.467', '0.648', '0.746', '0.797', '0.820', '0.832', '0.844', '0.848', '0.852', '0.859', '0.863', '0.863', '0.855']
  halt_rates: ['0.00', '0.26', '0.17', '0.44', '0.66', '0.78', '0.83', '0.84', '0.85', '0.87', '0.88', '0.86', '0.87', '0.88', '0.88', '0.87']
  halt_histogram %: [69.2, 23.1, 4.0, 1.0, 0.5, 0.3, 0.2, 0.1, 0.1, 0.1, 0.1, 0.1, 0.1, 0.0, 0.0, 1.2]
  Avg ACT steps (last 100): 1.20
  saved: /home/jvdillon/projects/sic/code/maze/ckpts/x002a/step09000.pt acc=99.24% (0.054s)
Step  9000  Test 99.24% / 76.40%  Train lm=0.7227±0.0135ϵ[0.7188,0.8164] n_halted=105.1860±14.6142ϵ[20.0000,119.0000]  (28.406s / 177.867s)
  n_active=128.0000±0.0000ϵ[128.0000,128.0000] n_expunged=0.0000±0.0000ϵ[0.0000,0.0000] pool_util=1.0000±0.0000ϵ[1.0000,1.0000]
  cell_acc=99.03%, puzzle_acc=70.20%
  eval_avg_halt_step: 1.78
  per_H_acc: ['H0=50.1%', 'H1=75.0%', 'H2=97.5%']
  H_cos: ['0.562', '0.902']
  z_H_delta: ['24.250', '19.875']
  cells: fixed=[101471, 48594] broken=[49455, 1671]
  per_ACT_cell_acc: ['H1=50.1%', 'H2=75.0%', 'H3=97.5%', 'H4=98.3%', 'H5=98.4%', 'H6=98.5%', 'H7=98.5%', 'H8=98.5%', 'H9=98.5%', 'H10=98.5%', 'H11=98.5%', 'H12=98.5%', 'H13=98.4%', 'H14=98.4%', 'H15=98.4%', 'H16=98.4%']
  per_ACT_puzzle_acc: ['H1=0.0%', 'H2=0.0%', 'H3=13.4%', 'H4=42.7%', 'H5=52.2%', 'H6=54.7%', 'H7=54.7%', 'H8=56.0%', 'H9=55.6%', 'H10=52.2%', 'H11=48.3%', 'H12=47.8%', 'H13=44.4%', 'H14=39.2%', 'H15=37.1%', 'H16=36.6%']
  mean_sigmoid_q_halt: ['0.096', '0.703', '0.231', '0.566', '0.754', '0.777', '0.797', '0.832', '0.859', '0.844', '0.828', '0.840', '0.840', '0.828', '0.801', '0.797']
  halt_rates: ['0.00', '1.00', '0.13', '0.55', '0.78', '0.82', '0.82', '0.87', '0.88', '0.88', '0.87', '0.85', '0.86', '0.86', '0.83', '0.81']
  halt_histogram %: [70.0, 22.6, 3.8, 1.0, 0.4, 0.3, 0.2, 0.1, 0.1, 0.1, 0.1, 0.1, 0.1, 0.0, 0.0, 1.1]
  Avg ACT steps (last 100): 1.21
  saved: /home/jvdillon/projects/sic/code/maze/ckpts/x002a/step09500.pt acc=99.03% (0.056s)
Step  9500  Test 99.03% / 70.20%  Train lm=0.7188±0.0023ϵ[0.7188,0.7344] n_halted=103.8040±13.0787ϵ[42.0000,120.0000]  (28.410s / 177.788s)
  n_active=128.0000±0.0000ϵ[128.0000,128.0000] n_expunged=0.0000±0.0000ϵ[0.0000,0.0000] pool_util=1.0000±0.0000ϵ[1.0000,1.0000]
  cell_acc=99.30%, puzzle_acc=76.90%
  eval_avg_halt_step: 1.50
  per_H_acc: ['H0=49.3%', 'H1=85.3%', 'H2=97.6%']
  H_cos: ['0.422', '0.910']
  z_H_delta: ['25.250', '19.250']
  cells: fixed=[97161, 27800] broken=[22012, 2056]
  per_ACT_cell_acc: ['H1=49.3%', 'H2=85.3%', 'H3=97.6%', 'H4=98.3%', 'H5=98.6%', 'H6=98.7%', 'H7=98.7%', 'H8=98.8%', 'H9=98.8%', 'H10=98.8%', 'H11=98.8%', 'H12=98.9%', 'H13=98.9%', 'H14=98.9%', 'H15=98.9%', 'H16=98.9%']
  per_ACT_puzzle_acc: ['H1=0.0%', 'H2=0.0%', 'H3=20.3%', 'H4=47.0%', 'H5=54.7%', 'H6=62.5%', 'H7=65.1%', 'H8=65.9%', 'H9=65.1%', 'H10=65.5%', 'H11=65.5%', 'H12=65.5%', 'H13=66.4%', 'H14=67.2%', 'H15=66.8%', 'H16=66.4%']
  mean_sigmoid_q_halt: ['0.062', '0.305', '0.277', '0.602', '0.746', '0.824', '0.867', '0.879', '0.887', '0.895', '0.891', '0.906', '0.922', '0.930', '0.914', '0.902']
  halt_rates: ['0.00', '0.00', '0.23', '0.57', '0.75', '0.82', '0.88', '0.91', '0.90', '0.92', '0.90', '0.91', '0.93', '0.94', '0.94', '0.92']
  halt_histogram %: [71.0, 22.1, 3.7, 0.9, 0.4, 0.2, 0.2, 0.1, 0.1, 0.1, 0.1, 0.1, 0.0, 0.0, 0.0, 1.0]
  Avg ACT steps (last 100): 1.16
  saved: /home/jvdillon/projects/sic/code/maze/ckpts/x002a/step10000.pt acc=99.30% (0.054s)
Step 10000  Test 99.30% / 76.90%  Train lm=0.7188±0.0014ϵ[0.7188,0.7266] n_halted=108.2020±6.0410ϵ[72.0000,121.0000]  (28.418s / 177.851s)
  n_active=128.0000±0.0000ϵ[128.0000,128.0000] n_expunged=0.0000±0.0000ϵ[0.0000,0.0000] pool_util=1.0000±0.0000ϵ[1.0000,1.0000]
  cell_acc=99.33%, puzzle_acc=79.40%
  eval_avg_halt_step: 1.33
  per_H_acc: ['H0=50.2%', 'H1=69.3%', 'H2=97.9%']
  H_cos: ['0.648', '0.805']
  z_H_delta: ['28.000', '24.875']
  cells: fixed=[101958, 62596] broken=[62014, 2782]
  per_ACT_cell_acc: ['H1=50.2%', 'H2=69.3%', 'H3=97.9%', 'H4=98.4%', 'H5=98.9%', 'H6=99.0%', 'H7=99.1%', 'H8=99.1%', 'H9=99.1%', 'H10=99.1%', 'H11=99.1%', 'H12=99.1%', 'H13=99.1%', 'H14=99.1%', 'H15=99.1%', 'H16=99.1%']
  per_ACT_puzzle_acc: ['H1=0.0%', 'H2=0.0%', 'H3=13.4%', 'H4=18.1%', 'H5=52.6%', 'H6=64.2%', 'H7=64.2%', 'H8=70.3%', 'H9=69.4%', 'H10=69.8%', 'H11=71.6%', 'H12=71.1%', 'H13=70.7%', 'H14=71.1%', 'H15=71.6%', 'H16=72.0%']
  mean_sigmoid_q_halt: ['0.147', '0.054', '0.303', '0.273', '0.570', '0.789', '0.793', '0.840', '0.910', '0.883', '0.879', '0.926', '0.914', '0.883', '0.934', '0.922']
  halt_rates: ['0.00', '0.00', '0.18', '0.14', '0.58', '0.79', '0.85', '0.88', '0.91', '0.94', '0.94', '0.94', '0.94', '0.94', '0.96', '0.95']
  halt_histogram %: [71.8, 21.5, 3.5, 0.9, 0.4, 0.2, 0.2, 0.1, 0.1, 0.1, 0.1, 0.1, 0.0, 0.0, 0.0, 1.0]
  Avg ACT steps (last 100): 1.13
  saved: /home/jvdillon/projects/sic/code/maze/ckpts/x002a/step10500.pt acc=99.33% (0.056s)
  saved: /home/jvdillon/projects/sic/code/maze/ckpts/x002a/best.pt acc=99.33% (0.135s)
Step 10500  Test 99.33% / 79.40%  Train lm=0.7188±0.0013ϵ[0.7188,0.7266] n_halted=109.0040±5.9061ϵ[74.0000,122.0000]  (28.501s / 177.789s)
  n_active=128.0000±0.0000ϵ[128.0000,128.0000] n_expunged=0.0000±0.0000ϵ[0.0000,0.0000] pool_util=1.0000±0.0000ϵ[1.0000,1.0000]
  cell_acc=99.27%, puzzle_acc=74.50%
  eval_avg_halt_step: 1.89
  per_H_acc: ['H0=50.2%', 'H1=61.9%', 'H2=98.4%']
  H_cos: ['0.672', '0.848']
  z_H_delta: ['23.875', '22.750']
  cells: fixed=[102114, 77469] broken=[77560, 1346]
  per_ACT_cell_acc: ['H1=50.2%', 'H2=61.9%', 'H3=98.4%', 'H4=98.9%', 'H5=99.0%', 'H6=99.0%', 'H7=99.0%', 'H8=99.0%', 'H9=99.0%', 'H10=99.0%', 'H11=99.0%', 'H12=99.0%', 'H13=99.0%', 'H14=99.0%', 'H15=99.0%', 'H16=99.0%']
  per_ACT_puzzle_acc: ['H1=0.0%', 'H2=0.0%', 'H3=26.3%', 'H4=59.1%', 'H5=65.5%', 'H6=68.1%', 'H7=66.8%', 'H8=65.9%', 'H9=67.2%', 'H10=68.1%', 'H11=68.1%', 'H12=66.8%', 'H13=65.1%', 'H14=62.1%', 'H15=60.3%', 'H16=58.6%']
  mean_sigmoid_q_halt: ['0.052', '0.171', '0.338', '0.688', '0.773', '0.797', '0.770', '0.762', '0.785', '0.816', '0.836', '0.852', '0.852', '0.832', '0.816', '0.824']
  halt_rates: ['0.00', '0.00', '0.24', '0.66', '0.78', '0.83', '0.82', '0.81', '0.83', '0.84', '0.85', '0.87', '0.87', '0.86', '0.86', '0.86']
  halt_histogram %: [72.6, 21.0, 3.4, 0.8, 0.4, 0.2, 0.2, 0.1, 0.1, 0.1, 0.1, 0.0, 0.0, 0.0, 0.0, 0.9]
  Avg ACT steps (last 100): 1.11
  saved: /home/jvdillon/projects/sic/code/maze/ckpts/x002a/step11000.pt acc=99.27% (0.055s)
Step 11000  Test 99.27% / 74.50%  Train lm=0.7188±0.0018ϵ[0.7188,0.7422] n_halted=108.4500±9.4559ϵ[14.0000,121.0000]  (28.426s / 177.841s)
  n_active=128.0000±0.0000ϵ[128.0000,128.0000] n_expunged=0.0000±0.0000ϵ[0.0000,0.0000] pool_util=1.0000±0.0000ϵ[1.0000,1.0000]
  cell_acc=99.13%, puzzle_acc=69.50%
  eval_avg_halt_step: 1.99
  per_H_acc: ['H0=50.1%', 'H1=66.9%', 'H2=97.4%']
  H_cos: ['0.527', '0.863']
  z_H_delta: ['25.125', '22.125']
  cells: fixed=[101709, 65963] broken=[66659, 2260]
  per_ACT_cell_acc: ['H1=50.1%', 'H2=66.9%', 'H3=97.4%', 'H4=98.0%', 'H5=98.3%', 'H6=98.6%', 'H7=98.6%', 'H8=98.7%', 'H9=98.6%', 'H10=98.6%', 'H11=98.5%', 'H12=98.4%', 'H13=98.4%', 'H14=98.4%', 'H15=98.2%', 'H16=98.1%']
  per_ACT_puzzle_acc: ['H1=0.0%', 'H2=0.0%', 'H3=11.6%', 'H4=34.1%', 'H5=45.7%', 'H6=50.9%', 'H7=54.7%', 'H8=53.4%', 'H9=44.8%', 'H10=28.4%', 'H11=19.4%', 'H12=19.0%', 'H13=15.9%', 'H14=12.5%', 'H15=9.5%', 'H16=8.6%']
  mean_sigmoid_q_halt: ['0.136', '0.172', '0.193', '0.428', '0.475', '0.391', '0.539', '0.680', '0.738', '0.645', '0.479', '0.512', '0.570', '0.582', '0.500', '0.406']
  halt_rates: ['0.00', '0.00', '0.10', '0.40', '0.50', '0.38', '0.61', '0.75', '0.80', '0.71', '0.47', '0.54', '0.60', '0.61', '0.53', '0.37']
  halt_histogram %: [73.3, 20.6, 3.3, 0.8, 0.3, 0.2, 0.1, 0.1, 0.1, 0.1, 0.1, 0.0, 0.0, 0.0, 0.0, 0.9]
  Avg ACT steps (last 100): 1.11
  saved: /home/jvdillon/projects/sic/code/maze/ckpts/x002a/step11500.pt acc=99.13% (0.057s)
Step 11500  Test 99.13% / 69.50%  Train lm=0.7188±0.0016ϵ[0.7188,0.7344] n_halted=109.2880±7.3638ϵ[54.0000,121.0000]  (28.405s / 177.791s)
  n_active=128.0000±0.0000ϵ[128.0000,128.0000] n_expunged=0.0000±0.0000ϵ[0.0000,0.0000] pool_util=1.0000±0.0000ϵ[1.0000,1.0000]
  cell_acc=98.79%, puzzle_acc=64.60%
  eval_avg_halt_step: 1.60
  per_H_acc: ['H0=50.1%', 'H1=18.9%', 'H2=97.9%']
  H_cos: ['0.570', '0.617']
  z_H_delta: ['29.625', '27.750']
  cells: fixed=[29351, 166897] broken=[94554, 1780]
  per_ACT_cell_acc: ['H1=50.1%', 'H2=18.9%', 'H3=97.9%', 'H4=98.7%', 'H5=98.8%', 'H6=98.7%', 'H7=98.6%', 'H8=98.5%', 'H9=98.4%', 'H10=98.4%', 'H11=98.4%', 'H12=98.3%', 'H13=98.2%', 'H14=98.1%', 'H15=98.1%', 'H16=98.1%']
  per_ACT_puzzle_acc: ['H1=0.0%', 'H2=0.0%', 'H3=12.5%', 'H4=44.8%', 'H5=59.1%', 'H6=60.3%', 'H7=58.2%', 'H8=56.5%', 'H9=55.6%', 'H10=54.3%', 'H11=52.6%', 'H12=49.6%', 'H13=47.8%', 'H14=47.4%', 'H15=44.8%', 'H16=43.5%']
  mean_sigmoid_q_halt: ['0.084', '0.539', '0.426', '0.777', '0.855', '0.859', '0.859', '0.859', '0.848', '0.848', '0.832', '0.820', '0.809', '0.801', '0.785', '0.797']
  halt_rates: ['0.00', '0.87', '0.33', '0.82', '0.88', '0.85', '0.87', '0.86', '0.85', '0.86', '0.83', '0.82', '0.81', '0.81', '0.78', '0.80']
  halt_histogram %: [73.9, 20.2, 3.2, 0.8, 0.3, 0.2, 0.1, 0.1, 0.1, 0.1, 0.0, 0.0, 0.0, 0.0, 0.0, 0.8]
  Avg ACT steps (last 100): 1.17
  saved: /home/jvdillon/projects/sic/code/maze/ckpts/x002a/step12000.pt acc=98.79% (0.056s)
Step 12000  Test 98.79% / 64.60%  Train lm=0.7188±0.0014ϵ[0.7188,0.7227] n_halted=108.1760±5.5853ϵ[69.0000,119.0000]  (28.410s / 177.795s)
  n_active=128.0000±0.0000ϵ[128.0000,128.0000] n_expunged=0.0000±0.0000ϵ[0.0000,0.0000] pool_util=1.0000±0.0000ϵ[1.0000,1.0000]
  cell_acc=99.25%, puzzle_acc=73.70%
  eval_avg_halt_step: 1.28
  per_H_acc: ['H0=51.5%', 'H1=54.6%', 'H2=97.6%']
  H_cos: ['0.707', '0.840']
  z_H_delta: ['22.500', '21.375']
  cells: fixed=[100840, 91934] broken=[94441, 2179]
  per_ACT_cell_acc: ['H1=51.5%', 'H2=54.6%', 'H3=97.6%', 'H4=98.3%', 'H5=98.4%', 'H6=98.5%', 'H7=98.5%', 'H8=98.5%', 'H9=98.5%', 'H10=98.5%', 'H11=98.5%', 'H12=98.5%', 'H13=98.5%', 'H14=98.5%', 'H15=98.5%', 'H16=98.5%']
  per_ACT_puzzle_acc: ['H1=0.0%', 'H2=0.0%', 'H3=14.2%', 'H4=50.4%', 'H5=55.2%', 'H6=56.5%', 'H7=63.4%', 'H8=63.4%', 'H9=62.5%', 'H10=58.2%', 'H11=59.1%', 'H12=59.1%', 'H13=58.2%', 'H14=56.9%', 'H15=58.2%', 'H16=57.3%']
  mean_sigmoid_q_halt: ['0.216', '0.664', '0.311', '0.680', '0.742', '0.668', '0.840', '0.902', '0.883', '0.730', '0.828', '0.891', '0.883', '0.777', '0.812', '0.859']
  halt_rates: ['0.00', '0.76', '0.19', '0.68', '0.84', '0.79', '0.87', '0.91', '0.94', '0.87', '0.89', '0.91', '0.93', '0.89', '0.88', '0.89']
  halt_histogram %: [74.5, 19.8, 3.1, 0.8, 0.3, 0.2, 0.1, 0.1, 0.1, 0.1, 0.0, 0.0, 0.0, 0.0, 0.0, 0.8]
  Avg ACT steps (last 100): 1.16
  saved: /home/jvdillon/projects/sic/code/maze/ckpts/x002a/step12500.pt acc=99.25% (0.054s)
Step 12500  Test 99.25% / 73.70%  Train lm=0.7188±0.0019ϵ[0.7188,0.7305] n_halted=108.2800±10.7992ϵ[27.0000,122.0000]  (28.426s / 177.790s)
  n_active=128.0000±0.0000ϵ[128.0000,128.0000] n_expunged=0.0000±0.0000ϵ[0.0000,0.0000] pool_util=1.0000±0.0000ϵ[1.0000,1.0000]
  cell_acc=99.11%, puzzle_acc=72.90%
  eval_avg_halt_step: 1.57
  per_H_acc: ['H0=50.2%', 'H1=53.0%', 'H2=96.9%']
  H_cos: ['0.742', '0.855']
  z_H_delta: ['21.750', '21.000']
  cells: fixed=[103452, 93908] broken=[97604, 2291]
  per_ACT_cell_acc: ['H1=50.2%', 'H2=53.0%', 'H3=96.9%', 'H4=98.1%', 'H5=98.3%', 'H6=98.3%', 'H7=98.4%', 'H8=98.4%', 'H9=98.4%', 'H10=98.4%', 'H11=98.4%', 'H12=98.4%', 'H13=98.5%', 'H14=98.5%', 'H15=98.5%', 'H16=98.5%']
  per_ACT_puzzle_acc: ['H1=0.0%', 'H2=0.0%', 'H3=1.7%', 'H4=28.4%', 'H5=40.9%', 'H6=40.5%', 'H7=40.9%', 'H8=43.5%', 'H9=46.6%', 'H10=49.1%', 'H11=49.6%', 'H12=47.4%', 'H13=47.0%', 'H14=49.1%', 'H15=48.3%', 'H16=47.8%']
  mean_sigmoid_q_halt: ['0.400', '0.439', '0.213', '0.523', '0.637', '0.648', '0.719', '0.805', '0.852', '0.875', '0.852', '0.797', '0.777', '0.820', '0.852', '0.859']
  halt_rates: ['0.00', '0.15', '0.04', '0.49', '0.67', '0.69', '0.77', '0.82', '0.86', '0.89', '0.88', '0.85', '0.81', '0.85', '0.88', '0.87']
  halt_histogram %: [75.0, 19.5, 3.1, 0.7, 0.3, 0.2, 0.1, 0.1, 0.1, 0.1, 0.0, 0.0, 0.0, 0.0, 0.0, 0.7]
  Avg ACT steps (last 100): 1.09
  saved: /home/jvdillon/projects/sic/code/maze/ckpts/x002a/step13000.pt acc=99.11% (0.054s)
Step 13000  Test 99.11% / 72.90%  Train lm=0.7188±0.0027ϵ[0.7188,0.7539] n_halted=107.8000±10.4871ϵ[8.0000,122.0000]  (28.416s / 177.855s)
  n_active=128.0000±0.0000ϵ[128.0000,128.0000] n_expunged=0.0000±0.0000ϵ[0.0000,0.0000] pool_util=1.0000±0.0000ϵ[1.0000,1.0000]
  cell_acc=99.28%, puzzle_acc=79.80%
  eval_avg_halt_step: 1.52
  per_H_acc: ['H0=50.2%', 'H1=50.2%', 'H2=98.5%']
  H_cos: ['0.629', '0.809']
  z_H_delta: ['25.750', '23.250']
  cells: fixed=[103998, 102165] broken=[104079, 1309]
  per_ACT_cell_acc: ['H1=50.2%', 'H2=50.2%', 'H3=98.5%', 'H4=98.9%', 'H5=98.9%', 'H6=99.0%', 'H7=99.0%', 'H8=99.0%', 'H9=99.0%', 'H10=99.0%', 'H11=99.0%', 'H12=99.0%', 'H13=99.0%', 'H14=99.0%', 'H15=99.0%', 'H16=98.9%']
  per_ACT_puzzle_acc: ['H1=0.0%', 'H2=0.0%', 'H3=30.2%', 'H4=56.0%', 'H5=66.4%', 'H6=67.7%', 'H7=67.7%', 'H8=68.1%', 'H9=68.1%', 'H10=66.8%', 'H11=66.8%', 'H12=63.4%', 'H13=62.5%', 'H14=59.9%', 'H15=57.8%', 'H16=56.0%']
  mean_sigmoid_q_halt: ['0.172', '0.695', '0.340', '0.621', '0.812', '0.879', '0.898', '0.902', '0.895', '0.883', '0.879', '0.875', '0.879', '0.871', '0.871', '0.879']
  halt_rates: ['0.00', '0.99', '0.25', '0.66', '0.87', '0.94', '0.94', '0.95', '0.94', '0.94', '0.94', '0.93', '0.94', '0.93', '0.93', '0.94']
  halt_histogram %: [75.5, 19.1, 3.0, 0.7, 0.3, 0.2, 0.1, 0.1, 0.1, 0.1, 0.0, 0.0, 0.0, 0.0, 0.0, 0.7]
  Avg ACT steps (last 100): 1.16
  saved: /home/jvdillon/projects/sic/code/maze/ckpts/x002a/step13500.pt acc=99.28% (0.056s)
Step 13500  Test 99.28% / 79.80%  Train lm=0.7188±0.0010ϵ[0.7188,0.7227] n_halted=110.7180±4.9755ϵ[82.0000,123.0000]  (28.412s / 177.766s)
  n_active=128.0000±0.0000ϵ[128.0000,128.0000] n_expunged=0.0000±0.0000ϵ[0.0000,0.0000] pool_util=1.0000±0.0000ϵ[1.0000,1.0000]
  cell_acc=98.94%, puzzle_acc=60.20%
  eval_avg_halt_step: 1.58
  per_H_acc: ['H0=87.5%', 'H1=63.8%', 'H2=97.9%']
  H_cos: ['0.930', '0.891']
  z_H_delta: ['22.500', '18.750']
  cells: fixed=[25457, 72649] broken=[74974, 1333]
  per_ACT_cell_acc: ['H1=87.5%', 'H2=63.8%', 'H3=97.9%', 'H4=98.4%', 'H5=98.5%', 'H6=98.5%', 'H7=98.6%', 'H8=98.5%', 'H9=98.5%', 'H10=98.4%', 'H11=98.4%', 'H12=98.4%', 'H13=98.3%', 'H14=98.3%', 'H15=98.3%', 'H16=98.2%']
  per_ACT_puzzle_acc: ['H1=0.0%', 'H2=0.0%', 'H3=26.7%', 'H4=44.8%', 'H5=53.9%', 'H6=54.7%', 'H7=51.7%', 'H8=44.4%', 'H9=42.2%', 'H10=45.3%', 'H11=44.0%', 'H12=43.1%', 'H13=39.7%', 'H14=37.1%', 'H15=37.1%', 'H16=37.1%']
  mean_sigmoid_q_halt: ['0.461', '0.887', '0.445', '0.648', '0.730', '0.766', '0.777', '0.754', '0.746', '0.738', '0.742', '0.746', '0.742', '0.734', '0.727', '0.719']
  halt_rates: ['0.00', '1.00', '0.38', '0.64', '0.73', '0.79', '0.81', '0.78', '0.75', '0.72', '0.74', '0.74', '0.76', '0.75', '0.74', '0.70']
  halt_histogram %: [76.0, 18.8, 2.9, 0.7, 0.3, 0.2, 0.1, 0.1, 0.1, 0.1, 0.0, 0.0, 0.0, 0.0, 0.0, 0.7]
  Avg ACT steps (last 100): 1.14
  saved: /home/jvdillon/projects/sic/code/maze/ckpts/x002a/step14000.pt acc=98.94% (0.056s)
Step 14000  Test 98.94% / 60.20%  Train lm=0.7188±0.0019ϵ[0.7188,0.7422] n_halted=108.4760±11.1413ϵ[15.0000,122.0000]  (28.419s / 177.850s)
  n_active=128.0000±0.0000ϵ[128.0000,128.0000] n_expunged=0.0000±0.0000ϵ[0.0000,0.0000] pool_util=1.0000±0.0000ϵ[1.0000,1.0000]
  cell_acc=99.21%, puzzle_acc=75.30%
  eval_avg_halt_step: 1.39
  per_H_acc: ['H0=50.1%', 'H1=50.8%', 'H2=96.2%']
  H_cos: ['0.590', '0.902']
  z_H_delta: ['22.750', '18.125']
  cells: fixed=[104178, 95964] broken=[102588, 1222]
  per_ACT_cell_acc: ['H1=50.1%', 'H2=50.8%', 'H3=96.2%', 'H4=98.3%', 'H5=98.4%', 'H6=98.5%', 'H7=98.4%', 'H8=98.4%', 'H9=98.4%', 'H10=98.3%', 'H11=98.3%', 'H12=98.1%', 'H13=98.0%', 'H14=97.9%', 'H15=97.8%', 'H16=97.7%']
  per_ACT_puzzle_acc: ['H1=0.0%', 'H2=0.0%', 'H3=0.9%', 'H4=31.9%', 'H5=48.3%', 'H6=55.2%', 'H7=58.2%', 'H8=57.8%', 'H9=51.3%', 'H10=39.7%', 'H11=26.7%', 'H12=16.4%', 'H13=10.3%', 'H14=5.6%', 'H15=3.4%', 'H16=3.0%']
  mean_sigmoid_q_halt: ['0.467', '0.879', '0.264', '0.609', '0.645', '0.770', '0.816', '0.832', '0.812', '0.820', '0.836', '0.840', '0.840', '0.832', '0.832', '0.840']
  halt_rates: ['0.00', '1.00', '0.08', '0.63', '0.68', '0.80', '0.84', '0.85', '0.84', '0.85', '0.85', '0.85', '0.86', '0.86', '0.85', '0.86']
  halt_histogram %: [76.4, 18.6, 2.8, 0.7, 0.3, 0.2, 0.1, 0.1, 0.1, 0.1, 0.0, 0.0, 0.0, 0.0, 0.0, 0.7]
  Avg ACT steps (last 100): 1.10
  saved: /home/jvdillon/projects/sic/code/maze/ckpts/x002a/step14500.pt acc=99.21% (0.055s)
Step 14500  Test 99.21% / 75.30%  Train lm=0.7188±0.0013ϵ[0.7188,0.7266] n_halted=110.1900±6.2151ϵ[68.0000,121.0000]  (28.412s / 177.786s)
  n_active=128.0000±0.0000ϵ[128.0000,128.0000] n_expunged=0.0000±0.0000ϵ[0.0000,0.0000] pool_util=1.0000±0.0000ϵ[1.0000,1.0000]
  cell_acc=99.38%, puzzle_acc=77.10%
  eval_avg_halt_step: 1.43
  per_H_acc: ['H0=50.1%', 'H1=79.7%', 'H2=98.7%']
  H_cos: ['0.566', '0.875']
  z_H_delta: ['24.750', '20.875']
  cells: fixed=[103493, 40830] broken=[41693, 1163]
  per_ACT_cell_acc: ['H1=50.1%', 'H2=79.7%', 'H3=98.7%', 'H4=99.0%', 'H5=99.1%', 'H6=99.2%', 'H7=99.2%', 'H8=99.2%', 'H9=99.2%', 'H10=99.2%', 'H11=99.2%', 'H12=99.2%', 'H13=99.2%', 'H14=99.2%', 'H15=99.2%', 'H16=99.2%']
  per_ACT_puzzle_acc: ['H1=0.0%', 'H2=0.0%', 'H3=42.2%', 'H4=63.4%', 'H5=67.7%', 'H6=71.6%', 'H7=72.8%', 'H8=72.8%', 'H9=72.4%', 'H10=71.1%', 'H11=69.8%', 'H12=69.8%', 'H13=69.8%', 'H14=69.0%', 'H15=68.1%', 'H16=66.4%']
  mean_sigmoid_q_halt: ['0.508', '0.336', '0.477', '0.703', '0.727', '0.762', '0.840', '0.883', '0.906', '0.879', '0.863', '0.891', '0.898', '0.895', '0.898', '0.875']
  halt_rates: ['1.00', '0.06', '0.45', '0.75', '0.81', '0.84', '0.89', '0.91', '0.94', '0.94', '0.93', '0.92', '0.92', '0.92', '0.93', '0.93']
  halt_histogram %: [76.8, 18.3, 2.8, 0.6, 0.3, 0.2, 0.1, 0.1, 0.1, 0.0, 0.0, 0.0, 0.0, 0.0, 0.0, 0.6]
  Avg ACT steps (last 100): 1.15
  saved: /home/jvdillon/projects/sic/code/maze/ckpts/x002a/step15000.pt acc=99.38% (0.056s)
  saved: /home/jvdillon/projects/sic/code/maze/ckpts/x002a/best.pt acc=99.38% (0.136s)
Step 15000  Test 99.38% / 77.10%  Train lm=0.7188±0.0014ϵ[0.7188,0.7305] n_halted=109.2640±7.8902ϵ[39.0000,121.0000]  (28.501s / 177.819s)
  n_active=128.0000±0.0000ϵ[128.0000,128.0000] n_expunged=0.0000±0.0000ϵ[0.0000,0.0000] pool_util=1.0000±0.0000ϵ[1.0000,1.0000]
  cell_acc=99.18%, puzzle_acc=74.60%
  eval_avg_halt_step: 1.59
  per_H_acc: ['H0=50.1%', 'H1=86.9%', 'H2=98.5%']
  H_cos: ['0.684', '0.902']
  z_H_delta: ['26.875', '20.875']
  cells: fixed=[101987, 25621] broken=[25080, 1393]
  per_ACT_cell_acc: ['H1=50.1%', 'H2=86.9%', 'H3=98.5%', 'H4=98.8%', 'H5=98.8%', 'H6=98.8%', 'H7=98.9%', 'H8=98.9%', 'H9=98.9%', 'H10=98.9%', 'H11=98.9%', 'H12=98.9%', 'H13=98.9%', 'H14=98.8%', 'H15=98.8%', 'H16=98.8%']
  per_ACT_puzzle_acc: ['H1=0.0%', 'H2=0.0%', 'H3=42.2%', 'H4=54.7%', 'H5=57.8%', 'H6=58.2%', 'H7=61.6%', 'H8=64.7%', 'H9=65.9%', 'H10=62.5%', 'H11=59.1%', 'H12=59.1%', 'H13=55.6%', 'H14=53.4%', 'H15=48.7%', 'H16=47.8%']
  mean_sigmoid_q_halt: ['0.381', '0.264', '0.566', '0.719', '0.758', '0.797', '0.840', '0.867', '0.891', '0.879', '0.871', '0.879', '0.855', '0.867', '0.875', '0.855']
  halt_rates: ['0.00', '0.00', '0.55', '0.73', '0.76', '0.82', '0.87', '0.89', '0.92', '0.90', '0.91', '0.90', '0.88', '0.88', '0.90', '0.88']
  halt_histogram %: [77.1, 18.1, 2.7, 0.6, 0.3, 0.2, 0.1, 0.1, 0.1, 0.0, 0.0, 0.0, 0.0, 0.0, 0.0, 0.6]
  Avg ACT steps (last 100): 1.18
  saved: /home/jvdillon/projects/sic/code/maze/ckpts/x002a/step15500.pt acc=99.18% (0.054s)
Step 15500  Test 99.18% / 74.60%  Train lm=0.7188±0.0016ϵ[0.7188,0.7266] n_halted=109.3360±6.0594ϵ[75.0000,123.0000]  (28.412s / 177.747s)
  n_active=128.0000±0.0000ϵ[128.0000,128.0000] n_expunged=0.0000±0.0000ϵ[0.0000,0.0000] pool_util=1.0000±0.0000ϵ[1.0000,1.0000]
  cell_acc=99.23%, puzzle_acc=74.70%
  eval_avg_halt_step: 1.66
  per_H_acc: ['H0=50.3%', 'H1=51.4%', 'H2=98.3%']
  H_cos: ['0.195', '0.668']
  z_H_delta: ['28.875', '22.250']
  cells: fixed=[103729, 99257] broken=[101474, 1237]
  per_ACT_cell_acc: ['H1=50.3%', 'H2=51.4%', 'H3=98.3%', 'H4=98.9%', 'H5=99.0%', 'H6=99.0%', 'H7=99.0%', 'H8=98.9%', 'H9=98.8%', 'H10=98.6%', 'H11=98.4%', 'H12=98.2%', 'H13=98.1%', 'H14=97.9%', 'H15=97.7%', 'H16=97.6%']
  per_ACT_puzzle_acc: ['H1=0.0%', 'H2=0.0%', 'H3=28.0%', 'H4=56.0%', 'H5=64.7%', 'H6=60.3%', 'H7=50.4%', 'H8=41.8%', 'H9=33.2%', 'H10=18.1%', 'H11=12.5%', 'H12=8.2%', 'H13=5.6%', 'H14=2.2%', 'H15=2.6%', 'H16=2.6%']
  mean_sigmoid_q_halt: ['0.357', '0.973', '0.482', '0.770', '0.871', '0.867', '0.832', '0.848', '0.879', '0.852', '0.855', '0.836', '0.828', '0.816', '0.820', '0.797']
  halt_rates: ['0.00', '1.00', '0.43', '0.80', '0.90', '0.93', '0.94', '0.91', '0.94', '0.93', '0.91', '0.89', '0.90', '0.90', '0.88', '0.87']
  halt_histogram %: [77.4, 17.9, 2.7, 0.6, 0.3, 0.1, 0.1, 0.1, 0.1, 0.0, 0.0, 0.0, 0.0, 0.0, 0.0, 0.6]
  Avg ACT steps (last 100): 1.11
  saved: /home/jvdillon/projects/sic/code/maze/ckpts/x002a/step16000.pt acc=99.23% (0.054s)
Step 16000  Test 99.23% / 74.70%  Train lm=0.7188±0.0015ϵ[0.7188,0.7266] n_halted=107.8360±7.8769ϵ[35.0000,123.0000]  (28.425s / 177.836s)
  n_active=128.0000±0.0000ϵ[128.0000,128.0000] n_expunged=0.0000±0.0000ϵ[0.0000,0.0000] pool_util=1.0000±0.0000ϵ[1.0000,1.0000]
