Adam params: ('embed_tokens.weight', 'head.weight', 'head.bias', 'q_head.weight', 'q_head.bias', 'puzzle_id_embed.weight')
Muon 2D params: ('reasoning.0.attn.o_proj.weight', 'reasoning.0.mlp.up_proj.weight', 'reasoning.0.mlp.down_proj.weight', 'reasoning.1.attn.o_proj.weight', 'reasoning.1.mlp.up_proj.weight', 'reasoning.1.mlp.down_proj.weight')
Muon 3D params (ensemble_dims=1): ('reasoning.0.attn.qkv_proj.weight', 'reasoning.1.attn.qkv_proj.weight')
Saved step 0 checkpoint with RNG: /home/jvdillon/projects/sic/code/maze/ckpts/x003/step00000_rng.pt
  cell_acc=87.50%, puzzle_acc=0.00%
  eval_avg_halt_step: 4.70
  per_H_acc: ['H0=87.5%', 'H1=87.5%', 'H2=87.5%']
  H_cos: ['0.859', '0.977']
  z_H_delta: ['16.875', '8.125']
  cells: fixed=[8, 50] broken=[50, 36]
  per_ACT_cell_acc: ['H1=87.5%', 'H2=87.5%', 'H3=87.5%', 'H4=87.4%', 'H5=87.3%', 'H6=87.3%', 'H7=87.3%', 'H8=87.3%', 'H9=87.4%', 'H10=87.4%', 'H11=87.4%', 'H12=87.4%', 'H13=87.4%', 'H14=87.4%', 'H15=87.4%', 'H16=87.4%']
  per_ACT_puzzle_acc: ['H1=0.0%', 'H2=0.0%', 'H3=0.0%', 'H4=0.0%', 'H5=0.0%', 'H6=0.0%', 'H7=0.0%', 'H8=0.0%', 'H9=0.0%', 'H10=0.0%', 'H11=0.0%', 'H12=0.0%', 'H13=0.0%', 'H14=0.0%', 'H15=0.0%', 'H16=0.0%']
  mean_sigmoid_q_halt: ['0.021', '0.006', '0.004', '0.008', '0.043', '0.121', '0.188', '0.241', '0.287', '0.332', '0.381', '0.432', '0.480', '0.523', '0.555', '0.578']
  halt_rates: ['0.00', '0.00', '0.00', '0.00', '0.00', '0.00', '0.00', '0.00', '0.00', '0.00', '0.00', '0.00', '0.11', '0.94', '1.00', '1.00']
  halt_histogram %: [0.0, 5.7, 19.4, 28.2, 16.0, 9.0, 4.7, 1.1, 0.4, 0.6, 1.7, 0.1, 0.0, 0.0, 0.0, 13.2]
  Avg ACT steps (last 100): 3.29
  saved: /home/jvdillon/projects/sic/code/maze/ckpts/x003/step00500.pt acc=87.50% (0.058s)
  saved: /home/jvdillon/projects/sic/code/maze/ckpts/x003/best.pt acc=87.50% (0.113s)
Step   500  Test 87.50% /  0.00%  Train lm=0.7578±0.1025ϵ[0.7188,1.7109] n_halted=21.3220±33.7377ϵ[0.0000,128.0000]  (36.358s / 183.335s)
  n_active=128.0000±0.0000ϵ[128.0000,128.0000] n_expunged=0.0000±0.0000ϵ[0.0000,0.0000] pool_util=1.0000±0.0000ϵ[1.0000,1.0000]
  cell_acc=85.49%, puzzle_acc=0.00%
  eval_avg_halt_step: 2.00
  per_H_acc: ['H0=40.3%', 'H1=85.5%', 'H2=87.5%']
  H_cos: ['0.605', '0.805']
  z_H_delta: ['20.750', '20.875']
  cells: fixed=[97225, 4351] broken=[2957, 84]
  per_ACT_cell_acc: ['H1=40.3%', 'H2=85.5%', 'H3=87.5%', 'H4=87.3%', 'H5=87.3%', 'H6=87.3%', 'H7=87.3%', 'H8=87.3%', 'H9=87.3%', 'H10=87.3%', 'H11=87.3%', 'H12=87.3%', 'H13=87.3%', 'H14=87.3%', 'H15=87.3%', 'H16=87.3%']
  per_ACT_puzzle_acc: ['H1=0.0%', 'H2=0.0%', 'H3=0.0%', 'H4=0.0%', 'H5=0.0%', 'H6=0.0%', 'H7=0.0%', 'H8=0.0%', 'H9=0.0%', 'H10=0.0%', 'H11=0.0%', 'H12=0.0%', 'H13=0.0%', 'H14=0.0%', 'H15=0.0%', 'H16=0.0%']
  mean_sigmoid_q_halt: ['0.012', '0.027', '0.156', '0.348', '0.492', '0.578', '0.625', '0.648', '0.664', '0.672', '0.680', '0.684', '0.684', '0.684', '0.684', '0.684']
  halt_rates: ['0.00', '0.00', '0.00', '0.00', '0.32', '1.00', '1.00', '1.00', '1.00', '1.00', '1.00', '1.00', '1.00', '1.00', '1.00', '1.00']
  halt_histogram %: [0.0, 14.6, 25.7, 36.5, 10.6, 3.9, 1.9, 0.4, 0.2, 0.3, 1.0, 0.0, 0.0, 0.0, 0.0, 4.9]
  Avg ACT steps (last 100): 2.10
  saved: /home/jvdillon/projects/sic/code/maze/ckpts/x003/step01000.pt acc=85.49% (0.059s)
Step  1000  Test 85.49% /  0.00%  Train lm=0.7305±0.0106ϵ[0.7188,0.9102] n_halted=36.9780±20.1137ϵ[0.0000,120.0000]  (27.756s / 174.790s)
  n_active=128.0000±0.0000ϵ[128.0000,128.0000] n_expunged=0.0000±0.0000ϵ[0.0000,0.0000] pool_util=1.0000±0.0000ϵ[1.0000,1.0000]
  cell_acc=86.32%, puzzle_acc=0.00%
  eval_avg_halt_step: 12.40
  per_H_acc: ['H0=87.5%', 'H1=87.1%', 'H2=87.4%']
  H_cos: ['0.594', '0.922']
  z_H_delta: ['22.500', '13.312']
  cells: fixed=[1506, 2387] broken=[2328, 1738]
  per_ACT_cell_acc: ['H1=87.5%', 'H2=87.1%', 'H3=87.4%', 'H4=87.5%', 'H5=87.5%', 'H6=87.4%', 'H7=87.4%', 'H8=87.3%', 'H9=87.3%', 'H10=87.2%', 'H11=87.2%', 'H12=87.1%', 'H13=87.1%', 'H14=87.1%', 'H15=87.1%', 'H16=87.0%']
  per_ACT_puzzle_acc: ['H1=0.0%', 'H2=0.0%', 'H3=0.0%', 'H4=0.0%', 'H5=0.0%', 'H6=0.0%', 'H7=0.0%', 'H8=0.0%', 'H9=0.0%', 'H10=0.0%', 'H11=0.0%', 'H12=0.0%', 'H13=0.0%', 'H14=0.0%', 'H15=0.0%', 'H16=0.0%']
  mean_sigmoid_q_halt: ['0.030', '0.034', '0.420', '0.551', '0.668', '0.762', '0.797', '0.809', '0.816', '0.820', '0.820', '0.824', '0.824', '0.824', '0.824', '0.824']
  halt_rates: ['0.00', '0.00', '0.28', '0.66', '0.92', '0.99', '0.99', '0.99', '1.00', '0.99', '1.00', '0.99', '0.98', '0.97', '0.97', '0.97']
  halt_histogram %: [3.7, 40.1, 20.9, 21.3, 6.4, 2.6, 1.4, 0.4, 0.2, 0.2, 0.5, 0.0, 0.0, 0.0, 0.0, 2.5]
  Avg ACT steps (last 100): 2.35
  saved: /home/jvdillon/projects/sic/code/maze/ckpts/x003/step01500.pt acc=86.32% (0.056s)
Step  1500  Test 86.32% /  0.00%  Train lm=0.7227±0.0022ϵ[0.7188,0.7344] n_halted=54.2060±18.3886ϵ[0.0000,108.0000]  (27.752s / 174.948s)
  n_active=128.0000±0.0000ϵ[128.0000,128.0000] n_expunged=0.0000±0.0000ϵ[0.0000,0.0000] pool_util=1.0000±0.0000ϵ[1.0000,1.0000]
  cell_acc=84.54%, puzzle_acc=0.00%
  eval_avg_halt_step: 15.99
  per_H_acc: ['H0=86.5%', 'H1=85.8%', 'H2=85.9%']
  H_cos: ['0.719', '0.879']
  z_H_delta: ['22.250', '16.750']
  cells: fixed=[4388, 11753] broken=[5864, 11489]
  per_ACT_cell_acc: ['H1=86.5%', 'H2=85.8%', 'H3=85.9%', 'H4=86.3%', 'H5=85.7%', 'H6=85.8%', 'H7=85.5%', 'H8=85.7%', 'H9=85.2%', 'H10=85.7%', 'H11=85.2%', 'H12=85.5%', 'H13=85.2%', 'H14=85.5%', 'H15=85.0%', 'H16=85.4%']
  per_ACT_puzzle_acc: ['H1=0.0%', 'H2=0.0%', 'H3=0.0%', 'H4=0.0%', 'H5=0.0%', 'H6=0.0%', 'H7=0.0%', 'H8=0.0%', 'H9=0.0%', 'H10=0.0%', 'H11=0.0%', 'H12=0.0%', 'H13=0.0%', 'H14=0.0%', 'H15=0.0%', 'H16=0.0%']
  mean_sigmoid_q_halt: ['0.393', '0.038', '0.061', '0.076', '0.089', '0.085', '0.104', '0.086', '0.103', '0.088', '0.106', '0.090', '0.106', '0.092', '0.109', '0.094']
  halt_rates: ['0.00', '0.00', '0.00', '0.00', '0.00', '0.00', '0.00', '0.00', '0.00', '0.00', '0.00', '0.00', '0.00', '0.00', '0.00', '0.00']
  halt_histogram %: [15.9, 42.4, 17.8, 14.5, 4.4, 1.7, 0.9, 0.2, 0.1, 0.1, 0.3, 0.0, 0.0, 0.0, 0.0, 1.6]
  Avg ACT steps (last 100): 1.46
  saved: /home/jvdillon/projects/sic/code/maze/ckpts/x003/step02000.pt acc=84.54% (0.055s)
Step  2000  Test 84.54% /  0.00%  Train lm=0.7188±0.0020ϵ[0.7188,0.7305] n_halted=67.8540±18.0936ϵ[0.0000,104.0000]  (27.749s / 174.930s)
  n_active=128.0000±0.0000ϵ[128.0000,128.0000] n_expunged=0.0000±0.0000ϵ[0.0000,0.0000] pool_util=1.0000±0.0000ϵ[1.0000,1.0000]
  cell_acc=84.44%, puzzle_acc=0.00%
  eval_avg_halt_step: 15.91
  per_H_acc: ['H0=87.5%', 'H1=87.2%', 'H2=85.5%']
  H_cos: ['0.824', '0.938']
  z_H_delta: ['18.875', '9.750']
  cells: fixed=[1103, 6292] broken=[1637, 9981]
  per_ACT_cell_acc: ['H1=87.5%', 'H2=87.2%', 'H3=85.5%', 'H4=86.4%', 'H5=85.7%', 'H6=85.7%', 'H7=85.3%', 'H8=85.4%', 'H9=85.0%', 'H10=85.0%', 'H11=84.6%', 'H12=84.7%', 'H13=84.3%', 'H14=84.5%', 'H15=84.0%', 'H16=84.2%']
  per_ACT_puzzle_acc: ['H1=0.0%', 'H2=0.0%', 'H3=0.0%', 'H4=0.0%', 'H5=0.0%', 'H6=0.0%', 'H7=0.0%', 'H8=0.0%', 'H9=0.0%', 'H10=0.0%', 'H11=0.0%', 'H12=0.0%', 'H13=0.0%', 'H14=0.0%', 'H15=0.0%', 'H16=0.0%']
  mean_sigmoid_q_halt: ['0.410', '0.222', '0.087', '0.110', '0.088', '0.096', '0.104', '0.107', '0.117', '0.120', '0.126', '0.125', '0.132', '0.129', '0.136', '0.133']
  halt_rates: ['0.00', '0.00', '0.00', '0.00', '0.00', '0.00', '0.00', '0.00', '0.00', '0.00', '0.00', '0.00', '0.00', '0.00', '0.00', '0.00']
  halt_histogram %: [34.2, 35.8, 13.4, 10.1, 3.1, 1.2, 0.6, 0.2, 0.1, 0.1, 0.2, 0.0, 0.0, 0.0, 0.0, 1.0]
  Avg ACT steps (last 100): 1.20
  saved: /home/jvdillon/projects/sic/code/maze/ckpts/x003/step02500.pt acc=84.44% (0.055s)
Step  2500  Test 84.44% /  0.00%  Train lm=0.7188±0.0013ϵ[0.7188,0.7305] n_halted=91.5540±15.0834ϵ[22.0000,117.0000]  (27.740s / 174.852s)
  n_active=128.0000±0.0000ϵ[128.0000,128.0000] n_expunged=0.0000±0.0000ϵ[0.0000,0.0000] pool_util=1.0000±0.0000ϵ[1.0000,1.0000]
  cell_acc=86.25%, puzzle_acc=0.00%
  eval_avg_halt_step: 15.91
  per_H_acc: ['H0=87.5%', 'H1=87.6%', 'H2=87.4%']
  H_cos: ['0.930', '0.922']
  z_H_delta: ['18.000', '18.125']
  cells: fixed=[316, 2482] broken=[192, 2826]
  per_ACT_cell_acc: ['H1=87.5%', 'H2=87.6%', 'H3=87.4%', 'H4=86.1%', 'H5=86.8%', 'H6=84.1%', 'H7=82.7%', 'H8=80.9%', 'H9=79.7%', 'H10=78.7%', 'H11=77.9%', 'H12=76.9%', 'H13=76.3%', 'H14=75.4%', 'H15=74.9%', 'H16=74.3%']
  per_ACT_puzzle_acc: ['H1=0.0%', 'H2=0.0%', 'H3=0.0%', 'H4=0.0%', 'H5=0.0%', 'H6=0.0%', 'H7=0.0%', 'H8=0.0%', 'H9=0.0%', 'H10=0.0%', 'H11=0.0%', 'H12=0.0%', 'H13=0.0%', 'H14=0.0%', 'H15=0.0%', 'H16=0.0%']
  mean_sigmoid_q_halt: ['0.566', '0.758', '0.037', '0.136', '0.070', '0.196', '0.071', '0.242', '0.059', '0.314', '0.067', '0.305', '0.093', '0.305', '0.107', '0.320']
  halt_rates: ['0.95', '0.92', '0.00', '0.00', '0.00', '0.00', '0.00', '0.06', '0.00', '0.14', '0.00', '0.11', '0.00', '0.11', '0.01', '0.12']
  halt_histogram %: [47.3, 30.0, 10.4, 7.5, 2.3, 0.9, 0.4, 0.1, 0.1, 0.1, 0.2, 0.0, 0.0, 0.0, 0.0, 0.8]
  Avg ACT steps (last 100): 1.21
  saved: /home/jvdillon/projects/sic/code/maze/ckpts/x003/step03000.pt acc=86.25% (0.055s)
Step  3000  Test 86.25% /  0.00%  Train lm=0.7188±0.0007ϵ[0.7188,0.7266] n_halted=103.4980±11.4185ϵ[5.0000,119.0000]  (27.754s / 174.897s)
  n_active=128.0000±0.0000ϵ[128.0000,128.0000] n_expunged=0.0000±0.0000ϵ[0.0000,0.0000] pool_util=1.0000±0.0000ϵ[1.0000,1.0000]
  cell_acc=86.97%, puzzle_acc=0.00%
  eval_avg_halt_step: 10.70
  per_H_acc: ['H0=87.5%', 'H1=87.5%', 'H2=84.5%']
  H_cos: ['0.961', '0.910']
  z_H_delta: ['16.125', '13.375']
  cells: fixed=[177, 10276] broken=[151, 16489]
  per_ACT_cell_acc: ['H1=87.5%', 'H2=87.5%', 'H3=84.5%', 'H4=87.5%', 'H5=87.3%', 'H6=85.6%', 'H7=87.5%', 'H8=86.7%', 'H9=86.5%', 'H10=87.2%', 'H11=86.5%', 'H12=86.8%', 'H13=86.9%', 'H14=86.7%', 'H15=86.6%', 'H16=86.8%']
  per_ACT_puzzle_acc: ['H1=0.0%', 'H2=0.0%', 'H3=0.0%', 'H4=0.0%', 'H5=0.0%', 'H6=0.0%', 'H7=0.0%', 'H8=0.0%', 'H9=0.0%', 'H10=0.0%', 'H11=0.0%', 'H12=0.0%', 'H13=0.0%', 'H14=0.0%', 'H15=0.0%', 'H16=0.0%']
  mean_sigmoid_q_halt: ['0.934', '0.898', '0.273', '0.922', '0.381', '0.271', '0.746', '0.264', '0.330', '0.531', '0.289', '0.395', '0.395', '0.338', '0.359', '0.393']
  halt_rates: ['1.00', '1.00', '0.00', '1.00', '0.16', '0.00', '0.84', '0.03', '0.07', '0.49', '0.04', '0.23', '0.22', '0.09', '0.14', '0.19']
  halt_histogram %: [55.6, 26.2, 8.6, 5.9, 1.8, 0.7, 0.4, 0.1, 0.0, 0.0, 0.1, 0.0, 0.0, 0.0, 0.0, 0.6]
  Avg ACT steps (last 100): 1.09
  saved: /home/jvdillon/projects/sic/code/maze/ckpts/x003/step03500.pt acc=86.97% (0.056s)
Step  3500  Test 86.97% /  0.00%  Train lm=0.7188±0.0004ϵ[0.7188,0.7227] n_halted=107.4700±7.3777ϵ[66.0000,121.0000]  (27.741s / 174.842s)
  n_active=128.0000±0.0000ϵ[128.0000,128.0000] n_expunged=0.0000±0.0000ϵ[0.0000,0.0000] pool_util=1.0000±0.0000ϵ[1.0000,1.0000]
  cell_acc=83.59%, puzzle_acc=0.00%
  eval_avg_halt_step: 15.82
  per_H_acc: ['H0=87.5%', 'H1=86.7%', 'H2=81.4%']
  H_cos: ['0.922', '0.922']
  z_H_delta: ['21.000', '12.500']
  cells: fixed=[4423, 13798] broken=[6120, 24862]
  per_ACT_cell_acc: ['H1=87.5%', 'H2=86.7%', 'H3=81.4%', 'H4=86.7%', 'H5=84.5%', 'H6=83.7%', 'H7=83.0%', 'H8=81.8%', 'H9=81.3%', 'H10=80.5%', 'H11=80.1%', 'H12=79.6%', 'H13=79.2%', 'H14=78.9%', 'H15=78.8%', 'H16=78.6%']
  per_ACT_puzzle_acc: ['H1=0.0%', 'H2=0.0%', 'H3=0.0%', 'H4=0.0%', 'H5=0.0%', 'H6=0.0%', 'H7=0.0%', 'H8=0.0%', 'H9=0.0%', 'H10=0.0%', 'H11=0.0%', 'H12=0.0%', 'H13=0.0%', 'H14=0.0%', 'H15=0.0%', 'H16=0.0%']
  mean_sigmoid_q_halt: ['0.973', '0.197', '0.109', '0.195', '0.113', '0.142', '0.130', '0.114', '0.109', '0.107', '0.108', '0.106', '0.106', '0.103', '0.103', '0.103']
  halt_rates: ['1.00', '0.00', '0.00', '0.06', '0.00', '0.00', '0.00', '0.00', '0.00', '0.00', '0.00', '0.00', '0.00', '0.00', '0.00', '0.00']
  halt_histogram %: [61.3, 23.5, 7.3, 4.9, 1.5, 0.6, 0.3, 0.1, 0.0, 0.0, 0.1, 0.0, 0.0, 0.0, 0.0, 0.5]
  Avg ACT steps (last 100): 1.14
  saved: /home/jvdillon/projects/sic/code/maze/ckpts/x003/step04000.pt acc=83.59% (0.054s)
Step  4000  Test 83.59% /  0.00%  Train lm=0.7188±0.0006ϵ[0.7188,0.7305] n_halted=110.7440±6.5004ϵ[31.0000,123.0000]  (27.753s / 174.937s)
  n_active=128.0000±0.0000ϵ[128.0000,128.0000] n_expunged=0.0000±0.0000ϵ[0.0000,0.0000] pool_util=1.0000±0.0000ϵ[1.0000,1.0000]
  cell_acc=86.00%, puzzle_acc=0.00%
  eval_avg_halt_step: 15.76
  per_H_acc: ['H0=87.5%', 'H1=87.5%', 'H2=84.4%']
  H_cos: ['0.910', '0.938']
  z_H_delta: ['19.625', '12.500']
  cells: fixed=[2036, 11806] broken=[2049, 18308]
  per_ACT_cell_acc: ['H1=87.5%', 'H2=87.5%', 'H3=84.4%', 'H4=83.4%', 'H5=83.0%', 'H6=82.8%', 'H7=82.0%', 'H8=81.0%', 'H9=80.6%', 'H10=80.1%', 'H11=79.6%', 'H12=79.3%', 'H13=79.1%', 'H14=78.9%', 'H15=78.7%', 'H16=78.3%']
  per_ACT_puzzle_acc: ['H1=0.0%', 'H2=0.0%', 'H3=0.0%', 'H4=0.0%', 'H5=0.0%', 'H6=0.0%', 'H7=0.0%', 'H8=0.0%', 'H9=0.0%', 'H10=0.0%', 'H11=0.0%', 'H12=0.0%', 'H13=0.0%', 'H14=0.0%', 'H15=0.0%', 'H16=0.0%']
  mean_sigmoid_q_halt: ['0.902', '0.103', '0.101', '0.086', '0.050', '0.077', '0.084', '0.063', '0.084', '0.070', '0.068', '0.087', '0.074', '0.081', '0.091', '0.081']
  halt_rates: ['1.00', '0.00', '0.00', '0.00', '0.00', '0.00', '0.00', '0.00', '0.00', '0.00', '0.00', '0.00', '0.00', '0.00', '0.00', '0.00']
  halt_histogram %: [65.3, 21.6, 6.4, 4.1, 1.3, 0.5, 0.2, 0.1, 0.0, 0.0, 0.1, 0.0, 0.0, 0.0, 0.0, 0.4]
  Avg ACT steps (last 100): 1.08
  saved: /home/jvdillon/projects/sic/code/maze/ckpts/x003/step04500.pt acc=86.00% (0.054s)
Step  4500  Test 86.00% /  0.00%  Train lm=0.7188±0.0009ϵ[0.7188,0.7344] n_halted=109.7920±9.3787ϵ[23.0000,122.0000]  (27.837s / 174.932s)
  n_active=128.0000±0.0000ϵ[128.0000,128.0000] n_expunged=0.0000±0.0000ϵ[0.0000,0.0000] pool_util=1.0000±0.0000ϵ[1.0000,1.0000]
  cell_acc=87.45%, puzzle_acc=0.00%
  eval_avg_halt_step: 14.38
  per_H_acc: ['H0=87.5%', 'H1=87.5%', 'H2=86.1%']
  H_cos: ['0.922', '0.949']
  z_H_delta: ['17.625', '12.062']
  cells: fixed=[538, 7632] broken=[550, 10587]
  per_ACT_cell_acc: ['H1=87.5%', 'H2=87.5%', 'H3=86.1%', 'H4=87.1%', 'H5=86.4%', 'H6=86.9%', 'H7=86.1%', 'H8=86.6%', 'H9=85.9%', 'H10=86.3%', 'H11=85.8%', 'H12=86.1%', 'H13=85.6%', 'H14=85.9%', 'H15=85.7%', 'H16=85.7%']
  per_ACT_puzzle_acc: ['H1=0.0%', 'H2=0.0%', 'H3=0.0%', 'H4=0.0%', 'H5=0.0%', 'H6=0.0%', 'H7=0.0%', 'H8=0.0%', 'H9=0.0%', 'H10=0.0%', 'H11=0.0%', 'H12=0.0%', 'H13=0.0%', 'H14=0.0%', 'H15=0.0%', 'H16=0.0%']
  mean_sigmoid_q_halt: ['0.961', '0.297', '0.067', '0.100', '0.081', '0.104', '0.083', '0.096', '0.090', '0.097', '0.086', '0.095', '0.087', '0.094', '0.085', '0.100']
  halt_rates: ['1.00', '0.09', '0.00', '0.01', '0.00', '0.01', '0.00', '0.00', '0.00', '0.00', '0.00', '0.00', '0.00', '0.00', '0.00', '0.01']
  halt_histogram %: [68.2, 20.1, 5.7, 3.6, 1.1, 0.4, 0.2, 0.1, 0.0, 0.0, 0.1, 0.0, 0.0, 0.0, 0.0, 0.4]
  Avg ACT steps (last 100): 1.13
  saved: /home/jvdillon/projects/sic/code/maze/ckpts/x003/step05000.pt acc=87.45% (0.055s)
Step  5000  Test 87.45% /  0.00%  Train lm=0.7188±0.0016ϵ[0.7188,0.7539] n_halted=110.5400±9.2475ϵ[1.0000,123.0000]  (28.139s / 176.614s)
  n_active=128.0000±0.0000ϵ[128.0000,128.0000] n_expunged=0.0000±0.0000ϵ[0.0000,0.0000] pool_util=1.0000±0.0000ϵ[1.0000,1.0000]
  cell_acc=87.49%, puzzle_acc=0.00%
  eval_avg_halt_step: 7.28
  per_H_acc: ['H0=87.3%', 'H1=87.4%', 'H2=87.0%']
  H_cos: ['0.922', '0.977']
  z_H_delta: ['18.250', '10.500']
  cells: fixed=[373, 3345] broken=[154, 4265]
  per_ACT_cell_acc: ['H1=87.3%', 'H2=87.4%', 'H3=87.0%', 'H4=86.8%', 'H5=86.7%', 'H6=86.3%', 'H7=86.1%', 'H8=85.7%', 'H9=85.8%', 'H10=85.6%', 'H11=85.6%', 'H12=85.3%', 'H13=85.3%', 'H14=85.1%', 'H15=85.0%', 'H16=84.9%']
  per_ACT_puzzle_acc: ['H1=0.0%', 'H2=0.0%', 'H3=0.0%', 'H4=0.0%', 'H5=0.0%', 'H6=0.0%', 'H7=0.0%', 'H8=0.0%', 'H9=0.0%', 'H10=0.0%', 'H11=0.0%', 'H12=0.0%', 'H13=0.0%', 'H14=0.0%', 'H15=0.0%', 'H16=0.0%']
  mean_sigmoid_q_halt: ['0.957', '0.291', '0.047', '0.069', '0.085', '0.057', '0.069', '0.062', '0.048', '0.052', '0.046', '0.069', '0.058', '0.056', '0.048', '0.059']
  halt_rates: ['1.00', '0.17', '0.01', '0.03', '0.04', '0.02', '0.03', '0.03', '0.02', '0.01', '0.02', '0.05', '0.02', '0.03', '0.02', '0.03']
  halt_histogram %: [70.6, 18.9, 5.2, 3.2, 1.0, 0.4, 0.2, 0.1, 0.0, 0.0, 0.1, 0.0, 0.0, 0.0, 0.0, 0.3]
  Avg ACT steps (last 100): 1.17
  saved: /home/jvdillon/projects/sic/code/maze/ckpts/x003/step05500.pt acc=87.49% (0.055s)
Step  5500  Test 87.49% /  0.00%  Train lm=0.7188±0.0003ϵ[0.7188,0.7227] n_halted=111.3680±8.2555ϵ[14.0000,123.0000]  (28.100s / 176.600s)
  n_active=128.0000±0.0000ϵ[128.0000,128.0000] n_expunged=0.0000±0.0000ϵ[0.0000,0.0000] pool_util=1.0000±0.0000ϵ[1.0000,1.0000]
  cell_acc=83.91%, puzzle_acc=0.00%
  eval_avg_halt_step: 9.47
  per_H_acc: ['H0=87.3%', 'H1=87.5%', 'H2=83.0%']
  H_cos: ['0.973', '0.875']
  z_H_delta: ['14.188', '22.250']
  cells: fixed=[406, 9123] broken=[0, 18456]
  per_ACT_cell_acc: ['H1=87.3%', 'H2=87.5%', 'H3=83.0%', 'H4=87.5%', 'H5=87.3%', 'H6=86.3%', 'H7=86.3%', 'H8=85.3%', 'H9=84.8%', 'H10=84.1%', 'H11=83.6%', 'H12=83.1%', 'H13=82.7%', 'H14=82.2%', 'H15=81.9%', 'H16=81.5%']
  per_ACT_puzzle_acc: ['H1=0.0%', 'H2=0.0%', 'H3=0.0%', 'H4=0.0%', 'H5=0.0%', 'H6=0.0%', 'H7=0.0%', 'H8=0.0%', 'H9=0.0%', 'H10=0.0%', 'H11=0.0%', 'H12=0.0%', 'H13=0.0%', 'H14=0.0%', 'H15=0.0%', 'H16=0.0%']
  mean_sigmoid_q_halt: ['0.988', '0.984', '0.148', '0.926', '0.151', '0.045', '0.189', '0.076', '0.082', '0.100', '0.087', '0.083', '0.078', '0.077', '0.072', '0.065']
  halt_rates: ['1.00', '1.00', '0.00', '0.95', '0.03', '0.00', '0.13', '0.00', '0.00', '0.00', '0.00', '0.00', '0.00', '0.00', '0.00', '0.00']
  halt_histogram %: [72.3, 18.0, 4.9, 2.9, 0.9, 0.3, 0.2, 0.1, 0.0, 0.0, 0.1, 0.0, 0.0, 0.0, 0.0, 0.3]
  Avg ACT steps (last 100): 1.14
  saved: /home/jvdillon/projects/sic/code/maze/ckpts/x003/step06000.pt acc=83.91% (0.057s)
Step  6000  Test 83.91% /  0.00%  Train lm=0.7188±0.0010ϵ[0.7188,0.7344] n_halted=109.4080±11.7619ϵ[4.0000,122.0000]  (28.128s / 176.640s)
  n_active=128.0000±0.0000ϵ[128.0000,128.0000] n_expunged=0.0000±0.0000ϵ[0.0000,0.0000] pool_util=1.0000±0.0000ϵ[1.0000,1.0000]
  cell_acc=86.75%, puzzle_acc=0.00%
  eval_avg_halt_step: 13.24
  per_H_acc: ['H0=87.4%', 'H1=87.3%', 'H2=87.5%']
  H_cos: ['0.859', '0.910']
  z_H_delta: ['23.500', '20.250']
  cells: fixed=[818, 1049] broken=[1050, 679]
  per_ACT_cell_acc: ['H1=87.4%', 'H2=87.3%', 'H3=87.5%', 'H4=84.5%', 'H5=87.5%', 'H6=82.9%', 'H7=87.2%', 'H8=82.8%', 'H9=86.8%', 'H10=83.1%', 'H11=86.3%', 'H12=83.5%', 'H13=85.9%', 'H14=83.9%', 'H15=85.6%', 'H16=84.1%']
  per_ACT_puzzle_acc: ['H1=0.0%', 'H2=0.0%', 'H3=0.0%', 'H4=0.0%', 'H5=0.0%', 'H6=0.0%', 'H7=0.0%', 'H8=0.0%', 'H9=0.0%', 'H10=0.0%', 'H11=0.0%', 'H12=0.0%', 'H13=0.0%', 'H14=0.0%', 'H15=0.0%', 'H16=0.0%']
  mean_sigmoid_q_halt: ['0.984', '0.291', '0.988', '0.067', '0.793', '0.038', '0.480', '0.048', '0.426', '0.057', '0.363', '0.048', '0.324', '0.074', '0.301', '0.081']
  halt_rates: ['1.00', '0.00', '1.00', '0.00', '0.81', '0.00', '0.46', '0.00', '0.38', '0.00', '0.28', '0.00', '0.22', '0.01', '0.20', '0.00']
  halt_histogram %: [73.7, 17.4, 4.6, 2.7, 0.8, 0.3, 0.2, 0.0, 0.0, 0.0, 0.1, 0.0, 0.0, 0.0, 0.0, 0.2]
  Avg ACT steps (last 100): 1.35
  saved: /home/jvdillon/projects/sic/code/maze/ckpts/x003/step06500.pt acc=86.75% (0.054s)
Step  6500  Test 86.75% /  0.00%  Train lm=0.7188±0.0006ϵ[0.7188,0.7266] n_halted=110.2780±8.8089ϵ[53.0000,123.0000]  (28.124s / 176.568s)
  n_active=128.0000±0.0000ϵ[128.0000,128.0000] n_expunged=0.0000±0.0000ϵ[0.0000,0.0000] pool_util=1.0000±0.0000ϵ[1.0000,1.0000]
  cell_acc=85.21%, puzzle_acc=0.00%
  eval_avg_halt_step: 10.04
  per_H_acc: ['H0=87.3%', 'H1=87.5%', 'H2=87.3%']
  H_cos: ['0.969', '0.980']
  z_H_delta: ['16.875', '7.781']
  cells: fixed=[464, 1224] broken=[0, 1576]
  per_ACT_cell_acc: ['H1=87.3%', 'H2=87.5%', 'H3=87.3%', 'H4=86.0%', 'H5=86.7%', 'H6=85.9%', 'H7=86.6%', 'H8=86.2%', 'H9=86.2%', 'H10=86.0%', 'H11=86.2%', 'H12=86.1%', 'H13=86.1%', 'H14=86.0%', 'H15=86.1%', 'H16=85.8%']
  per_ACT_puzzle_acc: ['H1=0.0%', 'H2=0.0%', 'H3=0.0%', 'H4=0.0%', 'H5=0.0%', 'H6=0.0%', 'H7=0.0%', 'H8=0.0%', 'H9=0.0%', 'H10=0.0%', 'H11=0.0%', 'H12=0.0%', 'H13=0.0%', 'H14=0.0%', 'H15=0.0%', 'H16=0.0%']
  mean_sigmoid_q_halt: ['0.984', '0.992', '0.307', '0.144', '0.270', '0.156', '0.212', '0.152', '0.190', '0.159', '0.180', '0.156', '0.168', '0.148', '0.153', '0.151']
  halt_rates: ['1.00', '1.00', '0.09', '0.04', '0.15', '0.06', '0.09', '0.04', '0.07', '0.05', '0.06', '0.04', '0.04', '0.03', '0.02', '0.03']
  halt_histogram %: [74.9, 16.8, 4.3, 2.5, 0.7, 0.3, 0.1, 0.0, 0.0, 0.0, 0.1, 0.0, 0.0, 0.0, 0.0, 0.2]
  Avg ACT steps (last 100): 1.12
  saved: /home/jvdillon/projects/sic/code/maze/ckpts/x003/step07000.pt acc=85.21% (0.056s)
Step  7000  Test 85.21% /  0.00%  Train lm=0.7188±0.0016ϵ[0.7188,0.7422] n_halted=110.2980±13.9988ϵ[0.0000,124.0000]  (28.119s / 176.539s)
  n_active=128.0000±0.0000ϵ[128.0000,128.0000] n_expunged=0.0000±0.0000ϵ[0.0000,0.0000] pool_util=1.0000±0.0000ϵ[1.0000,1.0000]
Traceback (most recent call last):
  File "/home/jvdillon/projects/sic/code/experiment.py", line 2985, in main
    return train(experiment)  # pyright: ignore[reportArgumentType]
           ^^^^^^^^^^^^^^^^^
  File "/home/jvdillon/projects/sic/code/experiment.py", line 2966, in train
    eval_start = do_eval()
                 ^^^^^^^^^
  File "/home/jvdillon/projects/sic/code/experiment.py", line 2904, in do_eval
    cell_acc, puzzle_acc = experiment.evaluate(iter(testloader))
                           ^^^^^^^^^^^^^^^^^^^^^^^^^^^^^^^^^^^^^
  File "/home/jvdillon/projects/sic/code/experiment.py", line 2168, in evaluate
    cell_acc, puzzle_acc = self.evaluate_act(loader)
                           ^^^^^^^^^^^^^^^^^^^^^^^^^
  File "/home/jvdillon/projects/sic/code/experiment.py", line 2204, in evaluate_act
    return self.evaluate_act_full(loader)
           ^^^^^^^^^^^^^^^^^^^^^^^^^^^^^^
  File "/home/jvdillon/projects/sic/code/experiment.py", line None, in evaluate_act_full
KeyboardInterrupt
