Adam params: ('embed_tokens.weight', 'head.weight', 'head.bias', 'q_head.weight', 'q_head.bias', 'puzzle_id_embed.weight')
Muon 2D params: ('reasoning.0.attn.o_proj.weight', 'reasoning.0.mlp.up_proj.weight', 'reasoning.0.mlp.down_proj.weight', 'reasoning.1.attn.o_proj.weight', 'reasoning.1.mlp.up_proj.weight', 'reasoning.1.mlp.down_proj.weight')
Muon 3D params (ensemble_dims=1): ('reasoning.0.attn.qkv_proj.weight', 'reasoning.1.attn.qkv_proj.weight')
  cell_acc=94.11%, puzzle_acc=0.00%
  eval_avg_halt_step: 16.00
  per_H_acc: ['H0=85.7%', 'H1=88.1%', 'H2=89.8%']
  H_cos: ['0.949', '0.984']
  z_H_delta: ['9.562', '5.531']
  cells: fixed=[10009, 10166] broken=[4999, 6499]
  per_ACT_cell_acc: ['H1=85.7%', 'H2=88.1%', 'H3=89.8%', 'H4=91.0%', 'H5=92.1%', 'H6=92.6%', 'H7=93.1%', 'H8=93.3%', 'H9=93.5%', 'H10=93.6%', 'H11=93.7%', 'H12=93.8%', 'H13=93.8%', 'H14=93.8%', 'H15=93.8%', 'H16=93.8%']
  per_ACT_puzzle_acc: ['H1=0.0%', 'H2=0.0%', 'H3=0.0%', 'H4=0.0%', 'H5=0.0%', 'H6=0.0%', 'H7=0.0%', 'H8=0.0%', 'H9=0.0%', 'H10=0.0%', 'H11=0.0%', 'H12=0.0%', 'H13=0.0%', 'H14=0.0%', 'H15=0.0%', 'H16=0.0%']
  mean_sigmoid_q_halt: ['0.000', '0.000', '0.000', '0.000', '0.000', '0.000', '0.001', '0.001', '0.001', '0.001', '0.001', '0.002', '0.002', '0.002', '0.003', '0.003']
  halt_rates: ['0.00', '0.00', '0.00', '0.00', '0.00', '0.00', '0.00', '0.00', '0.00', '0.00', '0.00', '0.00', '0.00', '0.00', '0.00', '0.00']
  halt_histogram %: [0.0, 0.0, 0.0, 0.0, 0.0, 0.0, 0.0, 0.0, 0.0, 0.0, 0.0, 0.0, 0.0, 0.0, 0.0, 100.0]
  Avg ACT steps (last 100): 16.00
  saved: /home/jvdillon/projects/sic/code/maze/ckpts/x004/step00500.pt acc=94.11% (0.058s)
  saved: /home/jvdillon/projects/sic/code/maze/ckpts/x004/best.pt acc=94.11% (0.112s)
Step   500  Test 94.11% /  0.00%  Train lm=0.8711±0.1094ϵ[0.7422,1.8359] n_halted=7.9360±30.8988ϵ[0.0000,128.0000]  (37.020s / 407.102s)
  n_active=128.0000±0.0000ϵ[128.0000,128.0000] n_expunged=0.0000±0.0000ϵ[0.0000,0.0000] pool_util=1.0000±0.0000ϵ[1.0000,1.0000]
  cell_acc=97.67%, puzzle_acc=23.90%
  eval_avg_halt_step: 11.52
  per_H_acc: ['H0=89.4%', 'H1=95.6%', 'H2=97.4%']
  H_cos: ['0.938', '0.984']
  z_H_delta: ['9.875', '5.719']
  cells: fixed=[16587, 4996] broken=[3622, 1311]
  per_ACT_cell_acc: ['H1=89.4%', 'H2=95.6%', 'H3=97.4%', 'H4=97.9%', 'H5=98.0%', 'H6=98.0%', 'H7=98.0%', 'H8=97.9%', 'H9=97.9%', 'H10=97.8%', 'H11=97.7%', 'H12=97.7%', 'H13=97.7%', 'H14=97.6%', 'H15=97.6%', 'H16=97.6%']
  per_ACT_puzzle_acc: ['H1=0.0%', 'H2=0.0%', 'H3=2.6%', 'H4=9.9%', 'H5=17.2%', 'H6=22.0%', 'H7=24.1%', 'H8=22.8%', 'H9=23.7%', 'H10=23.3%', 'H11=23.3%', 'H12=24.1%', 'H13=22.4%', 'H14=23.7%', 'H15=23.3%', 'H16=22.8%']
  mean_sigmoid_q_halt: ['0.000', '0.002', '0.021', '0.062', '0.113', '0.146', '0.163', '0.174', '0.192', '0.207', '0.210', '0.216', '0.218', '0.220', '0.228', '0.229']
  halt_rates: ['0.00', '0.00', '0.00', '0.03', '0.08', '0.13', '0.15', '0.16', '0.19', '0.21', '0.22', '0.22', '0.22', '0.23', '0.22', '0.25']
  halt_histogram %: [0.7, 16.5, 14.6, 10.1, 6.0, 4.4, 3.9, 2.5, 1.8, 1.4, 1.2, 1.0, 1.0, 0.8, 0.7, 33.4]
  Avg ACT steps (last 100): 3.36
  saved: /home/jvdillon/projects/sic/code/maze/ckpts/x004/step01000.pt acc=97.67% (0.057s)
  saved: /home/jvdillon/projects/sic/code/maze/ckpts/x004/best.pt acc=97.67% (0.137s)
Step  1000  Test 97.67% / 23.90%  Train lm=0.7539±0.0118ϵ[0.7344,0.8555] n_halted=22.2820±18.2783ϵ[0.0000,128.0000]  (28.279s / 393.777s)
  n_active=128.0000±0.0000ϵ[128.0000,128.0000] n_expunged=0.0000±0.0000ϵ[0.0000,0.0000] pool_util=1.0000±0.0000ϵ[1.0000,1.0000]
  cell_acc=98.48%, puzzle_acc=45.30%
  eval_avg_halt_step: 4.81
  per_H_acc: ['H0=92.0%', 'H1=97.0%', 'H2=98.0%']
  H_cos: ['0.949', '0.984']
  z_H_delta: ['8.625', '5.375']
  cells: fixed=[12403, 2975] broken=[1974, 840]
  per_ACT_cell_acc: ['H1=92.0%', 'H2=97.0%', 'H3=98.0%', 'H4=98.3%', 'H5=98.4%', 'H6=98.5%', 'H7=98.5%', 'H8=98.5%', 'H9=98.5%', 'H10=98.5%', 'H11=98.5%', 'H12=98.5%', 'H13=98.5%', 'H14=98.5%', 'H15=98.5%', 'H16=98.5%']
  per_ACT_puzzle_acc: ['H1=0.0%', 'H2=0.9%', 'H3=23.3%', 'H4=37.5%', 'H5=45.7%', 'H6=45.3%', 'H7=47.0%', 'H8=47.8%', 'H9=48.7%', 'H10=48.7%', 'H11=47.4%', 'H12=49.6%', 'H13=49.1%', 'H14=48.3%', 'H15=49.6%', 'H16=49.1%']
  mean_sigmoid_q_halt: ['0.001', '0.056', '0.260', '0.455', '0.562', '0.578', '0.609', '0.609', '0.625', '0.633', '0.637', '0.633', '0.637', '0.637', '0.641', '0.629']
  halt_rates: ['0.00', '0.01', '0.23', '0.47', '0.59', '0.61', '0.63', '0.64', '0.67', '0.67', '0.68', '0.69', '0.68', '0.69', '0.71', '0.67']
  halt_histogram %: [14.9, 36.1, 15.3, 7.3, 3.8, 2.5, 2.1, 1.3, 0.9, 0.7, 0.6, 0.5, 0.4, 0.4, 0.3, 12.9]
  Avg ACT steps (last 100): 1.90
  saved: /home/jvdillon/projects/sic/code/maze/ckpts/x004/step01500.pt acc=98.48% (0.058s)
  saved: /home/jvdillon/projects/sic/code/maze/ckpts/x004/best.pt acc=98.48% (0.135s)
Step  1500  Test 98.48% / 45.30%  Train lm=0.7344±0.0050ϵ[0.7266,0.7539] n_halted=51.2440±16.9436ϵ[10.0000,101.0000]  (28.291s / 393.547s)
  n_active=128.0000±0.0000ϵ[128.0000,128.0000] n_expunged=0.0000±0.0000ϵ[0.0000,0.0000] pool_util=1.0000±0.0000ϵ[1.0000,1.0000]
  cell_acc=98.39%, puzzle_acc=49.70%
  eval_avg_halt_step: 4.04
  per_H_acc: ['H0=91.9%', 'H1=96.9%', 'H2=98.0%']
  H_cos: ['0.949', '0.977']
  z_H_delta: ['7.875', '6.156']
  cells: fixed=[12778, 3331] broken=[2325, 949]
  per_ACT_cell_acc: ['H1=91.9%', 'H2=96.9%', 'H3=98.0%', 'H4=98.3%', 'H5=98.4%', 'H6=98.4%', 'H7=98.4%', 'H8=98.4%', 'H9=98.4%', 'H10=98.4%', 'H11=98.4%', 'H12=98.4%', 'H13=98.4%', 'H14=98.4%', 'H15=98.4%', 'H16=98.4%']
  per_ACT_puzzle_acc: ['H1=0.0%', 'H2=0.9%', 'H3=20.3%', 'H4=37.5%', 'H5=44.8%', 'H6=48.7%', 'H7=49.6%', 'H8=50.0%', 'H9=50.9%', 'H10=51.3%', 'H11=50.9%', 'H12=51.7%', 'H13=51.7%', 'H14=51.7%', 'H15=51.3%', 'H16=51.7%']
  mean_sigmoid_q_halt: ['0.001', '0.024', '0.312', '0.471', '0.598', '0.684', '0.734', '0.754', '0.766', '0.773', '0.781', '0.793', '0.789', '0.789', '0.789', '0.789']
  halt_rates: ['0.00', '0.00', '0.29', '0.47', '0.60', '0.70', '0.75', '0.78', '0.79', '0.79', '0.80', '0.81', '0.81', '0.81', '0.81', '0.81']
  halt_histogram %: [32.2, 35.8, 11.8, 4.9, 2.5, 1.5, 1.2, 0.8, 0.6, 0.4, 0.4, 0.3, 0.2, 0.2, 0.2, 7.0]
  Avg ACT steps (last 100): 2.12
  saved: /home/jvdillon/projects/sic/code/maze/ckpts/x004/step02000.pt acc=98.39% (0.055s)
Step  2000  Test 98.39% / 49.70%  Train lm=0.7266±0.0039ϵ[0.7227,0.7578] n_halted=72.1760±14.2089ϵ[24.0000,106.0000]  (28.213s / 394.320s)
  n_active=128.0000±0.0000ϵ[128.0000,128.0000] n_expunged=0.0000±0.0000ϵ[0.0000,0.0000] pool_util=1.0000±0.0000ϵ[1.0000,1.0000]
  cell_acc=98.96%, puzzle_acc=70.60%
  eval_avg_halt_step: 2.31
  per_H_acc: ['H0=92.9%', 'H1=97.9%', 'H2=98.6%']
  H_cos: ['0.953', '0.984']
  z_H_delta: ['7.250', '5.594']
  cells: fixed=[11867, 2163] broken=[1535, 632]
  per_ACT_cell_acc: ['H1=92.9%', 'H2=97.9%', 'H3=98.6%', 'H4=98.8%', 'H5=98.9%', 'H6=98.9%', 'H7=98.9%', 'H8=98.9%', 'H9=98.9%', 'H10=98.9%', 'H11=98.9%', 'H12=98.9%', 'H13=98.9%', 'H14=98.9%', 'H15=98.9%', 'H16=98.9%']
  per_ACT_puzzle_acc: ['H1=0.0%', 'H2=9.5%', 'H3=50.0%', 'H4=58.6%', 'H5=64.7%', 'H6=67.7%', 'H7=69.8%', 'H8=70.3%', 'H9=69.8%', 'H10=69.8%', 'H11=69.4%', 'H12=69.4%', 'H13=69.0%', 'H14=69.4%', 'H15=69.8%', 'H16=69.8%']
  mean_sigmoid_q_halt: ['0.002', '0.202', '0.617', '0.711', '0.785', '0.832', '0.859', '0.871', '0.883', '0.883', '0.883', '0.887', '0.891', '0.887', '0.891', '0.879']
  halt_rates: ['0.00', '0.12', '0.62', '0.73', '0.81', '0.87', '0.91', '0.91', '0.93', '0.92', '0.92', '0.93', '0.93', '0.93', '0.93', '0.93']
  halt_histogram %: [45.4, 31.7, 9.2, 3.5, 1.7, 1.1, 0.8, 0.6, 0.4, 0.3, 0.2, 0.2, 0.2, 0.1, 0.1, 4.5]
  Avg ACT steps (last 100): 1.24
  saved: /home/jvdillon/projects/sic/code/maze/ckpts/x004/step02500.pt acc=98.96% (0.056s)
  saved: /home/jvdillon/projects/sic/code/maze/ckpts/x004/best.pt acc=98.96% (0.136s)
Step  2500  Test 98.96% / 70.60%  Train lm=0.7266±0.0043ϵ[0.7188,0.7578] n_halted=87.9460±13.1390ϵ[11.0000,114.0000]  (28.321s / 394.132s)
  n_active=128.0000±0.0000ϵ[128.0000,128.0000] n_expunged=0.0000±0.0000ϵ[0.0000,0.0000] pool_util=1.0000±0.0000ϵ[1.0000,1.0000]
  cell_acc=99.08%, puzzle_acc=71.30%
  eval_avg_halt_step: 2.05
  per_H_acc: ['H0=92.7%', 'H1=97.8%', 'H2=98.6%']
  H_cos: ['0.957', '0.984']
  z_H_delta: ['7.375', '6.062']
  cells: fixed=[12167, 2496] broken=[1564, 680]
  per_ACT_cell_acc: ['H1=92.7%', 'H2=97.8%', 'H3=98.6%', 'H4=98.8%', 'H5=98.9%', 'H6=99.0%', 'H7=99.0%', 'H8=99.0%', 'H9=99.0%', 'H10=99.0%', 'H11=99.0%', 'H12=99.0%', 'H13=99.0%', 'H14=99.0%', 'H15=99.0%', 'H16=99.0%']
  per_ACT_puzzle_acc: ['H1=0.0%', 'H2=8.2%', 'H3=44.0%', 'H4=56.0%', 'H5=63.4%', 'H6=67.7%', 'H7=67.7%', 'H8=67.2%', 'H9=69.8%', 'H10=69.4%', 'H11=69.4%', 'H12=70.3%', 'H13=70.7%', 'H14=70.3%', 'H15=70.7%', 'H16=70.7%']
  mean_sigmoid_q_halt: ['0.004', '0.239', '0.590', '0.695', '0.805', '0.840', '0.855', '0.875', '0.883', '0.895', '0.895', '0.898', '0.902', '0.902', '0.906', '0.906']
  halt_rates: ['0.00', '0.12', '0.58', '0.70', '0.81', '0.84', '0.86', '0.88', '0.88', '0.91', '0.90', '0.90', '0.90', '0.91', '0.91', '0.90']
  halt_histogram %: [54.2, 28.2, 7.4, 2.7, 1.3, 0.8, 0.6, 0.4, 0.3, 0.2, 0.2, 0.1, 0.1, 0.1, 0.1, 3.2]
  Avg ACT steps (last 100): 1.26
  saved: /home/jvdillon/projects/sic/code/maze/ckpts/x004/step03000.pt acc=99.08% (0.057s)
  saved: /home/jvdillon/projects/sic/code/maze/ckpts/x004/best.pt acc=99.08% (0.135s)
Step  3000  Test 99.08% / 71.30%  Train lm=0.7227±0.0031ϵ[0.7188,0.7422] n_halted=96.6300±9.2646ϵ[55.0000,120.0000]  (28.346s / 394.628s)
  n_active=128.0000±0.0000ϵ[128.0000,128.0000] n_expunged=0.0000±0.0000ϵ[0.0000,0.0000] pool_util=1.0000±0.0000ϵ[1.0000,1.0000]
  cell_acc=98.92%, puzzle_acc=66.70%
  eval_avg_halt_step: 2.81
  per_H_acc: ['H0=92.9%', 'H1=97.8%', 'H2=98.5%']
  H_cos: ['0.965', '0.980']
  z_H_delta: ['6.656', '6.469']
  cells: fixed=[11683, 2334] broken=[1514, 823]
  per_ACT_cell_acc: ['H1=92.9%', 'H2=97.8%', 'H3=98.5%', 'H4=98.6%', 'H5=98.7%', 'H6=98.7%', 'H7=98.7%', 'H8=98.7%', 'H9=98.7%', 'H10=98.7%', 'H11=98.7%', 'H12=98.7%', 'H13=98.7%', 'H14=98.7%', 'H15=98.7%', 'H16=98.7%']
  per_ACT_puzzle_acc: ['H1=0.0%', 'H2=11.6%', 'H3=44.8%', 'H4=53.9%', 'H5=55.6%', 'H6=59.5%', 'H7=61.6%', 'H8=62.5%', 'H9=62.5%', 'H10=61.6%', 'H11=62.1%', 'H12=62.9%', 'H13=62.5%', 'H14=62.1%', 'H15=62.5%', 'H16=64.7%']
  mean_sigmoid_q_halt: ['0.009', '0.120', '0.594', '0.609', '0.605', '0.754', '0.754', '0.762', '0.777', '0.777', '0.781', '0.785', '0.797', '0.793', '0.797', '0.812']
  halt_rates: ['0.00', '0.03', '0.58', '0.63', '0.61', '0.78', '0.77', '0.78', '0.80', '0.80', '0.81', '0.81', '0.83', '0.82', '0.83', '0.86']
  halt_histogram %: [60.3, 25.3, 6.3, 2.2, 1.0, 0.6, 0.5, 0.3, 0.2, 0.2, 0.1, 0.1, 0.1, 0.1, 0.1, 2.5]
  Avg ACT steps (last 100): 1.15
  saved: /home/jvdillon/projects/sic/code/maze/ckpts/x004/step03500.pt acc=98.92% (0.057s)
Step  3500  Test 98.92% / 66.70%  Train lm=0.7227±0.0031ϵ[0.7188,0.7500] n_halted=101.2680±8.7465ϵ[44.0000,121.0000]  (28.262s / 394.607s)
  n_active=128.0000±0.0000ϵ[128.0000,128.0000] n_expunged=0.0000±0.0000ϵ[0.0000,0.0000] pool_util=1.0000±0.0000ϵ[1.0000,1.0000]
  cell_acc=99.08%, puzzle_acc=74.70%
  eval_avg_halt_step: 1.66
  per_H_acc: ['H0=92.6%', 'H1=98.1%', 'H2=98.9%']
  H_cos: ['0.965', '0.980']
  z_H_delta: ['6.562', '6.812']
  cells: fixed=[12837, 2092] broken=[1304, 522]
  per_ACT_cell_acc: ['H1=92.6%', 'H2=98.1%', 'H3=98.9%', 'H4=99.0%', 'H5=99.0%', 'H6=99.0%', 'H7=99.0%', 'H8=99.0%', 'H9=99.0%', 'H10=99.0%', 'H11=99.0%', 'H12=99.0%', 'H13=99.0%', 'H14=99.0%', 'H15=99.0%', 'H16=99.0%']
  per_ACT_puzzle_acc: ['H1=0.0%', 'H2=8.2%', 'H3=55.6%', 'H4=64.7%', 'H5=66.8%', 'H6=70.7%', 'H7=71.1%', 'H8=72.4%', 'H9=72.4%', 'H10=73.3%', 'H11=72.8%', 'H12=72.8%', 'H13=72.8%', 'H14=72.8%', 'H15=72.8%', 'H16=72.8%']
  mean_sigmoid_q_halt: ['0.006', '0.111', '0.668', '0.777', '0.836', '0.875', '0.891', '0.906', '0.914', '0.914', '0.926', '0.930', '0.934', '0.941', '0.941', '0.941']
  halt_rates: ['0.00', '0.03', '0.66', '0.79', '0.88', '0.90', '0.93', '0.94', '0.94', '0.94', '0.95', '0.96', '0.97', '0.97', '0.97', '0.97']
  halt_histogram %: [64.3, 23.4, 5.5, 1.9, 0.9, 0.5, 0.4, 0.3, 0.2, 0.1, 0.1, 0.1, 0.1, 0.1, 0.1, 2.0]
  Avg ACT steps (last 100): 1.13
  saved: /home/jvdillon/projects/sic/code/maze/ckpts/x004/step04000.pt acc=99.08% (0.056s)
  saved: /home/jvdillon/projects/sic/code/maze/ckpts/x004/best.pt acc=99.08% (0.136s)
Step  4000  Test 99.08% / 74.70%  Train lm=0.7227±0.0028ϵ[0.7188,0.7422] n_halted=102.8580±8.0923ϵ[52.0000,118.0000]  (28.341s / 394.502s)
  n_active=128.0000±0.0000ϵ[128.0000,128.0000] n_expunged=0.0000±0.0000ϵ[0.0000,0.0000] pool_util=1.0000±0.0000ϵ[1.0000,1.0000]
  cell_acc=99.08%, puzzle_acc=72.20%
  eval_avg_halt_step: 1.71
  per_H_acc: ['H0=92.7%', 'H1=98.0%', 'H2=98.8%']
  H_cos: ['0.953', '0.984']
  z_H_delta: ['6.688', '6.500']
  cells: fixed=[12624, 2150] broken=[1412, 648]
  per_ACT_cell_acc: ['H1=92.7%', 'H2=98.0%', 'H3=98.8%', 'H4=98.9%', 'H5=99.0%', 'H6=99.0%', 'H7=99.0%', 'H8=99.0%', 'H9=99.0%', 'H10=99.0%', 'H11=99.0%', 'H12=99.0%', 'H13=99.0%', 'H14=99.0%', 'H15=99.0%', 'H16=99.0%']
  per_ACT_puzzle_acc: ['H1=0.0%', 'H2=13.4%', 'H3=50.9%', 'H4=56.9%', 'H5=63.8%', 'H6=65.9%', 'H7=66.4%', 'H8=68.1%', 'H9=67.7%', 'H10=68.1%', 'H11=67.7%', 'H12=67.2%', 'H13=68.1%', 'H14=68.5%', 'H15=67.2%', 'H16=67.2%']
  mean_sigmoid_q_halt: ['0.010', '0.266', '0.664', '0.766', '0.840', '0.879', '0.898', '0.926', '0.930', '0.930', '0.934', '0.934', '0.934', '0.938', '0.934', '0.930']
  halt_rates: ['0.00', '0.19', '0.64', '0.76', '0.84', '0.88', '0.90', '0.93', '0.94', '0.93', '0.94', '0.94', '0.94', '0.94', '0.94', '0.93']
  halt_histogram %: [67.5, 21.8, 4.9, 1.6, 0.7, 0.5, 0.3, 0.2, 0.2, 0.1, 0.1, 0.1, 0.1, 0.1, 0.1, 1.7]
  Avg ACT steps (last 100): 1.13
  saved: /home/jvdillon/projects/sic/code/maze/ckpts/x004/step04500.pt acc=99.08% (0.057s)
Step  4500  Test 99.08% / 72.20%  Train lm=0.7227±0.0035ϵ[0.7188,0.7656] n_halted=105.5320±8.5266ϵ[46.0000,120.0000]  (28.260s / 394.654s)
  n_active=128.0000±0.0000ϵ[128.0000,128.0000] n_expunged=0.0000±0.0000ϵ[0.0000,0.0000] pool_util=1.0000±0.0000ϵ[1.0000,1.0000]
  cell_acc=99.16%, puzzle_acc=72.80%
  eval_avg_halt_step: 2.20
  per_H_acc: ['H0=91.8%', 'H1=97.9%', 'H2=98.9%']
  H_cos: ['0.965', '0.977']
  z_H_delta: ['6.281', '6.719']
  cells: fixed=[14184, 2783] broken=[1514, 708]
  per_ACT_cell_acc: ['H1=91.8%', 'H2=97.9%', 'H3=98.9%', 'H4=99.0%', 'H5=99.0%', 'H6=99.0%', 'H7=99.0%', 'H8=99.0%', 'H9=99.0%', 'H10=99.1%', 'H11=99.1%', 'H12=99.1%', 'H13=99.1%', 'H14=99.1%', 'H15=99.1%', 'H16=99.1%']
  per_ACT_puzzle_acc: ['H1=0.0%', 'H2=6.0%', 'H3=55.6%', 'H4=62.5%', 'H5=65.1%', 'H6=67.7%', 'H7=69.0%', 'H8=69.8%', 'H9=69.4%', 'H10=69.8%', 'H11=71.1%', 'H12=71.6%', 'H13=70.3%', 'H14=71.1%', 'H15=72.0%', 'H16=70.7%']
  mean_sigmoid_q_halt: ['0.015', '0.106', '0.633', '0.688', '0.707', '0.801', '0.797', '0.812', '0.832', '0.832', '0.840', '0.848', '0.852', '0.855', '0.852', '0.859']
  halt_rates: ['0.00', '0.00', '0.62', '0.70', '0.74', '0.83', '0.83', '0.84', '0.86', '0.85', '0.86', '0.88', '0.88', '0.89', '0.89', '0.89']
  halt_histogram %: [69.9, 20.6, 4.5, 1.4, 0.7, 0.4, 0.3, 0.2, 0.1, 0.1, 0.1, 0.1, 0.1, 0.1, 0.0, 1.5]
  Avg ACT steps (last 100): 1.21
  saved: /home/jvdillon/projects/sic/code/maze/ckpts/x004/step05000.pt acc=99.16% (0.056s)
  saved: /home/jvdillon/projects/sic/code/maze/ckpts/x004/best.pt acc=99.16% (0.136s)
Step  5000  Test 99.16% / 72.80%  Train lm=0.7227±0.0027ϵ[0.7188,0.7344] n_halted=106.6320±7.3231ϵ[65.0000,120.0000]  (28.338s / 394.390s)
  n_active=128.0000±0.0000ϵ[128.0000,128.0000] n_expunged=0.0000±0.0000ϵ[0.0000,0.0000] pool_util=1.0000±0.0000ϵ[1.0000,1.0000]
  cell_acc=99.00%, puzzle_acc=67.90%
  eval_avg_halt_step: 2.04
  per_H_acc: ['H0=92.0%', 'H1=98.1%', 'H2=98.9%']
  H_cos: ['0.961', '0.980']
  z_H_delta: ['6.750', '6.156']
  cells: fixed=[14116, 2233] broken=[1501, 509]
  per_ACT_cell_acc: ['H1=92.0%', 'H2=98.1%', 'H3=98.9%', 'H4=98.9%', 'H5=99.0%', 'H6=99.0%', 'H7=99.0%', 'H8=99.0%', 'H9=99.0%', 'H10=99.0%', 'H11=99.0%', 'H12=99.0%', 'H13=98.9%', 'H14=99.0%', 'H15=98.9%', 'H16=98.9%']
  per_ACT_puzzle_acc: ['H1=0.0%', 'H2=6.9%', 'H3=60.3%', 'H4=65.1%', 'H5=68.1%', 'H6=69.0%', 'H7=69.0%', 'H8=69.4%', 'H9=69.4%', 'H10=69.4%', 'H11=68.1%', 'H12=68.1%', 'H13=67.7%', 'H14=67.2%', 'H15=67.2%', 'H16=67.7%']
  mean_sigmoid_q_halt: ['0.015', '0.174', '0.676', '0.715', '0.754', '0.812', '0.820', '0.824', '0.832', '0.828', '0.832', '0.844', '0.840', '0.836', '0.844', '0.844']
  halt_rates: ['0.00', '0.07', '0.68', '0.74', '0.81', '0.89', '0.88', '0.90', '0.88', '0.89', '0.90', '0.91', '0.91', '0.90', '0.91', '0.91']
  halt_histogram %: [71.8, 19.6, 4.1, 1.3, 0.6, 0.4, 0.3, 0.2, 0.1, 0.1, 0.1, 0.1, 0.1, 0.0, 0.0, 1.3]
  Avg ACT steps (last 100): 1.19
  saved: /home/jvdillon/projects/sic/code/maze/ckpts/x004/step05500.pt acc=99.00% (0.056s)
Step  5500  Test 99.00% / 67.90%  Train lm=0.7227±0.0022ϵ[0.7188,0.7305] n_halted=107.3120±7.8382ϵ[8.0000,120.0000]  (28.255s / 394.499s)
  n_active=128.0000±0.0000ϵ[128.0000,128.0000] n_expunged=0.0000±0.0000ϵ[0.0000,0.0000] pool_util=1.0000±0.0000ϵ[1.0000,1.0000]
  cell_acc=99.19%, puzzle_acc=74.70%
  eval_avg_halt_step: 2.08
  per_H_acc: ['H0=93.0%', 'H1=98.2%', 'H2=99.2%']
  H_cos: ['0.969', '0.969']
  z_H_delta: ['6.906', '6.969']
  cells: fixed=[12043, 2346] broken=[1110, 413]
  per_ACT_cell_acc: ['H1=93.0%', 'H2=98.2%', 'H3=99.2%', 'H4=99.3%', 'H5=99.3%', 'H6=99.3%', 'H7=99.3%', 'H8=99.3%', 'H9=99.3%', 'H10=99.3%', 'H11=99.3%', 'H12=99.3%', 'H13=99.3%', 'H14=99.3%', 'H15=99.3%', 'H16=99.3%']
  per_ACT_puzzle_acc: ['H1=0.0%', 'H2=4.7%', 'H3=62.9%', 'H4=74.1%', 'H5=74.6%', 'H6=76.7%', 'H7=76.7%', 'H8=76.7%', 'H9=77.2%', 'H10=77.2%', 'H11=77.2%', 'H12=77.2%', 'H13=77.6%', 'H14=77.2%', 'H15=77.6%', 'H16=76.7%']
  mean_sigmoid_q_halt: ['0.016', '0.072', '0.680', '0.801', '0.844', '0.891', '0.906', '0.914', '0.922', '0.926', '0.926', '0.926', '0.930', '0.926', '0.926', '0.926']
  halt_rates: ['0.00', '0.00', '0.67', '0.80', '0.85', '0.91', '0.91', '0.92', '0.93', '0.93', '0.93', '0.93', '0.93', '0.93', '0.92', '0.93']
  halt_histogram %: [73.3, 18.8, 3.8, 1.2, 0.5, 0.3, 0.2, 0.2, 0.1, 0.1, 0.1, 0.1, 0.0, 0.0, 0.0, 1.2]
  Avg ACT steps (last 100): 1.14
  saved: /home/jvdillon/projects/sic/code/maze/ckpts/x004/step06000.pt acc=99.19% (0.056s)
  saved: /home/jvdillon/projects/sic/code/maze/ckpts/x004/best.pt acc=99.19% (0.137s)
Step  6000  Test 99.19% / 74.70%  Train lm=0.7227±0.0033ϵ[0.7188,0.7500] n_halted=107.8060±6.9129ϵ[61.0000,121.0000]  (28.344s / 394.370s)
  n_active=128.0000±0.0000ϵ[128.0000,128.0000] n_expunged=0.0000±0.0000ϵ[0.0000,0.0000] pool_util=1.0000±0.0000ϵ[1.0000,1.0000]
  cell_acc=99.04%, puzzle_acc=73.60%
  eval_avg_halt_step: 1.71
  per_H_acc: ['H0=91.9%', 'H1=98.0%', 'H2=98.9%']
  H_cos: ['0.969', '0.977']
  z_H_delta: ['6.594', '7.156']
  cells: fixed=[13767, 2455] broken=[1096, 648]
  per_ACT_cell_acc: ['H1=91.9%', 'H2=98.0%', 'H3=98.9%', 'H4=99.0%', 'H5=99.0%', 'H6=99.0%', 'H7=99.0%', 'H8=99.0%', 'H9=99.0%', 'H10=99.0%', 'H11=99.0%', 'H12=99.0%', 'H13=99.0%', 'H14=99.0%', 'H15=99.0%', 'H16=99.0%']
  per_ACT_puzzle_acc: ['H1=0.0%', 'H2=7.3%', 'H3=58.6%', 'H4=65.5%', 'H5=70.3%', 'H6=72.4%', 'H7=73.7%', 'H8=73.7%', 'H9=73.3%', 'H10=73.3%', 'H11=73.3%', 'H12=73.3%', 'H13=73.3%', 'H14=73.3%', 'H15=73.3%', 'H16=73.3%']
  mean_sigmoid_q_halt: ['0.024', '0.144', '0.719', '0.785', '0.840', '0.895', '0.906', '0.926', '0.934', '0.941', '0.945', '0.949', '0.949', '0.949', '0.949', '0.949']
  halt_rates: ['0.00', '0.01', '0.69', '0.79', '0.89', '0.94', '0.94', '0.96', '0.96', '0.96', '0.96', '0.96', '0.96', '0.95', '0.96', '0.96']
  halt_histogram %: [74.6, 18.1, 3.6, 1.1, 0.5, 0.3, 0.2, 0.2, 0.1, 0.1, 0.1, 0.1, 0.0, 0.0, 0.0, 1.0]
  Avg ACT steps (last 100): 1.21
  saved: /home/jvdillon/projects/sic/code/maze/ckpts/x004/step06500.pt acc=99.04% (0.056s)
Step  6500  Test 99.04% / 73.60%  Train lm=0.7188±0.0021ϵ[0.7188,0.7305] n_halted=109.1320±5.2549ϵ[81.0000,122.0000]  (28.262s / 394.543s)
  n_active=128.0000±0.0000ϵ[128.0000,128.0000] n_expunged=0.0000±0.0000ϵ[0.0000,0.0000] pool_util=1.0000±0.0000ϵ[1.0000,1.0000]
  cell_acc=99.26%, puzzle_acc=76.30%
  eval_avg_halt_step: 1.92
  per_H_acc: ['H0=91.4%', 'H1=97.5%', 'H2=99.1%']
  H_cos: ['0.980', '0.969']
  z_H_delta: ['6.000', '7.906']
  cells: fixed=[13912, 3807] broken=[1059, 532]
  per_ACT_cell_acc: ['H1=91.4%', 'H2=97.5%', 'H3=99.1%', 'H4=99.2%', 'H5=99.3%', 'H6=99.3%', 'H7=99.3%', 'H8=99.3%', 'H9=99.3%', 'H10=99.3%', 'H11=99.4%', 'H12=99.4%', 'H13=99.3%', 'H14=99.4%', 'H15=99.3%', 'H16=99.3%']
  per_ACT_puzzle_acc: ['H1=0.0%', 'H2=2.2%', 'H3=62.1%', 'H4=67.7%', 'H5=69.8%', 'H6=76.3%', 'H7=73.7%', 'H8=75.0%', 'H9=77.6%', 'H10=75.0%', 'H11=75.4%', 'H12=76.7%', 'H13=76.3%', 'H14=77.2%', 'H15=76.3%', 'H16=76.3%']
  mean_sigmoid_q_halt: ['0.033', '0.109', '0.684', '0.699', '0.711', '0.883', '0.824', '0.844', '0.926', '0.855', '0.879', '0.914', '0.883', '0.898', '0.906', '0.887']
  halt_rates: ['0.00', '0.00', '0.69', '0.73', '0.73', '0.90', '0.88', '0.84', '0.94', '0.90', '0.88', '0.93', '0.91', '0.90', '0.92', '0.91']
  halt_histogram %: [75.6, 17.5, 3.4, 1.0, 0.5, 0.3, 0.2, 0.1, 0.1, 0.1, 0.1, 0.0, 0.0, 0.0, 0.0, 0.9]
  Avg ACT steps (last 100): 1.51
  saved: /home/jvdillon/projects/sic/code/maze/ckpts/x004/step07000.pt acc=99.26% (0.056s)
  saved: /home/jvdillon/projects/sic/code/maze/ckpts/x004/best.pt acc=99.26% (0.134s)
Step  7000  Test 99.26% / 76.30%  Train lm=0.7188±0.0024ϵ[0.7188,0.7383] n_halted=108.7040±6.9207ϵ[45.0000,121.0000]  (28.346s / 394.458s)
  n_active=128.0000±0.0000ϵ[128.0000,128.0000] n_expunged=0.0000±0.0000ϵ[0.0000,0.0000] pool_util=1.0000±0.0000ϵ[1.0000,1.0000]
  cell_acc=99.22%, puzzle_acc=75.00%
  eval_avg_halt_step: 1.40
  per_H_acc: ['H0=90.7%', 'H1=98.0%', 'H2=99.0%']
  H_cos: ['0.961', '0.969']
  z_H_delta: ['6.875', '6.875']
  cells: fixed=[16271, 2764] broken=[1118, 547]
  per_ACT_cell_acc: ['H1=90.7%', 'H2=98.0%', 'H3=99.0%', 'H4=99.1%', 'H5=99.1%', 'H6=99.2%', 'H7=99.2%', 'H8=99.2%', 'H9=99.2%', 'H10=99.2%', 'H11=99.2%', 'H12=99.2%', 'H13=99.2%', 'H14=99.2%', 'H15=99.2%', 'H16=99.2%']
  per_ACT_puzzle_acc: ['H1=0.0%', 'H2=2.6%', 'H3=60.8%', 'H4=69.8%', 'H5=70.7%', 'H6=72.4%', 'H7=72.8%', 'H8=72.4%', 'H9=72.8%', 'H10=72.8%', 'H11=72.8%', 'H12=72.4%', 'H13=72.4%', 'H14=72.4%', 'H15=72.4%', 'H16=72.4%']
  mean_sigmoid_q_halt: ['0.027', '0.172', '0.746', '0.852', '0.879', '0.930', '0.945', '0.949', '0.961', '0.965', '0.973', '0.973', '0.977', '0.977', '0.977', '0.977']
  halt_rates: ['0.00', '0.03', '0.74', '0.87', '0.91', '0.96', '0.97', '0.96', '0.97', '0.97', '0.99', '0.99', '0.99', '0.99', '0.99', '1.00']
  halt_histogram %: [76.5, 17.0, 3.3, 1.0, 0.4, 0.3, 0.2, 0.1, 0.1, 0.1, 0.1, 0.0, 0.0, 0.0, 0.0, 0.9]
  Avg ACT steps (last 100): 1.13
  saved: /home/jvdillon/projects/sic/code/maze/ckpts/x004/step07500.pt acc=99.22% (0.055s)
Step  7500  Test 99.22% / 75.00%  Train lm=0.7188±0.0030ϵ[0.7188,0.7461] n_halted=108.6980±6.0009ϵ[80.0000,121.0000]  (28.265s / 394.613s)
  n_active=128.0000±0.0000ϵ[128.0000,128.0000] n_expunged=0.0000±0.0000ϵ[0.0000,0.0000] pool_util=1.0000±0.0000ϵ[1.0000,1.0000]
  cell_acc=99.25%, puzzle_acc=77.40%
  eval_avg_halt_step: 1.31
  per_H_acc: ['H0=92.2%', 'H1=98.1%', 'H2=99.1%']
  H_cos: ['0.957', '0.977']
  z_H_delta: ['6.531', '6.688']
  cells: fixed=[13629, 2660] broken=[1367, 507]
  per_ACT_cell_acc: ['H1=92.2%', 'H2=98.1%', 'H3=99.1%', 'H4=99.2%', 'H5=99.2%', 'H6=99.2%', 'H7=99.2%', 'H8=99.2%', 'H9=99.2%', 'H10=99.2%', 'H11=99.2%', 'H12=99.2%', 'H13=99.2%', 'H14=99.2%', 'H15=99.2%', 'H16=99.2%']
  per_ACT_puzzle_acc: ['H1=0.0%', 'H2=7.3%', 'H3=65.9%', 'H4=72.4%', 'H5=75.0%', 'H6=77.6%', 'H7=77.2%', 'H8=78.4%', 'H9=77.2%', 'H10=77.2%', 'H11=77.2%', 'H12=77.6%', 'H13=78.0%', 'H14=78.4%', 'H15=78.0%', 'H16=78.0%']
  mean_sigmoid_q_halt: ['0.047', '0.281', '0.793', '0.859', '0.898', '0.953', '0.961', '0.965', '0.961', '0.965', '0.973', '0.973', '0.977', '0.980', '0.977', '0.977']
  halt_rates: ['0.00', '0.13', '0.81', '0.86', '0.91', '0.97', '0.97', '0.97', '0.97', '0.97', '0.97', '0.98', '0.98', '0.99', '0.99', '0.99']
  halt_histogram %: [77.3, 16.6, 3.1, 0.9, 0.4, 0.2, 0.2, 0.1, 0.1, 0.1, 0.1, 0.0, 0.0, 0.0, 0.0, 0.8]
  Avg ACT steps (last 100): 1.35
  saved: /home/jvdillon/projects/sic/code/maze/ckpts/x004/step08000.pt acc=99.25% (0.057s)
Step  8000  Test 99.25% / 77.40%  Train lm=0.7188±0.0023ϵ[0.7188,0.7383] n_halted=108.6140±7.0774ϵ[50.0000,121.0000]  (28.264s / 394.491s)
  n_active=128.0000±0.0000ϵ[128.0000,128.0000] n_expunged=0.0000±0.0000ϵ[0.0000,0.0000] pool_util=1.0000±0.0000ϵ[1.0000,1.0000]
  cell_acc=99.23%, puzzle_acc=76.40%
  eval_avg_halt_step: 1.31
  per_H_acc: ['H0=89.2%', 'H1=98.0%', 'H2=99.0%']
  H_cos: ['0.957', '0.969']
  z_H_delta: ['6.000', '6.500']
  cells: fixed=[19610, 2614] broken=[1127, 469]
  per_ACT_cell_acc: ['H1=89.2%', 'H2=98.0%', 'H3=99.0%', 'H4=99.1%', 'H5=99.2%', 'H6=99.2%', 'H7=99.2%', 'H8=99.2%', 'H9=99.2%', 'H10=99.2%', 'H11=99.2%', 'H12=99.2%', 'H13=99.2%', 'H14=99.2%', 'H15=99.2%', 'H16=99.2%']
  per_ACT_puzzle_acc: ['H1=0.0%', 'H2=9.1%', 'H3=65.1%', 'H4=72.0%', 'H5=74.6%', 'H6=75.4%', 'H7=75.9%', 'H8=75.4%', 'H9=75.4%', 'H10=75.0%', 'H11=75.0%', 'H12=75.0%', 'H13=74.6%', 'H14=74.6%', 'H15=74.6%', 'H16=74.6%']
  mean_sigmoid_q_halt: ['0.047', '0.279', '0.820', '0.875', '0.906', '0.922', '0.934', '0.953', '0.961', '0.965', '0.965', '0.965', '0.969', '0.973', '0.973', '0.973']
  halt_rates: ['0.00', '0.12', '0.83', '0.91', '0.95', '0.97', '0.97', '0.98', '0.98', '0.98', '0.98', '0.98', '0.98', '0.98', '0.98', '0.98']
  halt_histogram %: [78.0, 16.2, 3.0, 0.8, 0.4, 0.2, 0.2, 0.1, 0.1, 0.1, 0.0, 0.0, 0.0, 0.0, 0.0, 0.8]
  Avg ACT steps (last 100): 1.20
  saved: /home/jvdillon/projects/sic/code/maze/ckpts/x004/step08500.pt acc=99.23% (0.055s)
Step  8500  Test 99.23% / 76.40%  Train lm=0.7188±0.0015ϵ[0.7188,0.7266] n_halted=111.2540±4.8692ϵ[86.0000,123.0000]  (28.265s / 394.564s)
  n_active=128.0000±0.0000ϵ[128.0000,128.0000] n_expunged=0.0000±0.0000ϵ[0.0000,0.0000] pool_util=1.0000±0.0000ϵ[1.0000,1.0000]
  cell_acc=99.22%, puzzle_acc=77.40%
  eval_avg_halt_step: 1.32
  per_H_acc: ['H0=91.0%', 'H1=98.4%', 'H2=99.1%']
  H_cos: ['0.945', '0.977']
  z_H_delta: ['6.188', '6.406']
  cells: fixed=[16580, 1961] broken=[1108, 391]
  per_ACT_cell_acc: ['H1=91.0%', 'H2=98.4%', 'H3=99.1%', 'H4=99.2%', 'H5=99.2%', 'H6=99.2%', 'H7=99.2%', 'H8=99.2%', 'H9=99.2%', 'H10=99.2%', 'H11=99.2%', 'H12=99.2%', 'H13=99.2%', 'H14=99.2%', 'H15=99.2%', 'H16=99.2%']
  per_ACT_puzzle_acc: ['H1=0.0%', 'H2=13.8%', 'H3=69.0%', 'H4=73.7%', 'H5=75.9%', 'H6=77.2%', 'H7=77.2%', 'H8=76.7%', 'H9=77.2%', 'H10=77.2%', 'H11=77.2%', 'H12=77.2%', 'H13=77.2%', 'H14=76.7%', 'H15=76.7%', 'H16=76.3%']
  mean_sigmoid_q_halt: ['0.070', '0.311', '0.844', '0.859', '0.844', '0.949', '0.930', '0.926', '0.953', '0.945', '0.945', '0.953', '0.945', '0.949', '0.949', '0.945']
  halt_rates: ['0.00', '0.15', '0.84', '0.89', '0.90', '0.96', '0.95', '0.95', '0.96', '0.96', '0.96', '0.96', '0.95', '0.95', '0.95', '0.95']
  halt_histogram %: [78.6, 15.9, 2.9, 0.8, 0.4, 0.2, 0.2, 0.1, 0.1, 0.1, 0.0, 0.0, 0.0, 0.0, 0.0, 0.7]
  Avg ACT steps (last 100): 1.16
  saved: /home/jvdillon/projects/sic/code/maze/ckpts/x004/step09000.pt acc=99.22% (0.056s)
Step  9000  Test 99.22% / 77.40%  Train lm=0.7188±0.0018ϵ[0.7188,0.7266] n_halted=110.4080±6.0844ϵ[75.0000,121.0000]  (28.270s / 394.386s)
  n_active=128.0000±0.0000ϵ[128.0000,128.0000] n_expunged=0.0000±0.0000ϵ[0.0000,0.0000] pool_util=1.0000±0.0000ϵ[1.0000,1.0000]
  cell_acc=99.12%, puzzle_acc=78.40%
  eval_avg_halt_step: 1.62
  per_H_acc: ['H0=90.9%', 'H1=98.2%', 'H2=99.0%']
  H_cos: ['0.953', '0.969']
  z_H_delta: ['6.094', '6.375']
  cells: fixed=[16311, 2236] broken=[1180, 463]
  per_ACT_cell_acc: ['H1=90.9%', 'H2=98.2%', 'H3=99.0%', 'H4=99.1%', 'H5=99.1%', 'H6=99.1%', 'H7=99.1%', 'H8=99.1%', 'H9=99.1%', 'H10=99.1%', 'H11=99.1%', 'H12=99.1%', 'H13=99.1%', 'H14=99.1%', 'H15=99.1%', 'H16=99.1%']
  per_ACT_puzzle_acc: ['H1=0.0%', 'H2=1.3%', 'H3=68.5%', 'H4=75.9%', 'H5=76.7%', 'H6=77.2%', 'H7=77.2%', 'H8=77.6%', 'H9=77.6%', 'H10=77.6%', 'H11=77.6%', 'H12=77.6%', 'H13=78.0%', 'H14=78.0%', 'H15=78.0%', 'H16=77.2%']
  mean_sigmoid_q_halt: ['0.079', '0.330', '0.793', '0.887', '0.906', '0.934', '0.945', '0.953', '0.965', '0.969', '0.969', '0.969', '0.969', '0.969', '0.969', '0.965']
  halt_rates: ['0.00', '0.15', '0.79', '0.90', '0.94', '0.95', '0.96', '0.97', '0.97', '0.98', '0.98', '0.97', '0.97', '0.97', '0.97', '0.97']
  halt_histogram %: [79.2, 15.6, 2.8, 0.8, 0.3, 0.2, 0.1, 0.1, 0.1, 0.1, 0.0, 0.0, 0.0, 0.0, 0.0, 0.7]
  Avg ACT steps (last 100): 1.15
  saved: /home/jvdillon/projects/sic/code/maze/ckpts/x004/step09500.pt acc=99.12% (0.056s)
Step  9500  Test 99.12% / 78.40%  Train lm=0.7188±0.0018ϵ[0.7188,0.7344] n_halted=110.9280±5.4201ϵ[74.0000,122.0000]  (28.275s / 394.658s)
  n_active=128.0000±0.0000ϵ[128.0000,128.0000] n_expunged=0.0000±0.0000ϵ[0.0000,0.0000] pool_util=1.0000±0.0000ϵ[1.0000,1.0000]
  cell_acc=99.26%, puzzle_acc=79.20%
  eval_avg_halt_step: 1.36
  per_H_acc: ['H0=89.3%', 'H1=98.0%', 'H2=99.1%']
  H_cos: ['0.949', '0.961']
  z_H_delta: ['5.875', '6.719']
  cells: fixed=[19306, 2893] broken=[1308, 443]
  per_ACT_cell_acc: ['H1=89.3%', 'H2=98.0%', 'H3=99.1%', 'H4=99.2%', 'H5=99.2%', 'H6=99.2%', 'H7=99.2%', 'H8=99.2%', 'H9=99.2%', 'H10=99.2%', 'H11=99.2%', 'H12=99.2%', 'H13=99.2%', 'H14=99.2%', 'H15=99.2%', 'H16=99.2%']
  per_ACT_puzzle_acc: ['H1=0.0%', 'H2=1.7%', 'H3=70.3%', 'H4=73.3%', 'H5=75.9%', 'H6=76.3%', 'H7=76.3%', 'H8=76.3%', 'H9=76.3%', 'H10=76.3%', 'H11=76.3%', 'H12=76.3%', 'H13=76.7%', 'H14=76.7%', 'H15=76.7%', 'H16=76.7%']
  mean_sigmoid_q_halt: ['0.124', '0.307', '0.836', '0.910', '0.945', '0.965', '0.969', '0.973', '0.973', '0.973', '0.973', '0.973', '0.973', '0.977', '0.984', '0.984']
  halt_rates: ['0.00', '0.11', '0.85', '0.92', '0.97', '0.98', '0.98', '0.98', '0.98', '0.98', '0.98', '0.98', '0.98', '0.98', '1.00', '1.00']
  halt_histogram %: [79.7, 15.3, 2.7, 0.7, 0.3, 0.2, 0.1, 0.1, 0.1, 0.0, 0.0, 0.0, 0.0, 0.0, 0.0, 0.6]
  Avg ACT steps (last 100): 1.40
  saved: /home/jvdillon/projects/sic/code/maze/ckpts/x004/step10000.pt acc=99.26% (0.055s)
  saved: /home/jvdillon/projects/sic/code/maze/ckpts/x004/best.pt acc=99.26% (0.135s)
Step 10000  Test 99.26% / 79.20%  Train lm=0.7188±0.0019ϵ[0.7188,0.7305] n_halted=110.6920±5.0628ϵ[85.0000,122.0000]  (28.346s / 394.559s)
  n_active=128.0000±0.0000ϵ[128.0000,128.0000] n_expunged=0.0000±0.0000ϵ[0.0000,0.0000] pool_util=1.0000±0.0000ϵ[1.0000,1.0000]
