Adam params: ('embed_tokens.weight', 'head.weight', 'head.bias', 'q_head.weight', 'q_head.bias', 'puzzle_id_embed.weight')
Muon 2D params: ('reasoning.0.attn.o_proj.weight', 'reasoning.0.mlp.up_proj.weight', 'reasoning.0.mlp.down_proj.weight', 'reasoning.1.attn.o_proj.weight', 'reasoning.1.mlp.up_proj.weight', 'reasoning.1.mlp.down_proj.weight')
Muon 3D params (ensemble_dims=1): ('reasoning.0.attn.qkv_proj.weight', 'reasoning.1.attn.qkv_proj.weight')
Saved step 0 checkpoint with RNG: /home/jvdillon/projects/sic/code/maze/ckpts/x005/step00000_rng.pt
  cell_acc=89.81%, puzzle_acc=0.00%
  eval_avg_halt_step: 16.00
  per_H_acc: ['H0=61.9%', 'H1=87.5%', 'H2=87.5%']
  H_cos: ['0.566', '0.918']
  z_H_delta: ['21.125', '12.062']
  cells: fixed=[53493, 30] broken=[0, 10]
  per_ACT_cell_acc: ['H1=61.9%', 'H2=87.5%', 'H3=87.5%', 'H4=88.5%', 'H5=89.0%', 'H6=89.4%', 'H7=89.7%', 'H8=89.8%', 'H9=89.9%', 'H10=89.9%', 'H11=89.9%', 'H12=89.9%', 'H13=89.9%', 'H14=89.8%', 'H15=89.8%', 'H16=89.9%']
  per_ACT_puzzle_acc: ['H1=0.0%', 'H2=0.0%', 'H3=0.0%', 'H4=0.0%', 'H5=0.0%', 'H6=0.0%', 'H7=0.0%', 'H8=0.0%', 'H9=0.0%', 'H10=0.0%', 'H11=0.0%', 'H12=0.0%', 'H13=0.0%', 'H14=0.0%', 'H15=0.0%', 'H16=0.0%']
  mean_sigmoid_q_halt: ['0.001', '0.000', '0.000', '0.000', '0.000', '0.000', '0.000', '0.000', '0.000', '0.000', '0.000', '0.000', '0.000', '0.000', '0.000', '0.000']
  halt_rates: ['0.00', '0.00', '0.00', '0.00', '0.00', '0.00', '0.00', '0.00', '0.00', '0.00', '0.00', '0.00', '0.00', '0.00', '0.00', '0.00']
  halt_histogram %: [0.0, 0.0, 0.0, 0.0, 0.0, 0.0, 0.0, 0.0, 0.0, 0.0, 0.0, 0.0, 0.0, 0.0, 0.0, 100.0]
  Avg ACT steps (last 100): 16.00
  saved: /home/jvdillon/projects/sic/code/maze/ckpts/x005/step00500.pt acc=89.81% (0.059s)
  saved: /home/jvdillon/projects/sic/code/maze/ckpts/x005/best.pt acc=89.81% (0.113s)
Step   500  Test 89.81% /  0.00%  Train lm=1.0773±0.0956ϵ[0.8961,1.9326] n_halted=7.9360±30.8988ϵ[0.0000,128.0000]  (36.993s / 185.819s)
  n_active=128.0000±0.0000ϵ[128.0000,128.0000] n_expunged=0.0000±0.0000ϵ[0.0000,0.0000] pool_util=1.0000±0.0000ϵ[1.0000,1.0000]
  cell_acc=97.52%, puzzle_acc=33.90%
  eval_avg_halt_step: 7.19
  per_H_acc: ['H0=87.5%', 'H1=87.5%', 'H2=94.2%']
  H_cos: ['0.758', '0.910']
  z_H_delta: ['23.375', '15.688']
  cells: fixed=[68, 18912] broken=[15, 4986]
  per_ACT_cell_acc: ['H1=87.5%', 'H2=87.5%', 'H3=94.2%', 'H4=95.8%', 'H5=96.8%', 'H6=97.1%', 'H7=97.3%', 'H8=97.4%', 'H9=97.5%', 'H10=97.5%', 'H11=97.4%', 'H12=97.5%', 'H13=97.5%', 'H14=97.5%', 'H15=97.5%', 'H16=97.5%']
  per_ACT_puzzle_acc: ['H1=0.0%', 'H2=0.0%', 'H3=0.0%', 'H4=0.9%', 'H5=6.0%', 'H6=16.8%', 'H7=22.4%', 'H8=27.2%', 'H9=31.0%', 'H10=31.9%', 'H11=33.6%', 'H12=33.2%', 'H13=34.9%', 'H14=34.9%', 'H15=34.9%', 'H16=34.5%']
  mean_sigmoid_q_halt: ['0.002', '0.000', '0.000', '0.015', '0.065', '0.149', '0.233', '0.303', '0.354', '0.383', '0.402', '0.414', '0.439', '0.451', '0.459', '0.469']
  halt_rates: ['0.00', '0.00', '0.00', '0.00', '0.03', '0.12', '0.22', '0.29', '0.37', '0.40', '0.44', '0.45', '0.47', '0.48', '0.50', '0.50']
  halt_histogram %: [0.0, 5.1, 13.5, 10.9, 7.6, 5.0, 3.6, 2.4, 2.0, 1.3, 1.3, 1.2, 0.5, 1.6, 0.4, 43.5]
  Avg ACT steps (last 100): 3.26
  saved: /home/jvdillon/projects/sic/code/maze/ckpts/x005/step01000.pt acc=97.52% (0.059s)
  saved: /home/jvdillon/projects/sic/code/maze/ckpts/x005/best.pt acc=97.52% (0.138s)
Step  1000  Test 97.52% / 33.90%  Train lm=0.8317±0.0626ϵ[0.7537,1.0041] n_halted=17.6840±23.8726ϵ[0.0000,128.0000]  (28.369s / 177.370s)
  n_active=128.0000±0.0000ϵ[128.0000,128.0000] n_expunged=0.0000±0.0000ϵ[0.0000,0.0000] pool_util=1.0000±0.0000ϵ[1.0000,1.0000]
  cell_acc=98.36%, puzzle_acc=50.20%
  eval_avg_halt_step: 2.98
  per_H_acc: ['H0=87.5%', 'H1=88.3%', 'H2=97.0%']
  H_cos: ['0.855', '0.902']
  z_H_delta: ['20.750', '15.562']
  cells: fixed=[4392, 21172] broken=[2705, 3036]
  per_ACT_cell_acc: ['H1=87.5%', 'H2=88.3%', 'H3=97.0%', 'H4=97.7%', 'H5=98.0%', 'H6=98.2%', 'H7=98.2%', 'H8=98.2%', 'H9=98.2%', 'H10=98.2%', 'H11=98.3%', 'H12=98.3%', 'H13=98.3%', 'H14=98.3%', 'H15=98.3%', 'H16=98.3%']
  per_ACT_puzzle_acc: ['H1=0.0%', 'H2=0.0%', 'H3=3.9%', 'H4=21.6%', 'H5=34.5%', 'H6=42.2%', 'H7=44.8%', 'H8=46.6%', 'H9=47.0%', 'H10=47.4%', 'H11=47.4%', 'H12=47.4%', 'H13=47.4%', 'H14=47.8%', 'H15=47.8%', 'H16=47.0%']
  mean_sigmoid_q_halt: ['0.002', '0.022', '0.136', '0.395', '0.578', '0.727', '0.789', '0.824', '0.836', '0.855', '0.859', '0.867', '0.879', '0.887', '0.887', '0.887']
  halt_rates: ['0.00', '0.00', '0.05', '0.34', '0.57', '0.75', '0.78', '0.83', '0.84', '0.85', '0.86', '0.88', '0.89', '0.89', '0.89', '0.89']
  halt_histogram %: [1.4, 45.1, 18.1, 7.7, 4.3, 2.5, 1.7, 1.1, 0.9, 0.6, 0.5, 0.5, 0.2, 0.6, 0.1, 14.8]
  Avg ACT steps (last 100): 1.98
  saved: /home/jvdillon/projects/sic/code/maze/ckpts/x005/step01500.pt acc=98.36% (0.055s)
  saved: /home/jvdillon/projects/sic/code/maze/ckpts/x005/best.pt acc=98.36% (0.134s)
Step  1500  Test 98.36% / 50.20%  Train lm=0.7433±0.0121ϵ[0.7260,0.7844] n_halted=50.0060±13.9923ϵ[1.0000,84.0000]  (28.367s / 177.483s)
  n_active=128.0000±0.0000ϵ[128.0000,128.0000] n_expunged=0.0000±0.0000ϵ[0.0000,0.0000] pool_util=1.0000±0.0000ϵ[1.0000,1.0000]
  cell_acc=98.26%, puzzle_acc=52.80%
  eval_avg_halt_step: 4.62
  per_H_acc: ['H0=87.4%', 'H1=88.9%', 'H2=97.2%']
  H_cos: ['0.770', '0.871']
  z_H_delta: ['22.000', '16.875']
  cells: fixed=[9181, 20199] broken=[6147, 2852]
  per_ACT_cell_acc: ['H1=87.4%', 'H2=88.9%', 'H3=97.2%', 'H4=97.9%', 'H5=98.1%', 'H6=98.2%', 'H7=98.2%', 'H8=98.2%', 'H9=98.2%', 'H10=98.2%', 'H11=98.3%', 'H12=98.2%', 'H13=98.2%', 'H14=98.2%', 'H15=98.2%', 'H16=98.2%']
  per_ACT_puzzle_acc: ['H1=0.0%', 'H2=0.0%', 'H3=6.9%', 'H4=27.2%', 'H5=38.4%', 'H6=43.1%', 'H7=47.0%', 'H8=47.4%', 'H9=49.1%', 'H10=48.7%', 'H11=49.1%', 'H12=50.0%', 'H13=49.6%', 'H14=50.9%', 'H15=50.9%', 'H16=50.9%']
  mean_sigmoid_q_halt: ['0.006', '0.005', '0.146', '0.414', '0.520', '0.598', '0.621', '0.648', '0.676', '0.688', '0.684', '0.691', '0.688', '0.691', '0.699', '0.695']
  halt_rates: ['0.00', '0.00', '0.07', '0.38', '0.50', '0.59', '0.62', '0.65', '0.68', '0.69', '0.68', '0.70', '0.69', '0.68', '0.71', '0.70']
  halt_histogram %: [9.2, 55.5, 14.5, 5.1, 2.6, 1.5, 1.0, 0.7, 0.5, 0.3, 0.3, 0.3, 0.1, 0.3, 0.1, 8.0]
  Avg ACT steps (last 100): 1.87
  saved: /home/jvdillon/projects/sic/code/maze/ckpts/x005/step02000.pt acc=98.26% (0.057s)
Step  2000  Test 98.26% / 52.80%  Train lm=0.7291±0.0033ϵ[0.7224,0.7435] n_halted=63.4340±10.9880ϵ[13.0000,101.0000]  (28.297s / 177.528s)
  n_active=128.0000±0.0000ϵ[128.0000,128.0000] n_expunged=0.0000±0.0000ϵ[0.0000,0.0000] pool_util=1.0000±0.0000ϵ[1.0000,1.0000]
  cell_acc=98.76%, puzzle_acc=64.00%
  eval_avg_halt_step: 2.52
  per_H_acc: ['H0=87.5%', 'H1=87.9%', 'H2=97.7%']
  H_cos: ['0.410', '0.883']
  z_H_delta: ['23.000', '20.000']
  cells: fixed=[2013, 22543] broken=[1086, 2236]
  per_ACT_cell_acc: ['H1=87.5%', 'H2=87.9%', 'H3=97.7%', 'H4=98.2%', 'H5=98.5%', 'H6=98.5%', 'H7=98.5%', 'H8=98.6%', 'H9=98.6%', 'H10=98.6%', 'H11=98.6%', 'H12=98.6%', 'H13=98.6%', 'H14=98.7%', 'H15=98.6%', 'H16=98.7%']
  per_ACT_puzzle_acc: ['H1=0.0%', 'H2=0.0%', 'H3=14.7%', 'H4=39.2%', 'H5=53.0%', 'H6=57.8%', 'H7=61.2%', 'H8=62.9%', 'H9=64.2%', 'H10=64.7%', 'H11=64.2%', 'H12=64.2%', 'H13=64.2%', 'H14=64.7%', 'H15=63.8%', 'H16=64.2%']
  mean_sigmoid_q_halt: ['0.008', '0.656', '0.227', '0.504', '0.684', '0.777', '0.828', '0.852', '0.875', '0.879', '0.891', '0.891', '0.898', '0.895', '0.898', '0.898']
  halt_rates: ['0.00', '0.98', '0.16', '0.51', '0.70', '0.81', '0.86', '0.88', '0.91', '0.91', '0.91', '0.91', '0.94', '0.92', '0.93', '0.94']
  halt_histogram %: [17.1, 56.2, 12.2, 3.8, 1.8, 1.0, 0.7, 0.5, 0.3, 0.2, 0.2, 0.2, 0.1, 0.2, 0.1, 5.3]
  Avg ACT steps (last 100): 1.60
  saved: /home/jvdillon/projects/sic/code/maze/ckpts/x005/step02500.pt acc=98.76% (0.055s)
  saved: /home/jvdillon/projects/sic/code/maze/ckpts/x005/best.pt acc=98.76% (0.136s)
Step  2500  Test 98.76% / 64.00%  Train lm=0.7260±0.0028ϵ[0.7210,0.7455] n_halted=70.6760±12.1808ϵ[33.0000,100.0000]  (28.300s / 177.461s)
  n_active=128.0000±0.0000ϵ[128.0000,128.0000] n_expunged=0.0000±0.0000ϵ[0.0000,0.0000] pool_util=1.0000±0.0000ϵ[1.0000,1.0000]
  cell_acc=98.98%, puzzle_acc=70.60%
  eval_avg_halt_step: 2.10
  per_H_acc: ['H0=86.3%', 'H1=88.2%', 'H2=98.1%']
  H_cos: ['0.586', '0.855']
  z_H_delta: ['25.875', '19.750']
  cells: fixed=[8979, 22562] broken=[5145, 1818]
  per_ACT_cell_acc: ['H1=86.3%', 'H2=88.2%', 'H3=98.1%', 'H4=98.6%', 'H5=98.9%', 'H6=99.0%', 'H7=99.0%', 'H8=99.0%', 'H9=99.0%', 'H10=99.0%', 'H11=99.0%', 'H12=99.1%', 'H13=99.0%', 'H14=99.0%', 'H15=99.0%', 'H16=99.0%']
  per_ACT_puzzle_acc: ['H1=0.0%', 'H2=0.0%', 'H3=23.7%', 'H4=50.9%', 'H5=63.8%', 'H6=68.5%', 'H7=70.3%', 'H8=71.1%', 'H9=71.6%', 'H10=71.1%', 'H11=71.6%', 'H12=71.1%', 'H13=71.1%', 'H14=71.6%', 'H15=71.6%', 'H16=71.6%']
  mean_sigmoid_q_halt: ['0.011', '0.555', '0.369', '0.621', '0.812', '0.898', '0.930', '0.949', '0.953', '0.957', '0.957', '0.957', '0.965', '0.965', '0.965', '0.961']
  halt_rates: ['0.00', '0.72', '0.31', '0.61', '0.83', '0.91', '0.94', '0.96', '0.97', '0.97', '0.97', '0.97', '0.98', '0.98', '0.97', '0.97']
  halt_histogram %: [28.6, 50.6, 10.2, 2.9, 1.4, 0.8, 0.5, 0.3, 0.2, 0.2, 0.1, 0.1, 0.1, 0.1, 0.0, 3.8]
  Avg ACT steps (last 100): 1.52
  saved: /home/jvdillon/projects/sic/code/maze/ckpts/x005/step03000.pt acc=98.98% (0.055s)
  saved: /home/jvdillon/projects/sic/code/maze/ckpts/x005/best.pt acc=98.98% (0.133s)
Step  3000  Test 98.98% / 70.60%  Train lm=0.7242±0.0027ϵ[0.7199,0.7334] n_halted=84.1580±11.9169ϵ[40.0000,110.0000]  (28.288s / 176.976s)
  n_active=128.0000±0.0000ϵ[128.0000,128.0000] n_expunged=0.0000±0.0000ϵ[0.0000,0.0000] pool_util=1.0000±0.0000ϵ[1.0000,1.0000]
  cell_acc=98.95%, puzzle_acc=69.30%
  eval_avg_halt_step: 2.28
  per_H_acc: ['H0=87.5%', 'H1=86.9%', 'H2=98.4%']
  H_cos: ['0.465', '0.812']
  z_H_delta: ['24.875', '19.875']
  cells: fixed=[11501, 25736] broken=[12852, 1710]
  per_ACT_cell_acc: ['H1=87.5%', 'H2=86.9%', 'H3=98.4%', 'H4=98.7%', 'H5=98.8%', 'H6=98.9%', 'H7=98.9%', 'H8=98.9%', 'H9=98.9%', 'H10=98.9%', 'H11=98.9%', 'H12=98.9%', 'H13=98.9%', 'H14=98.9%', 'H15=98.8%', 'H16=98.9%']
  per_ACT_puzzle_acc: ['H1=0.0%', 'H2=0.0%', 'H3=31.5%', 'H4=49.6%', 'H5=59.1%', 'H6=62.1%', 'H7=64.7%', 'H8=65.9%', 'H9=65.9%', 'H10=66.4%', 'H11=66.8%', 'H12=66.8%', 'H13=66.8%', 'H14=65.5%', 'H15=65.9%', 'H16=66.4%']
  mean_sigmoid_q_halt: ['0.020', '0.539', '0.441', '0.652', '0.750', '0.809', '0.832', '0.863', '0.875', '0.891', '0.895', '0.898', '0.898', '0.902', '0.906', '0.910']
  halt_rates: ['0.00', '0.66', '0.41', '0.64', '0.75', '0.81', '0.84', '0.88', '0.89', '0.89', '0.91', '0.91', '0.91', '0.91', '0.92', '0.92']
  halt_histogram %: [36.4, 46.3, 8.8, 2.4, 1.1, 0.6, 0.4, 0.3, 0.2, 0.1, 0.1, 0.1, 0.0, 0.1, 0.0, 2.9]
  Avg ACT steps (last 100): 1.25
  saved: /home/jvdillon/projects/sic/code/maze/ckpts/x005/step03500.pt acc=98.95% (0.054s)
Step  3500  Test 98.95% / 69.30%  Train lm=0.7233±0.0022ϵ[0.7194,0.7336] n_halted=88.1000±12.2116ϵ[45.0000,112.0000]  (28.228s / 177.048s)
  n_active=128.0000±0.0000ϵ[128.0000,128.0000] n_expunged=0.0000±0.0000ϵ[0.0000,0.0000] pool_util=1.0000±0.0000ϵ[1.0000,1.0000]
  cell_acc=99.09%, puzzle_acc=59.90%
  eval_avg_halt_step: 2.25
  per_H_acc: ['H0=86.9%', 'H1=87.2%', 'H2=98.5%']
  H_cos: ['0.551', '0.875']
  z_H_delta: ['27.250', '20.750']
  cells: fixed=[9395, 25184] broken=[8765, 1478]
  per_ACT_cell_acc: ['H1=86.9%', 'H2=87.2%', 'H3=98.5%', 'H4=98.9%', 'H5=99.1%', 'H6=99.2%', 'H7=99.2%', 'H8=99.2%', 'H9=99.3%', 'H10=99.3%', 'H11=99.3%', 'H12=99.3%', 'H13=99.3%', 'H14=99.2%', 'H15=99.3%', 'H16=99.3%']
  per_ACT_puzzle_acc: ['H1=0.0%', 'H2=0.0%', 'H3=30.6%', 'H4=55.2%', 'H5=65.9%', 'H6=71.1%', 'H7=74.1%', 'H8=73.3%', 'H9=72.0%', 'H10=71.1%', 'H11=67.2%', 'H12=67.2%', 'H13=66.4%', 'H14=64.7%', 'H15=65.5%', 'H16=65.1%']
  mean_sigmoid_q_halt: ['0.005', '0.910', '0.369', '0.633', '0.762', '0.824', '0.871', '0.898', '0.918', '0.926', '0.930', '0.930', '0.918', '0.918', '0.922', '0.918']
  halt_rates: ['0.00', '1.00', '0.30', '0.63', '0.78', '0.84', '0.89', '0.92', '0.95', '0.96', '0.97', '0.96', '0.94', '0.95', '0.95', '0.95']
  halt_histogram %: [42.7, 42.6, 7.7, 2.0, 0.9, 0.5, 0.3, 0.2, 0.2, 0.1, 0.1, 0.1, 0.0, 0.1, 0.0, 2.4]
  Avg ACT steps (last 100): 1.33
  saved: /home/jvdillon/projects/sic/code/maze/ckpts/x005/step04000.pt acc=99.09% (0.055s)
  saved: /home/jvdillon/projects/sic/code/maze/ckpts/x005/best.pt acc=99.09% (0.136s)
Step  4000  Test 99.09% / 59.90%  Train lm=0.7224±0.0020ϵ[0.7191,0.7311] n_halted=93.1780±12.3628ϵ[45.0000,119.0000]  (28.309s / 177.028s)
  n_active=128.0000±0.0000ϵ[128.0000,128.0000] n_expunged=0.0000±0.0000ϵ[0.0000,0.0000] pool_util=1.0000±0.0000ϵ[1.0000,1.0000]
  cell_acc=99.05%, puzzle_acc=72.80%
  eval_avg_halt_step: 1.83
  per_H_acc: ['H0=87.5%', 'H1=91.9%', 'H2=98.8%']
  H_cos: ['0.680', '0.906']
  z_H_delta: ['22.625', '20.125']
  cells: fixed=[18536, 15440] broken=[9436, 975]
  per_ACT_cell_acc: ['H1=87.5%', 'H2=91.9%', 'H3=98.8%', 'H4=99.0%', 'H5=99.0%', 'H6=99.0%', 'H7=99.0%', 'H8=99.1%', 'H9=99.1%', 'H10=99.1%', 'H11=99.1%', 'H12=99.1%', 'H13=99.1%', 'H14=99.0%', 'H15=99.0%', 'H16=99.0%']
  per_ACT_puzzle_acc: ['H1=0.0%', 'H2=0.0%', 'H3=42.2%', 'H4=62.1%', 'H5=68.5%', 'H6=69.8%', 'H7=70.7%', 'H8=71.6%', 'H9=72.4%', 'H10=72.8%', 'H11=72.8%', 'H12=72.8%', 'H13=72.8%', 'H14=72.8%', 'H15=73.3%', 'H16=73.3%']
  mean_sigmoid_q_halt: ['0.023', '0.598', '0.590', '0.781', '0.840', '0.883', '0.910', '0.930', '0.941', '0.949', '0.953', '0.953', '0.953', '0.953', '0.957', '0.957']
  halt_rates: ['0.00', '0.75', '0.56', '0.77', '0.84', '0.88', '0.91', '0.93', '0.95', '0.96', '0.96', '0.96', '0.96', '0.96', '0.97', '0.97']
  halt_histogram %: [49.0, 38.4, 6.8, 1.7, 0.8, 0.4, 0.3, 0.2, 0.1, 0.1, 0.1, 0.1, 0.0, 0.1, 0.0, 1.9]
  Avg ACT steps (last 100): 1.13
  saved: /home/jvdillon/projects/sic/code/maze/ckpts/x005/step04500.pt acc=99.05% (0.056s)
Step  4500  Test 99.05% / 72.80%  Train lm=0.7217±0.0018ϵ[0.7189,0.7292] n_halted=101.7500±7.3293ϵ[68.0000,116.0000]  (28.234s / 177.096s)
  n_active=128.0000±0.0000ϵ[128.0000,128.0000] n_expunged=0.0000±0.0000ϵ[0.0000,0.0000] pool_util=1.0000±0.0000ϵ[1.0000,1.0000]
  cell_acc=99.17%, puzzle_acc=74.80%
  eval_avg_halt_step: 1.54
  per_H_acc: ['H0=87.2%', 'H1=91.3%', 'H2=98.9%']
  H_cos: ['0.447', '0.891']
  z_H_delta: ['25.625', '21.625']
  cells: fixed=[16426, 16882] broken=[7830, 1020]
  per_ACT_cell_acc: ['H1=87.2%', 'H2=91.3%', 'H3=98.9%', 'H4=99.1%', 'H5=99.2%', 'H6=99.2%', 'H7=99.2%', 'H8=99.2%', 'H9=99.2%', 'H10=99.2%', 'H11=99.2%', 'H12=99.2%', 'H13=99.2%', 'H14=99.2%', 'H15=99.2%', 'H16=99.2%']
  per_ACT_puzzle_acc: ['H1=0.0%', 'H2=0.0%', 'H3=50.9%', 'H4=67.7%', 'H5=72.4%', 'H6=75.4%', 'H7=76.3%', 'H8=76.7%', 'H9=76.7%', 'H10=76.7%', 'H11=76.7%', 'H12=76.3%', 'H13=76.3%', 'H14=76.3%', 'H15=75.9%', 'H16=76.3%']
  mean_sigmoid_q_halt: ['0.006', '0.742', '0.676', '0.844', '0.902', '0.926', '0.949', '0.957', '0.969', '0.965', '0.965', '0.965', '0.969', '0.965', '0.961', '0.973']
  halt_rates: ['0.00', '1.00', '0.66', '0.85', '0.91', '0.92', '0.95', '0.97', '0.98', '0.97', '0.97', '0.97', '0.97', '0.97', '0.97', '0.98']
  halt_histogram %: [53.5, 35.3, 6.1, 1.5, 0.7, 0.4, 0.3, 0.2, 0.1, 0.1, 0.1, 0.1, 0.0, 0.1, 0.0, 1.7]
  Avg ACT steps (last 100): 1.25
  saved: /home/jvdillon/projects/sic/code/maze/ckpts/x005/step05000.pt acc=99.17% (0.056s)
  saved: /home/jvdillon/projects/sic/code/maze/ckpts/x005/best.pt acc=99.17% (0.135s)
Step  5000  Test 99.17% / 74.80%  Train lm=0.7218±0.0033ϵ[0.7188,0.7590] n_halted=101.3640±11.8928ϵ[2.0000,117.0000]  (28.318s / 177.140s)
  n_active=128.0000±0.0000ϵ[128.0000,128.0000] n_expunged=0.0000±0.0000ϵ[0.0000,0.0000] pool_util=1.0000±0.0000ϵ[1.0000,1.0000]
  cell_acc=99.10%, puzzle_acc=74.00%
  eval_avg_halt_step: 2.18
  per_H_acc: ['H0=79.2%', 'H1=90.7%', 'H2=98.8%']
  H_cos: ['0.449', '0.918']
  z_H_delta: ['24.750', '18.500']
  cells: fixed=[29057, 17966] broken=[5019, 1103]
  per_ACT_cell_acc: ['H1=79.2%', 'H2=90.7%', 'H3=98.8%', 'H4=98.9%', 'H5=99.1%', 'H6=99.1%', 'H7=99.1%', 'H8=99.1%', 'H9=99.2%', 'H10=99.2%', 'H11=99.1%', 'H12=99.1%', 'H13=99.2%', 'H14=99.1%', 'H15=99.1%', 'H16=99.1%']
  per_ACT_puzzle_acc: ['H1=0.0%', 'H2=0.0%', 'H3=44.0%', 'H4=60.8%', 'H5=68.5%', 'H6=72.0%', 'H7=74.1%', 'H8=75.4%', 'H9=75.9%', 'H10=75.9%', 'H11=75.0%', 'H12=76.3%', 'H13=76.3%', 'H14=75.9%', 'H15=75.9%', 'H16=75.9%']
  mean_sigmoid_q_halt: ['0.005', '0.371', '0.559', '0.734', '0.777', '0.840', '0.875', '0.891', '0.898', '0.902', '0.902', '0.910', '0.910', '0.910', '0.906', '0.906']
  halt_rates: ['0.00', '0.09', '0.53', '0.72', '0.80', '0.86', '0.88', '0.90', '0.91', '0.91', '0.91', '0.92', '0.92', '0.92', '0.91', '0.91']
  halt_histogram %: [56.9, 33.0, 5.6, 1.4, 0.6, 0.3, 0.2, 0.1, 0.1, 0.1, 0.1, 0.1, 0.0, 0.1, 0.0, 1.4]
  Avg ACT steps (last 100): 1.18
  saved: /home/jvdillon/projects/sic/code/maze/ckpts/x005/step05500.pt acc=99.10% (0.056s)
Step  5500  Test 99.10% / 74.00%  Train lm=0.7215±0.0018ϵ[0.7189,0.7335] n_halted=102.6500±8.7233ϵ[48.0000,120.0000]  (28.237s / 177.118s)
  n_active=128.0000±0.0000ϵ[128.0000,128.0000] n_expunged=0.0000±0.0000ϵ[0.0000,0.0000] pool_util=1.0000±0.0000ϵ[1.0000,1.0000]
  cell_acc=99.10%, puzzle_acc=74.40%
  eval_avg_halt_step: 1.77
  per_H_acc: ['H0=87.5%', 'H1=93.3%', 'H2=98.8%']
  H_cos: ['0.797', '0.934']
  z_H_delta: ['22.375', '18.500']
  cells: fixed=[19900, 12699] broken=[7795, 1236]
  per_ACT_cell_acc: ['H1=87.5%', 'H2=93.3%', 'H3=98.8%', 'H4=99.0%', 'H5=99.0%', 'H6=99.1%', 'H7=99.1%', 'H8=99.0%', 'H9=99.1%', 'H10=99.1%', 'H11=99.1%', 'H12=99.1%', 'H13=99.1%', 'H14=99.1%', 'H15=99.1%', 'H16=99.1%']
  per_ACT_puzzle_acc: ['H1=0.0%', 'H2=0.0%', 'H3=48.3%', 'H4=65.5%', 'H5=67.2%', 'H6=69.0%', 'H7=70.3%', 'H8=69.8%', 'H9=70.3%', 'H10=70.7%', 'H11=70.3%', 'H12=71.1%', 'H13=71.6%', 'H14=71.1%', 'H15=71.6%', 'H16=71.6%']
  mean_sigmoid_q_halt: ['0.016', '0.126', '0.590', '0.785', '0.859', '0.898', '0.918', '0.930', '0.938', '0.945', '0.945', '0.949', '0.953', '0.957', '0.957', '0.965']
  halt_rates: ['0.00', '0.00', '0.57', '0.79', '0.88', '0.91', '0.94', '0.94', '0.95', '0.96', '0.96', '0.96', '0.96', '0.97', '0.97', '0.97']
  halt_histogram %: [59.7, 31.1, 5.2, 1.3, 0.5, 0.3, 0.2, 0.1, 0.1, 0.1, 0.1, 0.0, 0.0, 0.1, 0.0, 1.3]
  Avg ACT steps (last 100): 1.26
  saved: /home/jvdillon/projects/sic/code/maze/ckpts/x005/step06000.pt acc=99.10% (0.055s)
Step  6000  Test 99.10% / 74.40%  Train lm=0.7214±0.0018ϵ[0.7188,0.7316] n_halted=104.4160±8.9521ϵ[29.0000,120.0000]  (28.248s / 177.168s)
  n_active=128.0000±0.0000ϵ[128.0000,128.0000] n_expunged=0.0000±0.0000ϵ[0.0000,0.0000] pool_util=1.0000±0.0000ϵ[1.0000,1.0000]
  cell_acc=99.12%, puzzle_acc=73.70%
  eval_avg_halt_step: 1.65
  per_H_acc: ['H0=42.5%', 'H1=92.2%', 'H2=98.7%']
  H_cos: ['0.562', '0.902']
  z_H_delta: ['20.875', '22.250']
  cells: fixed=[104490, 14715] broken=[770, 1050]
  per_ACT_cell_acc: ['H1=42.5%', 'H2=92.2%', 'H3=98.7%', 'H4=99.0%', 'H5=99.1%', 'H6=99.1%', 'H7=99.1%', 'H8=99.1%', 'H9=99.1%', 'H10=99.1%', 'H11=99.1%', 'H12=99.1%', 'H13=99.1%', 'H14=99.1%', 'H15=99.1%', 'H16=99.1%']
  per_ACT_puzzle_acc: ['H1=0.0%', 'H2=0.0%', 'H3=43.5%', 'H4=66.8%', 'H5=72.0%', 'H6=72.0%', 'H7=72.0%', 'H8=72.0%', 'H9=72.8%', 'H10=73.3%', 'H11=72.8%', 'H12=72.8%', 'H13=72.8%', 'H14=72.4%', 'H15=72.4%', 'H16=72.4%']
  mean_sigmoid_q_halt: ['0.013', '0.133', '0.555', '0.809', '0.902', '0.930', '0.934', '0.938', '0.941', '0.945', '0.941', '0.945', '0.945', '0.949', '0.945', '0.949']
  halt_rates: ['0.00', '0.00', '0.53', '0.85', '0.94', '0.97', '0.97', '0.97', '0.98', '0.98', '0.98', '0.97', '0.98', '0.98', '0.98', '0.98']
  halt_histogram %: [62.1, 29.4, 4.8, 1.2, 0.5, 0.3, 0.2, 0.1, 0.1, 0.1, 0.0, 0.0, 0.0, 0.0, 0.0, 1.1]
  Avg ACT steps (last 100): 1.18
  saved: /home/jvdillon/projects/sic/code/maze/ckpts/x005/step06500.pt acc=99.12% (0.056s)
Step  6500  Test 99.12% / 73.70%  Train lm=0.7211±0.0017ϵ[0.7187,0.7309] n_halted=105.6000±7.8791ϵ[40.0000,119.0000]  (28.244s / 177.210s)
  n_active=128.0000±0.0000ϵ[128.0000,128.0000] n_expunged=0.0000±0.0000ϵ[0.0000,0.0000] pool_util=1.0000±0.0000ϵ[1.0000,1.0000]
  cell_acc=99.24%, puzzle_acc=76.90%
  eval_avg_halt_step: 1.42
  per_H_acc: ['H0=87.2%', 'H1=92.6%', 'H2=99.0%']
  H_cos: ['0.812', '0.926']
  z_H_delta: ['22.375', '21.625']
  cells: fixed=[21003, 14143] broken=[9641, 686]
  per_ACT_cell_acc: ['H1=87.2%', 'H2=92.6%', 'H3=99.0%', 'H4=99.2%', 'H5=99.2%', 'H6=99.2%', 'H7=99.3%', 'H8=99.3%', 'H9=99.3%', 'H10=99.3%', 'H11=99.3%', 'H12=99.3%', 'H13=99.3%', 'H14=99.3%', 'H15=99.3%', 'H16=99.3%']
  per_ACT_puzzle_acc: ['H1=0.0%', 'H2=0.0%', 'H3=57.3%', 'H4=69.0%', 'H5=75.9%', 'H6=76.7%', 'H7=78.0%', 'H8=78.0%', 'H9=78.0%', 'H10=78.4%', 'H11=78.4%', 'H12=78.4%', 'H13=78.9%', 'H14=78.9%', 'H15=78.4%', 'H16=78.9%']
  mean_sigmoid_q_halt: ['0.033', '0.723', '0.730', '0.887', '0.941', '0.961', '0.973', '0.973', '0.973', '0.977', '0.977', '0.977', '0.980', '0.980', '0.977', '0.977']
  halt_rates: ['0.00', '1.00', '0.73', '0.90', '0.95', '0.97', '0.98', '0.98', '0.98', '0.98', '0.98', '0.99', '0.98', '0.99', '0.99', '0.98']
  halt_histogram %: [64.1, 28.1, 4.5, 1.1, 0.5, 0.2, 0.2, 0.1, 0.1, 0.1, 0.0, 0.0, 0.0, 0.0, 0.0, 1.0]
  Avg ACT steps (last 100): 1.14
  saved: /home/jvdillon/projects/sic/code/maze/ckpts/x005/step07000.pt acc=99.24% (0.055s)
  saved: /home/jvdillon/projects/sic/code/maze/ckpts/x005/best.pt acc=99.24% (0.136s)
Step  7000  Test 99.24% / 76.90%  Train lm=0.7209±0.0017ϵ[0.7188,0.7335] n_halted=106.1780±7.2412ϵ[53.0000,119.0000]  (28.311s / 177.161s)
  n_active=128.0000±0.0000ϵ[128.0000,128.0000] n_expunged=0.0000±0.0000ϵ[0.0000,0.0000] pool_util=1.0000±0.0000ϵ[1.0000,1.0000]
  cell_acc=99.28%, puzzle_acc=73.90%
  eval_avg_halt_step: 1.76
  per_H_acc: ['H0=87.5%', 'H1=95.3%', 'H2=99.2%']
  H_cos: ['0.848', '0.926']
  z_H_delta: ['20.000', '22.125']
  cells: fixed=[20264, 8653] broken=[3834, 604]
  per_ACT_cell_acc: ['H1=87.5%', 'H2=95.3%', 'H3=99.2%', 'H4=99.2%', 'H5=99.3%', 'H6=99.3%', 'H7=99.3%', 'H8=99.3%', 'H9=99.3%', 'H10=99.3%', 'H11=99.3%', 'H12=99.3%', 'H13=99.3%', 'H14=99.3%', 'H15=99.3%', 'H16=99.3%']
  per_ACT_puzzle_acc: ['H1=0.0%', 'H2=0.0%', 'H3=61.6%', 'H4=68.5%', 'H5=72.0%', 'H6=72.0%', 'H7=73.3%', 'H8=72.8%', 'H9=72.0%', 'H10=70.7%', 'H11=70.7%', 'H12=72.4%', 'H13=71.1%', 'H14=72.0%', 'H15=72.0%', 'H16=72.8%']
  mean_sigmoid_q_halt: ['0.040', '0.508', '0.648', '0.812', '0.863', '0.883', '0.902', '0.914', '0.906', '0.910', '0.906', '0.910', '0.910', '0.914', '0.914', '0.914']
  halt_rates: ['0.00', '0.56', '0.66', '0.84', '0.89', '0.90', '0.91', '0.92', '0.91', '0.92', '0.91', '0.92', '0.92', '0.91', '0.93', '0.92']
  halt_histogram %: [65.8, 26.9, 4.3, 1.0, 0.4, 0.2, 0.2, 0.1, 0.1, 0.0, 0.0, 0.0, 0.0, 0.0, 0.0, 0.9]
  Avg ACT steps (last 100): 1.12
  saved: /home/jvdillon/projects/sic/code/maze/ckpts/x005/step07500.pt acc=99.28% (0.055s)
  saved: /home/jvdillon/projects/sic/code/maze/ckpts/x005/best.pt acc=99.28% (0.133s)
Step  7500  Test 99.28% / 73.90%  Train lm=0.7206±0.0013ϵ[0.7186,0.7299] n_halted=107.4900±6.0281ϵ[75.0000,121.0000]  (28.339s / 177.259s)
  n_active=128.0000±0.0000ϵ[128.0000,128.0000] n_expunged=0.0000±0.0000ϵ[0.0000,0.0000] pool_util=1.0000±0.0000ϵ[1.0000,1.0000]
