Adam params: ('embed_tokens.weight', 'head.weight', 'head.bias', 'q_head.weight', 'q_head.bias', 'puzzle_id_embed.weight')
Muon 2D params: ('reasoning.0.attn.o_proj.weight', 'reasoning.0.mlp.up_proj.weight', 'reasoning.0.mlp.down_proj.weight', 'reasoning.1.attn.o_proj.weight', 'reasoning.1.mlp.up_proj.weight', 'reasoning.1.mlp.down_proj.weight')
Muon 3D params (ensemble_dims=1): ('reasoning.0.attn.qkv_proj.weight', 'reasoning.1.attn.qkv_proj.weight')
  path_valid=0.00%, exact_match=0.00%
  eval_avg_halt_step: 16.00
  per_H_acc: ['H0=0.0%', 'H1=0.0%', 'H2=0.0%']
  H_cos: ['0.797', '0.953']
  z_H_delta: ['18.000', '10.688']
  cells: fixed=[0, 0] broken=[0, 0]
  per_ACT_cell_acc: ['H1=87.3%', 'H2=87.4%', 'H3=87.0%', 'H4=88.2%', 'H5=89.1%', 'H6=89.7%', 'H7=90.3%', 'H8=90.7%', 'H9=91.0%', 'H10=91.2%', 'H11=91.3%', 'H12=91.4%', 'H13=91.4%', 'H14=91.5%', 'H15=91.5%', 'H16=91.5%']
  per_ACT_puzzle_acc: ['H1=0.0%', 'H2=0.0%', 'H3=0.0%', 'H4=0.0%', 'H5=0.0%', 'H6=0.0%', 'H7=0.0%', 'H8=0.0%', 'H9=0.0%', 'H10=0.0%', 'H11=0.0%', 'H12=0.0%', 'H13=0.0%', 'H14=0.0%', 'H15=0.0%', 'H16=0.0%']
  mean_sigmoid_q_halt: ['0.000', '0.000', '0.000', '0.000', '0.000', '0.000', '0.000', '0.000', '0.000', '0.000', '0.000', '0.000', '0.000', '0.000', '0.000', '0.000']
  halt_rates: ['0.00', '0.00', '0.00', '0.00', '0.00', '0.00', '0.00', '0.00', '0.00', '0.00', '0.00', '0.00', '0.00', '0.00', '0.00', '0.00']
  halt_histogram %: [0.0, 0.0, 0.0, 0.0, 0.0, 0.0, 0.0, 0.0, 0.0, 0.0, 0.0, 0.0, 0.0, 0.0, 0.0, 100.0]
  Avg ACT steps (last 100): 16.00
  eval_avg_halt_step: 16.00
  per_H_acc: ['H0=0.0%', 'H1=0.0%', 'H2=0.0%']
  H_cos: ['0.797', '0.953']
  z_H_delta: ['18.000', '10.688']
  cells: fixed=[0, 0] broken=[0, 0]
  per_ACT_cell_acc: ['H1=87.2%', 'H2=87.3%', 'H3=87.1%', 'H4=88.2%', 'H5=89.1%', 'H6=89.9%', 'H7=90.4%', 'H8=90.8%', 'H9=91.1%', 'H10=91.2%', 'H11=91.3%', 'H12=91.4%', 'H13=91.5%', 'H14=91.6%', 'H15=91.6%', 'H16=91.6%']
  per_ACT_puzzle_acc: ['H1=0.0%', 'H2=0.0%', 'H3=0.0%', 'H4=0.0%', 'H5=0.0%', 'H6=0.0%', 'H7=0.0%', 'H8=0.0%', 'H9=0.0%', 'H10=0.0%', 'H11=0.0%', 'H12=0.0%', 'H13=0.0%', 'H14=0.0%', 'H15=0.0%', 'H16=0.0%']
  mean_sigmoid_q_halt: ['0.000', '0.000', '0.000', '0.000', '0.000', '0.000', '0.000', '0.000', '0.000', '0.000', '0.000', '0.000', '0.000', '0.000', '0.000', '0.000']
  halt_rates: ['0.00', '0.00', '0.00', '0.00', '0.00', '0.00', '0.00', '0.00', '0.00', '0.00', '0.00', '0.00', '0.00', '0.00', '0.00', '0.00']
  halt_histogram %: [0.0, 0.0, 0.0, 0.0, 0.0, 0.0, 0.0, 0.0, 0.0, 0.0, 0.0, 0.0, 0.0, 0.0, 0.0, 100.0]
  Avg ACT steps (last 100): 16.00
  saved: /home/jvdillon/projects/sic/code/maze/ckpts/x07/step00500.pt acc=91.64% (0.088s)
  saved: /home/jvdillon/projects/sic/code/maze/ckpts/x07/best.pt acc=91.64% (0.170s)
Step   500  Test 91.64% /  0.00% (halt: 91.64%/ 0.00%)  Train lm=0.8516±0.1299ϵ[0.7422,2.3438] n_halted=7.9360±30.8988ϵ[0.0000,128.0000]  TrainAcc 92.04%/ 0.00% (halt: 92.04%/ 0.00%)  (64.174s / 189.672s)
  n_active=128.0000±0.0000ϵ[128.0000,128.0000] n_expunged=0.0000±0.0000ϵ[0.0000,0.0000] pool_util=1.0000±0.0000ϵ[1.0000,1.0000]
  path_valid=64.00%, exact_match=19.10%
  eval_avg_halt_step: 9.50
  per_H_acc: ['H0=0.0%', 'H1=0.0%', 'H2=0.0%']
  H_cos: ['0.777', '0.934']
  z_H_delta: ['18.125', '13.438']
  cells: fixed=[0, 0] broken=[0, 0]
  per_ACT_cell_acc: ['H1=86.9%', 'H2=87.4%', 'H3=94.7%', 'H4=95.9%', 'H5=96.3%', 'H6=96.6%', 'H7=96.7%', 'H8=96.8%', 'H9=96.8%', 'H10=96.8%', 'H11=96.8%', 'H12=96.8%', 'H13=96.9%', 'H14=96.9%', 'H15=96.9%', 'H16=96.9%']
  per_ACT_puzzle_acc: ['H1=0.0%', 'H2=0.0%', 'H3=0.0%', 'H4=0.4%', 'H5=4.3%', 'H6=6.5%', 'H7=11.6%', 'H8=12.1%', 'H9=15.1%', 'H10=16.4%', 'H11=18.1%', 'H12=17.7%', 'H13=18.5%', 'H14=19.4%', 'H15=19.0%', 'H16=18.1%']
  mean_sigmoid_q_halt: ['0.000', '0.000', '0.002', '0.034', '0.077', '0.121', '0.190', '0.244', '0.281', '0.309', '0.340', '0.363', '0.385', '0.398', '0.406', '0.410']
  halt_rates: ['0.00', '0.00', '0.00', '0.00', '0.03', '0.08', '0.15', '0.22', '0.27', '0.31', '0.33', '0.36', '0.39', '0.41', '0.43', '0.43']
  halt_histogram %: [0.0, 1.6, 5.0, 5.2, 4.0, 3.2, 3.0, 2.3, 1.9, 1.6, 1.6, 1.6, 1.0, 1.1, 1.4, 65.7]
  Avg ACT steps (last 100): 7.37
  eval_avg_halt_step: 7.77
  per_H_acc: ['H0=0.0%', 'H1=0.0%', 'H2=0.0%']
  H_cos: ['0.777', '0.934']
  z_H_delta: ['18.125', '13.500']
  cells: fixed=[0, 0] broken=[0, 0]
  per_ACT_cell_acc: ['H1=86.8%', 'H2=87.8%', 'H3=95.5%', 'H4=96.9%', 'H5=97.5%', 'H6=97.8%', 'H7=98.0%', 'H8=98.0%', 'H9=98.1%', 'H10=98.1%', 'H11=98.1%', 'H12=98.1%', 'H13=98.1%', 'H14=98.1%', 'H15=98.1%', 'H16=98.1%']
  per_ACT_puzzle_acc: ['H1=0.0%', 'H2=0.0%', 'H3=0.0%', 'H4=3.8%', 'H5=12.5%', 'H6=20.2%', 'H7=26.9%', 'H8=29.8%', 'H9=30.8%', 'H10=33.7%', 'H11=31.7%', 'H12=29.8%', 'H13=30.8%', 'H14=29.8%', 'H15=30.8%', 'H16=30.8%']
  mean_sigmoid_q_halt: ['0.000', '0.000', '0.003', '0.056', '0.148', '0.224', '0.303', '0.365', '0.418', '0.447', '0.477', '0.504', '0.508', '0.504', '0.508', '0.508']
  halt_rates: ['0.00', '0.00', '0.00', '0.00', '0.12', '0.20', '0.29', '0.39', '0.42', '0.46', '0.51', '0.56', '0.60', '0.56', '0.57', '0.57']
  halt_histogram %: [0.0, 1.6, 5.0, 5.2, 4.0, 3.2, 3.0, 2.3, 1.9, 1.6, 1.6, 1.6, 1.0, 1.1, 1.4, 65.7]
  Avg ACT steps (last 100): 7.37
  saved: /home/jvdillon/projects/sic/code/maze/ckpts/x07/step01000.pt acc=96.95% (0.089s)
  saved: /home/jvdillon/projects/sic/code/maze/ckpts/x07/best.pt acc=96.95% (0.172s)
Step  1000  Test 96.95% / 23.30% (halt: 96.96%/20.40%)  Train lm=0.7148±0.0242ϵ[0.6914,0.8516] n_halted=11.8660±21.2261ϵ[0.0000,128.0000]  TrainAcc 98.15%/33.20% (halt: 98.18%/37.70%)  (55.168s / 180.405s)
  n_active=128.0000±0.0000ϵ[128.0000,128.0000] n_expunged=0.0000±0.0000ϵ[0.0000,0.0000] pool_util=1.0000±0.0000ϵ[1.0000,1.0000]
  path_valid=75.80%, exact_match=53.40%
  eval_avg_halt_step: 4.20
  per_H_acc: ['H0=0.0%', 'H1=0.0%', 'H2=0.0%']
  H_cos: ['0.730', '0.930']
  z_H_delta: ['20.625', '15.625']
  cells: fixed=[12, 0] broken=[3, 12]
  per_ACT_cell_acc: ['H1=87.3%', 'H2=91.1%', 'H3=97.1%', 'H4=97.8%', 'H5=98.0%', 'H6=98.1%', 'H7=98.2%', 'H8=98.2%', 'H9=98.2%', 'H10=98.2%', 'H11=98.2%', 'H12=98.3%', 'H13=98.2%', 'H14=98.2%', 'H15=98.2%', 'H16=98.2%']
  per_ACT_puzzle_acc: ['H1=0.0%', 'H2=0.0%', 'H3=5.6%', 'H4=23.7%', 'H5=35.3%', 'H6=42.7%', 'H7=45.3%', 'H8=47.4%', 'H9=49.1%', 'H10=48.7%', 'H11=49.6%', 'H12=50.0%', 'H13=51.7%', 'H14=51.7%', 'H15=53.0%', 'H16=52.2%']
  mean_sigmoid_q_halt: ['0.000', '0.000', '0.046', '0.279', '0.445', '0.551', '0.621', '0.672', '0.695', '0.711', '0.715', '0.727', '0.730', '0.746', '0.758', '0.762']
  halt_rates: ['0.00', '0.00', '0.02', '0.27', '0.48', '0.56', '0.65', '0.71', '0.73', '0.75', '0.74', '0.75', '0.76', '0.77', '0.78', '0.79']
  halt_histogram %: [1.5, 32.5, 15.0, 7.7, 4.4, 3.0, 2.3, 1.8, 1.4, 1.1, 1.1, 0.9, 0.7, 0.6, 0.7, 25.3]
  Avg ACT steps (last 100): 2.50
  eval_avg_halt_step: 2.46
  per_H_acc: ['H0=0.0%', 'H1=0.0%', 'H2=0.0%']
  H_cos: ['0.734', '0.922']
  z_H_delta: ['20.625', '15.875']
  cells: fixed=[4, 0] broken=[2, 6]
  per_ACT_cell_acc: ['H1=87.3%', 'H2=91.1%', 'H3=99.0%', 'H4=99.6%', 'H5=99.8%', 'H6=99.8%', 'H7=99.8%', 'H8=99.8%', 'H9=99.8%', 'H10=99.8%', 'H11=99.8%', 'H12=99.8%', 'H13=99.8%', 'H14=99.8%', 'H15=99.8%', 'H16=99.8%']
  per_ACT_puzzle_acc: ['H1=0.0%', 'H2=0.0%', 'H3=18.3%', 'H4=62.5%', 'H5=77.9%', 'H6=80.8%', 'H7=87.5%', 'H8=86.5%', 'H9=87.5%', 'H10=89.4%', 'H11=89.4%', 'H12=87.5%', 'H13=87.5%', 'H14=89.4%', 'H15=89.4%', 'H16=88.5%']
  mean_sigmoid_q_halt: ['0.000', '0.000', '0.089', '0.539', '0.746', '0.840', '0.879', '0.883', '0.898', '0.914', '0.922', '0.914', '0.914', '0.914', '0.902', '0.898']
  halt_rates: ['0.00', '0.00', '0.07', '0.58', '0.76', '0.88', '0.93', '0.92', '0.92', '0.94', '0.95', '0.96', '0.95', '0.95', '0.93', '0.93']
  halt_histogram %: [1.5, 32.5, 15.0, 7.7, 4.4, 3.0, 2.3, 1.8, 1.4, 1.1, 1.1, 0.9, 0.7, 0.6, 0.7, 25.3]
  Avg ACT steps (last 100): 2.50
  saved: /home/jvdillon/projects/sic/code/maze/ckpts/x07/step01500.pt acc=98.30% (0.087s)
  saved: /home/jvdillon/projects/sic/code/maze/ckpts/x07/best.pt acc=98.30% (0.170s)
Step  1500  Test 98.30% / 61.60% (halt: 98.33%/55.80%)  Train lm=0.6875±0.0078ϵ[0.6758,0.7109] n_halted=35.6420±15.8261ϵ[0.0000,71.0000]  TrainAcc 99.76%/86.00% (halt: 99.78%/87.60%)  (55.212s / 180.243s)
  n_active=128.0000±0.0000ϵ[128.0000,128.0000] n_expunged=0.0000±0.0000ϵ[0.0000,0.0000] pool_util=1.0000±0.0000ϵ[1.0000,1.0000]
  path_valid=90.80%, exact_match=63.40%
  eval_avg_halt_step: 2.96
  per_H_acc: ['H0=0.0%', 'H1=0.0%', 'H2=0.0%']
  H_cos: ['0.891', '0.914']
  z_H_delta: ['17.250', '13.750']
  cells: fixed=[1, 0] broken=[0, 1]
  per_ACT_cell_acc: ['H1=87.3%', 'H2=90.2%', 'H3=97.7%', 'H4=98.2%', 'H5=98.3%', 'H6=98.4%', 'H7=98.4%', 'H8=98.5%', 'H9=98.5%', 'H10=98.5%', 'H11=98.5%', 'H12=98.5%', 'H13=98.5%', 'H14=98.5%', 'H15=98.5%', 'H16=98.5%']
  per_ACT_puzzle_acc: ['H1=0.0%', 'H2=0.0%', 'H3=12.5%', 'H4=37.1%', 'H5=48.3%', 'H6=53.4%', 'H7=53.4%', 'H8=55.6%', 'H9=56.5%', 'H10=56.9%', 'H11=58.2%', 'H12=57.8%', 'H13=58.2%', 'H14=58.2%', 'H15=58.6%', 'H16=58.6%']
  mean_sigmoid_q_halt: ['0.000', '0.001', '0.179', '0.467', '0.652', '0.750', '0.789', '0.809', '0.832', '0.844', '0.863', '0.875', '0.891', '0.895', '0.898', '0.902']
  halt_rates: ['0.00', '0.00', '0.11', '0.46', '0.67', '0.76', '0.80', '0.83', '0.84', '0.86', '0.88', '0.88', '0.91', '0.92', '0.91', '0.92']
  halt_histogram %: [12.8, 46.9, 13.0, 5.1, 2.5, 1.7, 1.3, 1.0, 0.8, 0.6, 0.6, 0.5, 0.3, 0.3, 0.3, 12.2]
  Avg ACT steps (last 100): 1.95
  eval_avg_halt_step: 1.66
  per_H_acc: ['H0=0.0%', 'H1=0.0%', 'H2=0.0%']
  H_cos: ['0.891', '0.902']
  z_H_delta: ['17.250', '14.312']
  cells: fixed=[0, 0] broken=[0, 0]
  per_ACT_cell_acc: ['H1=87.2%', 'H2=90.2%', 'H3=99.6%', 'H4=99.9%', 'H5=99.9%', 'H6=99.9%', 'H7=99.9%', 'H8=99.9%', 'H9=99.9%', 'H10=99.9%', 'H11=99.9%', 'H12=99.9%', 'H13=99.9%', 'H14=99.9%', 'H15=99.9%', 'H16=99.9%']
  per_ACT_puzzle_acc: ['H1=0.0%', 'H2=0.0%', 'H3=59.6%', 'H4=87.5%', 'H5=95.2%', 'H6=97.1%', 'H7=98.1%', 'H8=98.1%', 'H9=98.1%', 'H10=98.1%', 'H11=98.1%', 'H12=98.1%', 'H13=97.1%', 'H14=97.1%', 'H15=98.1%', 'H16=98.1%']
  mean_sigmoid_q_halt: ['0.000', '0.001', '0.555', '0.805', '0.930', '0.969', '0.973', '0.980', '0.980', '0.980', '0.980', '0.980', '0.973', '0.973', '0.980', '0.980']
  halt_rates: ['0.00', '0.00', '0.61', '0.85', '0.95', '0.98', '0.99', '1.00', '1.00', '1.00', '1.00', '1.00', '0.99', '0.99', '1.00', '1.00']
  halt_histogram %: [12.8, 46.9, 13.0, 5.1, 2.5, 1.7, 1.3, 1.0, 0.8, 0.6, 0.6, 0.5, 0.3, 0.3, 0.3, 12.2]
  Avg ACT steps (last 100): 1.95
  saved: /home/jvdillon/projects/sic/code/maze/ckpts/x07/step02000.pt acc=98.73% (0.086s)
  saved: /home/jvdillon/projects/sic/code/maze/ckpts/x07/best.pt acc=98.73% (0.169s)
Step  2000  Test 98.73% / 72.60% (halt: 98.71%/60.40%)  Train lm=0.6758±0.0036ϵ[0.6680,0.6953] n_halted=60.7400±12.6461ϵ[8.0000,99.0000]  TrainAcc 99.91%/96.10% (halt: 99.91%/89.10%)  (55.238s / 180.234s)
  n_active=128.0000±0.0000ϵ[128.0000,128.0000] n_expunged=0.0000±0.0000ϵ[0.0000,0.0000] pool_util=1.0000±0.0000ϵ[1.0000,1.0000]
  path_valid=91.40%, exact_match=69.30%
  eval_avg_halt_step: 2.63
  per_H_acc: ['H0=0.0%', 'H1=0.0%', 'H2=0.0%']
  H_cos: ['0.906', '0.887']
  z_H_delta: ['21.250', '15.250']
  cells: fixed=[0, 0] broken=[0, 0]
  per_ACT_cell_acc: ['H1=87.3%', 'H2=87.6%', 'H3=98.1%', 'H4=98.7%', 'H5=98.8%', 'H6=98.8%', 'H7=98.9%', 'H8=98.9%', 'H9=98.9%', 'H10=98.9%', 'H11=98.8%', 'H12=98.8%', 'H13=98.9%', 'H14=98.8%', 'H15=98.8%', 'H16=98.9%']
  per_ACT_puzzle_acc: ['H1=0.0%', 'H2=0.0%', 'H3=20.7%', 'H4=47.4%', 'H5=56.9%', 'H6=60.8%', 'H7=64.7%', 'H8=65.5%', 'H9=66.8%', 'H10=66.8%', 'H11=67.7%', 'H12=67.2%', 'H13=67.7%', 'H14=66.8%', 'H15=66.8%', 'H16=67.7%']
  mean_sigmoid_q_halt: ['0.001', '0.010', '0.324', '0.578', '0.695', '0.770', '0.824', '0.848', '0.863', '0.871', '0.883', '0.879', '0.891', '0.887', '0.887', '0.898']
  halt_rates: ['0.00', '0.00', '0.29', '0.58', '0.71', '0.78', '0.84', '0.85', '0.87', '0.88', '0.89', '0.89', '0.90', '0.89', '0.89', '0.91']
  halt_histogram %: [26.8, 45.0, 10.6, 3.6, 1.7, 1.1, 0.9, 0.6, 0.5, 0.4, 0.4, 0.3, 0.2, 0.2, 0.2, 7.4]
  Avg ACT steps (last 100): 1.68
  eval_avg_halt_step: 1.43
  per_H_acc: ['H0=0.0%', 'H1=0.0%', 'H2=0.0%']
  H_cos: ['0.906', '0.879']
  z_H_delta: ['21.375', '15.500']
  cells: fixed=[0, 0] broken=[0, 0]
  per_ACT_cell_acc: ['H1=87.2%', 'H2=87.5%', 'H3=99.6%', 'H4=99.8%', 'H5=99.9%', 'H6=99.9%', 'H7=99.9%', 'H8=99.9%', 'H9=99.9%', 'H10=99.9%', 'H11=99.9%', 'H12=99.9%', 'H13=99.9%', 'H14=99.9%', 'H15=99.9%', 'H16=99.9%']
  per_ACT_puzzle_acc: ['H1=0.0%', 'H2=0.0%', 'H3=53.8%', 'H4=86.5%', 'H5=92.3%', 'H6=92.3%', 'H7=94.2%', 'H8=94.2%', 'H9=95.2%', 'H10=94.2%', 'H11=94.2%', 'H12=94.2%', 'H13=95.2%', 'H14=95.2%', 'H15=94.2%', 'H16=95.2%']
  mean_sigmoid_q_halt: ['0.001', '0.010', '0.535', '0.859', '0.918', '0.938', '0.953', '0.961', '0.961', '0.957', '0.965', '0.961', '0.969', '0.969', '0.965', '0.969']
  halt_rates: ['0.00', '0.00', '0.52', '0.90', '0.93', '0.96', '0.97', '0.98', '0.97', '0.97', '0.98', '0.98', '0.99', '0.98', '0.98', '0.99']
  halt_histogram %: [26.8, 45.0, 10.6, 3.6, 1.7, 1.1, 0.9, 0.6, 0.5, 0.4, 0.4, 0.3, 0.2, 0.2, 0.2, 7.4]
  Avg ACT steps (last 100): 1.68
  saved: /home/jvdillon/projects/sic/code/maze/ckpts/x07/step02500.pt acc=98.94% (0.087s)
  saved: /home/jvdillon/projects/sic/code/maze/ckpts/x07/best.pt acc=98.94% (0.169s)
Step  2500  Test 98.94% / 76.90% (halt: 98.89%/63.00%)  Train lm=0.6719±0.0027ϵ[0.6680,0.6836] n_halted=75.4680±11.4768ϵ[28.0000,106.0000]  TrainAcc 99.95%/97.30% (halt: 99.93%/91.00%)  (55.225s / 180.258s)
  n_active=128.0000±0.0000ϵ[128.0000,128.0000] n_expunged=0.0000±0.0000ϵ[0.0000,0.0000] pool_util=1.0000±0.0000ϵ[1.0000,1.0000]
  path_valid=92.40%, exact_match=63.70%
  eval_avg_halt_step: 2.32
  per_H_acc: ['H0=0.0%', 'H1=0.0%', 'H2=0.0%']
  H_cos: ['0.887', '0.961']
  z_H_delta: ['19.125', '12.125']
  cells: fixed=[0, 0] broken=[0, 0]
  per_ACT_cell_acc: ['H1=87.4%', 'H2=95.3%', 'H3=98.3%', 'H4=98.6%', 'H5=98.8%', 'H6=98.9%', 'H7=98.9%', 'H8=99.0%', 'H9=99.0%', 'H10=99.0%', 'H11=99.0%', 'H12=99.0%', 'H13=99.0%', 'H14=98.9%', 'H15=99.0%', 'H16=99.0%']
  per_ACT_puzzle_acc: ['H1=0.0%', 'H2=1.7%', 'H3=40.1%', 'H4=53.0%', 'H5=58.6%', 'H6=62.9%', 'H7=65.1%', 'H8=66.4%', 'H9=66.8%', 'H10=67.2%', 'H11=68.1%', 'H12=67.7%', 'H13=67.7%', 'H14=67.2%', 'H15=67.7%', 'H16=67.2%']
  mean_sigmoid_q_halt: ['0.001', '0.027', '0.479', '0.598', '0.719', '0.812', '0.844', '0.871', '0.875', '0.875', '0.879', '0.879', '0.879', '0.879', '0.887', '0.887']
  halt_rates: ['0.00', '0.00', '0.46', '0.59', '0.73', '0.82', '0.86', '0.89', '0.89', '0.89', '0.90', '0.90', '0.90', '0.90', '0.89', '0.90']
  halt_histogram %: [39.1, 39.6, 8.6, 2.8, 1.3, 0.8, 0.6, 0.5, 0.4, 0.3, 0.3, 0.2, 0.2, 0.1, 0.2, 5.1]
  Avg ACT steps (last 100): 1.26
  eval_avg_halt_step: 1.56
  per_H_acc: ['H0=0.0%', 'H1=0.0%', 'H2=0.0%']
  H_cos: ['0.887', '0.961']
  z_H_delta: ['19.250', '12.375']
  cells: fixed=[0, 0] broken=[0, 0]
  per_ACT_cell_acc: ['H1=87.3%', 'H2=96.0%', 'H3=99.5%', 'H4=99.8%', 'H5=99.8%', 'H6=99.8%', 'H7=99.8%', 'H8=99.8%', 'H9=99.8%', 'H10=99.8%', 'H11=99.8%', 'H12=99.7%', 'H13=99.8%', 'H14=99.7%', 'H15=99.8%', 'H16=99.8%']
  per_ACT_puzzle_acc: ['H1=0.0%', 'H2=1.0%', 'H3=58.7%', 'H4=84.6%', 'H5=86.5%', 'H6=88.5%', 'H7=88.5%', 'H8=87.5%', 'H9=87.5%', 'H10=87.5%', 'H11=87.5%', 'H12=87.5%', 'H13=88.5%', 'H14=88.5%', 'H15=87.5%', 'H16=87.5%']
  mean_sigmoid_q_halt: ['0.001', '0.023', '0.594', '0.805', '0.887', '0.914', '0.914', '0.922', '0.926', '0.926', '0.922', '0.926', '0.926', '0.930', '0.922', '0.922']
  halt_rates: ['0.00', '0.00', '0.57', '0.81', '0.89', '0.93', '0.94', '0.94', '0.94', '0.93', '0.94', '0.93', '0.94', '0.94', '0.93', '0.93']
  halt_histogram %: [39.1, 39.6, 8.6, 2.8, 1.3, 0.8, 0.6, 0.5, 0.4, 0.3, 0.3, 0.2, 0.2, 0.1, 0.2, 5.1]
  Avg ACT steps (last 100): 1.26
  saved: /home/jvdillon/projects/sic/code/maze/ckpts/x07/step03000.pt acc=98.81% (0.084s)
Step  3000  Test 98.81% / 74.60% (halt: 98.85%/64.00%)  Train lm=0.6680±0.0021ϵ[0.6641,0.6758] n_halted=87.7520±11.5706ϵ[16.0000,110.0000]  TrainAcc 99.75%/86.50% (halt: 99.81%/88.90%)  (55.159s / 180.420s)
  n_active=128.0000±0.0000ϵ[128.0000,128.0000] n_expunged=0.0000±0.0000ϵ[0.0000,0.0000] pool_util=1.0000±0.0000ϵ[1.0000,1.0000]
  path_valid=92.90%, exact_match=72.70%
  eval_avg_halt_step: 2.17
  per_H_acc: ['H0=0.0%', 'H1=0.0%', 'H2=0.0%']
  H_cos: ['0.918', '0.934']
  z_H_delta: ['16.875', '14.875']
  cells: fixed=[0, 0] broken=[5, 0]
  per_ACT_cell_acc: ['H1=87.4%', 'H2=91.3%', 'H3=98.8%', 'H4=99.0%', 'H5=99.1%', 'H6=99.1%', 'H7=99.2%', 'H8=99.2%', 'H9=99.2%', 'H10=99.2%', 'H11=99.2%', 'H12=99.2%', 'H13=99.2%', 'H14=99.2%', 'H15=99.2%', 'H16=99.2%']
  per_ACT_puzzle_acc: ['H1=0.0%', 'H2=0.0%', 'H3=44.8%', 'H4=60.8%', 'H5=67.7%', 'H6=69.8%', 'H7=70.7%', 'H8=73.7%', 'H9=72.0%', 'H10=72.4%', 'H11=72.8%', 'H12=73.3%', 'H13=72.8%', 'H14=73.3%', 'H15=72.8%', 'H16=73.3%']
  mean_sigmoid_q_halt: ['0.002', '0.015', '0.494', '0.699', '0.797', '0.848', '0.883', '0.898', '0.902', '0.902', '0.910', '0.910', '0.910', '0.910', '0.910', '0.910']
  halt_rates: ['0.00', '0.00', '0.47', '0.71', '0.82', '0.87', '0.91', '0.92', '0.92', '0.92', '0.94', '0.93', '0.94', '0.93', '0.93', '0.93']
  halt_histogram %: [47.2, 35.6, 7.3, 2.2, 1.0, 0.7, 0.5, 0.4, 0.3, 0.2, 0.2, 0.2, 0.1, 0.1, 0.1, 3.8]
  Avg ACT steps (last 100): 1.24
  eval_avg_halt_step: 1.22
  per_H_acc: ['H0=0.0%', 'H1=0.0%', 'H2=0.0%']
  H_cos: ['0.918', '0.926']
  z_H_delta: ['16.750', '15.500']
  cells: fixed=[0, 0] broken=[1, 0]
  per_ACT_cell_acc: ['H1=87.4%', 'H2=91.3%', 'H3=99.8%', 'H4=99.9%', 'H5=99.9%', 'H6=99.9%', 'H7=99.9%', 'H8=99.9%', 'H9=99.9%', 'H10=99.9%', 'H11=99.9%', 'H12=99.9%', 'H13=99.9%', 'H14=99.9%', 'H15=99.9%', 'H16=99.9%']
  per_ACT_puzzle_acc: ['H1=0.0%', 'H2=0.0%', 'H3=85.6%', 'H4=93.3%', 'H5=95.2%', 'H6=95.2%', 'H7=96.2%', 'H8=96.2%', 'H9=96.2%', 'H10=97.1%', 'H11=97.1%', 'H12=96.2%', 'H13=96.2%', 'H14=96.2%', 'H15=96.2%', 'H16=97.1%']
  mean_sigmoid_q_halt: ['0.002', '0.015', '0.844', '0.930', '0.945', '0.965', '0.965', '0.969', '0.973', '0.980', '0.980', '0.969', '0.973', '0.973', '0.973', '0.973']
  halt_rates: ['0.00', '0.00', '0.86', '0.95', '0.96', '0.99', '0.98', '0.99', '0.99', '1.00', '1.00', '1.00', '0.99', '1.00', '0.99', '0.99']
  halt_histogram %: [47.2, 35.6, 7.3, 2.2, 1.0, 0.7, 0.5, 0.4, 0.3, 0.2, 0.2, 0.2, 0.1, 0.1, 0.1, 3.8]
  Avg ACT steps (last 100): 1.24
  saved: /home/jvdillon/projects/sic/code/maze/ckpts/x07/step03500.pt acc=99.13% (0.086s)
  saved: /home/jvdillon/projects/sic/code/maze/ckpts/x07/best.pt acc=99.13% (0.167s)
Step  3500  Test 99.13% / 80.80% (halt: 99.12%/70.60%)  Train lm=0.6680±0.0026ϵ[0.6641,0.6914] n_halted=93.7320±12.3642ϵ[7.0000,114.0000]  TrainAcc 99.93%/95.40% (halt: 99.94%/94.70%)  (55.240s / 180.261s)
  n_active=128.0000±0.0000ϵ[128.0000,128.0000] n_expunged=0.0000±0.0000ϵ[0.0000,0.0000] pool_util=1.0000±0.0000ϵ[1.0000,1.0000]
  path_valid=95.70%, exact_match=71.00%
  eval_avg_halt_step: 2.09
  per_H_acc: ['H0=0.0%', 'H1=0.0%', 'H2=0.0%']
  H_cos: ['0.906', '0.895']
  z_H_delta: ['19.750', '14.438']
  cells: fixed=[0, 0] broken=[0, 0]
  per_ACT_cell_acc: ['H1=87.4%', 'H2=87.9%', 'H3=98.2%', 'H4=98.7%', 'H5=98.8%', 'H6=98.9%', 'H7=98.9%', 'H8=98.9%', 'H9=98.9%', 'H10=98.9%', 'H11=98.9%', 'H12=98.9%', 'H13=98.9%', 'H14=98.9%', 'H15=98.9%', 'H16=98.9%']
  per_ACT_puzzle_acc: ['H1=0.0%', 'H2=0.0%', 'H3=27.6%', 'H4=52.6%', 'H5=60.8%', 'H6=63.8%', 'H7=64.7%', 'H8=65.5%', 'H9=65.9%', 'H10=66.4%', 'H11=65.9%', 'H12=65.9%', 'H13=66.4%', 'H14=66.4%', 'H15=66.4%', 'H16=66.4%']
  mean_sigmoid_q_halt: ['0.002', '0.067', '0.318', '0.672', '0.816', '0.883', '0.906', '0.918', '0.926', '0.930', '0.930', '0.930', '0.934', '0.941', '0.938', '0.941']
  halt_rates: ['0.00', '0.00', '0.27', '0.65', '0.84', '0.91', '0.92', '0.93', '0.94', '0.94', '0.94', '0.94', '0.94', '0.95', '0.95', '0.95']
  halt_histogram %: [52.7, 32.9, 6.4, 1.9, 0.9, 0.5, 0.4, 0.3, 0.2, 0.2, 0.2, 0.1, 0.1, 0.1, 0.1, 3.1]
  Avg ACT steps (last 100): 1.36
  eval_avg_halt_step: 1.45
  per_H_acc: ['H0=0.0%', 'H1=0.0%', 'H2=0.0%']
  H_cos: ['0.906', '0.887']
  z_H_delta: ['19.750', '14.562']
  cells: fixed=[0, 0] broken=[0, 0]
  per_ACT_cell_acc: ['H1=87.3%', 'H2=87.8%', 'H3=99.7%', 'H4=99.9%', 'H5=100.0%', 'H6=100.0%', 'H7=100.0%', 'H8=100.0%', 'H9=100.0%', 'H10=100.0%', 'H11=100.0%', 'H12=100.0%', 'H13=100.0%', 'H14=100.0%', 'H15=100.0%', 'H16=100.0%']
  per_ACT_puzzle_acc: ['H1=0.0%', 'H2=0.0%', 'H3=72.1%', 'H4=92.3%', 'H5=97.1%', 'H6=96.2%', 'H7=96.2%', 'H8=96.2%', 'H9=96.2%', 'H10=96.2%', 'H11=96.2%', 'H12=97.1%', 'H13=95.2%', 'H14=95.2%', 'H15=95.2%', 'H16=95.2%']
  mean_sigmoid_q_halt: ['0.002', '0.067', '0.656', '0.926', '0.969', '0.984', '0.980', '0.984', '0.984', '0.984', '0.984', '0.984', '0.980', '0.980', '0.977', '0.980']
  halt_rates: ['0.00', '0.00', '0.68', '0.93', '0.99', '1.00', '1.00', '1.00', '1.00', '1.00', '1.00', '1.00', '1.00', '0.99', '0.99', '1.00']
  halt_histogram %: [52.7, 32.9, 6.4, 1.9, 0.9, 0.5, 0.4, 0.3, 0.2, 0.2, 0.2, 0.1, 0.1, 0.1, 0.1, 3.1]
  Avg ACT steps (last 100): 1.36
  saved: /home/jvdillon/projects/sic/code/maze/ckpts/x07/step04000.pt acc=99.00% (0.086s)
Step  4000  Test 99.00% / 77.80% (halt: 98.97%/68.10%)  Train lm=0.6680±0.0033ϵ[0.6641,0.6992] n_halted=95.6660±14.7511ϵ[0.0000,115.0000]  TrainAcc 99.91%/95.50% (halt: 99.90%/90.70%)  (55.109s / 180.140s)
  n_active=128.0000±0.0000ϵ[128.0000,128.0000] n_expunged=0.0000±0.0000ϵ[0.0000,0.0000] pool_util=1.0000±0.0000ϵ[1.0000,1.0000]
  path_valid=97.70%, exact_match=72.50%
  eval_avg_halt_step: 1.45
  per_H_acc: ['H0=0.0%', 'H1=0.0%', 'H2=0.0%']
  H_cos: ['0.902', '0.934']
  z_H_delta: ['18.875', '14.625']
  cells: fixed=[0, 0] broken=[0, 0]
  per_ACT_cell_acc: ['H1=87.4%', 'H2=93.1%', 'H3=98.6%', 'H4=98.7%', 'H5=98.8%', 'H6=98.9%', 'H7=98.9%', 'H8=98.9%', 'H9=98.9%', 'H10=98.9%', 'H11=98.9%', 'H12=98.9%', 'H13=98.9%', 'H14=98.9%', 'H15=98.9%', 'H16=98.9%']
  per_ACT_puzzle_acc: ['H1=0.0%', 'H2=0.0%', 'H3=46.1%', 'H4=61.2%', 'H5=65.9%', 'H6=67.7%', 'H7=68.1%', 'H8=68.5%', 'H9=68.5%', 'H10=68.5%', 'H11=68.5%', 'H12=68.5%', 'H13=68.5%', 'H14=69.0%', 'H15=69.0%', 'H16=69.0%']
  mean_sigmoid_q_halt: ['0.004', '0.055', '0.676', '0.859', '0.930', '0.953', '0.965', '0.969', '0.973', '0.977', '0.980', '0.980', '0.977', '0.980', '0.984', '0.984']
  halt_rates: ['0.00', '0.00', '0.67', '0.87', '0.96', '0.97', '0.98', '0.98', '0.98', '0.99', '0.99', '0.99', '0.99', '0.99', '0.99', '0.99']
  halt_histogram %: [56.6, 30.7, 5.8, 1.6, 0.7, 0.5, 0.4, 0.3, 0.2, 0.2, 0.2, 0.1, 0.1, 0.1, 0.1, 2.6]
  Avg ACT steps (last 100): 1.15
  eval_avg_halt_step: 1.05
  per_H_acc: ['H0=0.0%', 'H1=0.0%', 'H2=0.0%']
  H_cos: ['0.902', '0.926']
  z_H_delta: ['18.875', '15.188']
  cells: fixed=[0, 0] broken=[0, 0]
  per_ACT_cell_acc: ['H1=87.3%', 'H2=93.5%', 'H3=100.0%', 'H4=100.0%', 'H5=100.0%', 'H6=100.0%', 'H7=100.0%', 'H8=100.0%', 'H9=100.0%', 'H10=100.0%', 'H11=100.0%', 'H12=100.0%', 'H13=100.0%', 'H14=100.0%', 'H15=100.0%', 'H16=100.0%']
  per_ACT_puzzle_acc: ['H1=0.0%', 'H2=0.0%', 'H3=96.2%', 'H4=99.0%', 'H5=100.0%', 'H6=100.0%', 'H7=100.0%', 'H8=100.0%', 'H9=100.0%', 'H10=100.0%', 'H11=100.0%', 'H12=100.0%', 'H13=100.0%', 'H14=100.0%', 'H15=100.0%', 'H16=100.0%']
  mean_sigmoid_q_halt: ['0.004', '0.060', '0.945', '0.977', '0.988', '0.988', '0.988', '0.988', '0.988', '0.988', '0.988', '0.988', '0.988', '0.988', '0.988', '0.988']
  halt_rates: ['0.00', '0.00', '0.96', '0.99', '1.00', '1.00', '1.00', '1.00', '1.00', '1.00', '1.00', '1.00', '1.00', '1.00', '1.00', '1.00']
  halt_histogram %: [56.6, 30.7, 5.8, 1.6, 0.7, 0.5, 0.4, 0.3, 0.2, 0.2, 0.2, 0.1, 0.1, 0.1, 0.1, 2.6]
  Avg ACT steps (last 100): 1.15
  saved: /home/jvdillon/projects/sic/code/maze/ckpts/x07/step04500.pt acc=99.05% (0.086s)
Step  4500  Test 99.05% / 81.10% (halt: 99.00%/64.30%)  Train lm=0.6680±0.0041ϵ[0.6641,0.7109] n_halted=95.2320±18.4444ϵ[0.0000,118.0000]  TrainAcc 99.97%/98.50% (halt: 99.95%/94.90%)  (55.139s / 180.192s)
  n_active=128.0000±0.0000ϵ[128.0000,128.0000] n_expunged=0.0000±0.0000ϵ[0.0000,0.0000] pool_util=1.0000±0.0000ϵ[1.0000,1.0000]
  path_valid=97.30%, exact_match=77.00%
  eval_avg_halt_step: 1.84
  per_H_acc: ['H0=0.0%', 'H1=0.0%', 'H2=0.0%']
  H_cos: ['0.961', '0.906']
  z_H_delta: ['18.000', '15.438']
  cells: fixed=[0, 0] broken=[0, 0]
  per_ACT_cell_acc: ['H1=87.4%', 'H2=89.1%', 'H3=98.8%', 'H4=99.0%', 'H5=99.1%', 'H6=99.1%', 'H7=99.1%', 'H8=99.2%', 'H9=99.2%', 'H10=99.1%', 'H11=99.1%', 'H12=99.2%', 'H13=99.2%', 'H14=99.2%', 'H15=99.2%', 'H16=99.2%']
  per_ACT_puzzle_acc: ['H1=0.0%', 'H2=0.0%', 'H3=46.1%', 'H4=62.5%', 'H5=69.0%', 'H6=72.4%', 'H7=73.7%', 'H8=74.1%', 'H9=74.1%', 'H10=73.7%', 'H11=74.1%', 'H12=74.1%', 'H13=75.0%', 'H14=75.4%', 'H15=75.9%', 'H16=75.9%']
  mean_sigmoid_q_halt: ['0.005', '0.088', '0.578', '0.727', '0.812', '0.891', '0.918', '0.930', '0.945', '0.953', '0.957', '0.957', '0.965', '0.969', '0.969', '0.969']
  halt_rates: ['0.00', '0.00', '0.56', '0.72', '0.83', '0.91', '0.92', '0.94', '0.95', '0.97', '0.96', '0.97', '0.98', '0.98', '0.98', '0.98']
  halt_histogram %: [60.1, 28.7, 5.2, 1.4, 0.7, 0.4, 0.3, 0.2, 0.2, 0.1, 0.1, 0.1, 0.1, 0.1, 0.1, 2.2]
  Avg ACT steps (last 100): 1.22
  eval_avg_halt_step: 1.10
  per_H_acc: ['H0=0.0%', 'H1=0.0%', 'H2=0.0%']
  H_cos: ['0.961', '0.902']
  z_H_delta: ['18.000', '15.812']
  cells: fixed=[0, 0] broken=[0, 0]
  per_ACT_cell_acc: ['H1=87.4%', 'H2=88.9%', 'H3=100.0%', 'H4=100.0%', 'H5=100.0%', 'H6=100.0%', 'H7=100.0%', 'H8=100.0%', 'H9=100.0%', 'H10=100.0%', 'H11=100.0%', 'H12=100.0%', 'H13=100.0%', 'H14=100.0%', 'H15=100.0%', 'H16=100.0%']
  per_ACT_puzzle_acc: ['H1=0.0%', 'H2=0.0%', 'H3=90.4%', 'H4=99.0%', 'H5=99.0%', 'H6=100.0%', 'H7=100.0%', 'H8=100.0%', 'H9=100.0%', 'H10=100.0%', 'H11=100.0%', 'H12=100.0%', 'H13=100.0%', 'H14=100.0%', 'H15=100.0%', 'H16=99.0%']
  mean_sigmoid_q_halt: ['0.004', '0.085', '0.910', '0.965', '0.977', '0.984', '0.988', '0.992', '0.992', '0.992', '0.992', '0.992', '0.992', '0.992', '0.988', '0.992']
  halt_rates: ['0.00', '0.00', '0.95', '0.97', '0.99', '0.99', '1.00', '1.00', '1.00', '1.00', '1.00', '1.00', '1.00', '1.00', '1.00', '1.00']
  halt_histogram %: [60.1, 28.7, 5.2, 1.4, 0.7, 0.4, 0.3, 0.2, 0.2, 0.1, 0.1, 0.1, 0.1, 0.1, 0.1, 2.2]
  Avg ACT steps (last 100): 1.22
  saved: /home/jvdillon/projects/sic/code/maze/ckpts/x07/step05000.pt acc=99.27% (0.086s)
  saved: /home/jvdillon/projects/sic/code/maze/ckpts/x07/best.pt acc=99.27% (0.167s)
Step  5000  Test 99.27% / 82.40% (halt: 99.24%/71.30%)  Train lm=0.6641±0.0020ϵ[0.6641,0.6719] n_halted=102.7700±7.6471ϵ[66.0000,120.0000]  TrainAcc 99.97%/98.00% (halt: 99.97%/94.70%)  (55.256s / 180.153s)
  n_active=128.0000±0.0000ϵ[128.0000,128.0000] n_expunged=0.0000±0.0000ϵ[0.0000,0.0000] pool_util=1.0000±0.0000ϵ[1.0000,1.0000]
  path_valid=96.10%, exact_match=71.00%
  eval_avg_halt_step: 1.84
  per_H_acc: ['H0=0.0%', 'H1=0.0%', 'H2=0.0%']
  H_cos: ['0.934', '0.914']
  z_H_delta: ['18.625', '17.625']
  cells: fixed=[0, 0] broken=[1, 0]
  per_ACT_cell_acc: ['H1=87.3%', 'H2=89.8%', 'H3=98.7%', 'H4=98.9%', 'H5=99.0%', 'H6=99.0%', 'H7=99.0%', 'H8=99.0%', 'H9=99.0%', 'H10=99.0%', 'H11=99.0%', 'H12=99.0%', 'H13=99.0%', 'H14=99.0%', 'H15=99.0%', 'H16=99.0%']
  per_ACT_puzzle_acc: ['H1=0.0%', 'H2=0.0%', 'H3=50.0%', 'H4=60.8%', 'H5=65.5%', 'H6=69.8%', 'H7=70.7%', 'H8=70.7%', 'H9=71.1%', 'H10=70.7%', 'H11=71.6%', 'H12=71.6%', 'H13=70.3%', 'H14=70.3%', 'H15=70.3%', 'H16=70.3%']
  mean_sigmoid_q_halt: ['0.002', '0.050', '0.617', '0.742', '0.812', '0.871', '0.902', '0.914', '0.930', '0.930', '0.934', '0.930', '0.922', '0.926', '0.934', '0.938']
  halt_rates: ['0.00', '0.00', '0.61', '0.75', '0.85', '0.91', '0.93', '0.95', '0.96', '0.97', '0.97', '0.97', '0.94', '0.96', '0.97', '0.97']
  halt_histogram %: [63.1, 26.9, 4.8, 1.3, 0.6, 0.4, 0.3, 0.2, 0.2, 0.1, 0.1, 0.1, 0.1, 0.1, 0.1, 1.9]
  Avg ACT steps (last 100): 1.18
  eval_avg_halt_step: 1.10
  per_H_acc: ['H0=0.0%', 'H1=0.0%', 'H2=0.0%']
  H_cos: ['0.934', '0.910']
  z_H_delta: ['18.625', '17.875']
  cells: fixed=[0, 0] broken=[1, 0]
  per_ACT_cell_acc: ['H1=87.2%', 'H2=89.7%', 'H3=100.0%', 'H4=100.0%', 'H5=100.0%', 'H6=100.0%', 'H7=100.0%', 'H8=100.0%', 'H9=100.0%', 'H10=100.0%', 'H11=100.0%', 'H12=100.0%', 'H13=100.0%', 'H14=100.0%', 'H15=100.0%', 'H16=100.0%']
  per_ACT_puzzle_acc: ['H1=0.0%', 'H2=0.0%', 'H3=97.1%', 'H4=97.1%', 'H5=99.0%', 'H6=98.1%', 'H7=99.0%', 'H8=99.0%', 'H9=100.0%', 'H10=98.1%', 'H11=98.1%', 'H12=99.0%', 'H13=100.0%', 'H14=98.1%', 'H15=99.0%', 'H16=99.0%']
  mean_sigmoid_q_halt: ['0.002', '0.049', '0.938', '0.953', '0.957', '0.953', '0.953', '0.945', '0.953', '0.945', '0.945', '0.941', '0.945', '0.949', '0.949', '0.953']
  halt_rates: ['0.00', '0.00', '0.95', '0.97', '0.98', '0.98', '0.99', '0.98', '0.99', '0.97', '0.97', '0.96', '0.97', '0.98', '0.98', '0.99']
  halt_histogram %: [63.1, 26.9, 4.8, 1.3, 0.6, 0.4, 0.3, 0.2, 0.2, 0.1, 0.1, 0.1, 0.1, 0.1, 0.1, 1.9]
  Avg ACT steps (last 100): 1.18
  saved: /home/jvdillon/projects/sic/code/maze/ckpts/x07/step05500.pt acc=99.03% (0.089s)
Step  5500  Test 99.03% / 76.10% (halt: 99.04%/70.40%)  Train lm=0.6641±0.0019ϵ[0.6641,0.6758] n_halted=104.7660±10.3337ϵ[2.0000,120.0000]  TrainAcc 99.97%/97.80% (halt: 99.98%/98.30%)  (55.190s / 180.120s)
  n_active=128.0000±0.0000ϵ[128.0000,128.0000] n_expunged=0.0000±0.0000ϵ[0.0000,0.0000] pool_util=1.0000±0.0000ϵ[1.0000,1.0000]
  path_valid=95.90%, exact_match=76.20%
  eval_avg_halt_step: 1.28
  per_H_acc: ['H0=0.0%', 'H1=0.0%', 'H2=0.0%']
  H_cos: ['0.930', '0.926']
  z_H_delta: ['19.500', '15.625']
  cells: fixed=[0, 0] broken=[0, 0]
  per_ACT_cell_acc: ['H1=87.4%', 'H2=92.1%', 'H3=98.9%', 'H4=99.2%', 'H5=99.2%', 'H6=99.2%', 'H7=99.2%', 'H8=99.2%', 'H9=99.2%', 'H10=99.2%', 'H11=99.2%', 'H12=99.2%', 'H13=99.2%', 'H14=99.2%', 'H15=99.2%', 'H16=99.2%']
  per_ACT_puzzle_acc: ['H1=0.0%', 'H2=0.0%', 'H3=56.0%', 'H4=71.1%', 'H5=75.0%', 'H6=76.7%', 'H7=76.3%', 'H8=76.3%', 'H9=76.3%', 'H10=76.7%', 'H11=76.7%', 'H12=76.7%', 'H13=76.7%', 'H14=76.7%', 'H15=76.7%', 'H16=76.7%']
  mean_sigmoid_q_halt: ['0.002', '0.023', '0.777', '0.879', '0.941', '0.965', '0.977', '0.980', '0.984', '0.984', '0.988', '0.988', '0.988', '0.988', '0.988', '0.984']
  halt_rates: ['0.00', '0.00', '0.80', '0.89', '0.96', '0.98', '0.99', '0.99', '1.00', '1.00', '1.00', '1.00', '1.00', '1.00', '1.00', '1.00']
  halt_histogram %: [65.6, 25.3, 4.4, 1.2, 0.5, 0.3, 0.2, 0.2, 0.1, 0.1, 0.1, 0.1, 0.1, 0.1, 0.1, 1.7]
  Avg ACT steps (last 100): 1.13
  eval_avg_halt_step: 1.06
  per_H_acc: ['H0=0.0%', 'H1=0.0%', 'H2=0.0%']
  H_cos: ['0.930', '0.926']
  z_H_delta: ['19.625', '15.938']
  cells: fixed=[0, 0] broken=[0, 0]
  per_ACT_cell_acc: ['H1=87.3%', 'H2=92.4%', 'H3=99.8%', 'H4=99.9%', 'H5=99.9%', 'H6=99.9%', 'H7=99.9%', 'H8=99.9%', 'H9=99.9%', 'H10=99.9%', 'H11=99.9%', 'H12=99.9%', 'H13=99.9%', 'H14=99.9%', 'H15=99.9%', 'H16=99.9%']
  per_ACT_puzzle_acc: ['H1=0.0%', 'H2=0.0%', 'H3=90.4%', 'H4=95.2%', 'H5=96.2%', 'H6=98.1%', 'H7=98.1%', 'H8=97.1%', 'H9=97.1%', 'H10=96.2%', 'H11=95.2%', 'H12=95.2%', 'H13=95.2%', 'H14=96.2%', 'H15=96.2%', 'H16=96.2%']
  mean_sigmoid_q_halt: ['0.002', '0.020', '0.906', '0.961', '0.973', '0.969', '0.965', '0.965', '0.969', '0.969', '0.973', '0.973', '0.969', '0.969', '0.973', '0.973']
  halt_rates: ['0.00', '0.00', '0.90', '0.97', '0.98', '0.96', '0.97', '0.97', '0.97', '0.97', '0.98', '0.97', '0.98', '0.98', '0.98', '0.98']
  halt_histogram %: [65.6, 25.3, 4.4, 1.2, 0.5, 0.3, 0.2, 0.2, 0.1, 0.1, 0.1, 0.1, 0.1, 0.1, 0.1, 1.7]
  Avg ACT steps (last 100): 1.13
  saved: /home/jvdillon/projects/sic/code/maze/ckpts/x07/step06000.pt acc=99.18% (0.086s)
Step  6000  Test 99.18% / 84.50% (halt: 99.16%/71.20%)  Train lm=0.6641±0.0025ϵ[0.6641,0.6914] n_halted=106.8740±11.1417ϵ[2.0000,120.0000]  TrainAcc 99.96%/97.50% (halt: 99.97%/97.80%)  (55.127s / 180.080s)
  n_active=128.0000±0.0000ϵ[128.0000,128.0000] n_expunged=0.0000±0.0000ϵ[0.0000,0.0000] pool_util=1.0000±0.0000ϵ[1.0000,1.0000]
  path_valid=96.70%, exact_match=79.20%
  eval_avg_halt_step: 1.45
  per_H_acc: ['H0=14.6%', 'H1=0.0%', 'H2=0.0%']
  H_cos: ['0.855', '0.906']
  z_H_delta: ['21.375', '15.125']
  cells: fixed=[0, 0] broken=[30514, 0]
  per_ACT_cell_acc: ['H1=72.7%', 'H2=88.8%', 'H3=99.0%', 'H4=99.2%', 'H5=99.2%', 'H6=99.2%', 'H7=99.3%', 'H8=99.2%', 'H9=99.2%', 'H10=99.3%', 'H11=99.2%', 'H12=99.2%', 'H13=99.2%', 'H14=99.3%', 'H15=99.2%', 'H16=99.2%']
  per_ACT_puzzle_acc: ['H1=0.0%', 'H2=0.0%', 'H3=58.2%', 'H4=70.3%', 'H5=72.8%', 'H6=74.6%', 'H7=75.9%', 'H8=75.9%', 'H9=76.3%', 'H10=76.3%', 'H11=76.7%', 'H12=76.7%', 'H13=76.7%', 'H14=76.7%', 'H15=76.7%', 'H16=76.7%']
  mean_sigmoid_q_halt: ['0.004', '0.188', '0.699', '0.836', '0.871', '0.902', '0.926', '0.938', '0.945', '0.949', '0.957', '0.957', '0.961', '0.961', '0.961', '0.965']
  halt_rates: ['0.00', '0.00', '0.69', '0.85', '0.89', '0.94', '0.96', '0.97', '0.97', '0.97', '0.98', '0.98', '0.98', '0.98', '0.98', '0.99']
  halt_histogram %: [67.5, 24.2, 4.1, 1.1, 0.5, 0.3, 0.2, 0.2, 0.1, 0.1, 0.1, 0.1, 0.0, 0.0, 0.0, 1.5]
  Avg ACT steps (last 100): 1.16
  eval_avg_halt_step: 1.06
  per_H_acc: ['H0=14.3%', 'H1=0.0%', 'H2=0.0%']
  H_cos: ['0.855', '0.902']
  z_H_delta: ['21.375', '15.375']
  cells: fixed=[0, 0] broken=[13353, 0]
  per_ACT_cell_acc: ['H1=73.0%', 'H2=88.6%', 'H3=99.9%', 'H4=99.9%', 'H5=99.9%', 'H6=99.9%', 'H7=99.9%', 'H8=99.9%', 'H9=99.9%', 'H10=99.9%', 'H11=99.9%', 'H12=99.9%', 'H13=99.9%', 'H14=99.9%', 'H15=99.9%', 'H16=99.9%']
  per_ACT_puzzle_acc: ['H1=0.0%', 'H2=0.0%', 'H3=97.1%', 'H4=98.1%', 'H5=98.1%', 'H6=98.1%', 'H7=98.1%', 'H8=98.1%', 'H9=98.1%', 'H10=98.1%', 'H11=98.1%', 'H12=98.1%', 'H13=98.1%', 'H14=98.1%', 'H15=98.1%', 'H16=98.1%']
  mean_sigmoid_q_halt: ['0.004', '0.191', '0.945', '0.980', '0.980', '0.980', '0.984', '0.980', '0.980', '0.980', '0.984', '0.980', '0.980', '0.980', '0.984', '0.980']
  halt_rates: ['0.00', '0.00', '0.95', '0.99', '1.00', '1.00', '1.00', '1.00', '1.00', '1.00', '1.00', '1.00', '1.00', '1.00', '1.00', '1.00']
  halt_histogram %: [67.5, 24.2, 4.1, 1.1, 0.5, 0.3, 0.2, 0.2, 0.1, 0.1, 0.1, 0.1, 0.0, 0.0, 0.0, 1.5]
  Avg ACT steps (last 100): 1.16
  saved: /home/jvdillon/projects/sic/code/maze/ckpts/x07/step06500.pt acc=99.30% (0.085s)
  saved: /home/jvdillon/projects/sic/code/maze/ckpts/x07/best.pt acc=99.30% (0.167s)
Step  6500  Test 99.30% / 87.70% (halt: 99.28%/75.50%)  Train lm=0.6641±0.0017ϵ[0.6641,0.6719] n_halted=106.1420±7.2115ϵ[35.0000,120.0000]  TrainAcc 99.97%/97.80% (halt: 99.97%/98.30%)  (55.241s / 180.225s)
  n_active=128.0000±0.0000ϵ[128.0000,128.0000] n_expunged=0.0000±0.0000ϵ[0.0000,0.0000] pool_util=1.0000±0.0000ϵ[1.0000,1.0000]
  path_valid=97.00%, exact_match=76.20%
  eval_avg_halt_step: 1.71
  per_H_acc: ['H0=0.0%', 'H1=0.0%', 'H2=0.0%']
  H_cos: ['0.930', '0.941']
  z_H_delta: ['20.750', '14.125']
  cells: fixed=[0, 0] broken=[0, 0]
  per_ACT_cell_acc: ['H1=87.4%', 'H2=91.9%', 'H3=98.7%', 'H4=99.0%', 'H5=99.0%', 'H6=99.1%', 'H7=99.1%', 'H8=99.1%', 'H9=99.1%', 'H10=99.1%', 'H11=99.1%', 'H12=99.1%', 'H13=99.1%', 'H14=99.1%', 'H15=99.1%', 'H16=99.1%']
  per_ACT_puzzle_acc: ['H1=0.0%', 'H2=0.0%', 'H3=53.0%', 'H4=67.2%', 'H5=71.1%', 'H6=72.4%', 'H7=72.4%', 'H8=72.4%', 'H9=72.8%', 'H10=73.3%', 'H11=73.7%', 'H12=73.7%', 'H13=73.7%', 'H14=73.7%', 'H15=73.7%', 'H16=73.3%']
  mean_sigmoid_q_halt: ['0.021', '0.295', '0.621', '0.828', '0.883', '0.906', '0.918', '0.930', '0.934', '0.941', '0.945', '0.945', '0.949', '0.949', '0.957', '0.961']
  halt_rates: ['0.00', '0.03', '0.62', '0.84', '0.89', '0.92', '0.92', '0.93', '0.94', '0.94', '0.94', '0.95', '0.96', '0.95', '0.96', '0.97']
  halt_histogram %: [68.9, 23.4, 3.9, 1.0, 0.4, 0.3, 0.2, 0.1, 0.1, 0.1, 0.1, 0.1, 0.0, 0.0, 0.0, 1.3]
  Avg ACT steps (last 100): 1.13
  eval_avg_halt_step: 1.11
  per_H_acc: ['H0=0.0%', 'H1=0.0%', 'H2=0.0%']
  H_cos: ['0.930', '0.938']
  z_H_delta: ['20.750', '14.625']
  cells: fixed=[0, 0] broken=[0, 0]
  per_ACT_cell_acc: ['H1=87.3%', 'H2=92.2%', 'H3=99.9%', 'H4=99.9%', 'H5=99.9%', 'H6=99.9%', 'H7=99.9%', 'H8=99.9%', 'H9=99.9%', 'H10=99.9%', 'H11=99.9%', 'H12=99.9%', 'H13=99.9%', 'H14=99.9%', 'H15=99.9%', 'H16=99.9%']
  per_ACT_puzzle_acc: ['H1=0.0%', 'H2=0.0%', 'H3=88.5%', 'H4=98.1%', 'H5=98.1%', 'H6=99.0%', 'H7=99.0%', 'H8=99.0%', 'H9=99.0%', 'H10=99.0%', 'H11=99.0%', 'H12=99.0%', 'H13=99.0%', 'H14=99.0%', 'H15=99.0%', 'H16=99.0%']
  mean_sigmoid_q_halt: ['0.021', '0.281', '0.891', '0.980', '0.984', '0.992', '0.996', '0.996', '0.996', '0.996', '0.996', '0.996', '0.996', '0.996', '0.996', '0.996']
  halt_rates: ['0.00', '0.02', '0.91', '0.99', '0.99', '1.00', '1.00', '1.00', '1.00', '1.00', '1.00', '1.00', '1.00', '1.00', '1.00', '1.00']
  halt_histogram %: [68.9, 23.4, 3.9, 1.0, 0.4, 0.3, 0.2, 0.1, 0.1, 0.1, 0.1, 0.1, 0.0, 0.0, 0.0, 1.3]
  Avg ACT steps (last 100): 1.13
  saved: /home/jvdillon/projects/sic/code/maze/ckpts/x07/step07000.pt acc=99.23% (0.086s)
Step  7000  Test 99.23% / 82.70% (halt: 99.20%/71.40%)  Train lm=0.6641±0.0020ϵ[0.6641,0.6875] n_halted=105.4860±8.0752ϵ[34.0000,121.0000]  TrainAcc 99.96%/98.40% (halt: 99.95%/95.70%)  (55.168s / 180.117s)
  n_active=128.0000±0.0000ϵ[128.0000,128.0000] n_expunged=0.0000±0.0000ϵ[0.0000,0.0000] pool_util=1.0000±0.0000ϵ[1.0000,1.0000]
  path_valid=93.10%, exact_match=74.90%
  eval_avg_halt_step: 1.68
  per_H_acc: ['H0=0.3%', 'H1=0.0%', 'H2=0.0%']
  H_cos: ['0.906', '0.918']
  z_H_delta: ['22.500', '15.062']
  cells: fixed=[0, 0] broken=[581, 0]
  per_ACT_cell_acc: ['H1=87.0%', 'H2=88.4%', 'H3=98.7%', 'H4=99.0%', 'H5=99.1%', 'H6=99.1%', 'H7=99.1%', 'H8=99.1%', 'H9=99.1%', 'H10=99.1%', 'H11=99.2%', 'H12=99.2%', 'H13=99.2%', 'H14=99.2%', 'H15=99.1%', 'H16=99.1%']
  per_ACT_puzzle_acc: ['H1=0.0%', 'H2=0.0%', 'H3=43.5%', 'H4=61.6%', 'H5=68.1%', 'H6=71.1%', 'H7=70.3%', 'H8=71.1%', 'H9=71.1%', 'H10=71.1%', 'H11=71.1%', 'H12=71.1%', 'H13=71.6%', 'H14=72.0%', 'H15=71.6%', 'H16=72.0%']
  mean_sigmoid_q_halt: ['0.075', '0.930', '0.609', '0.809', '0.887', '0.922', '0.938', '0.945', '0.949', '0.949', '0.949', '0.949', '0.949', '0.953', '0.953', '0.953']
  halt_rates: ['0.00', '1.00', '0.58', '0.82', '0.90', '0.93', '0.95', '0.96', '0.97', '0.96', '0.96', '0.97', '0.96', '0.97', '0.96', '0.96']
  halt_histogram %: [70.1, 22.6, 3.7, 0.9, 0.4, 0.3, 0.2, 0.1, 0.1, 0.1, 0.1, 0.1, 0.0, 0.0, 0.0, 1.2]
  Avg ACT steps (last 100): 1.16
  eval_avg_halt_step: 1.09
  per_H_acc: ['H0=0.2%', 'H1=0.0%', 'H2=0.0%']
  H_cos: ['0.906', '0.914']
  z_H_delta: ['22.500', '15.125']
  cells: fixed=[0, 0] broken=[224, 0]
  per_ACT_cell_acc: ['H1=87.0%', 'H2=88.4%', 'H3=99.9%', 'H4=100.0%', 'H5=100.0%', 'H6=100.0%', 'H7=100.0%', 'H8=100.0%', 'H9=100.0%', 'H10=100.0%', 'H11=100.0%', 'H12=100.0%', 'H13=100.0%', 'H14=100.0%', 'H15=100.0%', 'H16=100.0%']
  per_ACT_puzzle_acc: ['H1=0.0%', 'H2=0.0%', 'H3=85.6%', 'H4=99.0%', 'H5=100.0%', 'H6=100.0%', 'H7=100.0%', 'H8=100.0%', 'H9=100.0%', 'H10=100.0%', 'H11=100.0%', 'H12=100.0%', 'H13=100.0%', 'H14=100.0%', 'H15=100.0%', 'H16=100.0%']
  mean_sigmoid_q_halt: ['0.075', '0.922', '0.875', '0.977', '0.988', '0.992', '0.988', '0.988', '0.988', '0.984', '0.984', '0.984', '0.980', '0.980', '0.980', '0.980']
  halt_rates: ['0.00', '1.00', '0.88', '0.99', '1.00', '1.00', '1.00', '1.00', '1.00', '1.00', '1.00', '1.00', '1.00', '1.00', '1.00', '1.00']
  halt_histogram %: [70.1, 22.6, 3.7, 0.9, 0.4, 0.3, 0.2, 0.1, 0.1, 0.1, 0.1, 0.1, 0.0, 0.0, 0.0, 1.2]
  Avg ACT steps (last 100): 1.16
  saved: /home/jvdillon/projects/sic/code/maze/ckpts/x07/step07500.pt acc=99.22% (0.087s)
Step  7500  Test 99.22% / 81.80% (halt: 99.18%/69.40%)  Train lm=0.6641±0.0019ϵ[0.6641,0.6797] n_halted=105.3160±13.1749ϵ[10.0000,120.0000]  TrainAcc 99.97%/96.40% (halt: 99.97%/95.70%)  (55.196s / 180.318s)
  n_active=128.0000±0.0000ϵ[128.0000,128.0000] n_expunged=0.0000±0.0000ϵ[0.0000,0.0000] pool_util=1.0000±0.0000ϵ[1.0000,1.0000]
  path_valid=97.60%, exact_match=75.40%
  eval_avg_halt_step: 1.39
  per_H_acc: ['H0=0.1%', 'H1=0.0%', 'H2=0.0%']
  H_cos: ['0.855', '0.938']
  z_H_delta: ['23.375', '13.250']
  cells: fixed=[0, 0] broken=[237, 0]
  per_ACT_cell_acc: ['H1=87.2%', 'H2=89.3%', 'H3=98.9%', 'H4=99.1%', 'H5=99.1%', 'H6=99.1%', 'H7=99.1%', 'H8=99.1%', 'H9=99.1%', 'H10=99.1%', 'H11=99.1%', 'H12=99.1%', 'H13=99.1%', 'H14=99.1%', 'H15=99.1%', 'H16=99.1%']
  per_ACT_puzzle_acc: ['H1=0.0%', 'H2=0.0%', 'H3=57.8%', 'H4=70.3%', 'H5=72.8%', 'H6=73.3%', 'H7=73.3%', 'H8=73.3%', 'H9=73.3%', 'H10=73.3%', 'H11=73.3%', 'H12=73.3%', 'H13=73.3%', 'H14=73.3%', 'H15=73.3%', 'H16=73.3%']
  mean_sigmoid_q_halt: ['0.016', '0.432', '0.766', '0.871', '0.941', '0.965', '0.969', '0.969', '0.969', '0.973', '0.973', '0.969', '0.973', '0.973', '0.973', '0.973']
  halt_rates: ['0.00', '0.18', '0.76', '0.87', '0.94', '0.97', '0.97', '0.97', '0.97', '0.97', '0.97', '0.97', '0.97', '0.97', '0.97', '0.97']
  halt_histogram %: [71.0, 22.1, 3.6, 0.9, 0.4, 0.2, 0.2, 0.1, 0.1, 0.1, 0.1, 0.1, 0.0, 0.0, 0.0, 1.1]
  Avg ACT steps (last 100): 1.15
  eval_avg_halt_step: 1.04
  per_H_acc: ['H0=0.1%', 'H1=0.0%', 'H2=0.0%']
  H_cos: ['0.855', '0.934']
  z_H_delta: ['23.250', '13.375']
  cells: fixed=[0, 0] broken=[90, 0]
  per_ACT_cell_acc: ['H1=87.2%', 'H2=89.2%', 'H3=100.0%', 'H4=100.0%', 'H5=100.0%', 'H6=100.0%', 'H7=100.0%', 'H8=100.0%', 'H9=100.0%', 'H10=100.0%', 'H11=100.0%', 'H12=100.0%', 'H13=100.0%', 'H14=100.0%', 'H15=100.0%', 'H16=100.0%']
  per_ACT_puzzle_acc: ['H1=0.0%', 'H2=0.0%', 'H3=94.2%', 'H4=99.0%', 'H5=100.0%', 'H6=100.0%', 'H7=100.0%', 'H8=100.0%', 'H9=100.0%', 'H10=100.0%', 'H11=100.0%', 'H12=100.0%', 'H13=100.0%', 'H14=100.0%', 'H15=100.0%', 'H16=100.0%']
  mean_sigmoid_q_halt: ['0.016', '0.410', '0.949', '0.980', '0.992', '0.996', '0.996', '0.996', '0.996', '0.996', '0.996', '0.996', '0.996', '0.996', '0.996', '0.996']
  halt_rates: ['0.00', '0.14', '0.94', '0.99', '1.00', '1.00', '1.00', '1.00', '1.00', '1.00', '1.00', '1.00', '1.00', '1.00', '1.00', '1.00']
  halt_histogram %: [71.0, 22.1, 3.6, 0.9, 0.4, 0.2, 0.2, 0.1, 0.1, 0.1, 0.1, 0.1, 0.0, 0.0, 0.0, 1.1]
  Avg ACT steps (last 100): 1.15
  saved: /home/jvdillon/projects/sic/code/maze/ckpts/x07/step08000.pt acc=99.15% (0.085s)
Step  8000  Test 99.15% / 81.60% (halt: 99.10%/71.00%)  Train lm=0.6641±0.0021ϵ[0.6641,0.6797] n_halted=104.3680±11.7898ϵ[25.0000,122.0000]  TrainAcc 99.99%/99.40% (halt: 99.99%/98.60%)  (55.169s / 180.092s)
  n_active=128.0000±0.0000ϵ[128.0000,128.0000] n_expunged=0.0000±0.0000ϵ[0.0000,0.0000] pool_util=1.0000±0.0000ϵ[1.0000,1.0000]
  path_valid=98.10%, exact_match=75.10%
  eval_avg_halt_step: 1.29
  per_H_acc: ['H0=0.1%', 'H1=0.0%', 'H2=0.0%']
  H_cos: ['0.863', '0.914']
  z_H_delta: ['20.750', '20.000']
  cells: fixed=[0, 0] broken=[168, 0]
  per_ACT_cell_acc: ['H1=87.3%', 'H2=90.8%', 'H3=98.9%', 'H4=99.0%', 'H5=99.0%', 'H6=99.0%', 'H7=99.1%', 'H8=99.1%', 'H9=99.1%', 'H10=99.1%', 'H11=99.1%', 'H12=99.1%', 'H13=99.1%', 'H14=99.1%', 'H15=99.1%', 'H16=99.1%']
  per_ACT_puzzle_acc: ['H1=0.0%', 'H2=0.0%', 'H3=56.9%', 'H4=68.5%', 'H5=70.7%', 'H6=72.0%', 'H7=72.0%', 'H8=72.8%', 'H9=72.8%', 'H10=72.8%', 'H11=72.4%', 'H12=72.4%', 'H13=72.4%', 'H14=72.4%', 'H15=72.8%', 'H16=72.8%']
  mean_sigmoid_q_halt: ['0.063', '0.316', '0.766', '0.891', '0.934', '0.949', '0.961', '0.961', '0.961', '0.965', '0.965', '0.969', '0.969', '0.969', '0.969', '0.973']
  halt_rates: ['0.00', '0.02', '0.76', '0.91', '0.96', '0.98', '0.97', '0.98', '0.98', '0.99', '0.99', '0.99', '0.99', '0.99', '1.00', '1.00']
  halt_histogram %: [72.1, 21.4, 3.4, 0.8, 0.4, 0.2, 0.2, 0.1, 0.1, 0.1, 0.1, 0.1, 0.0, 0.0, 0.0, 1.0]
  Avg ACT steps (last 100): 1.12
  eval_avg_halt_step: 1.03
  per_H_acc: ['H0=0.1%', 'H1=0.0%', 'H2=0.0%']
  H_cos: ['0.863', '0.914']
  z_H_delta: ['20.625', '20.375']
  cells: fixed=[0, 0] broken=[61, 0]
  per_ACT_cell_acc: ['H1=87.3%', 'H2=91.0%', 'H3=100.0%', 'H4=100.0%', 'H5=100.0%', 'H6=100.0%', 'H7=100.0%', 'H8=100.0%', 'H9=100.0%', 'H10=100.0%', 'H11=100.0%', 'H12=100.0%', 'H13=100.0%', 'H14=100.0%', 'H15=100.0%', 'H16=100.0%']
  per_ACT_puzzle_acc: ['H1=0.0%', 'H2=0.0%', 'H3=98.1%', 'H4=99.0%', 'H5=100.0%', 'H6=100.0%', 'H7=100.0%', 'H8=100.0%', 'H9=100.0%', 'H10=100.0%', 'H11=100.0%', 'H12=100.0%', 'H13=100.0%', 'H14=100.0%', 'H15=100.0%', 'H16=100.0%']
  mean_sigmoid_q_halt: ['0.063', '0.322', '0.977', '0.988', '0.992', '0.988', '0.988', '0.988', '0.988', '0.988', '0.988', '0.988', '0.988', '0.988', '0.988', '0.984']
  halt_rates: ['0.00', '0.01', '0.98', '0.99', '1.00', '1.00', '1.00', '1.00', '1.00', '1.00', '1.00', '1.00', '1.00', '1.00', '1.00', '1.00']
  halt_histogram %: [72.1, 21.4, 3.4, 0.8, 0.4, 0.2, 0.2, 0.1, 0.1, 0.1, 0.1, 0.1, 0.0, 0.0, 0.0, 1.0]
  Avg ACT steps (last 100): 1.12
  saved: /home/jvdillon/projects/sic/code/maze/ckpts/x07/step08500.pt acc=99.17% (0.087s)
Step  8500  Test 99.17% / 81.80% (halt: 99.15%/69.80%)  Train lm=0.6641±0.0024ϵ[0.6641,0.6992] n_halted=107.5880±11.1830ϵ[0.0000,121.0000]  TrainAcc 99.98%/98.40% (halt: 99.98%/97.90%)  (55.143s / 180.288s)
  n_active=128.0000±0.0000ϵ[128.0000,128.0000] n_expunged=0.0000±0.0000ϵ[0.0000,0.0000] pool_util=1.0000±0.0000ϵ[1.0000,1.0000]
  path_valid=97.50%, exact_match=77.40%
  eval_avg_halt_step: 1.20
  per_H_acc: ['H0=0.0%', 'H1=0.0%', 'H2=0.0%']
  H_cos: ['0.914', '0.965']
  z_H_delta: ['20.750', '13.125']
  cells: fixed=[0, 0] broken=[0, 0]
  per_ACT_cell_acc: ['H1=87.4%', 'H2=97.6%', 'H3=99.1%', 'H4=99.1%', 'H5=99.2%', 'H6=99.1%', 'H7=99.1%', 'H8=99.1%', 'H9=99.1%', 'H10=99.1%', 'H11=99.1%', 'H12=99.1%', 'H13=99.1%', 'H14=99.1%', 'H15=99.1%', 'H16=99.1%']
  per_ACT_puzzle_acc: ['H1=0.0%', 'H2=5.6%', 'H3=71.1%', 'H4=75.4%', 'H5=75.9%', 'H6=76.3%', 'H7=76.7%', 'H8=76.7%', 'H9=76.7%', 'H10=76.7%', 'H11=76.3%', 'H12=76.3%', 'H13=76.3%', 'H14=75.9%', 'H15=75.4%', 'H16=75.9%']
  mean_sigmoid_q_halt: ['0.164', '0.770', '0.848', '0.941', '0.969', '0.973', '0.980', '0.984', '0.984', '0.980', '0.984', '0.984', '0.984', '0.977', '0.980', '0.980']
  halt_rates: ['0.00', '1.00', '0.84', '0.95', '0.97', '0.98', '0.99', '0.99', '1.00', '0.99', '1.00', '1.00', '0.99', '0.99', '0.99', '0.99']
  halt_histogram %: [72.9, 20.9, 3.3, 0.8, 0.3, 0.2, 0.2, 0.1, 0.1, 0.1, 0.1, 0.0, 0.0, 0.0, 0.0, 1.0]
  Avg ACT steps (last 100): 1.10
  eval_avg_halt_step: 1.03
  per_H_acc: ['H0=0.0%', 'H1=0.0%', 'H2=0.0%']
  H_cos: ['0.914', '0.969']
  z_H_delta: ['20.750', '13.062']
  cells: fixed=[0, 0] broken=[0, 0]
  per_ACT_cell_acc: ['H1=87.3%', 'H2=98.7%', 'H3=100.0%', 'H4=100.0%', 'H5=100.0%', 'H6=100.0%', 'H7=100.0%', 'H8=100.0%', 'H9=100.0%', 'H10=100.0%', 'H11=100.0%', 'H12=100.0%', 'H13=100.0%', 'H14=100.0%', 'H15=100.0%', 'H16=100.0%']
  per_ACT_puzzle_acc: ['H1=0.0%', 'H2=6.7%', 'H3=97.1%', 'H4=98.1%', 'H5=99.0%', 'H6=99.0%', 'H7=99.0%', 'H8=99.0%', 'H9=99.0%', 'H10=99.0%', 'H11=99.0%', 'H12=99.0%', 'H13=99.0%', 'H14=99.0%', 'H15=99.0%', 'H16=99.0%']
  mean_sigmoid_q_halt: ['0.165', '0.773', '0.969', '0.980', '0.984', '0.984', '0.984', '0.984', '0.984', '0.984', '0.984', '0.984', '0.984', '0.984', '0.984', '0.984']
  halt_rates: ['0.00', '0.98', '0.97', '0.99', '0.99', '0.99', '0.99', '0.99', '0.99', '0.99', '0.99', '0.99', '0.99', '0.99', '0.99', '0.99']
  halt_histogram %: [72.9, 20.9, 3.3, 0.8, 0.3, 0.2, 0.2, 0.1, 0.1, 0.1, 0.1, 0.0, 0.0, 0.0, 0.0, 1.0]
  Avg ACT steps (last 100): 1.10
  saved: /home/jvdillon/projects/sic/code/maze/ckpts/x07/step09000.pt acc=99.21% (0.086s)
Step  9000  Test 99.21% / 87.60% (halt: 99.21%/76.70%)  Train lm=0.6680±0.0098ϵ[0.6641,0.7812] n_halted=105.3420±18.5112ϵ[0.0000,121.0000]  TrainAcc 99.99%/97.50% (halt: 99.99%/99.40%)  (55.165s / 180.178s)
  n_active=128.0000±0.0000ϵ[128.0000,128.0000] n_expunged=0.0000±0.0000ϵ[0.0000,0.0000] pool_util=1.0000±0.0000ϵ[1.0000,1.0000]
  path_valid=97.00%, exact_match=75.50%
  eval_avg_halt_step: 1.32
  per_H_acc: ['H0=0.0%', 'H1=0.0%', 'H2=0.0%']
  H_cos: ['0.906', '0.961']
  z_H_delta: ['21.750', '14.500']
  cells: fixed=[0, 0] broken=[0, 0]
  per_ACT_cell_acc: ['H1=87.3%', 'H2=96.0%', 'H3=99.0%', 'H4=99.1%', 'H5=99.2%', 'H6=99.2%', 'H7=99.1%', 'H8=99.1%', 'H9=99.1%', 'H10=99.1%', 'H11=99.1%', 'H12=99.1%', 'H13=99.1%', 'H14=99.1%', 'H15=99.1%', 'H16=99.1%']
  per_ACT_puzzle_acc: ['H1=0.0%', 'H2=0.0%', 'H3=59.5%', 'H4=70.3%', 'H5=72.0%', 'H6=71.6%', 'H7=72.0%', 'H8=71.6%', 'H9=71.6%', 'H10=71.6%', 'H11=72.0%', 'H12=72.4%', 'H13=72.0%', 'H14=71.6%', 'H15=71.6%', 'H16=71.1%']
  mean_sigmoid_q_halt: ['0.248', '0.703', '0.789', '0.852', '0.906', '0.926', '0.938', '0.941', '0.941', '0.953', '0.953', '0.953', '0.941', '0.941', '0.949', '0.965']
  halt_rates: ['0.00', '0.99', '0.78', '0.85', '0.91', '0.92', '0.94', '0.95', '0.94', '0.97', '0.96', '0.97', '0.95', '0.94', '0.96', '0.97']
  halt_histogram %: [73.7, 20.3, 3.1, 0.7, 0.3, 0.2, 0.2, 0.1, 0.1, 0.1, 0.1, 0.0, 0.0, 0.0, 0.0, 0.9]
  Avg ACT steps (last 100): 1.19
  eval_avg_halt_step: 1.04
  per_H_acc: ['H0=0.0%', 'H1=0.0%', 'H2=0.0%']
  H_cos: ['0.906', '0.961']
  z_H_delta: ['21.750', '14.812']
  cells: fixed=[0, 0] broken=[0, 0]
  per_ACT_cell_acc: ['H1=87.1%', 'H2=96.6%', 'H3=99.9%', 'H4=100.0%', 'H5=100.0%', 'H6=100.0%', 'H7=99.9%', 'H8=99.9%', 'H9=100.0%', 'H10=100.0%', 'H11=100.0%', 'H12=99.9%', 'H13=99.9%', 'H14=100.0%', 'H15=99.9%', 'H16=100.0%']
  per_ACT_puzzle_acc: ['H1=0.0%', 'H2=1.0%', 'H3=94.2%', 'H4=98.1%', 'H5=97.1%', 'H6=96.2%', 'H7=96.2%', 'H8=96.2%', 'H9=96.2%', 'H10=97.1%', 'H11=96.2%', 'H12=97.1%', 'H13=97.1%', 'H14=97.1%', 'H15=97.1%', 'H16=97.1%']
  mean_sigmoid_q_halt: ['0.243', '0.703', '0.961', '0.965', '0.977', '0.969', '0.977', '0.984', '0.977', '0.977', '0.977', '0.984', '0.980', '0.977', '0.984', '0.980']
  halt_rates: ['0.00', '0.99', '0.96', '0.97', '0.98', '0.97', '0.98', '0.99', '0.98', '0.98', '0.98', '0.99', '0.98', '0.98', '0.99', '0.99']
  halt_histogram %: [73.7, 20.3, 3.1, 0.7, 0.3, 0.2, 0.2, 0.1, 0.1, 0.1, 0.1, 0.0, 0.0, 0.0, 0.0, 0.9]
  Avg ACT steps (last 100): 1.19
  saved: /home/jvdillon/projects/sic/code/maze/ckpts/x07/step09500.pt acc=99.21% (0.084s)
Step  9500  Test 99.21% / 79.60% (halt: 99.26%/75.50%)  Train lm=0.6641±0.0024ϵ[0.6641,0.6836] n_halted=106.1140±15.3688ϵ[0.0000,122.0000]  TrainAcc 99.93%/96.70% (halt: 99.97%/98.00%)  (55.140s / 180.236s)
  n_active=128.0000±0.0000ϵ[128.0000,128.0000] n_expunged=0.0000±0.0000ϵ[0.0000,0.0000] pool_util=1.0000±0.0000ϵ[1.0000,1.0000]
  path_valid=98.90%, exact_match=74.60%
  eval_avg_halt_step: 1.24
  per_H_acc: ['H0=0.0%', 'H1=0.0%', 'H2=0.0%']
  H_cos: ['0.926', '0.953']
  z_H_delta: ['20.625', '15.250']
  cells: fixed=[1, 0] broken=[0, 1]
  per_ACT_cell_acc: ['H1=87.3%', 'H2=96.3%', 'H3=99.1%', 'H4=99.2%', 'H5=99.2%', 'H6=99.3%', 'H7=99.3%', 'H8=99.3%', 'H9=99.3%', 'H10=99.3%', 'H11=99.3%', 'H12=99.3%', 'H13=99.3%', 'H14=99.3%', 'H15=99.3%', 'H16=99.3%']
  per_ACT_puzzle_acc: ['H1=0.0%', 'H2=1.3%', 'H3=62.5%', 'H4=70.3%', 'H5=73.3%', 'H6=74.6%', 'H7=74.6%', 'H8=74.6%', 'H9=74.6%', 'H10=74.6%', 'H11=75.0%', 'H12=75.4%', 'H13=75.4%', 'H14=75.4%', 'H15=75.4%', 'H16=75.4%']
  mean_sigmoid_q_halt: ['0.211', '0.629', '0.809', '0.918', '0.953', '0.980', '0.992', '0.988', '0.988', '0.992', '0.992', '0.996', '0.996', '0.996', '0.996', '0.996']
  halt_rates: ['0.00', '0.90', '0.81', '0.93', '0.96', '0.99', '1.00', '0.99', '0.99', '1.00', '1.00', '1.00', '1.00', '1.00', '1.00', '1.00']
  halt_histogram %: [74.5, 19.8, 3.0, 0.7, 0.3, 0.2, 0.2, 0.1, 0.1, 0.1, 0.1, 0.0, 0.0, 0.0, 0.0, 0.9]
  Avg ACT steps (last 100): 1.09
  eval_avg_halt_step: 1.05
  per_H_acc: ['H0=0.0%', 'H1=0.0%', 'H2=0.0%']
  H_cos: ['0.926', '0.957']
  z_H_delta: ['20.750', '15.375']
  cells: fixed=[0, 0] broken=[0, 0]
  per_ACT_cell_acc: ['H1=87.3%', 'H2=97.3%', 'H3=100.0%', 'H4=100.0%', 'H5=99.9%', 'H6=99.9%', 'H7=99.9%', 'H8=99.9%', 'H9=99.9%', 'H10=99.9%', 'H11=99.9%', 'H12=99.9%', 'H13=99.9%', 'H14=99.9%', 'H15=99.9%', 'H16=99.9%']
  per_ACT_puzzle_acc: ['H1=0.0%', 'H2=1.9%', 'H3=98.1%', 'H4=97.1%', 'H5=97.1%', 'H6=97.1%', 'H7=97.1%', 'H8=97.1%', 'H9=97.1%', 'H10=97.1%', 'H11=97.1%', 'H12=97.1%', 'H13=97.1%', 'H14=97.1%', 'H15=97.1%', 'H16=97.1%']
  mean_sigmoid_q_halt: ['0.208', '0.652', '0.973', '0.980', '0.984', '0.996', '0.996', '0.996', '0.996', '0.996', '0.996', '0.996', '0.996', '0.996', '0.996', '0.996']
  halt_rates: ['0.00', '0.92', '0.99', '0.99', '0.98', '1.00', '1.00', '1.00', '1.00', '1.00', '1.00', '1.00', '1.00', '1.00', '1.00', '1.00']
  halt_histogram %: [74.5, 19.8, 3.0, 0.7, 0.3, 0.2, 0.2, 0.1, 0.1, 0.1, 0.1, 0.0, 0.0, 0.0, 0.0, 0.9]
  Avg ACT steps (last 100): 1.09
  saved: /home/jvdillon/projects/sic/code/maze/ckpts/x07/step10000.pt acc=99.16% (0.084s)
Step 10000  Test 99.16% / 83.20% (halt: 99.14%/71.80%)  Train lm=0.6641±0.0020ϵ[0.6641,0.6758] n_halted=108.0700±11.0925ϵ[23.0000,123.0000]  TrainAcc 99.95%/97.30% (halt: 99.96%/97.40%)  (55.352s / 180.181s)
  n_active=128.0000±0.0000ϵ[128.0000,128.0000] n_expunged=0.0000±0.0000ϵ[0.0000,0.0000] pool_util=1.0000±0.0000ϵ[1.0000,1.0000]
  path_valid=96.00%, exact_match=71.10%
  eval_avg_halt_step: 1.64
  per_H_acc: ['H0=0.0%', 'H1=0.0%', 'H2=0.0%']
  H_cos: ['0.957', '0.953']
  z_H_delta: ['17.500', '16.125']
  cells: fixed=[0, 0] broken=[0, 0]
  per_ACT_cell_acc: ['H1=87.5%', 'H2=93.4%', 'H3=98.8%', 'H4=99.0%', 'H5=99.0%', 'H6=99.0%', 'H7=99.0%', 'H8=99.0%', 'H9=99.0%', 'H10=99.0%', 'H11=99.0%', 'H12=99.0%', 'H13=99.0%', 'H14=99.0%', 'H15=99.0%', 'H16=99.0%']
  per_ACT_puzzle_acc: ['H1=0.0%', 'H2=0.0%', 'H3=51.3%', 'H4=64.2%', 'H5=63.4%', 'H6=64.7%', 'H7=65.5%', 'H8=65.5%', 'H9=66.8%', 'H10=66.4%', 'H11=66.8%', 'H12=66.8%', 'H13=66.8%', 'H14=66.8%', 'H15=67.2%', 'H16=67.2%']
  mean_sigmoid_q_halt: ['0.275', '0.334', '0.719', '0.863', '0.895', '0.922', '0.945', '0.953', '0.957', '0.965', '0.969', '0.965', '0.965', '0.965', '0.965', '0.965']
  halt_rates: ['0.00', '0.03', '0.72', '0.87', '0.91', '0.93', '0.95', '0.96', '0.97', '0.97', '0.97', '0.97', '0.97', '0.97', '0.97', '0.97']
  halt_histogram %: [75.1, 19.4, 2.9, 0.7, 0.3, 0.2, 0.1, 0.1, 0.1, 0.1, 0.1, 0.0, 0.0, 0.0, 0.0, 0.8]
  Avg ACT steps (last 100): 1.17
  eval_avg_halt_step: 1.10
  per_H_acc: ['H0=0.0%', 'H1=0.0%', 'H2=0.0%']
  H_cos: ['0.957', '0.953']
  z_H_delta: ['17.625', '16.500']
  cells: fixed=[0, 0] broken=[0, 0]
  per_ACT_cell_acc: ['H1=87.5%', 'H2=94.3%', 'H3=99.9%', 'H4=99.9%', 'H5=99.9%', 'H6=99.9%', 'H7=99.9%', 'H8=99.9%', 'H9=99.9%', 'H10=99.9%', 'H11=99.9%', 'H12=99.9%', 'H13=99.9%', 'H14=99.9%', 'H15=99.9%', 'H16=99.9%']
  per_ACT_puzzle_acc: ['H1=0.0%', 'H2=0.0%', 'H3=91.3%', 'H4=95.2%', 'H5=96.2%', 'H6=97.1%', 'H7=97.1%', 'H8=98.1%', 'H9=98.1%', 'H10=98.1%', 'H11=98.1%', 'H12=98.1%', 'H13=98.1%', 'H14=97.1%', 'H15=97.1%', 'H16=97.1%']
  mean_sigmoid_q_halt: ['0.275', '0.328', '0.926', '0.973', '0.980', '0.980', '0.980', '0.984', '0.988', '0.992', '0.992', '0.992', '0.984', '0.980', '0.984', '0.980']
  halt_rates: ['0.00', '0.02', '0.92', '0.98', '0.99', '0.98', '0.99', '0.99', '1.00', '1.00', '1.00', '1.00', '0.99', '0.99', '0.99', '0.99']
  halt_histogram %: [75.1, 19.4, 2.9, 0.7, 0.3, 0.2, 0.1, 0.1, 0.1, 0.1, 0.1, 0.0, 0.0, 0.0, 0.0, 0.8]
  Avg ACT steps (last 100): 1.17
  saved: /home/jvdillon/projects/sic/code/maze/ckpts/x07/step10500.pt acc=99.05% (0.085s)
Step 10500  Test 99.05% / 77.20% (halt: 99.01%/68.00%)  Train lm=0.6641±0.0014ϵ[0.6641,0.6719] n_halted=109.6120±5.6888ϵ[67.0000,120.0000]  TrainAcc 99.93%/95.80% (halt: 99.91%/94.20%)  (55.189s / 180.362s)
  n_active=128.0000±0.0000ϵ[128.0000,128.0000] n_expunged=0.0000±0.0000ϵ[0.0000,0.0000] pool_util=1.0000±0.0000ϵ[1.0000,1.0000]
  path_valid=95.60%, exact_match=74.80%
  eval_avg_halt_step: 1.53
  per_H_acc: ['H0=0.0%', 'H1=0.0%', 'H2=0.0%']
  H_cos: ['0.961', '0.949']
  z_H_delta: ['19.750', '16.750']
  cells: fixed=[0, 0] broken=[0, 0]
  per_ACT_cell_acc: ['H1=87.4%', 'H2=90.3%', 'H3=98.7%', 'H4=98.9%', 'H5=99.0%', 'H6=99.0%', 'H7=99.0%', 'H8=99.0%', 'H9=99.0%', 'H10=99.0%', 'H11=99.0%', 'H12=99.0%', 'H13=99.0%', 'H14=99.0%', 'H15=98.9%', 'H16=98.9%']
  per_ACT_puzzle_acc: ['H1=0.0%', 'H2=0.0%', 'H3=52.2%', 'H4=64.7%', 'H5=69.0%', 'H6=69.8%', 'H7=70.7%', 'H8=71.6%', 'H9=72.4%', 'H10=71.6%', 'H11=71.6%', 'H12=71.6%', 'H13=72.0%', 'H14=72.0%', 'H15=72.0%', 'H16=72.0%']
  mean_sigmoid_q_halt: ['0.218', '0.484', '0.742', '0.828', '0.898', '0.926', '0.941', '0.949', '0.957', '0.965', '0.965', '0.965', '0.965', '0.969', '0.973', '0.969']
  halt_rates: ['0.00', '0.39', '0.72', '0.84', '0.91', '0.93', '0.94', '0.95', '0.97', '0.97', '0.97', '0.97', '0.97', '0.97', '0.97', '0.97']
  halt_histogram %: [75.7, 19.0, 2.8, 0.7, 0.3, 0.2, 0.1, 0.1, 0.1, 0.1, 0.0, 0.0, 0.0, 0.0, 0.0, 0.8]
  Avg ACT steps (last 100): 1.17
  eval_avg_halt_step: 1.07
  per_H_acc: ['H0=0.0%', 'H1=0.0%', 'H2=0.0%']
  H_cos: ['0.961', '0.945']
  z_H_delta: ['19.750', '17.125']
  cells: fixed=[0, 0] broken=[0, 0]
  per_ACT_cell_acc: ['H1=87.2%', 'H2=90.1%', 'H3=99.9%', 'H4=99.9%', 'H5=99.9%', 'H6=99.9%', 'H7=99.9%', 'H8=99.9%', 'H9=99.9%', 'H10=99.9%', 'H11=99.8%', 'H12=99.8%', 'H13=99.9%', 'H14=99.9%', 'H15=99.9%', 'H16=99.9%']
  per_ACT_puzzle_acc: ['H1=0.0%', 'H2=0.0%', 'H3=95.2%', 'H4=97.1%', 'H5=98.1%', 'H6=98.1%', 'H7=98.1%', 'H8=98.1%', 'H9=97.1%', 'H10=97.1%', 'H11=97.1%', 'H12=97.1%', 'H13=97.1%', 'H14=97.1%', 'H15=97.1%', 'H16=97.1%']
  mean_sigmoid_q_halt: ['0.217', '0.488', '0.957', '0.969', '0.980', '0.984', '0.992', '0.980', '0.977', '0.984', '0.984', '0.988', '0.988', '0.988', '0.988', '0.988']
  halt_rates: ['0.00', '0.41', '0.96', '0.97', '0.99', '0.99', '1.00', '0.98', '0.98', '0.99', '0.99', '0.99', '0.99', '0.99', '0.99', '0.99']
  halt_histogram %: [75.7, 19.0, 2.8, 0.7, 0.3, 0.2, 0.1, 0.1, 0.1, 0.1, 0.0, 0.0, 0.0, 0.0, 0.0, 0.8]
  Avg ACT steps (last 100): 1.17
  saved: /home/jvdillon/projects/sic/code/maze/ckpts/x07/step11000.pt acc=99.10% (0.090s)
Step 11000  Test 99.10% / 80.80% (halt: 99.05%/68.40%)  Train lm=0.6641±0.0014ϵ[0.6641,0.6680] n_halted=109.9840±4.7439ϵ[93.0000,121.0000]  TrainAcc 99.94%/97.60% (halt: 99.96%/97.40%)  (54.985s / 180.225s)
  n_active=128.0000±0.0000ϵ[128.0000,128.0000] n_expunged=0.0000±0.0000ϵ[0.0000,0.0000] pool_util=1.0000±0.0000ϵ[1.0000,1.0000]
Traceback (most recent call last):
  File "/home/jvdillon/projects/sic/code/experiment.py", line 1921, in main
    Tee(script_path.with_suffix(".log"))
           ^^^^^^^^^^^^^^^^^
  File "/home/jvdillon/projects/sic/code/experiment.py", line 1890, in train
    except StopIteration:
           ^^^^^^^^^^^^^^^
  File "/home/jvdillon/projects/sic/code/experiment.py", line 491, in step
    forward_result = self._forward(state)
                     ^^^^^^^^^^^^^^^^^^^^
  File "/home/jvdillon/projects/sic/code/experiment.py", line 797, in _forward
    cos_sin = self.model._get_cos_sin(embeddings.device)  # noqa: SLF001  # pyright: ignore[reportPrivateUsage]
              ^^^^^^^^^^^^^^^^^^^^^^^^^^^^^^^^^^^^^^^^^^
  File "/home/jvdillon/projects/sic/code/model.py", line 1679, in _get_cos_sin
    positions = torch.arange(cfg.total_seq_len, device=device)
                ^^^^^^^^^^^^^^^^^^^^^^^^^^^^^^^^^^^^^^^^^^^^^^
KeyboardInterrupt
