Adam params: ('embed_tokens.weight', 'head.weight', 'head.bias', 'q_head.weight', 'q_head.bias', 'puzzle_id_embed.weight')
Muon 2D params: ('reasoning.0.attn.o_proj.weight', 'reasoning.0.mlp.up_proj.weight', 'reasoning.0.mlp.down_proj.weight', 'reasoning.1.attn.o_proj.weight', 'reasoning.1.mlp.up_proj.weight', 'reasoning.1.mlp.down_proj.weight')
Muon 3D params (ensemble_dims=1): ('reasoning.0.attn.qkv_proj.weight', 'reasoning.1.attn.qkv_proj.weight')
Saved step 0 checkpoint with RNG: /home/jvdillon/projects/sic/code/maze/ckpts/x07a/step00000_rng.pt
  cell_acc=88.96%, puzzle_acc=0.00%
  eval_avg_halt_step: 16.00
  per_H_acc: ['H0=63.5%', 'H1=87.5%', 'H2=87.5%']
  H_cos: ['0.684', '0.945']
  z_H_delta: ['21.500', '10.812']
  cells: fixed=[50179, 193] broken=[0, 125]
  per_ACT_cell_acc: ['H1=63.5%', 'H2=87.5%', 'H3=87.5%', 'H4=87.7%', 'H5=87.9%', 'H6=88.2%', 'H7=88.4%', 'H8=88.5%', 'H9=88.6%', 'H10=88.7%', 'H11=88.8%', 'H12=88.8%', 'H13=88.9%', 'H14=88.9%', 'H15=88.9%', 'H16=89.0%']
  per_ACT_puzzle_acc: ['H1=0.0%', 'H2=0.0%', 'H3=0.0%', 'H4=0.0%', 'H5=0.0%', 'H6=0.0%', 'H7=0.0%', 'H8=0.0%', 'H9=0.0%', 'H10=0.0%', 'H11=0.0%', 'H12=0.0%', 'H13=0.0%', 'H14=0.0%', 'H15=0.0%', 'H16=0.0%']
  mean_sigmoid_q_halt: ['0.001', '0.000', '0.000', '0.000', '0.000', '0.000', '0.000', '0.000', '0.000', '0.000', '0.000', '0.000', '0.000', '0.000', '0.000', '0.000']
  halt_rates: ['0.00', '0.00', '0.00', '0.00', '0.00', '0.00', '0.00', '0.00', '0.00', '0.00', '0.00', '0.00', '0.00', '0.00', '0.00', '0.00']
  halt_histogram %: [0.0, 0.0, 0.0, 0.0, 0.0, 0.0, 0.0, 0.0, 0.0, 0.0, 0.0, 0.0, 0.0, 0.0, 0.0, 100.0]
  Avg ACT steps (last 100): 16.00
  saved: /home/jvdillon/projects/sic/code/maze/ckpts/x07a/step00500.pt acc=88.96% (0.057s)
  saved: /home/jvdillon/projects/sic/code/maze/ckpts/x07a/best.pt acc=88.96% (0.111s)
Step   500  Test 88.96% /  0.00%  Train lm=0.9219±0.1030ϵ[0.8594,2.1562] n_halted=7.9360±30.8988ϵ[0.0000,128.0000]  (37.267s / 185.919s)
  n_active=128.0000±0.0000ϵ[128.0000,128.0000] n_expunged=0.0000±0.0000ϵ[0.0000,0.0000] pool_util=1.0000±0.0000ϵ[1.0000,1.0000]
  cell_acc=94.06%, puzzle_acc=1.40%
  eval_avg_halt_step: 16.00
  per_H_acc: ['H0=0.1%', 'H1=87.5%', 'H2=88.3%']
  H_cos: ['0.420', '0.941']
  z_H_delta: ['24.750', '13.812']
  cells: fixed=[182322, 4125] broken=[0, 2339]
  per_ACT_cell_acc: ['H1=0.1%', 'H2=87.5%', 'H3=88.3%', 'H4=90.3%', 'H5=91.8%', 'H6=92.5%', 'H7=93.0%', 'H8=93.3%', 'H9=93.5%', 'H10=93.7%', 'H11=93.7%', 'H12=93.8%', 'H13=93.8%', 'H14=93.8%', 'H15=93.8%', 'H16=93.8%']
  per_ACT_puzzle_acc: ['H1=0.0%', 'H2=0.0%', 'H3=0.0%', 'H4=0.0%', 'H5=0.0%', 'H6=0.0%', 'H7=0.0%', 'H8=0.0%', 'H9=0.4%', 'H10=0.4%', 'H11=0.4%', 'H12=0.4%', 'H13=0.4%', 'H14=0.4%', 'H15=0.4%', 'H16=0.4%']
  mean_sigmoid_q_halt: ['0.008', '0.000', '0.000', '0.000', '0.000', '0.000', '0.000', '0.000', '0.001', '0.001', '0.001', '0.001', '0.002', '0.002', '0.002', '0.003']
  halt_rates: ['0.00', '0.00', '0.00', '0.00', '0.00', '0.00', '0.00', '0.00', '0.00', '0.00', '0.00', '0.00', '0.00', '0.00', '0.00', '0.00']
  halt_histogram %: [0.0, 0.0, 0.0, 0.0, 0.0, 0.0, 0.0, 0.0, 0.0, 0.0, 0.2, 0.0, 0.0, 0.1, 0.0, 99.6]
  Avg ACT steps (last 100): 15.84
  saved: /home/jvdillon/projects/sic/code/maze/ckpts/x07a/step01000.pt acc=94.06% (0.059s)
  saved: /home/jvdillon/projects/sic/code/maze/ckpts/x07a/best.pt acc=94.06% (0.143s)
Step  1000  Test 94.06% /  1.40%  Train lm=0.8242±0.0315ϵ[0.7656,0.9180] n_halted=7.9400±30.6615ϵ[0.0000,128.0000]  (28.010s / 176.265s)
  n_active=128.0000±0.0000ϵ[128.0000,128.0000] n_expunged=0.0000±0.0000ϵ[0.0000,0.0000] pool_util=1.0000±0.0000ϵ[1.0000,1.0000]
  cell_acc=96.92%, puzzle_acc=29.40%
  eval_avg_halt_step: 8.16
  per_H_acc: ['H0=50.3%', 'H1=87.9%', 'H2=95.1%']
  H_cos: ['0.543', '0.883']
  z_H_delta: ['23.125', '17.000']
  cells: fixed=[87152, 19791] broken=[8622, 4726]
  per_ACT_cell_acc: ['H1=50.3%', 'H2=87.9%', 'H3=95.1%', 'H4=96.1%', 'H5=96.4%', 'H6=96.6%', 'H7=96.8%', 'H8=96.8%', 'H9=96.8%', 'H10=96.9%', 'H11=96.8%', 'H12=96.8%', 'H13=96.8%', 'H14=96.8%', 'H15=96.9%', 'H16=96.9%']
  per_ACT_puzzle_acc: ['H1=0.0%', 'H2=0.0%', 'H3=0.0%', 'H4=3.9%', 'H5=15.9%', 'H6=22.0%', 'H7=25.4%', 'H8=27.2%', 'H9=27.2%', 'H10=28.0%', 'H11=28.0%', 'H12=28.0%', 'H13=28.9%', 'H14=29.7%', 'H15=30.2%', 'H16=29.7%']
  mean_sigmoid_q_halt: ['0.002', '0.004', '0.002', '0.075', '0.184', '0.264', '0.326', '0.359', '0.379', '0.393', '0.406', '0.416', '0.420', '0.426', '0.432', '0.434']
  halt_rates: ['0.00', '0.00', '0.00', '0.04', '0.15', '0.28', '0.34', '0.39', '0.42', '0.45', '0.47', '0.48', '0.47', '0.48', '0.49', '0.50']
  halt_histogram %: [0.0, 3.7, 6.4, 5.6, 4.1, 3.2, 2.6, 2.0, 1.7, 1.5, 1.3, 1.2, 0.8, 0.8, 0.7, 64.4]
  Avg ACT steps (last 100): 4.70
  saved: /home/jvdillon/projects/sic/code/maze/ckpts/x07a/step01500.pt acc=96.92% (0.055s)
  saved: /home/jvdillon/projects/sic/code/maze/ckpts/x07a/best.pt acc=96.92% (0.137s)
Step  1500  Test 96.92% / 29.40%  Train lm=0.7695±0.0101ϵ[0.7461,0.8398] n_halted=14.9200±14.7227ϵ[0.0000,98.0000]  (28.019s / 176.207s)
  n_active=128.0000±0.0000ϵ[128.0000,128.0000] n_expunged=0.0000±0.0000ϵ[0.0000,0.0000] pool_util=1.0000±0.0000ϵ[1.0000,1.0000]
  cell_acc=98.31%, puzzle_acc=54.50%
  eval_avg_halt_step: 4.04
  per_H_acc: ['H0=50.3%', 'H1=87.8%', 'H2=96.9%']
  H_cos: ['0.684', '0.883']
  z_H_delta: ['22.000', '19.875']
  cells: fixed=[80502, 21997] broken=[2205, 3042]
  per_ACT_cell_acc: ['H1=50.3%', 'H2=87.8%', 'H3=96.9%', 'H4=97.8%', 'H5=98.1%', 'H6=98.2%', 'H7=98.2%', 'H8=98.3%', 'H9=98.3%', 'H10=98.3%', 'H11=98.3%', 'H12=98.3%', 'H13=98.3%', 'H14=98.3%', 'H15=98.3%', 'H16=98.3%']
  per_ACT_puzzle_acc: ['H1=0.0%', 'H2=0.0%', 'H3=2.6%', 'H4=22.0%', 'H5=42.2%', 'H6=48.3%', 'H7=50.9%', 'H8=51.7%', 'H9=50.9%', 'H10=51.7%', 'H11=52.2%', 'H12=52.2%', 'H13=51.7%', 'H14=52.2%', 'H15=52.2%', 'H16=52.2%']
  mean_sigmoid_q_halt: ['0.002', '0.034', '0.054', '0.379', '0.590', '0.680', '0.723', '0.750', '0.758', '0.762', '0.773', '0.773', '0.773', '0.773', '0.773', '0.770']
  halt_rates: ['0.00', '0.00', '0.01', '0.37', '0.59', '0.71', '0.74', '0.78', '0.78', '0.77', '0.79', '0.79', '0.78', '0.78', '0.79', '0.79']
  halt_histogram %: [0.6, 36.1, 13.7, 6.4, 3.8, 2.5, 1.8, 1.4, 1.2, 1.0, 0.8, 0.7, 0.5, 0.5, 0.4, 28.6]
  Avg ACT steps (last 100): 2.21
  saved: /home/jvdillon/projects/sic/code/maze/ckpts/x07a/step02000.pt acc=98.31% (0.056s)
  saved: /home/jvdillon/projects/sic/code/maze/ckpts/x07a/best.pt acc=98.31% (0.139s)
Step  2000  Test 98.31% / 54.50%  Train lm=0.7461±0.0112ϵ[0.7266,0.7773] n_halted=40.9820±16.4315ϵ[0.0000,78.0000]  (28.011s / 176.256s)
  n_active=128.0000±0.0000ϵ[128.0000,128.0000] n_expunged=0.0000±0.0000ϵ[0.0000,0.0000] pool_util=1.0000±0.0000ϵ[1.0000,1.0000]
  cell_acc=98.44%, puzzle_acc=55.00%
  eval_avg_halt_step: 3.46
  per_H_acc: ['H0=50.3%', 'H1=84.4%', 'H2=97.2%']
  H_cos: ['0.559', '0.848']
  z_H_delta: ['22.875', '22.750']
  cells: fixed=[90344, 29603] broken=[19152, 2881]
  per_ACT_cell_acc: ['H1=50.3%', 'H2=84.4%', 'H3=97.2%', 'H4=98.1%', 'H5=98.3%', 'H6=98.4%', 'H7=98.4%', 'H8=98.4%', 'H9=98.4%', 'H10=98.4%', 'H11=98.4%', 'H12=98.4%', 'H13=98.4%', 'H14=98.4%', 'H15=98.4%', 'H16=98.4%']
  per_ACT_puzzle_acc: ['H1=0.0%', 'H2=0.0%', 'H3=3.0%', 'H4=27.6%', 'H5=44.4%', 'H6=52.2%', 'H7=53.4%', 'H8=52.6%', 'H9=53.4%', 'H10=54.7%', 'H11=54.7%', 'H12=54.3%', 'H13=53.0%', 'H14=53.0%', 'H15=53.0%', 'H16=52.6%']
  mean_sigmoid_q_halt: ['0.013', '0.389', '0.121', '0.484', '0.648', '0.766', '0.816', '0.840', '0.859', '0.875', '0.879', '0.871', '0.867', '0.867', '0.871', '0.863']
  halt_rates: ['0.00', '0.01', '0.06', '0.48', '0.66', '0.78', '0.83', '0.85', '0.87', '0.89', '0.89', '0.88', '0.87', '0.87', '0.88', '0.87']
  halt_histogram %: [7.7, 52.7, 11.9, 4.0, 2.2, 1.4, 1.1, 0.8, 0.7, 0.6, 0.4, 0.4, 0.3, 0.3, 0.2, 15.4]
  Avg ACT steps (last 100): 1.88
  saved: /home/jvdillon/projects/sic/code/maze/ckpts/x07a/step02500.pt acc=98.44% (0.056s)
  saved: /home/jvdillon/projects/sic/code/maze/ckpts/x07a/best.pt acc=98.44% (0.137s)
Step  2500  Test 98.44% / 55.00%  Train lm=0.7266±0.0031ϵ[0.7227,0.7383] n_halted=62.4420±12.2023ϵ[30.0000,93.0000]  (27.708s / 176.176s)
  n_active=128.0000±0.0000ϵ[128.0000,128.0000] n_expunged=0.0000±0.0000ϵ[0.0000,0.0000] pool_util=1.0000±0.0000ϵ[1.0000,1.0000]
  cell_acc=98.52%, puzzle_acc=56.30%
  eval_avg_halt_step: 2.58
  per_H_acc: ['H0=65.4%', 'H1=87.6%', 'H2=97.5%']
  H_cos: ['0.789', '0.863']
  z_H_delta: ['19.625', '20.625']
  cells: fixed=[46578, 23829] broken=[207, 3137]
  per_ACT_cell_acc: ['H1=65.4%', 'H2=87.6%', 'H3=97.5%', 'H4=98.1%', 'H5=98.3%', 'H6=98.3%', 'H7=98.4%', 'H8=98.4%', 'H9=98.4%', 'H10=98.4%', 'H11=98.4%', 'H12=98.4%', 'H13=98.4%', 'H14=98.4%', 'H15=98.4%', 'H16=98.4%']
  per_ACT_puzzle_acc: ['H1=0.0%', 'H2=0.0%', 'H3=9.5%', 'H4=35.8%', 'H5=46.6%', 'H6=53.0%', 'H7=55.6%', 'H8=56.0%', 'H9=56.0%', 'H10=56.0%', 'H11=56.5%', 'H12=57.3%', 'H13=56.9%', 'H14=56.9%', 'H15=56.9%', 'H16=56.9%']
  mean_sigmoid_q_halt: ['0.010', '0.406', '0.301', '0.613', '0.730', '0.820', '0.871', '0.902', '0.910', '0.914', '0.918', '0.926', '0.930', '0.930', '0.930', '0.930']
  halt_rates: ['0.00', '0.08', '0.23', '0.60', '0.73', '0.83', '0.88', '0.91', '0.92', '0.92', '0.92', '0.93', '0.94', '0.94', '0.94', '0.93']
  halt_histogram %: [16.7, 54.1, 10.3, 3.0, 1.6, 1.0, 0.7, 0.6, 0.5, 0.4, 0.3, 0.3, 0.2, 0.2, 0.1, 10.1]
  Avg ACT steps (last 100): 1.82
  saved: /home/jvdillon/projects/sic/code/maze/ckpts/x07a/step03000.pt acc=98.52% (0.057s)
  saved: /home/jvdillon/projects/sic/code/maze/ckpts/x07a/best.pt acc=98.52% (0.140s)
Step  3000  Test 98.52% / 56.30%  Train lm=0.7227±0.0025ϵ[0.7188,0.7344] n_halted=70.5960±12.7731ϵ[27.0000,100.0000]  (27.850s / 175.216s)
  n_active=128.0000±0.0000ϵ[128.0000,128.0000] n_expunged=0.0000±0.0000ϵ[0.0000,0.0000] pool_util=1.0000±0.0000ϵ[1.0000,1.0000]
  cell_acc=98.80%, puzzle_acc=63.10%
  eval_avg_halt_step: 2.73
  per_H_acc: ['H0=50.3%', 'H1=87.5%', 'H2=97.5%']
  H_cos: ['0.773', '0.828']
  z_H_delta: ['21.750', '21.250']
  cells: fixed=[77711, 23511] broken=[21, 2601]
  per_ACT_cell_acc: ['H1=50.3%', 'H2=87.5%', 'H3=97.5%', 'H4=98.4%', 'H5=98.6%', 'H6=98.7%', 'H7=98.7%', 'H8=98.7%', 'H9=98.7%', 'H10=98.7%', 'H11=98.7%', 'H12=98.7%', 'H13=98.7%', 'H14=98.8%', 'H15=98.8%', 'H16=98.7%']
  per_ACT_puzzle_acc: ['H1=0.0%', 'H2=0.0%', 'H3=9.1%', 'H4=40.5%', 'H5=53.0%', 'H6=59.5%', 'H7=62.5%', 'H8=62.9%', 'H9=62.9%', 'H10=62.5%', 'H11=62.5%', 'H12=62.5%', 'H13=62.1%', 'H14=62.1%', 'H15=61.6%', 'H16=61.6%']
  mean_sigmoid_q_halt: ['0.018', '0.161', '0.231', '0.543', '0.715', '0.820', '0.879', '0.910', '0.918', '0.922', '0.926', '0.930', '0.930', '0.930', '0.934', '0.934']
  halt_rates: ['0.00', '0.00', '0.16', '0.53', '0.73', '0.84', '0.91', '0.93', '0.93', '0.93', '0.93', '0.94', '0.94', '0.94', '0.94', '0.95']
  halt_histogram %: [25.7, 51.2, 9.0, 2.4, 1.2, 0.8, 0.5, 0.4, 0.4, 0.3, 0.2, 0.2, 0.1, 0.1, 0.1, 7.3]
  Avg ACT steps (last 100): 1.81
  saved: /home/jvdillon/projects/sic/code/maze/ckpts/x07a/step03500.pt acc=98.80% (0.055s)
  saved: /home/jvdillon/projects/sic/code/maze/ckpts/x07a/best.pt acc=98.80% (0.136s)
Step  3500  Test 98.80% / 63.10%  Train lm=0.7227±0.0020ϵ[0.7188,0.7344] n_halted=78.5180±11.6860ϵ[28.0000,106.0000]  (27.870s / 175.280s)
  n_active=128.0000±0.0000ϵ[128.0000,128.0000] n_expunged=0.0000±0.0000ϵ[0.0000,0.0000] pool_util=1.0000±0.0000ϵ[1.0000,1.0000]
  cell_acc=98.65%, puzzle_acc=55.10%
  eval_avg_halt_step: 2.84
  per_H_acc: ['H0=50.3%', 'H1=89.6%', 'H2=97.9%']
  H_cos: ['0.625', '0.902']
  z_H_delta: ['20.875', '20.125']
  cells: fixed=[83618, 19768] broken=[1675, 2378]
  per_ACT_cell_acc: ['H1=50.3%', 'H2=89.6%', 'H3=97.9%', 'H4=98.3%', 'H5=98.4%', 'H6=98.6%', 'H7=98.6%', 'H8=98.6%', 'H9=98.6%', 'H10=98.6%', 'H11=98.6%', 'H12=98.7%', 'H13=98.7%', 'H14=98.7%', 'H15=98.7%', 'H16=98.7%']
  per_ACT_puzzle_acc: ['H1=0.0%', 'H2=0.0%', 'H3=17.2%', 'H4=34.5%', 'H5=41.4%', 'H6=48.7%', 'H7=50.4%', 'H8=52.6%', 'H9=51.7%', 'H10=52.2%', 'H11=52.6%', 'H12=53.9%', 'H13=53.0%', 'H14=53.0%', 'H15=53.4%', 'H16=53.4%']
  mean_sigmoid_q_halt: ['0.149', '0.570', '0.297', '0.574', '0.672', '0.762', '0.805', '0.828', '0.836', '0.855', '0.863', '0.859', '0.867', '0.879', '0.871', '0.879']
  halt_rates: ['0.00', '0.91', '0.25', '0.58', '0.69', '0.81', '0.82', '0.85', '0.85', '0.88', '0.89', '0.88', '0.89', '0.90', '0.88', '0.89']
  halt_histogram %: [33.4, 47.5, 8.0, 2.0, 1.0, 0.6, 0.4, 0.3, 0.3, 0.2, 0.2, 0.2, 0.1, 0.1, 0.1, 5.6]
  Avg ACT steps (last 100): 1.31
  saved: /home/jvdillon/projects/sic/code/maze/ckpts/x07a/step04000.pt acc=98.65% (0.055s)
Step  4000  Test 98.65% / 55.10%  Train lm=0.7227±0.0020ϵ[0.7188,0.7305] n_halted=85.4080±11.3521ϵ[35.0000,113.0000]  (27.817s / 175.362s)
  n_active=128.0000±0.0000ϵ[128.0000,128.0000] n_expunged=0.0000±0.0000ϵ[0.0000,0.0000] pool_util=1.0000±0.0000ϵ[1.0000,1.0000]
  cell_acc=98.73%, puzzle_acc=63.50%
  eval_avg_halt_step: 2.29
  per_H_acc: ['H0=83.9%', 'H1=88.7%', 'H2=97.9%']
  H_cos: ['0.680', '0.902']
  z_H_delta: ['23.125', '17.875']
  cells: fixed=[10594, 21562] broken=[695, 2277]
  per_ACT_cell_acc: ['H1=83.9%', 'H2=88.7%', 'H3=97.9%', 'H4=98.3%', 'H5=98.5%', 'H6=98.5%', 'H7=98.6%', 'H8=98.5%', 'H9=98.5%', 'H10=98.5%', 'H11=98.5%', 'H12=98.6%', 'H13=98.6%', 'H14=98.6%', 'H15=98.6%', 'H16=98.6%']
  per_ACT_puzzle_acc: ['H1=0.0%', 'H2=0.0%', 'H3=22.0%', 'H4=43.5%', 'H5=53.4%', 'H6=57.3%', 'H7=58.2%', 'H8=58.2%', 'H9=57.8%', 'H10=58.2%', 'H11=58.2%', 'H12=58.2%', 'H13=58.2%', 'H14=58.2%', 'H15=58.2%', 'H16=58.6%']
  mean_sigmoid_q_halt: ['0.095', '0.389', '0.328', '0.602', '0.758', '0.840', '0.891', '0.914', '0.922', '0.926', '0.934', '0.934', '0.938', '0.934', '0.934', '0.934']
  halt_rates: ['0.00', '0.06', '0.26', '0.61', '0.81', '0.89', '0.93', '0.94', '0.94', '0.94', '0.96', '0.94', '0.95', '0.95', '0.95', '0.94']
  halt_histogram %: [40.0, 43.9, 7.1, 1.7, 0.8, 0.5, 0.4, 0.3, 0.2, 0.2, 0.1, 0.1, 0.1, 0.1, 0.1, 4.5]
  Avg ACT steps (last 100): 1.31
  saved: /home/jvdillon/projects/sic/code/maze/ckpts/x07a/step04500.pt acc=98.73% (0.055s)
Step  4500  Test 98.73% / 63.50%  Train lm=0.7227±0.0020ϵ[0.7188,0.7305] n_halted=91.5660±9.9351ϵ[58.0000,113.0000]  (27.803s / 175.356s)
  n_active=128.0000±0.0000ϵ[128.0000,128.0000] n_expunged=0.0000±0.0000ϵ[0.0000,0.0000] pool_util=1.0000±0.0000ϵ[1.0000,1.0000]
  cell_acc=98.82%, puzzle_acc=65.00%
  eval_avg_halt_step: 2.50
  per_H_acc: ['H0=86.6%', 'H1=89.2%', 'H2=98.3%']
  H_cos: ['0.711', '0.902']
  z_H_delta: ['26.500', '20.875']
  cells: fixed=[17372, 20373] broken=[11948, 1492]
  per_ACT_cell_acc: ['H1=86.6%', 'H2=89.2%', 'H3=98.3%', 'H4=98.6%', 'H5=98.8%', 'H6=98.8%', 'H7=98.8%', 'H8=98.8%', 'H9=98.8%', 'H10=98.8%', 'H11=98.8%', 'H12=98.8%', 'H13=98.8%', 'H14=98.8%', 'H15=98.8%', 'H16=98.8%']
  per_ACT_puzzle_acc: ['H1=0.0%', 'H2=0.0%', 'H3=25.4%', 'H4=47.4%', 'H5=56.0%', 'H6=59.9%', 'H7=60.3%', 'H8=62.5%', 'H9=62.9%', 'H10=63.8%', 'H11=64.2%', 'H12=64.2%', 'H13=64.2%', 'H14=64.2%', 'H15=64.2%', 'H16=63.8%']
  mean_sigmoid_q_halt: ['0.121', '0.656', '0.402', '0.676', '0.773', '0.840', '0.867', '0.887', '0.902', '0.914', '0.922', '0.926', '0.930', '0.934', '0.934', '0.938']
  halt_rates: ['0.00', '0.94', '0.35', '0.68', '0.79', '0.85', '0.88', '0.90', '0.91', '0.92', '0.93', '0.94', '0.94', '0.94', '0.94', '0.94']
  halt_histogram %: [45.1, 40.8, 6.4, 1.5, 0.7, 0.4, 0.3, 0.2, 0.2, 0.2, 0.1, 0.1, 0.1, 0.1, 0.1, 3.8]
  Avg ACT steps (last 100): 1.30
  saved: /home/jvdillon/projects/sic/code/maze/ckpts/x07a/step05000.pt acc=98.82% (0.058s)
  saved: /home/jvdillon/projects/sic/code/maze/ckpts/x07a/best.pt acc=98.82% (0.142s)
Step  5000  Test 98.82% / 65.00%  Train lm=0.7227±0.0022ϵ[0.7188,0.7305] n_halted=94.6660±9.7038ϵ[54.0000,113.0000]  (27.898s / 175.307s)
  n_active=128.0000±0.0000ϵ[128.0000,128.0000] n_expunged=0.0000±0.0000ϵ[0.0000,0.0000] pool_util=1.0000±0.0000ϵ[1.0000,1.0000]
  cell_acc=98.76%, puzzle_acc=66.00%
  eval_avg_halt_step: 2.00
  per_H_acc: ['H0=86.8%', 'H1=88.2%', 'H2=98.1%']
  H_cos: ['0.723', '0.895']
  z_H_delta: ['24.125', '20.125']
  cells: fixed=[14422, 22510] broken=[11545, 1753]
  per_ACT_cell_acc: ['H1=86.8%', 'H2=88.2%', 'H3=98.1%', 'H4=98.5%', 'H5=98.6%', 'H6=98.7%', 'H7=98.7%', 'H8=98.7%', 'H9=98.6%', 'H10=98.6%', 'H11=98.6%', 'H12=98.6%', 'H13=98.6%', 'H14=98.6%', 'H15=98.6%', 'H16=98.6%']
  per_ACT_puzzle_acc: ['H1=0.0%', 'H2=0.0%', 'H3=26.3%', 'H4=48.7%', 'H5=59.5%', 'H6=62.5%', 'H7=63.4%', 'H8=63.4%', 'H9=63.8%', 'H10=64.2%', 'H11=64.2%', 'H12=64.2%', 'H13=64.2%', 'H14=64.2%', 'H15=64.2%', 'H16=63.8%']
  mean_sigmoid_q_halt: ['0.373', '0.809', '0.520', '0.715', '0.805', '0.871', '0.902', '0.910', '0.922', '0.926', '0.926', '0.930', '0.930', '0.930', '0.930', '0.934']
  halt_rates: ['0.00', '1.00', '0.49', '0.72', '0.81', '0.89', '0.92', '0.93', '0.94', '0.94', '0.94', '0.94', '0.94', '0.94', '0.94', '0.95']
  halt_histogram %: [50.0, 37.7, 5.8, 1.3, 0.6, 0.4, 0.3, 0.2, 0.2, 0.1, 0.1, 0.1, 0.1, 0.1, 0.0, 3.2]
  Avg ACT steps (last 100): 1.31
  saved: /home/jvdillon/projects/sic/code/maze/ckpts/x07a/step05500.pt acc=98.76% (0.056s)
Step  5500  Test 98.76% / 66.00%  Train lm=0.7227±0.0020ϵ[0.7188,0.7266] n_halted=100.1460±9.0417ϵ[62.0000,117.0000]  (27.811s / 175.416s)
  n_active=128.0000±0.0000ϵ[128.0000,128.0000] n_expunged=0.0000±0.0000ϵ[0.0000,0.0000] pool_util=1.0000±0.0000ϵ[1.0000,1.0000]
  cell_acc=99.02%, puzzle_acc=69.00%
  eval_avg_halt_step: 2.10
  per_H_acc: ['H0=63.2%', 'H1=88.5%', 'H2=98.5%']
  H_cos: ['0.594', '0.887']
  z_H_delta: ['27.375', '20.375']
  cells: fixed=[54033, 22531] broken=[1219, 1606]
  per_ACT_cell_acc: ['H1=63.2%', 'H2=88.5%', 'H3=98.5%', 'H4=98.9%', 'H5=99.0%', 'H6=99.0%', 'H7=99.0%', 'H8=99.0%', 'H9=99.0%', 'H10=99.0%', 'H11=99.0%', 'H12=99.0%', 'H13=99.0%', 'H14=99.0%', 'H15=99.0%', 'H16=99.0%']
  per_ACT_puzzle_acc: ['H1=0.0%', 'H2=0.0%', 'H3=35.3%', 'H4=56.9%', 'H5=64.7%', 'H6=67.7%', 'H7=67.7%', 'H8=66.8%', 'H9=67.2%', 'H10=66.8%', 'H11=65.9%', 'H12=65.9%', 'H13=66.8%', 'H14=66.4%', 'H15=65.9%', 'H16=66.8%']
  mean_sigmoid_q_halt: ['0.135', '0.691', '0.551', '0.793', '0.867', '0.898', '0.906', '0.910', '0.918', '0.922', '0.918', '0.926', '0.930', '0.926', '0.922', '0.926']
  halt_rates: ['0.00', '1.00', '0.50', '0.81', '0.90', '0.92', '0.94', '0.93', '0.94', '0.94', '0.94', '0.95', '0.95', '0.95', '0.95', '0.95']
  halt_histogram %: [53.1, 35.7, 5.3, 1.2, 0.5, 0.3, 0.2, 0.2, 0.1, 0.1, 0.1, 0.1, 0.1, 0.1, 0.0, 2.8]
  Avg ACT steps (last 100): 1.25
  saved: /home/jvdillon/projects/sic/code/maze/ckpts/x07a/step06000.pt acc=99.02% (0.054s)
  saved: /home/jvdillon/projects/sic/code/maze/ckpts/x07a/best.pt acc=99.02% (0.135s)
Step  6000  Test 99.02% / 69.00%  Train lm=0.7227±0.0023ϵ[0.7188,0.7305] n_halted=97.9120±11.4652ϵ[49.0000,118.0000]  (27.884s / 175.340s)
  n_active=128.0000±0.0000ϵ[128.0000,128.0000] n_expunged=0.0000±0.0000ϵ[0.0000,0.0000] pool_util=1.0000±0.0000ϵ[1.0000,1.0000]
  cell_acc=98.93%, puzzle_acc=66.90%
  eval_avg_halt_step: 1.87
  per_H_acc: ['H0=57.8%', 'H1=89.5%', 'H2=98.4%']
  H_cos: ['0.652', '0.887']
  z_H_delta: ['26.250', '21.250']
  cells: fixed=[76473, 20096] broken=[10298, 1556]
  per_ACT_cell_acc: ['H1=57.8%', 'H2=89.5%', 'H3=98.4%', 'H4=98.7%', 'H5=98.8%', 'H6=98.8%', 'H7=98.8%', 'H8=98.8%', 'H9=98.8%', 'H10=98.8%', 'H11=98.8%', 'H12=98.8%', 'H13=98.8%', 'H14=98.8%', 'H15=98.8%', 'H16=98.8%']
  per_ACT_puzzle_acc: ['H1=0.0%', 'H2=0.0%', 'H3=37.9%', 'H4=54.7%', 'H5=59.9%', 'H6=62.5%', 'H7=63.8%', 'H8=63.4%', 'H9=64.2%', 'H10=64.2%', 'H11=64.2%', 'H12=64.2%', 'H13=63.8%', 'H14=63.8%', 'H15=63.8%', 'H16=63.8%']
  mean_sigmoid_q_halt: ['0.373', '0.848', '0.598', '0.805', '0.875', '0.898', '0.914', '0.918', '0.926', '0.930', '0.934', '0.934', '0.934', '0.934', '0.934', '0.934']
  halt_rates: ['0.00', '1.00', '0.57', '0.81', '0.89', '0.91', '0.93', '0.94', '0.94', '0.94', '0.95', '0.94', '0.94', '0.95', '0.94', '0.94']
  halt_histogram %: [56.5, 33.5, 4.9, 1.1, 0.5, 0.3, 0.2, 0.2, 0.1, 0.1, 0.1, 0.1, 0.1, 0.1, 0.0, 2.4]
  Avg ACT steps (last 100): 1.19
  saved: /home/jvdillon/projects/sic/code/maze/ckpts/x07a/step06500.pt acc=98.93% (0.057s)
Step  6500  Test 98.93% / 66.90%  Train lm=0.7188±0.0019ϵ[0.7188,0.7266] n_halted=103.8540±7.1947ϵ[67.0000,117.0000]  (27.807s / 175.409s)
  n_active=128.0000±0.0000ϵ[128.0000,128.0000] n_expunged=0.0000±0.0000ϵ[0.0000,0.0000] pool_util=1.0000±0.0000ϵ[1.0000,1.0000]
  cell_acc=99.01%, puzzle_acc=66.20%
  eval_avg_halt_step: 1.78
  per_H_acc: ['H0=60.5%', 'H1=89.3%', 'H2=98.1%']
  H_cos: ['0.660', '0.879']
  z_H_delta: ['26.125', '20.750']
  cells: fixed=[63047, 20321] broken=[2978, 1919]
  per_ACT_cell_acc: ['H1=60.5%', 'H2=89.3%', 'H3=98.1%', 'H4=98.7%', 'H5=98.8%', 'H6=98.9%', 'H7=98.9%', 'H8=98.9%', 'H9=98.9%', 'H10=98.9%', 'H11=98.9%', 'H12=98.9%', 'H13=98.9%', 'H14=98.9%', 'H15=98.9%', 'H16=98.9%']
  per_ACT_puzzle_acc: ['H1=0.0%', 'H2=0.0%', 'H3=30.2%', 'H4=55.6%', 'H5=64.2%', 'H6=65.9%', 'H7=65.5%', 'H8=65.9%', 'H9=65.9%', 'H10=65.9%', 'H11=65.5%', 'H12=65.5%', 'H13=65.5%', 'H14=65.1%', 'H15=64.7%', 'H16=64.7%']
  mean_sigmoid_q_halt: ['0.150', '0.480', '0.428', '0.754', '0.887', '0.926', '0.941', '0.945', '0.949', '0.953', '0.953', '0.953', '0.961', '0.957', '0.957', '0.961']
  halt_rates: ['0.00', '0.45', '0.38', '0.77', '0.91', '0.96', '0.95', '0.95', '0.96', '0.96', '0.97', '0.96', '0.97', '0.97', '0.97', '0.97']
  halt_histogram %: [58.1, 32.5, 4.7, 1.0, 0.4, 0.3, 0.2, 0.1, 0.1, 0.1, 0.1, 0.1, 0.0, 0.0, 0.0, 2.2]
  Avg ACT steps (last 100): 1.20
  saved: /home/jvdillon/projects/sic/code/maze/ckpts/x07a/step07000.pt acc=99.01% (0.055s)
Step  7000  Test 99.01% / 66.20%  Train lm=0.7227±0.0024ϵ[0.7188,0.7383] n_halted=96.7480±12.2767ϵ[47.0000,120.0000]  (27.820s / 175.396s)
  n_active=128.0000±0.0000ϵ[128.0000,128.0000] n_expunged=0.0000±0.0000ϵ[0.0000,0.0000] pool_util=1.0000±0.0000ϵ[1.0000,1.0000]
  cell_acc=99.09%, puzzle_acc=65.30%
  eval_avg_halt_step: 2.06
  per_H_acc: ['H0=50.3%', 'H1=87.9%', 'H2=98.2%']
  H_cos: ['0.492', '0.812']
  z_H_delta: ['25.875', '23.000']
  cells: fixed=[79141, 23352] broken=[626, 1906]
  per_ACT_cell_acc: ['H1=50.3%', 'H2=87.9%', 'H3=98.2%', 'H4=98.8%', 'H5=99.0%', 'H6=99.0%', 'H7=99.0%', 'H8=99.0%', 'H9=99.0%', 'H10=99.0%', 'H11=99.0%', 'H12=99.0%', 'H13=99.0%', 'H14=99.0%', 'H15=99.0%', 'H16=99.0%']
  per_ACT_puzzle_acc: ['H1=0.0%', 'H2=0.0%', 'H3=24.6%', 'H4=52.2%', 'H5=61.2%', 'H6=64.2%', 'H7=65.9%', 'H8=66.4%', 'H9=65.9%', 'H10=65.5%', 'H11=65.9%', 'H12=65.5%', 'H13=65.5%', 'H14=65.1%', 'H15=65.1%', 'H16=65.1%']
  mean_sigmoid_q_halt: ['0.193', '0.482', '0.334', '0.684', '0.832', '0.902', '0.926', '0.938', '0.941', '0.949', '0.953', '0.953', '0.957', '0.957', '0.957', '0.961']
  halt_rates: ['0.00', '0.38', '0.28', '0.67', '0.84', '0.91', '0.94', '0.94', '0.95', '0.96', '0.97', '0.96', '0.96', '0.97', '0.97', '0.97']
  halt_histogram %: [60.1, 31.1, 4.4, 0.9, 0.4, 0.2, 0.2, 0.1, 0.1, 0.1, 0.1, 0.1, 0.0, 0.0, 0.0, 2.0]
  Avg ACT steps (last 100): 1.20
  saved: /home/jvdillon/projects/sic/code/maze/ckpts/x07a/step07500.pt acc=99.09% (0.055s)
  saved: /home/jvdillon/projects/sic/code/maze/ckpts/x07a/best.pt acc=99.09% (0.140s)
Step  7500  Test 99.09% / 65.30%  Train lm=0.7188±0.0026ϵ[0.7188,0.7461] n_halted=102.0440±12.9017ϵ[11.0000,120.0000]  (27.897s / 175.427s)
  n_active=128.0000±0.0000ϵ[128.0000,128.0000] n_expunged=0.0000±0.0000ϵ[0.0000,0.0000] pool_util=1.0000±0.0000ϵ[1.0000,1.0000]
  cell_acc=99.03%, puzzle_acc=69.20%
  eval_avg_halt_step: 2.18
  per_H_acc: ['H0=82.9%', 'H1=89.7%', 'H2=98.5%']
  H_cos: ['0.770', '0.918']
  z_H_delta: ['24.875', '16.625']
  cells: fixed=[15294, 20047] broken=[1158, 1645]
  per_ACT_cell_acc: ['H1=82.9%', 'H2=89.7%', 'H3=98.5%', 'H4=98.8%', 'H5=98.9%', 'H6=98.9%', 'H7=98.9%', 'H8=98.9%', 'H9=98.9%', 'H10=98.9%', 'H11=98.9%', 'H12=98.9%', 'H13=98.9%', 'H14=98.9%', 'H15=98.9%', 'H16=98.9%']
  per_ACT_puzzle_acc: ['H1=0.0%', 'H2=0.0%', 'H3=36.2%', 'H4=57.8%', 'H5=64.7%', 'H6=66.4%', 'H7=66.8%', 'H8=67.2%', 'H9=67.2%', 'H10=67.2%', 'H11=66.8%', 'H12=66.8%', 'H13=66.4%', 'H14=66.4%', 'H15=66.4%', 'H16=66.8%']
  mean_sigmoid_q_halt: ['0.473', '0.504', '0.426', '0.688', '0.805', '0.840', '0.852', '0.840', '0.816', '0.797', '0.785', '0.770', '0.758', '0.754', '0.758', '0.762']
  halt_rates: ['0.26', '0.53', '0.38', '0.70', '0.86', '0.93', '0.95', '0.94', '0.94', '0.94', '0.93', '0.91', '0.93', '0.91', '0.92', '0.93']
  halt_histogram %: [61.8, 30.0, 4.2, 0.9, 0.4, 0.2, 0.2, 0.1, 0.1, 0.1, 0.1, 0.1, 0.0, 0.0, 0.0, 1.8]
  Avg ACT steps (last 100): 1.28
  saved: /home/jvdillon/projects/sic/code/maze/ckpts/x07a/step08000.pt acc=99.03% (0.055s)
Step  8000  Test 99.03% / 69.20%  Train lm=0.7188±0.0021ϵ[0.7188,0.7305] n_halted=102.1240±9.7841ϵ[55.0000,118.0000]  (27.817s / 175.402s)
  n_active=128.0000±0.0000ϵ[128.0000,128.0000] n_expunged=0.0000±0.0000ϵ[0.0000,0.0000] pool_util=1.0000±0.0000ϵ[1.0000,1.0000]
  cell_acc=99.17%, puzzle_acc=69.90%
  eval_avg_halt_step: 2.16
  per_H_acc: ['H0=60.5%', 'H1=90.7%', 'H2=98.5%']
  H_cos: ['0.582', '0.902']
  z_H_delta: ['25.625', '17.750']
  cells: fixed=[66162, 17886] broken=[2991, 1564]
  per_ACT_cell_acc: ['H1=60.5%', 'H2=90.7%', 'H3=98.5%', 'H4=98.9%', 'H5=99.0%', 'H6=99.1%', 'H7=99.2%', 'H8=99.2%', 'H9=99.1%', 'H10=99.1%', 'H11=99.2%', 'H12=99.2%', 'H13=99.2%', 'H14=99.1%', 'H15=99.2%', 'H16=99.1%']
  per_ACT_puzzle_acc: ['H1=0.0%', 'H2=0.0%', 'H3=40.5%', 'H4=62.1%', 'H5=69.0%', 'H6=71.6%', 'H7=74.1%', 'H8=74.1%', 'H9=73.7%', 'H10=74.1%', 'H11=74.1%', 'H12=74.1%', 'H13=73.7%', 'H14=72.8%', 'H15=73.3%', 'H16=72.8%']
  mean_sigmoid_q_halt: ['0.297', '0.229', '0.531', '0.742', '0.820', '0.859', '0.887', '0.902', '0.906', '0.910', '0.910', '0.914', '0.918', '0.910', '0.918', '0.914']
  halt_rates: ['0.00', '0.01', '0.47', '0.75', '0.84', '0.88', '0.91', '0.92', '0.93', '0.92', '0.92', '0.93', '0.94', '0.93', '0.93', '0.93']
  halt_histogram %: [63.4, 28.9, 4.0, 0.8, 0.3, 0.2, 0.1, 0.1, 0.1, 0.1, 0.1, 0.1, 0.0, 0.0, 0.0, 1.7]
  Avg ACT steps (last 100): 1.15
  saved: /home/jvdillon/projects/sic/code/maze/ckpts/x07a/step08500.pt acc=99.17% (0.055s)
  saved: /home/jvdillon/projects/sic/code/maze/ckpts/x07a/best.pt acc=99.17% (0.141s)
Step  8500  Test 99.17% / 69.90%  Train lm=0.7188±0.0027ϵ[0.7188,0.7422] n_halted=104.2880±12.2452ϵ[7.0000,120.0000]  (27.912s / 175.323s)
  n_active=128.0000±0.0000ϵ[128.0000,128.0000] n_expunged=0.0000±0.0000ϵ[0.0000,0.0000] pool_util=1.0000±0.0000ϵ[1.0000,1.0000]
  cell_acc=99.07%, puzzle_acc=68.80%
  eval_avg_halt_step: 1.64
  per_H_acc: ['H0=52.1%', 'H1=89.8%', 'H2=98.4%']
  H_cos: ['0.680', '0.887']
  z_H_delta: ['26.375', '20.125']
  cells: fixed=[80166, 19770] broken=[1480, 1754]
  per_ACT_cell_acc: ['H1=52.1%', 'H2=89.8%', 'H3=98.4%', 'H4=98.8%', 'H5=98.9%', 'H6=99.0%', 'H7=99.0%', 'H8=99.0%', 'H9=99.0%', 'H10=99.0%', 'H11=99.0%', 'H12=99.0%', 'H13=99.0%', 'H14=99.0%', 'H15=99.0%', 'H16=99.0%']
  per_ACT_puzzle_acc: ['H1=0.0%', 'H2=0.0%', 'H3=35.3%', 'H4=59.5%', 'H5=65.5%', 'H6=68.5%', 'H7=69.0%', 'H8=69.4%', 'H9=69.4%', 'H10=69.4%', 'H11=69.4%', 'H12=69.4%', 'H13=69.4%', 'H14=69.4%', 'H15=69.4%', 'H16=69.0%']
  mean_sigmoid_q_halt: ['0.621', '0.895', '0.562', '0.773', '0.883', '0.930', '0.953', '0.965', '0.969', '0.977', '0.977', '0.980', '0.980', '0.980', '0.980', '0.980']
  halt_rates: ['0.95', '1.00', '0.52', '0.78', '0.91', '0.95', '0.96', '0.97', '0.97', '0.98', '0.98', '0.98', '0.98', '0.98', '0.98', '0.98']
  halt_histogram %: [65.0, 27.7, 3.8, 0.8, 0.3, 0.2, 0.1, 0.1, 0.1, 0.1, 0.1, 0.0, 0.0, 0.0, 0.0, 1.5]
  Avg ACT steps (last 100): 1.20
  saved: /home/jvdillon/projects/sic/code/maze/ckpts/x07a/step09000.pt acc=99.07% (0.055s)
Step  9000  Test 99.07% / 68.80%  Train lm=0.7188±0.0027ϵ[0.7188,0.7539] n_halted=106.6940±11.1480ϵ[1.0000,120.0000]  (27.832s / 175.369s)
  n_active=128.0000±0.0000ϵ[128.0000,128.0000] n_expunged=0.0000±0.0000ϵ[0.0000,0.0000] pool_util=1.0000±0.0000ϵ[1.0000,1.0000]
  cell_acc=98.92%, puzzle_acc=66.20%
  eval_avg_halt_step: 1.42
  per_H_acc: ['H0=64.5%', 'H1=90.2%', 'H2=98.7%']
  H_cos: ['0.543', '0.926']
  z_H_delta: ['27.125', '17.500']
  cells: fixed=[63047, 19103] broken=[9406, 1396]
  per_ACT_cell_acc: ['H1=64.5%', 'H2=90.2%', 'H3=98.7%', 'H4=98.9%', 'H5=99.0%', 'H6=99.0%', 'H7=98.9%', 'H8=98.9%', 'H9=98.9%', 'H10=98.9%', 'H11=98.9%', 'H12=98.9%', 'H13=98.9%', 'H14=98.9%', 'H15=98.9%', 'H16=98.9%']
  per_ACT_puzzle_acc: ['H1=0.0%', 'H2=0.0%', 'H3=41.4%', 'H4=62.5%', 'H5=66.4%', 'H6=66.8%', 'H7=66.4%', 'H8=67.2%', 'H9=67.2%', 'H10=67.7%', 'H11=67.2%', 'H12=65.9%', 'H13=66.4%', 'H14=66.4%', 'H15=66.8%', 'H16=66.8%']
  mean_sigmoid_q_halt: ['0.504', '0.867', '0.699', '0.883', '0.941', '0.961', '0.969', '0.980', '0.980', '0.980', '0.977', '0.977', '0.980', '0.980', '0.980', '0.980']
  halt_rates: ['0.50', '1.00', '0.72', '0.90', '0.95', '0.97', '0.97', '0.99', '0.98', '0.98', '0.98', '0.98', '0.98', '0.98', '0.98', '0.98']
  halt_histogram %: [66.3, 26.8, 3.7, 0.8, 0.3, 0.2, 0.1, 0.1, 0.1, 0.1, 0.1, 0.0, 0.0, 0.0, 0.0, 1.4]
  Avg ACT steps (last 100): 1.14
  saved: /home/jvdillon/projects/sic/code/maze/ckpts/x07a/step09500.pt acc=98.92% (0.055s)
Step  9500  Test 98.92% / 66.20%  Train lm=0.7188±0.0022ϵ[0.7188,0.7461] n_halted=107.4620±8.9203ϵ[15.0000,120.0000]  (27.833s / 175.394s)
  n_active=128.0000±0.0000ϵ[128.0000,128.0000] n_expunged=0.0000±0.0000ϵ[0.0000,0.0000] pool_util=1.0000±0.0000ϵ[1.0000,1.0000]
  cell_acc=98.96%, puzzle_acc=66.20%
  eval_avg_halt_step: 2.05
  per_H_acc: ['H0=87.4%', 'H1=69.7%', 'H2=98.8%']
  H_cos: ['0.490', '0.754']
  z_H_delta: ['27.375', '22.375']
  cells: fixed=[26051, 62179] broken=[62962, 1432]
  per_ACT_cell_acc: ['H1=87.4%', 'H2=69.7%', 'H3=98.8%', 'H4=99.0%', 'H5=99.1%', 'H6=99.1%', 'H7=99.1%', 'H8=99.1%', 'H9=99.1%', 'H10=99.1%', 'H11=99.1%', 'H12=99.1%', 'H13=99.1%', 'H14=99.1%', 'H15=99.1%', 'H16=99.1%']
  per_ACT_puzzle_acc: ['H1=0.0%', 'H2=0.0%', 'H3=37.1%', 'H4=63.8%', 'H5=70.3%', 'H6=71.6%', 'H7=72.8%', 'H8=72.0%', 'H9=72.0%', 'H10=71.1%', 'H11=71.1%', 'H12=71.1%', 'H13=70.7%', 'H14=69.8%', 'H15=69.0%', 'H16=69.4%']
  mean_sigmoid_q_halt: ['0.727', '0.590', '0.512', '0.766', '0.852', '0.898', '0.906', '0.914', '0.918', '0.910', '0.906', '0.898', '0.895', '0.891', '0.898', '0.895']
  halt_rates: ['0.99', '0.72', '0.47', '0.78', '0.89', '0.92', '0.93', '0.93', '0.93', '0.93', '0.93', '0.91', '0.91', '0.91', '0.92', '0.91']
  halt_histogram %: [67.6, 25.9, 3.5, 0.7, 0.3, 0.2, 0.1, 0.1, 0.1, 0.1, 0.0, 0.0, 0.0, 0.0, 0.0, 1.3]
  Avg ACT steps (last 100): 1.18
  saved: /home/jvdillon/projects/sic/code/maze/ckpts/x07a/step10000.pt acc=98.96% (0.055s)
Step 10000  Test 98.96% / 66.20%  Train lm=0.7188±0.0018ϵ[0.7188,0.7305] n_halted=108.3680±7.3042ϵ[50.0000,121.0000]  (27.808s / 175.400s)
  n_active=128.0000±0.0000ϵ[128.0000,128.0000] n_expunged=0.0000±0.0000ϵ[0.0000,0.0000] pool_util=1.0000±0.0000ϵ[1.0000,1.0000]
  cell_acc=99.21%, puzzle_acc=73.90%
  eval_avg_halt_step: 2.05
  per_H_acc: ['H0=87.5%', 'H1=92.9%', 'H2=98.9%']
  H_cos: ['0.801', '0.941']
  z_H_delta: ['25.000', '16.750']
  cells: fixed=[20994, 13606] broken=[9716, 1033]
  per_ACT_cell_acc: ['H1=87.5%', 'H2=92.9%', 'H3=98.9%', 'H4=99.1%', 'H5=99.1%', 'H6=99.2%', 'H7=99.2%', 'H8=99.2%', 'H9=99.2%', 'H10=99.2%', 'H11=99.2%', 'H12=99.2%', 'H13=99.2%', 'H14=99.2%', 'H15=99.2%', 'H16=99.2%']
  per_ACT_puzzle_acc: ['H1=0.0%', 'H2=0.0%', 'H3=43.5%', 'H4=64.2%', 'H5=70.7%', 'H6=73.7%', 'H7=73.7%', 'H8=73.3%', 'H9=73.7%', 'H10=73.7%', 'H11=73.7%', 'H12=73.7%', 'H13=74.6%', 'H14=74.1%', 'H15=74.1%', 'H16=73.7%']
  mean_sigmoid_q_halt: ['0.680', '0.236', '0.590', '0.684', '0.805', '0.859', '0.883', '0.898', '0.906', '0.906', '0.914', '0.914', '0.918', '0.922', '0.922', '0.926']
  halt_rates: ['1.00', '0.00', '0.58', '0.69', '0.83', '0.88', '0.90', '0.91', '0.92', '0.91', '0.92', '0.92', '0.92', '0.92', '0.93', '0.93']
  halt_histogram %: [68.4, 25.3, 3.4, 0.7, 0.3, 0.2, 0.1, 0.1, 0.1, 0.1, 0.0, 0.0, 0.0, 0.0, 0.0, 1.3]
  Avg ACT steps (last 100): 1.13
  saved: /home/jvdillon/projects/sic/code/maze/ckpts/x07a/step10500.pt acc=99.21% (0.057s)
  saved: /home/jvdillon/projects/sic/code/maze/ckpts/x07a/best.pt acc=99.21% (0.143s)
Step 10500  Test 99.21% / 73.90%  Train lm=0.7188±0.0019ϵ[0.7188,0.7305] n_halted=104.4280±11.4893ϵ[38.0000,122.0000]  (27.899s / 175.386s)
  n_active=128.0000±0.0000ϵ[128.0000,128.0000] n_expunged=0.0000±0.0000ϵ[0.0000,0.0000] pool_util=1.0000±0.0000ϵ[1.0000,1.0000]
  cell_acc=99.13%, puzzle_acc=73.40%
  eval_avg_halt_step: 1.31
  per_H_acc: ['H0=86.4%', 'H1=89.5%', 'H2=98.9%']
  H_cos: ['0.734', '0.859']
  z_H_delta: ['26.125', '23.000']
  cells: fixed=[22520, 20663] broken=[16035, 1033]
  per_ACT_cell_acc: ['H1=86.4%', 'H2=89.5%', 'H3=98.9%', 'H4=99.0%', 'H5=99.1%', 'H6=99.1%', 'H7=99.1%', 'H8=99.1%', 'H9=99.1%', 'H10=99.1%', 'H11=99.1%', 'H12=99.1%', 'H13=99.1%', 'H14=99.1%', 'H15=99.1%', 'H16=99.1%']
  per_ACT_puzzle_acc: ['H1=0.0%', 'H2=0.0%', 'H3=53.0%', 'H4=67.7%', 'H5=71.1%', 'H6=71.6%', 'H7=72.8%', 'H8=72.8%', 'H9=72.8%', 'H10=72.8%', 'H11=72.8%', 'H12=72.8%', 'H13=72.8%', 'H14=73.3%', 'H15=73.3%', 'H16=72.8%']
  mean_sigmoid_q_halt: ['0.613', '0.918', '0.805', '0.914', '0.938', '0.949', '0.961', '0.965', '0.965', '0.973', '0.977', '0.977', '0.977', '0.977', '0.980', '0.977']
  halt_rates: ['0.97', '1.00', '0.80', '0.93', '0.95', '0.95', '0.97', '0.97', '0.97', '0.98', '0.98', '0.98', '0.98', '0.98', '0.99', '0.99']
  halt_histogram %: [69.3, 24.6, 3.3, 0.7, 0.3, 0.2, 0.1, 0.1, 0.1, 0.1, 0.0, 0.0, 0.0, 0.0, 0.0, 1.2]
  Avg ACT steps (last 100): 1.14
  saved: /home/jvdillon/projects/sic/code/maze/ckpts/x07a/step11000.pt acc=99.13% (0.056s)
Step 11000  Test 99.13% / 73.40%  Train lm=0.7188±0.0023ϵ[0.7188,0.7461] n_halted=106.5620±10.0237ϵ[23.0000,123.0000]  (27.822s / 175.346s)
  n_active=128.0000±0.0000ϵ[128.0000,128.0000] n_expunged=0.0000±0.0000ϵ[0.0000,0.0000] pool_util=1.0000±0.0000ϵ[1.0000,1.0000]
  cell_acc=99.13%, puzzle_acc=71.80%
  eval_avg_halt_step: 1.75
  per_H_acc: ['H0=73.6%', 'H1=91.3%', 'H2=98.8%']
  H_cos: ['0.551', '0.926']
  z_H_delta: ['26.750', '16.875']
  cells: fixed=[50979, 16812] broken=[14118, 1020]
  per_ACT_cell_acc: ['H1=73.6%', 'H2=91.3%', 'H3=98.8%', 'H4=99.1%', 'H5=99.1%', 'H6=99.1%', 'H7=99.1%', 'H8=99.1%', 'H9=99.1%', 'H10=99.1%', 'H11=99.1%', 'H12=99.1%', 'H13=99.1%', 'H14=99.1%', 'H15=99.1%', 'H16=99.1%']
  per_ACT_puzzle_acc: ['H1=0.0%', 'H2=0.0%', 'H3=49.6%', 'H4=65.1%', 'H5=69.8%', 'H6=70.7%', 'H7=70.7%', 'H8=70.7%', 'H9=70.7%', 'H10=71.6%', 'H11=71.6%', 'H12=71.6%', 'H13=71.1%', 'H14=71.1%', 'H15=71.1%', 'H16=71.1%']
  mean_sigmoid_q_halt: ['0.387', '0.115', '0.598', '0.812', '0.883', '0.906', '0.922', '0.922', '0.934', '0.941', '0.945', '0.945', '0.941', '0.941', '0.945', '0.945']
  halt_rates: ['0.00', '0.00', '0.63', '0.84', '0.91', '0.92', '0.94', '0.93', '0.95', '0.95', '0.95', '0.96', '0.95', '0.95', '0.95', '0.94']
  halt_histogram %: [70.1, 24.1, 3.2, 0.6, 0.3, 0.1, 0.1, 0.1, 0.1, 0.0, 0.0, 0.0, 0.0, 0.0, 0.0, 1.1]
  Avg ACT steps (last 100): 1.10
  saved: /home/jvdillon/projects/sic/code/maze/ckpts/x07a/step11500.pt acc=99.13% (0.056s)
Step 11500  Test 99.13% / 71.80%  Train lm=0.7188±0.0027ϵ[0.7188,0.7461] n_halted=105.2500±13.5710ϵ[17.0000,122.0000]  (27.817s / 175.295s)
  n_active=128.0000±0.0000ϵ[128.0000,128.0000] n_expunged=0.0000±0.0000ϵ[0.0000,0.0000] pool_util=1.0000±0.0000ϵ[1.0000,1.0000]
  cell_acc=99.17%, puzzle_acc=69.50%
  eval_avg_halt_step: 1.43
  per_H_acc: ['H0=69.7%', 'H1=62.2%', 'H2=98.9%']
  H_cos: ['0.239', '0.605']
  z_H_delta: ['28.250', '25.000']
  cells: fixed=[63164, 77695] broken=[78837, 1065]
  per_ACT_cell_acc: ['H1=69.7%', 'H2=62.2%', 'H3=98.9%', 'H4=99.0%', 'H5=99.2%', 'H6=99.2%', 'H7=99.2%', 'H8=99.2%', 'H9=99.2%', 'H10=99.2%', 'H11=99.2%', 'H12=99.2%', 'H13=99.2%', 'H14=99.2%', 'H15=99.2%', 'H16=99.2%']
  per_ACT_puzzle_acc: ['H1=0.0%', 'H2=0.0%', 'H3=47.8%', 'H4=62.1%', 'H5=72.4%', 'H6=73.3%', 'H7=73.7%', 'H8=73.7%', 'H9=73.7%', 'H10=73.7%', 'H11=74.1%', 'H12=73.7%', 'H13=73.7%', 'H14=73.3%', 'H15=72.8%', 'H16=72.4%']
  mean_sigmoid_q_halt: ['0.594', '0.680', '0.668', '0.863', '0.934', '0.953', '0.965', '0.973', '0.977', '0.980', '0.980', '0.984', '0.988', '0.988', '0.988', '0.988']
  halt_rates: ['0.98', '0.94', '0.67', '0.89', '0.96', '0.97', '0.98', '0.98', '0.99', '0.99', '0.99', '1.00', '1.00', '1.00', '1.00', '1.00']
  halt_histogram %: [70.8, 23.6, 3.1, 0.6, 0.2, 0.1, 0.1, 0.1, 0.1, 0.0, 0.0, 0.0, 0.0, 0.0, 0.0, 1.1]
  Avg ACT steps (last 100): 1.15
  saved: /home/jvdillon/projects/sic/code/maze/ckpts/x07a/step12000.pt acc=99.17% (0.056s)
Step 12000  Test 99.17% / 69.50%  Train lm=0.7188±0.0018ϵ[0.7188,0.7383] n_halted=107.4420±6.3759ϵ[74.0000,121.0000]  (27.826s / 175.326s)
  n_active=128.0000±0.0000ϵ[128.0000,128.0000] n_expunged=0.0000±0.0000ϵ[0.0000,0.0000] pool_util=1.0000±0.0000ϵ[1.0000,1.0000]
  cell_acc=99.06%, puzzle_acc=68.30%
  eval_avg_halt_step: 1.33
  per_H_acc: ['H0=50.9%', 'H1=92.8%', 'H2=98.9%']
  H_cos: ['0.484', '0.922']
  z_H_delta: ['28.625', '19.000']
  cells: fixed=[99625, 13621] broken=[12207, 890]
  per_ACT_cell_acc: ['H1=50.9%', 'H2=92.8%', 'H3=98.9%', 'H4=99.0%', 'H5=99.0%', 'H6=99.0%', 'H7=99.0%', 'H8=99.0%', 'H9=99.0%', 'H10=99.0%', 'H11=99.0%', 'H12=99.0%', 'H13=99.0%', 'H14=99.0%', 'H15=99.0%', 'H16=99.0%']
  per_ACT_puzzle_acc: ['H1=0.0%', 'H2=0.0%', 'H3=58.6%', 'H4=67.2%', 'H5=68.5%', 'H6=68.5%', 'H7=68.5%', 'H8=68.5%', 'H9=68.5%', 'H10=69.0%', 'H11=68.5%', 'H12=68.5%', 'H13=68.5%', 'H14=68.5%', 'H15=67.7%', 'H16=67.7%']
  mean_sigmoid_q_halt: ['0.512', '0.637', '0.777', '0.922', '0.957', '0.973', '0.973', '0.977', '0.977', '0.980', '0.980', '0.977', '0.973', '0.977', '0.977', '0.973']
  halt_rates: ['0.56', '0.86', '0.78', '0.92', '0.96', '0.98', '0.98', '0.98', '0.98', '0.98', '0.98', '0.98', '0.97', '0.98', '0.98', '0.97']
  halt_histogram %: [71.2, 23.3, 3.1, 0.6, 0.2, 0.1, 0.1, 0.1, 0.1, 0.0, 0.0, 0.0, 0.0, 0.0, 0.0, 1.0]
  Avg ACT steps (last 100): 1.08
  saved: /home/jvdillon/projects/sic/code/maze/ckpts/x07a/step12500.pt acc=99.06% (0.055s)
Step 12500  Test 99.06% / 68.30%  Train lm=0.7188±0.0019ϵ[0.7188,0.7266] n_halted=104.1120±11.1124ϵ[50.0000,120.0000]  (27.843s / 175.335s)
  n_active=128.0000±0.0000ϵ[128.0000,128.0000] n_expunged=0.0000±0.0000ϵ[0.0000,0.0000] pool_util=1.0000±0.0000ϵ[1.0000,1.0000]
  cell_acc=99.24%, puzzle_acc=77.10%
  eval_avg_halt_step: 1.44
  per_H_acc: ['H0=87.5%', 'H1=91.4%', 'H2=98.9%']
  H_cos: ['0.855', '0.945']
  z_H_delta: ['25.875', '15.500']
  cells: fixed=[14171, 16671] broken=[6031, 1069]
  per_ACT_cell_acc: ['H1=87.5%', 'H2=91.4%', 'H3=98.9%', 'H4=99.1%', 'H5=99.2%', 'H6=99.2%', 'H7=99.2%', 'H8=99.2%', 'H9=99.2%', 'H10=99.2%', 'H11=99.2%', 'H12=99.2%', 'H13=99.2%', 'H14=99.2%', 'H15=99.2%', 'H16=99.2%']
  per_ACT_puzzle_acc: ['H1=0.0%', 'H2=0.0%', 'H3=50.9%', 'H4=68.5%', 'H5=73.3%', 'H6=75.4%', 'H7=75.0%', 'H8=74.6%', 'H9=74.6%', 'H10=74.6%', 'H11=74.6%', 'H12=74.6%', 'H13=74.6%', 'H14=74.6%', 'H15=74.6%', 'H16=74.6%']
  mean_sigmoid_q_halt: ['0.883', '0.930', '0.734', '0.871', '0.914', '0.938', '0.941', '0.941', '0.941', '0.941', '0.938', '0.938', '0.938', '0.938', '0.938', '0.938']
  halt_rates: ['1.00', '1.00', '0.72', '0.90', '0.94', '0.97', '0.97', '0.98', '0.98', '0.98', '0.97', '0.97', '0.97', '0.97', '0.97', '0.97']
  halt_histogram %: [71.9, 22.8, 3.0, 0.6, 0.2, 0.1, 0.1, 0.1, 0.1, 0.0, 0.0, 0.0, 0.0, 0.0, 0.0, 1.0]
  Avg ACT steps (last 100): 1.21
  saved: /home/jvdillon/projects/sic/code/maze/ckpts/x07a/step13000.pt acc=99.24% (0.056s)
  saved: /home/jvdillon/projects/sic/code/maze/ckpts/x07a/best.pt acc=99.24% (0.145s)
Step 13000  Test 99.24% / 77.10%  Train lm=0.7188±0.0016ϵ[0.7188,0.7266] n_halted=108.8120±8.0582ϵ[6.0000,122.0000]  (27.927s / 175.385s)
  n_active=128.0000±0.0000ϵ[128.0000,128.0000] n_expunged=0.0000±0.0000ϵ[0.0000,0.0000] pool_util=1.0000±0.0000ϵ[1.0000,1.0000]
  cell_acc=99.22%, puzzle_acc=73.30%
  eval_avg_halt_step: 1.58
  per_H_acc: ['H0=86.1%', 'H1=92.2%', 'H2=99.0%']
  H_cos: ['0.840', '0.945']
  z_H_delta: ['25.250', '16.125']
  cells: fixed=[23711, 15174] broken=[11019, 821]
  per_ACT_cell_acc: ['H1=86.1%', 'H2=92.2%', 'H3=99.0%', 'H4=99.1%', 'H5=99.2%', 'H6=99.2%', 'H7=99.2%', 'H8=99.3%', 'H9=99.3%', 'H10=99.3%', 'H11=99.3%', 'H12=99.3%', 'H13=99.3%', 'H14=99.3%', 'H15=99.3%', 'H16=99.3%']
  per_ACT_puzzle_acc: ['H1=0.0%', 'H2=0.0%', 'H3=55.6%', 'H4=69.4%', 'H5=73.7%', 'H6=75.4%', 'H7=76.3%', 'H8=76.7%', 'H9=76.3%', 'H10=76.3%', 'H11=76.3%', 'H12=76.3%', 'H13=76.7%', 'H14=77.2%', 'H15=76.7%', 'H16=76.3%']
  mean_sigmoid_q_halt: ['0.844', '0.389', '0.695', '0.844', '0.891', '0.914', '0.922', '0.922', '0.930', '0.934', '0.934', '0.930', '0.934', '0.934', '0.934', '0.934']
  halt_rates: ['1.00', '0.12', '0.68', '0.84', '0.91', '0.94', '0.94', '0.95', '0.96', '0.97', '0.96', '0.96', '0.97', '0.97', '0.97', '0.97']
  halt_histogram %: [72.4, 22.5, 2.9, 0.6, 0.2, 0.1, 0.1, 0.1, 0.1, 0.0, 0.0, 0.0, 0.0, 0.0, 0.0, 0.9]
  Avg ACT steps (last 100): 1.14
  saved: /home/jvdillon/projects/sic/code/maze/ckpts/x07a/step13500.pt acc=99.22% (0.056s)
Step 13500  Test 99.22% / 73.30%  Train lm=0.7188±0.0020ϵ[0.7188,0.7305] n_halted=106.3860±10.4253ϵ[42.0000,120.0000]  (27.818s / 175.393s)
  n_active=128.0000±0.0000ϵ[128.0000,128.0000] n_expunged=0.0000±0.0000ϵ[0.0000,0.0000] pool_util=1.0000±0.0000ϵ[1.0000,1.0000]
  cell_acc=99.10%, puzzle_acc=68.80%
  eval_avg_halt_step: 1.30
  per_H_acc: ['H0=50.1%', 'H1=83.1%', 'H2=98.8%']
  H_cos: ['0.457', '0.816']
  z_H_delta: ['28.125', '20.750']
  cells: fixed=[101271, 33799] broken=[32386, 1126]
  per_ACT_cell_acc: ['H1=50.1%', 'H2=83.1%', 'H3=98.8%', 'H4=99.1%', 'H5=99.1%', 'H6=99.1%', 'H7=99.1%', 'H8=99.1%', 'H9=99.1%', 'H10=99.1%', 'H11=99.1%', 'H12=99.1%', 'H13=99.1%', 'H14=99.1%', 'H15=99.1%', 'H16=99.1%']
  per_ACT_puzzle_acc: ['H1=0.0%', 'H2=0.0%', 'H3=48.7%', 'H4=72.0%', 'H5=73.7%', 'H6=74.1%', 'H7=74.1%', 'H8=74.1%', 'H9=74.1%', 'H10=74.1%', 'H11=74.1%', 'H12=74.1%', 'H13=74.1%', 'H14=74.1%', 'H15=74.1%', 'H16=74.1%']
  mean_sigmoid_q_halt: ['0.871', '0.898', '0.777', '0.938', '0.977', '0.988', '0.988', '0.988', '0.988', '0.988', '0.988', '0.988', '0.988', '0.988', '0.988', '0.988']
  halt_rates: ['1.00', '1.00', '0.80', '0.94', '0.99', '1.00', '1.00', '1.00', '1.00', '1.00', '1.00', '1.00', '1.00', '1.00', '1.00', '1.00']
  halt_histogram %: [73.0, 22.0, 2.9, 0.5, 0.2, 0.1, 0.1, 0.1, 0.1, 0.0, 0.0, 0.0, 0.0, 0.0, 0.0, 0.9]
  Avg ACT steps (last 100): 1.28
  saved: /home/jvdillon/projects/sic/code/maze/ckpts/x07a/step14000.pt acc=99.10% (0.054s)
Step 14000  Test 99.10% / 68.80%  Train lm=0.7188±0.0014ϵ[0.7188,0.7266] n_halted=109.4940±6.9814ϵ[38.0000,121.0000]  (27.829s / 175.331s)
  n_active=128.0000±0.0000ϵ[128.0000,128.0000] n_expunged=0.0000±0.0000ϵ[0.0000,0.0000] pool_util=1.0000±0.0000ϵ[1.0000,1.0000]
  cell_acc=98.97%, puzzle_acc=67.90%
  eval_avg_halt_step: 1.65
  per_H_acc: ['H0=51.7%', 'H1=91.7%', 'H2=98.8%']
  H_cos: ['0.547', '0.879']
  z_H_delta: ['27.875', '19.875']
  cells: fixed=[89144, 16033] broken=[5662, 1116]
  per_ACT_cell_acc: ['H1=51.7%', 'H2=91.7%', 'H3=98.8%', 'H4=98.9%', 'H5=98.9%', 'H6=98.9%', 'H7=98.9%', 'H8=98.9%', 'H9=98.9%', 'H10=98.9%', 'H11=98.9%', 'H12=98.9%', 'H13=98.9%', 'H14=98.9%', 'H15=98.9%', 'H16=98.9%']
  per_ACT_puzzle_acc: ['H1=0.0%', 'H2=0.0%', 'H3=53.4%', 'H4=65.5%', 'H5=67.2%', 'H6=67.2%', 'H7=66.8%', 'H8=66.8%', 'H9=66.8%', 'H10=67.2%', 'H11=67.2%', 'H12=67.2%', 'H13=67.2%', 'H14=67.2%', 'H15=67.2%', 'H16=67.2%']
  mean_sigmoid_q_halt: ['0.812', '0.758', '0.707', '0.887', '0.934', '0.945', '0.945', '0.949', '0.953', '0.957', '0.957', '0.957', '0.957', '0.957', '0.957', '0.957']
  halt_rates: ['1.00', '0.97', '0.70', '0.91', '0.95', '0.96', '0.97', '0.97', '0.97', '0.98', '0.98', '0.98', '0.98', '0.98', '0.98', '0.98']
  halt_histogram %: [73.4, 21.8, 2.8, 0.5, 0.2, 0.1, 0.1, 0.1, 0.1, 0.0, 0.0, 0.0, 0.0, 0.0, 0.0, 0.8]
  Avg ACT steps (last 100): 1.12
  saved: /home/jvdillon/projects/sic/code/maze/ckpts/x07a/step14500.pt acc=98.97% (0.055s)
Step 14500  Test 98.97% / 67.90%  Train lm=0.7188±0.0026ϵ[0.7188,0.7500] n_halted=105.7100±12.6750ϵ[5.0000,124.0000]  (27.839s / 175.351s)
  n_active=128.0000±0.0000ϵ[128.0000,128.0000] n_expunged=0.0000±0.0000ϵ[0.0000,0.0000] pool_util=1.0000±0.0000ϵ[1.0000,1.0000]
  cell_acc=98.84%, puzzle_acc=63.10%
  eval_avg_halt_step: 1.73
  per_H_acc: ['H0=75.7%', 'H1=77.5%', 'H2=98.5%']
  H_cos: ['0.520', '0.762']
  z_H_delta: ['28.375', '22.500']
  cells: fixed=[48506, 45245] broken=[44692, 1468]
  per_ACT_cell_acc: ['H1=75.7%', 'H2=77.5%', 'H3=98.5%', 'H4=98.8%', 'H5=98.9%', 'H6=98.9%', 'H7=98.9%', 'H8=98.9%', 'H9=98.9%', 'H10=98.9%', 'H11=98.9%', 'H12=98.9%', 'H13=98.9%', 'H14=98.9%', 'H15=98.9%', 'H16=98.9%']
  per_ACT_puzzle_acc: ['H1=0.0%', 'H2=0.0%', 'H3=42.2%', 'H4=61.2%', 'H5=66.8%', 'H6=69.0%', 'H7=69.8%', 'H8=69.8%', 'H9=69.8%', 'H10=69.8%', 'H11=69.8%', 'H12=69.0%', 'H13=68.5%', 'H14=68.5%', 'H15=68.5%', 'H16=68.1%']
  mean_sigmoid_q_halt: ['0.773', '0.621', '0.574', '0.840', '0.914', '0.930', '0.938', '0.941', '0.945', '0.941', '0.938', '0.938', '0.934', '0.934', '0.938', '0.941']
  halt_rates: ['1.00', '1.00', '0.50', '0.84', '0.92', '0.95', '0.95', '0.95', '0.95', '0.95', '0.95', '0.94', '0.94', '0.95', '0.95', '0.96']
  halt_histogram %: [74.0, 21.3, 2.7, 0.5, 0.2, 0.1, 0.1, 0.1, 0.0, 0.0, 0.0, 0.0, 0.0, 0.0, 0.0, 0.8]
  Avg ACT steps (last 100): 1.23
  saved: /home/jvdillon/projects/sic/code/maze/ckpts/x07a/step15000.pt acc=98.84% (0.054s)
Step 15000  Test 98.84% / 63.10%  Train lm=0.7188±0.0011ϵ[0.7188,0.7266] n_halted=110.9480±5.5025ϵ[52.0000,122.0000]  (27.823s / 175.352s)
  n_active=128.0000±0.0000ϵ[128.0000,128.0000] n_expunged=0.0000±0.0000ϵ[0.0000,0.0000] pool_util=1.0000±0.0000ϵ[1.0000,1.0000]
  cell_acc=99.26%, puzzle_acc=77.80%
  eval_avg_halt_step: 1.47
  per_H_acc: ['H0=77.8%', 'H1=93.2%', 'H2=99.1%']
  H_cos: ['0.738', '0.938']
  z_H_delta: ['28.375', '17.375']
  cells: fixed=[39187, 13202] broken=[7195, 839]
  per_ACT_cell_acc: ['H1=77.8%', 'H2=93.2%', 'H3=99.1%', 'H4=99.2%', 'H5=99.2%', 'H6=99.2%', 'H7=99.2%', 'H8=99.2%', 'H9=99.2%', 'H10=99.2%', 'H11=99.2%', 'H12=99.2%', 'H13=99.2%', 'H14=99.2%', 'H15=99.2%', 'H16=99.2%']
  per_ACT_puzzle_acc: ['H1=0.0%', 'H2=0.0%', 'H3=57.8%', 'H4=66.8%', 'H5=71.6%', 'H6=72.4%', 'H7=72.4%', 'H8=72.8%', 'H9=72.8%', 'H10=72.8%', 'H11=73.3%', 'H12=73.3%', 'H13=73.3%', 'H14=73.3%', 'H15=73.3%', 'H16=73.3%']
  mean_sigmoid_q_halt: ['0.887', '0.648', '0.676', '0.855', '0.914', '0.953', '0.973', '0.973', '0.977', '0.977', '0.980', '0.980', '0.980', '0.980', '0.980', '0.980']
  halt_rates: ['1.00', '0.97', '0.67', '0.85', '0.92', '0.96', '0.98', '0.98', '0.99', '0.99', '0.99', '0.99', '0.99', '0.99', '0.99', '0.99']
  halt_histogram %: [74.3, 21.1, 2.7, 0.5, 0.2, 0.1, 0.1, 0.1, 0.0, 0.0, 0.0, 0.0, 0.0, 0.0, 0.0, 0.8]
  Avg ACT steps (last 100): 1.14
  saved: /home/jvdillon/projects/sic/code/maze/ckpts/x07a/step15500.pt acc=99.26% (0.054s)
  saved: /home/jvdillon/projects/sic/code/maze/ckpts/x07a/best.pt acc=99.26% (0.138s)
Step 15500  Test 99.26% / 77.80%  Train lm=0.7188±0.0037ϵ[0.7188,0.7539] n_halted=100.6600±23.6245ϵ[0.0000,125.0000]  (27.914s / 175.318s)
  n_active=128.0000±0.0000ϵ[128.0000,128.0000] n_expunged=0.0000±0.0000ϵ[0.0000,0.0000] pool_util=1.0000±0.0000ϵ[1.0000,1.0000]
  cell_acc=99.03%, puzzle_acc=69.20%
  eval_avg_halt_step: 1.90
  per_H_acc: ['H0=51.9%', 'H1=86.7%', 'H2=99.0%']
  H_cos: ['0.479', '0.898']
  z_H_delta: ['28.750', '17.875']
  cells: fixed=[92214, 26567] broken=[19575, 856]
  per_ACT_cell_acc: ['H1=51.9%', 'H2=86.7%', 'H3=99.0%', 'H4=99.0%', 'H5=99.0%', 'H6=99.0%', 'H7=99.0%', 'H8=99.0%', 'H9=99.0%', 'H10=99.0%', 'H11=99.0%', 'H12=99.0%', 'H13=99.0%', 'H14=99.0%', 'H15=99.0%', 'H16=99.0%']
  per_ACT_puzzle_acc: ['H1=0.0%', 'H2=0.0%', 'H3=54.7%', 'H4=68.1%', 'H5=69.8%', 'H6=69.8%', 'H7=70.3%', 'H8=69.8%', 'H9=69.4%', 'H10=69.4%', 'H11=69.4%', 'H12=68.5%', 'H13=69.0%', 'H14=68.5%', 'H15=69.0%', 'H16=69.0%']
  mean_sigmoid_q_halt: ['0.684', '0.672', '0.559', '0.844', '0.906', '0.918', '0.926', '0.926', '0.926', '0.930', '0.926', '0.926', '0.930', '0.926', '0.930', '0.926']
  halt_rates: ['1.00', '0.84', '0.56', '0.88', '0.94', '0.95', '0.96', '0.96', '0.96', '0.97', '0.97', '0.96', '0.97', '0.96', '0.97', '0.97']
  halt_histogram %: [74.7, 20.8, 2.7, 0.5, 0.2, 0.1, 0.1, 0.1, 0.0, 0.0, 0.0, 0.0, 0.0, 0.0, 0.0, 0.8]
  Avg ACT steps (last 100): 2.62
  saved: /home/jvdillon/projects/sic/code/maze/ckpts/x07a/step16000.pt acc=99.03% (0.055s)
Step 16000  Test 99.03% / 69.20%  Train lm=0.7188±0.0014ϵ[0.7188,0.7266] n_halted=108.7440±8.5382ϵ[23.0000,123.0000]  (27.536s / 174.772s)
  n_active=128.0000±0.0000ϵ[128.0000,128.0000] n_expunged=0.0000±0.0000ϵ[0.0000,0.0000] pool_util=1.0000±0.0000ϵ[1.0000,1.0000]
