Adam params: ('embed_tokens.weight', 'head.weight', 'head.bias', 'q_head.weight', 'q_head.bias', 'puzzle_id_embed.weight')
Muon 2D params: ('reasoning.0.attn.o_proj.weight', 'reasoning.0.mlp.up_proj.weight', 'reasoning.0.mlp.down_proj.weight', 'reasoning.1.attn.o_proj.weight', 'reasoning.1.mlp.up_proj.weight', 'reasoning.1.mlp.down_proj.weight')
Muon 3D params (ensemble_dims=1): ('reasoning.0.attn.qkv_proj.weight', 'reasoning.1.attn.qkv_proj.weight')
Saved step 0 checkpoint with RNG: /home/jvdillon/projects/sic/code/maze/ckpts/x07c/step00000_rng.pt
  cell_acc=88.99%, puzzle_acc=0.00%
  eval_avg_halt_step: 16.00
  per_H_acc: ['H0=87.5%', 'H1=87.6%', 'H2=88.5%']
  H_cos: ['0.969', '0.992']
  z_H_delta: ['7.906', '4.062']
  cells: fixed=[6789, 5769] broken=[6570, 3915]
  per_ACT_cell_acc: ['H1=87.5%', 'H2=87.6%', 'H3=88.5%', 'H4=89.1%', 'H5=89.5%', 'H6=89.8%', 'H7=89.9%', 'H8=90.0%', 'H9=90.0%', 'H10=90.0%', 'H11=89.9%', 'H12=89.9%', 'H13=89.8%', 'H14=89.8%', 'H15=89.8%', 'H16=89.7%']
  per_ACT_puzzle_acc: ['H1=0.0%', 'H2=0.0%', 'H3=0.0%', 'H4=0.0%', 'H5=0.0%', 'H6=0.0%', 'H7=0.0%', 'H8=0.0%', 'H9=0.0%', 'H10=0.0%', 'H11=0.0%', 'H12=0.0%', 'H13=0.0%', 'H14=0.0%', 'H15=0.0%', 'H16=0.0%']
  mean_sigmoid_q_halt: ['0.000', '0.000', '0.000', '0.000', '0.000', '0.000', '0.000', '0.000', '0.000', '0.000', '0.000', '0.000', '0.000', '0.000', '0.000', '0.000']
  halt_rates: ['0.00', '0.00', '0.00', '0.00', '0.00', '0.00', '0.00', '0.00', '0.00', '0.00', '0.00', '0.00', '0.00', '0.00', '0.00', '0.00']
  halt_histogram %: [0.0, 0.0, 0.0, 0.0, 0.0, 0.0, 0.0, 0.0, 0.0, 0.0, 0.0, 0.0, 0.0, 0.0, 0.0, 100.0]
  Avg ACT steps (last 100): 16.00
  saved: /home/jvdillon/projects/sic/code/maze/ckpts/x07c/step00500.pt acc=88.99% (0.058s)
  saved: /home/jvdillon/projects/sic/code/maze/ckpts/x07c/best.pt acc=88.99% (0.112s)
Step   500  Test 88.99% /  0.00%  Train lm=0.9023±0.0962ϵ[0.8008,1.8203] n_halted=7.9360±30.8988ϵ[0.0000,128.0000]  (37.356s / 404.597s)
  n_active=128.0000±0.0000ϵ[128.0000,128.0000] n_expunged=0.0000±0.0000ϵ[0.0000,0.0000] pool_util=1.0000±0.0000ϵ[1.0000,1.0000]
  cell_acc=96.85%, puzzle_acc=4.00%
  eval_avg_halt_step: 16.00
  per_H_acc: ['H0=88.0%', 'H1=93.0%', 'H2=95.2%']
  H_cos: ['0.953', '0.988']
  z_H_delta: ['8.500', '5.062']
  cells: fixed=[16369, 6752] broken=[5817, 2073]
  per_ACT_cell_acc: ['H1=88.0%', 'H2=93.0%', 'H3=95.2%', 'H4=96.2%', 'H5=96.6%', 'H6=96.8%', 'H7=96.9%', 'H8=97.0%', 'H9=97.0%', 'H10=97.0%', 'H11=97.0%', 'H12=97.0%', 'H13=96.9%', 'H14=96.9%', 'H15=96.9%', 'H16=96.9%']
  per_ACT_puzzle_acc: ['H1=0.0%', 'H2=0.0%', 'H3=0.0%', 'H4=0.0%', 'H5=0.4%', 'H6=0.9%', 'H7=1.3%', 'H8=2.2%', 'H9=3.9%', 'H10=3.0%', 'H11=3.9%', 'H12=3.4%', 'H13=2.6%', 'H14=3.4%', 'H15=3.4%', 'H16=3.0%']
  mean_sigmoid_q_halt: ['0.000', '0.000', '0.000', '0.000', '0.001', '0.001', '0.002', '0.003', '0.004', '0.005', '0.006', '0.007', '0.008', '0.008', '0.009', '0.009']
  halt_rates: ['0.00', '0.00', '0.00', '0.00', '0.00', '0.00', '0.00', '0.00', '0.00', '0.00', '0.00', '0.00', '0.00', '0.00', '0.00', '0.00']
  halt_histogram %: [0.0, 0.0, 0.0, 0.0, 0.0, 0.0, 0.2, 0.0, 0.1, 0.3, 0.2, 0.8, 0.2, 0.1, 0.2, 97.7]
  Avg ACT steps (last 100): 13.41
  saved: /home/jvdillon/projects/sic/code/maze/ckpts/x07c/step01000.pt acc=96.85% (0.059s)
  saved: /home/jvdillon/projects/sic/code/maze/ckpts/x07c/best.pt acc=96.85% (0.140s)
Step  1000  Test 96.85% /  4.00%  Train lm=0.7812±0.0283ϵ[0.7383,0.8867] n_halted=8.0640±28.9676ϵ[0.0000,128.0000]  (28.372s / 395.057s)
  n_active=128.0000±0.0000ϵ[128.0000,128.0000] n_expunged=0.0000±0.0000ϵ[0.0000,0.0000] pool_util=1.0000±0.0000ϵ[1.0000,1.0000]
  cell_acc=95.99%, puzzle_acc=7.00%
  eval_avg_halt_step: 14.31
  per_H_acc: ['H0=87.5%', 'H1=93.5%', 'H2=94.8%']
  H_cos: ['0.949', '0.984']
  z_H_delta: ['9.562', '5.875']
  cells: fixed=[16104, 5205] broken=[3557, 2582]
  per_ACT_cell_acc: ['H1=87.5%', 'H2=93.5%', 'H3=94.8%', 'H4=95.1%', 'H5=95.3%', 'H6=95.4%', 'H7=95.5%', 'H8=95.5%', 'H9=95.6%', 'H10=95.6%', 'H11=95.7%', 'H12=95.7%', 'H13=95.7%', 'H14=95.7%', 'H15=95.7%', 'H16=95.7%']
  per_ACT_puzzle_acc: ['H1=0.0%', 'H2=0.0%', 'H3=0.0%', 'H4=0.0%', 'H5=0.0%', 'H6=0.0%', 'H7=0.4%', 'H8=1.7%', 'H9=1.3%', 'H10=1.7%', 'H11=2.2%', 'H12=3.4%', 'H13=4.3%', 'H14=4.3%', 'H15=4.3%', 'H16=6.0%']
  mean_sigmoid_q_halt: ['0.000', '0.001', '0.001', '0.001', '0.002', '0.004', '0.008', '0.014', '0.025', '0.037', '0.049', '0.063', '0.077', '0.088', '0.099', '0.109']
  halt_rates: ['0.00', '0.00', '0.00', '0.00', '0.00', '0.00', '0.00', '0.00', '0.00', '0.00', '0.01', '0.03', '0.05', '0.06', '0.07', '0.08']
  halt_histogram %: [0.0, 0.0, 0.4, 1.0, 1.4, 1.7, 2.0, 1.6, 2.0, 2.1, 2.0, 1.7, 1.7, 1.3, 1.6, 79.3]
  Avg ACT steps (last 100): 11.37
  saved: /home/jvdillon/projects/sic/code/maze/ckpts/x07c/step01500.pt acc=95.99% (0.055s)
Step  1500  Test 95.99% /  7.00%  Train lm=0.7578±0.0045ϵ[0.7461,0.7734] n_halted=10.0940±7.4960ϵ[0.0000,48.0000]  (28.320s / 395.394s)
  n_active=128.0000±0.0000ϵ[128.0000,128.0000] n_expunged=0.0000±0.0000ϵ[0.0000,0.0000] pool_util=1.0000±0.0000ϵ[1.0000,1.0000]
  cell_acc=95.22%, puzzle_acc=3.80%
  eval_avg_halt_step: 15.47
  per_H_acc: ['H0=88.4%', 'H1=94.3%', 'H2=95.2%']
  H_cos: ['0.961', '0.988']
  z_H_delta: ['9.062', '5.219']
  cells: fixed=[14504, 4133] broken=[2073, 2242]
  per_ACT_cell_acc: ['H1=88.4%', 'H2=94.3%', 'H3=95.2%', 'H4=95.2%', 'H5=95.2%', 'H6=95.2%', 'H7=95.1%', 'H8=95.1%', 'H9=95.1%', 'H10=95.1%', 'H11=95.1%', 'H12=95.1%', 'H13=95.2%', 'H14=95.1%', 'H15=95.1%', 'H16=95.1%']
  per_ACT_puzzle_acc: ['H1=0.0%', 'H2=0.0%', 'H3=0.0%', 'H4=0.0%', 'H5=0.4%', 'H6=0.9%', 'H7=1.3%', 'H8=1.3%', 'H9=1.7%', 'H10=2.6%', 'H11=1.7%', 'H12=1.7%', 'H13=2.2%', 'H14=2.2%', 'H15=3.0%', 'H16=2.6%']
  mean_sigmoid_q_halt: ['0.003', '0.003', '0.001', '0.001', '0.003', '0.004', '0.006', '0.009', '0.013', '0.018', '0.022', '0.024', '0.027', '0.031', '0.032', '0.033']
  halt_rates: ['0.00', '0.00', '0.00', '0.00', '0.00', '0.00', '0.00', '0.00', '0.00', '0.00', '0.01', '0.02', '0.02', '0.02', '0.02', '0.02']
  halt_histogram %: [0.0, 0.2, 1.2, 2.0, 2.8, 3.2, 3.4, 3.0, 3.0, 3.0, 2.7, 2.5, 2.3, 2.0, 2.1, 66.7]
  Avg ACT steps (last 100): 10.28
  saved: /home/jvdillon/projects/sic/code/maze/ckpts/x07c/step02000.pt acc=95.22% (0.057s)
Step  2000  Test 95.22% /  3.80%  Train lm=0.7578±0.0041ϵ[0.7461,0.7734] n_halted=11.3120±6.6362ϵ[0.0000,41.0000]  (45.629s / 622.762s)
  n_active=128.0000±0.0000ϵ[128.0000,128.0000] n_expunged=0.0000±0.0000ϵ[0.0000,0.0000] pool_util=1.0000±0.0000ϵ[1.0000,1.0000]
  cell_acc=97.05%, puzzle_acc=17.50%
  eval_avg_halt_step: 11.26
  per_H_acc: ['H0=88.4%', 'H1=94.6%', 'H2=96.7%']
  H_cos: ['0.953', '0.984']
  z_H_delta: ['9.750', '6.562']
  cells: fixed=[15036, 6464] broken=[2215, 2003]
  per_ACT_cell_acc: ['H1=88.4%', 'H2=94.6%', 'H3=96.7%', 'H4=97.3%', 'H5=97.4%', 'H6=97.3%', 'H7=97.3%', 'H8=97.3%', 'H9=97.2%', 'H10=97.2%', 'H11=97.2%', 'H12=97.1%', 'H13=97.1%', 'H14=97.1%', 'H15=97.1%', 'H16=97.0%']
  per_ACT_puzzle_acc: ['H1=0.0%', 'H2=0.0%', 'H3=0.0%', 'H4=1.3%', 'H5=4.3%', 'H6=5.6%', 'H7=6.5%', 'H8=7.8%', 'H9=9.1%', 'H10=9.5%', 'H11=10.3%', 'H12=10.3%', 'H13=10.8%', 'H14=11.2%', 'H15=11.6%', 'H16=14.7%']
  mean_sigmoid_q_halt: ['0.017', '0.017', '0.001', '0.005', '0.020', '0.030', '0.046', '0.067', '0.089', '0.104', '0.121', '0.139', '0.157', '0.178', '0.192', '0.211']
  halt_rates: ['0.00', '0.00', '0.00', '0.00', '0.01', '0.01', '0.03', '0.04', '0.06', '0.08', '0.08', '0.11', '0.12', '0.16', '0.16', '0.19']
  halt_histogram %: [0.0, 0.4, 1.9, 3.1, 4.0, 4.1, 4.3, 3.8, 3.8, 3.4, 3.3, 2.8, 2.6, 2.3, 2.2, 58.1]
  Avg ACT steps (last 100): 11.39
  saved: /home/jvdillon/projects/sic/code/maze/ckpts/x07c/step02500.pt acc=97.05% (0.057s)
  saved: /home/jvdillon/projects/sic/code/maze/ckpts/x07c/best.pt acc=97.05% (0.140s)
Step  2500  Test 97.05% / 17.50%  Train lm=0.7578±0.0041ϵ[0.7461,0.7734] n_halted=12.0740±6.0994ϵ[0.0000,33.0000]  (28.410s / 428.283s)
  n_active=128.0000±0.0000ϵ[128.0000,128.0000] n_expunged=0.0000±0.0000ϵ[0.0000,0.0000] pool_util=1.0000±0.0000ϵ[1.0000,1.0000]
  cell_acc=94.74%, puzzle_acc=2.10%
  eval_avg_halt_step: 8.04
  per_H_acc: ['H0=90.5%', 'H1=94.7%', 'H2=95.2%']
  H_cos: ['0.945', '0.984']
  z_H_delta: ['9.625', '5.875']
  cells: fixed=[12163, 3757] broken=[3430, 2669]
  per_ACT_cell_acc: ['H1=90.5%', 'H2=94.7%', 'H3=95.2%', 'H4=95.1%', 'H5=95.1%', 'H6=95.0%', 'H7=94.9%', 'H8=94.9%', 'H9=94.9%', 'H10=94.8%', 'H11=94.8%', 'H12=94.7%', 'H13=94.8%', 'H14=94.8%', 'H15=94.8%', 'H16=94.8%']
  per_ACT_puzzle_acc: ['H1=0.0%', 'H2=0.0%', 'H3=0.0%', 'H4=0.9%', 'H5=0.9%', 'H6=2.2%', 'H7=2.6%', 'H8=1.7%', 'H9=2.2%', 'H10=2.6%', 'H11=2.2%', 'H12=2.6%', 'H13=3.0%', 'H14=2.6%', 'H15=2.6%', 'H16=3.4%']
  mean_sigmoid_q_halt: ['0.042', '0.018', '0.005', '0.038', '0.107', '0.155', '0.204', '0.260', '0.312', '0.348', '0.371', '0.391', '0.418', '0.438', '0.451', '0.455']
  halt_rates: ['0.00', '0.00', '0.00', '0.00', '0.03', '0.10', '0.16', '0.22', '0.29', '0.33', '0.34', '0.39', '0.42', '0.43', '0.47', '0.47']
  halt_histogram %: [0.0, 0.4, 2.3, 3.8, 4.6, 4.7, 4.8, 4.3, 4.2, 3.7, 3.5, 3.2, 2.9, 2.5, 2.3, 52.7]
  Avg ACT steps (last 100): 10.47
  saved: /home/jvdillon/projects/sic/code/maze/ckpts/x07c/step03000.pt acc=94.74% (0.055s)
Step  3000  Test 94.74% /  2.10%  Train lm=0.7578±0.0036ϵ[0.7500,0.7695] n_halted=12.1300±5.6086ϵ[0.0000,34.0000]  (28.354s / 395.515s)
  n_active=128.0000±0.0000ϵ[128.0000,128.0000] n_expunged=0.0000±0.0000ϵ[0.0000,0.0000] pool_util=1.0000±0.0000ϵ[1.0000,1.0000]
  cell_acc=95.42%, puzzle_acc=7.20%
  eval_avg_halt_step: 11.50
  per_H_acc: ['H0=89.5%', 'H1=94.6%', 'H2=94.9%']
  H_cos: ['0.945', '0.984']
  z_H_delta: ['9.688', '6.031']
  cells: fixed=[12952, 4140] broken=[2170, 3679]
  per_ACT_cell_acc: ['H1=89.5%', 'H2=94.6%', 'H3=94.9%', 'H4=95.2%', 'H5=95.4%', 'H6=95.3%', 'H7=95.3%', 'H8=95.4%', 'H9=95.4%', 'H10=95.4%', 'H11=95.4%', 'H12=95.4%', 'H13=95.4%', 'H14=95.4%', 'H15=95.4%', 'H16=95.4%']
  per_ACT_puzzle_acc: ['H1=0.0%', 'H2=0.0%', 'H3=0.0%', 'H4=1.3%', 'H5=1.3%', 'H6=3.0%', 'H7=1.3%', 'H8=3.0%', 'H9=4.7%', 'H10=4.7%', 'H11=5.2%', 'H12=5.6%', 'H13=5.6%', 'H14=6.0%', 'H15=5.2%', 'H16=6.0%']
  mean_sigmoid_q_halt: ['0.146', '0.044', '0.001', '0.012', '0.036', '0.055', '0.079', '0.115', '0.144', '0.165', '0.185', '0.199', '0.213', '0.227', '0.238', '0.254']
  halt_rates: ['0.00', '0.00', '0.00', '0.00', '0.01', '0.02', '0.04', '0.06', '0.12', '0.16', '0.17', '0.18', '0.19', '0.20', '0.21', '0.24']
  halt_histogram %: [0.0, 0.5, 2.8, 4.2, 5.1, 5.2, 5.2, 4.7, 4.6, 4.0, 3.7, 3.3, 3.0, 2.6, 2.4, 48.9]
  Avg ACT steps (last 100): 8.88
  saved: /home/jvdillon/projects/sic/code/maze/ckpts/x07c/step03500.pt acc=95.42% (0.057s)
Step  3500  Test 95.42% /  7.20%  Train lm=0.7578±0.0039ϵ[0.7500,0.7695] n_halted=12.3020±5.4445ϵ[0.0000,31.0000]  (28.367s / 396.363s)
  n_active=128.0000±0.0000ϵ[128.0000,128.0000] n_expunged=0.0000±0.0000ϵ[0.0000,0.0000] pool_util=1.0000±0.0000ϵ[1.0000,1.0000]
Traceback (most recent call last):
  File "/home/jvdillon/projects/sic/code/experiment.py", line 3007, in main
    return train(experiment)  # pyright: ignore[reportArgumentType]
           ^^^^^^^^^^^^^^^^^
  File "/home/jvdillon/projects/sic/code/experiment.py", line 2976, in train
    loss = experiment.step(samples, targets, puzzle_ids, valid_count)
           ^^^^^^^^^^^^^^^^^^^^^^^^^^^^^^^^^^^^^^^^^^^^^^^^^^^^^^^^^^
  File "/home/jvdillon/projects/sic/code/experiment.py", line 1807, in step
    state.z_H[valid_chains] = forward_result["z_H"][valid_chains].detach()
                              ^^^^^^^^^^^^^^^^^^^^^^^^^^^^^^^^^^^^^^^^^^^^
KeyboardInterrupt
