Adam params: ('embed_tokens.weight', 'head.weight', 'head.bias', 'q_head.weight', 'q_head.bias', 'puzzle_id_embed.weight')
Muon 2D params: ('reasoning.0.attn.o_proj.weight', 'reasoning.0.mlp.up_proj.weight', 'reasoning.0.mlp.down_proj.weight', 'reasoning.1.attn.o_proj.weight', 'reasoning.1.mlp.up_proj.weight', 'reasoning.1.mlp.down_proj.weight')
Muon 3D params (ensemble_dims=1): ('reasoning.0.attn.qkv_proj.weight', 'reasoning.1.attn.qkv_proj.weight')
  path_valid=0.00%, exact_match=0.00%
  eval_avg_halt_step: 16.00
  per_H_acc: ['H0=0.0%', 'H1=0.0%', 'H2=0.0%']
  H_cos: ['0.988', '0.996']
  z_H_delta: ['5.938', '2.031']
  cells: fixed=[0, 0] broken=[0, 0]
  per_ACT_cell_acc: ['H1=87.5%', 'H2=87.5%', 'H3=87.5%', 'H4=87.5%', 'H5=87.5%', 'H6=87.5%', 'H7=87.5%', 'H8=87.5%', 'H9=87.5%', 'H10=87.5%', 'H11=87.5%', 'H12=87.5%', 'H13=87.5%', 'H14=87.5%', 'H15=87.5%', 'H16=87.5%']
  per_ACT_puzzle_acc: ['H1=0.0%', 'H2=0.0%', 'H3=0.0%', 'H4=0.0%', 'H5=0.0%', 'H6=0.0%', 'H7=0.0%', 'H8=0.0%', 'H9=0.0%', 'H10=0.0%', 'H11=0.0%', 'H12=0.0%', 'H13=0.0%', 'H14=0.0%', 'H15=0.0%', 'H16=0.0%']
  mean_sigmoid_q_halt: ['0.000', '0.000', '0.000', '0.000', '0.000', '0.000', '0.000', '0.000', '0.000', '0.000', '0.000', '0.000', '0.000', '0.000', '0.000', '0.000']
  halt_rates: ['0.00', '0.00', '0.00', '0.00', '0.00', '0.00', '0.00', '0.00', '0.00', '0.00', '0.00', '0.00', '0.00', '0.00', '0.00', '0.00']
  halt_histogram %: [0.0, 0.0, 0.0, 0.0, 0.0, 0.0, 0.0, 0.0, 0.0, 0.0, 0.0, 0.0, 0.0, 0.0, 0.0, 100.0]
  Avg ACT steps (last 100): 16.00
  eval_avg_halt_step: 16.00
  per_H_acc: ['H0=0.0%', 'H1=0.0%', 'H2=0.0%']
  H_cos: ['0.992', '0.996']
  z_H_delta: ['5.938', '2.031']
  cells: fixed=[0, 0] broken=[0, 0]
  per_ACT_cell_acc: ['H1=87.5%', 'H2=87.5%', 'H3=87.5%', 'H4=87.5%', 'H5=87.5%', 'H6=87.5%', 'H7=87.5%', 'H8=87.5%', 'H9=87.5%', 'H10=87.5%', 'H11=87.5%', 'H12=87.5%', 'H13=87.5%', 'H14=87.5%', 'H15=87.5%', 'H16=87.5%']
  per_ACT_puzzle_acc: ['H1=0.0%', 'H2=0.0%', 'H3=0.0%', 'H4=0.0%', 'H5=0.0%', 'H6=0.0%', 'H7=0.0%', 'H8=0.0%', 'H9=0.0%', 'H10=0.0%', 'H11=0.0%', 'H12=0.0%', 'H13=0.0%', 'H14=0.0%', 'H15=0.0%', 'H16=0.0%']
  mean_sigmoid_q_halt: ['0.000', '0.000', '0.000', '0.000', '0.000', '0.000', '0.000', '0.000', '0.000', '0.000', '0.000', '0.000', '0.000', '0.000', '0.000', '0.000']
  halt_rates: ['0.00', '0.00', '0.00', '0.00', '0.00', '0.00', '0.00', '0.00', '0.00', '0.00', '0.00', '0.00', '0.00', '0.00', '0.00', '0.00']
  halt_histogram %: [0.0, 0.0, 0.0, 0.0, 0.0, 0.0, 0.0, 0.0, 0.0, 0.0, 0.0, 0.0, 0.0, 0.0, 0.0, 100.0]
  Avg ACT steps (last 100): 16.00
  saved: /home/jvdillon/projects/sic/code/maze/ckpts/x07d/step00500.pt acc=87.50% (0.079s)
  saved: /home/jvdillon/projects/sic/code/maze/ckpts/x07d/best.pt acc=87.50% (0.152s)
Step   500  Test 87.50% /  0.00% (halt: 87.50%/ 0.00%)  Train lm=0.8750±0.0981ϵ[0.8516,1.9609] n_halted=7.9360±30.8988ϵ[0.0000,128.0000]  TrainAcc 87.44%/ 0.00% (halt: 87.44%/ 0.00%)  (63.955s / 402.832s)
  n_active=128.0000±0.0000ϵ[128.0000,128.0000] n_expunged=0.0000±0.0000ϵ[0.0000,0.0000] pool_util=1.0000±0.0000ϵ[1.0000,1.0000]
  path_valid=0.00%, exact_match=0.00%
  eval_avg_halt_step: 16.00
  per_H_acc: ['H0=0.0%', 'H1=0.0%', 'H2=0.0%']
  H_cos: ['1.000', '1.000']
  z_H_delta: ['5.250', '1.680']
  cells: fixed=[0, 0] broken=[0, 0]
  per_ACT_cell_acc: ['H1=87.5%', 'H2=87.5%', 'H3=87.5%', 'H4=87.5%', 'H5=87.5%', 'H6=87.5%', 'H7=87.5%', 'H8=87.5%', 'H9=87.5%', 'H10=87.5%', 'H11=87.5%', 'H12=87.5%', 'H13=87.5%', 'H14=87.5%', 'H15=87.5%', 'H16=87.5%']
  per_ACT_puzzle_acc: ['H1=0.0%', 'H2=0.0%', 'H3=0.0%', 'H4=0.0%', 'H5=0.0%', 'H6=0.0%', 'H7=0.0%', 'H8=0.0%', 'H9=0.0%', 'H10=0.0%', 'H11=0.0%', 'H12=0.0%', 'H13=0.0%', 'H14=0.0%', 'H15=0.0%', 'H16=0.0%']
  mean_sigmoid_q_halt: ['0.000', '0.000', '0.000', '0.000', '0.000', '0.000', '0.000', '0.000', '0.000', '0.000', '0.000', '0.000', '0.000', '0.000', '0.000', '0.000']
  halt_rates: ['0.00', '0.00', '0.00', '0.00', '0.00', '0.00', '0.00', '0.00', '0.00', '0.00', '0.00', '0.00', '0.00', '0.00', '0.00', '0.00']
  halt_histogram %: [0.0, 0.0, 0.0, 0.0, 0.0, 0.0, 0.0, 0.0, 0.0, 0.0, 0.0, 0.0, 0.0, 0.0, 0.0, 100.0]
  Avg ACT steps (last 100): 16.00
  eval_avg_halt_step: 16.00
  per_H_acc: ['H0=0.0%', 'H1=0.0%', 'H2=0.0%']
  H_cos: ['1.000', '1.000']
  z_H_delta: ['5.219', '1.680']
  cells: fixed=[0, 0] broken=[0, 0]
  per_ACT_cell_acc: ['H1=87.5%', 'H2=87.5%', 'H3=87.5%', 'H4=87.5%', 'H5=87.5%', 'H6=87.5%', 'H7=87.5%', 'H8=87.5%', 'H9=87.5%', 'H10=87.5%', 'H11=87.5%', 'H12=87.5%', 'H13=87.5%', 'H14=87.5%', 'H15=87.5%', 'H16=87.5%']
  per_ACT_puzzle_acc: ['H1=0.0%', 'H2=0.0%', 'H3=0.0%', 'H4=0.0%', 'H5=0.0%', 'H6=0.0%', 'H7=0.0%', 'H8=0.0%', 'H9=0.0%', 'H10=0.0%', 'H11=0.0%', 'H12=0.0%', 'H13=0.0%', 'H14=0.0%', 'H15=0.0%', 'H16=0.0%']
  mean_sigmoid_q_halt: ['0.000', '0.000', '0.000', '0.000', '0.000', '0.000', '0.000', '0.000', '0.000', '0.000', '0.000', '0.000', '0.000', '0.000', '0.000', '0.000']
  halt_rates: ['0.00', '0.00', '0.00', '0.00', '0.00', '0.00', '0.00', '0.00', '0.00', '0.00', '0.00', '0.00', '0.00', '0.00', '0.00', '0.00']
  halt_histogram %: [0.0, 0.0, 0.0, 0.0, 0.0, 0.0, 0.0, 0.0, 0.0, 0.0, 0.0, 0.0, 0.0, 0.0, 0.0, 100.0]
  Avg ACT steps (last 100): 16.00
  saved: /home/jvdillon/projects/sic/code/maze/ckpts/x07d/step01000.pt acc=87.50% (0.078s)
Step  1000  Test 87.50% /  0.00% (halt: 87.50%/ 0.00%)  Train lm=0.8555±0.0021ϵ[0.8555,0.8633] n_halted=7.9360±30.8988ϵ[0.0000,128.0000]  TrainAcc 87.44%/ 0.00% (halt: 87.44%/ 0.00%)  (51.939s / 385.019s)
  n_active=128.0000±0.0000ϵ[128.0000,128.0000] n_expunged=0.0000±0.0000ϵ[0.0000,0.0000] pool_util=1.0000±0.0000ϵ[1.0000,1.0000]
  path_valid=0.00%, exact_match=0.00%
  eval_avg_halt_step: 16.00
  per_H_acc: ['H0=0.0%', 'H1=0.0%', 'H2=0.0%']
  H_cos: ['0.984', '0.996']
  z_H_delta: ['5.312', '2.812']
  cells: fixed=[0, 0] broken=[0, 0]
  per_ACT_cell_acc: ['H1=87.5%', 'H2=87.5%', 'H3=87.5%', 'H4=87.5%', 'H5=87.5%', 'H6=87.5%', 'H7=87.5%', 'H8=87.5%', 'H9=87.5%', 'H10=87.5%', 'H11=87.5%', 'H12=87.5%', 'H13=87.5%', 'H14=87.5%', 'H15=87.5%', 'H16=87.5%']
  per_ACT_puzzle_acc: ['H1=0.0%', 'H2=0.0%', 'H3=0.0%', 'H4=0.0%', 'H5=0.0%', 'H6=0.0%', 'H7=0.0%', 'H8=0.0%', 'H9=0.0%', 'H10=0.0%', 'H11=0.0%', 'H12=0.0%', 'H13=0.0%', 'H14=0.0%', 'H15=0.0%', 'H16=0.0%']
  mean_sigmoid_q_halt: ['0.000', '0.000', '0.000', '0.000', '0.000', '0.000', '0.000', '0.000', '0.000', '0.000', '0.000', '0.000', '0.000', '0.000', '0.000', '0.000']
  halt_rates: ['0.00', '0.00', '0.00', '0.00', '0.00', '0.00', '0.00', '0.00', '0.00', '0.00', '0.00', '0.00', '0.00', '0.00', '0.00', '0.00']
  halt_histogram %: [0.0, 0.0, 0.0, 0.0, 0.0, 0.0, 0.0, 0.0, 0.0, 0.0, 0.0, 0.0, 0.0, 0.0, 0.0, 100.0]
  Avg ACT steps (last 100): 16.00
  eval_avg_halt_step: 16.00
  per_H_acc: ['H0=0.0%', 'H1=0.0%', 'H2=0.0%']
  H_cos: ['0.984', '0.996']
  z_H_delta: ['5.312', '2.812']
  cells: fixed=[0, 0] broken=[0, 0]
  per_ACT_cell_acc: ['H1=87.4%', 'H2=87.4%', 'H3=87.4%', 'H4=87.4%', 'H5=87.4%', 'H6=87.4%', 'H7=87.4%', 'H8=87.4%', 'H9=87.4%', 'H10=87.4%', 'H11=87.4%', 'H12=87.4%', 'H13=87.4%', 'H14=87.4%', 'H15=87.4%', 'H16=87.4%']
  per_ACT_puzzle_acc: ['H1=0.0%', 'H2=0.0%', 'H3=0.0%', 'H4=0.0%', 'H5=0.0%', 'H6=0.0%', 'H7=0.0%', 'H8=0.0%', 'H9=0.0%', 'H10=0.0%', 'H11=0.0%', 'H12=0.0%', 'H13=0.0%', 'H14=0.0%', 'H15=0.0%', 'H16=0.0%']
  mean_sigmoid_q_halt: ['0.000', '0.000', '0.000', '0.000', '0.000', '0.000', '0.000', '0.000', '0.000', '0.000', '0.000', '0.000', '0.000', '0.000', '0.000', '0.000']
  halt_rates: ['0.00', '0.00', '0.00', '0.00', '0.00', '0.00', '0.00', '0.00', '0.00', '0.00', '0.00', '0.00', '0.00', '0.00', '0.00', '0.00']
  halt_histogram %: [0.0, 0.0, 0.0, 0.0, 0.0, 0.0, 0.0, 0.0, 0.0, 0.0, 0.0, 0.0, 0.0, 0.0, 0.0, 100.0]
  Avg ACT steps (last 100): 16.00
  saved: /home/jvdillon/projects/sic/code/maze/ckpts/x07d/step01500.pt acc=87.50% (0.076s)
Step  1500  Test 87.50% /  0.00% (halt: 87.50%/ 0.00%)  Train lm=0.8555±0.0017ϵ[0.8555,0.8633] n_halted=7.9360±30.8988ϵ[0.0000,128.0000]  TrainAcc 87.44%/ 0.00% (halt: 87.44%/ 0.00%)  (51.932s / 384.959s)
  n_active=128.0000±0.0000ϵ[128.0000,128.0000] n_expunged=0.0000±0.0000ϵ[0.0000,0.0000] pool_util=1.0000±0.0000ϵ[1.0000,1.0000]
  path_valid=0.00%, exact_match=0.00%
  eval_avg_halt_step: 16.00
  per_H_acc: ['H0=0.0%', 'H1=0.0%', 'H2=0.0%']
  H_cos: ['0.973', '1.000']
  z_H_delta: ['5.062', '1.781']
  cells: fixed=[0, 0] broken=[0, 0]
  per_ACT_cell_acc: ['H1=87.5%', 'H2=87.5%', 'H3=87.5%', 'H4=87.5%', 'H5=87.5%', 'H6=87.5%', 'H7=87.5%', 'H8=87.5%', 'H9=87.5%', 'H10=87.5%', 'H11=87.5%', 'H12=87.5%', 'H13=87.5%', 'H14=87.5%', 'H15=87.5%', 'H16=87.5%']
  per_ACT_puzzle_acc: ['H1=0.0%', 'H2=0.0%', 'H3=0.0%', 'H4=0.0%', 'H5=0.0%', 'H6=0.0%', 'H7=0.0%', 'H8=0.0%', 'H9=0.0%', 'H10=0.0%', 'H11=0.0%', 'H12=0.0%', 'H13=0.0%', 'H14=0.0%', 'H15=0.0%', 'H16=0.0%']
  mean_sigmoid_q_halt: ['0.000', '0.000', '0.000', '0.000', '0.000', '0.000', '0.000', '0.000', '0.000', '0.000', '0.000', '0.000', '0.000', '0.000', '0.000', '0.000']
  halt_rates: ['0.00', '0.00', '0.00', '0.00', '0.00', '0.00', '0.00', '0.00', '0.00', '0.00', '0.00', '0.00', '0.00', '0.00', '0.00', '0.00']
  halt_histogram %: [0.0, 0.0, 0.0, 0.0, 0.0, 0.0, 0.0, 0.0, 0.0, 0.0, 0.0, 0.0, 0.0, 0.0, 0.0, 100.0]
  Avg ACT steps (last 100): 16.00
  eval_avg_halt_step: 16.00
  per_H_acc: ['H0=0.0%', 'H1=0.0%', 'H2=0.0%']
  H_cos: ['0.973', '0.996']
  z_H_delta: ['5.062', '1.773']
  cells: fixed=[0, 0] broken=[0, 0]
  per_ACT_cell_acc: ['H1=87.4%', 'H2=87.4%', 'H3=87.4%', 'H4=87.4%', 'H5=87.4%', 'H6=87.4%', 'H7=87.4%', 'H8=87.4%', 'H9=87.4%', 'H10=87.4%', 'H11=87.4%', 'H12=87.4%', 'H13=87.4%', 'H14=87.4%', 'H15=87.4%', 'H16=87.4%']
  per_ACT_puzzle_acc: ['H1=0.0%', 'H2=0.0%', 'H3=0.0%', 'H4=0.0%', 'H5=0.0%', 'H6=0.0%', 'H7=0.0%', 'H8=0.0%', 'H9=0.0%', 'H10=0.0%', 'H11=0.0%', 'H12=0.0%', 'H13=0.0%', 'H14=0.0%', 'H15=0.0%', 'H16=0.0%']
  mean_sigmoid_q_halt: ['0.000', '0.000', '0.000', '0.000', '0.000', '0.000', '0.000', '0.000', '0.000', '0.000', '0.000', '0.000', '0.000', '0.000', '0.000', '0.000']
  halt_rates: ['0.00', '0.00', '0.00', '0.00', '0.00', '0.00', '0.00', '0.00', '0.00', '0.00', '0.00', '0.00', '0.00', '0.00', '0.00', '0.00']
  halt_histogram %: [0.0, 0.0, 0.0, 0.0, 0.0, 0.0, 0.0, 0.0, 0.0, 0.0, 0.0, 0.0, 0.0, 0.0, 0.0, 100.0]
  Avg ACT steps (last 100): 16.00
  saved: /home/jvdillon/projects/sic/code/maze/ckpts/x07d/step02000.pt acc=87.50% (0.076s)
Step  2000  Test 87.50% /  0.00% (halt: 87.50%/ 0.00%)  Train lm=0.8555±0.0017ϵ[0.8516,0.8672] n_halted=8.1920±31.3598ϵ[0.0000,128.0000]  TrainAcc 87.44%/ 0.00% (halt: 87.44%/ 0.00%)  (51.938s / 384.891s)
  n_active=128.0000±0.0000ϵ[128.0000,128.0000] n_expunged=0.0000±0.0000ϵ[0.0000,0.0000] pool_util=1.0000±0.0000ϵ[1.0000,1.0000]
  path_valid=0.00%, exact_match=0.00%
  eval_avg_halt_step: 16.00
  per_H_acc: ['H0=0.0%', 'H1=0.0%', 'H2=0.0%']
  H_cos: ['0.969', '0.996']
  z_H_delta: ['5.312', '2.484']
  cells: fixed=[0, 0] broken=[0, 0]
  per_ACT_cell_acc: ['H1=87.4%', 'H2=87.5%', 'H3=87.5%', 'H4=87.5%', 'H5=87.5%', 'H6=87.5%', 'H7=87.5%', 'H8=87.5%', 'H9=87.5%', 'H10=87.5%', 'H11=87.5%', 'H12=87.5%', 'H13=87.5%', 'H14=87.5%', 'H15=87.5%', 'H16=87.5%']
  per_ACT_puzzle_acc: ['H1=0.0%', 'H2=0.0%', 'H3=0.0%', 'H4=0.0%', 'H5=0.0%', 'H6=0.0%', 'H7=0.0%', 'H8=0.0%', 'H9=0.0%', 'H10=0.0%', 'H11=0.0%', 'H12=0.0%', 'H13=0.0%', 'H14=0.0%', 'H15=0.0%', 'H16=0.0%']
  mean_sigmoid_q_halt: ['0.000', '0.000', '0.000', '0.000', '0.000', '0.000', '0.000', '0.000', '0.000', '0.000', '0.000', '0.000', '0.000', '0.000', '0.000', '0.000']
  halt_rates: ['0.00', '0.00', '0.00', '0.00', '0.00', '0.00', '0.00', '0.00', '0.00', '0.00', '0.00', '0.00', '0.00', '0.00', '0.00', '0.00']
  halt_histogram %: [0.0, 0.0, 0.0, 0.0, 0.0, 0.0, 0.0, 0.0, 0.0, 0.0, 0.0, 0.0, 0.0, 0.0, 0.0, 100.0]
  Avg ACT steps (last 100): 16.00
  eval_avg_halt_step: 16.00
  per_H_acc: ['H0=0.0%', 'H1=0.0%', 'H2=0.0%']
  H_cos: ['0.969', '0.996']
  z_H_delta: ['5.312', '2.484']
  cells: fixed=[0, 0] broken=[0, 0]
  per_ACT_cell_acc: ['H1=87.3%', 'H2=87.4%', 'H3=87.4%', 'H4=87.4%', 'H5=87.4%', 'H6=87.4%', 'H7=87.4%', 'H8=87.4%', 'H9=87.4%', 'H10=87.4%', 'H11=87.4%', 'H12=87.4%', 'H13=87.4%', 'H14=87.4%', 'H15=87.4%', 'H16=87.4%']
  per_ACT_puzzle_acc: ['H1=0.0%', 'H2=0.0%', 'H3=0.0%', 'H4=0.0%', 'H5=0.0%', 'H6=0.0%', 'H7=0.0%', 'H8=0.0%', 'H9=0.0%', 'H10=0.0%', 'H11=0.0%', 'H12=0.0%', 'H13=0.0%', 'H14=0.0%', 'H15=0.0%', 'H16=0.0%']
  mean_sigmoid_q_halt: ['0.000', '0.000', '0.000', '0.000', '0.000', '0.000', '0.000', '0.000', '0.000', '0.000', '0.000', '0.000', '0.000', '0.000', '0.000', '0.000']
  halt_rates: ['0.00', '0.00', '0.00', '0.00', '0.00', '0.00', '0.00', '0.00', '0.00', '0.00', '0.00', '0.00', '0.00', '0.00', '0.00', '0.00']
  halt_histogram %: [0.0, 0.0, 0.0, 0.0, 0.0, 0.0, 0.0, 0.0, 0.0, 0.0, 0.0, 0.0, 0.0, 0.0, 0.0, 100.0]
  Avg ACT steps (last 100): 16.00
  saved: /home/jvdillon/projects/sic/code/maze/ckpts/x07d/step02500.pt acc=87.50% (0.076s)
Step  2500  Test 87.50% /  0.00% (halt: 87.50%/ 0.00%)  Train lm=0.8555±0.0015ϵ[0.8516,0.8633] n_halted=7.9360±30.8988ϵ[0.0000,128.0000]  TrainAcc 87.44%/ 0.00% (halt: 87.44%/ 0.00%)  (51.937s / 385.050s)
  n_active=128.0000±0.0000ϵ[128.0000,128.0000] n_expunged=0.0000±0.0000ϵ[0.0000,0.0000] pool_util=1.0000±0.0000ϵ[1.0000,1.0000]
  path_valid=0.00%, exact_match=0.00%
  eval_avg_halt_step: 16.00
  per_H_acc: ['H0=0.0%', 'H1=0.0%', 'H2=0.0%']
  H_cos: ['0.934', '0.996']
  z_H_delta: ['5.812', '2.719']
  cells: fixed=[0, 0] broken=[0, 0]
  per_ACT_cell_acc: ['H1=87.5%', 'H2=87.5%', 'H3=87.5%', 'H4=87.5%', 'H5=87.5%', 'H6=87.5%', 'H7=87.5%', 'H8=87.5%', 'H9=87.5%', 'H10=87.5%', 'H11=87.5%', 'H12=87.5%', 'H13=87.5%', 'H14=87.5%', 'H15=87.5%', 'H16=87.5%']
  per_ACT_puzzle_acc: ['H1=0.0%', 'H2=0.0%', 'H3=0.0%', 'H4=0.0%', 'H5=0.0%', 'H6=0.0%', 'H7=0.0%', 'H8=0.0%', 'H9=0.0%', 'H10=0.0%', 'H11=0.0%', 'H12=0.0%', 'H13=0.0%', 'H14=0.0%', 'H15=0.0%', 'H16=0.0%']
  mean_sigmoid_q_halt: ['0.000', '0.000', '0.000', '0.000', '0.000', '0.000', '0.000', '0.000', '0.000', '0.000', '0.000', '0.000', '0.000', '0.000', '0.000', '0.000']
  halt_rates: ['0.00', '0.00', '0.00', '0.00', '0.00', '0.00', '0.00', '0.00', '0.00', '0.00', '0.00', '0.00', '0.00', '0.00', '0.00', '0.00']
  halt_histogram %: [0.0, 0.0, 0.0, 0.0, 0.0, 0.0, 0.0, 0.0, 0.0, 0.0, 0.0, 0.0, 0.0, 0.0, 0.0, 100.0]
  Avg ACT steps (last 100): 16.00
  eval_avg_halt_step: 16.00
  per_H_acc: ['H0=0.0%', 'H1=0.0%', 'H2=0.0%']
  H_cos: ['0.934', '0.996']
  z_H_delta: ['5.812', '2.719']
  cells: fixed=[0, 0] broken=[0, 0]
  per_ACT_cell_acc: ['H1=87.4%', 'H2=87.4%', 'H3=87.4%', 'H4=87.4%', 'H5=87.4%', 'H6=87.4%', 'H7=87.4%', 'H8=87.4%', 'H9=87.4%', 'H10=87.4%', 'H11=87.4%', 'H12=87.4%', 'H13=87.4%', 'H14=87.4%', 'H15=87.4%', 'H16=87.4%']
  per_ACT_puzzle_acc: ['H1=0.0%', 'H2=0.0%', 'H3=0.0%', 'H4=0.0%', 'H5=0.0%', 'H6=0.0%', 'H7=0.0%', 'H8=0.0%', 'H9=0.0%', 'H10=0.0%', 'H11=0.0%', 'H12=0.0%', 'H13=0.0%', 'H14=0.0%', 'H15=0.0%', 'H16=0.0%']
  mean_sigmoid_q_halt: ['0.000', '0.000', '0.000', '0.000', '0.000', '0.000', '0.000', '0.000', '0.000', '0.000', '0.000', '0.000', '0.000', '0.000', '0.000', '0.000']
  halt_rates: ['0.00', '0.00', '0.00', '0.00', '0.00', '0.00', '0.00', '0.00', '0.00', '0.00', '0.00', '0.00', '0.00', '0.00', '0.00', '0.00']
  halt_histogram %: [0.0, 0.0, 0.0, 0.0, 0.0, 0.0, 0.0, 0.0, 0.0, 0.0, 0.0, 0.0, 0.0, 0.0, 0.0, 100.0]
  Avg ACT steps (last 100): 16.00
  saved: /home/jvdillon/projects/sic/code/maze/ckpts/x07d/step03000.pt acc=87.50% (0.073s)
Step  3000  Test 87.50% /  0.00% (halt: 87.50%/ 0.00%)  Train lm=0.8555±0.0014ϵ[0.8516,0.8633] n_halted=7.9360±30.8988ϵ[0.0000,128.0000]  TrainAcc 87.44%/ 0.00% (halt: 87.44%/ 0.00%)  (51.935s / 384.958s)
  n_active=128.0000±0.0000ϵ[128.0000,128.0000] n_expunged=0.0000±0.0000ϵ[0.0000,0.0000] pool_util=1.0000±0.0000ϵ[1.0000,1.0000]
  path_valid=0.00%, exact_match=0.00%
  eval_avg_halt_step: 16.00
  per_H_acc: ['H0=0.0%', 'H1=0.0%', 'H2=0.0%']
  H_cos: ['0.902', '0.992']
  z_H_delta: ['6.625', '3.953']
  cells: fixed=[0, 0] broken=[0, 0]
  per_ACT_cell_acc: ['H1=87.3%', 'H2=87.5%', 'H3=87.5%', 'H4=87.5%', 'H5=87.5%', 'H6=87.5%', 'H7=87.5%', 'H8=87.5%', 'H9=87.5%', 'H10=87.5%', 'H11=87.5%', 'H12=87.5%', 'H13=87.5%', 'H14=87.5%', 'H15=87.5%', 'H16=87.5%']
  per_ACT_puzzle_acc: ['H1=0.0%', 'H2=0.0%', 'H3=0.0%', 'H4=0.0%', 'H5=0.0%', 'H6=0.0%', 'H7=0.0%', 'H8=0.0%', 'H9=0.0%', 'H10=0.0%', 'H11=0.0%', 'H12=0.0%', 'H13=0.0%', 'H14=0.0%', 'H15=0.0%', 'H16=0.0%']
  mean_sigmoid_q_halt: ['0.000', '0.000', '0.000', '0.000', '0.000', '0.000', '0.000', '0.000', '0.000', '0.000', '0.000', '0.000', '0.000', '0.000', '0.000', '0.000']
  halt_rates: ['0.00', '0.00', '0.00', '0.00', '0.00', '0.00', '0.00', '0.00', '0.00', '0.00', '0.00', '0.00', '0.00', '0.00', '0.00', '0.00']
  halt_histogram %: [0.0, 0.0, 0.0, 0.0, 0.0, 0.0, 0.0, 0.0, 0.0, 0.0, 0.0, 0.0, 0.0, 0.0, 0.0, 100.0]
  Avg ACT steps (last 100): 16.00
  eval_avg_halt_step: 16.00
  per_H_acc: ['H0=0.0%', 'H1=0.0%', 'H2=0.0%']
  H_cos: ['0.902', '0.992']
  z_H_delta: ['6.625', '3.938']
  cells: fixed=[0, 0] broken=[0, 0]
  per_ACT_cell_acc: ['H1=87.3%', 'H2=87.6%', 'H3=87.6%', 'H4=87.6%', 'H5=87.6%', 'H6=87.6%', 'H7=87.6%', 'H8=87.6%', 'H9=87.6%', 'H10=87.6%', 'H11=87.6%', 'H12=87.6%', 'H13=87.6%', 'H14=87.6%', 'H15=87.6%', 'H16=87.6%']
  per_ACT_puzzle_acc: ['H1=0.0%', 'H2=0.0%', 'H3=0.0%', 'H4=0.0%', 'H5=0.0%', 'H6=0.0%', 'H7=0.0%', 'H8=0.0%', 'H9=0.0%', 'H10=0.0%', 'H11=0.0%', 'H12=0.0%', 'H13=0.0%', 'H14=0.0%', 'H15=0.0%', 'H16=0.0%']
  mean_sigmoid_q_halt: ['0.000', '0.000', '0.000', '0.000', '0.000', '0.000', '0.000', '0.000', '0.000', '0.000', '0.000', '0.000', '0.000', '0.000', '0.000', '0.000']
  halt_rates: ['0.00', '0.00', '0.00', '0.00', '0.00', '0.00', '0.00', '0.00', '0.00', '0.00', '0.00', '0.00', '0.00', '0.00', '0.00', '0.00']
  halt_histogram %: [0.0, 0.0, 0.0, 0.0, 0.0, 0.0, 0.0, 0.0, 0.0, 0.0, 0.0, 0.0, 0.0, 0.0, 0.0, 100.0]
  Avg ACT steps (last 100): 16.00
  saved: /home/jvdillon/projects/sic/code/maze/ckpts/x07d/step03500.pt acc=87.50% (0.079s)
Step  3500  Test 87.50% /  0.00% (halt: 87.50%/ 0.00%)  Train lm=0.8555±0.0014ϵ[0.8516,0.8711] n_halted=7.9360±30.8988ϵ[0.0000,128.0000]  TrainAcc 87.44%/ 0.00% (halt: 87.44%/ 0.00%)  (51.914s / 384.999s)
  n_active=128.0000±0.0000ϵ[128.0000,128.0000] n_expunged=0.0000±0.0000ϵ[0.0000,0.0000] pool_util=1.0000±0.0000ϵ[1.0000,1.0000]
  path_valid=0.00%, exact_match=0.00%
  eval_avg_halt_step: 16.00
  per_H_acc: ['H0=0.0%', 'H1=0.0%', 'H2=0.0%']
  H_cos: ['0.980', '0.996']
  z_H_delta: ['5.625', '2.734']
  cells: fixed=[0, 0] broken=[0, 0]
  per_ACT_cell_acc: ['H1=87.3%', 'H2=87.5%', 'H3=87.5%', 'H4=87.5%', 'H5=87.5%', 'H6=87.5%', 'H7=87.5%', 'H8=87.5%', 'H9=87.5%', 'H10=87.5%', 'H11=87.5%', 'H12=87.5%', 'H13=87.5%', 'H14=87.5%', 'H15=87.5%', 'H16=87.5%']
  per_ACT_puzzle_acc: ['H1=0.0%', 'H2=0.0%', 'H3=0.0%', 'H4=0.0%', 'H5=0.0%', 'H6=0.0%', 'H7=0.0%', 'H8=0.0%', 'H9=0.0%', 'H10=0.0%', 'H11=0.0%', 'H12=0.0%', 'H13=0.0%', 'H14=0.0%', 'H15=0.0%', 'H16=0.0%']
  mean_sigmoid_q_halt: ['0.000', '0.000', '0.000', '0.000', '0.000', '0.000', '0.000', '0.000', '0.000', '0.000', '0.000', '0.000', '0.000', '0.000', '0.000', '0.000']
  halt_rates: ['0.00', '0.00', '0.00', '0.00', '0.00', '0.00', '0.00', '0.00', '0.00', '0.00', '0.00', '0.00', '0.00', '0.00', '0.00', '0.00']
  halt_histogram %: [0.0, 0.0, 0.0, 0.0, 0.0, 0.0, 0.0, 0.0, 0.0, 0.0, 0.0, 0.0, 0.0, 0.0, 0.0, 100.0]
  Avg ACT steps (last 100): 16.00
  eval_avg_halt_step: 16.00
  per_H_acc: ['H0=0.0%', 'H1=0.0%', 'H2=0.0%']
  H_cos: ['0.980', '0.996']
  z_H_delta: ['5.625', '2.734']
  cells: fixed=[0, 0] broken=[0, 0]
  per_ACT_cell_acc: ['H1=87.2%', 'H2=87.4%', 'H3=87.4%', 'H4=87.4%', 'H5=87.4%', 'H6=87.4%', 'H7=87.4%', 'H8=87.4%', 'H9=87.4%', 'H10=87.4%', 'H11=87.4%', 'H12=87.4%', 'H13=87.4%', 'H14=87.4%', 'H15=87.4%', 'H16=87.4%']
  per_ACT_puzzle_acc: ['H1=0.0%', 'H2=0.0%', 'H3=0.0%', 'H4=0.0%', 'H5=0.0%', 'H6=0.0%', 'H7=0.0%', 'H8=0.0%', 'H9=0.0%', 'H10=0.0%', 'H11=0.0%', 'H12=0.0%', 'H13=0.0%', 'H14=0.0%', 'H15=0.0%', 'H16=0.0%']
  mean_sigmoid_q_halt: ['0.000', '0.000', '0.000', '0.000', '0.000', '0.000', '0.000', '0.000', '0.000', '0.000', '0.000', '0.000', '0.000', '0.000', '0.000', '0.000']
  halt_rates: ['0.00', '0.00', '0.00', '0.00', '0.00', '0.00', '0.00', '0.00', '0.00', '0.00', '0.00', '0.00', '0.00', '0.00', '0.00', '0.00']
  halt_histogram %: [0.0, 0.0, 0.0, 0.0, 0.0, 0.0, 0.0, 0.0, 0.0, 0.0, 0.0, 0.0, 0.0, 0.0, 0.0, 100.0]
  Avg ACT steps (last 100): 16.00
  saved: /home/jvdillon/projects/sic/code/maze/ckpts/x07d/step04000.pt acc=87.50% (0.075s)
Step  4000  Test 87.50% /  0.00% (halt: 87.50%/ 0.00%)  Train lm=0.8555±0.0015ϵ[0.8516,0.8672] n_halted=8.1920±31.3598ϵ[0.0000,128.0000]  TrainAcc 87.44%/ 0.00% (halt: 87.44%/ 0.00%)  (51.929s / 385.035s)
  n_active=128.0000±0.0000ϵ[128.0000,128.0000] n_expunged=0.0000±0.0000ϵ[0.0000,0.0000] pool_util=1.0000±0.0000ϵ[1.0000,1.0000]
  path_valid=0.00%, exact_match=0.00%
  eval_avg_halt_step: 16.00
  per_H_acc: ['H0=0.0%', 'H1=0.0%', 'H2=0.0%']
  H_cos: ['0.996', '1.000']
  z_H_delta: ['4.562', '2.422']
  cells: fixed=[0, 0] broken=[0, 0]
  per_ACT_cell_acc: ['H1=87.5%', 'H2=87.5%', 'H3=87.5%', 'H4=87.5%', 'H5=87.5%', 'H6=87.5%', 'H7=87.5%', 'H8=87.5%', 'H9=87.5%', 'H10=87.5%', 'H11=87.5%', 'H12=87.5%', 'H13=87.5%', 'H14=87.5%', 'H15=87.5%', 'H16=87.5%']
  per_ACT_puzzle_acc: ['H1=0.0%', 'H2=0.0%', 'H3=0.0%', 'H4=0.0%', 'H5=0.0%', 'H6=0.0%', 'H7=0.0%', 'H8=0.0%', 'H9=0.0%', 'H10=0.0%', 'H11=0.0%', 'H12=0.0%', 'H13=0.0%', 'H14=0.0%', 'H15=0.0%', 'H16=0.0%']
  mean_sigmoid_q_halt: ['0.000', '0.000', '0.000', '0.000', '0.000', '0.000', '0.000', '0.000', '0.000', '0.000', '0.000', '0.000', '0.000', '0.000', '0.000', '0.000']
  halt_rates: ['0.00', '0.00', '0.00', '0.00', '0.00', '0.00', '0.00', '0.00', '0.00', '0.00', '0.00', '0.00', '0.00', '0.00', '0.00', '0.00']
  halt_histogram %: [0.0, 0.0, 0.0, 0.0, 0.0, 0.0, 0.0, 0.0, 0.0, 0.0, 0.0, 0.0, 0.0, 0.0, 0.0, 100.0]
  Avg ACT steps (last 100): 16.00
  eval_avg_halt_step: 16.00
  per_H_acc: ['H0=0.0%', 'H1=0.0%', 'H2=0.0%']
  H_cos: ['0.996', '1.000']
  z_H_delta: ['4.562', '2.422']
  cells: fixed=[0, 0] broken=[0, 0]
  per_ACT_cell_acc: ['H1=87.4%', 'H2=87.4%', 'H3=87.4%', 'H4=87.4%', 'H5=87.4%', 'H6=87.4%', 'H7=87.4%', 'H8=87.4%', 'H9=87.4%', 'H10=87.4%', 'H11=87.4%', 'H12=87.4%', 'H13=87.4%', 'H14=87.4%', 'H15=87.4%', 'H16=87.4%']
  per_ACT_puzzle_acc: ['H1=0.0%', 'H2=0.0%', 'H3=0.0%', 'H4=0.0%', 'H5=0.0%', 'H6=0.0%', 'H7=0.0%', 'H8=0.0%', 'H9=0.0%', 'H10=0.0%', 'H11=0.0%', 'H12=0.0%', 'H13=0.0%', 'H14=0.0%', 'H15=0.0%', 'H16=0.0%']
  mean_sigmoid_q_halt: ['0.000', '0.000', '0.000', '0.000', '0.000', '0.000', '0.000', '0.000', '0.000', '0.000', '0.000', '0.000', '0.000', '0.000', '0.000', '0.000']
  halt_rates: ['0.00', '0.00', '0.00', '0.00', '0.00', '0.00', '0.00', '0.00', '0.00', '0.00', '0.00', '0.00', '0.00', '0.00', '0.00', '0.00']
  halt_histogram %: [0.0, 0.0, 0.0, 0.0, 0.0, 0.0, 0.0, 0.0, 0.0, 0.0, 0.0, 0.0, 0.0, 0.0, 0.0, 100.0]
  Avg ACT steps (last 100): 16.00
  saved: /home/jvdillon/projects/sic/code/maze/ckpts/x07d/step04500.pt acc=87.50% (0.076s)
Step  4500  Test 87.50% /  0.00% (halt: 87.50%/ 0.00%)  Train lm=0.8555±0.0015ϵ[0.8516,0.8633] n_halted=7.9360±30.8988ϵ[0.0000,128.0000]  TrainAcc 87.44%/ 0.00% (halt: 87.44%/ 0.00%)  (51.951s / 385.023s)
  n_active=128.0000±0.0000ϵ[128.0000,128.0000] n_expunged=0.0000±0.0000ϵ[0.0000,0.0000] pool_util=1.0000±0.0000ϵ[1.0000,1.0000]
  path_valid=0.00%, exact_match=0.00%
  eval_avg_halt_step: 16.00
  per_H_acc: ['H0=0.0%', 'H1=0.0%', 'H2=0.0%']
  H_cos: ['0.988', '1.000']
  z_H_delta: ['5.125', '2.453']
  cells: fixed=[0, 0] broken=[0, 0]
  per_ACT_cell_acc: ['H1=87.3%', 'H2=87.5%', 'H3=87.5%', 'H4=87.5%', 'H5=87.5%', 'H6=87.5%', 'H7=87.5%', 'H8=87.5%', 'H9=87.5%', 'H10=87.5%', 'H11=87.5%', 'H12=87.5%', 'H13=87.5%', 'H14=87.5%', 'H15=87.5%', 'H16=87.5%']
  per_ACT_puzzle_acc: ['H1=0.0%', 'H2=0.0%', 'H3=0.0%', 'H4=0.0%', 'H5=0.0%', 'H6=0.0%', 'H7=0.0%', 'H8=0.0%', 'H9=0.0%', 'H10=0.0%', 'H11=0.0%', 'H12=0.0%', 'H13=0.0%', 'H14=0.0%', 'H15=0.0%', 'H16=0.0%']
  mean_sigmoid_q_halt: ['0.000', '0.000', '0.000', '0.000', '0.000', '0.000', '0.000', '0.000', '0.000', '0.000', '0.000', '0.000', '0.000', '0.000', '0.000', '0.000']
  halt_rates: ['0.00', '0.00', '0.00', '0.00', '0.00', '0.00', '0.00', '0.00', '0.00', '0.00', '0.00', '0.00', '0.00', '0.00', '0.00', '0.00']
  halt_histogram %: [0.0, 0.0, 0.0, 0.0, 0.0, 0.0, 0.0, 0.0, 0.0, 0.0, 0.0, 0.0, 0.0, 0.0, 0.0, 100.0]
  Avg ACT steps (last 100): 16.00
  eval_avg_halt_step: 16.00
  per_H_acc: ['H0=0.0%', 'H1=0.0%', 'H2=0.0%']
  H_cos: ['0.988', '1.000']
  z_H_delta: ['5.125', '2.453']
  cells: fixed=[0, 0] broken=[0, 0]
  per_ACT_cell_acc: ['H1=87.3%', 'H2=87.5%', 'H3=87.5%', 'H4=87.5%', 'H5=87.5%', 'H6=87.5%', 'H7=87.5%', 'H8=87.5%', 'H9=87.5%', 'H10=87.5%', 'H11=87.5%', 'H12=87.5%', 'H13=87.5%', 'H14=87.5%', 'H15=87.5%', 'H16=87.5%']
  per_ACT_puzzle_acc: ['H1=0.0%', 'H2=0.0%', 'H3=0.0%', 'H4=0.0%', 'H5=0.0%', 'H6=0.0%', 'H7=0.0%', 'H8=0.0%', 'H9=0.0%', 'H10=0.0%', 'H11=0.0%', 'H12=0.0%', 'H13=0.0%', 'H14=0.0%', 'H15=0.0%', 'H16=0.0%']
  mean_sigmoid_q_halt: ['0.000', '0.000', '0.000', '0.000', '0.000', '0.000', '0.000', '0.000', '0.000', '0.000', '0.000', '0.000', '0.000', '0.000', '0.000', '0.000']
  halt_rates: ['0.00', '0.00', '0.00', '0.00', '0.00', '0.00', '0.00', '0.00', '0.00', '0.00', '0.00', '0.00', '0.00', '0.00', '0.00', '0.00']
  halt_histogram %: [0.0, 0.0, 0.0, 0.0, 0.0, 0.0, 0.0, 0.0, 0.0, 0.0, 0.0, 0.0, 0.0, 0.0, 0.0, 100.0]
  Avg ACT steps (last 100): 16.00
  saved: /home/jvdillon/projects/sic/code/maze/ckpts/x07d/step05000.pt acc=87.50% (0.075s)
Step  5000  Test 87.50% /  0.00% (halt: 87.50%/ 0.00%)  Train lm=0.8555±0.0011ϵ[0.8555,0.8633] n_halted=7.9360±30.8988ϵ[0.0000,128.0000]  TrainAcc 87.44%/ 0.00% (halt: 87.44%/ 0.00%)  (51.927s / 385.011s)
  n_active=128.0000±0.0000ϵ[128.0000,128.0000] n_expunged=0.0000±0.0000ϵ[0.0000,0.0000] pool_util=1.0000±0.0000ϵ[1.0000,1.0000]
  path_valid=0.00%, exact_match=0.00%
  eval_avg_halt_step: 16.00
  per_H_acc: ['H0=0.0%', 'H1=0.0%', 'H2=0.0%']
  H_cos: ['0.996', '0.996']
  z_H_delta: ['5.125', '2.812']
  cells: fixed=[0, 0] broken=[0, 0]
  per_ACT_cell_acc: ['H1=87.5%', 'H2=87.5%', 'H3=87.5%', 'H4=87.5%', 'H5=87.5%', 'H6=87.5%', 'H7=87.5%', 'H8=87.5%', 'H9=87.5%', 'H10=87.5%', 'H11=87.5%', 'H12=87.5%', 'H13=87.5%', 'H14=87.5%', 'H15=87.5%', 'H16=87.5%']
  per_ACT_puzzle_acc: ['H1=0.0%', 'H2=0.0%', 'H3=0.0%', 'H4=0.0%', 'H5=0.0%', 'H6=0.0%', 'H7=0.0%', 'H8=0.0%', 'H9=0.0%', 'H10=0.0%', 'H11=0.0%', 'H12=0.0%', 'H13=0.0%', 'H14=0.0%', 'H15=0.0%', 'H16=0.0%']
  mean_sigmoid_q_halt: ['0.000', '0.000', '0.000', '0.000', '0.000', '0.000', '0.000', '0.000', '0.000', '0.000', '0.000', '0.000', '0.000', '0.000', '0.000', '0.000']
  halt_rates: ['0.00', '0.00', '0.00', '0.00', '0.00', '0.00', '0.00', '0.00', '0.00', '0.00', '0.00', '0.00', '0.00', '0.00', '0.00', '0.00']
  halt_histogram %: [0.0, 0.0, 0.0, 0.0, 0.0, 0.0, 0.0, 0.0, 0.0, 0.0, 0.0, 0.0, 0.0, 0.0, 0.0, 100.0]
  Avg ACT steps (last 100): 16.00
  eval_avg_halt_step: 16.00
  per_H_acc: ['H0=0.0%', 'H1=0.0%', 'H2=0.0%']
  H_cos: ['0.996', '0.996']
  z_H_delta: ['5.125', '2.812']
  cells: fixed=[0, 0] broken=[0, 0]
  per_ACT_cell_acc: ['H1=87.4%', 'H2=87.4%', 'H3=87.4%', 'H4=87.4%', 'H5=87.4%', 'H6=87.4%', 'H7=87.4%', 'H8=87.4%', 'H9=87.4%', 'H10=87.4%', 'H11=87.4%', 'H12=87.4%', 'H13=87.4%', 'H14=87.4%', 'H15=87.4%', 'H16=87.4%']
  per_ACT_puzzle_acc: ['H1=0.0%', 'H2=0.0%', 'H3=0.0%', 'H4=0.0%', 'H5=0.0%', 'H6=0.0%', 'H7=0.0%', 'H8=0.0%', 'H9=0.0%', 'H10=0.0%', 'H11=0.0%', 'H12=0.0%', 'H13=0.0%', 'H14=0.0%', 'H15=0.0%', 'H16=0.0%']
  mean_sigmoid_q_halt: ['0.000', '0.000', '0.000', '0.000', '0.000', '0.000', '0.000', '0.000', '0.000', '0.000', '0.000', '0.000', '0.000', '0.000', '0.000', '0.000']
  halt_rates: ['0.00', '0.00', '0.00', '0.00', '0.00', '0.00', '0.00', '0.00', '0.00', '0.00', '0.00', '0.00', '0.00', '0.00', '0.00', '0.00']
  halt_histogram %: [0.0, 0.0, 0.0, 0.0, 0.0, 0.0, 0.0, 0.0, 0.0, 0.0, 0.0, 0.0, 0.0, 0.0, 0.0, 100.0]
  Avg ACT steps (last 100): 16.00
  saved: /home/jvdillon/projects/sic/code/maze/ckpts/x07d/step05500.pt acc=87.50% (0.074s)
Step  5500  Test 87.50% /  0.00% (halt: 87.50%/ 0.00%)  Train lm=0.8555±0.0010ϵ[0.8516,0.8594] n_halted=7.9360±30.8988ϵ[0.0000,128.0000]  TrainAcc 87.44%/ 0.00% (halt: 87.44%/ 0.00%)  (51.926s / 385.109s)
  n_active=128.0000±0.0000ϵ[128.0000,128.0000] n_expunged=0.0000±0.0000ϵ[0.0000,0.0000] pool_util=1.0000±0.0000ϵ[1.0000,1.0000]
  path_valid=0.00%, exact_match=0.00%
  eval_avg_halt_step: 16.00
  per_H_acc: ['H0=0.0%', 'H1=0.0%', 'H2=0.0%']
  H_cos: ['0.992', '0.996']
  z_H_delta: ['6.188', '2.078']
  cells: fixed=[0, 0] broken=[0, 0]
  per_ACT_cell_acc: ['H1=87.3%', 'H2=87.5%', 'H3=87.5%', 'H4=87.5%', 'H5=87.5%', 'H6=87.5%', 'H7=87.5%', 'H8=87.5%', 'H9=87.5%', 'H10=87.5%', 'H11=87.5%', 'H12=87.5%', 'H13=87.5%', 'H14=87.5%', 'H15=87.5%', 'H16=87.5%']
  per_ACT_puzzle_acc: ['H1=0.0%', 'H2=0.0%', 'H3=0.0%', 'H4=0.0%', 'H5=0.0%', 'H6=0.0%', 'H7=0.0%', 'H8=0.0%', 'H9=0.0%', 'H10=0.0%', 'H11=0.0%', 'H12=0.0%', 'H13=0.0%', 'H14=0.0%', 'H15=0.0%', 'H16=0.0%']
  mean_sigmoid_q_halt: ['0.000', '0.000', '0.000', '0.000', '0.000', '0.000', '0.000', '0.000', '0.000', '0.000', '0.000', '0.000', '0.000', '0.000', '0.000', '0.000']
  halt_rates: ['0.00', '0.00', '0.00', '0.00', '0.00', '0.00', '0.00', '0.00', '0.00', '0.00', '0.00', '0.00', '0.00', '0.00', '0.00', '0.00']
  halt_histogram %: [0.0, 0.0, 0.0, 0.0, 0.0, 0.0, 0.0, 0.0, 0.0, 0.0, 0.0, 0.0, 0.0, 0.0, 0.0, 100.0]
  Avg ACT steps (last 100): 16.00
  eval_avg_halt_step: 16.00
  per_H_acc: ['H0=0.0%', 'H1=0.0%', 'H2=0.0%']
  H_cos: ['0.992', '0.996']
  z_H_delta: ['6.188', '2.078']
  cells: fixed=[0, 0] broken=[0, 0]
  per_ACT_cell_acc: ['H1=87.2%', 'H2=87.4%', 'H3=87.4%', 'H4=87.4%', 'H5=87.4%', 'H6=87.4%', 'H7=87.4%', 'H8=87.4%', 'H9=87.4%', 'H10=87.4%', 'H11=87.4%', 'H12=87.4%', 'H13=87.4%', 'H14=87.4%', 'H15=87.4%', 'H16=87.4%']
  per_ACT_puzzle_acc: ['H1=0.0%', 'H2=0.0%', 'H3=0.0%', 'H4=0.0%', 'H5=0.0%', 'H6=0.0%', 'H7=0.0%', 'H8=0.0%', 'H9=0.0%', 'H10=0.0%', 'H11=0.0%', 'H12=0.0%', 'H13=0.0%', 'H14=0.0%', 'H15=0.0%', 'H16=0.0%']
  mean_sigmoid_q_halt: ['0.000', '0.000', '0.000', '0.000', '0.000', '0.000', '0.000', '0.000', '0.000', '0.000', '0.000', '0.000', '0.000', '0.000', '0.000', '0.000']
  halt_rates: ['0.00', '0.00', '0.00', '0.00', '0.00', '0.00', '0.00', '0.00', '0.00', '0.00', '0.00', '0.00', '0.00', '0.00', '0.00', '0.00']
  halt_histogram %: [0.0, 0.0, 0.0, 0.0, 0.0, 0.0, 0.0, 0.0, 0.0, 0.0, 0.0, 0.0, 0.0, 0.0, 0.0, 100.0]
  Avg ACT steps (last 100): 16.00
  saved: /home/jvdillon/projects/sic/code/maze/ckpts/x07d/step06000.pt acc=87.50% (0.076s)
Step  6000  Test 87.50% /  0.00% (halt: 87.50%/ 0.00%)  Train lm=0.8555±0.0010ϵ[0.8516,0.8594] n_halted=8.1920±31.3598ϵ[0.0000,128.0000]  TrainAcc 87.44%/ 0.00% (halt: 87.44%/ 0.00%)  (51.965s / 385.016s)
  n_active=128.0000±0.0000ϵ[128.0000,128.0000] n_expunged=0.0000±0.0000ϵ[0.0000,0.0000] pool_util=1.0000±0.0000ϵ[1.0000,1.0000]
  path_valid=0.00%, exact_match=0.00%
  eval_avg_halt_step: 16.00
  per_H_acc: ['H0=0.0%', 'H1=0.0%', 'H2=0.0%']
  H_cos: ['0.996', '1.000']
  z_H_delta: ['7.000', '2.062']
  cells: fixed=[0, 0] broken=[0, 0]
  per_ACT_cell_acc: ['H1=87.5%', 'H2=87.5%', 'H3=87.5%', 'H4=87.5%', 'H5=87.5%', 'H6=87.5%', 'H7=87.5%', 'H8=87.5%', 'H9=87.5%', 'H10=87.5%', 'H11=87.5%', 'H12=87.5%', 'H13=87.5%', 'H14=87.5%', 'H15=87.5%', 'H16=87.5%']
  per_ACT_puzzle_acc: ['H1=0.0%', 'H2=0.0%', 'H3=0.0%', 'H4=0.0%', 'H5=0.0%', 'H6=0.0%', 'H7=0.0%', 'H8=0.0%', 'H9=0.0%', 'H10=0.0%', 'H11=0.0%', 'H12=0.0%', 'H13=0.0%', 'H14=0.0%', 'H15=0.0%', 'H16=0.0%']
  mean_sigmoid_q_halt: ['0.000', '0.000', '0.000', '0.000', '0.000', '0.000', '0.000', '0.000', '0.000', '0.000', '0.000', '0.000', '0.000', '0.000', '0.000', '0.000']
  halt_rates: ['0.00', '0.00', '0.00', '0.00', '0.00', '0.00', '0.00', '0.00', '0.00', '0.00', '0.00', '0.00', '0.00', '0.00', '0.00', '0.00']
  halt_histogram %: [0.0, 0.0, 0.0, 0.0, 0.0, 0.0, 0.0, 0.0, 0.0, 0.0, 0.0, 0.0, 0.0, 0.0, 0.0, 100.0]
  Avg ACT steps (last 100): 16.00
  eval_avg_halt_step: 16.00
  per_H_acc: ['H0=0.0%', 'H1=0.0%', 'H2=0.0%']
  H_cos: ['0.996', '1.000']
  z_H_delta: ['7.000', '2.062']
  cells: fixed=[0, 0] broken=[0, 0]
  per_ACT_cell_acc: ['H1=87.4%', 'H2=87.4%', 'H3=87.4%', 'H4=87.4%', 'H5=87.4%', 'H6=87.4%', 'H7=87.4%', 'H8=87.4%', 'H9=87.4%', 'H10=87.4%', 'H11=87.4%', 'H12=87.4%', 'H13=87.4%', 'H14=87.4%', 'H15=87.4%', 'H16=87.4%']
  per_ACT_puzzle_acc: ['H1=0.0%', 'H2=0.0%', 'H3=0.0%', 'H4=0.0%', 'H5=0.0%', 'H6=0.0%', 'H7=0.0%', 'H8=0.0%', 'H9=0.0%', 'H10=0.0%', 'H11=0.0%', 'H12=0.0%', 'H13=0.0%', 'H14=0.0%', 'H15=0.0%', 'H16=0.0%']
  mean_sigmoid_q_halt: ['0.000', '0.000', '0.000', '0.000', '0.000', '0.000', '0.000', '0.000', '0.000', '0.000', '0.000', '0.000', '0.000', '0.000', '0.000', '0.000']
  halt_rates: ['0.00', '0.00', '0.00', '0.00', '0.00', '0.00', '0.00', '0.00', '0.00', '0.00', '0.00', '0.00', '0.00', '0.00', '0.00', '0.00']
  halt_histogram %: [0.0, 0.0, 0.0, 0.0, 0.0, 0.0, 0.0, 0.0, 0.0, 0.0, 0.0, 0.0, 0.0, 0.0, 0.0, 100.0]
  Avg ACT steps (last 100): 16.00
  saved: /home/jvdillon/projects/sic/code/maze/ckpts/x07d/step06500.pt acc=87.50% (0.074s)
Step  6500  Test 87.50% /  0.00% (halt: 87.50%/ 0.00%)  Train lm=0.8555±0.0017ϵ[0.8516,0.8672] n_halted=7.9360±30.8988ϵ[0.0000,128.0000]  TrainAcc 87.44%/ 0.00% (halt: 87.44%/ 0.00%)  (51.982s / 385.088s)
  n_active=128.0000±0.0000ϵ[128.0000,128.0000] n_expunged=0.0000±0.0000ϵ[0.0000,0.0000] pool_util=1.0000±0.0000ϵ[1.0000,1.0000]
  path_valid=0.00%, exact_match=0.00%
  eval_avg_halt_step: 16.00
  per_H_acc: ['H0=0.0%', 'H1=0.0%', 'H2=0.0%']
  H_cos: ['0.996', '1.000']
  z_H_delta: ['6.188', '2.344']
  cells: fixed=[0, 0] broken=[0, 0]
  per_ACT_cell_acc: ['H1=87.4%', 'H2=87.5%', 'H3=87.5%', 'H4=87.5%', 'H5=87.5%', 'H6=87.5%', 'H7=87.5%', 'H8=87.5%', 'H9=87.5%', 'H10=87.5%', 'H11=87.5%', 'H12=87.5%', 'H13=87.5%', 'H14=87.5%', 'H15=87.5%', 'H16=87.5%']
  per_ACT_puzzle_acc: ['H1=0.0%', 'H2=0.0%', 'H3=0.0%', 'H4=0.0%', 'H5=0.0%', 'H6=0.0%', 'H7=0.0%', 'H8=0.0%', 'H9=0.0%', 'H10=0.0%', 'H11=0.0%', 'H12=0.0%', 'H13=0.0%', 'H14=0.0%', 'H15=0.0%', 'H16=0.0%']
  mean_sigmoid_q_halt: ['0.000', '0.000', '0.000', '0.000', '0.000', '0.000', '0.000', '0.000', '0.000', '0.000', '0.000', '0.000', '0.000', '0.000', '0.000', '0.000']
  halt_rates: ['0.00', '0.00', '0.00', '0.00', '0.00', '0.00', '0.00', '0.00', '0.00', '0.00', '0.00', '0.00', '0.00', '0.00', '0.00', '0.00']
  halt_histogram %: [0.0, 0.0, 0.0, 0.0, 0.0, 0.0, 0.0, 0.0, 0.0, 0.0, 0.0, 0.0, 0.0, 0.0, 0.0, 100.0]
  Avg ACT steps (last 100): 16.00
  eval_avg_halt_step: 16.00
  per_H_acc: ['H0=0.0%', 'H1=0.0%', 'H2=0.0%']
  H_cos: ['0.996', '1.000']
  z_H_delta: ['6.188', '2.344']
  cells: fixed=[0, 0] broken=[0, 0]
  per_ACT_cell_acc: ['H1=87.3%', 'H2=87.4%', 'H3=87.4%', 'H4=87.4%', 'H5=87.4%', 'H6=87.4%', 'H7=87.4%', 'H8=87.4%', 'H9=87.4%', 'H10=87.4%', 'H11=87.4%', 'H12=87.4%', 'H13=87.4%', 'H14=87.4%', 'H15=87.4%', 'H16=87.4%']
  per_ACT_puzzle_acc: ['H1=0.0%', 'H2=0.0%', 'H3=0.0%', 'H4=0.0%', 'H5=0.0%', 'H6=0.0%', 'H7=0.0%', 'H8=0.0%', 'H9=0.0%', 'H10=0.0%', 'H11=0.0%', 'H12=0.0%', 'H13=0.0%', 'H14=0.0%', 'H15=0.0%', 'H16=0.0%']
  mean_sigmoid_q_halt: ['0.000', '0.000', '0.000', '0.000', '0.000', '0.000', '0.000', '0.000', '0.000', '0.000', '0.000', '0.000', '0.000', '0.000', '0.000', '0.000']
  halt_rates: ['0.00', '0.00', '0.00', '0.00', '0.00', '0.00', '0.00', '0.00', '0.00', '0.00', '0.00', '0.00', '0.00', '0.00', '0.00', '0.00']
  halt_histogram %: [0.0, 0.0, 0.0, 0.0, 0.0, 0.0, 0.0, 0.0, 0.0, 0.0, 0.0, 0.0, 0.0, 0.0, 0.0, 100.0]
  Avg ACT steps (last 100): 16.00
  saved: /home/jvdillon/projects/sic/code/maze/ckpts/x07d/step07000.pt acc=87.50% (0.075s)
Step  7000  Test 87.50% /  0.00% (halt: 87.50%/ 0.00%)  Train lm=0.8555±0.0012ϵ[0.8516,0.8711] n_halted=7.9360±30.8988ϵ[0.0000,128.0000]  TrainAcc 87.44%/ 0.00% (halt: 87.44%/ 0.00%)  (51.962s / 384.941s)
  n_active=128.0000±0.0000ϵ[128.0000,128.0000] n_expunged=0.0000±0.0000ϵ[0.0000,0.0000] pool_util=1.0000±0.0000ϵ[1.0000,1.0000]
  path_valid=0.00%, exact_match=0.00%
  eval_avg_halt_step: 16.00
  per_H_acc: ['H0=0.0%', 'H1=0.0%', 'H2=0.0%']
  H_cos: ['0.996', '1.000']
  z_H_delta: ['5.500', '2.484']
  cells: fixed=[0, 0] broken=[0, 0]
  per_ACT_cell_acc: ['H1=87.5%', 'H2=87.5%', 'H3=87.5%', 'H4=87.5%', 'H5=87.5%', 'H6=87.5%', 'H7=87.5%', 'H8=87.5%', 'H9=87.5%', 'H10=87.5%', 'H11=87.5%', 'H12=87.5%', 'H13=87.5%', 'H14=87.5%', 'H15=87.5%', 'H16=87.5%']
  per_ACT_puzzle_acc: ['H1=0.0%', 'H2=0.0%', 'H3=0.0%', 'H4=0.0%', 'H5=0.0%', 'H6=0.0%', 'H7=0.0%', 'H8=0.0%', 'H9=0.0%', 'H10=0.0%', 'H11=0.0%', 'H12=0.0%', 'H13=0.0%', 'H14=0.0%', 'H15=0.0%', 'H16=0.0%']
  mean_sigmoid_q_halt: ['0.000', '0.000', '0.000', '0.000', '0.000', '0.000', '0.000', '0.000', '0.000', '0.000', '0.000', '0.000', '0.000', '0.000', '0.000', '0.000']
  halt_rates: ['0.00', '0.00', '0.00', '0.00', '0.00', '0.00', '0.00', '0.00', '0.00', '0.00', '0.00', '0.00', '0.00', '0.00', '0.00', '0.00']
  halt_histogram %: [0.0, 0.0, 0.0, 0.0, 0.0, 0.0, 0.0, 0.0, 0.0, 0.0, 0.0, 0.0, 0.0, 0.0, 0.0, 100.0]
  Avg ACT steps (last 100): 16.00
  eval_avg_halt_step: 16.00
  per_H_acc: ['H0=0.0%', 'H1=0.0%', 'H2=0.0%']
  H_cos: ['0.996', '1.000']
  z_H_delta: ['5.500', '2.484']
  cells: fixed=[0, 0] broken=[0, 0]
  per_ACT_cell_acc: ['H1=87.4%', 'H2=87.4%', 'H3=87.4%', 'H4=87.4%', 'H5=87.4%', 'H6=87.4%', 'H7=87.4%', 'H8=87.4%', 'H9=87.4%', 'H10=87.4%', 'H11=87.4%', 'H12=87.4%', 'H13=87.4%', 'H14=87.4%', 'H15=87.4%', 'H16=87.4%']
  per_ACT_puzzle_acc: ['H1=0.0%', 'H2=0.0%', 'H3=0.0%', 'H4=0.0%', 'H5=0.0%', 'H6=0.0%', 'H7=0.0%', 'H8=0.0%', 'H9=0.0%', 'H10=0.0%', 'H11=0.0%', 'H12=0.0%', 'H13=0.0%', 'H14=0.0%', 'H15=0.0%', 'H16=0.0%']
  mean_sigmoid_q_halt: ['0.000', '0.000', '0.000', '0.000', '0.000', '0.000', '0.000', '0.000', '0.000', '0.000', '0.000', '0.000', '0.000', '0.000', '0.000', '0.000']
  halt_rates: ['0.00', '0.00', '0.00', '0.00', '0.00', '0.00', '0.00', '0.00', '0.00', '0.00', '0.00', '0.00', '0.00', '0.00', '0.00', '0.00']
  halt_histogram %: [0.0, 0.0, 0.0, 0.0, 0.0, 0.0, 0.0, 0.0, 0.0, 0.0, 0.0, 0.0, 0.0, 0.0, 0.0, 100.0]
  Avg ACT steps (last 100): 16.00
  saved: /home/jvdillon/projects/sic/code/maze/ckpts/x07d/step07500.pt acc=87.50% (0.076s)
Step  7500  Test 87.50% /  0.00% (halt: 87.50%/ 0.00%)  Train lm=0.8555±0.0009ϵ[0.8516,0.8594] n_halted=7.9360±30.8988ϵ[0.0000,128.0000]  TrainAcc 87.44%/ 0.00% (halt: 87.44%/ 0.00%)  (51.919s / 385.089s)
  n_active=128.0000±0.0000ϵ[128.0000,128.0000] n_expunged=0.0000±0.0000ϵ[0.0000,0.0000] pool_util=1.0000±0.0000ϵ[1.0000,1.0000]
  path_valid=0.00%, exact_match=0.00%
  eval_avg_halt_step: 16.00
  per_H_acc: ['H0=0.0%', 'H1=0.0%', 'H2=0.0%']
  H_cos: ['0.988', '1.000']
  z_H_delta: ['5.562', '2.531']
  cells: fixed=[0, 0] broken=[0, 0]
  per_ACT_cell_acc: ['H1=87.4%', 'H2=87.5%', 'H3=87.5%', 'H4=87.5%', 'H5=87.5%', 'H6=87.5%', 'H7=87.5%', 'H8=87.5%', 'H9=87.5%', 'H10=87.5%', 'H11=87.5%', 'H12=87.5%', 'H13=87.5%', 'H14=87.5%', 'H15=87.5%', 'H16=87.5%']
  per_ACT_puzzle_acc: ['H1=0.0%', 'H2=0.0%', 'H3=0.0%', 'H4=0.0%', 'H5=0.0%', 'H6=0.0%', 'H7=0.0%', 'H8=0.0%', 'H9=0.0%', 'H10=0.0%', 'H11=0.0%', 'H12=0.0%', 'H13=0.0%', 'H14=0.0%', 'H15=0.0%', 'H16=0.0%']
  mean_sigmoid_q_halt: ['0.000', '0.000', '0.000', '0.000', '0.000', '0.000', '0.000', '0.000', '0.000', '0.000', '0.000', '0.000', '0.000', '0.000', '0.000', '0.000']
  halt_rates: ['0.00', '0.00', '0.00', '0.00', '0.00', '0.00', '0.00', '0.00', '0.00', '0.00', '0.00', '0.00', '0.00', '0.00', '0.00', '0.00']
  halt_histogram %: [0.0, 0.0, 0.0, 0.0, 0.0, 0.0, 0.0, 0.0, 0.0, 0.0, 0.0, 0.0, 0.0, 0.0, 0.0, 100.0]
  Avg ACT steps (last 100): 16.00
  eval_avg_halt_step: 16.00
  per_H_acc: ['H0=0.0%', 'H1=0.0%', 'H2=0.0%']
  H_cos: ['0.988', '1.000']
  z_H_delta: ['5.531', '2.531']
  cells: fixed=[0, 0] broken=[0, 0]
  per_ACT_cell_acc: ['H1=87.4%', 'H2=87.5%', 'H3=87.5%', 'H4=87.5%', 'H5=87.5%', 'H6=87.5%', 'H7=87.5%', 'H8=87.5%', 'H9=87.5%', 'H10=87.5%', 'H11=87.5%', 'H12=87.5%', 'H13=87.5%', 'H14=87.5%', 'H15=87.5%', 'H16=87.5%']
  per_ACT_puzzle_acc: ['H1=0.0%', 'H2=0.0%', 'H3=0.0%', 'H4=0.0%', 'H5=0.0%', 'H6=0.0%', 'H7=0.0%', 'H8=0.0%', 'H9=0.0%', 'H10=0.0%', 'H11=0.0%', 'H12=0.0%', 'H13=0.0%', 'H14=0.0%', 'H15=0.0%', 'H16=0.0%']
  mean_sigmoid_q_halt: ['0.000', '0.000', '0.000', '0.000', '0.000', '0.000', '0.000', '0.000', '0.000', '0.000', '0.000', '0.000', '0.000', '0.000', '0.000', '0.000']
  halt_rates: ['0.00', '0.00', '0.00', '0.00', '0.00', '0.00', '0.00', '0.00', '0.00', '0.00', '0.00', '0.00', '0.00', '0.00', '0.00', '0.00']
  halt_histogram %: [0.0, 0.0, 0.0, 0.0, 0.0, 0.0, 0.0, 0.0, 0.0, 0.0, 0.0, 0.0, 0.0, 0.0, 0.0, 100.0]
  Avg ACT steps (last 100): 16.00
  saved: /home/jvdillon/projects/sic/code/maze/ckpts/x07d/step08000.pt acc=87.50% (0.076s)
Step  8000  Test 87.50% /  0.00% (halt: 87.50%/ 0.00%)  Train lm=0.8555±0.0011ϵ[0.8516,0.8594] n_halted=8.1920±31.3598ϵ[0.0000,128.0000]  TrainAcc 87.44%/ 0.00% (halt: 87.44%/ 0.00%)  (51.924s / 384.959s)
  n_active=128.0000±0.0000ϵ[128.0000,128.0000] n_expunged=0.0000±0.0000ϵ[0.0000,0.0000] pool_util=1.0000±0.0000ϵ[1.0000,1.0000]
