Adam params: ('embed_tokens.weight', 'head.weight', 'head.bias', 'q_head.weight', 'q_head.bias', 'puzzle_id_embed.weight')
Muon 2D params: ('reasoning.0.attn.o_proj.weight', 'reasoning.0.mlp.up_proj.weight', 'reasoning.0.mlp.down_proj.weight', 'reasoning.1.attn.o_proj.weight', 'reasoning.1.mlp.up_proj.weight', 'reasoning.1.mlp.down_proj.weight')
Muon 3D params (ensemble_dims=1): ('reasoning.0.attn.qkv_proj.weight', 'reasoning.1.attn.qkv_proj.weight')
  cell_acc=87.46%, puzzle_acc=0.00%
  eval_avg_halt_step: 16.00
  per_H_acc: ['H0=35.3%', 'H1=86.4%', 'H2=87.4%']
  H_cos: ['0.652', '0.941']
  z_H_delta: ['21.250', '8.062']
  cells: fixed=[113342, 4000] broken=[6677, 1793]
  per_ACT_cell_acc: ['H1=35.3%', 'H2=86.4%', 'H3=87.4%', 'H4=87.5%', 'H5=87.5%', 'H6=87.5%', 'H7=87.5%', 'H8=87.5%', 'H9=87.5%', 'H10=87.5%', 'H11=87.5%', 'H12=87.5%', 'H13=87.5%', 'H14=87.5%', 'H15=87.4%', 'H16=87.4%']
  per_ACT_puzzle_acc: ['H1=0.0%', 'H2=0.0%', 'H3=0.0%', 'H4=0.0%', 'H5=0.0%', 'H6=0.0%', 'H7=0.0%', 'H8=0.0%', 'H9=0.0%', 'H10=0.0%', 'H11=0.0%', 'H12=0.0%', 'H13=0.0%', 'H14=0.0%', 'H15=0.0%', 'H16=0.0%']
  mean_sigmoid_q_halt: ['0.001', '0.000', '0.000', '0.000', '0.000', '0.000', '0.000', '0.000', '0.000', '0.000', '0.000', '0.000', '0.000', '0.000', '0.000', '0.000']
  halt_rates: ['0.00', '0.00', '0.00', '0.00', '0.00', '0.00', '0.00', '0.00', '0.00', '0.00', '0.00', '0.00', '0.00', '0.00', '0.00', '0.00']
  halt_histogram %: [0.0, 0.0, 0.0, 0.0, 0.0, 0.0, 0.0, 0.0, 0.0, 0.0, 0.0, 0.0, 0.0, 0.0, 0.0, 100.0]
  Avg ACT steps (last 100): 16.00
  saved: /home/jvdillon/projects/sic/code/maze/ckpts/x07f/step00500.pt acc=87.46% (0.089s)
  saved: /home/jvdillon/projects/sic/code/maze/ckpts/x07f/best.pt acc=87.46% (0.170s)
Step   500  Test 87.46% /  0.00%  Train lm=0.9258±0.0942ϵ[0.8828,1.9141] n_halted=7.9360±30.8988ϵ[0.0000,128.0000]  (36.852s / 184.662s)
  n_active=128.0000±0.0000ϵ[128.0000,128.0000] n_expunged=0.0000±0.0000ϵ[0.0000,0.0000] pool_util=1.0000±0.0000ϵ[1.0000,1.0000]
  cell_acc=91.95%, puzzle_acc=0.00%
  eval_avg_halt_step: 16.00
  per_H_acc: ['H0=87.4%', 'H1=87.4%', 'H2=87.5%']
  H_cos: ['0.652', '0.949']
  z_H_delta: ['22.375', '13.125']
  cells: fixed=[0, 601] broken=[0, 441]
  per_ACT_cell_acc: ['H1=87.4%', 'H2=87.4%', 'H3=87.5%', 'H4=88.4%', 'H5=89.3%', 'H6=90.0%', 'H7=90.6%', 'H8=90.8%', 'H9=91.0%', 'H10=91.1%', 'H11=91.2%', 'H12=91.3%', 'H13=91.4%', 'H14=91.4%', 'H15=91.4%', 'H16=91.4%']
  per_ACT_puzzle_acc: ['H1=0.0%', 'H2=0.0%', 'H3=0.0%', 'H4=0.0%', 'H5=0.0%', 'H6=0.0%', 'H7=0.0%', 'H8=0.0%', 'H9=0.0%', 'H10=0.0%', 'H11=0.0%', 'H12=0.0%', 'H13=0.0%', 'H14=0.0%', 'H15=0.0%', 'H16=0.0%']
  mean_sigmoid_q_halt: ['0.003', '0.000', '0.000', '0.000', '0.000', '0.000', '0.000', '0.000', '0.000', '0.000', '0.000', '0.000', '0.000', '0.000', '0.000', '0.000']
  halt_rates: ['0.00', '0.00', '0.00', '0.00', '0.00', '0.00', '0.00', '0.00', '0.00', '0.00', '0.00', '0.00', '0.00', '0.00', '0.00', '0.00']
  halt_histogram %: [0.0, 0.0, 0.0, 0.0, 0.0, 0.0, 0.0, 0.0, 0.0, 0.0, 0.0, 0.0, 0.0, 0.0, 0.0, 100.0]
  Avg ACT steps (last 100): 16.00
  saved: /home/jvdillon/projects/sic/code/maze/ckpts/x07f/step01000.pt acc=91.95% (0.088s)
  saved: /home/jvdillon/projects/sic/code/maze/ckpts/x07f/best.pt acc=91.95% (0.168s)
Step  1000  Test 91.95% /  0.00%  Train lm=0.8438±0.0352ϵ[0.7656,0.9375] n_halted=7.9360±30.8988ϵ[0.0000,128.0000]  (28.099s / 176.007s)
  n_active=128.0000±0.0000ϵ[128.0000,128.0000] n_expunged=0.0000±0.0000ϵ[0.0000,0.0000] pool_util=1.0000±0.0000ϵ[1.0000,1.0000]
  cell_acc=96.47%, puzzle_acc=2.90%
  eval_avg_halt_step: 13.49
  per_H_acc: ['H0=87.4%', 'H1=87.1%', 'H2=91.2%']
  H_cos: ['0.852', '0.938']
  z_H_delta: ['21.750', '11.625']
  cells: fixed=[1137, 18772] broken=[1770, 10222]
  per_ACT_cell_acc: ['H1=87.4%', 'H2=87.1%', 'H3=91.2%', 'H4=93.7%', 'H5=94.8%', 'H6=95.3%', 'H7=95.6%', 'H8=95.8%', 'H9=95.9%', 'H10=96.0%', 'H11=96.1%', 'H12=96.1%', 'H13=96.2%', 'H14=96.2%', 'H15=96.2%', 'H16=96.2%']
  per_ACT_puzzle_acc: ['H1=0.0%', 'H2=0.0%', 'H3=0.0%', 'H4=0.0%', 'H5=0.0%', 'H6=0.0%', 'H7=0.4%', 'H8=1.3%', 'H9=0.0%', 'H10=0.9%', 'H11=0.4%', 'H12=0.9%', 'H13=0.0%', 'H14=0.4%', 'H15=0.4%', 'H16=0.9%']
  mean_sigmoid_q_halt: ['0.000', '0.000', '0.000', '0.000', '0.001', '0.002', '0.007', '0.013', '0.026', '0.041', '0.057', '0.071', '0.086', '0.099', '0.111', '0.122']
  halt_rates: ['0.00', '0.00', '0.00', '0.00', '0.00', '0.00', '0.00', '0.00', '0.00', '0.02', '0.03', '0.04', '0.05', '0.06', '0.08', '0.10']
  halt_histogram %: [0.0, 0.0, 0.0, 0.1, 0.5, 0.6, 0.7, 0.7, 0.9, 1.0, 1.0, 0.7, 0.7, 0.8, 0.6, 91.7]
  Avg ACT steps (last 100): 12.11
  saved: /home/jvdillon/projects/sic/code/maze/ckpts/x07f/step01500.pt acc=96.47% (0.085s)
  saved: /home/jvdillon/projects/sic/code/maze/ckpts/x07f/best.pt acc=96.47% (0.166s)
Step  1500  Test 96.47% /  2.90%  Train lm=0.7734±0.0297ϵ[0.7422,0.9102] n_halted=8.7960±23.4038ϵ[0.0000,128.0000]  (28.107s / 175.900s)
  n_active=128.0000±0.0000ϵ[128.0000,128.0000] n_expunged=0.0000±0.0000ϵ[0.0000,0.0000] pool_util=1.0000±0.0000ϵ[1.0000,1.0000]
  cell_acc=97.93%, puzzle_acc=19.20%
  eval_avg_halt_step: 11.93
  per_H_acc: ['H0=86.1%', 'H1=85.3%', 'H2=94.4%']
  H_cos: ['0.852', '0.891']
  z_H_delta: ['22.375', '16.125']
  cells: fixed=[9478, 25416] broken=[11281, 6440]
  per_ACT_cell_acc: ['H1=86.1%', 'H2=85.3%', 'H3=94.4%', 'H4=95.6%', 'H5=96.4%', 'H6=96.8%', 'H7=97.2%', 'H8=97.4%', 'H9=97.4%', 'H10=97.5%', 'H11=97.5%', 'H12=97.5%', 'H13=97.5%', 'H14=97.5%', 'H15=97.5%', 'H16=97.5%']
  per_ACT_puzzle_acc: ['H1=0.0%', 'H2=0.0%', 'H3=0.0%', 'H4=0.0%', 'H5=1.7%', 'H6=3.0%', 'H7=7.3%', 'H8=12.9%', 'H9=13.4%', 'H10=16.4%', 'H11=17.7%', 'H12=16.8%', 'H13=17.2%', 'H14=18.1%', 'H15=17.7%', 'H16=17.2%']
  mean_sigmoid_q_halt: ['0.002', '0.000', '0.002', '0.008', '0.024', '0.059', '0.106', '0.151', '0.190', '0.206', '0.212', '0.217', '0.218', '0.224', '0.236', '0.243']
  halt_rates: ['0.00', '0.00', '0.00', '0.00', '0.00', '0.01', '0.03', '0.08', '0.14', '0.15', '0.14', '0.15', '0.16', '0.16', '0.18', '0.18']
  halt_histogram %: [0.0, 0.4, 4.0, 5.3, 4.8, 3.8, 3.2, 2.6, 2.4, 2.1, 1.9, 1.5, 1.2, 1.4, 1.0, 64.5]
  Avg ACT steps (last 100): 6.24
  saved: /home/jvdillon/projects/sic/code/maze/ckpts/x07f/step02000.pt acc=97.93% (0.082s)
  saved: /home/jvdillon/projects/sic/code/maze/ckpts/x07f/best.pt acc=97.93% (0.163s)
Step  2000  Test 97.93% / 19.20%  Train lm=0.7578±0.0064ϵ[0.7422,0.7773] n_halted=15.0100±9.9020ϵ[0.0000,53.0000]  (28.125s / 176.012s)
  n_active=128.0000±0.0000ϵ[128.0000,128.0000] n_expunged=0.0000±0.0000ϵ[0.0000,0.0000] pool_util=1.0000±0.0000ϵ[1.0000,1.0000]
  cell_acc=98.57%, puzzle_acc=47.40%
  eval_avg_halt_step: 3.75
  per_H_acc: ['H0=81.6%', 'H1=87.9%', 'H2=96.9%']
  H_cos: ['0.809', '0.895']
  z_H_delta: ['23.375', '16.250']
  cells: fixed=[15882, 21424] broken=[2751, 2605]
  per_ACT_cell_acc: ['H1=81.6%', 'H2=87.9%', 'H3=96.9%', 'H4=97.8%', 'H5=98.1%', 'H6=98.3%', 'H7=98.4%', 'H8=98.4%', 'H9=98.4%', 'H10=98.4%', 'H11=98.5%', 'H12=98.5%', 'H13=98.5%', 'H14=98.5%', 'H15=98.5%', 'H16=98.5%']
  per_ACT_puzzle_acc: ['H1=0.0%', 'H2=0.0%', 'H3=0.0%', 'H4=7.3%', 'H5=24.1%', 'H6=37.9%', 'H7=45.7%', 'H8=46.6%', 'H9=48.3%', 'H10=49.1%', 'H11=50.9%', 'H12=51.3%', 'H13=50.9%', 'H14=51.3%', 'H15=51.3%', 'H16=50.4%']
  mean_sigmoid_q_halt: ['0.005', '0.003', '0.008', '0.291', '0.395', '0.527', '0.637', '0.699', '0.738', '0.762', '0.758', '0.770', '0.777', '0.781', '0.785', '0.789']
  halt_rates: ['0.00', '0.00', '0.00', '0.27', '0.38', '0.56', '0.67', '0.74', '0.80', '0.81', '0.81', '0.81', '0.81', '0.82', '0.82', '0.82']
  halt_histogram %: [0.0, 12.6, 14.2, 9.3, 6.1, 4.0, 3.1, 2.3, 2.1, 1.9, 1.6, 1.3, 1.0, 1.1, 0.8, 38.7]
  Avg ACT steps (last 100): 2.74
  saved: /home/jvdillon/projects/sic/code/maze/ckpts/x07f/step02500.pt acc=98.57% (0.083s)
  saved: /home/jvdillon/projects/sic/code/maze/ckpts/x07f/best.pt acc=98.57% (0.163s)
Step  2500  Test 98.57% / 47.40%  Train lm=0.7461±0.0064ϵ[0.7305,0.7617] n_halted=29.1840±14.3704ϵ[2.0000,68.0000]  (28.142s / 176.041s)
  n_active=128.0000±0.0000ϵ[128.0000,128.0000] n_expunged=0.0000±0.0000ϵ[0.0000,0.0000] pool_util=1.0000±0.0000ϵ[1.0000,1.0000]
  cell_acc=98.50%, puzzle_acc=44.60%
  eval_avg_halt_step: 5.12
  per_H_acc: ['H0=87.3%', 'H1=88.2%', 'H2=97.3%']
  H_cos: ['0.840', '0.879']
  z_H_delta: ['22.500', '17.625']
  cells: fixed=[8923, 21639] broken=[7027, 2619]
  per_ACT_cell_acc: ['H1=87.3%', 'H2=88.2%', 'H3=97.3%', 'H4=98.0%', 'H5=98.3%', 'H6=98.4%', 'H7=98.5%', 'H8=98.5%', 'H9=98.5%', 'H10=98.5%', 'H11=98.5%', 'H12=98.5%', 'H13=98.6%', 'H14=98.5%', 'H15=98.5%', 'H16=98.5%']
  per_ACT_puzzle_acc: ['H1=0.0%', 'H2=0.0%', 'H3=0.9%', 'H4=12.1%', 'H5=24.6%', 'H6=36.6%', 'H7=41.4%', 'H8=42.2%', 'H9=43.5%', 'H10=44.0%', 'H11=44.0%', 'H12=43.5%', 'H13=43.5%', 'H14=42.7%', 'H15=44.4%', 'H16=43.1%']
  mean_sigmoid_q_halt: ['0.002', '0.008', '0.058', '0.238', '0.352', '0.473', '0.562', '0.621', '0.660', '0.672', '0.672', '0.684', '0.688', '0.688', '0.691', '0.691']
  halt_rates: ['0.00', '0.00', '0.00', '0.21', '0.33', '0.47', '0.58', '0.64', '0.69', '0.69', '0.67', '0.69', '0.70', '0.69', '0.69', '0.69']
  halt_histogram %: [0.4, 36.7, 15.8, 7.4, 4.3, 2.8, 2.1, 1.6, 1.3, 1.2, 1.0, 0.8, 0.6, 0.7, 0.5, 22.9]
  Avg ACT steps (last 100): 2.20
  saved: /home/jvdillon/projects/sic/code/maze/ckpts/x07f/step03000.pt acc=98.50% (0.085s)
Step  3000  Test 98.50% / 44.60%  Train lm=0.7305±0.0044ϵ[0.7227,0.7500] n_halted=48.8520±10.2872ϵ[17.0000,79.0000]  (28.054s / 176.051s)
  n_active=128.0000±0.0000ϵ[128.0000,128.0000] n_expunged=0.0000±0.0000ϵ[0.0000,0.0000] pool_util=1.0000±0.0000ϵ[1.0000,1.0000]
  cell_acc=98.69%, puzzle_acc=55.70%
  eval_avg_halt_step: 2.67
  per_H_acc: ['H0=50.5%', 'H1=77.7%', 'H2=97.6%']
  H_cos: ['0.645', '0.828']
  z_H_delta: ['23.750', '20.125']
  cells: fixed=[95013, 43944] broken=[38153, 2278]
  per_ACT_cell_acc: ['H1=50.5%', 'H2=77.7%', 'H3=97.6%', 'H4=98.2%', 'H5=98.4%', 'H6=98.5%', 'H7=98.5%', 'H8=98.5%', 'H9=98.5%', 'H10=98.5%', 'H11=98.6%', 'H12=98.6%', 'H13=98.6%', 'H14=98.6%', 'H15=98.6%', 'H16=98.6%']
  per_ACT_puzzle_acc: ['H1=0.0%', 'H2=0.0%', 'H3=4.7%', 'H4=26.7%', 'H5=39.2%', 'H6=44.8%', 'H7=47.8%', 'H8=50.9%', 'H9=51.3%', 'H10=50.4%', 'H11=52.2%', 'H12=52.6%', 'H13=53.0%', 'H14=53.0%', 'H15=53.0%', 'H16=53.4%']
  mean_sigmoid_q_halt: ['0.007', '0.040', '0.198', '0.512', '0.633', '0.754', '0.812', '0.840', '0.863', '0.871', '0.883', '0.891', '0.887', '0.895', '0.898', '0.906']
  halt_rates: ['0.00', '0.00', '0.10', '0.53', '0.66', '0.78', '0.84', '0.86', '0.88', '0.88', '0.89', '0.91', '0.91', '0.91', '0.91', '0.93']
  halt_histogram %: [3.3, 49.3, 14.5, 5.7, 3.1, 2.0, 1.5, 1.1, 0.9, 0.8, 0.7, 0.6, 0.4, 0.5, 0.4, 15.4]
  Avg ACT steps (last 100): 2.09
  saved: /home/jvdillon/projects/sic/code/maze/ckpts/x07f/step03500.pt acc=98.69% (0.086s)
  saved: /home/jvdillon/projects/sic/code/maze/ckpts/x07f/best.pt acc=98.69% (0.168s)
Step  3500  Test 98.69% / 55.70%  Train lm=0.7266±0.0025ϵ[0.7227,0.7383] n_halted=58.5220±9.7359ϵ[34.0000,90.0000]  (28.113s / 175.984s)
  n_active=128.0000±0.0000ϵ[128.0000,128.0000] n_expunged=0.0000±0.0000ϵ[0.0000,0.0000] pool_util=1.0000±0.0000ϵ[1.0000,1.0000]
  cell_acc=98.62%, puzzle_acc=56.50%
  eval_avg_halt_step: 3.48
  per_H_acc: ['H0=76.1%', 'H1=82.1%', 'H2=97.9%']
  H_cos: ['0.738', '0.879']
  z_H_delta: ['23.875', '19.375']
  cells: fixed=[38970, 35013] broken=[26448, 2050]
  per_ACT_cell_acc: ['H1=76.1%', 'H2=82.1%', 'H3=97.9%', 'H4=98.5%', 'H5=98.6%', 'H6=98.7%', 'H7=98.7%', 'H8=98.6%', 'H9=98.6%', 'H10=98.6%', 'H11=98.6%', 'H12=98.6%', 'H13=98.6%', 'H14=98.6%', 'H15=98.6%', 'H16=98.6%']
  per_ACT_puzzle_acc: ['H1=0.0%', 'H2=0.0%', 'H3=7.3%', 'H4=35.3%', 'H5=48.7%', 'H6=53.4%', 'H7=56.0%', 'H8=56.9%', 'H9=56.5%', 'H10=56.9%', 'H11=56.0%', 'H12=55.6%', 'H13=55.2%', 'H14=55.2%', 'H15=53.9%', 'H16=54.3%']
  mean_sigmoid_q_halt: ['0.005', '0.055', '0.144', '0.535', '0.695', '0.789', '0.832', '0.832', '0.836', '0.844', '0.859', '0.859', '0.855', '0.863', '0.867', '0.867']
  halt_rates: ['0.00', '0.00', '0.06', '0.55', '0.72', '0.81', '0.86', '0.83', '0.85', '0.85', '0.88', '0.87', '0.88', '0.88', '0.88', '0.89']
  halt_histogram %: [8.3, 53.6, 13.2, 4.6, 2.4, 1.5, 1.1, 0.8, 0.7, 0.6, 0.5, 0.4, 0.3, 0.4, 0.3, 11.3]
  Avg ACT steps (last 100): 1.98
  saved: /home/jvdillon/projects/sic/code/maze/ckpts/x07f/step04000.pt acc=98.62% (0.083s)
Step  4000  Test 98.62% / 56.50%  Train lm=0.7266±0.0025ϵ[0.7188,0.7344] n_halted=64.1020±10.5866ϵ[35.0000,100.0000]  (28.036s / 176.023s)
  n_active=128.0000±0.0000ϵ[128.0000,128.0000] n_expunged=0.0000±0.0000ϵ[0.0000,0.0000] pool_util=1.0000±0.0000ϵ[1.0000,1.0000]
  cell_acc=98.71%, puzzle_acc=59.90%
  eval_avg_halt_step: 3.81
  per_H_acc: ['H0=70.8%', 'H1=76.1%', 'H2=97.5%']
  H_cos: ['0.723', '0.852']
  z_H_delta: ['23.000', '21.000']
  cells: fixed=[53304, 47426] broken=[42205, 2675]
  per_ACT_cell_acc: ['H1=70.8%', 'H2=76.1%', 'H3=97.5%', 'H4=98.1%', 'H5=98.3%', 'H6=98.4%', 'H7=98.5%', 'H8=98.5%', 'H9=98.6%', 'H10=98.6%', 'H11=98.6%', 'H12=98.6%', 'H13=98.6%', 'H14=98.6%', 'H15=98.6%', 'H16=98.6%']
  per_ACT_puzzle_acc: ['H1=0.0%', 'H2=0.0%', 'H3=5.2%', 'H4=27.6%', 'H5=45.3%', 'H6=52.2%', 'H7=55.6%', 'H8=55.6%', 'H9=57.3%', 'H10=58.2%', 'H11=58.6%', 'H12=58.2%', 'H13=56.9%', 'H14=59.1%', 'H15=58.2%', 'H16=58.2%']
  mean_sigmoid_q_halt: ['0.007', '0.128', '0.116', '0.393', '0.523', '0.648', '0.703', '0.758', '0.762', '0.777', '0.801', '0.793', '0.793', '0.797', '0.805', '0.797']
  halt_rates: ['0.00', '0.00', '0.03', '0.38', '0.53', '0.67', '0.71', '0.78', '0.77', '0.78', '0.81', '0.80', '0.79', '0.80', '0.80', '0.80']
  halt_histogram %: [12.6, 55.3, 12.1, 3.9, 1.9, 1.2, 0.9, 0.7, 0.5, 0.5, 0.4, 0.3, 0.3, 0.3, 0.2, 8.9]
  Avg ACT steps (last 100): 2.18
  saved: /home/jvdillon/projects/sic/code/maze/ckpts/x07f/step04500.pt acc=98.71% (0.056s)
  saved: /home/jvdillon/projects/sic/code/maze/ckpts/x07f/best.pt acc=98.71% (0.135s)
Step  4500  Test 98.71% / 59.90%  Train lm=0.7227±0.0026ϵ[0.7188,0.7461] n_halted=67.2780±11.2439ϵ[4.0000,96.0000]  (28.094s / 176.067s)
  n_active=128.0000±0.0000ϵ[128.0000,128.0000] n_expunged=0.0000±0.0000ϵ[0.0000,0.0000] pool_util=1.0000±0.0000ϵ[1.0000,1.0000]
  cell_acc=98.48%, puzzle_acc=45.10%
  eval_avg_halt_step: 4.83
  per_H_acc: ['H0=80.9%', 'H1=82.3%', 'H2=97.6%']
  H_cos: ['0.668', '0.871']
  z_H_delta: ['22.750', '18.875']
  cells: fixed=[31501, 34059] broken=[28446, 2224]
  per_ACT_cell_acc: ['H1=80.9%', 'H2=82.3%', 'H3=97.6%', 'H4=98.2%', 'H5=98.4%', 'H6=98.6%', 'H7=98.6%', 'H8=98.6%', 'H9=98.6%', 'H10=98.6%', 'H11=98.6%', 'H12=98.6%', 'H13=98.6%', 'H14=98.6%', 'H15=98.6%', 'H16=98.6%']
  per_ACT_puzzle_acc: ['H1=0.0%', 'H2=0.0%', 'H3=8.2%', 'H4=25.4%', 'H5=38.8%', 'H6=43.1%', 'H7=45.3%', 'H8=46.6%', 'H9=47.8%', 'H10=47.0%', 'H11=47.8%', 'H12=47.0%', 'H13=48.3%', 'H14=48.7%', 'H15=48.7%', 'H16=47.0%']
  mean_sigmoid_q_halt: ['0.006', '0.178', '0.143', '0.320', '0.424', '0.512', '0.566', '0.598', '0.625', '0.609', '0.613', '0.613', '0.621', '0.645', '0.621', '0.633']
  halt_rates: ['0.00', '0.00', '0.08', '0.29', '0.45', '0.53', '0.58', '0.61', '0.64', '0.62', '0.61', '0.61', '0.64', '0.67', '0.62', '0.66']
  halt_histogram %: [18.2, 54.1, 11.1, 3.4, 1.6, 1.0, 0.7, 0.6, 0.4, 0.4, 0.3, 0.3, 0.2, 0.2, 0.2, 7.2]
  Avg ACT steps (last 100): 1.73
  saved: /home/jvdillon/projects/sic/code/maze/ckpts/x07f/step05000.pt acc=98.48% (0.056s)
Step  5000  Test 98.48% / 45.10%  Train lm=0.7227±0.0022ϵ[0.7188,0.7422] n_halted=73.9020±11.7499ϵ[37.0000,104.0000]  (28.008s / 176.057s)
  n_active=128.0000±0.0000ϵ[128.0000,128.0000] n_expunged=0.0000±0.0000ϵ[0.0000,0.0000] pool_util=1.0000±0.0000ϵ[1.0000,1.0000]
  cell_acc=98.83%, puzzle_acc=59.70%
  eval_avg_halt_step: 2.40
  per_H_acc: ['H0=86.5%', 'H1=86.4%', 'H2=98.3%']
  H_cos: ['0.766', '0.887']
  z_H_delta: ['23.000', '17.750']
  cells: fixed=[20825, 26615] broken=[21053, 1565]
  per_ACT_cell_acc: ['H1=86.5%', 'H2=86.4%', 'H3=98.3%', 'H4=98.6%', 'H5=98.7%', 'H6=98.7%', 'H7=98.7%', 'H8=98.7%', 'H9=98.8%', 'H10=98.7%', 'H11=98.7%', 'H12=98.8%', 'H13=98.8%', 'H14=98.8%', 'H15=98.8%', 'H16=98.8%']
  per_ACT_puzzle_acc: ['H1=0.0%', 'H2=0.0%', 'H3=20.3%', 'H4=50.4%', 'H5=55.2%', 'H6=59.5%', 'H7=60.8%', 'H8=60.8%', 'H9=60.3%', 'H10=59.1%', 'H11=58.6%', 'H12=58.6%', 'H13=58.6%', 'H14=58.2%', 'H15=58.2%', 'H16=58.2%']
  mean_sigmoid_q_halt: ['0.009', '0.113', '0.277', '0.594', '0.723', '0.793', '0.840', '0.863', '0.875', '0.879', '0.883', '0.887', '0.891', '0.891', '0.891', '0.898']
  halt_rates: ['0.00', '0.00', '0.20', '0.62', '0.75', '0.81', '0.88', '0.90', '0.91', '0.91', '0.91', '0.91', '0.92', '0.92', '0.92', '0.93']
  halt_histogram %: [22.8, 52.8, 10.3, 3.0, 1.4, 0.9, 0.6, 0.5, 0.4, 0.3, 0.3, 0.2, 0.2, 0.2, 0.1, 6.0]
  Avg ACT steps (last 100): 1.66
  saved: /home/jvdillon/projects/sic/code/maze/ckpts/x07f/step05500.pt acc=98.83% (0.056s)
  saved: /home/jvdillon/projects/sic/code/maze/ckpts/x07f/best.pt acc=98.83% (0.136s)
Step  5500  Test 98.83% / 59.70%  Train lm=0.7227±0.0021ϵ[0.7188,0.7305] n_halted=76.3920±11.7340ϵ[42.0000,105.0000]  (28.070s / 175.951s)
  n_active=128.0000±0.0000ϵ[128.0000,128.0000] n_expunged=0.0000±0.0000ϵ[0.0000,0.0000] pool_util=1.0000±0.0000ϵ[1.0000,1.0000]
  cell_acc=98.91%, puzzle_acc=64.60%
  eval_avg_halt_step: 1.95
  per_H_acc: ['H0=87.5%', 'H1=83.2%', 'H2=98.4%']
  H_cos: ['0.797', '0.871']
  z_H_delta: ['22.625', '17.125']
  cells: fixed=[17976, 33098] broken=[26838, 1456]
  per_ACT_cell_acc: ['H1=87.5%', 'H2=83.2%', 'H3=98.4%', 'H4=98.8%', 'H5=98.8%', 'H6=98.8%', 'H7=98.9%', 'H8=98.9%', 'H9=98.9%', 'H10=98.9%', 'H11=98.9%', 'H12=98.9%', 'H13=98.9%', 'H14=98.9%', 'H15=98.9%', 'H16=98.9%']
  per_ACT_puzzle_acc: ['H1=0.0%', 'H2=0.0%', 'H3=27.6%', 'H4=49.6%', 'H5=58.2%', 'H6=59.9%', 'H7=60.8%', 'H8=61.6%', 'H9=62.5%', 'H10=62.5%', 'H11=63.4%', 'H12=63.4%', 'H13=63.4%', 'H14=63.4%', 'H15=63.4%', 'H16=63.4%']
  mean_sigmoid_q_halt: ['0.015', '0.139', '0.406', '0.684', '0.812', '0.863', '0.898', '0.914', '0.930', '0.934', '0.938', '0.941', '0.945', '0.945', '0.949', '0.949']
  halt_rates: ['0.00', '0.00', '0.36', '0.70', '0.85', '0.88', '0.91', '0.93', '0.94', '0.94', '0.96', '0.96', '0.96', '0.96', '0.96', '0.97']
  halt_histogram %: [26.9, 51.3, 9.5, 2.6, 1.2, 0.8, 0.5, 0.4, 0.3, 0.3, 0.2, 0.2, 0.2, 0.2, 0.1, 5.1]
  Avg ACT steps (last 100): 1.53
  saved: /home/jvdillon/projects/sic/code/maze/ckpts/x07f/step06000.pt acc=98.91% (0.055s)
  saved: /home/jvdillon/projects/sic/code/maze/ckpts/x07f/best.pt acc=98.91% (0.135s)
Step  6000  Test 98.91% / 64.60%  Train lm=0.7227±0.0021ϵ[0.7188,0.7383] n_halted=79.8100±11.1270ϵ[51.0000,106.0000]  (28.068s / 175.960s)
  n_active=128.0000±0.0000ϵ[128.0000,128.0000] n_expunged=0.0000±0.0000ϵ[0.0000,0.0000] pool_util=1.0000±0.0000ϵ[1.0000,1.0000]
  cell_acc=98.36%, puzzle_acc=40.10%
  eval_avg_halt_step: 4.06
  per_H_acc: ['H0=85.8%', 'H1=74.3%', 'H2=98.2%']
  H_cos: ['0.781', '0.836']
  z_H_delta: ['23.125', '19.875']
  cells: fixed=[25364, 51645] broken=[49371, 1766]
  per_ACT_cell_acc: ['H1=85.8%', 'H2=74.3%', 'H3=98.2%', 'H4=98.6%', 'H5=98.8%', 'H6=98.8%', 'H7=98.8%', 'H8=98.7%', 'H9=98.7%', 'H10=98.6%', 'H11=98.6%', 'H12=98.6%', 'H13=98.5%', 'H14=98.5%', 'H15=98.6%', 'H16=98.5%']
  per_ACT_puzzle_acc: ['H1=0.0%', 'H2=0.0%', 'H3=13.4%', 'H4=38.4%', 'H5=48.7%', 'H6=52.2%', 'H7=53.0%', 'H8=50.9%', 'H9=50.9%', 'H10=47.0%', 'H11=47.4%', 'H12=47.0%', 'H13=43.5%', 'H14=44.0%', 'H15=44.0%', 'H16=44.0%']
  mean_sigmoid_q_halt: ['0.020', '0.075', '0.230', '0.484', '0.570', '0.625', '0.641', '0.648', '0.660', '0.648', '0.648', '0.641', '0.637', '0.629', '0.637', '0.633']
  halt_rates: ['0.00', '0.00', '0.16', '0.50', '0.61', '0.69', '0.68', '0.70', '0.72', '0.70', '0.69', '0.69', '0.69', '0.68', '0.69', '0.69']
  halt_histogram %: [31.7, 48.9, 8.8, 2.4, 1.1, 0.7, 0.5, 0.4, 0.3, 0.3, 0.2, 0.2, 0.1, 0.1, 0.1, 4.4]
  Avg ACT steps (last 100): 1.58
  saved: /home/jvdillon/projects/sic/code/maze/ckpts/x07f/step06500.pt acc=98.36% (0.062s)
Step  6500  Test 98.36% / 40.10%  Train lm=0.7227±0.0023ϵ[0.7188,0.7344] n_halted=86.5360±11.0746ϵ[51.0000,111.0000]  (27.995s / 175.930s)
  n_active=128.0000±0.0000ϵ[128.0000,128.0000] n_expunged=0.0000±0.0000ϵ[0.0000,0.0000] pool_util=1.0000±0.0000ϵ[1.0000,1.0000]
  cell_acc=98.94%, puzzle_acc=64.10%
  eval_avg_halt_step: 2.11
  per_H_acc: ['H0=72.2%', 'H1=59.9%', 'H2=98.1%']
  H_cos: ['0.645', '0.758']
  z_H_delta: ['22.875', '22.125']
  cells: fixed=[56111, 81690] broken=[81840, 1969]
  per_ACT_cell_acc: ['H1=72.2%', 'H2=59.9%', 'H3=98.1%', 'H4=98.8%', 'H5=98.9%', 'H6=98.9%', 'H7=98.9%', 'H8=98.9%', 'H9=98.9%', 'H10=98.9%', 'H11=98.9%', 'H12=98.9%', 'H13=98.9%', 'H14=98.9%', 'H15=98.9%', 'H16=98.9%']
  per_ACT_puzzle_acc: ['H1=0.0%', 'H2=0.0%', 'H3=17.7%', 'H4=47.4%', 'H5=59.5%', 'H6=63.4%', 'H7=65.1%', 'H8=66.4%', 'H9=66.8%', 'H10=65.9%', 'H11=65.9%', 'H12=66.4%', 'H13=65.9%', 'H14=66.4%', 'H15=65.9%', 'H16=65.1%']
  mean_sigmoid_q_halt: ['0.029', '0.041', '0.293', '0.695', '0.840', '0.898', '0.918', '0.938', '0.934', '0.934', '0.938', '0.938', '0.938', '0.941', '0.941', '0.938']
  halt_rates: ['0.00', '0.00', '0.25', '0.72', '0.88', '0.93', '0.94', '0.96', '0.94', '0.94', '0.95', '0.95', '0.95', '0.95', '0.96', '0.96']
  halt_histogram %: [35.0, 47.2, 8.2, 2.1, 1.0, 0.6, 0.4, 0.3, 0.3, 0.2, 0.2, 0.2, 0.1, 0.1, 0.1, 3.9]
  Avg ACT steps (last 100): 1.60
  saved: /home/jvdillon/projects/sic/code/maze/ckpts/x07f/step07000.pt acc=98.94% (0.057s)
  saved: /home/jvdillon/projects/sic/code/maze/ckpts/x07f/best.pt acc=98.94% (0.138s)
Step  7000  Test 98.94% / 64.10%  Train lm=0.7227±0.0020ϵ[0.7188,0.7305] n_halted=85.2900±11.8799ϵ[40.0000,110.0000]  (28.072s / 175.948s)
  n_active=128.0000±0.0000ϵ[128.0000,128.0000] n_expunged=0.0000±0.0000ϵ[0.0000,0.0000] pool_util=1.0000±0.0000ϵ[1.0000,1.0000]
  cell_acc=99.02%, puzzle_acc=54.20%
  eval_avg_halt_step: 1.78
  per_H_acc: ['H0=50.3%', 'H1=62.8%', 'H2=98.7%']
  H_cos: ['0.664', '0.777']
  z_H_delta: ['25.375', '21.000']
  cells: fixed=[103525, 76249] broken=[77515, 1202]
  per_ACT_cell_acc: ['H1=50.3%', 'H2=62.8%', 'H3=98.7%', 'H4=98.9%', 'H5=98.9%', 'H6=98.9%', 'H7=98.9%', 'H8=98.9%', 'H9=98.9%', 'H10=98.9%', 'H11=98.9%', 'H12=98.9%', 'H13=98.9%', 'H14=98.9%', 'H15=98.9%', 'H16=98.9%']
  per_ACT_puzzle_acc: ['H1=0.0%', 'H2=0.0%', 'H3=33.6%', 'H4=59.9%', 'H5=64.2%', 'H6=66.8%', 'H7=67.7%', 'H8=67.7%', 'H9=68.5%', 'H10=67.2%', 'H11=66.4%', 'H12=65.9%', 'H13=63.4%', 'H14=62.5%', 'H15=62.9%', 'H16=62.1%']
  mean_sigmoid_q_halt: ['0.033', '0.116', '0.457', '0.758', '0.863', '0.902', '0.926', '0.934', '0.934', '0.938', '0.941', '0.941', '0.938', '0.938', '0.934', '0.934']
  halt_rates: ['0.00', '0.00', '0.42', '0.75', '0.90', '0.94', '0.96', '0.97', '0.97', '0.97', '0.97', '0.97', '0.97', '0.97', '0.96', '0.97']
  halt_histogram %: [37.8, 45.8, 7.8, 2.0, 0.9, 0.5, 0.4, 0.3, 0.2, 0.2, 0.2, 0.1, 0.1, 0.1, 0.1, 3.5]
  Avg ACT steps (last 100): 1.29
  saved: /home/jvdillon/projects/sic/code/maze/ckpts/x07f/step07500.pt acc=99.02% (0.054s)
  saved: /home/jvdillon/projects/sic/code/maze/ckpts/x07f/best.pt acc=99.02% (0.132s)
Step  7500  Test 99.02% / 54.20%  Train lm=0.7227±0.0022ϵ[0.7188,0.7344] n_halted=85.9600±12.7533ϵ[41.0000,110.0000]  (28.074s / 175.914s)
  n_active=128.0000±0.0000ϵ[128.0000,128.0000] n_expunged=0.0000±0.0000ϵ[0.0000,0.0000] pool_util=1.0000±0.0000ϵ[1.0000,1.0000]
  cell_acc=98.71%, puzzle_acc=28.80%
  eval_avg_halt_step: 2.12
  per_H_acc: ['H0=50.3%', 'H1=59.9%', 'H2=98.4%']
  H_cos: ['0.582', '0.809']
  z_H_delta: ['25.750', '22.375']
  cells: fixed=[102894, 82086] broken=[82917, 1550]
  per_ACT_cell_acc: ['H1=50.3%', 'H2=59.9%', 'H3=98.4%', 'H4=98.7%', 'H5=98.8%', 'H6=98.8%', 'H7=98.8%', 'H8=98.8%', 'H9=98.8%', 'H10=98.8%', 'H11=98.8%', 'H12=98.8%', 'H13=98.8%', 'H14=98.8%', 'H15=98.7%', 'H16=98.7%']
  per_ACT_puzzle_acc: ['H1=0.0%', 'H2=0.0%', 'H3=31.0%', 'H4=55.2%', 'H5=62.9%', 'H6=64.7%', 'H7=66.4%', 'H8=66.8%', 'H9=66.8%', 'H10=66.4%', 'H11=62.9%', 'H12=59.9%', 'H13=56.9%', 'H14=54.3%', 'H15=49.1%', 'H16=43.5%']
  mean_sigmoid_q_halt: ['0.121', '0.758', '0.438', '0.750', '0.840', '0.879', '0.906', '0.914', '0.922', '0.918', '0.906', '0.895', '0.867', '0.840', '0.805', '0.750']
  halt_rates: ['0.00', '1.00', '0.39', '0.76', '0.85', '0.89', '0.92', '0.92', '0.93', '0.92', '0.93', '0.92', '0.88', '0.84', '0.80', '0.75']
  halt_histogram %: [41.0, 43.8, 7.3, 1.8, 0.8, 0.5, 0.3, 0.3, 0.2, 0.2, 0.2, 0.1, 0.1, 0.1, 0.1, 3.2]
  Avg ACT steps (last 100): 1.19
  saved: /home/jvdillon/projects/sic/code/maze/ckpts/x07f/step08000.pt acc=98.71% (0.056s)
Step  8000  Test 98.71% / 28.80%  Train lm=0.7227±0.0024ϵ[0.7188,0.7344] n_halted=91.8840±11.5387ϵ[47.0000,114.0000]  (27.991s / 175.933s)
  n_active=128.0000±0.0000ϵ[128.0000,128.0000] n_expunged=0.0000±0.0000ϵ[0.0000,0.0000] pool_util=1.0000±0.0000ϵ[1.0000,1.0000]
  cell_acc=99.08%, puzzle_acc=66.60%
  eval_avg_halt_step: 1.79
  per_H_acc: ['H0=50.3%', 'H1=67.9%', 'H2=98.9%']
  H_cos: ['0.777', '0.867']
  z_H_delta: ['23.500', '21.000']
  cells: fixed=[101965, 65690] broken=[65196, 995]
  per_ACT_cell_acc: ['H1=50.3%', 'H2=67.9%', 'H3=98.9%', 'H4=99.1%', 'H5=99.2%', 'H6=99.2%', 'H7=99.2%', 'H8=99.2%', 'H9=99.2%', 'H10=99.2%', 'H11=99.2%', 'H12=99.2%', 'H13=99.2%', 'H14=99.2%', 'H15=99.2%', 'H16=99.2%']
  per_ACT_puzzle_acc: ['H1=0.0%', 'H2=0.0%', 'H3=36.6%', 'H4=65.1%', 'H5=71.6%', 'H6=71.6%', 'H7=72.4%', 'H8=73.3%', 'H9=72.4%', 'H10=73.3%', 'H11=73.3%', 'H12=73.7%', 'H13=72.8%', 'H14=72.8%', 'H15=71.1%', 'H16=71.6%']
  mean_sigmoid_q_halt: ['0.149', '0.052', '0.494', '0.805', '0.875', '0.891', '0.891', '0.875', '0.867', '0.855', '0.848', '0.840', '0.828', '0.820', '0.812', '0.805']
  halt_rates: ['0.00', '0.00', '0.50', '0.81', '0.91', '0.93', '0.94', '0.93', '0.94', '0.94', '0.94', '0.95', '0.94', '0.93', '0.94', '0.94']
  halt_histogram %: [44.2, 41.7, 6.9, 1.7, 0.7, 0.4, 0.3, 0.2, 0.2, 0.2, 0.1, 0.1, 0.1, 0.1, 0.1, 2.9]
  Avg ACT steps (last 100): 1.26
  saved: /home/jvdillon/projects/sic/code/maze/ckpts/x07f/step08500.pt acc=99.08% (0.056s)
  saved: /home/jvdillon/projects/sic/code/maze/ckpts/x07f/best.pt acc=99.08% (0.137s)
Step  8500  Test 99.08% / 66.60%  Train lm=0.7227±0.0022ϵ[0.7188,0.7344] n_halted=96.4100±9.1137ϵ[58.0000,116.0000]  (28.063s / 175.862s)
  n_active=128.0000±0.0000ϵ[128.0000,128.0000] n_expunged=0.0000±0.0000ϵ[0.0000,0.0000] pool_util=1.0000±0.0000ϵ[1.0000,1.0000]
  cell_acc=98.95%, puzzle_acc=43.00%
  eval_avg_halt_step: 1.61
  per_H_acc: ['H0=43.2%', 'H1=77.0%', 'H2=98.8%']
  H_cos: ['0.762', '0.875']
  z_H_delta: ['23.000', '20.750']
  cells: fixed=[103808, 46533] broken=[33229, 985]
  per_ACT_cell_acc: ['H1=43.2%', 'H2=77.0%', 'H3=98.8%', 'H4=99.1%', 'H5=99.1%', 'H6=99.1%', 'H7=99.1%', 'H8=99.1%', 'H9=99.1%', 'H10=99.1%', 'H11=99.1%', 'H12=99.1%', 'H13=99.1%', 'H14=99.1%', 'H15=99.0%', 'H16=99.0%']
  per_ACT_puzzle_acc: ['H1=0.0%', 'H2=0.0%', 'H3=38.8%', 'H4=61.2%', 'H5=66.4%', 'H6=67.7%', 'H7=69.0%', 'H8=69.4%', 'H9=68.1%', 'H10=67.7%', 'H11=67.7%', 'H12=65.5%', 'H13=64.2%', 'H14=62.1%', 'H15=61.2%', 'H16=58.6%']
  mean_sigmoid_q_halt: ['0.087', '0.158', '0.629', '0.828', '0.906', '0.926', '0.945', '0.953', '0.953', '0.961', '0.957', '0.961', '0.965', '0.965', '0.961', '0.953']
  halt_rates: ['0.00', '0.00', '0.62', '0.85', '0.94', '0.94', '0.96', '0.97', '0.97', '0.98', '0.97', '0.97', '0.98', '0.98', '0.98', '0.97']
  halt_histogram %: [46.7, 40.2, 6.5, 1.6, 0.7, 0.4, 0.3, 0.2, 0.2, 0.2, 0.1, 0.1, 0.1, 0.1, 0.1, 2.6]
  Avg ACT steps (last 100): 1.31
  saved: /home/jvdillon/projects/sic/code/maze/ckpts/x07f/step09000.pt acc=98.95% (0.057s)
Step  9000  Test 98.95% / 43.00%  Train lm=0.7227±0.0023ϵ[0.7188,0.7383] n_halted=95.3740±10.4182ϵ[54.0000,114.0000]  (27.997s / 175.936s)
  n_active=128.0000±0.0000ϵ[128.0000,128.0000] n_expunged=0.0000±0.0000ϵ[0.0000,0.0000] pool_util=1.0000±0.0000ϵ[1.0000,1.0000]
  cell_acc=99.09%, puzzle_acc=67.70%
  eval_avg_halt_step: 1.78
  per_H_acc: ['H0=45.9%', 'H1=54.7%', 'H2=98.7%']
  H_cos: ['0.621', '0.711']
  z_H_delta: ['23.875', '24.000']
  cells: fixed=[100850, 93252] broken=[82610, 1192]
  per_ACT_cell_acc: ['H1=45.9%', 'H2=54.7%', 'H3=98.7%', 'H4=99.0%', 'H5=99.1%', 'H6=99.1%', 'H7=99.1%', 'H8=99.1%', 'H9=99.1%', 'H10=99.1%', 'H11=99.1%', 'H12=99.1%', 'H13=99.1%', 'H14=99.1%', 'H15=99.1%', 'H16=99.1%']
  per_ACT_puzzle_acc: ['H1=0.0%', 'H2=0.0%', 'H3=35.8%', 'H4=64.2%', 'H5=72.4%', 'H6=71.6%', 'H7=71.6%', 'H8=71.1%', 'H9=71.6%', 'H10=71.6%', 'H11=71.6%', 'H12=71.6%', 'H13=71.6%', 'H14=71.6%', 'H15=71.6%', 'H16=71.6%']
  mean_sigmoid_q_halt: ['0.264', '0.080', '0.469', '0.773', '0.898', '0.926', '0.938', '0.941', '0.945', '0.949', '0.949', '0.949', '0.945', '0.941', '0.934', '0.930']
  halt_rates: ['0.00', '0.00', '0.45', '0.78', '0.93', '0.95', '0.96', '0.96', '0.96', '0.97', '0.97', '0.97', '0.97', '0.95', '0.94', '0.94']
  halt_histogram %: [49.0, 38.6, 6.2, 1.5, 0.6, 0.4, 0.3, 0.2, 0.2, 0.1, 0.1, 0.1, 0.1, 0.1, 0.1, 2.4]
  Avg ACT steps (last 100): 1.30
  saved: /home/jvdillon/projects/sic/code/maze/ckpts/x07f/step09500.pt acc=99.09% (0.058s)
  saved: /home/jvdillon/projects/sic/code/maze/ckpts/x07f/best.pt acc=99.09% (0.138s)
Step  9500  Test 99.09% / 67.70%  Train lm=0.7227±0.0022ϵ[0.7188,0.7305] n_halted=98.0580±8.2927ϵ[47.0000,115.0000]  (28.065s / 175.927s)
  n_active=128.0000±0.0000ϵ[128.0000,128.0000] n_expunged=0.0000±0.0000ϵ[0.0000,0.0000] pool_util=1.0000±0.0000ϵ[1.0000,1.0000]
  cell_acc=99.03%, puzzle_acc=68.00%
  eval_avg_halt_step: 1.63
  per_H_acc: ['H0=49.6%', 'H1=72.0%', 'H2=98.7%']
  H_cos: ['0.547', '0.816']
  z_H_delta: ['23.250', '23.000']
  cells: fixed=[102363, 56823] broken=[55495, 1229]
  per_ACT_cell_acc: ['H1=49.6%', 'H2=72.0%', 'H3=98.7%', 'H4=98.9%', 'H5=98.9%', 'H6=98.9%', 'H7=98.9%', 'H8=98.9%', 'H9=98.9%', 'H10=98.9%', 'H11=98.9%', 'H12=98.9%', 'H13=98.9%', 'H14=98.9%', 'H15=98.9%', 'H16=98.9%']
  per_ACT_puzzle_acc: ['H1=0.0%', 'H2=0.0%', 'H3=41.4%', 'H4=57.8%', 'H5=64.2%', 'H6=65.5%', 'H7=65.9%', 'H8=68.1%', 'H9=66.8%', 'H10=66.8%', 'H11=67.7%', 'H12=67.2%', 'H13=67.7%', 'H14=67.7%', 'H15=67.7%', 'H16=67.7%']
  mean_sigmoid_q_halt: ['0.490', '0.034', '0.590', '0.809', '0.859', '0.895', '0.902', '0.914', '0.926', '0.930', '0.941', '0.945', '0.945', '0.953', '0.949', '0.949']
  halt_rates: ['0.47', '0.00', '0.59', '0.84', '0.88', '0.92', '0.92', '0.94', '0.94', '0.94', '0.96', '0.97', '0.96', '0.97', '0.97', '0.97']
  halt_histogram %: [50.7, 37.6, 5.9, 1.4, 0.6, 0.4, 0.3, 0.2, 0.2, 0.1, 0.1, 0.1, 0.1, 0.1, 0.1, 2.2]
  Avg ACT steps (last 100): 1.22
  saved: /home/jvdillon/projects/sic/code/maze/ckpts/x07f/step10000.pt acc=99.03% (0.058s)
Step 10000  Test 99.03% / 68.00%  Train lm=0.7227±0.0023ϵ[0.7188,0.7305] n_halted=94.9640±10.9363ϵ[44.0000,117.0000]  (27.989s / 175.922s)
  n_active=128.0000±0.0000ϵ[128.0000,128.0000] n_expunged=0.0000±0.0000ϵ[0.0000,0.0000] pool_util=1.0000±0.0000ϵ[1.0000,1.0000]
  cell_acc=99.06%, puzzle_acc=68.80%
  eval_avg_halt_step: 1.85
  per_H_acc: ['H0=37.5%', 'H1=69.0%', 'H2=98.5%']
  H_cos: ['0.633', '0.805']
  z_H_delta: ['23.375', '24.500']
  cells: fixed=[107261, 62948] broken=[41507, 1243]
  per_ACT_cell_acc: ['H1=37.5%', 'H2=69.0%', 'H3=98.5%', 'H4=99.1%', 'H5=99.2%', 'H6=99.2%', 'H7=99.2%', 'H8=99.2%', 'H9=99.2%', 'H10=99.2%', 'H11=99.2%', 'H12=99.2%', 'H13=99.2%', 'H14=99.2%', 'H15=99.2%', 'H16=99.2%']
  per_ACT_puzzle_acc: ['H1=0.0%', 'H2=0.0%', 'H3=23.3%', 'H4=56.5%', 'H5=64.2%', 'H6=70.3%', 'H7=71.6%', 'H8=72.0%', 'H9=72.0%', 'H10=72.0%', 'H11=71.6%', 'H12=71.1%', 'H13=71.1%', 'H14=71.1%', 'H15=71.1%', 'H16=71.1%']
  mean_sigmoid_q_halt: ['0.613', '0.063', '0.404', '0.781', '0.855', '0.918', '0.941', '0.953', '0.957', '0.961', '0.961', '0.965', '0.965', '0.965', '0.965', '0.969']
  halt_rates: ['1.00', '0.00', '0.39', '0.80', '0.87', '0.94', '0.97', '0.97', '0.97', '0.97', '0.97', '0.97', '0.97', '0.97', '0.98', '0.98']
  halt_histogram %: [52.7, 36.3, 5.7, 1.3, 0.6, 0.3, 0.2, 0.2, 0.1, 0.1, 0.1, 0.1, 0.1, 0.1, 0.1, 2.1]
  Avg ACT steps (last 100): 1.59
  saved: /home/jvdillon/projects/sic/code/maze/ckpts/x07f/step10500.pt acc=99.06% (0.057s)
Step 10500  Test 99.06% / 68.80%  Train lm=0.7227±0.0024ϵ[0.7188,0.7344] n_halted=100.6260±8.9460ϵ[59.0000,116.0000]  (27.993s / 175.900s)
  n_active=128.0000±0.0000ϵ[128.0000,128.0000] n_expunged=0.0000±0.0000ϵ[0.0000,0.0000] pool_util=1.0000±0.0000ϵ[1.0000,1.0000]
  cell_acc=99.10%, puzzle_acc=70.00%
  eval_avg_halt_step: 1.83
  per_H_acc: ['H0=48.9%', 'H1=82.0%', 'H2=98.5%']
  H_cos: ['0.641', '0.867']
  z_H_delta: ['24.000', '20.875']
  cells: fixed=[100428, 35966] broken=[31401, 1413]
  per_ACT_cell_acc: ['H1=48.9%', 'H2=82.0%', 'H3=98.5%', 'H4=98.8%', 'H5=98.9%', 'H6=99.0%', 'H7=99.0%', 'H8=99.0%', 'H9=99.0%', 'H10=99.0%', 'H11=99.0%', 'H12=99.0%', 'H13=99.0%', 'H14=99.0%', 'H15=99.0%', 'H16=99.0%']
  per_ACT_puzzle_acc: ['H1=0.0%', 'H2=0.0%', 'H3=34.9%', 'H4=54.7%', 'H5=61.2%', 'H6=67.2%', 'H7=68.5%', 'H8=68.5%', 'H9=69.0%', 'H10=68.5%', 'H11=68.5%', 'H12=69.0%', 'H13=67.7%', 'H14=68.1%', 'H15=68.5%', 'H16=67.7%']
  mean_sigmoid_q_halt: ['0.805', '0.106', '0.428', '0.672', '0.773', '0.844', '0.828', '0.863', '0.879', '0.859', '0.887', '0.887', '0.859', '0.891', '0.883', '0.863']
  halt_rates: ['1.00', '0.00', '0.38', '0.70', '0.82', '0.89', '0.89', '0.92', '0.94', '0.94', '0.94', '0.95', '0.94', '0.94', '0.96', '0.94']
  halt_histogram %: [54.4, 35.2, 5.5, 1.3, 0.5, 0.3, 0.2, 0.2, 0.1, 0.1, 0.1, 0.1, 0.1, 0.1, 0.1, 1.9]
  Avg ACT steps (last 100): 1.55
  saved: /home/jvdillon/projects/sic/code/maze/ckpts/x07f/step11000.pt acc=99.10% (0.056s)
  saved: /home/jvdillon/projects/sic/code/maze/ckpts/x07f/best.pt acc=99.10% (0.136s)
Step 11000  Test 99.10% / 70.00%  Train lm=0.7227±0.0024ϵ[0.7188,0.7305] n_halted=99.7860±9.6209ϵ[58.0000,117.0000]  (28.053s / 175.948s)
  n_active=128.0000±0.0000ϵ[128.0000,128.0000] n_expunged=0.0000±0.0000ϵ[0.0000,0.0000] pool_util=1.0000±0.0000ϵ[1.0000,1.0000]
  cell_acc=99.09%, puzzle_acc=70.20%
  eval_avg_halt_step: 1.52
  per_H_acc: ['H0=50.2%', 'H1=84.9%', 'H2=98.9%']
  H_cos: ['0.637', '0.879']
  z_H_delta: ['22.875', '21.625']
  cells: fixed=[100435, 30203] broken=[28034, 956]
  per_ACT_cell_acc: ['H1=50.2%', 'H2=84.9%', 'H3=98.9%', 'H4=99.1%', 'H5=99.1%', 'H6=99.1%', 'H7=99.1%', 'H8=99.1%', 'H9=99.1%', 'H10=99.1%', 'H11=99.1%', 'H12=99.1%', 'H13=99.1%', 'H14=99.1%', 'H15=99.1%', 'H16=99.1%']
  per_ACT_puzzle_acc: ['H1=0.0%', 'H2=0.0%', 'H3=52.6%', 'H4=66.4%', 'H5=69.8%', 'H6=71.6%', 'H7=71.1%', 'H8=72.0%', 'H9=72.0%', 'H10=72.0%', 'H11=72.0%', 'H12=70.3%', 'H13=70.3%', 'H14=69.8%', 'H15=69.8%', 'H16=69.0%']
  mean_sigmoid_q_halt: ['0.637', '0.111', '0.641', '0.836', '0.895', '0.922', '0.934', '0.941', '0.941', '0.945', '0.949', '0.945', '0.949', '0.949', '0.949', '0.949']
  halt_rates: ['1.00', '0.00', '0.62', '0.84', '0.94', '0.96', '0.97', '0.98', '0.98', '0.97', '0.98', '0.97', '0.98', '0.98', '0.98', '0.98']
  halt_histogram %: [55.9, 34.1, 5.3, 1.2, 0.5, 0.3, 0.2, 0.2, 0.1, 0.1, 0.1, 0.1, 0.1, 0.1, 0.0, 1.8]
  Avg ACT steps (last 100): 1.20
  saved: /home/jvdillon/projects/sic/code/maze/ckpts/x07f/step11500.pt acc=99.09% (0.057s)
Step 11500  Test 99.09% / 70.20%  Train lm=0.7227±0.0022ϵ[0.7188,0.7305] n_halted=100.6720±9.2624ϵ[60.0000,117.0000]  (27.999s / 175.896s)
  n_active=128.0000±0.0000ϵ[128.0000,128.0000] n_expunged=0.0000±0.0000ϵ[0.0000,0.0000] pool_util=1.0000±0.0000ϵ[1.0000,1.0000]
  cell_acc=99.22%, puzzle_acc=75.80%
  eval_avg_halt_step: 1.73
  per_H_acc: ['H0=45.0%', 'H1=78.0%', 'H2=98.9%']
  H_cos: ['0.762', '0.840']
  z_H_delta: ['22.375', '22.625']
  cells: fixed=[107849, 44515] broken=[38927, 883]
  per_ACT_cell_acc: ['H1=45.0%', 'H2=78.0%', 'H3=98.9%', 'H4=99.1%', 'H5=99.2%', 'H6=99.2%', 'H7=99.3%', 'H8=99.2%', 'H9=99.2%', 'H10=99.3%', 'H11=99.3%', 'H12=99.3%', 'H13=99.3%', 'H14=99.3%', 'H15=99.3%', 'H16=99.3%']
  per_ACT_puzzle_acc: ['H1=0.0%', 'H2=0.0%', 'H3=38.4%', 'H4=62.1%', 'H5=69.8%', 'H6=75.0%', 'H7=74.6%', 'H8=75.4%', 'H9=75.4%', 'H10=75.4%', 'H11=75.0%', 'H12=75.4%', 'H13=75.4%', 'H14=74.6%', 'H15=75.0%', 'H16=75.0%']
  mean_sigmoid_q_halt: ['0.512', '0.054', '0.559', '0.785', '0.844', '0.887', '0.902', '0.914', '0.914', '0.922', '0.926', '0.930', '0.930', '0.926', '0.926', '0.926']
  halt_rates: ['0.66', '0.00', '0.56', '0.81', '0.88', '0.93', '0.93', '0.94', '0.94', '0.95', '0.95', '0.95', '0.95', '0.96', '0.95', '0.96']
  halt_histogram %: [57.2, 33.2, 5.1, 1.1, 0.5, 0.3, 0.2, 0.2, 0.1, 0.1, 0.1, 0.1, 0.1, 0.1, 0.0, 1.7]
  Avg ACT steps (last 100): 1.24
  saved: /home/jvdillon/projects/sic/code/maze/ckpts/x07f/step12000.pt acc=99.22% (0.058s)
  saved: /home/jvdillon/projects/sic/code/maze/ckpts/x07f/best.pt acc=99.22% (0.137s)
Step 12000  Test 99.22% / 75.80%  Train lm=0.7227±0.0023ϵ[0.7188,0.7305] n_halted=100.4980±10.5126ϵ[45.0000,118.0000]  (28.075s / 175.938s)
  n_active=128.0000±0.0000ϵ[128.0000,128.0000] n_expunged=0.0000±0.0000ϵ[0.0000,0.0000] pool_util=1.0000±0.0000ϵ[1.0000,1.0000]
  cell_acc=98.97%, puzzle_acc=66.10%
  eval_avg_halt_step: 1.94
  per_H_acc: ['H0=50.3%', 'H1=73.0%', 'H2=98.6%']
  H_cos: ['0.680', '0.746']
  z_H_delta: ['23.500', '25.250']
  cells: fixed=[95685, 54780] broken=[48225, 1296]
  per_ACT_cell_acc: ['H1=50.3%', 'H2=73.0%', 'H3=98.6%', 'H4=99.0%', 'H5=99.0%', 'H6=99.0%', 'H7=99.0%', 'H8=99.0%', 'H9=99.0%', 'H10=99.0%', 'H11=99.0%', 'H12=99.0%', 'H13=99.0%', 'H14=99.0%', 'H15=99.0%', 'H16=99.0%']
  per_ACT_puzzle_acc: ['H1=0.0%', 'H2=0.0%', 'H3=37.9%', 'H4=62.1%', 'H5=68.5%', 'H6=70.3%', 'H7=70.3%', 'H8=70.7%', 'H9=71.1%', 'H10=70.3%', 'H11=70.7%', 'H12=69.8%', 'H13=69.4%', 'H14=69.8%', 'H15=70.3%', 'H16=70.3%']
  mean_sigmoid_q_halt: ['0.875', '0.130', '0.449', '0.809', '0.867', '0.914', '0.934', '0.938', '0.945', '0.941', '0.945', '0.945', '0.938', '0.934', '0.938', '0.938']
  halt_rates: ['1.00', '0.00', '0.42', '0.81', '0.87', '0.94', '0.95', '0.95', '0.96', '0.96', '0.96', '0.96', '0.96', '0.95', '0.96', '0.96']
  halt_histogram %: [58.4, 32.4, 4.9, 1.1, 0.5, 0.3, 0.2, 0.1, 0.1, 0.1, 0.1, 0.1, 0.1, 0.1, 0.0, 1.6]
  Avg ACT steps (last 100): 1.20
  saved: /home/jvdillon/projects/sic/code/maze/ckpts/x07f/step12500.pt acc=98.97% (0.057s)
Step 12500  Test 98.97% / 66.10%  Train lm=0.7227±0.0021ϵ[0.7188,0.7266] n_halted=101.3420±9.9557ϵ[27.0000,119.0000]  (27.989s / 175.936s)
  n_active=128.0000±0.0000ϵ[128.0000,128.0000] n_expunged=0.0000±0.0000ϵ[0.0000,0.0000] pool_util=1.0000±0.0000ϵ[1.0000,1.0000]
  cell_acc=99.07%, puzzle_acc=62.60%
  eval_avg_halt_step: 2.98
  per_H_acc: ['H0=16.6%', 'H1=57.2%', 'H2=98.4%']
  H_cos: ['0.688', '0.695']
  z_H_delta: ['23.500', '27.500']
  cells: fixed=[90134, 87481] broken=[5351, 1536]
  per_ACT_cell_acc: ['H1=16.6%', 'H2=57.2%', 'H3=98.4%', 'H4=98.8%', 'H5=99.1%', 'H6=99.1%', 'H7=99.1%', 'H8=99.1%', 'H9=99.1%', 'H10=99.1%', 'H11=99.1%', 'H12=99.1%', 'H13=99.1%', 'H14=99.1%', 'H15=99.1%', 'H16=99.1%']
  per_ACT_puzzle_acc: ['H1=0.0%', 'H2=0.0%', 'H3=27.2%', 'H4=47.4%', 'H5=59.9%', 'H6=62.1%', 'H7=64.7%', 'H8=65.1%', 'H9=66.4%', 'H10=65.1%', 'H11=65.1%', 'H12=64.7%', 'H13=63.8%', 'H14=63.4%', 'H15=64.7%', 'H16=63.8%']
  mean_sigmoid_q_halt: ['0.750', '0.124', '0.383', '0.598', '0.734', '0.781', '0.789', '0.801', '0.820', '0.840', '0.844', '0.848', '0.848', '0.848', '0.844', '0.848']
  halt_rates: ['1.00', '0.00', '0.35', '0.62', '0.76', '0.80', '0.81', '0.82', '0.84', '0.85', '0.85', '0.86', '0.86', '0.86', '0.84', '0.85']
  halt_histogram %: [59.5, 31.6, 4.8, 1.1, 0.4, 0.3, 0.2, 0.1, 0.1, 0.1, 0.1, 0.1, 0.1, 0.1, 0.0, 1.5]
  Avg ACT steps (last 100): 1.33
  saved: /home/jvdillon/projects/sic/code/maze/ckpts/x07f/step13000.pt acc=99.07% (0.057s)
Step 13000  Test 99.07% / 62.60%  Train lm=0.7188±0.0023ϵ[0.7188,0.7344] n_halted=102.6500±8.6369ϵ[49.0000,118.0000]  (27.991s / 175.921s)
  n_active=128.0000±0.0000ϵ[128.0000,128.0000] n_expunged=0.0000±0.0000ϵ[0.0000,0.0000] pool_util=1.0000±0.0000ϵ[1.0000,1.0000]
  cell_acc=99.16%, puzzle_acc=74.90%
  eval_avg_halt_step: 1.38
  per_H_acc: ['H0=32.8%', 'H1=85.1%', 'H2=99.0%']
  H_cos: ['0.785', '0.859']
  z_H_delta: ['26.250', '21.875']
  cells: fixed=[122168, 29942] broken=[13013, 966]
  per_ACT_cell_acc: ['H1=32.8%', 'H2=85.1%', 'H3=99.0%', 'H4=99.1%', 'H5=99.1%', 'H6=99.1%', 'H7=99.1%', 'H8=99.1%', 'H9=99.1%', 'H10=99.1%', 'H11=99.1%', 'H12=99.1%', 'H13=99.1%', 'H14=99.1%', 'H15=99.1%', 'H16=99.1%']
  per_ACT_puzzle_acc: ['H1=0.0%', 'H2=0.0%', 'H3=58.6%', 'H4=71.6%', 'H5=72.4%', 'H6=73.3%', 'H7=73.7%', 'H8=73.7%', 'H9=73.7%', 'H10=73.7%', 'H11=73.7%', 'H12=73.7%', 'H13=73.7%', 'H14=74.1%', 'H15=74.1%', 'H16=74.1%']
  mean_sigmoid_q_halt: ['0.770', '0.038', '0.746', '0.875', '0.910', '0.922', '0.934', '0.934', '0.938', '0.938', '0.941', '0.938', '0.941', '0.941', '0.945', '0.941']
  halt_rates: ['1.00', '0.00', '0.77', '0.91', '0.96', '0.97', '0.98', '0.97', '0.97', '0.97', '0.97', '0.97', '0.97', '0.97', '0.98', '0.98']
  halt_histogram %: [60.4, 31.0, 4.6, 1.0, 0.4, 0.3, 0.2, 0.1, 0.1, 0.1, 0.1, 0.1, 0.0, 0.1, 0.0, 1.5]
  Avg ACT steps (last 100): 1.15
  saved: /home/jvdillon/projects/sic/code/maze/ckpts/x07f/step13500.pt acc=99.16% (0.056s)
Step 13500  Test 99.16% / 74.90%  Train lm=0.7227±0.0045ϵ[0.7188,0.7461] n_halted=94.0000±21.2593ϵ[0.0000,118.0000]  (27.994s / 175.936s)
  n_active=128.0000±0.0000ϵ[128.0000,128.0000] n_expunged=0.0000±0.0000ϵ[0.0000,0.0000] pool_util=1.0000±0.0000ϵ[1.0000,1.0000]
  cell_acc=98.51%, puzzle_acc=48.40%
  eval_avg_halt_step: 3.66
  per_H_acc: ['H0=50.1%', 'H1=75.2%', 'H2=98.7%']
  H_cos: ['0.766', '0.766']
  z_H_delta: ['26.750', '25.000']
  cells: fixed=[99446, 50505] broken=[47114, 1432]
  per_ACT_cell_acc: ['H1=50.1%', 'H2=75.2%', 'H3=98.7%', 'H4=99.0%', 'H5=99.0%', 'H6=99.1%', 'H7=99.1%', 'H8=99.1%', 'H9=99.0%', 'H10=99.0%', 'H11=99.0%', 'H12=99.0%', 'H13=98.9%', 'H14=98.9%', 'H15=98.9%', 'H16=98.9%']
  per_ACT_puzzle_acc: ['H1=0.0%', 'H2=0.0%', 'H3=36.6%', 'H4=53.0%', 'H5=59.9%', 'H6=65.1%', 'H7=62.9%', 'H8=62.5%', 'H9=61.6%', 'H10=61.2%', 'H11=60.8%', 'H12=59.5%', 'H13=57.8%', 'H14=57.3%', 'H15=56.5%', 'H16=56.0%']
  mean_sigmoid_q_halt: ['0.898', '0.087', '0.465', '0.641', '0.691', '0.734', '0.738', '0.727', '0.723', '0.707', '0.703', '0.699', '0.695', '0.691', '0.684', '0.676']
  halt_rates: ['1.00', '0.00', '0.44', '0.64', '0.71', '0.75', '0.78', '0.76', '0.75', '0.75', '0.73', '0.72', '0.74', '0.74', '0.73', '0.73']
  halt_histogram %: [61.3, 30.4, 4.5, 1.0, 0.4, 0.2, 0.2, 0.1, 0.1, 0.1, 0.1, 0.1, 0.0, 0.1, 0.0, 1.4]
  Avg ACT steps (last 100): 1.25
  saved: /home/jvdillon/projects/sic/code/maze/ckpts/x07f/step14000.pt acc=98.51% (0.057s)
Step 14000  Test 98.51% / 48.40%  Train lm=0.7227±0.0025ϵ[0.7188,0.7344] n_halted=101.0120±11.9101ϵ[52.0000,119.0000]  (28.020s / 175.950s)
  n_active=128.0000±0.0000ϵ[128.0000,128.0000] n_expunged=0.0000±0.0000ϵ[0.0000,0.0000] pool_util=1.0000±0.0000ϵ[1.0000,1.0000]
  cell_acc=99.10%, puzzle_acc=69.20%
  eval_avg_halt_step: 1.79
  per_H_acc: ['H0=44.6%', 'H1=80.7%', 'H2=98.7%']
  H_cos: ['0.750', '0.812']
  z_H_delta: ['24.500', '23.625']
  cells: fixed=[107208, 38964] broken=[31813, 1310]
  per_ACT_cell_acc: ['H1=44.6%', 'H2=80.7%', 'H3=98.7%', 'H4=98.9%', 'H5=99.0%', 'H6=99.0%', 'H7=99.0%', 'H8=99.0%', 'H9=98.9%', 'H10=98.9%', 'H11=98.9%', 'H12=98.9%', 'H13=98.9%', 'H14=98.9%', 'H15=98.9%', 'H16=98.9%']
  per_ACT_puzzle_acc: ['H1=0.0%', 'H2=0.0%', 'H3=47.0%', 'H4=61.2%', 'H5=67.2%', 'H6=68.5%', 'H7=69.0%', 'H8=69.4%', 'H9=69.4%', 'H10=68.5%', 'H11=68.1%', 'H12=67.7%', 'H13=67.7%', 'H14=66.8%', 'H15=66.4%', 'H16=65.9%']
  mean_sigmoid_q_halt: ['0.828', '0.192', '0.574', '0.754', '0.859', '0.898', '0.918', '0.926', '0.930', '0.934', '0.930', '0.930', '0.930', '0.930', '0.930', '0.930']
  halt_rates: ['1.00', '0.00', '0.58', '0.75', '0.88', '0.94', '0.96', '0.96', '0.96', '0.96', '0.96', '0.96', '0.96', '0.96', '0.96', '0.96']
  halt_histogram %: [62.1, 29.9, 4.4, 1.0, 0.4, 0.2, 0.2, 0.1, 0.1, 0.1, 0.1, 0.1, 0.0, 0.0, 0.0, 1.3]
  Avg ACT steps (last 100): 1.22
  saved: /home/jvdillon/projects/sic/code/maze/ckpts/x07f/step14500.pt acc=99.10% (0.057s)
Step 14500  Test 99.10% / 69.20%  Train lm=0.7188±0.0024ϵ[0.7188,0.7344] n_halted=101.7580±9.9223ϵ[55.0000,120.0000]  (27.988s / 175.923s)
  n_active=128.0000±0.0000ϵ[128.0000,128.0000] n_expunged=0.0000±0.0000ϵ[0.0000,0.0000] pool_util=1.0000±0.0000ϵ[1.0000,1.0000]
  cell_acc=99.26%, puzzle_acc=67.50%
  eval_avg_halt_step: 2.35
  per_H_acc: ['H0=50.2%', 'H1=81.3%', 'H2=98.9%']
  H_cos: ['0.801', '0.801']
  z_H_delta: ['25.000', '24.750']
  cells: fixed=[85799, 37838] broken=[20765, 1058]
  per_ACT_cell_acc: ['H1=50.2%', 'H2=81.3%', 'H3=98.9%', 'H4=99.1%', 'H5=99.2%', 'H6=99.3%', 'H7=99.3%', 'H8=99.3%', 'H9=99.3%', 'H10=99.3%', 'H11=99.3%', 'H12=99.3%', 'H13=99.3%', 'H14=99.3%', 'H15=99.3%', 'H16=99.3%']
  per_ACT_puzzle_acc: ['H1=0.0%', 'H2=0.0%', 'H3=49.6%', 'H4=61.6%', 'H5=67.2%', 'H6=70.3%', 'H7=72.0%', 'H8=72.8%', 'H9=72.8%', 'H10=72.4%', 'H11=70.3%', 'H12=70.3%', 'H13=70.3%', 'H14=68.5%', 'H15=68.1%', 'H16=68.5%']
  mean_sigmoid_q_halt: ['0.875', '0.303', '0.555', '0.715', '0.758', '0.781', '0.801', '0.816', '0.820', '0.812', '0.812', '0.816', '0.812', '0.812', '0.812', '0.809']
  halt_rates: ['1.00', '0.00', '0.52', '0.72', '0.76', '0.80', '0.81', '0.84', '0.85', '0.83', '0.82', '0.83', '0.81', '0.82', '0.81', '0.82']
  halt_histogram %: [62.8, 29.4, 4.3, 0.9, 0.4, 0.2, 0.2, 0.1, 0.1, 0.1, 0.1, 0.1, 0.0, 0.0, 0.0, 1.3]
  Avg ACT steps (last 100): 1.25
  saved: /home/jvdillon/projects/sic/code/maze/ckpts/x07f/step15000.pt acc=99.26% (0.056s)
  saved: /home/jvdillon/projects/sic/code/maze/ckpts/x07f/best.pt acc=99.26% (0.138s)
Step 15000  Test 99.26% / 67.50%  Train lm=0.7188±0.0024ϵ[0.7188,0.7305] n_halted=101.4460±13.0682ϵ[18.0000,118.0000]  (28.076s / 175.941s)
  n_active=128.0000±0.0000ϵ[128.0000,128.0000] n_expunged=0.0000±0.0000ϵ[0.0000,0.0000] pool_util=1.0000±0.0000ϵ[1.0000,1.0000]
  cell_acc=99.24%, puzzle_acc=76.20%
  eval_avg_halt_step: 1.50
  per_H_acc: ['H0=29.4%', 'H1=75.0%', 'H2=98.9%']
  H_cos: ['0.781', '0.797']
  z_H_delta: ['25.125', '25.500']
  cells: fixed=[112522, 51009] broken=[17408, 975]
  per_ACT_cell_acc: ['H1=29.4%', 'H2=75.0%', 'H3=98.9%', 'H4=99.2%', 'H5=99.2%', 'H6=99.2%', 'H7=99.3%', 'H8=99.3%', 'H9=99.3%', 'H10=99.3%', 'H11=99.3%', 'H12=99.3%', 'H13=99.3%', 'H14=99.3%', 'H15=99.3%', 'H16=99.3%']
  per_ACT_puzzle_acc: ['H1=0.0%', 'H2=0.0%', 'H3=50.0%', 'H4=69.0%', 'H5=73.3%', 'H6=75.0%', 'H7=75.9%', 'H8=77.2%', 'H9=76.7%', 'H10=76.7%', 'H11=77.2%', 'H12=77.2%', 'H13=77.2%', 'H14=77.2%', 'H15=77.6%', 'H16=77.6%']
  mean_sigmoid_q_halt: ['0.730', '0.133', '0.641', '0.828', '0.930', '0.938', '0.949', '0.961', '0.961', '0.961', '0.965', '0.965', '0.965', '0.961', '0.961', '0.961']
  halt_rates: ['1.00', '0.00', '0.64', '0.83', '0.94', '0.94', '0.95', '0.97', '0.97', '0.97', '0.97', '0.97', '0.97', '0.97', '0.97', '0.97']
  halt_histogram %: [63.5, 28.9, 4.2, 0.9, 0.4, 0.2, 0.1, 0.1, 0.1, 0.1, 0.1, 0.1, 0.0, 0.0, 0.0, 1.2]
  Avg ACT steps (last 100): 1.21
  saved: /home/jvdillon/projects/sic/code/maze/ckpts/x07f/step15500.pt acc=99.24% (0.057s)
Step 15500  Test 99.24% / 76.20%  Train lm=0.7188±0.0024ϵ[0.7188,0.7383] n_halted=101.4040±8.7266ϵ[43.0000,119.0000]  (27.999s / 175.896s)
  n_active=128.0000±0.0000ϵ[128.0000,128.0000] n_expunged=0.0000±0.0000ϵ[0.0000,0.0000] pool_util=1.0000±0.0000ϵ[1.0000,1.0000]
  cell_acc=99.21%, puzzle_acc=70.20%
  eval_avg_halt_step: 1.40
  per_H_acc: ['H0=45.7%', 'H1=79.1%', 'H2=98.9%']
  H_cos: ['0.723', '0.840']
  z_H_delta: ['26.500', '20.250']
  cells: fixed=[105742, 42392] broken=[36143, 1050]
  per_ACT_cell_acc: ['H1=45.7%', 'H2=79.1%', 'H3=98.9%', 'H4=99.1%', 'H5=99.1%', 'H6=99.2%', 'H7=99.2%', 'H8=99.2%', 'H9=99.2%', 'H10=99.2%', 'H11=99.2%', 'H12=99.2%', 'H13=99.2%', 'H14=99.2%', 'H15=99.2%', 'H16=99.2%']
  per_ACT_puzzle_acc: ['H1=0.0%', 'H2=0.0%', 'H3=48.3%', 'H4=66.8%', 'H5=71.6%', 'H6=74.6%', 'H7=75.0%', 'H8=75.0%', 'H9=75.0%', 'H10=75.4%', 'H11=75.4%', 'H12=75.4%', 'H13=75.0%', 'H14=75.0%', 'H15=74.6%', 'H16=73.7%']
  mean_sigmoid_q_halt: ['0.891', '0.032', '0.629', '0.828', '0.906', '0.938', '0.949', '0.953', '0.957', '0.965', '0.965', '0.961', '0.961', '0.957', '0.953', '0.949']
  halt_rates: ['1.00', '0.00', '0.63', '0.86', '0.93', '0.96', '0.97', '0.98', '0.98', '0.99', '0.99', '0.99', '0.98', '0.98', '0.98', '0.98']
  halt_histogram %: [64.1, 28.5, 4.1, 0.9, 0.4, 0.2, 0.1, 0.1, 0.1, 0.1, 0.1, 0.1, 0.0, 0.0, 0.0, 1.2]
  Avg ACT steps (last 100): 1.13
  saved: /home/jvdillon/projects/sic/code/maze/ckpts/x07f/step16000.pt acc=99.21% (0.056s)
Step 16000  Test 99.21% / 70.20%  Train lm=0.7188±0.0023ϵ[0.7188,0.7305] n_halted=101.9340±9.9436ϵ[55.0000,121.0000]  (27.993s / 175.962s)
  n_active=128.0000±0.0000ϵ[128.0000,128.0000] n_expunged=0.0000±0.0000ϵ[0.0000,0.0000] pool_util=1.0000±0.0000ϵ[1.0000,1.0000]
