Adam params: ('embed_tokens.weight', 'head.weight', 'head.bias', 'q_head.weight', 'q_head.bias', 'puzzle_id_embed.weight')
Muon 2D params: ('reasoning.0.attn.o_proj.weight', 'reasoning.0.mlp.up_proj.weight', 'reasoning.0.mlp.down_proj.weight', 'reasoning.1.attn.o_proj.weight', 'reasoning.1.mlp.up_proj.weight', 'reasoning.1.mlp.down_proj.weight')
Muon 3D params (ensemble_dims=1): ('reasoning.0.attn.qkv_proj.weight', 'reasoning.1.attn.qkv_proj.weight')
  path_valid=2.10%, exact_match=0.00%
  eval_avg_halt_step: 1.00
  per_H_acc: ['H0=21.6%', 'H1=0.0%', 'H2=0.0%']
  H_cos: ['0.793', '0.930']
  z_H_delta: ['13.938', '8.750']
  cells: fixed=[59, 0] broken=[45058, 77]
  per_ACT_cell_acc: ['H1=66.5%']
  per_ACT_puzzle_acc: ['H1=0.0%']
  mean_sigmoid_q_halt: ['0.009']
  halt_rates: ['0.00']
  halt_histogram %: [100.0, 0.0, 0.0, 0.0, 0.0, 0.0]
  Avg ACT steps (last 100): 1.00
  eval_avg_halt_step: 1.00
  per_H_acc: ['H0=21.2%', 'H1=0.0%', 'H2=0.0%']
  H_cos: ['0.793', '0.930']
  z_H_delta: ['13.938', '8.750']
  cells: fixed=[26, 0] broken=[19834, 32]
  per_ACT_cell_acc: ['H1=66.8%']
  per_ACT_puzzle_acc: ['H1=0.0%']
  mean_sigmoid_q_halt: ['0.009']
  halt_rates: ['0.00']
  halt_histogram %: [100.0, 0.0, 0.0, 0.0, 0.0, 0.0]
  Avg ACT steps (last 100): 1.00
  saved: /home/jvdillon/projects/sic/code/maze/ckpts/x07g/step00500.pt acc=96.33% (0.084s)
  saved: /home/jvdillon/projects/sic/code/maze/ckpts/x07g/best.pt acc=96.33% (0.161s)
Step   500  Test 96.33% /  0.00% (halt: 96.33%/ 0.00%)  Train lm=0.8281±0.1191ϵ[0.7070,2.2812] n_halted=125.0240±7.9179ϵ[104.0000,128.0000]  TrainAcc 96.95%/ 0.10% (halt: 96.95%/ 0.10%)  (13.818s / 406.727s)
  n_active=0.0000±0.0000ϵ[0.0000,0.0000] n_expunged=0.0000±0.0000ϵ[0.0000,0.0000] pool_util=0.0000±0.0000ϵ[0.0000,0.0000]
  path_valid=0.00%, exact_match=0.00%
  eval_avg_halt_step: 2.00
  per_H_acc: ['H0=21.2%', 'H1=0.3%', 'H2=0.0%']
  H_cos: ['0.801', '0.883']
  z_H_delta: ['13.438', '12.188']
  cells: fixed=[37, 0] broken=[43654, 629]
  per_ACT_cell_acc: ['H1=66.6%', 'H2=96.4%']
  per_ACT_puzzle_acc: ['H1=0.0%', 'H2=0.0%']
  mean_sigmoid_q_halt: ['0.011', '0.011']
  halt_rates: ['0.00', '0.00']
  halt_histogram %: [100.0, 0.0, 0.0, 0.0, 0.0, 0.0]
  Avg ACT steps (last 100): 1.00
  eval_avg_halt_step: 2.00
  per_H_acc: ['H0=20.9%', 'H1=0.4%', 'H2=0.0%']
  H_cos: ['0.797', '0.879']
  z_H_delta: ['13.500', '12.438']
  cells: fixed=[18, 0] broken=[19261, 339]
  per_ACT_cell_acc: ['H1=66.9%', 'H2=97.4%']
  per_ACT_puzzle_acc: ['H1=0.0%', 'H2=0.0%']
  mean_sigmoid_q_halt: ['0.011', '0.011']
  halt_rates: ['0.00', '0.00']
  halt_histogram %: [100.0, 0.0, 0.0, 0.0, 0.0, 0.0]
  Avg ACT steps (last 100): 1.00
  saved: /home/jvdillon/projects/sic/code/maze/ckpts/x07g/step01000.pt acc=84.48% (0.084s)
Step  1000  Test 84.48% /  0.00% (halt: 84.48%/ 0.00%)  Train lm=0.6758±0.0120ϵ[0.6641,0.7188] n_halted=124.9760±7.9724ϵ[104.0000,128.0000]  TrainAcc 84.60%/ 0.00% (halt: 84.60%/ 0.00%)  (7.549s / 395.155s)
  n_active=0.0000±0.0000ϵ[0.0000,0.0000] n_expunged=0.0000±0.0000ϵ[0.0000,0.0000] pool_util=0.0000±0.0000ϵ[0.0000,0.0000]
  path_valid=72.30%, exact_match=54.30%
  eval_avg_halt_step: 2.00
  per_H_acc: ['H0=10.2%', 'H1=0.0%', 'H2=0.0%']
  H_cos: ['0.820', '0.949']
  z_H_delta: ['13.250', '9.250']
  cells: fixed=[0, 0] broken=[21251, 1]
  per_ACT_cell_acc: ['H1=78.0%', 'H2=97.5%']
  per_ACT_puzzle_acc: ['H1=0.0%', 'H2=0.4%']
  mean_sigmoid_q_halt: ['0.013', '0.013']
  halt_rates: ['0.00', '0.00']
  halt_histogram %: [79.6, 20.4, 0.0, 0.0, 0.0, 0.0]
  Avg ACT steps (last 100): 2.00
  eval_avg_halt_step: 2.00
  per_H_acc: ['H0=10.0%', 'H1=0.0%', 'H2=0.0%']
  H_cos: ['0.816', '0.949']
  z_H_delta: ['13.312', '9.375']
  cells: fixed=[0, 0] broken=[9372, 0]
  per_ACT_cell_acc: ['H1=78.2%', 'H2=98.6%']
  per_ACT_puzzle_acc: ['H1=0.0%', 'H2=1.9%']
  mean_sigmoid_q_halt: ['0.013', '0.013']
  halt_rates: ['0.00', '0.00']
  halt_histogram %: [79.6, 20.4, 0.0, 0.0, 0.0, 0.0]
  Avg ACT steps (last 100): 2.00
  saved: /home/jvdillon/projects/sic/code/maze/ckpts/x07g/step01500.pt acc=98.90% (0.080s)
  saved: /home/jvdillon/projects/sic/code/maze/ckpts/x07g/best.pt acc=98.90% (0.162s)
Step  1500  Test 98.90% / 58.20% (halt: 98.90%/54.30%)  Train lm=0.6719±0.0103ϵ[0.6641,0.8633] n_halted=64.0000±64.0641ϵ[0.0000,128.0000]  TrainAcc 99.84%/81.50% (halt: 99.84%/81.50%)  (7.760s / 395.017s)
  n_active=128.0000±0.0000ϵ[128.0000,128.0000] n_expunged=0.0000±0.0000ϵ[0.0000,0.0000] pool_util=1.0000±0.0000ϵ[1.0000,1.0000]
  path_valid=91.80%, exact_match=70.30%
  eval_avg_halt_step: 4.00
  per_H_acc: ['H0=3.1%', 'H1=0.0%', 'H2=0.0%']
  H_cos: ['0.848', '0.941']
  z_H_delta: ['12.375', '9.688']
  cells: fixed=[0, 0] broken=[6565, 0]
  per_ACT_cell_acc: ['H1=84.2%', 'H2=97.6%', 'H3=99.0%', 'H4=99.1%']
  per_ACT_puzzle_acc: ['H1=0.0%', 'H2=2.2%', 'H3=51.3%', 'H4=61.6%']
  mean_sigmoid_q_halt: ['0.016', '0.016', '0.016', '0.016']
  halt_rates: ['0.00', '0.00', '0.00', '0.00']
  halt_histogram %: [66.1, 33.9, 0.0, 0.0, 0.0, 0.0]
  Avg ACT steps (last 100): 2.00
  eval_avg_halt_step: 4.00
  per_H_acc: ['H0=3.0%', 'H1=0.0%', 'H2=0.0%']
  H_cos: ['0.848', '0.941']
  z_H_delta: ['12.438', '9.812']
  cells: fixed=[0, 0] broken=[2823, 0]
  per_ACT_cell_acc: ['H1=84.4%', 'H2=98.8%', 'H3=99.9%', 'H4=99.9%']
  per_ACT_puzzle_acc: ['H1=0.0%', 'H2=1.9%', 'H3=85.6%', 'H4=89.4%']
  mean_sigmoid_q_halt: ['0.016', '0.016', '0.016', '0.016']
  halt_rates: ['0.00', '0.00', '0.00', '0.00']
  halt_histogram %: [66.1, 33.9, 0.0, 0.0, 0.0, 0.0]
  Avg ACT steps (last 100): 2.00
  saved: /home/jvdillon/projects/sic/code/maze/ckpts/x07g/step02000.pt acc=99.18% (0.081s)
  saved: /home/jvdillon/projects/sic/code/maze/ckpts/x07g/best.pt acc=99.18% (0.161s)
Step  2000  Test 99.18% / 80.60% (halt: 99.18%/70.30%)  Train lm=0.6680±0.0033ϵ[0.6641,0.6914] n_halted=64.0000±64.0641ϵ[0.0000,128.0000]  TrainAcc 99.96%/96.50% (halt: 99.96%/96.50%)  (14.534s / 394.956s)
  n_active=128.0000±0.0000ϵ[128.0000,128.0000] n_expunged=0.0000±0.0000ϵ[0.0000,0.0000] pool_util=1.0000±0.0000ϵ[1.0000,1.0000]
  path_valid=74.40%, exact_match=52.30%
  eval_avg_halt_step: 4.00
  per_H_acc: ['H0=2.7%', 'H1=0.0%', 'H2=0.0%']
  H_cos: ['0.840', '0.938']
  z_H_delta: ['13.375', '9.875']
  cells: fixed=[2, 0] broken=[5594, 2]
  per_ACT_cell_acc: ['H1=84.9%', 'H2=95.9%', 'H3=98.7%', 'H4=99.0%']
  per_ACT_puzzle_acc: ['H1=0.0%', 'H2=0.0%', 'H3=19.8%', 'H4=40.5%']
  mean_sigmoid_q_halt: ['0.020', '0.020', '0.020', '0.020']
  halt_rates: ['0.00', '0.00', '0.00', '0.00']
  halt_histogram %: [61.0, 31.2, 0.0, 7.8, 0.0, 0.0]
  Avg ACT steps (last 100): 4.00
  eval_avg_halt_step: 4.00
  per_H_acc: ['H0=2.7%', 'H1=0.0%', 'H2=0.0%']
  H_cos: ['0.840', '0.934']
  z_H_delta: ['13.438', '10.062']
  cells: fixed=[0, 0] broken=[2519, 1]
  per_ACT_cell_acc: ['H1=84.9%', 'H2=96.6%', 'H3=99.4%', 'H4=99.6%']
  per_ACT_puzzle_acc: ['H1=0.0%', 'H2=0.0%', 'H3=37.5%', 'H4=60.6%']
  mean_sigmoid_q_halt: ['0.020', '0.020', '0.020', '0.020']
  halt_rates: ['0.00', '0.00', '0.00', '0.00']
  halt_histogram %: [61.0, 31.2, 0.0, 7.8, 0.0, 0.0]
  Avg ACT steps (last 100): 4.00
  saved: /home/jvdillon/projects/sic/code/maze/ckpts/x07g/step02500.pt acc=98.86% (0.079s)
Step  2500  Test 98.86% / 58.80% (halt: 98.86%/52.30%)  Train lm=0.6680±0.0063ϵ[0.6641,0.7070] n_halted=32.0000±55.4811ϵ[0.0000,128.0000]  TrainAcc 99.74%/75.60% (halt: 99.74%/75.60%)  (14.439s / 394.846s)
  n_active=128.0000±0.0000ϵ[128.0000,128.0000] n_expunged=0.0000±0.0000ϵ[0.0000,0.0000] pool_util=1.0000±0.0000ϵ[1.0000,1.0000]
  path_valid=92.80%, exact_match=65.40%
  eval_avg_halt_step: 6.00
  per_H_acc: ['H0=1.1%', 'H1=0.0%', 'H2=0.0%']
  H_cos: ['0.852', '0.965']
  z_H_delta: ['12.750', '8.375']
  cells: fixed=[1, 0] broken=[2381, 1]
  per_ACT_cell_acc: ['H1=83.6%', 'H2=98.0%', 'H3=99.2%', 'H4=99.3%', 'H5=99.3%', 'H6=99.3%']
  per_ACT_puzzle_acc: ['H1=0.0%', 'H2=4.7%', 'H3=59.9%', 'H4=65.9%', 'H5=67.7%', 'H6=68.5%']
  mean_sigmoid_q_halt: ['0.024', '0.024', '0.024', '0.024', '0.024', '0.024']
  halt_rates: ['0.00', '0.00', '0.00', '0.00', '0.00', '0.00']
  halt_histogram %: [56.6, 29.0, 0.0, 14.5, 0.0, 0.0]
  Avg ACT steps (last 100): 4.00
  eval_avg_halt_step: 6.00
  per_H_acc: ['H0=1.3%', 'H1=0.0%', 'H2=0.0%']
  H_cos: ['0.852', '0.969']
  z_H_delta: ['12.875', '8.312']
  cells: fixed=[0, 0] broken=[1170, 1]
  per_ACT_cell_acc: ['H1=83.5%', 'H2=98.7%', 'H3=99.8%', 'H4=99.8%', 'H5=99.8%', 'H6=99.7%']
  per_ACT_puzzle_acc: ['H1=0.0%', 'H2=7.7%', 'H3=76.9%', 'H4=82.7%', 'H5=83.7%', 'H6=81.7%']
  mean_sigmoid_q_halt: ['0.024', '0.024', '0.024', '0.024', '0.024', '0.024']
  halt_rates: ['0.00', '0.00', '0.00', '0.00', '0.00', '0.00']
  halt_histogram %: [56.6, 29.0, 0.0, 14.5, 0.0, 0.0]
  Avg ACT steps (last 100): 4.00
  saved: /home/jvdillon/projects/sic/code/maze/ckpts/x07g/step03000.pt acc=99.12% (0.081s)
Step  3000  Test 99.12% / 78.40% (halt: 99.12%/65.40%)  Train lm=0.6680±0.0037ϵ[0.6641,0.6992] n_halted=32.0000±55.4811ϵ[0.0000,128.0000]  TrainAcc 99.72%/81.20% (halt: 99.72%/81.20%)  (21.219s / 394.719s)
  n_active=128.0000±0.0000ϵ[128.0000,128.0000] n_expunged=0.0000±0.0000ϵ[0.0000,0.0000] pool_util=1.0000±0.0000ϵ[1.0000,1.0000]
  path_valid=99.00%, exact_match=78.40%
  eval_avg_halt_step: 1.45
  per_H_acc: ['H0=0.0%', 'H1=0.0%', 'H2=0.0%']
  H_cos: ['0.863', '0.973']
  z_H_delta: ['11.750', '8.438']
  cells: fixed=[0, 0] broken=[102, 0]
  per_ACT_cell_acc: ['H1=76.9%', 'H2=98.4%', 'H3=99.2%', 'H4=99.2%', 'H5=99.2%', 'H6=99.2%']
  per_ACT_puzzle_acc: ['H1=0.0%', 'H2=6.5%', 'H3=65.1%', 'H4=70.7%', 'H5=73.3%', 'H6=73.7%']
  mean_sigmoid_q_halt: ['0.887', '0.867', '0.727', '0.797', '0.840', '0.875']
  halt_rates: ['1.00', '1.00', '0.72', '0.81', '0.86', '0.89']
  halt_histogram %: [61.7, 25.5, 0.2, 11.9, 0.0, 0.6]
  Avg ACT steps (last 100): 1.15
  eval_avg_halt_step: 1.08
  per_H_acc: ['H0=0.1%', 'H1=0.0%', 'H2=0.0%']
  H_cos: ['0.859', '0.973']
  z_H_delta: ['11.875', '8.562']
  cells: fixed=[0, 0] broken=[50, 0]
  per_ACT_cell_acc: ['H1=76.8%', 'H2=99.3%', 'H3=100.0%', 'H4=100.0%', 'H5=100.0%', 'H6=100.0%']
  per_ACT_puzzle_acc: ['H1=0.0%', 'H2=12.5%', 'H3=94.2%', 'H4=99.0%', 'H5=99.0%', 'H6=99.0%']
  mean_sigmoid_q_halt: ['0.883', '0.879', '0.906', '0.949', '0.961', '0.973']
  halt_rates: ['1.00', '1.00', '0.95', '0.97', '0.97', '0.99']
  halt_histogram %: [61.7, 25.5, 0.2, 11.9, 0.0, 0.6]
  Avg ACT steps (last 100): 1.15
  saved: /home/jvdillon/projects/sic/code/maze/ckpts/x07g/step03500.pt acc=99.33% (0.081s)
  saved: /home/jvdillon/projects/sic/code/maze/ckpts/x07g/best.pt acc=99.33% (0.163s)
Step  3500  Test 99.33% / 84.30% (halt: 99.33%/76.20%)  Train lm=0.6641±0.0035ϵ[0.6641,0.6992] n_halted=97.2520±39.9466ϵ[0.0000,128.0000]  TrainAcc 99.99%/98.60% (halt: 99.98%/96.10%)  (21.297s / 395.436s)
  n_active=128.0000±0.0000ϵ[128.0000,128.0000] n_expunged=0.0000±0.0000ϵ[0.0000,0.0000] pool_util=1.0000±0.0000ϵ[1.0000,1.0000]
  path_valid=94.70%, exact_match=74.70%
  eval_avg_halt_step: 1.33
  per_H_acc: ['H0=0.3%', 'H1=0.0%', 'H2=0.0%']
  H_cos: ['0.891', '0.965']
  z_H_delta: ['11.312', '9.750']
  cells: fixed=[3, 1] broken=[640, 5]
  per_ACT_cell_acc: ['H1=83.2%', 'H2=98.3%', 'H3=99.1%', 'H4=99.2%', 'H5=99.2%', 'H6=99.1%']
  per_ACT_puzzle_acc: ['H1=0.0%', 'H2=6.9%', 'H3=71.1%', 'H4=75.4%', 'H5=77.2%', 'H6=77.2%']
  mean_sigmoid_q_halt: ['0.852', '0.797', '0.832', '0.883', '0.898', '0.902']
  halt_rates: ['1.00', '1.00', '0.83', '0.90', '0.95', '0.95']
  halt_histogram %: [65.7, 23.3, 0.5, 10.0, 0.0, 0.6]
  Avg ACT steps (last 100): 1.14
  eval_avg_halt_step: 1.11
  per_H_acc: ['H0=0.3%', 'H1=0.0%', 'H2=0.0%']
  H_cos: ['0.887', '0.965']
  z_H_delta: ['11.438', '9.938']
  cells: fixed=[1, 0] broken=[314, 1]
  per_ACT_cell_acc: ['H1=83.3%', 'H2=99.3%', 'H3=100.0%', 'H4=100.0%', 'H5=100.0%', 'H6=100.0%']
  per_ACT_puzzle_acc: ['H1=0.0%', 'H2=13.5%', 'H3=97.1%', 'H4=98.1%', 'H5=98.1%', 'H6=98.1%']
  mean_sigmoid_q_halt: ['0.855', '0.816', '0.969', '0.984', '0.977', '0.973']
  halt_rates: ['1.00', '1.00', '0.98', '1.00', '1.00', '1.00']
  halt_histogram %: [65.7, 23.3, 0.5, 10.0, 0.0, 0.6]
  Avg ACT steps (last 100): 1.14
  saved: /home/jvdillon/projects/sic/code/maze/ckpts/x07g/step04000.pt acc=99.10% (0.080s)
Step  4000  Test 99.10% / 84.50% (halt: 99.11%/73.70%)  Train lm=0.6641±0.0027ϵ[0.6641,0.6875] n_halted=108.7840±8.3968ϵ[6.0000,122.0000]  TrainAcc 99.89%/96.30% (halt: 99.89%/96.00%)  (21.214s / 395.199s)
  n_active=128.0000±0.0000ϵ[128.0000,128.0000] n_expunged=0.0000±0.0000ϵ[0.0000,0.0000] pool_util=1.0000±0.0000ϵ[1.0000,1.0000]
  path_valid=96.30%, exact_match=78.40%
  eval_avg_halt_step: 1.33
  per_H_acc: ['H0=0.2%', 'H1=0.0%', 'H2=0.0%']
  H_cos: ['0.922', '0.953']
  z_H_delta: ['9.562', '9.688']
  cells: fixed=[8, 0] broken=[349, 34]
  per_ACT_cell_acc: ['H1=83.1%', 'H2=98.4%', 'H3=99.3%', 'H4=99.3%', 'H5=99.3%', 'H6=99.3%']
  per_ACT_puzzle_acc: ['H1=0.0%', 'H2=5.6%', 'H3=73.3%', 'H4=76.7%', 'H5=78.0%', 'H6=77.6%']
  mean_sigmoid_q_halt: ['0.836', '0.723', '0.797', '0.879', '0.895', '0.910']
  halt_rates: ['1.00', '1.00', '0.80', '0.91', '0.92', '0.94']
  halt_histogram %: [68.6, 21.6, 0.6, 8.6, 0.1, 0.6]
  Avg ACT steps (last 100): 1.13
  eval_avg_halt_step: 1.07
  per_H_acc: ['H0=0.2%', 'H1=0.0%', 'H2=0.0%']
  H_cos: ['0.918', '0.957']
  z_H_delta: ['9.688', '9.938']
  cells: fixed=[2, 0] broken=[166, 13]
  per_ACT_cell_acc: ['H1=83.0%', 'H2=99.4%', 'H3=100.0%', 'H4=100.0%', 'H5=100.0%', 'H6=100.0%']
  per_ACT_puzzle_acc: ['H1=0.0%', 'H2=9.6%', 'H3=97.1%', 'H4=98.1%', 'H5=98.1%', 'H6=99.0%']
  mean_sigmoid_q_halt: ['0.836', '0.754', '0.941', '0.961', '0.961', '0.961']
  halt_rates: ['1.00', '0.99', '0.96', '0.98', '0.98', '0.97']
  halt_histogram %: [68.6, 21.6, 0.6, 8.6, 0.1, 0.6]
  Avg ACT steps (last 100): 1.13
  saved: /home/jvdillon/projects/sic/code/maze/ckpts/x07g/step04500.pt acc=99.31% (0.081s)
Step  4500  Test 99.31% / 87.20% (halt: 99.32%/78.40%)  Train lm=0.6680±0.0090ϵ[0.6641,0.7695] n_halted=108.1340±14.2876ϵ[0.0000,123.0000]  TrainAcc 99.95%/96.70% (halt: 99.95%/98.50%)  (21.215s / 395.105s)
  n_active=128.0000±0.0000ϵ[128.0000,128.0000] n_expunged=0.0000±0.0000ϵ[0.0000,0.0000] pool_util=1.0000±0.0000ϵ[1.0000,1.0000]
  path_valid=89.30%, exact_match=71.40%
  eval_avg_halt_step: 1.38
  per_H_acc: ['H0=0.2%', 'H1=0.0%', 'H2=0.0%']
  H_cos: ['0.922', '0.953']
  z_H_delta: ['9.438', '9.688']
  cells: fixed=[2, 0] broken=[351, 2]
  per_ACT_cell_acc: ['H1=83.9%', 'H2=98.6%', 'H3=99.3%', 'H4=99.3%', 'H5=99.3%', 'H6=99.4%']
  per_ACT_puzzle_acc: ['H1=0.0%', 'H2=8.6%', 'H3=75.9%', 'H4=79.7%', 'H5=80.2%', 'H6=78.9%']
  mean_sigmoid_q_halt: ['0.707', '0.699', '0.816', '0.859', '0.812', '0.801']
  halt_rates: ['1.00', '1.00', '0.82', '0.91', '0.88', '0.84']
  halt_histogram %: [70.9, 20.3, 0.7, 7.5, 0.1, 0.5]
  Avg ACT steps (last 100): 1.38
  eval_avg_halt_step: 1.02
  per_H_acc: ['H0=0.2%', 'H1=0.0%', 'H2=0.0%']
  H_cos: ['0.918', '0.953']
  z_H_delta: ['9.500', '9.875']
  cells: fixed=[1, 0] broken=[182, 2]
  per_ACT_cell_acc: ['H1=84.3%', 'H2=99.5%', 'H3=100.0%', 'H4=100.0%', 'H5=100.0%', 'H6=100.0%']
  per_ACT_puzzle_acc: ['H1=0.0%', 'H2=17.3%', 'H3=100.0%', 'H4=100.0%', 'H5=100.0%', 'H6=99.0%']
  mean_sigmoid_q_halt: ['0.711', '0.730', '0.977', '0.965', '0.879', '0.832']
  halt_rates: ['1.00', '1.00', '1.00', '1.00', '0.90', '0.86']
  halt_histogram %: [70.9, 20.3, 0.7, 7.5, 0.1, 0.5]
  Avg ACT steps (last 100): 1.38
  saved: /home/jvdillon/projects/sic/code/maze/ckpts/x07g/step05000.pt acc=99.35% (0.080s)
  saved: /home/jvdillon/projects/sic/code/maze/ckpts/x07g/best.pt acc=99.35% (0.161s)
Step  5000  Test 99.35% / 79.30% (halt: 99.39%/80.20%)  Train lm=0.6641±0.0027ϵ[0.6641,0.6914] n_halted=110.3620±7.8288ϵ[24.0000,124.0000]  TrainAcc 99.93%/88.30% (halt: 99.99%/99.50%)  (21.281s / 395.047s)
  n_active=128.0000±0.0000ϵ[128.0000,128.0000] n_expunged=0.0000±0.0000ϵ[0.0000,0.0000] pool_util=1.0000±0.0000ϵ[1.0000,1.0000]
  path_valid=99.00%, exact_match=76.60%
  eval_avg_halt_step: 1.14
  per_H_acc: ['H0=0.0%', 'H1=0.0%', 'H2=0.0%']
  H_cos: ['0.934', '0.969']
  z_H_delta: ['9.312', '8.188']
  cells: fixed=[0, 0] broken=[7, 0]
  per_ACT_cell_acc: ['H1=78.3%', 'H2=98.6%', 'H3=99.2%', 'H4=99.3%', 'H5=99.2%', 'H6=99.2%']
  per_ACT_puzzle_acc: ['H1=0.0%', 'H2=10.3%', 'H3=71.6%', 'H4=76.3%', 'H5=76.3%', 'H6=76.3%']
  mean_sigmoid_q_halt: ['0.750', '0.789', '0.910', '0.961', '0.965', '0.969']
  halt_rates: ['1.00', '1.00', '0.92', '0.97', '1.00', '1.00']
  halt_histogram %: [72.7, 19.3, 0.7, 6.7, 0.1, 0.5]
  Avg ACT steps (last 100): 1.26
  eval_avg_halt_step: 1.04
  per_H_acc: ['H0=0.0%', 'H1=0.0%', 'H2=0.0%']
  H_cos: ['0.930', '0.969']
  z_H_delta: ['9.438', '8.188']
  cells: fixed=[5, 0] broken=[0, 5]
  per_ACT_cell_acc: ['H1=78.7%', 'H2=99.5%', 'H3=99.9%', 'H4=99.9%', 'H5=99.9%', 'H6=99.9%']
  per_ACT_puzzle_acc: ['H1=0.0%', 'H2=13.5%', 'H3=98.1%', 'H4=98.1%', 'H5=98.1%', 'H6=98.1%']
  mean_sigmoid_q_halt: ['0.754', '0.820', '0.977', '0.984', '0.980', '0.984']
  halt_rates: ['1.00', '1.00', '0.98', '0.99', '0.99', '1.00']
  halt_histogram %: [72.7, 19.3, 0.7, 6.7, 0.1, 0.5]
  Avg ACT steps (last 100): 1.26
  saved: /home/jvdillon/projects/sic/code/maze/ckpts/x07g/step05500.pt acc=99.23% (0.082s)
Step  5500  Test 99.23% / 84.80% (halt: 99.23%/74.90%)  Train lm=0.6641±0.0023ϵ[0.6641,0.6836] n_halted=109.7240±12.1125ϵ[0.0000,123.0000]  TrainAcc 99.93%/97.80% (halt: 99.94%/97.70%)  (21.204s / 395.046s)
  n_active=128.0000±0.0000ϵ[128.0000,128.0000] n_expunged=0.0000±0.0000ϵ[0.0000,0.0000] pool_util=1.0000±0.0000ϵ[1.0000,1.0000]
  path_valid=98.80%, exact_match=77.80%
  eval_avg_halt_step: 1.27
  per_H_acc: ['H0=0.0%', 'H1=0.0%', 'H2=0.0%']
  H_cos: ['0.941', '0.961']
  z_H_delta: ['8.875', '9.938']
  cells: fixed=[5, 0] broken=[91, 6]
  per_ACT_cell_acc: ['H1=83.0%', 'H2=98.6%', 'H3=99.4%', 'H4=99.4%', 'H5=99.4%', 'H6=99.4%']
  per_ACT_puzzle_acc: ['H1=0.0%', 'H2=9.1%', 'H3=76.3%', 'H4=79.3%', 'H5=80.2%', 'H6=80.6%']
  mean_sigmoid_q_halt: ['0.598', '0.746', '0.875', '0.918', '0.930', '0.938']
  halt_rates: ['0.97', '1.00', '0.88', '0.93', '0.94', '0.95']
  halt_histogram %: [74.2, 18.4, 0.8, 6.0, 0.1, 0.5]
  Avg ACT steps (last 100): 1.16
  eval_avg_halt_step: 1.04
  per_H_acc: ['H0=0.0%', 'H1=0.0%', 'H2=0.0%']
  H_cos: ['0.938', '0.965']
  z_H_delta: ['8.938', '10.125']
  cells: fixed=[2, 0] broken=[34, 3]
  per_ACT_cell_acc: ['H1=83.1%', 'H2=99.4%', 'H3=99.9%', 'H4=99.9%', 'H5=99.9%', 'H6=99.9%']
  per_ACT_puzzle_acc: ['H1=0.0%', 'H2=14.4%', 'H3=96.2%', 'H4=97.1%', 'H5=97.1%', 'H6=97.1%']
  mean_sigmoid_q_halt: ['0.602', '0.770', '0.969', '0.980', '0.992', '0.992']
  halt_rates: ['0.97', '1.00', '0.97', '0.98', '1.00', '1.00']
  halt_histogram %: [74.2, 18.4, 0.8, 6.0, 0.1, 0.5]
  Avg ACT steps (last 100): 1.16
  saved: /home/jvdillon/projects/sic/code/maze/ckpts/x07g/step06000.pt acc=99.27% (0.080s)
Step  6000  Test 99.27% / 85.70% (halt: 99.27%/76.60%)  Train lm=0.6641±0.0029ϵ[0.6641,0.6914] n_halted=110.0020±10.4482ϵ[0.0000,124.0000]  TrainAcc 99.95%/97.70% (halt: 99.95%/97.80%)  (21.253s / 395.069s)
  n_active=128.0000±0.0000ϵ[128.0000,128.0000] n_expunged=0.0000±0.0000ϵ[0.0000,0.0000] pool_util=1.0000±0.0000ϵ[1.0000,1.0000]
  path_valid=99.40%, exact_match=82.10%
  eval_avg_halt_step: 1.13
  per_H_acc: ['H0=0.1%', 'H1=0.0%', 'H2=0.0%']
  H_cos: ['0.945', '0.957']
  z_H_delta: ['8.625', '10.750']
  cells: fixed=[52, 0] broken=[175, 52]
  per_ACT_cell_acc: ['H1=76.4%', 'H2=98.3%', 'H3=99.4%', 'H4=99.4%', 'H5=99.4%', 'H6=99.4%']
  per_ACT_puzzle_acc: ['H1=0.0%', 'H2=1.3%', 'H3=76.7%', 'H4=80.2%', 'H5=82.8%', 'H6=82.8%']
  mean_sigmoid_q_halt: ['0.516', '0.699', '0.898', '0.945', '0.973', '0.980']
  halt_rates: ['0.59', '1.00', '0.90', '0.95', '0.98', '0.99']
  halt_histogram %: [75.4, 17.7, 0.8, 5.5, 0.1, 0.5]
  Avg ACT steps (last 100): 1.18
  eval_avg_halt_step: 1.02
  per_H_acc: ['H0=0.1%', 'H1=0.0%', 'H2=0.0%']
  H_cos: ['0.945', '0.961']
  z_H_delta: ['8.750', '10.875']
  cells: fixed=[25, 0] broken=[77, 25]
  per_ACT_cell_acc: ['H1=76.8%', 'H2=99.2%', 'H3=100.0%', 'H4=100.0%', 'H5=100.0%', 'H6=100.0%']
  per_ACT_puzzle_acc: ['H1=0.0%', 'H2=1.0%', 'H3=100.0%', 'H4=100.0%', 'H5=100.0%', 'H6=100.0%']
  mean_sigmoid_q_halt: ['0.516', '0.730', '0.984', '0.996', '0.992', '0.996']
  halt_rates: ['0.63', '0.99', '0.99', '1.00', '1.00', '1.00']
  halt_histogram %: [75.4, 17.7, 0.8, 5.5, 0.1, 0.5]
  Avg ACT steps (last 100): 1.18
  saved: /home/jvdillon/projects/sic/code/maze/ckpts/x07g/step06500.pt acc=99.44% (0.080s)
  saved: /home/jvdillon/projects/sic/code/maze/ckpts/x07g/best.pt acc=99.44% (0.161s)
Step  6500  Test 99.44% / 89.30% (halt: 99.44%/81.90%)  Train lm=0.6641±0.0056ϵ[0.6641,0.7344] n_halted=109.8340±10.2423ϵ[21.0000,123.0000]  TrainAcc 99.98%/98.80% (halt: 99.98%/99.10%)  (21.271s / 394.739s)
  n_active=128.0000±0.0000ϵ[128.0000,128.0000] n_expunged=0.0000±0.0000ϵ[0.0000,0.0000] pool_util=1.0000±0.0000ϵ[1.0000,1.0000]
  path_valid=99.20%, exact_match=77.70%
  eval_avg_halt_step: 1.12
  per_H_acc: ['H0=0.0%', 'H1=0.0%', 'H2=0.0%']
  H_cos: ['0.941', '0.969']
  z_H_delta: ['8.812', '9.875']
  cells: fixed=[0, 0] broken=[6, 0]
  per_ACT_cell_acc: ['H1=72.7%', 'H2=98.5%', 'H3=99.1%', 'H4=99.2%', 'H5=99.2%', 'H6=99.2%']
  per_ACT_puzzle_acc: ['H1=0.0%', 'H2=13.4%', 'H3=71.1%', 'H4=74.1%', 'H5=77.2%', 'H6=77.6%']
  mean_sigmoid_q_halt: ['0.504', '0.684', '0.898', '0.941', '0.965', '0.980']
  halt_rates: ['0.56', '0.97', '0.90', '0.94', '0.97', '0.99']
  halt_histogram %: [76.3, 17.2, 0.9, 5.1, 0.1, 0.5]
  Avg ACT steps (last 100): 1.19
  eval_avg_halt_step: 1.02
  per_H_acc: ['H0=0.0%', 'H1=0.0%', 'H2=0.0%']
  H_cos: ['0.938', '0.969']
  z_H_delta: ['8.875', '10.000']
  cells: fixed=[0, 0] broken=[2, 0]
  per_ACT_cell_acc: ['H1=73.2%', 'H2=99.4%', 'H3=99.8%', 'H4=99.9%', 'H5=99.9%', 'H6=99.9%']
  per_ACT_puzzle_acc: ['H1=0.0%', 'H2=17.3%', 'H3=94.2%', 'H4=95.2%', 'H5=95.2%', 'H6=95.2%']
  mean_sigmoid_q_halt: ['0.504', '0.715', '0.973', '0.977', '0.980', '0.988']
  halt_rates: ['0.56', '0.99', '0.98', '0.98', '0.98', '0.99']
  halt_histogram %: [76.3, 17.2, 0.9, 5.1, 0.1, 0.5]
  Avg ACT steps (last 100): 1.19
  saved: /home/jvdillon/projects/sic/code/maze/ckpts/x07g/step07000.pt acc=99.22% (0.080s)
Step  7000  Test 99.22% / 82.30% (halt: 99.22%/76.70%)  Train lm=0.6641±0.0034ϵ[0.6641,0.6914] n_halted=108.4900±15.0957ϵ[1.0000,121.0000]  TrainAcc 99.89%/96.50% (halt: 99.88%/95.90%)  (21.221s / 394.789s)
  n_active=128.0000±0.0000ϵ[128.0000,128.0000] n_expunged=0.0000±0.0000ϵ[0.0000,0.0000] pool_util=1.0000±0.0000ϵ[1.0000,1.0000]
  path_valid=68.10%, exact_match=53.60%
  eval_avg_halt_step: 2.97
  per_H_acc: ['H0=0.0%', 'H1=0.0%', 'H2=0.0%']
  H_cos: ['0.957', '0.945']
  z_H_delta: ['8.250', '9.875']
  cells: fixed=[1, 0] broken=[36, 1]
  per_ACT_cell_acc: ['H1=80.0%', 'H2=97.2%', 'H3=98.9%', 'H4=99.0%', 'H5=99.0%', 'H6=99.0%']
  per_ACT_puzzle_acc: ['H1=0.0%', 'H2=0.0%', 'H3=35.8%', 'H4=44.8%', 'H5=50.9%', 'H6=54.3%']
  mean_sigmoid_q_halt: ['0.398', '0.475', '0.309', '0.430', '0.457', '0.527']
  halt_rates: ['0.03', '0.33', '0.27', '0.46', '0.55', '0.60']
  halt_histogram %: [77.2, 16.7, 0.9, 4.7, 0.1, 0.5]
  Avg ACT steps (last 100): 1.24
  eval_avg_halt_step: 2.69
  per_H_acc: ['H0=0.0%', 'H1=0.0%', 'H2=0.0%']
  H_cos: ['0.957', '0.945']
  z_H_delta: ['8.312', '10.375']
  cells: fixed=[0, 0] broken=[22, 0]
  per_ACT_cell_acc: ['H1=79.7%', 'H2=98.1%', 'H3=99.6%', 'H4=99.7%', 'H5=99.7%', 'H6=99.7%']
  per_ACT_puzzle_acc: ['H1=0.0%', 'H2=0.0%', 'H3=47.1%', 'H4=59.6%', 'H5=65.4%', 'H6=72.1%']
  mean_sigmoid_q_halt: ['0.393', '0.498', '0.422', '0.496', '0.520', '0.586']
  halt_rates: ['0.01', '0.49', '0.40', '0.48', '0.56', '0.64']
  halt_histogram %: [77.2, 16.7, 0.9, 4.7, 0.1, 0.5]
  Avg ACT steps (last 100): 1.24
  saved: /home/jvdillon/projects/sic/code/maze/ckpts/x07g/step07500.pt acc=98.89% (0.081s)
Step  7500  Test 98.89% / 60.00% (halt: 98.90%/59.10%)  Train lm=0.6641±0.0022ϵ[0.6641,0.6797] n_halted=110.5540±10.4773ϵ[0.0000,121.0000]  TrainAcc 99.54%/68.00% (halt: 99.55%/73.50%)  (21.183s / 395.061s)
  n_active=128.0000±0.0000ϵ[128.0000,128.0000] n_expunged=0.0000±0.0000ϵ[0.0000,0.0000] pool_util=1.0000±0.0000ϵ[1.0000,1.0000]
  path_valid=99.90%, exact_match=80.30%
  eval_avg_halt_step: 1.18
  per_H_acc: ['H0=0.0%', 'H1=0.0%', 'H2=0.0%']
  H_cos: ['0.930', '0.969']
  z_H_delta: ['8.875', '10.500']
  cells: fixed=[7, 1] broken=[9, 7]
  per_ACT_cell_acc: ['H1=78.2%', 'H2=98.7%', 'H3=99.3%', 'H4=99.3%', 'H5=99.3%', 'H6=99.3%']
  per_ACT_puzzle_acc: ['H1=0.0%', 'H2=14.2%', 'H3=76.7%', 'H4=78.4%', 'H5=78.9%', 'H6=78.9%']
  mean_sigmoid_q_halt: ['0.320', '0.527', '0.875', '0.945', '0.961', '0.965']
  halt_rates: ['0.00', '0.52', '0.87', '0.97', '0.99', '0.99']
  halt_histogram %: [77.9, 16.2, 0.9, 4.4, 0.1, 0.4]
  Avg ACT steps (last 100): 1.14
  eval_avg_halt_step: 1.04
  per_H_acc: ['H0=0.0%', 'H1=0.0%', 'H2=0.0%']
  H_cos: ['0.926', '0.973']
  z_H_delta: ['9.062', '10.500']
  cells: fixed=[1, 0] broken=[7, 1]
  per_ACT_cell_acc: ['H1=78.5%', 'H2=99.6%', 'H3=99.9%', 'H4=100.0%', 'H5=100.0%', 'H6=100.0%']
  per_ACT_puzzle_acc: ['H1=0.0%', 'H2=26.0%', 'H3=97.1%', 'H4=99.0%', 'H5=99.0%', 'H6=99.0%']
  mean_sigmoid_q_halt: ['0.318', '0.574', '0.969', '0.988', '0.992', '0.992']
  halt_rates: ['0.00', '0.75', '0.98', '1.00', '1.00', '1.00']
  halt_histogram %: [77.9, 16.2, 0.9, 4.4, 0.1, 0.4]
  Avg ACT steps (last 100): 1.14
  saved: /home/jvdillon/projects/sic/code/maze/ckpts/x07g/step08000.pt acc=99.38% (0.080s)
Step  8000  Test 99.38% / 86.70% (halt: 99.38%/80.70%)  Train lm=0.6641±0.0017ϵ[0.6641,0.6719] n_halted=111.5220±6.0583ϵ[50.0000,123.0000]  TrainAcc 99.96%/97.60% (halt: 99.96%/98.20%)  (21.212s / 395.132s)
  n_active=128.0000±0.0000ϵ[128.0000,128.0000] n_expunged=0.0000±0.0000ϵ[0.0000,0.0000] pool_util=1.0000±0.0000ϵ[1.0000,1.0000]
