Adam params: ('embed_tokens.weight', 'head.weight', 'head.bias', 'q_head.weight', 'q_head.bias', 'puzzle_id_embed.weight')
Muon 2D params: ('reasoning.0.attn.o_proj.weight', 'reasoning.0.mlp.up_proj.weight', 'reasoning.0.mlp.down_proj.weight', 'reasoning.1.attn.o_proj.weight', 'reasoning.1.mlp.up_proj.weight', 'reasoning.1.mlp.down_proj.weight')
Muon 3D params (ensemble_dims=1): ('reasoning.0.attn.qkv_proj.weight', 'reasoning.1.attn.qkv_proj.weight')
Saved step 0 checkpoint with RNG: /home/jvdillon/projects/sic/code/maze/ckpts/x07hhh/step00000_rng.pt
  path_valid=0.00%, exact_match=0.00%
  eval_avg_halt_step: 16.00
  per_H_acc: ['H0=0.0%', 'H1=0.0%', 'H2=0.0%']
  H_cos: ['0.879', '0.965']
  z_H_delta: ['17.250', '5.531']
  cells: fixed=[0, 0] broken=[0, 0]
  per_ACT_cell_acc: ['H1=87.4%', 'H2=87.5%', 'H3=87.8%', 'H4=88.1%', 'H5=88.1%', 'H6=88.1%', 'H7=88.1%', 'H8=88.1%', 'H9=88.0%', 'H10=88.0%', 'H11=88.0%', 'H12=88.0%', 'H13=88.0%', 'H14=88.0%', 'H15=88.0%', 'H16=88.0%']
  per_ACT_puzzle_acc: ['H1=0.0%', 'H2=0.0%', 'H3=0.0%', 'H4=0.0%', 'H5=0.0%', 'H6=0.0%', 'H7=0.0%', 'H8=0.0%', 'H9=0.0%', 'H10=0.0%', 'H11=0.0%', 'H12=0.0%', 'H13=0.0%', 'H14=0.0%', 'H15=0.0%', 'H16=0.0%']
  mean_sigmoid_q_halt: ['0.000', '0.000', '0.000', '0.000', '0.000', '0.000', '0.000', '0.000', '0.000', '0.000', '0.000', '0.000', '0.000', '0.000', '0.000', '0.000']
  halt_rates: ['0.00', '0.00', '0.00', '0.00', '0.00', '0.00', '0.00', '0.00', '0.00', '0.00', '0.00', '0.00', '0.00', '0.00', '0.00', '0.00']
  halt_histogram %: [0.0, 0.0, 0.0, 0.0, 0.0, 0.0, 0.0, 0.0, 0.0, 0.0, 0.0, 0.0, 0.0, 0.0, 0.0, 100.0]
  Avg ACT steps (last 100): 16.00
  eval_avg_halt_step: 16.00
  per_H_acc: ['H0=0.0%', 'H1=0.0%', 'H2=0.0%']
  H_cos: ['0.879', '0.965']
  z_H_delta: ['17.250', '5.531']
  cells: fixed=[0, 0] broken=[0, 0]
  per_ACT_cell_acc: ['H1=87.4%', 'H2=87.5%', 'H3=87.8%', 'H4=88.0%', 'H5=88.1%', 'H6=88.1%', 'H7=88.0%', 'H8=88.0%', 'H9=88.0%', 'H10=88.0%', 'H11=88.0%', 'H12=88.0%', 'H13=87.9%', 'H14=87.9%', 'H15=87.9%', 'H16=87.9%']
  per_ACT_puzzle_acc: ['H1=0.0%', 'H2=0.0%', 'H3=0.0%', 'H4=0.0%', 'H5=0.0%', 'H6=0.0%', 'H7=0.0%', 'H8=0.0%', 'H9=0.0%', 'H10=0.0%', 'H11=0.0%', 'H12=0.0%', 'H13=0.0%', 'H14=0.0%', 'H15=0.0%', 'H16=0.0%']
  mean_sigmoid_q_halt: ['0.000', '0.000', '0.000', '0.000', '0.000', '0.000', '0.000', '0.000', '0.000', '0.000', '0.000', '0.000', '0.000', '0.000', '0.000', '0.000']
  halt_rates: ['0.00', '0.00', '0.00', '0.00', '0.00', '0.00', '0.00', '0.00', '0.00', '0.00', '0.00', '0.00', '0.00', '0.00', '0.00', '0.00']
  halt_histogram %: [0.0, 0.0, 0.0, 0.0, 0.0, 0.0, 0.0, 0.0, 0.0, 0.0, 0.0, 0.0, 0.0, 0.0, 0.0, 100.0]
  Avg ACT steps (last 100): 16.00
  saved: /home/jvdillon/projects/sic/code/maze/ckpts/x07hhh/step00500.pt acc=87.88% (0.060s)
  saved: /home/jvdillon/projects/sic/code/maze/ckpts/x07hhh/best.pt acc=87.88% (0.115s)
Step   500  Test 87.88% /  0.00% (halt: 87.88%/ 0.00%)  Train lm=1.3203±0.0549ϵ[1.2891,1.9453] n_halted=7.9360±30.8988ϵ[0.0000,128.0000]  TrainAcc 87.97%/ 0.00% (halt: 87.97%/ 0.00%)  (64.144s / 188.982s)
  n_active=128.0000±0.0000ϵ[128.0000,128.0000] n_expunged=0.0000±0.0000ϵ[0.0000,0.0000] pool_util=1.0000±0.0000ϵ[1.0000,1.0000]
  path_valid=3.90%, exact_match=0.00%
  eval_avg_halt_step: 15.81
  per_H_acc: ['H0=0.0%', 'H1=0.0%', 'H2=0.0%']
  H_cos: ['0.723', '0.914']
  z_H_delta: ['22.875', '9.312']
  cells: fixed=[0, 0] broken=[1, 0]
  per_ACT_cell_acc: ['H1=87.3%', 'H2=86.2%', 'H3=88.7%', 'H4=90.6%', 'H5=91.8%', 'H6=92.4%', 'H7=92.7%', 'H8=92.9%', 'H9=93.0%', 'H10=93.1%', 'H11=93.1%', 'H12=93.1%', 'H13=93.1%', 'H14=93.1%', 'H15=93.1%', 'H16=93.0%']
  per_ACT_puzzle_acc: ['H1=0.0%', 'H2=0.0%', 'H3=0.0%', 'H4=0.0%', 'H5=0.0%', 'H6=0.0%', 'H7=0.0%', 'H8=0.0%', 'H9=0.0%', 'H10=0.0%', 'H11=0.0%', 'H12=0.0%', 'H13=0.0%', 'H14=0.0%', 'H15=0.0%', 'H16=0.0%']
  mean_sigmoid_q_halt: ['0.001', '0.000', '0.000', '0.003', '0.010', '0.022', '0.044', '0.072', '0.102', '0.131', '0.157', '0.181', '0.199', '0.214', '0.228', '0.237']
  halt_rates: ['0.00', '0.00', '0.00', '0.00', '0.00', '0.00', '0.00', '0.00', '0.00', '0.00', '0.00', '0.00', '0.00', '0.00', '0.00', '0.01']
  halt_histogram %: [0.0, 0.0, 0.0, 0.0, 0.0, 0.0, 0.0, 0.0, 0.0, 0.0, 0.0, 0.0, 0.0, 0.0, 0.0, 100.0]
  Avg ACT steps (last 100): 16.00
  eval_avg_halt_step: 15.78
  per_H_acc: ['H0=0.0%', 'H1=0.0%', 'H2=0.0%']
  H_cos: ['0.723', '0.914']
  z_H_delta: ['22.875', '9.250']
  cells: fixed=[0, 0] broken=[0, 0]
  per_ACT_cell_acc: ['H1=87.4%', 'H2=86.3%', 'H3=89.0%', 'H4=91.3%', 'H5=92.5%', 'H6=93.2%', 'H7=93.8%', 'H8=94.2%', 'H9=94.3%', 'H10=94.5%', 'H11=94.5%', 'H12=94.6%', 'H13=94.6%', 'H14=94.6%', 'H15=94.6%', 'H16=94.6%']
  per_ACT_puzzle_acc: ['H1=0.0%', 'H2=0.0%', 'H3=0.0%', 'H4=0.0%', 'H5=0.0%', 'H6=0.0%', 'H7=0.0%', 'H8=0.0%', 'H9=0.0%', 'H10=0.0%', 'H11=0.0%', 'H12=0.0%', 'H13=0.0%', 'H14=0.0%', 'H15=0.0%', 'H16=0.0%']
  mean_sigmoid_q_halt: ['0.001', '0.000', '0.000', '0.003', '0.010', '0.022', '0.044', '0.074', '0.105', '0.137', '0.166', '0.192', '0.214', '0.232', '0.247', '0.258']
  halt_rates: ['0.00', '0.00', '0.00', '0.00', '0.00', '0.00', '0.00', '0.00', '0.00', '0.00', '0.00', '0.00', '0.00', '0.00', '0.00', '0.00']
  halt_histogram %: [0.0, 0.0, 0.0, 0.0, 0.0, 0.0, 0.0, 0.0, 0.0, 0.0, 0.0, 0.0, 0.0, 0.0, 0.0, 100.0]
  Avg ACT steps (last 100): 16.00
  saved: /home/jvdillon/projects/sic/code/maze/ckpts/x07hhh/step01000.pt acc=92.97% (0.060s)
  saved: /home/jvdillon/projects/sic/code/maze/ckpts/x07hhh/best.pt acc=92.97% (0.142s)
Step  1000  Test 92.97% /  0.20% (halt: 92.98%/ 0.00%)  Train lm=1.2734±0.0148ϵ[1.2422,1.3125] n_halted=7.9360±30.8742ϵ[0.0000,128.0000]  TrainAcc 93.42%/ 0.00% (halt: 93.45%/ 0.00%)  (55.088s / 179.977s)
  n_active=128.0000±0.0000ϵ[128.0000,128.0000] n_expunged=0.0000±0.0000ϵ[0.0000,0.0000] pool_util=1.0000±0.0000ϵ[1.0000,1.0000]
  path_valid=70.70%, exact_match=9.90%
  eval_avg_halt_step: 10.87
  per_H_acc: ['H0=37.1%', 'H1=0.0%', 'H2=0.0%']
  H_cos: ['0.594', '0.871']
  z_H_delta: ['22.625', '13.500']
  cells: fixed=[0, 0] broken=[77511, 0]
  per_ACT_cell_acc: ['H1=50.2%', 'H2=87.9%', 'H3=94.9%', 'H4=96.7%', 'H5=97.1%', 'H6=97.3%', 'H7=97.3%', 'H8=97.4%', 'H9=97.4%', 'H10=97.4%', 'H11=97.4%', 'H12=97.4%', 'H13=97.4%', 'H14=97.4%', 'H15=97.4%', 'H16=97.4%']
  per_ACT_puzzle_acc: ['H1=0.0%', 'H2=0.0%', 'H3=0.0%', 'H4=0.9%', 'H5=4.3%', 'H6=7.3%', 'H7=9.5%', 'H8=9.5%', 'H9=10.3%', 'H10=9.1%', 'H11=9.1%', 'H12=8.6%', 'H13=8.6%', 'H14=9.1%', 'H15=8.6%', 'H16=9.1%']
  mean_sigmoid_q_halt: ['0.003', '0.000', '0.001', '0.031', '0.092', '0.141', '0.186', '0.229', '0.262', '0.279', '0.291', '0.297', '0.299', '0.305', '0.312', '0.316']
  halt_rates: ['0.00', '0.00', '0.00', '0.00', '0.01', '0.03', '0.08', '0.14', '0.19', '0.20', '0.22', '0.22', '0.21', '0.23', '0.25', '0.26']
  halt_histogram %: [0.0, 0.1, 1.7, 2.2, 2.3, 1.7, 1.7, 1.6, 1.5, 1.1, 1.4, 0.9, 1.1, 0.7, 0.9, 81.0]
  Avg ACT steps (last 100): 11.33
  eval_avg_halt_step: 10.32
  per_H_acc: ['H0=37.4%', 'H1=0.0%', 'H2=0.0%']
  H_cos: ['0.594', '0.871']
  z_H_delta: ['22.625', '13.500']
  cells: fixed=[0, 0] broken=[34987, 0]
  per_ACT_cell_acc: ['H1=49.9%', 'H2=87.8%', 'H3=95.3%', 'H4=97.2%', 'H5=97.8%', 'H6=98.1%', 'H7=98.2%', 'H8=98.2%', 'H9=98.3%', 'H10=98.3%', 'H11=98.2%', 'H12=98.2%', 'H13=98.2%', 'H14=98.2%', 'H15=98.2%', 'H16=98.2%']
  per_ACT_puzzle_acc: ['H1=0.0%', 'H2=0.0%', 'H3=0.0%', 'H4=1.0%', 'H5=5.8%', 'H6=8.7%', 'H7=13.5%', 'H8=15.4%', 'H9=16.3%', 'H10=17.3%', 'H11=14.4%', 'H12=13.5%', 'H13=12.5%', 'H14=11.5%', 'H15=12.5%', 'H16=10.6%']
  mean_sigmoid_q_halt: ['0.003', '0.000', '0.001', '0.031', '0.097', '0.164', '0.229', '0.295', '0.346', '0.379', '0.402', '0.408', '0.408', '0.404', '0.400', '0.396']
  halt_rates: ['0.00', '0.00', '0.00', '0.00', '0.01', '0.06', '0.13', '0.20', '0.29', '0.32', '0.35', '0.33', '0.32', '0.35', '0.34', '0.35']
  halt_histogram %: [0.0, 0.1, 1.7, 2.2, 2.3, 1.7, 1.7, 1.6, 1.5, 1.1, 1.4, 0.9, 1.1, 0.7, 0.9, 81.0]
  Avg ACT steps (last 100): 11.33
  saved: /home/jvdillon/projects/sic/code/maze/ckpts/x07hhh/step01500.pt acc=97.64% (0.056s)
  saved: /home/jvdillon/projects/sic/code/maze/ckpts/x07hhh/best.pt acc=97.64% (0.136s)
Step  1500  Test 97.64% / 11.40% (halt: 97.71%/15.30%)  Train lm=1.2422±0.0054ϵ[1.2344,1.2891] n_halted=10.5940±12.5828ϵ[0.0000,104.0000]  TrainAcc 98.15%/13.60% (halt: 98.22%/22.10%)  (55.137s / 179.999s)
  n_active=128.0000±0.0000ϵ[128.0000,128.0000] n_expunged=0.0000±0.0000ϵ[0.0000,0.0000] pool_util=1.0000±0.0000ϵ[1.0000,1.0000]
  path_valid=83.20%, exact_match=49.20%
  eval_avg_halt_step: 3.27
  per_H_acc: ['H0=0.0%', 'H1=0.0%', 'H2=0.0%']
  H_cos: ['0.578', '0.867']
  z_H_delta: ['21.000', '17.125']
  cells: fixed=[0, 0] broken=[100, 0]
  per_ACT_cell_acc: ['H1=87.2%', 'H2=87.5%', 'H3=97.1%', 'H4=97.9%', 'H5=98.3%', 'H6=98.4%', 'H7=98.5%', 'H8=98.5%', 'H9=98.6%', 'H10=98.6%', 'H11=98.6%', 'H12=98.6%', 'H13=98.6%', 'H14=98.6%', 'H15=98.6%', 'H16=98.6%']
  per_ACT_puzzle_acc: ['H1=0.0%', 'H2=0.0%', 'H3=1.3%', 'H4=8.2%', 'H5=29.3%', 'H6=36.2%', 'H7=42.7%', 'H8=45.3%', 'H9=46.1%', 'H10=47.0%', 'H11=47.0%', 'H12=48.3%', 'H13=48.7%', 'H14=47.4%', 'H15=47.4%', 'H16=47.4%']
  mean_sigmoid_q_halt: ['0.005', '0.009', '0.111', '0.512', '0.562', '0.605', '0.648', '0.668', '0.688', '0.703', '0.723', '0.734', '0.742', '0.750', '0.750', '0.762']
  halt_rates: ['0.00', '0.00', '0.00', '0.59', '0.60', '0.65', '0.71', '0.72', '0.75', '0.76', '0.79', '0.80', '0.79', '0.82', '0.81', '0.81']
  halt_histogram %: [0.0, 15.6, 12.0, 7.1, 4.7, 3.2, 2.5, 2.0, 1.8, 1.3, 1.4, 1.0, 1.0, 0.8, 0.8, 45.1]
  Avg ACT steps (last 100): 3.27
  eval_avg_halt_step: 2.69
  per_H_acc: ['H0=0.0%', 'H1=0.0%', 'H2=0.0%']
  H_cos: ['0.578', '0.863']
  z_H_delta: ['21.000', '17.125']
  cells: fixed=[0, 0] broken=[28, 0]
  per_ACT_cell_acc: ['H1=87.1%', 'H2=87.3%', 'H3=98.2%', 'H4=99.0%', 'H5=99.3%', 'H6=99.5%', 'H7=99.5%', 'H8=99.5%', 'H9=99.5%', 'H10=99.5%', 'H11=99.5%', 'H12=99.5%', 'H13=99.5%', 'H14=99.5%', 'H15=99.5%', 'H16=99.5%']
  per_ACT_puzzle_acc: ['H1=0.0%', 'H2=0.0%', 'H3=2.9%', 'H4=21.2%', 'H5=51.0%', 'H6=65.4%', 'H7=69.2%', 'H8=72.1%', 'H9=72.1%', 'H10=73.1%', 'H11=70.2%', 'H12=70.2%', 'H13=71.2%', 'H14=70.2%', 'H15=68.3%', 'H16=69.2%']
  mean_sigmoid_q_halt: ['0.005', '0.009', '0.115', '0.602', '0.688', '0.738', '0.770', '0.781', '0.777', '0.777', '0.781', '0.793', '0.797', '0.793', '0.801', '0.809']
  halt_rates: ['0.00', '0.00', '0.00', '0.71', '0.74', '0.84', '0.84', '0.86', '0.86', '0.86', '0.85', '0.86', '0.88', '0.87', '0.88', '0.89']
  halt_histogram %: [0.0, 15.6, 12.0, 7.1, 4.7, 3.2, 2.5, 2.0, 1.8, 1.3, 1.4, 1.0, 1.0, 0.8, 0.8, 45.1]
  Avg ACT steps (last 100): 3.27
  saved: /home/jvdillon/projects/sic/code/maze/ckpts/x07hhh/step02000.pt acc=98.78% (0.058s)
  saved: /home/jvdillon/projects/sic/code/maze/ckpts/x07hhh/best.pt acc=98.78% (0.139s)
Step  2000  Test 98.78% / 60.60% (halt: 98.75%/49.40%)  Train lm=1.2422±0.0038ϵ[1.2344,1.2500] n_halted=25.5340±15.1786ϵ[0.0000,69.0000]  TrainAcc 99.44%/65.50% (halt: 99.40%/65.80%)  (55.132s / 179.964s)
  n_active=128.0000±0.0000ϵ[128.0000,128.0000] n_expunged=0.0000±0.0000ϵ[0.0000,0.0000] pool_util=1.0000±0.0000ϵ[1.0000,1.0000]
  path_valid=85.10%, exact_match=67.70%
  eval_avg_halt_step: 4.88
  per_H_acc: ['H0=0.0%', 'H1=0.0%', 'H2=0.0%']
  H_cos: ['0.645', '0.863']
  z_H_delta: ['19.750', '14.375']
  cells: fixed=[0, 0] broken=[0, 0]
  per_ACT_cell_acc: ['H1=87.3%', 'H2=87.6%', 'H3=97.8%', 'H4=98.4%', 'H5=98.7%', 'H6=98.8%', 'H7=98.8%', 'H8=98.9%', 'H9=98.8%', 'H10=98.9%', 'H11=98.9%', 'H12=98.8%', 'H13=98.8%', 'H14=98.9%', 'H15=98.9%', 'H16=98.9%']
  per_ACT_puzzle_acc: ['H1=0.0%', 'H2=0.0%', 'H3=6.9%', 'H4=26.7%', 'H5=45.7%', 'H6=53.0%', 'H7=56.5%', 'H8=58.6%', 'H9=60.3%', 'H10=62.1%', 'H11=63.4%', 'H12=63.8%', 'H13=65.1%', 'H14=65.1%', 'H15=63.8%', 'H16=62.9%']
  mean_sigmoid_q_halt: ['0.007', '0.001', '0.043', '0.271', '0.408', '0.482', '0.523', '0.562', '0.594', '0.621', '0.629', '0.637', '0.652', '0.660', '0.664', '0.664']
  halt_rates: ['0.00', '0.00', '0.00', '0.25', '0.41', '0.52', '0.57', '0.63', '0.66', '0.69', '0.69', '0.69', '0.73', '0.72', '0.73', '0.72']
  halt_histogram %: [1.1, 37.9, 14.7, 6.5, 3.8, 2.5, 1.8, 1.4, 1.2, 0.9, 0.9, 0.7, 0.6, 0.5, 0.5, 25.0]
  Avg ACT steps (last 100): 2.52
  eval_avg_halt_step: 3.76
  per_H_acc: ['H0=0.0%', 'H1=0.0%', 'H2=0.0%']
  H_cos: ['0.648', '0.863']
  z_H_delta: ['19.750', '14.500']
  cells: fixed=[0, 0] broken=[0, 0]
  per_ACT_cell_acc: ['H1=87.2%', 'H2=87.5%', 'H3=98.8%', 'H4=99.3%', 'H5=99.6%', 'H6=99.6%', 'H7=99.6%', 'H8=99.7%', 'H9=99.7%', 'H10=99.6%', 'H11=99.6%', 'H12=99.6%', 'H13=99.6%', 'H14=99.6%', 'H15=99.6%', 'H16=99.6%']
  per_ACT_puzzle_acc: ['H1=0.0%', 'H2=0.0%', 'H3=15.4%', 'H4=43.3%', 'H5=63.5%', 'H6=69.2%', 'H7=76.0%', 'H8=76.9%', 'H9=76.9%', 'H10=78.8%', 'H11=77.9%', 'H12=79.8%', 'H13=80.8%', 'H14=79.8%', 'H15=80.8%', 'H16=77.9%']
  mean_sigmoid_q_halt: ['0.006', '0.001', '0.062', '0.363', '0.523', '0.594', '0.613', '0.664', '0.664', '0.684', '0.699', '0.699', '0.703', '0.707', '0.695', '0.695']
  halt_rates: ['0.00', '0.00', '0.01', '0.38', '0.58', '0.66', '0.63', '0.72', '0.75', '0.77', '0.77', '0.79', '0.80', '0.80', '0.77', '0.77']
  halt_histogram %: [1.1, 37.9, 14.7, 6.5, 3.8, 2.5, 1.8, 1.4, 1.2, 0.9, 0.9, 0.7, 0.6, 0.5, 0.5, 25.0]
  Avg ACT steps (last 100): 2.52
  saved: /home/jvdillon/projects/sic/code/maze/ckpts/x07hhh/step02500.pt acc=99.05% (0.055s)
  saved: /home/jvdillon/projects/sic/code/maze/ckpts/x07hhh/best.pt acc=99.05% (0.136s)
Step  2500  Test 99.05% / 74.10% (halt: 99.06%/67.30%)  Train lm=1.2344±0.0013ϵ[1.2266,1.2422] n_halted=44.0340±12.4542ϵ[10.0000,72.0000]  TrainAcc 99.68%/80.50% (halt: 99.71%/83.90%)  (55.151s / 180.029s)
  n_active=128.0000±0.0000ϵ[128.0000,128.0000] n_expunged=0.0000±0.0000ϵ[0.0000,0.0000] pool_util=1.0000±0.0000ϵ[1.0000,1.0000]
  path_valid=77.10%, exact_match=61.50%
  eval_avg_halt_step: 5.96
  per_H_acc: ['H0=0.0%', 'H1=0.0%', 'H2=0.0%']
  H_cos: ['0.840', '0.836']
  z_H_delta: ['18.000', '13.562']
  cells: fixed=[0, 0] broken=[0, 0]
  per_ACT_cell_acc: ['H1=87.3%', 'H2=87.5%', 'H3=98.0%', 'H4=98.6%', 'H5=98.8%', 'H6=98.9%', 'H7=99.0%', 'H8=99.0%', 'H9=98.9%', 'H10=99.0%', 'H11=99.0%', 'H12=99.0%', 'H13=99.0%', 'H14=99.0%', 'H15=99.0%', 'H16=99.0%']
  per_ACT_puzzle_acc: ['H1=0.0%', 'H2=0.0%', 'H3=9.5%', 'H4=29.3%', 'H5=43.1%', 'H6=48.7%', 'H7=52.6%', 'H8=55.2%', 'H9=54.7%', 'H10=55.6%', 'H11=56.9%', 'H12=59.1%', 'H13=60.3%', 'H14=59.5%', 'H15=59.5%', 'H16=59.9%']
  mean_sigmoid_q_halt: ['0.014', '0.065', '0.059', '0.271', '0.400', '0.455', '0.492', '0.520', '0.539', '0.539', '0.555', '0.566', '0.570', '0.570', '0.578', '0.582']
  halt_rates: ['0.00', '0.00', '0.01', '0.25', '0.41', '0.47', '0.53', '0.56', '0.59', '0.58', '0.60', '0.60', '0.63', '0.62', '0.64', '0.62']
  halt_histogram %: [4.8, 47.4, 14.5, 5.5, 2.9, 1.9, 1.3, 1.1, 0.9, 0.7, 0.6, 0.5, 0.5, 0.4, 0.4, 16.6]
  Avg ACT steps (last 100): 2.15
  eval_avg_halt_step: 4.62
  per_H_acc: ['H0=0.0%', 'H1=0.0%', 'H2=0.0%']
  H_cos: ['0.840', '0.832']
  z_H_delta: ['18.000', '13.562']
  cells: fixed=[0, 0] broken=[0, 0]
  per_ACT_cell_acc: ['H1=87.2%', 'H2=87.4%', 'H3=99.0%', 'H4=99.4%', 'H5=99.6%', 'H6=99.7%', 'H7=99.7%', 'H8=99.7%', 'H9=99.7%', 'H10=99.6%', 'H11=99.6%', 'H12=99.7%', 'H13=99.6%', 'H14=99.6%', 'H15=99.6%', 'H16=99.6%']
  per_ACT_puzzle_acc: ['H1=0.0%', 'H2=0.0%', 'H3=18.3%', 'H4=47.1%', 'H5=64.4%', 'H6=74.0%', 'H7=76.0%', 'H8=75.0%', 'H9=77.9%', 'H10=79.8%', 'H11=77.9%', 'H12=77.9%', 'H13=77.9%', 'H14=76.0%', 'H15=76.9%', 'H16=74.0%']
  mean_sigmoid_q_halt: ['0.013', '0.064', '0.092', '0.406', '0.551', '0.621', '0.660', '0.660', '0.652', '0.676', '0.668', '0.664', '0.680', '0.672', '0.660', '0.652']
  halt_rates: ['0.00', '0.00', '0.03', '0.40', '0.61', '0.67', '0.74', '0.70', '0.70', '0.76', '0.73', '0.73', '0.75', '0.71', '0.70', '0.68']
  halt_histogram %: [4.8, 47.4, 14.5, 5.5, 2.9, 1.9, 1.3, 1.1, 0.9, 0.7, 0.6, 0.5, 0.5, 0.4, 0.4, 16.6]
  Avg ACT steps (last 100): 2.15
  saved: /home/jvdillon/projects/sic/code/maze/ckpts/x07hhh/step03000.pt acc=98.97% (0.057s)
Step  3000  Test 98.97% / 67.00% (halt: 99.00%/64.40%)  Train lm=1.2344±0.0029ϵ[1.2266,1.2422] n_halted=51.7880±14.7231ϵ[0.0000,84.0000]  TrainAcc 99.55%/75.50% (halt: 99.58%/80.20%)  (55.100s / 180.256s)
  n_active=128.0000±0.0000ϵ[128.0000,128.0000] n_expunged=0.0000±0.0000ϵ[0.0000,0.0000] pool_util=1.0000±0.0000ϵ[1.0000,1.0000]
  path_valid=94.50%, exact_match=73.10%
  eval_avg_halt_step: 2.10
  per_H_acc: ['H0=0.1%', 'H1=0.0%', 'H2=0.0%']
  H_cos: ['0.758', '0.918']
  z_H_delta: ['19.750', '14.500']
  cells: fixed=[0, 0] broken=[137, 0]
  per_ACT_cell_acc: ['H1=87.3%', 'H2=92.8%', 'H3=98.5%', 'H4=99.0%', 'H5=99.1%', 'H6=99.2%', 'H7=99.2%', 'H8=99.2%', 'H9=99.2%', 'H10=99.2%', 'H11=99.2%', 'H12=99.2%', 'H13=99.2%', 'H14=99.2%', 'H15=99.2%', 'H16=99.2%']
  per_ACT_puzzle_acc: ['H1=0.0%', 'H2=0.0%', 'H3=24.1%', 'H4=56.0%', 'H5=66.4%', 'H6=72.8%', 'H7=75.4%', 'H8=76.3%', 'H9=74.6%', 'H10=74.1%', 'H11=73.7%', 'H12=73.7%', 'H13=74.1%', 'H14=74.1%', 'H15=75.0%', 'H16=75.0%']
  mean_sigmoid_q_halt: ['0.003', '0.018', '0.270', '0.586', '0.773', '0.855', '0.879', '0.906', '0.906', '0.898', '0.906', '0.895', '0.898', '0.906', '0.914', '0.926']
  halt_rates: ['0.00', '0.00', '0.23', '0.63', '0.81', '0.89', '0.91', '0.95', '0.94', '0.93', '0.94', '0.92', '0.93', '0.94', '0.94', '0.97']
  halt_histogram %: [9.7, 49.7, 13.9, 4.9, 2.6, 1.6, 1.1, 0.9, 0.7, 0.6, 0.5, 0.4, 0.4, 0.3, 0.3, 12.4]
  Avg ACT steps (last 100): 1.98
  eval_avg_halt_step: 1.86
  per_H_acc: ['H0=0.1%', 'H1=0.0%', 'H2=0.0%']
  H_cos: ['0.762', '0.914']
  z_H_delta: ['19.875', '14.938']
  cells: fixed=[0, 0] broken=[54, 0]
  per_ACT_cell_acc: ['H1=87.4%', 'H2=93.0%', 'H3=99.5%', 'H4=99.7%', 'H5=99.8%', 'H6=99.8%', 'H7=99.8%', 'H8=99.9%', 'H9=99.9%', 'H10=99.9%', 'H11=99.9%', 'H12=99.9%', 'H13=99.9%', 'H14=99.9%', 'H15=99.9%', 'H16=99.9%']
  per_ACT_puzzle_acc: ['H1=0.0%', 'H2=0.0%', 'H3=46.2%', 'H4=76.9%', 'H5=86.5%', 'H6=90.4%', 'H7=90.4%', 'H8=92.3%', 'H9=91.3%', 'H10=90.4%', 'H11=90.4%', 'H12=91.3%', 'H13=90.4%', 'H14=90.4%', 'H15=91.3%', 'H16=90.4%']
  mean_sigmoid_q_halt: ['0.003', '0.019', '0.391', '0.762', '0.879', '0.918', '0.926', '0.934', '0.934', '0.926', '0.926', '0.938', '0.934', '0.922', '0.922', '0.938']
  halt_rates: ['0.00', '0.00', '0.40', '0.84', '0.92', '0.95', '0.95', '0.96', '0.96', '0.95', '0.95', '0.96', '0.96', '0.95', '0.94', '0.97']
  halt_histogram %: [9.7, 49.7, 13.9, 4.9, 2.6, 1.6, 1.1, 0.9, 0.7, 0.6, 0.5, 0.4, 0.4, 0.3, 0.3, 12.4]
  Avg ACT steps (last 100): 1.98
  saved: /home/jvdillon/projects/sic/code/maze/ckpts/x07hhh/step03500.pt acc=99.19% (0.057s)
  saved: /home/jvdillon/projects/sic/code/maze/ckpts/x07hhh/best.pt acc=99.19% (0.138s)
Step  3500  Test 99.19% / 81.60% (halt: 99.17%/69.80%)  Train lm=1.2344±0.0028ϵ[1.2266,1.2422] n_halted=54.4360±15.4329ϵ[3.0000,84.0000]  TrainAcc 99.85%/90.90% (halt: 99.84%/87.00%)  (55.153s / 180.090s)
  n_active=128.0000±0.0000ϵ[128.0000,128.0000] n_expunged=0.0000±0.0000ϵ[0.0000,0.0000] pool_util=1.0000±0.0000ϵ[1.0000,1.0000]
