Adam params: ('embed_tokens.weight', 'head.weight', 'head.bias', 'q_head.weight', 'q_head.bias', 'puzzle_id_embed.weight')
Muon 2D params: ('reasoning.0.attn.o_proj.weight', 'reasoning.0.mlp.up_proj.weight', 'reasoning.0.mlp.down_proj.weight', 'reasoning.1.attn.o_proj.weight', 'reasoning.1.mlp.up_proj.weight', 'reasoning.1.mlp.down_proj.weight')
Muon 3D params (ensemble_dims=1): ('reasoning.0.attn.qkv_proj.weight', 'reasoning.1.attn.qkv_proj.weight')
  path_valid=0.00%, exact_match=0.00%
  eval_avg_halt_step: 16.00
  per_H_acc: ['H0=0.0%', 'H1=0.0%', 'H2=0.0%']
  H_cos: ['0.934', '0.969']
  z_H_delta: ['18.750', '7.156']
  cells: fixed=[4, 0] broken=[0, 4]
  per_ACT_cell_acc: ['H1=81.2%', 'H2=85.7%', 'H3=87.5%', 'H4=88.0%', 'H5=88.3%', 'H6=88.4%', 'H7=88.4%', 'H8=88.4%', 'H9=88.4%', 'H10=88.3%', 'H11=88.3%', 'H12=88.2%', 'H13=88.2%', 'H14=88.1%', 'H15=88.1%', 'H16=88.1%']
  per_ACT_puzzle_acc: ['H1=0.0%', 'H2=0.0%', 'H3=0.0%', 'H4=0.0%', 'H5=0.0%', 'H6=0.0%', 'H7=0.0%', 'H8=0.0%', 'H9=0.0%', 'H10=0.0%', 'H11=0.0%', 'H12=0.0%', 'H13=0.0%', 'H14=0.0%', 'H15=0.0%', 'H16=0.0%']
  mean_sigmoid_q_halt: ['0.000', '0.000', '0.000', '0.000', '0.000', '0.000', '0.000', '0.000', '0.000', '0.000', '0.000', '0.000', '0.000', '0.000', '0.000', '0.000']
  halt_rates: ['0.00', '0.00', '0.00', '0.00', '0.00', '0.00', '0.00', '0.00', '0.00', '0.00', '0.00', '0.00', '0.00', '0.00', '0.00', '0.00']
  halt_histogram %: [0.0, 0.0, 0.0, 0.0, 0.0, 0.0, 0.0, 0.0, 0.0, 0.0, 0.0, 0.0, 0.0, 0.0, 0.0, 100.0]
  Avg ACT steps (last 100): 16.00
  eval_avg_halt_step: 16.00
  per_H_acc: ['H0=0.0%', 'H1=0.0%', 'H2=0.0%']
  H_cos: ['0.938', '0.969']
  z_H_delta: ['18.750', '7.156']
  cells: fixed=[2, 0] broken=[0, 2]
  per_ACT_cell_acc: ['H1=82.0%', 'H2=85.6%', 'H3=87.3%', 'H4=87.9%', 'H5=88.1%', 'H6=88.3%', 'H7=88.3%', 'H8=88.3%', 'H9=88.3%', 'H10=88.2%', 'H11=88.2%', 'H12=88.1%', 'H13=88.1%', 'H14=88.1%', 'H15=88.0%', 'H16=88.0%']
  per_ACT_puzzle_acc: ['H1=0.0%', 'H2=0.0%', 'H3=0.0%', 'H4=0.0%', 'H5=0.0%', 'H6=0.0%', 'H7=0.0%', 'H8=0.0%', 'H9=0.0%', 'H10=0.0%', 'H11=0.0%', 'H12=0.0%', 'H13=0.0%', 'H14=0.0%', 'H15=0.0%', 'H16=0.0%']
  mean_sigmoid_q_halt: ['0.000', '0.000', '0.000', '0.000', '0.000', '0.000', '0.000', '0.000', '0.000', '0.000', '0.000', '0.000', '0.000', '0.000', '0.000', '0.000']
  halt_rates: ['0.00', '0.00', '0.00', '0.00', '0.00', '0.00', '0.00', '0.00', '0.00', '0.00', '0.00', '0.00', '0.00', '0.00', '0.00', '0.00']
  halt_histogram %: [0.0, 0.0, 0.0, 0.0, 0.0, 0.0, 0.0, 0.0, 0.0, 0.0, 0.0, 0.0, 0.0, 0.0, 0.0, 100.0]
  Avg ACT steps (last 100): 16.00
  saved: /home/jvdillon/projects/sic/code/maze/ckpts/x07hh/step00500.pt acc=87.55% (0.088s)
  saved: /home/jvdillon/projects/sic/code/maze/ckpts/x07hh/best.pt acc=87.55% (0.168s)
Step   500  Test 87.55% /  0.00% (halt: 87.55%/ 0.00%)  Train lm=1.0312±0.0732ϵ[0.9727,1.7891] n_halted=7.9360±30.8988ϵ[0.0000,128.0000]  TrainAcc 87.70%/ 0.00% (halt: 87.70%/ 0.00%)  (64.208s / 189.595s)
  n_active=128.0000±0.0000ϵ[128.0000,128.0000] n_expunged=0.0000±0.0000ϵ[0.0000,0.0000] pool_util=1.0000±0.0000ϵ[1.0000,1.0000]
  path_valid=39.30%, exact_match=9.20%
  eval_avg_halt_step: 9.66
  per_H_acc: ['H0=3.1%', 'H1=0.0%', 'H2=0.0%']
  H_cos: ['0.824', '0.926']
  z_H_delta: ['23.875', '13.188']
  cells: fixed=[0, 0] broken=[6425, 0]
  per_ACT_cell_acc: ['H1=84.2%', 'H2=87.5%', 'H3=92.2%', 'H4=94.5%', 'H5=95.3%', 'H6=95.7%', 'H7=96.0%', 'H8=96.1%', 'H9=96.1%', 'H10=96.1%', 'H11=96.1%', 'H12=96.2%', 'H13=96.2%', 'H14=96.2%', 'H15=96.2%', 'H16=96.1%']
  per_ACT_puzzle_acc: ['H1=0.0%', 'H2=0.0%', 'H3=0.0%', 'H4=0.0%', 'H5=0.0%', 'H6=1.3%', 'H7=3.9%', 'H8=5.6%', 'H9=6.0%', 'H10=8.2%', 'H11=9.1%', 'H12=7.8%', 'H13=8.6%', 'H14=8.6%', 'H15=8.6%', 'H16=8.6%']
  mean_sigmoid_q_halt: ['0.003', '0.000', '0.000', '0.002', '0.016', '0.041', '0.080', '0.133', '0.189', '0.241', '0.281', '0.309', '0.328', '0.348', '0.361', '0.371']
  halt_rates: ['0.00', '0.00', '0.00', '0.00', '0.00', '0.00', '0.00', '0.02', '0.07', '0.12', '0.22', '0.26', '0.33', '0.37', '0.39', '0.42']
  halt_histogram %: [0.0, 0.0, 0.1, 0.6, 0.8, 1.2, 1.4, 1.1, 1.3, 0.8, 0.7, 0.6, 0.7, 0.7, 1.0, 88.9]
  Avg ACT steps (last 100): 10.65
  eval_avg_halt_step: 9.72
  per_H_acc: ['H0=3.1%', 'H1=0.0%', 'H2=0.0%']
  H_cos: ['0.824', '0.926']
  z_H_delta: ['23.875', '13.188']
  cells: fixed=[0, 0] broken=[2867, 0]
  per_ACT_cell_acc: ['H1=84.2%', 'H2=87.5%', 'H3=92.4%', 'H4=94.8%', 'H5=95.7%', 'H6=96.2%', 'H7=96.4%', 'H8=96.5%', 'H9=96.6%', 'H10=96.6%', 'H11=96.6%', 'H12=96.6%', 'H13=96.7%', 'H14=96.7%', 'H15=96.7%', 'H16=96.6%']
  per_ACT_puzzle_acc: ['H1=0.0%', 'H2=0.0%', 'H3=0.0%', 'H4=0.0%', 'H5=0.0%', 'H6=1.0%', 'H7=4.8%', 'H8=6.7%', 'H9=7.7%', 'H10=8.7%', 'H11=8.7%', 'H12=8.7%', 'H13=8.7%', 'H14=7.7%', 'H15=10.6%', 'H16=9.6%']
  mean_sigmoid_q_halt: ['0.003', '0.000', '0.000', '0.002', '0.016', '0.046', '0.095', '0.158', '0.216', '0.258', '0.281', '0.303', '0.326', '0.344', '0.354', '0.361']
  halt_rates: ['0.00', '0.00', '0.00', '0.00', '0.00', '0.00', '0.00', '0.01', '0.13', '0.16', '0.24', '0.26', '0.30', '0.33', '0.34', '0.34']
  halt_histogram %: [0.0, 0.0, 0.1, 0.6, 0.8, 1.2, 1.4, 1.1, 1.3, 0.8, 0.7, 0.6, 0.7, 0.7, 1.0, 88.9]
  Avg ACT steps (last 100): 10.65
  saved: /home/jvdillon/projects/sic/code/maze/ckpts/x07hh/step01000.pt acc=96.59% (0.088s)
  saved: /home/jvdillon/projects/sic/code/maze/ckpts/x07hh/best.pt acc=96.59% (0.167s)
Step  1000  Test 96.59% / 10.70% (halt: 96.62%/ 9.90%)  Train lm=0.9414±0.0288ϵ[0.9062,1.0469] n_halted=8.7480±26.5067ϵ[0.0000,128.0000]  TrainAcc 96.95%/12.40% (halt: 96.97%/12.10%)  (55.449s / 180.008s)
  n_active=128.0000±0.0000ϵ[128.0000,128.0000] n_expunged=0.0000±0.0000ϵ[0.0000,0.0000] pool_util=1.0000±0.0000ϵ[1.0000,1.0000]
