Adam params: ('embed_tokens.weight', 'head.weight', 'head.bias', 'q_head.weight', 'q_head.bias', 'puzzle_id_embed.weight')
Muon 2D params: ('reasoning.0.attn.o_proj.weight', 'reasoning.0.mlp.up_proj.weight', 'reasoning.0.mlp.down_proj.weight', 'reasoning.1.attn.o_proj.weight', 'reasoning.1.mlp.up_proj.weight', 'reasoning.1.mlp.down_proj.weight')
Muon 3D params (ensemble_dims=1): ('reasoning.0.attn.qkv_proj.weight', 'reasoning.1.attn.qkv_proj.weight')
  path_valid=0.00%, exact_match=0.00%
  eval_avg_halt_step: 16.00
  per_H_acc: ['H0=0.0%', 'H1=0.0%', 'H2=0.0%']
  H_cos: ['0.984', '0.992']
  z_H_delta: ['5.719', '3.172']
  cells: fixed=[0, 0] broken=[0, 0]
  per_ACT_cell_acc: ['H1=87.5%', 'H2=87.5%', 'H3=87.7%', 'H4=88.0%', 'H5=88.4%', 'H6=88.4%', 'H7=88.5%', 'H8=88.5%', 'H9=88.5%', 'H10=88.4%', 'H11=88.4%', 'H12=88.4%', 'H13=88.3%', 'H14=88.3%', 'H15=88.3%', 'H16=88.3%']
  per_ACT_puzzle_acc: ['H1=0.0%', 'H2=0.0%', 'H3=0.0%', 'H4=0.0%', 'H5=0.0%', 'H6=0.0%', 'H7=0.0%', 'H8=0.0%', 'H9=0.0%', 'H10=0.0%', 'H11=0.0%', 'H12=0.0%', 'H13=0.0%', 'H14=0.0%', 'H15=0.0%', 'H16=0.0%']
  mean_sigmoid_q_halt: ['0.000', '0.000', '0.000', '0.000', '0.000', '0.000', '0.000', '0.000', '0.000', '0.000', '0.000', '0.000', '0.000', '0.000', '0.000', '0.000']
  halt_rates: ['0.00', '0.00', '0.00', '0.00', '0.00', '0.00', '0.00', '0.00', '0.00', '0.00', '0.00', '0.00', '0.00', '0.00', '0.00', '0.00']
  halt_histogram %: [0.0, 0.0, 0.0, 0.0, 0.0, 0.0, 0.0, 0.0, 0.0, 0.0, 0.0, 0.0, 0.0, 0.0, 0.0, 100.0]
  Avg ACT steps (last 100): 16.00
  eval_avg_halt_step: 16.00
  per_H_acc: ['H0=0.0%', 'H1=0.0%', 'H2=0.0%']
  H_cos: ['0.980', '0.992']
  z_H_delta: ['5.719', '3.219']
  cells: fixed=[0, 0] broken=[0, 0]
  per_ACT_cell_acc: ['H1=87.5%', 'H2=87.5%', 'H3=87.6%', 'H4=88.0%', 'H5=88.4%', 'H6=88.5%', 'H7=88.5%', 'H8=88.6%', 'H9=88.6%', 'H10=88.5%', 'H11=88.5%', 'H12=88.5%', 'H13=88.4%', 'H14=88.4%', 'H15=88.3%', 'H16=88.3%']
  per_ACT_puzzle_acc: ['H1=0.0%', 'H2=0.0%', 'H3=0.0%', 'H4=0.0%', 'H5=0.0%', 'H6=0.0%', 'H7=0.0%', 'H8=0.0%', 'H9=0.0%', 'H10=0.0%', 'H11=0.0%', 'H12=0.0%', 'H13=0.0%', 'H14=0.0%', 'H15=0.0%', 'H16=0.0%']
  mean_sigmoid_q_halt: ['0.000', '0.000', '0.000', '0.000', '0.000', '0.000', '0.000', '0.000', '0.000', '0.000', '0.000', '0.000', '0.000', '0.000', '0.000', '0.000']
  halt_rates: ['0.00', '0.00', '0.00', '0.00', '0.00', '0.00', '0.00', '0.00', '0.00', '0.00', '0.00', '0.00', '0.00', '0.00', '0.00', '0.00']
  halt_histogram %: [0.0, 0.0, 0.0, 0.0, 0.0, 0.0, 0.0, 0.0, 0.0, 0.0, 0.0, 0.0, 0.0, 0.0, 0.0, 100.0]
  Avg ACT steps (last 100): 16.00
  saved: /home/jvdillon/projects/sic/code/maze/ckpts/x07i/step00500.pt acc=88.02% (0.079s)
  saved: /home/jvdillon/projects/sic/code/maze/ckpts/x07i/best.pt acc=88.02% (0.153s)
Step   500  Test 88.02% /  0.00% (halt: 88.02%/ 0.00%)  Train lm=0.8555±0.1328ϵ[0.7773,2.4219] n_halted=7.9360±30.8988ϵ[0.0000,128.0000]  TrainAcc 87.98%/ 0.00% (halt: 87.98%/ 0.00%)  (70.890s / 418.037s)
  n_active=128.0000±0.0000ϵ[128.0000,128.0000] n_expunged=0.0000±0.0000ϵ[0.0000,0.0000] pool_util=1.0000±0.0000ϵ[1.0000,1.0000]
  path_valid=0.30%, exact_match=0.00%
  eval_avg_halt_step: 16.00
  per_H_acc: ['H0=0.0%', 'H1=0.0%', 'H2=0.0%']
  H_cos: ['0.961', '0.977']
  z_H_delta: ['8.000', '4.844']
  cells: fixed=[0, 0] broken=[0, 0]
  per_ACT_cell_acc: ['H1=87.5%', 'H2=86.8%', 'H3=91.1%', 'H4=92.6%', 'H5=93.2%', 'H6=93.6%', 'H7=93.8%', 'H8=93.8%', 'H9=93.9%', 'H10=94.0%', 'H11=94.0%', 'H12=94.0%', 'H13=94.0%', 'H14=94.0%', 'H15=94.0%', 'H16=94.0%']
  per_ACT_puzzle_acc: ['H1=0.0%', 'H2=0.0%', 'H3=0.0%', 'H4=0.0%', 'H5=0.0%', 'H6=0.0%', 'H7=0.0%', 'H8=0.0%', 'H9=0.0%', 'H10=0.0%', 'H11=0.0%', 'H12=0.0%', 'H13=0.0%', 'H14=0.0%', 'H15=0.0%', 'H16=0.0%']
  mean_sigmoid_q_halt: ['0.000', '0.000', '0.000', '0.000', '0.000', '0.000', '0.000', '0.000', '0.000', '0.000', '0.000', '0.000', '0.000', '0.000', '0.000', '0.000']
  halt_rates: ['0.00', '0.00', '0.00', '0.00', '0.00', '0.00', '0.00', '0.00', '0.00', '0.00', '0.00', '0.00', '0.00', '0.00', '0.00', '0.00']
  halt_histogram %: [0.0, 0.0, 0.0, 0.0, 0.0, 0.0, 0.0, 0.0, 0.0, 0.0, 0.0, 0.0, 0.0, 0.0, 0.0, 100.0]
  Avg ACT steps (last 100): 16.00
  eval_avg_halt_step: 16.00
  per_H_acc: ['H0=0.0%', 'H1=0.0%', 'H2=0.0%']
  H_cos: ['0.965', '0.977']
  z_H_delta: ['8.125', '4.875']
  cells: fixed=[0, 0] broken=[0, 0]
  per_ACT_cell_acc: ['H1=87.5%', 'H2=86.8%', 'H3=90.7%', 'H4=92.3%', 'H5=92.8%', 'H6=93.3%', 'H7=93.5%', 'H8=93.6%', 'H9=93.7%', 'H10=93.6%', 'H11=93.6%', 'H12=93.6%', 'H13=93.6%', 'H14=93.6%', 'H15=93.6%', 'H16=93.7%']
  per_ACT_puzzle_acc: ['H1=0.0%', 'H2=0.0%', 'H3=0.0%', 'H4=0.0%', 'H5=0.0%', 'H6=0.0%', 'H7=0.0%', 'H8=0.0%', 'H9=0.0%', 'H10=0.0%', 'H11=0.0%', 'H12=0.0%', 'H13=0.0%', 'H14=0.0%', 'H15=0.0%', 'H16=0.0%']
  mean_sigmoid_q_halt: ['0.000', '0.000', '0.000', '0.000', '0.000', '0.000', '0.000', '0.000', '0.000', '0.000', '0.000', '0.000', '0.000', '0.000', '0.000', '0.000']
  halt_rates: ['0.00', '0.00', '0.00', '0.00', '0.00', '0.00', '0.00', '0.00', '0.00', '0.00', '0.00', '0.00', '0.00', '0.00', '0.00', '0.00']
  halt_histogram %: [0.0, 0.0, 0.0, 0.0, 0.0, 0.0, 0.0, 0.0, 0.0, 0.0, 0.0, 0.0, 0.0, 0.0, 0.0, 100.0]
  Avg ACT steps (last 100): 16.00
  saved: /home/jvdillon/projects/sic/code/maze/ckpts/x07i/step01000.pt acc=93.88% (0.076s)
  saved: /home/jvdillon/projects/sic/code/maze/ckpts/x07i/best.pt acc=93.88% (0.159s)
Step  1000  Test 93.88% /  0.00% (halt: 93.88%/ 0.00%)  Train lm=0.7383±0.0305ϵ[0.6875,0.8438] n_halted=7.9360±30.8988ϵ[0.0000,128.0000]  TrainAcc 93.99%/ 0.00% (halt: 93.99%/ 0.00%)  (55.170s / 392.675s)
  n_active=128.0000±0.0000ϵ[128.0000,128.0000] n_expunged=0.0000±0.0000ϵ[0.0000,0.0000] pool_util=1.0000±0.0000ϵ[1.0000,1.0000]
  path_valid=0.00%, exact_match=0.00%
  eval_avg_halt_step: 16.00
  per_H_acc: ['H0=0.0%', 'H1=0.0%', 'H2=0.0%']
  H_cos: ['0.949', '0.984']
  z_H_delta: ['8.750', '5.812']
  cells: fixed=[0, 0] broken=[78, 0]
  per_ACT_cell_acc: ['H1=88.3%', 'H2=92.3%', 'H3=93.7%', 'H4=94.3%', 'H5=94.4%', 'H6=94.2%', 'H7=94.3%', 'H8=94.2%', 'H9=94.2%', 'H10=94.2%', 'H11=94.2%', 'H12=94.1%', 'H13=94.1%', 'H14=94.1%', 'H15=94.1%', 'H16=94.1%']
  per_ACT_puzzle_acc: ['H1=0.0%', 'H2=0.0%', 'H3=0.0%', 'H4=0.0%', 'H5=0.0%', 'H6=0.0%', 'H7=0.0%', 'H8=0.0%', 'H9=0.0%', 'H10=0.0%', 'H11=0.0%', 'H12=0.0%', 'H13=0.0%', 'H14=0.0%', 'H15=0.0%', 'H16=0.0%']
  mean_sigmoid_q_halt: ['0.000', '0.000', '0.001', '0.002', '0.002', '0.002', '0.002', '0.002', '0.002', '0.002', '0.002', '0.003', '0.003', '0.003', '0.003', '0.003']
  halt_rates: ['0.00', '0.00', '0.00', '0.00', '0.00', '0.00', '0.00', '0.00', '0.00', '0.00', '0.00', '0.00', '0.00', '0.00', '0.00', '0.00']
  halt_histogram %: [0.0, 0.0, 0.1, 0.1, 0.1, 0.2, 0.2, 0.3, 0.4, 0.4, 0.6, 0.4, 0.4, 0.6, 0.5, 95.6]
  Avg ACT steps (last 100): 14.06
  eval_avg_halt_step: 16.00
  per_H_acc: ['H0=0.1%', 'H1=0.0%', 'H2=0.0%']
  H_cos: ['0.949', '0.984']
  z_H_delta: ['8.688', '5.812']
  cells: fixed=[0, 0] broken=[62, 0]
  per_ACT_cell_acc: ['H1=88.1%', 'H2=92.5%', 'H3=94.5%', 'H4=94.9%', 'H5=95.1%', 'H6=95.2%', 'H7=95.2%', 'H8=95.2%', 'H9=95.1%', 'H10=95.2%', 'H11=95.2%', 'H12=95.2%', 'H13=95.2%', 'H14=95.2%', 'H15=95.2%', 'H16=95.2%']
  per_ACT_puzzle_acc: ['H1=0.0%', 'H2=0.0%', 'H3=0.0%', 'H4=0.0%', 'H5=0.0%', 'H6=0.0%', 'H7=0.0%', 'H8=0.0%', 'H9=0.0%', 'H10=0.0%', 'H11=0.0%', 'H12=0.0%', 'H13=0.0%', 'H14=0.0%', 'H15=0.0%', 'H16=0.0%']
  mean_sigmoid_q_halt: ['0.000', '0.000', '0.001', '0.002', '0.002', '0.002', '0.002', '0.002', '0.003', '0.003', '0.003', '0.003', '0.003', '0.003', '0.003', '0.003']
  halt_rates: ['0.00', '0.00', '0.00', '0.00', '0.00', '0.00', '0.00', '0.00', '0.00', '0.00', '0.00', '0.00', '0.00', '0.00', '0.00', '0.00']
  halt_histogram %: [0.0, 0.0, 0.1, 0.1, 0.1, 0.2, 0.2, 0.3, 0.4, 0.4, 0.6, 0.4, 0.4, 0.6, 0.5, 95.6]
  Avg ACT steps (last 100): 14.06
  saved: /home/jvdillon/projects/sic/code/maze/ckpts/x07i/step01500.pt acc=94.15% (0.076s)
  saved: /home/jvdillon/projects/sic/code/maze/ckpts/x07i/best.pt acc=94.15% (0.156s)
Step  1500  Test 94.15% /  0.00% (halt: 94.15%/ 0.00%)  Train lm=0.7070±0.0146ϵ[0.6914,0.8008] n_halted=8.3640±20.8214ϵ[0.0000,128.0000]  TrainAcc 95.20%/ 0.00% (halt: 95.20%/ 0.00%)  (55.198s / 392.545s)
  n_active=128.0000±0.0000ϵ[128.0000,128.0000] n_expunged=0.0000±0.0000ϵ[0.0000,0.0000] pool_util=1.0000±0.0000ϵ[1.0000,1.0000]
  path_valid=17.50%, exact_match=1.30%
  eval_avg_halt_step: 15.98
  per_H_acc: ['H0=0.1%', 'H1=0.0%', 'H2=0.0%']
  H_cos: ['0.941', '0.984']
  z_H_delta: ['8.938', '5.562']
  cells: fixed=[0, 0] broken=[123, 3]
  per_ACT_cell_acc: ['H1=89.5%', 'H2=93.5%', 'H3=94.1%', 'H4=94.3%', 'H5=94.5%', 'H6=94.8%', 'H7=95.0%', 'H8=95.1%', 'H9=95.2%', 'H10=95.2%', 'H11=95.2%', 'H12=95.3%', 'H13=95.2%', 'H14=95.3%', 'H15=95.3%', 'H16=95.3%']
  per_ACT_puzzle_acc: ['H1=0.0%', 'H2=0.0%', 'H3=0.0%', 'H4=0.0%', 'H5=0.4%', 'H6=0.4%', 'H7=0.4%', 'H8=0.4%', 'H9=0.9%', 'H10=0.9%', 'H11=0.9%', 'H12=0.4%', 'H13=0.9%', 'H14=1.7%', 'H15=1.7%', 'H16=1.7%']
  mean_sigmoid_q_halt: ['0.000', '0.001', '0.003', '0.006', '0.010', '0.014', '0.018', '0.022', '0.026', '0.029', '0.030', '0.031', '0.031', '0.032', '0.033', '0.034']
  halt_rates: ['0.00', '0.00', '0.00', '0.00', '0.00', '0.00', '0.00', '0.00', '0.00', '0.00', '0.00', '0.00', '0.00', '0.00', '0.00', '0.00']
  halt_histogram %: [0.0, 0.0, 0.3, 0.7, 0.8, 0.9, 0.9, 1.1, 1.2, 1.1, 1.2, 1.0, 0.9, 1.0, 0.9, 87.8]
  Avg ACT steps (last 100): 12.97
  eval_avg_halt_step: 15.90
  per_H_acc: ['H0=0.1%', 'H1=0.0%', 'H2=0.0%']
  H_cos: ['0.938', '0.988']
  z_H_delta: ['9.000', '5.594']
  cells: fixed=[0, 0] broken=[79, 0]
  per_ACT_cell_acc: ['H1=89.6%', 'H2=94.5%', 'H3=95.3%', 'H4=95.5%', 'H5=95.6%', 'H6=95.6%', 'H7=95.6%', 'H8=95.6%', 'H9=95.6%', 'H10=95.6%', 'H11=95.6%', 'H12=95.7%', 'H13=95.7%', 'H14=95.6%', 'H15=95.7%', 'H16=95.7%']
  per_ACT_puzzle_acc: ['H1=0.0%', 'H2=0.0%', 'H3=0.0%', 'H4=0.0%', 'H5=0.0%', 'H6=0.0%', 'H7=0.8%', 'H8=1.6%', 'H9=0.8%', 'H10=1.6%', 'H11=2.3%', 'H12=2.3%', 'H13=2.3%', 'H14=3.1%', 'H15=3.1%', 'H16=3.1%']
  mean_sigmoid_q_halt: ['0.000', '0.001', '0.003', '0.006', '0.011', '0.018', '0.024', '0.030', '0.034', '0.039', '0.042', '0.046', '0.048', '0.051', '0.054', '0.057']
  halt_rates: ['0.00', '0.00', '0.00', '0.00', '0.00', '0.00', '0.01', '0.01', '0.01', '0.02', '0.02', '0.02', '0.02', '0.02', '0.02', '0.02']
  halt_histogram %: [0.0, 0.0, 0.3, 0.7, 0.8, 0.9, 0.9, 1.1, 1.2, 1.1, 1.2, 1.0, 0.9, 1.0, 0.9, 87.8]
  Avg ACT steps (last 100): 12.97
  saved: /home/jvdillon/projects/sic/code/maze/ckpts/x07i/step02000.pt acc=95.35% (0.076s)
  saved: /home/jvdillon/projects/sic/code/maze/ckpts/x07i/best.pt acc=95.35% (0.159s)
Step  2000  Test 95.35% /  6.40% (halt: 95.35%/ 1.30%)  Train lm=0.7031±0.0042ϵ[0.6914,0.7148] n_halted=9.3040±6.1971ϵ[0.0000,36.0000]  TrainAcc 95.59%/ 1.27% (halt: 95.59%/ 1.37%)  (55.278s / 393.028s)
  n_active=128.0000±0.0000ϵ[128.0000,128.0000] n_expunged=0.0000±0.0000ϵ[0.0000,0.0000] pool_util=1.0000±0.0000ϵ[1.0000,1.0000]
  path_valid=51.50%, exact_match=1.50%
  eval_avg_halt_step: 12.10
  per_H_acc: ['H0=0.1%', 'H1=0.0%', 'H2=0.0%']
  H_cos: ['0.938', '0.988']
  z_H_delta: ['9.875', '5.469']
  cells: fixed=[0, 0] broken=[143, 1]
  per_ACT_cell_acc: ['H1=90.0%', 'H2=93.8%', 'H3=93.6%', 'H4=93.1%', 'H5=93.0%', 'H6=93.0%', 'H7=93.0%', 'H8=93.0%', 'H9=93.0%', 'H10=93.0%', 'H11=93.0%', 'H12=93.0%', 'H13=93.0%', 'H14=93.0%', 'H15=93.0%', 'H16=93.0%']
  per_ACT_puzzle_acc: ['H1=0.0%', 'H2=0.0%', 'H3=0.0%', 'H4=0.0%', 'H5=0.0%', 'H6=0.4%', 'H7=0.4%', 'H8=0.9%', 'H9=1.7%', 'H10=1.7%', 'H11=1.7%', 'H12=1.3%', 'H13=1.7%', 'H14=1.7%', 'H15=1.7%', 'H16=1.7%']
  mean_sigmoid_q_halt: ['0.000', '0.000', '0.002', '0.011', '0.035', '0.068', '0.096', '0.122', '0.146', '0.170', '0.194', '0.213', '0.229', '0.236', '0.243', '0.252']
  halt_rates: ['0.00', '0.00', '0.00', '0.00', '0.00', '0.03', '0.06', '0.07', '0.11', '0.12', '0.15', '0.19', '0.21', '0.22', '0.22', '0.23']
  halt_histogram %: [0.0, 0.1, 0.6, 1.1, 1.3, 1.5, 1.5, 1.6, 1.8, 1.5, 1.6, 1.5, 1.2, 1.3, 1.1, 82.5]
  Avg ACT steps (last 100): 14.23
  eval_avg_halt_step: 12.23
  per_H_acc: ['H0=0.1%', 'H1=0.0%', 'H2=0.0%']
  H_cos: ['0.938', '0.988']
  z_H_delta: ['9.812', '5.500']
  cells: fixed=[0, 0] broken=[91, 1]
  per_ACT_cell_acc: ['H1=89.8%', 'H2=94.1%', 'H3=95.1%', 'H4=95.4%', 'H5=95.5%', 'H6=95.6%', 'H7=95.5%', 'H8=95.4%', 'H9=95.4%', 'H10=95.4%', 'H11=95.5%', 'H12=95.5%', 'H13=95.5%', 'H14=95.5%', 'H15=95.5%', 'H16=95.5%']
  per_ACT_puzzle_acc: ['H1=0.0%', 'H2=0.0%', 'H3=0.0%', 'H4=2.3%', 'H5=3.9%', 'H6=5.5%', 'H7=6.2%', 'H8=7.0%', 'H9=6.2%', 'H10=6.2%', 'H11=6.2%', 'H12=7.0%', 'H13=5.5%', 'H14=6.2%', 'H15=5.5%', 'H16=6.2%']
  mean_sigmoid_q_halt: ['0.000', '0.000', '0.002', '0.009', '0.032', '0.067', '0.104', '0.141', '0.175', '0.204', '0.230', '0.248', '0.264', '0.273', '0.287', '0.303']
  halt_rates: ['0.00', '0.00', '0.00', '0.00', '0.00', '0.01', '0.04', '0.08', '0.12', '0.16', '0.20', '0.22', '0.27', '0.27', '0.28', '0.28']
  halt_histogram %: [0.0, 0.1, 0.6, 1.1, 1.3, 1.5, 1.5, 1.6, 1.8, 1.5, 1.6, 1.5, 1.2, 1.3, 1.1, 82.5]
  Avg ACT steps (last 100): 14.23
  saved: /home/jvdillon/projects/sic/code/maze/ckpts/x07i/step02500.pt acc=92.93% (0.077s)
Step  2500  Test 92.93% / 32.40% (halt: 92.92%/ 1.40%)  Train lm=0.6992±0.0039ϵ[0.6914,0.7148] n_halted=9.5960±5.5795ϵ[1.0000,33.0000]  TrainAcc 95.61%/ 6.74% (halt: 95.61%/ 6.45%)  (55.223s / 392.880s)
  n_active=128.0000±0.0000ϵ[128.0000,128.0000] n_expunged=0.0000±0.0000ϵ[0.0000,0.0000] pool_util=1.0000±0.0000ϵ[1.0000,1.0000]
  path_valid=28.10%, exact_match=1.10%
  eval_avg_halt_step: 15.91
  per_H_acc: ['H0=0.0%', 'H1=0.0%', 'H2=0.0%']
  H_cos: ['0.922', '0.984']
  z_H_delta: ['10.312', '6.188']
  cells: fixed=[0, 0] broken=[99, 0]
  per_ACT_cell_acc: ['H1=89.8%', 'H2=95.2%', 'H3=95.6%', 'H4=95.0%', 'H5=94.6%', 'H6=94.2%', 'H7=94.0%', 'H8=93.9%', 'H9=93.9%', 'H10=93.8%', 'H11=93.9%', 'H12=93.8%', 'H13=93.9%', 'H14=93.9%', 'H15=93.9%', 'H16=93.9%']
  per_ACT_puzzle_acc: ['H1=0.0%', 'H2=0.0%', 'H3=0.0%', 'H4=0.0%', 'H5=0.0%', 'H6=0.0%', 'H7=0.0%', 'H8=0.0%', 'H9=0.0%', 'H10=0.4%', 'H11=1.3%', 'H12=1.3%', 'H13=1.3%', 'H14=1.3%', 'H15=0.9%', 'H16=1.3%']
  mean_sigmoid_q_halt: ['0.001', '0.001', '0.001', '0.007', '0.009', '0.010', '0.011', '0.012', '0.013', '0.015', '0.016', '0.018', '0.019', '0.020', '0.021', '0.022']
  halt_rates: ['0.00', '0.00', '0.00', '0.00', '0.00', '0.00', '0.00', '0.00', '0.00', '0.00', '0.00', '0.00', '0.00', '0.00', '0.00', '0.00']
  halt_histogram %: [0.0, 0.1, 0.9, 1.5, 1.7, 1.9, 1.9, 2.1, 2.2, 1.9, 1.9, 1.9, 1.5, 1.7, 1.5, 77.4]
  Avg ACT steps (last 100): 12.12
  eval_avg_halt_step: 15.90
  per_H_acc: ['H0=0.1%', 'H1=0.0%', 'H2=0.0%']
  H_cos: ['0.922', '0.984']
  z_H_delta: ['10.312', '6.250']
  cells: fixed=[0, 0] broken=[61, 1]
  per_ACT_cell_acc: ['H1=89.7%', 'H2=94.6%', 'H3=95.3%', 'H4=95.5%', 'H5=95.5%', 'H6=95.4%', 'H7=95.3%', 'H8=95.2%', 'H9=95.1%', 'H10=95.1%', 'H11=95.1%', 'H12=95.1%', 'H13=95.1%', 'H14=95.1%', 'H15=95.2%', 'H16=95.2%']
  per_ACT_puzzle_acc: ['H1=0.0%', 'H2=0.0%', 'H3=0.0%', 'H4=0.8%', 'H5=0.8%', 'H6=0.8%', 'H7=0.8%', 'H8=0.0%', 'H9=0.0%', 'H10=0.0%', 'H11=0.8%', 'H12=0.8%', 'H13=0.8%', 'H14=0.8%', 'H15=0.8%', 'H16=1.6%']
  mean_sigmoid_q_halt: ['0.001', '0.001', '0.001', '0.007', '0.011', '0.013', '0.013', '0.013', '0.015', '0.016', '0.018', '0.018', '0.018', '0.021', '0.021', '0.020']
  halt_rates: ['0.00', '0.00', '0.00', '0.00', '0.00', '0.00', '0.00', '0.00', '0.00', '0.00', '0.00', '0.00', '0.00', '0.00', '0.00', '0.00']
  halt_histogram %: [0.0, 0.1, 0.9, 1.5, 1.7, 1.9, 1.9, 2.1, 2.2, 1.9, 1.9, 1.9, 1.5, 1.7, 1.5, 77.4]
  Avg ACT steps (last 100): 12.12
  saved: /home/jvdillon/projects/sic/code/maze/ckpts/x07i/step03000.pt acc=93.88% (0.075s)
Step  3000  Test 93.88% /  9.00% (halt: 93.88%/ 1.30%)  Train lm=0.6992±0.0040ϵ[0.6914,0.7109] n_halted=9.9000±5.2373ϵ[1.0000,31.0000]  TrainAcc 95.48%/ 1.56% (halt: 95.48%/ 1.66%)  (55.185s / 392.996s)
  n_active=128.0000±0.0000ϵ[128.0000,128.0000] n_expunged=0.0000±0.0000ϵ[0.0000,0.0000] pool_util=1.0000±0.0000ϵ[1.0000,1.0000]
  path_valid=60.90%, exact_match=9.40%
  eval_avg_halt_step: 11.13
  per_H_acc: ['H0=0.0%', 'H1=0.0%', 'H2=0.0%']
  H_cos: ['0.949', '0.988']
  z_H_delta: ['9.750', '6.281']
  cells: fixed=[0, 0] broken=[79, 0]
  per_ACT_cell_acc: ['H1=89.8%', 'H2=95.1%', 'H3=96.4%', 'H4=96.8%', 'H5=97.0%', 'H6=97.0%', 'H7=97.0%', 'H8=96.9%', 'H9=96.8%', 'H10=96.8%', 'H11=96.8%', 'H12=96.7%', 'H13=96.6%', 'H14=96.6%', 'H15=96.5%', 'H16=96.5%']
  per_ACT_puzzle_acc: ['H1=0.0%', 'H2=0.0%', 'H3=0.0%', 'H4=2.2%', 'H5=4.3%', 'H6=5.2%', 'H7=7.3%', 'H8=9.1%', 'H9=8.2%', 'H10=5.6%', 'H11=6.9%', 'H12=7.8%', 'H13=7.3%', 'H14=7.8%', 'H15=8.6%', 'H16=8.2%']
  mean_sigmoid_q_halt: ['0.006', '0.004', '0.003', '0.011', '0.024', '0.041', '0.062', '0.090', '0.119', '0.146', '0.170', '0.188', '0.200', '0.207', '0.225', '0.245']
  halt_rates: ['0.00', '0.00', '0.00', '0.00', '0.00', '0.01', '0.02', '0.03', '0.06', '0.11', '0.12', '0.13', '0.16', '0.17', '0.19', '0.22']
  halt_histogram %: [0.0, 0.1, 1.0, 1.7, 2.1, 2.1, 2.3, 2.5, 2.6, 2.3, 2.1, 2.2, 1.8, 1.9, 1.7, 73.4]
  Avg ACT steps (last 100): 12.91
  eval_avg_halt_step: 11.22
  per_H_acc: ['H0=0.0%', 'H1=0.0%', 'H2=0.0%']
  H_cos: ['0.949', '0.988']
  z_H_delta: ['9.750', '6.250']
  cells: fixed=[0, 0] broken=[51, 0]
  per_ACT_cell_acc: ['H1=89.4%', 'H2=94.8%', 'H3=95.8%', 'H4=96.1%', 'H5=96.2%', 'H6=96.2%', 'H7=96.3%', 'H8=96.3%', 'H9=96.2%', 'H10=96.2%', 'H11=96.2%', 'H12=96.1%', 'H13=96.1%', 'H14=96.1%', 'H15=96.1%', 'H16=96.1%']
  per_ACT_puzzle_acc: ['H1=0.0%', 'H2=0.0%', 'H3=0.0%', 'H4=1.6%', 'H5=3.1%', 'H6=2.3%', 'H7=2.3%', 'H8=3.9%', 'H9=4.7%', 'H10=5.5%', 'H11=5.5%', 'H12=5.5%', 'H13=5.5%', 'H14=7.8%', 'H15=7.8%', 'H16=8.6%']
  mean_sigmoid_q_halt: ['0.006', '0.003', '0.003', '0.012', '0.030', '0.055', '0.078', '0.106', '0.137', '0.167', '0.192', '0.211', '0.231', '0.254', '0.281', '0.293']
  halt_rates: ['0.00', '0.00', '0.00', '0.00', '0.00', '0.01', '0.02', '0.04', '0.08', '0.12', '0.15', '0.19', '0.22', '0.23', '0.23', '0.25']
  halt_histogram %: [0.0, 0.1, 1.0, 1.7, 2.1, 2.1, 2.3, 2.5, 2.6, 2.3, 2.1, 2.2, 1.8, 1.9, 1.7, 73.4]
  Avg ACT steps (last 100): 12.91
  saved: /home/jvdillon/projects/sic/code/maze/ckpts/x07i/step03500.pt acc=96.33% (0.075s)
  saved: /home/jvdillon/projects/sic/code/maze/ckpts/x07i/best.pt acc=96.33% (0.155s)
Step  3500  Test 96.33% / 35.50% (halt: 96.36%/11.10%)  Train lm=0.6992±0.0036ϵ[0.6875,0.7109] n_halted=10.0940±4.9859ϵ[0.0000,29.0000]  TrainAcc 95.63%/ 6.35% (halt: 95.63%/ 7.62%)  (55.312s / 392.553s)
  n_active=128.0000±0.0000ϵ[128.0000,128.0000] n_expunged=0.0000±0.0000ϵ[0.0000,0.0000] pool_util=1.0000±0.0000ϵ[1.0000,1.0000]
  path_valid=41.30%, exact_match=5.00%
  eval_avg_halt_step: 14.46
  per_H_acc: ['H0=0.0%', 'H1=0.0%', 'H2=0.0%']
  H_cos: ['0.934', '0.988']
  z_H_delta: ['11.000', '6.406']
  cells: fixed=[0, 0] broken=[15, 0]
  per_ACT_cell_acc: ['H1=90.5%', 'H2=94.2%', 'H3=94.2%', 'H4=94.2%', 'H5=94.3%', 'H6=94.4%', 'H7=94.4%', 'H8=94.5%', 'H9=94.6%', 'H10=94.7%', 'H11=94.7%', 'H12=94.7%', 'H13=94.8%', 'H14=94.8%', 'H15=94.8%', 'H16=94.8%']
  per_ACT_puzzle_acc: ['H1=0.0%', 'H2=0.0%', 'H3=0.0%', 'H4=0.0%', 'H5=0.0%', 'H6=0.9%', 'H7=2.2%', 'H8=2.2%', 'H9=3.0%', 'H10=3.4%', 'H11=3.0%', 'H12=3.4%', 'H13=3.4%', 'H14=2.6%', 'H15=3.9%', 'H16=3.0%']
  mean_sigmoid_q_halt: ['0.025', '0.005', '0.002', '0.006', '0.012', '0.022', '0.031', '0.040', '0.047', '0.054', '0.060', '0.065', '0.069', '0.073', '0.077', '0.083']
  halt_rates: ['0.00', '0.00', '0.00', '0.00', '0.00', '0.00', '0.00', '0.02', '0.02', '0.03', '0.03', '0.03', '0.03', '0.03', '0.04', '0.04']
  halt_histogram %: [0.0, 0.2, 1.2, 2.0, 2.4, 2.5, 2.6, 2.9, 2.9, 2.5, 2.5, 2.4, 2.1, 2.1, 1.9, 69.9]
  Avg ACT steps (last 100): 13.62
  eval_avg_halt_step: 14.35
  per_H_acc: ['H0=0.0%', 'H1=0.0%', 'H2=0.0%']
  H_cos: ['0.934', '0.988']
  z_H_delta: ['11.000', '6.344']
  cells: fixed=[0, 0] broken=[13, 0]
  per_ACT_cell_acc: ['H1=90.7%', 'H2=95.1%', 'H3=95.8%', 'H4=96.1%', 'H5=96.1%', 'H6=96.0%', 'H7=95.9%', 'H8=96.0%', 'H9=96.0%', 'H10=96.1%', 'H11=96.1%', 'H12=96.1%', 'H13=96.1%', 'H14=96.1%', 'H15=96.1%', 'H16=96.1%']
  per_ACT_puzzle_acc: ['H1=0.0%', 'H2=0.0%', 'H3=0.0%', 'H4=0.8%', 'H5=0.8%', 'H6=2.3%', 'H7=2.3%', 'H8=4.7%', 'H9=7.0%', 'H10=8.6%', 'H11=9.4%', 'H12=9.4%', 'H13=10.2%', 'H14=8.6%', 'H15=9.4%', 'H16=10.2%']
  mean_sigmoid_q_halt: ['0.025', '0.005', '0.002', '0.004', '0.008', '0.017', '0.029', '0.041', '0.054', '0.068', '0.081', '0.091', '0.099', '0.104', '0.109', '0.116']
  halt_rates: ['0.00', '0.00', '0.00', '0.00', '0.00', '0.00', '0.01', '0.02', '0.02', '0.04', '0.05', '0.05', '0.07', '0.09', '0.09', '0.09']
  halt_histogram %: [0.0, 0.2, 1.2, 2.0, 2.4, 2.5, 2.6, 2.9, 2.9, 2.5, 2.5, 2.4, 2.1, 2.1, 1.9, 69.9]
  Avg ACT steps (last 100): 13.62
  saved: /home/jvdillon/projects/sic/code/maze/ckpts/x07i/step04000.pt acc=94.77% (0.075s)
Step  4000  Test 94.77% / 28.00% (halt: 94.77%/ 5.50%)  Train lm=0.6992±0.0044ϵ[0.6875,0.7109] n_halted=10.3560±5.4299ϵ[1.0000,30.0000]  TrainAcc 95.80%/ 8.11% (halt: 95.81%/ 9.08%)  (55.224s / 392.954s)
  n_active=128.0000±0.0000ϵ[128.0000,128.0000] n_expunged=0.0000±0.0000ϵ[0.0000,0.0000] pool_util=1.0000±0.0000ϵ[1.0000,1.0000]
  path_valid=26.40%, exact_match=3.70%
  eval_avg_halt_step: 14.99
  per_H_acc: ['H0=0.1%', 'H1=0.0%', 'H2=0.0%']
  H_cos: ['0.938', '0.984']
  z_H_delta: ['10.188', '6.781']
  cells: fixed=[0, 0] broken=[197, 2]
  per_ACT_cell_acc: ['H1=89.2%', 'H2=94.0%', 'H3=94.7%', 'H4=95.0%', 'H5=94.7%', 'H6=94.8%', 'H7=94.7%', 'H8=94.7%', 'H9=94.7%', 'H10=94.7%', 'H11=94.7%', 'H12=94.7%', 'H13=94.6%', 'H14=94.7%', 'H15=94.6%', 'H16=94.7%']
  per_ACT_puzzle_acc: ['H1=0.0%', 'H2=0.0%', 'H3=0.0%', 'H4=0.0%', 'H5=0.0%', 'H6=0.9%', 'H7=1.7%', 'H8=2.6%', 'H9=2.6%', 'H10=3.0%', 'H11=3.0%', 'H12=3.0%', 'H13=2.6%', 'H14=3.0%', 'H15=3.0%', 'H16=3.4%']
  mean_sigmoid_q_halt: ['0.088', '0.024', '0.003', '0.004', '0.006', '0.012', '0.019', '0.026', '0.034', '0.043', '0.051', '0.060', '0.067', '0.074', '0.082', '0.091']
  halt_rates: ['0.00', '0.00', '0.00', '0.00', '0.00', '0.00', '0.00', '0.00', '0.00', '0.00', '0.01', '0.03', '0.03', '0.03', '0.04', '0.05']
  halt_histogram %: [0.0, 0.2, 1.4, 2.2, 2.8, 2.9, 2.9, 3.2, 3.1, 2.7, 2.7, 2.7, 2.3, 2.3, 2.1, 66.5]
  Avg ACT steps (last 100): 12.01
  eval_avg_halt_step: 15.28
  per_H_acc: ['H0=0.1%', 'H1=0.0%', 'H2=0.0%']
  H_cos: ['0.938', '0.984']
  z_H_delta: ['10.188', '6.844']
  cells: fixed=[0, 1] broken=[119, 0]
  per_ACT_cell_acc: ['H1=89.9%', 'H2=95.3%', 'H3=96.0%', 'H4=96.2%', 'H5=96.3%', 'H6=96.4%', 'H7=96.4%', 'H8=96.4%', 'H9=96.4%', 'H10=96.4%', 'H11=96.3%', 'H12=96.3%', 'H13=96.3%', 'H14=96.3%', 'H15=96.3%', 'H16=96.3%']
  per_ACT_puzzle_acc: ['H1=0.0%', 'H2=0.0%', 'H3=0.0%', 'H4=0.0%', 'H5=0.8%', 'H6=1.6%', 'H7=1.6%', 'H8=3.1%', 'H9=3.9%', 'H10=3.1%', 'H11=5.5%', 'H12=7.0%', 'H13=5.5%', 'H14=6.2%', 'H15=6.2%', 'H16=6.2%']
  mean_sigmoid_q_halt: ['0.088', '0.026', '0.003', '0.004', '0.007', '0.016', '0.023', '0.027', '0.035', '0.043', '0.046', '0.051', '0.059', '0.066', '0.072', '0.077']
  halt_rates: ['0.00', '0.00', '0.00', '0.00', '0.00', '0.00', '0.00', '0.00', '0.01', '0.01', '0.02', '0.02', '0.02', '0.03', '0.04', '0.04']
  halt_histogram %: [0.0, 0.2, 1.4, 2.2, 2.8, 2.9, 2.9, 3.2, 3.1, 2.7, 2.7, 2.7, 2.3, 2.3, 2.1, 66.5]
  Avg ACT steps (last 100): 12.01
  saved: /home/jvdillon/projects/sic/code/maze/ckpts/x07i/step04500.pt acc=94.80% (0.076s)
Step  4500  Test 94.80% / 22.20% (halt: 94.80%/ 3.70%)  Train lm=0.6992±0.0047ϵ[0.6875,0.7109] n_halted=10.7940±5.5938ϵ[0.0000,37.0000]  TrainAcc 96.01%/ 4.98% (halt: 96.02%/ 5.18%)  (55.176s / 392.875s)
  n_active=128.0000±0.0000ϵ[128.0000,128.0000] n_expunged=0.0000±0.0000ϵ[0.0000,0.0000] pool_util=1.0000±0.0000ϵ[1.0000,1.0000]
  path_valid=73.40%, exact_match=5.30%
  eval_avg_halt_step: 8.08
  per_H_acc: ['H0=0.0%', 'H1=0.0%', 'H2=0.0%']
  H_cos: ['0.938', '0.988']
  z_H_delta: ['10.250', '6.094']
  cells: fixed=[0, 0] broken=[93, 0]
  per_ACT_cell_acc: ['H1=90.2%', 'H2=94.3%', 'H3=95.8%', 'H4=96.1%', 'H5=95.6%', 'H6=95.3%', 'H7=95.2%', 'H8=95.1%', 'H9=95.2%', 'H10=95.2%', 'H11=95.1%', 'H12=95.1%', 'H13=95.2%', 'H14=95.2%', 'H15=95.2%', 'H16=95.1%']
  per_ACT_puzzle_acc: ['H1=0.0%', 'H2=0.0%', 'H3=0.4%', 'H4=2.2%', 'H5=3.4%', 'H6=3.0%', 'H7=2.2%', 'H8=2.2%', 'H9=2.2%', 'H10=3.0%', 'H11=3.4%', 'H12=4.7%', 'H13=3.9%', 'H14=3.4%', 'H15=4.3%', 'H16=5.2%']
  mean_sigmoid_q_halt: ['0.297', '0.051', '0.008', '0.052', '0.081', '0.128', '0.164', '0.204', '0.250', '0.287', '0.330', '0.365', '0.398', '0.426', '0.441', '0.457']
  halt_rates: ['0.00', '0.00', '0.00', '0.00', '0.00', '0.04', '0.09', '0.11', '0.18', '0.24', '0.29', '0.35', '0.36', '0.42', '0.44', '0.47']
  halt_histogram %: [0.0, 0.2, 1.5, 2.4, 3.0, 3.2, 3.2, 3.5, 3.3, 2.9, 2.9, 2.8, 2.5, 2.4, 2.2, 64.1]
  Avg ACT steps (last 100): 12.39
  eval_avg_halt_step: 8.12
  per_H_acc: ['H0=0.0%', 'H1=0.0%', 'H2=0.0%']
  H_cos: ['0.938', '0.988']
  z_H_delta: ['10.312', '6.062']
  cells: fixed=[0, 0] broken=[57, 0]
  per_ACT_cell_acc: ['H1=90.5%', 'H2=95.2%', 'H3=95.8%', 'H4=96.0%', 'H5=95.8%', 'H6=95.8%', 'H7=95.9%', 'H8=95.9%', 'H9=95.9%', 'H10=95.8%', 'H11=95.8%', 'H12=95.8%', 'H13=95.8%', 'H14=95.8%', 'H15=95.7%', 'H16=95.7%']
  per_ACT_puzzle_acc: ['H1=0.0%', 'H2=0.0%', 'H3=0.0%', 'H4=1.6%', 'H5=4.7%', 'H6=7.0%', 'H7=4.7%', 'H8=4.7%', 'H9=6.2%', 'H10=3.9%', 'H11=6.2%', 'H12=7.0%', 'H13=7.8%', 'H14=8.6%', 'H15=8.6%', 'H16=8.6%']
  mean_sigmoid_q_halt: ['0.297', '0.050', '0.007', '0.039', '0.066', '0.113', '0.148', '0.193', '0.229', '0.266', '0.309', '0.355', '0.393', '0.422', '0.445', '0.461']
  halt_rates: ['0.00', '0.00', '0.00', '0.00', '0.00', '0.03', '0.09', '0.12', '0.12', '0.19', '0.23', '0.32', '0.41', '0.45', '0.45', '0.47']
  halt_histogram %: [0.0, 0.2, 1.5, 2.4, 3.0, 3.2, 3.2, 3.5, 3.3, 2.9, 2.9, 2.8, 2.5, 2.4, 2.2, 64.1]
  Avg ACT steps (last 100): 12.39
  saved: /home/jvdillon/projects/sic/code/maze/ckpts/x07i/step05000.pt acc=95.23% (0.073s)
Step  5000  Test 95.23% / 49.60% (halt: 95.12%/ 6.30%)  Train lm=0.6992±0.0042ϵ[0.6875,0.7109] n_halted=10.6100±5.9741ϵ[0.0000,43.0000]  TrainAcc 95.54%/ 9.47% (halt: 95.58%/12.99%)  (55.267s / 393.035s)
  n_active=128.0000±0.0000ϵ[128.0000,128.0000] n_expunged=0.0000±0.0000ϵ[0.0000,0.0000] pool_util=1.0000±0.0000ϵ[1.0000,1.0000]
  path_valid=78.20%, exact_match=2.10%
  eval_avg_halt_step: 9.78
  per_H_acc: ['H0=0.1%', 'H1=0.0%', 'H2=0.0%']
  H_cos: ['0.930', '0.984']
  z_H_delta: ['11.188', '6.812']
  cells: fixed=[0, 0] broken=[106, 0]
  per_ACT_cell_acc: ['H1=89.9%', 'H2=94.1%', 'H3=95.2%', 'H4=95.7%', 'H5=95.8%', 'H6=95.8%', 'H7=95.8%', 'H8=95.8%', 'H9=95.8%', 'H10=95.8%', 'H11=95.8%', 'H12=95.8%', 'H13=95.8%', 'H14=95.8%', 'H15=95.8%', 'H16=95.8%']
  per_ACT_puzzle_acc: ['H1=0.0%', 'H2=0.0%', 'H3=0.0%', 'H4=0.0%', 'H5=0.0%', 'H6=0.4%', 'H7=0.9%', 'H8=0.9%', 'H9=0.9%', 'H10=0.9%', 'H11=1.3%', 'H12=1.3%', 'H13=1.3%', 'H14=1.7%', 'H15=1.7%', 'H16=1.7%']
  mean_sigmoid_q_halt: ['0.268', '0.034', '0.006', '0.048', '0.084', '0.116', '0.161', '0.204', '0.247', '0.271', '0.295', '0.314', '0.328', '0.340', '0.352', '0.363']
  halt_rates: ['0.00', '0.00', '0.00', '0.00', '0.00', '0.03', '0.09', '0.15', '0.22', '0.23', '0.25', '0.28', '0.29', '0.30', '0.31', '0.33']
  halt_histogram %: [0.0, 0.3, 1.6, 2.6, 3.2, 3.4, 3.5, 3.7, 3.5, 3.1, 3.1, 2.9, 2.6, 2.6, 2.3, 61.6]
  Avg ACT steps (last 100): 13.57
  eval_avg_halt_step: 9.61
  per_H_acc: ['H0=0.1%', 'H1=0.0%', 'H2=0.0%']
  H_cos: ['0.930', '0.984']
  z_H_delta: ['11.188', '6.844']
  cells: fixed=[0, 0] broken=[60, 0]
  per_ACT_cell_acc: ['H1=89.9%', 'H2=94.6%', 'H3=95.8%', 'H4=95.9%', 'H5=96.0%', 'H6=95.9%', 'H7=95.8%', 'H8=95.7%', 'H9=95.7%', 'H10=95.7%', 'H11=95.7%', 'H12=95.7%', 'H13=95.7%', 'H14=95.7%', 'H15=95.7%', 'H16=95.7%']
  per_ACT_puzzle_acc: ['H1=0.0%', 'H2=0.0%', 'H3=0.0%', 'H4=1.6%', 'H5=2.3%', 'H6=6.2%', 'H7=9.4%', 'H8=8.6%', 'H9=7.8%', 'H10=8.6%', 'H11=10.9%', 'H12=10.9%', 'H13=11.7%', 'H14=10.2%', 'H15=12.5%', 'H16=13.3%']
  mean_sigmoid_q_halt: ['0.268', '0.032', '0.005', '0.046', '0.079', '0.104', '0.140', '0.187', '0.217', '0.249', '0.289', '0.324', '0.352', '0.371', '0.385', '0.396']
  halt_rates: ['0.00', '0.00', '0.00', '0.00', '0.01', '0.02', '0.05', '0.14', '0.18', '0.20', '0.27', '0.31', '0.34', '0.35', '0.38', '0.40']
  halt_histogram %: [0.0, 0.3, 1.6, 2.6, 3.2, 3.4, 3.5, 3.7, 3.5, 3.1, 3.1, 2.9, 2.6, 2.6, 2.3, 61.6]
  Avg ACT steps (last 100): 13.57
  saved: /home/jvdillon/projects/sic/code/maze/ckpts/x07i/step05500.pt acc=95.64% (0.075s)
Step  5500  Test 95.64% / 53.90% (halt: 95.65%/ 2.50%)  Train lm=0.6992±0.0042ϵ[0.6875,0.7109] n_halted=11.0020±5.4385ϵ[0.0000,30.0000]  TrainAcc 95.72%/11.82% (halt: 95.74%/12.30%)  (55.238s / 392.829s)
  n_active=128.0000±0.0000ϵ[128.0000,128.0000] n_expunged=0.0000±0.0000ϵ[0.0000,0.0000] pool_util=1.0000±0.0000ϵ[1.0000,1.0000]
  path_valid=57.20%, exact_match=7.10%
  eval_avg_halt_step: 13.63
  per_H_acc: ['H0=0.1%', 'H1=0.0%', 'H2=0.0%']
  H_cos: ['0.934', '0.988']
  z_H_delta: ['10.750', '6.875']
  cells: fixed=[0, 0] broken=[145, 0]
  per_ACT_cell_acc: ['H1=90.0%', 'H2=94.2%', 'H3=95.9%', 'H4=97.1%', 'H5=96.5%', 'H6=96.2%', 'H7=96.3%', 'H8=96.3%', 'H9=96.3%', 'H10=96.2%', 'H11=96.2%', 'H12=96.2%', 'H13=96.2%', 'H14=96.2%', 'H15=96.1%', 'H16=96.2%']
  per_ACT_puzzle_acc: ['H1=0.0%', 'H2=0.0%', 'H3=0.0%', 'H4=1.7%', 'H5=4.3%', 'H6=5.6%', 'H7=9.9%', 'H8=11.2%', 'H9=11.6%', 'H10=12.1%', 'H11=11.2%', 'H12=12.9%', 'H13=12.5%', 'H14=13.4%', 'H15=12.5%', 'H16=12.5%']
  mean_sigmoid_q_halt: ['0.256', '0.024', '0.004', '0.036', '0.045', '0.065', '0.097', '0.122', '0.141', '0.161', '0.170', '0.173', '0.178', '0.182', '0.183', '0.180']
  halt_rates: ['0.00', '0.00', '0.00', '0.00', '0.00', '0.00', '0.03', '0.04', '0.06', '0.07', '0.07', '0.09', '0.10', '0.09', '0.09', '0.09']
  halt_histogram %: [0.0, 0.3, 1.7, 2.8, 3.4, 3.6, 3.7, 3.9, 3.7, 3.3, 3.3, 3.1, 2.7, 2.6, 2.4, 59.5]
  Avg ACT steps (last 100): 12.45
  eval_avg_halt_step: 13.28
  per_H_acc: ['H0=0.1%', 'H1=0.0%', 'H2=0.0%']
  H_cos: ['0.934', '0.988']
  z_H_delta: ['10.812', '6.844']
  cells: fixed=[0, 0] broken=[70, 0]
  per_ACT_cell_acc: ['H1=90.3%', 'H2=95.4%', 'H3=95.8%', 'H4=95.8%', 'H5=96.0%', 'H6=96.0%', 'H7=96.0%', 'H8=95.9%', 'H9=95.9%', 'H10=95.9%', 'H11=95.8%', 'H12=95.8%', 'H13=95.9%', 'H14=95.9%', 'H15=95.9%', 'H16=95.9%']
  per_ACT_puzzle_acc: ['H1=0.0%', 'H2=0.0%', 'H3=0.0%', 'H4=0.0%', 'H5=1.6%', 'H6=4.7%', 'H7=3.9%', 'H8=7.0%', 'H9=10.9%', 'H10=10.9%', 'H11=10.2%', 'H12=10.2%', 'H13=10.9%', 'H14=11.7%', 'H15=11.7%', 'H16=11.7%']
  mean_sigmoid_q_halt: ['0.260', '0.024', '0.004', '0.047', '0.051', '0.075', '0.105', '0.143', '0.174', '0.189', '0.199', '0.197', '0.190', '0.188', '0.182', '0.178']
  halt_rates: ['0.00', '0.00', '0.00', '0.00', '0.02', '0.02', '0.04', '0.06', '0.08', '0.09', '0.11', '0.11', '0.11', '0.12', '0.11', '0.09']
  halt_histogram %: [0.0, 0.3, 1.7, 2.8, 3.4, 3.6, 3.7, 3.9, 3.7, 3.3, 3.3, 3.1, 2.7, 2.6, 2.4, 59.5]
  Avg ACT steps (last 100): 12.45
  saved: /home/jvdillon/projects/sic/code/maze/ckpts/x07i/step06000.pt acc=95.75% (0.075s)
Step  6000  Test 95.75% / 37.20% (halt: 95.86%/10.90%)  Train lm=0.6992±0.0043ϵ[0.6914,0.7148] n_halted=11.0600±5.0829ϵ[1.0000,33.0000]  TrainAcc 95.89%/ 6.74% (halt: 95.90%/ 8.50%)  (55.239s / 392.930s)
  n_active=128.0000±0.0000ϵ[128.0000,128.0000] n_expunged=0.0000±0.0000ϵ[0.0000,0.0000] pool_util=1.0000±0.0000ϵ[1.0000,1.0000]
  path_valid=36.50%, exact_match=0.00%
  eval_avg_halt_step: 13.52
  per_H_acc: ['H0=0.1%', 'H1=0.0%', 'H2=0.0%']
  H_cos: ['0.930', '0.984']
  z_H_delta: ['11.500', '7.062']
  cells: fixed=[0, 0] broken=[144, 0]
  per_ACT_cell_acc: ['H1=90.0%', 'H2=94.5%', 'H3=94.1%', 'H4=93.7%', 'H5=92.9%', 'H6=92.8%', 'H7=92.8%', 'H8=92.7%', 'H9=92.6%', 'H10=92.6%', 'H11=92.6%', 'H12=92.6%', 'H13=92.5%', 'H14=92.5%', 'H15=92.5%', 'H16=92.5%']
  per_ACT_puzzle_acc: ['H1=0.0%', 'H2=0.0%', 'H3=0.0%', 'H4=0.0%', 'H5=0.0%', 'H6=0.0%', 'H7=0.0%', 'H8=0.0%', 'H9=0.0%', 'H10=0.0%', 'H11=0.0%', 'H12=0.0%', 'H13=0.0%', 'H14=0.0%', 'H15=0.0%', 'H16=0.0%']
  mean_sigmoid_q_halt: ['0.237', '0.019', '0.005', '0.019', '0.037', '0.053', '0.059', '0.074', '0.091', '0.101', '0.107', '0.115', '0.126', '0.136', '0.146', '0.152']
  halt_rates: ['0.00', '0.00', '0.00', '0.00', '0.00', '0.01', '0.02', '0.02', '0.04', '0.06', '0.06', '0.07', '0.07', '0.09', '0.11', '0.11']
  halt_histogram %: [0.0, 0.3, 1.8, 3.0, 3.6, 3.9, 3.9, 4.0, 3.9, 3.5, 3.4, 3.1, 2.8, 2.7, 2.4, 57.5]
  Avg ACT steps (last 100): 10.56
  eval_avg_halt_step: 13.49
  per_H_acc: ['H0=0.1%', 'H1=0.0%', 'H2=0.0%']
  H_cos: ['0.930', '0.984']
  z_H_delta: ['11.562', '7.031']
  cells: fixed=[0, 0] broken=[75, 0]
  per_ACT_cell_acc: ['H1=90.1%', 'H2=94.9%', 'H3=95.3%', 'H4=95.3%', 'H5=95.2%', 'H6=95.2%', 'H7=95.1%', 'H8=95.1%', 'H9=95.1%', 'H10=95.1%', 'H11=95.1%', 'H12=95.1%', 'H13=95.0%', 'H14=95.0%', 'H15=95.0%', 'H16=95.0%']
  per_ACT_puzzle_acc: ['H1=0.0%', 'H2=0.0%', 'H3=0.0%', 'H4=0.0%', 'H5=0.8%', 'H6=2.3%', 'H7=2.3%', 'H8=2.3%', 'H9=3.1%', 'H10=3.1%', 'H11=3.9%', 'H12=3.9%', 'H13=3.1%', 'H14=3.9%', 'H15=3.9%', 'H16=3.9%']
  mean_sigmoid_q_halt: ['0.237', '0.019', '0.004', '0.011', '0.021', '0.039', '0.045', '0.061', '0.083', '0.095', '0.103', '0.110', '0.119', '0.126', '0.134', '0.139']
  halt_rates: ['0.00', '0.00', '0.00', '0.00', '0.00', '0.00', '0.00', '0.02', '0.04', '0.05', '0.05', '0.06', '0.07', '0.08', '0.09', '0.10']
  halt_histogram %: [0.0, 0.3, 1.8, 3.0, 3.6, 3.9, 3.9, 4.0, 3.9, 3.5, 3.4, 3.1, 2.8, 2.7, 2.4, 57.5]
  Avg ACT steps (last 100): 10.56
  saved: /home/jvdillon/projects/sic/code/maze/ckpts/x07i/step06500.pt acc=92.40% (0.075s)
Step  6500  Test 92.40% / 23.20% (halt: 92.40%/ 0.00%)  Train lm=0.6992±0.0039ϵ[0.6875,0.7109] n_halted=11.3240±5.5404ϵ[1.0000,30.0000]  TrainAcc 95.21%/ 6.64% (halt: 95.22%/ 6.93%)  (55.216s / 392.788s)
  n_active=128.0000±0.0000ϵ[128.0000,128.0000] n_expunged=0.0000±0.0000ϵ[0.0000,0.0000] pool_util=1.0000±0.0000ϵ[1.0000,1.0000]
  path_valid=53.30%, exact_match=5.50%
  eval_avg_halt_step: 14.47
  per_H_acc: ['H0=0.0%', 'H1=0.0%', 'H2=0.0%']
  H_cos: ['0.930', '0.984']
  z_H_delta: ['11.125', '7.469']
  cells: fixed=[0, 0] broken=[30, 0]
  per_ACT_cell_acc: ['H1=89.6%', 'H2=94.7%', 'H3=95.5%', 'H4=97.3%', 'H5=96.2%', 'H6=95.0%', 'H7=95.1%', 'H8=95.3%', 'H9=95.0%', 'H10=95.0%', 'H11=95.1%', 'H12=95.0%', 'H13=94.9%', 'H14=94.9%', 'H15=94.9%', 'H16=94.9%']
  per_ACT_puzzle_acc: ['H1=0.0%', 'H2=0.0%', 'H3=0.0%', 'H4=2.2%', 'H5=1.3%', 'H6=0.4%', 'H7=2.6%', 'H8=3.4%', 'H9=3.4%', 'H10=4.3%', 'H11=4.7%', 'H12=3.4%', 'H13=3.9%', 'H14=3.4%', 'H15=3.4%', 'H16=4.3%']
  mean_sigmoid_q_halt: ['0.326', '0.041', '0.004', '0.017', '0.014', '0.020', '0.032', '0.045', '0.062', '0.076', '0.083', '0.084', '0.094', '0.103', '0.107', '0.114']
  halt_rates: ['0.00', '0.00', '0.00', '0.00', '0.00', '0.00', '0.00', '0.00', '0.01', '0.02', '0.03', '0.03', '0.03', '0.03', '0.04', '0.06']
  halt_histogram %: [0.0, 0.3, 1.8, 3.2, 3.7, 4.0, 4.1, 4.2, 4.1, 3.6, 3.5, 3.2, 2.9, 2.8, 2.5, 56.2]
  Avg ACT steps (last 100): 10.51
  eval_avg_halt_step: 14.48
  per_H_acc: ['H0=0.0%', 'H1=0.0%', 'H2=0.0%']
  H_cos: ['0.926', '0.984']
  z_H_delta: ['11.250', '7.531']
  cells: fixed=[0, 0] broken=[8, 0]
  per_ACT_cell_acc: ['H1=89.7%', 'H2=95.2%', 'H3=96.0%', 'H4=96.3%', 'H5=96.3%', 'H6=96.0%', 'H7=95.9%', 'H8=95.9%', 'H9=96.0%', 'H10=96.1%', 'H11=96.1%', 'H12=96.1%', 'H13=96.2%', 'H14=96.1%', 'H15=96.2%', 'H16=96.3%']
  per_ACT_puzzle_acc: ['H1=0.0%', 'H2=0.0%', 'H3=0.0%', 'H4=1.6%', 'H5=2.3%', 'H6=2.3%', 'H7=3.1%', 'H8=6.2%', 'H9=7.0%', 'H10=12.5%', 'H11=14.8%', 'H12=12.5%', 'H13=10.2%', 'H14=11.7%', 'H15=10.2%', 'H16=13.3%']
  mean_sigmoid_q_halt: ['0.328', '0.042', '0.004', '0.024', '0.024', '0.021', '0.026', '0.044', '0.049', '0.057', '0.068', '0.085', '0.098', '0.103', '0.110', '0.122']
  halt_rates: ['0.00', '0.00', '0.00', '0.00', '0.00', '0.00', '0.00', '0.00', '0.00', '0.00', '0.01', '0.02', '0.03', '0.02', '0.05', '0.05']
  halt_histogram %: [0.0, 0.3, 1.8, 3.2, 3.7, 4.0, 4.1, 4.2, 4.1, 3.6, 3.5, 3.2, 2.9, 2.8, 2.5, 56.2]
  Avg ACT steps (last 100): 10.51
  saved: /home/jvdillon/projects/sic/code/maze/ckpts/x07i/step07000.pt acc=95.12% (0.057s)
Step  7000  Test 95.12% / 33.70% (halt: 95.15%/ 6.50%)  Train lm=0.6992±0.0038ϵ[0.6914,0.7109] n_halted=10.8880±5.1451ϵ[2.0000,29.0000]  TrainAcc 95.80%/ 8.59% (halt: 95.81%/ 8.89%)  (55.231s / 393.207s)
  n_active=128.0000±0.0000ϵ[128.0000,128.0000] n_expunged=0.0000±0.0000ϵ[0.0000,0.0000] pool_util=1.0000±0.0000ϵ[1.0000,1.0000]
  path_valid=67.30%, exact_match=8.90%
  eval_avg_halt_step: 13.42
  per_H_acc: ['H0=0.1%', 'H1=0.0%', 'H2=0.0%']
  H_cos: ['0.922', '0.984']
  z_H_delta: ['10.938', '6.844']
  cells: fixed=[0, 0] broken=[122, 0]
  per_ACT_cell_acc: ['H1=89.4%', 'H2=95.8%', 'H3=96.4%', 'H4=97.6%', 'H5=97.1%', 'H6=95.9%', 'H7=96.5%', 'H8=96.4%', 'H9=95.8%', 'H10=95.9%', 'H11=96.1%', 'H12=95.7%', 'H13=95.6%', 'H14=95.8%', 'H15=95.6%', 'H16=95.5%']
  per_ACT_puzzle_acc: ['H1=0.0%', 'H2=0.0%', 'H3=0.0%', 'H4=3.4%', 'H5=3.9%', 'H6=3.4%', 'H7=7.3%', 'H8=8.2%', 'H9=6.0%', 'H10=6.9%', 'H11=8.6%', 'H12=7.3%', 'H13=6.5%', 'H14=8.2%', 'H15=6.0%', 'H16=6.5%']
  mean_sigmoid_q_halt: ['0.490', '0.228', '0.008', '0.052', '0.077', '0.052', '0.085', '0.106', '0.093', '0.116', '0.126', '0.123', '0.131', '0.137', '0.143', '0.148']
  halt_rates: ['0.30', '0.00', '0.00', '0.00', '0.01', '0.00', '0.01', '0.03', '0.02', '0.04', '0.05', '0.04', '0.06', '0.06', '0.06', '0.07']
  halt_histogram %: [0.0, 0.3, 1.9, 3.3, 3.9, 4.2, 4.3, 4.3, 4.2, 3.8, 3.6, 3.3, 3.0, 2.8, 2.5, 54.7]
  Avg ACT steps (last 100): 11.73
  eval_avg_halt_step: 13.03
  per_H_acc: ['H0=0.1%', 'H1=0.0%', 'H2=0.0%']
  H_cos: ['0.922', '0.984']
  z_H_delta: ['11.000', '6.750']
  cells: fixed=[0, 0] broken=[81, 0]
  per_ACT_cell_acc: ['H1=89.4%', 'H2=95.4%', 'H3=95.8%', 'H4=95.8%', 'H5=95.8%', 'H6=95.8%', 'H7=95.8%', 'H8=95.9%', 'H9=95.8%', 'H10=95.8%', 'H11=95.9%', 'H12=95.8%', 'H13=95.6%', 'H14=95.7%', 'H15=95.8%', 'H16=95.8%']
  per_ACT_puzzle_acc: ['H1=0.0%', 'H2=0.0%', 'H3=0.0%', 'H4=2.3%', 'H5=1.6%', 'H6=1.6%', 'H7=1.6%', 'H8=2.3%', 'H9=2.3%', 'H10=2.3%', 'H11=2.3%', 'H12=3.1%', 'H13=3.1%', 'H14=3.1%', 'H15=3.1%', 'H16=3.1%']
  mean_sigmoid_q_halt: ['0.492', '0.234', '0.008', '0.058', '0.092', '0.058', '0.099', '0.124', '0.115', '0.136', '0.152', '0.164', '0.169', '0.177', '0.174', '0.181']
  halt_rates: ['0.40', '0.00', '0.00', '0.00', '0.02', '0.00', '0.05', '0.07', '0.06', '0.09', '0.09', '0.10', '0.11', '0.12', '0.11', '0.12']
  halt_histogram %: [0.0, 0.3, 1.9, 3.3, 3.9, 4.2, 4.3, 4.3, 4.2, 3.8, 3.6, 3.3, 3.0, 2.8, 2.5, 54.7]
  Avg ACT steps (last 100): 11.73
  saved: /home/jvdillon/projects/sic/code/maze/ckpts/x07i/step07500.pt acc=95.72% (0.058s)
Step  7500  Test 95.72% / 23.70% (halt: 95.77%/10.10%)  Train lm=0.6992±0.0045ϵ[0.6875,0.7109] n_halted=11.3840±5.1647ϵ[1.0000,36.0000]  TrainAcc 95.50%/ 5.47% (halt: 95.49%/ 5.76%)  (55.235s / 392.777s)
  n_active=128.0000±0.0000ϵ[128.0000,128.0000] n_expunged=0.0000±0.0000ϵ[0.0000,0.0000] pool_util=1.0000±0.0000ϵ[1.0000,1.0000]
  path_valid=63.40%, exact_match=13.40%
  eval_avg_halt_step: 13.03
  per_H_acc: ['H0=0.0%', 'H1=0.0%', 'H2=0.0%']
  H_cos: ['0.926', '0.984']
  z_H_delta: ['11.375', '7.156']
  cells: fixed=[0, 0] broken=[14, 0]
  per_ACT_cell_acc: ['H1=88.2%', 'H2=94.6%', 'H3=96.2%', 'H4=97.2%', 'H5=97.1%', 'H6=96.6%', 'H7=96.9%', 'H8=96.9%', 'H9=96.5%', 'H10=96.5%', 'H11=96.6%', 'H12=96.3%', 'H13=96.3%', 'H14=96.5%', 'H15=96.3%', 'H16=96.2%']
  per_ACT_puzzle_acc: ['H1=0.0%', 'H2=0.0%', 'H3=0.0%', 'H4=2.6%', 'H5=2.2%', 'H6=5.6%', 'H7=10.8%', 'H8=11.2%', 'H9=8.6%', 'H10=11.2%', 'H11=13.4%', 'H12=13.4%', 'H13=13.8%', 'H14=16.4%', 'H15=15.1%', 'H16=13.4%']
  mean_sigmoid_q_halt: ['0.547', '0.229', '0.004', '0.020', '0.036', '0.032', '0.057', '0.068', '0.079', '0.106', '0.123', '0.137', '0.164', '0.172', '0.173', '0.194']
  halt_rates: ['1.00', '0.00', '0.00', '0.00', '0.00', '0.00', '0.00', '0.00', '0.01', '0.03', '0.04', '0.06', '0.08', '0.08', '0.10', '0.11']
  halt_histogram %: [0.0, 0.3, 1.9, 3.4, 4.0, 4.3, 4.4, 4.4, 4.3, 3.9, 3.7, 3.4, 3.0, 2.9, 2.6, 53.6]
  Avg ACT steps (last 100): 10.65
  eval_avg_halt_step: 12.91
  per_H_acc: ['H0=0.0%', 'H1=0.0%', 'H2=0.0%']
  H_cos: ['0.926', '0.984']
  z_H_delta: ['11.375', '7.344']
  cells: fixed=[0, 0] broken=[6, 0]
  per_ACT_cell_acc: ['H1=87.9%', 'H2=94.4%', 'H3=95.2%', 'H4=95.3%', 'H5=95.4%', 'H6=95.4%', 'H7=95.5%', 'H8=95.5%', 'H9=95.4%', 'H10=95.3%', 'H11=95.3%', 'H12=95.2%', 'H13=95.4%', 'H14=95.3%', 'H15=95.2%', 'H16=95.4%']
  per_ACT_puzzle_acc: ['H1=0.0%', 'H2=0.0%', 'H3=0.0%', 'H4=0.0%', 'H5=2.3%', 'H6=3.1%', 'H7=6.2%', 'H8=6.2%', 'H9=7.8%', 'H10=7.0%', 'H11=9.4%', 'H12=6.2%', 'H13=7.8%', 'H14=8.6%', 'H15=6.2%', 'H16=6.2%']
  mean_sigmoid_q_halt: ['0.543', '0.241', '0.005', '0.016', '0.035', '0.029', '0.046', '0.076', '0.081', '0.102', '0.127', '0.117', '0.126', '0.153', '0.146', '0.152']
  halt_rates: ['1.00', '0.00', '0.00', '0.00', '0.00', '0.00', '0.00', '0.02', '0.02', '0.05', '0.06', '0.08', '0.08', '0.10', '0.09', '0.07']
  halt_histogram %: [0.0, 0.3, 1.9, 3.4, 4.0, 4.3, 4.4, 4.4, 4.3, 3.9, 3.7, 3.4, 3.0, 2.9, 2.6, 53.6]
  Avg ACT steps (last 100): 10.65
  saved: /home/jvdillon/projects/sic/code/maze/ckpts/x07i/step08000.pt acc=96.12% (0.056s)
Step  8000  Test 96.12% / 43.60% (halt: 96.11%/13.20%)  Train lm=0.6992±0.0044ϵ[0.6875,0.7148] n_halted=11.1480±5.0336ϵ[1.0000,32.0000]  TrainAcc 95.74%/ 9.08% (halt: 95.75%/ 9.18%)  (55.231s / 393.093s)
  n_active=128.0000±0.0000ϵ[128.0000,128.0000] n_expunged=0.0000±0.0000ϵ[0.0000,0.0000] pool_util=1.0000±0.0000ϵ[1.0000,1.0000]
