Adam params: ('embed_tokens.weight', 'head.weight', 'head.bias', 'q_head.weight', 'q_head.bias', 'puzzle_id_embed.weight')
Muon 2D params: ('reasoning.0.attn.o_proj.weight', 'reasoning.0.mlp.up_proj.weight', 'reasoning.0.mlp.down_proj.weight', 'reasoning.1.attn.o_proj.weight', 'reasoning.1.mlp.up_proj.weight', 'reasoning.1.mlp.down_proj.weight')
Muon 3D params (ensemble_dims=1): ('reasoning.0.attn.qkv_proj.weight', 'reasoning.1.attn.qkv_proj.weight')
Saved step 0 checkpoint with RNG: /home/jvdillon/projects/sic/code/maze/ckpts/x07jj/step00000_rng.pt
  path_valid=0.00%, exact_match=0.00%
  eval_avg_halt_step: 16.00
  per_H_acc: ['H0=0.0%', 'H1=0.0%', 'H2=0.0%']
  H_cos: ['0.926', '0.980']
  z_H_delta: ['15.875', '7.188']
  cells: fixed=[0, 0] broken=[0, 0]
  per_ACT_cell_acc: ['H1=87.3%', 'H2=87.5%', 'H3=87.5%', 'H4=87.5%', 'H5=87.6%', 'H6=87.7%', 'H7=87.8%', 'H8=87.8%', 'H9=87.8%', 'H10=87.8%', 'H11=87.8%', 'H12=87.8%', 'H13=87.9%', 'H14=87.8%', 'H15=87.8%', 'H16=87.8%']
  per_ACT_puzzle_acc: ['H1=0.0%', 'H2=0.0%', 'H3=0.0%', 'H4=0.0%', 'H5=0.0%', 'H6=0.0%', 'H7=0.0%', 'H8=0.0%', 'H9=0.0%', 'H10=0.0%', 'H11=0.0%', 'H12=0.0%', 'H13=0.0%', 'H14=0.0%', 'H15=0.0%', 'H16=0.0%']
  mean_sigmoid_q_halt: ['0.000', '0.000', '0.000', '0.000', '0.000', '0.000', '0.000', '0.000', '0.000', '0.000', '0.000', '0.000', '0.000', '0.000', '0.000', '0.000']
  halt_rates: ['0.00', '0.00', '0.00', '0.00', '0.00', '0.00', '0.00', '0.00', '0.00', '0.00', '0.00', '0.00', '0.00', '0.00', '0.00', '0.00']
  halt_histogram %: [0.0, 0.0, 0.0, 0.0, 0.0, 0.0, 0.0, 0.0, 0.0, 0.0, 0.0, 0.0, 0.0, 0.0, 0.0, 100.0]
  Avg ACT steps (last 100): 16.00
  eval_avg_halt_step: 16.00
  per_H_acc: ['H0=0.0%', 'H1=0.0%', 'H2=0.0%']
  H_cos: ['0.922', '0.980']
  z_H_delta: ['15.875', '7.188']
  cells: fixed=[0, 0] broken=[0, 0]
  per_ACT_cell_acc: ['H1=87.3%', 'H2=87.5%', 'H3=87.5%', 'H4=87.5%', 'H5=87.6%', 'H6=87.7%', 'H7=87.8%', 'H8=87.8%', 'H9=87.8%', 'H10=87.9%', 'H11=87.9%', 'H12=87.9%', 'H13=87.9%', 'H14=87.9%', 'H15=87.9%', 'H16=87.8%']
  per_ACT_puzzle_acc: ['H1=0.0%', 'H2=0.0%', 'H3=0.0%', 'H4=0.0%', 'H5=0.0%', 'H6=0.0%', 'H7=0.0%', 'H8=0.0%', 'H9=0.0%', 'H10=0.0%', 'H11=0.0%', 'H12=0.0%', 'H13=0.0%', 'H14=0.0%', 'H15=0.0%', 'H16=0.0%']
  mean_sigmoid_q_halt: ['0.000', '0.000', '0.000', '0.000', '0.000', '0.000', '0.000', '0.000', '0.000', '0.000', '0.000', '0.000', '0.000', '0.000', '0.000', '0.000']
  halt_rates: ['0.00', '0.00', '0.00', '0.00', '0.00', '0.00', '0.00', '0.00', '0.00', '0.00', '0.00', '0.00', '0.00', '0.00', '0.00', '0.00']
  halt_histogram %: [0.0, 0.0, 0.0, 0.0, 0.0, 0.0, 0.0, 0.0, 0.0, 0.0, 0.0, 0.0, 0.0, 0.0, 0.0, 100.0]
  Avg ACT steps (last 100): 16.00
  saved: /home/jvdillon/projects/sic/code/maze/ckpts/x07jj/step00500.pt acc=87.61% (0.058s)
  saved: /home/jvdillon/projects/sic/code/maze/ckpts/x07jj/best.pt acc=87.61% (0.112s)
Step   500  Test 87.61% /  0.00% (halt: 87.61%/ 0.00%)  Train lm=0.8594±0.1172ϵ[0.8008,2.1875] n_halted=7.9360±30.8988ϵ[0.0000,128.0000]  TrainAcc 87.67%/ 0.00% (halt: 87.67%/ 0.00%)  (64.151s / 185.094s)
  n_active=128.0000±0.0000ϵ[128.0000,128.0000] n_expunged=0.0000±0.0000ϵ[0.0000,0.0000] pool_util=1.0000±0.0000ϵ[1.0000,1.0000]
  path_valid=0.00%, exact_match=0.00%
  eval_avg_halt_step: 16.00
  per_H_acc: ['H0=0.0%', 'H1=0.0%', 'H2=0.0%']
  H_cos: ['0.895', '0.949']
  z_H_delta: ['17.000', '10.812']
  cells: fixed=[0, 0] broken=[0, 0]
  per_ACT_cell_acc: ['H1=87.4%', 'H2=87.5%', 'H3=87.8%', 'H4=88.9%', 'H5=89.8%', 'H6=90.4%', 'H7=90.8%', 'H8=91.0%', 'H9=91.1%', 'H10=91.2%', 'H11=91.3%', 'H12=91.3%', 'H13=91.4%', 'H14=91.4%', 'H15=91.4%', 'H16=91.4%']
  per_ACT_puzzle_acc: ['H1=0.0%', 'H2=0.0%', 'H3=0.0%', 'H4=0.0%', 'H5=0.0%', 'H6=0.0%', 'H7=0.0%', 'H8=0.0%', 'H9=0.0%', 'H10=0.0%', 'H11=0.0%', 'H12=0.0%', 'H13=0.0%', 'H14=0.0%', 'H15=0.0%', 'H16=0.0%']
  mean_sigmoid_q_halt: ['0.000', '0.000', '0.000', '0.000', '0.000', '0.000', '0.000', '0.000', '0.000', '0.000', '0.000', '0.000', '0.000', '0.000', '0.000', '0.000']
  halt_rates: ['0.00', '0.00', '0.00', '0.00', '0.00', '0.00', '0.00', '0.00', '0.00', '0.00', '0.00', '0.00', '0.00', '0.00', '0.00', '0.00']
  halt_histogram %: [0.0, 0.0, 0.0, 0.0, 0.0, 0.0, 0.0, 0.0, 0.0, 0.0, 0.0, 0.0, 0.0, 0.0, 0.0, 100.0]
  Avg ACT steps (last 100): 16.00
  eval_avg_halt_step: 16.00
  per_H_acc: ['H0=0.0%', 'H1=0.0%', 'H2=0.0%']
  H_cos: ['0.895', '0.953']
  z_H_delta: ['17.125', '10.875']
  cells: fixed=[0, 0] broken=[0, 0]
  per_ACT_cell_acc: ['H1=87.5%', 'H2=87.6%', 'H3=87.7%', 'H4=88.8%', 'H5=89.9%', 'H6=90.6%', 'H7=91.0%', 'H8=91.3%', 'H9=91.6%', 'H10=91.7%', 'H11=91.8%', 'H12=91.9%', 'H13=92.0%', 'H14=92.1%', 'H15=92.1%', 'H16=92.2%']
  per_ACT_puzzle_acc: ['H1=0.0%', 'H2=0.0%', 'H3=0.0%', 'H4=0.0%', 'H5=0.0%', 'H6=0.0%', 'H7=0.0%', 'H8=0.0%', 'H9=0.0%', 'H10=0.0%', 'H11=0.0%', 'H12=0.0%', 'H13=0.0%', 'H14=0.0%', 'H15=0.0%', 'H16=0.0%']
  mean_sigmoid_q_halt: ['0.000', '0.000', '0.000', '0.000', '0.000', '0.000', '0.000', '0.000', '0.000', '0.000', '0.000', '0.000', '0.000', '0.000', '0.000', '0.000']
  halt_rates: ['0.00', '0.00', '0.00', '0.00', '0.00', '0.00', '0.00', '0.00', '0.00', '0.00', '0.00', '0.00', '0.00', '0.00', '0.00', '0.00']
  halt_histogram %: [0.0, 0.0, 0.0, 0.0, 0.0, 0.0, 0.0, 0.0, 0.0, 0.0, 0.0, 0.0, 0.0, 0.0, 0.0, 100.0]
  Avg ACT steps (last 100): 16.00
  saved: /home/jvdillon/projects/sic/code/maze/ckpts/x07jj/step01000.pt acc=91.71% (0.058s)
  saved: /home/jvdillon/projects/sic/code/maze/ckpts/x07jj/best.pt acc=91.71% (0.139s)
Step  1000  Test 91.71% /  0.00% (halt: 91.71%/ 0.00%)  Train lm=0.7812±0.0261ϵ[0.7227,0.8555] n_halted=7.9360±30.8988ϵ[0.0000,128.0000]  TrainAcc 92.12%/ 0.00% (halt: 92.12%/ 0.00%)  (55.012s / 176.533s)
  n_active=128.0000±0.0000ϵ[128.0000,128.0000] n_expunged=0.0000±0.0000ϵ[0.0000,0.0000] pool_util=1.0000±0.0000ϵ[1.0000,1.0000]
  path_valid=31.00%, exact_match=0.00%
  eval_avg_halt_step: 16.00
  per_H_acc: ['H0=0.0%', 'H1=0.0%', 'H2=0.0%']
  H_cos: ['0.906', '0.953']
  z_H_delta: ['21.375', '9.312']
  cells: fixed=[0, 0] broken=[71, 0]
  per_ACT_cell_acc: ['H1=87.3%', 'H2=87.5%', 'H3=89.9%', 'H4=91.8%', 'H5=92.6%', 'H6=93.0%', 'H7=93.3%', 'H8=93.3%', 'H9=93.3%', 'H10=93.4%', 'H11=93.4%', 'H12=93.4%', 'H13=93.4%', 'H14=93.4%', 'H15=93.4%', 'H16=93.4%']
  per_ACT_puzzle_acc: ['H1=0.0%', 'H2=0.0%', 'H3=0.0%', 'H4=0.0%', 'H5=0.0%', 'H6=0.0%', 'H7=0.0%', 'H8=0.0%', 'H9=0.0%', 'H10=0.0%', 'H11=0.0%', 'H12=0.0%', 'H13=0.0%', 'H14=0.0%', 'H15=0.0%', 'H16=0.0%']
  mean_sigmoid_q_halt: ['0.000', '0.000', '0.000', '0.001', '0.001', '0.002', '0.002', '0.002', '0.003', '0.003', '0.003', '0.004', '0.004', '0.004', '0.004', '0.004']
  halt_rates: ['0.00', '0.00', '0.00', '0.00', '0.00', '0.00', '0.00', '0.00', '0.00', '0.00', '0.00', '0.00', '0.00', '0.00', '0.00', '0.00']
  halt_histogram %: [0.0, 0.0, 0.0, 0.0, 0.0, 0.0, 0.0, 0.0, 0.0, 0.0, 0.0, 0.0, 0.0, 0.0, 0.0, 100.0]
  Avg ACT steps (last 100): 16.00
  eval_avg_halt_step: 16.00
  per_H_acc: ['H0=0.1%', 'H1=0.0%', 'H2=0.0%']
  H_cos: ['0.906', '0.953']
  z_H_delta: ['21.375', '9.312']
  cells: fixed=[0, 0] broken=[61, 0]
  per_ACT_cell_acc: ['H1=87.3%', 'H2=87.5%', 'H3=89.7%', 'H4=91.8%', 'H5=92.6%', 'H6=92.9%', 'H7=93.1%', 'H8=93.2%', 'H9=93.2%', 'H10=93.2%', 'H11=93.1%', 'H12=93.1%', 'H13=93.1%', 'H14=93.0%', 'H15=93.0%', 'H16=92.9%']
  per_ACT_puzzle_acc: ['H1=0.0%', 'H2=0.0%', 'H3=0.0%', 'H4=0.0%', 'H5=0.0%', 'H6=0.0%', 'H7=0.0%', 'H8=0.0%', 'H9=0.8%', 'H10=0.8%', 'H11=0.8%', 'H12=0.8%', 'H13=0.8%', 'H14=0.8%', 'H15=0.8%', 'H16=0.8%']
  mean_sigmoid_q_halt: ['0.000', '0.000', '0.000', '0.001', '0.001', '0.002', '0.002', '0.002', '0.003', '0.003', '0.003', '0.003', '0.003', '0.004', '0.004', '0.004']
  halt_rates: ['0.00', '0.00', '0.00', '0.00', '0.00', '0.00', '0.00', '0.00', '0.00', '0.00', '0.00', '0.00', '0.00', '0.00', '0.00', '0.00']
  halt_histogram %: [0.0, 0.0, 0.0, 0.0, 0.0, 0.0, 0.0, 0.0, 0.0, 0.0, 0.0, 0.0, 0.0, 0.0, 0.0, 100.0]
  Avg ACT steps (last 100): 16.00
  saved: /home/jvdillon/projects/sic/code/maze/ckpts/x07jj/step01500.pt acc=93.24% (0.058s)
  saved: /home/jvdillon/projects/sic/code/maze/ckpts/x07jj/best.pt acc=93.24% (0.139s)
Step  1500  Test 93.24% /  9.30% (halt: 93.24%/ 0.00%)  Train lm=0.7344±0.0322ϵ[0.6914,0.8555] n_halted=7.9360±30.8988ϵ[0.0000,128.0000]  TrainAcc 93.21%/ 0.98% (halt: 93.21%/ 0.98%)  (55.116s / 176.343s)
  n_active=128.0000±0.0000ϵ[128.0000,128.0000] n_expunged=0.0000±0.0000ϵ[0.0000,0.0000] pool_util=1.0000±0.0000ϵ[1.0000,1.0000]
