Adam params: ('embed_tokens.weight', 'head.weight', 'head.bias', 'q_head.weight', 'q_head.bias', 'puzzle_id_embed.weight')
Muon 2D params: ('reasoning.0.attn.o_proj.weight', 'reasoning.0.mlp.up_proj.weight', 'reasoning.0.mlp.down_proj.weight', 'reasoning.1.attn.o_proj.weight', 'reasoning.1.mlp.up_proj.weight', 'reasoning.1.mlp.down_proj.weight')
Muon 3D params (ensemble_dims=1): ('reasoning.0.attn.qkv_proj.weight', 'reasoning.1.attn.qkv_proj.weight')
  path_valid=0.00%, exact_match=0.00%
  halt_acc: cell=90.65%, puzzle=0.00%
  eval_avg_halt_step: 16.00
  per_H_acc: ['H0=0.0%', 'H1=0.0%', 'H2=0.0%']
  H_cos: ['0.926', '0.977']
  z_H_delta: ['18.375', '8.562']
  cells: fixed=[0, 0] broken=[39, 0]
  per_ACT_cell_acc: ['H1=87.3%', 'H2=87.1%', 'H3=88.1%', 'H4=89.2%', 'H5=89.8%', 'H6=90.0%', 'H7=90.2%', 'H8=90.3%', 'H9=90.5%', 'H10=90.6%', 'H11=90.7%', 'H12=90.7%', 'H13=90.7%', 'H14=90.7%', 'H15=90.7%', 'H16=90.7%']
  per_ACT_puzzle_acc: ['H1=0.0%', 'H2=0.0%', 'H3=0.0%', 'H4=0.0%', 'H5=0.0%', 'H6=0.0%', 'H7=0.0%', 'H8=0.0%', 'H9=0.0%', 'H10=0.0%', 'H11=0.0%', 'H12=0.0%', 'H13=0.0%', 'H14=0.0%', 'H15=0.0%', 'H16=0.0%']
  mean_sigmoid_q_halt: ['0.000', '0.000', '0.000', '0.000', '0.000', '0.000', '0.000', '0.000', '0.000', '0.000', '0.000', '0.000', '0.000', '0.000', '0.000', '0.000']
  halt_rates: ['0.00', '0.00', '0.00', '0.00', '0.00', '0.00', '0.00', '0.00', '0.00', '0.00', '0.00', '0.00', '0.00', '0.00', '0.00', '0.00']
  halt_histogram %: [0.0, 0.0, 0.0, 0.0, 0.0, 0.0, 0.0, 0.0, 0.0, 0.0, 0.0, 0.0, 0.0, 0.0, 0.0, 100.0]
  Avg ACT steps (last 100): 16.00
  halt_acc: cell=90.82%, puzzle=0.00%
  eval_avg_halt_step: 16.00
  per_H_acc: ['H0=0.0%', 'H1=0.0%', 'H2=0.0%']
  H_cos: ['0.926', '0.977']
  z_H_delta: ['18.375', '8.562']
  cells: fixed=[0, 0] broken=[15, 0]
  per_ACT_cell_acc: ['H1=87.2%', 'H2=87.1%', 'H3=88.2%', 'H4=89.5%', 'H5=89.9%', 'H6=90.1%', 'H7=90.4%', 'H8=90.5%', 'H9=90.6%', 'H10=90.7%', 'H11=90.7%', 'H12=90.8%', 'H13=90.8%', 'H14=90.8%', 'H15=90.8%', 'H16=90.8%']
  per_ACT_puzzle_acc: ['H1=0.0%', 'H2=0.0%', 'H3=0.0%', 'H4=0.0%', 'H5=0.0%', 'H6=0.0%', 'H7=0.0%', 'H8=0.0%', 'H9=0.0%', 'H10=0.0%', 'H11=0.0%', 'H12=0.0%', 'H13=0.0%', 'H14=0.0%', 'H15=0.0%', 'H16=0.0%']
  mean_sigmoid_q_halt: ['0.000', '0.000', '0.000', '0.000', '0.000', '0.000', '0.000', '0.000', '0.000', '0.000', '0.000', '0.000', '0.000', '0.000', '0.000', '0.000']
  halt_rates: ['0.00', '0.00', '0.00', '0.00', '0.00', '0.00', '0.00', '0.00', '0.00', '0.00', '0.00', '0.00', '0.00', '0.00', '0.00', '0.00']
  halt_histogram %: [0.0, 0.0, 0.0, 0.0, 0.0, 0.0, 0.0, 0.0, 0.0, 0.0, 0.0, 0.0, 0.0, 0.0, 0.0, 100.0]
  Avg ACT steps (last 100): 16.00
  saved: /home/jvdillon/projects/sic/code/maze/ckpts/x07k/step00500.pt acc=90.65% (0.089s)
  saved: /home/jvdillon/projects/sic/code/maze/ckpts/x07k/best.pt acc=90.65% (0.171s)
Step   500  Test 90.65% /  0.00%  Train lm=0.6055±0.1621ϵ[0.4531,2.2812] n_halted=7.9360±30.8988ϵ[0.0000,128.0000]  TrainAcc 90.82%/ 0.00%  (63.551s / 188.041s)
  n_active=128.0000±0.0000ϵ[128.0000,128.0000] n_expunged=0.0000±0.0000ϵ[0.0000,0.0000] pool_util=1.0000±0.0000ϵ[1.0000,1.0000]
  path_valid=45.90%, exact_match=29.80%
  halt_acc: cell=97.63%, puzzle=33.40%
  eval_avg_halt_step: 9.10
  per_H_acc: ['H0=0.1%', 'H1=0.0%', 'H2=0.0%']
  H_cos: ['0.836', '0.922']
  z_H_delta: ['22.125', '14.312']
  cells: fixed=[0, 0] broken=[184, 0]
  per_ACT_cell_acc: ['H1=52.1%', 'H2=87.2%', 'H3=95.0%', 'H4=96.1%', 'H5=96.7%', 'H6=97.1%', 'H7=97.2%', 'H8=97.3%', 'H9=97.4%', 'H10=97.4%', 'H11=97.3%', 'H12=97.4%', 'H13=97.4%', 'H14=97.4%', 'H15=97.4%', 'H16=97.4%']
  per_ACT_puzzle_acc: ['H1=0.0%', 'H2=0.0%', 'H3=0.0%', 'H4=0.9%', 'H5=6.9%', 'H6=12.5%', 'H7=20.3%', 'H8=22.8%', 'H9=25.0%', 'H10=26.7%', 'H11=27.6%', 'H12=25.4%', 'H13=27.2%', 'H14=25.9%', 'H15=25.0%', 'H16=26.7%']
  mean_sigmoid_q_halt: ['0.001', '0.000', '0.000', '0.017', '0.064', '0.155', '0.231', '0.277', '0.314', '0.332', '0.342', '0.354', '0.354', '0.359', '0.363', '0.365']
  halt_rates: ['0.00', '0.00', '0.00', '0.00', '0.04', '0.14', '0.23', '0.32', '0.37', '0.41', '0.41', '0.41', '0.42', '0.42', '0.42', '0.43']
  halt_histogram %: [0.0, 3.7, 8.8, 7.4, 5.2, 4.3, 3.2, 2.4, 2.2, 1.5, 1.7, 1.1, 1.2, 1.2, 1.0, 54.9]
  Avg ACT steps (last 100): 4.63
  halt_acc: cell=98.48%, puzzle=47.50%
  eval_avg_halt_step: 7.78
  per_H_acc: ['H0=0.1%', 'H1=0.0%', 'H2=0.0%']
  H_cos: ['0.836', '0.922']
  z_H_delta: ['22.125', '14.375']
  cells: fixed=[0, 0] broken=[84, 0]
  per_ACT_cell_acc: ['H1=52.0%', 'H2=87.4%', 'H3=96.0%', 'H4=97.0%', 'H5=97.7%', 'H6=98.0%', 'H7=98.2%', 'H8=98.3%', 'H9=98.3%', 'H10=98.4%', 'H11=98.4%', 'H12=98.4%', 'H13=98.4%', 'H14=98.5%', 'H15=98.4%', 'H16=98.4%']
  per_ACT_puzzle_acc: ['H1=0.0%', 'H2=0.0%', 'H3=0.0%', 'H4=1.0%', 'H5=12.5%', 'H6=28.8%', 'H7=34.6%', 'H8=40.4%', 'H9=43.3%', 'H10=42.3%', 'H11=44.2%', 'H12=43.3%', 'H13=43.3%', 'H14=44.2%', 'H15=45.2%', 'H16=45.2%']
  mean_sigmoid_q_halt: ['0.001', '0.000', '0.000', '0.028', '0.103', '0.239', '0.309', '0.342', '0.381', '0.414', '0.434', '0.441', '0.441', '0.445', '0.469', '0.469']
  halt_rates: ['0.00', '0.00', '0.00', '0.00', '0.09', '0.25', '0.36', '0.38', '0.47', '0.50', '0.51', '0.52', '0.53', '0.52', '0.53', '0.57']
  halt_histogram %: [0.0, 3.7, 8.8, 7.4, 5.2, 4.3, 3.2, 2.4, 2.2, 1.5, 1.7, 1.1, 1.2, 1.2, 1.0, 54.9]
  Avg ACT steps (last 100): 4.63
  saved: /home/jvdillon/projects/sic/code/maze/ckpts/x07k/step01000.pt acc=97.60% (0.086s)
  saved: /home/jvdillon/projects/sic/code/maze/ckpts/x07k/best.pt acc=97.60% (0.168s)
Step  1000  Test 97.60% / 35.40%  Train lm=0.4512±0.0231ϵ[0.4258,0.6016] n_halted=14.2500±18.5587ϵ[0.0000,128.0000]  TrainAcc 98.44%/42.70%  (55.142s / 180.044s)
  n_active=128.0000±0.0000ϵ[128.0000,128.0000] n_expunged=0.0000±0.0000ϵ[0.0000,0.0000] pool_util=1.0000±0.0000ϵ[1.0000,1.0000]
  path_valid=83.80%, exact_match=59.50%
  halt_acc: cell=98.49%, puzzle=53.80%
  eval_avg_halt_step: 3.79
  per_H_acc: ['H0=0.0%', 'H1=0.0%', 'H2=0.0%']
  H_cos: ['0.746', '0.910']
  z_H_delta: ['20.500', '16.500']
  cells: fixed=[0, 0] broken=[63, 0]
  per_ACT_cell_acc: ['H1=52.6%', 'H2=90.0%', 'H3=97.2%', 'H4=97.8%', 'H5=98.0%', 'H6=98.2%', 'H7=98.3%', 'H8=98.3%', 'H9=98.4%', 'H10=98.4%', 'H11=98.4%', 'H12=98.4%', 'H13=98.4%', 'H14=98.4%', 'H15=98.5%', 'H16=98.5%']
  per_ACT_puzzle_acc: ['H1=0.0%', 'H2=0.0%', 'H3=4.7%', 'H4=17.7%', 'H5=37.1%', 'H6=44.8%', 'H7=49.6%', 'H8=51.7%', 'H9=52.2%', 'H10=53.4%', 'H11=54.7%', 'H12=54.7%', 'H13=56.0%', 'H14=56.5%', 'H15=57.8%', 'H16=56.9%']
  mean_sigmoid_q_halt: ['0.001', '0.002', '0.115', '0.348', '0.488', '0.613', '0.672', '0.719', '0.738', '0.758', '0.766', '0.773', '0.785', '0.793', '0.797', '0.793']
  halt_rates: ['0.00', '0.00', '0.06', '0.34', '0.49', '0.66', '0.70', '0.76', '0.77', '0.80', '0.81', '0.81', '0.84', '0.84', '0.84', '0.84']
  halt_histogram %: [1.5, 37.3, 16.3, 7.4, 4.3, 3.0, 2.2, 1.6, 1.3, 0.9, 1.0, 0.7, 0.6, 0.6, 0.5, 20.8]
  Avg ACT steps (last 100): 2.12
  halt_acc: cell=99.73%, puzzle=81.30%
  eval_avg_halt_step: 2.38
  per_H_acc: ['H0=0.0%', 'H1=0.0%', 'H2=0.0%']
  H_cos: ['0.742', '0.906']
  z_H_delta: ['20.625', '16.875']
  cells: fixed=[0, 0] broken=[43, 0]
  per_ACT_cell_acc: ['H1=52.7%', 'H2=90.7%', 'H3=99.3%', 'H4=99.7%', 'H5=99.8%', 'H6=99.8%', 'H7=99.8%', 'H8=99.8%', 'H9=99.8%', 'H10=99.8%', 'H11=99.8%', 'H12=99.8%', 'H13=99.8%', 'H14=99.8%', 'H15=99.8%', 'H16=99.8%']
  per_ACT_puzzle_acc: ['H1=0.0%', 'H2=0.0%', 'H3=26.0%', 'H4=61.5%', 'H5=76.0%', 'H6=80.8%', 'H7=85.6%', 'H8=88.5%', 'H9=88.5%', 'H10=88.5%', 'H11=88.5%', 'H12=88.5%', 'H13=87.5%', 'H14=87.5%', 'H15=86.5%', 'H16=87.5%']
  mean_sigmoid_q_halt: ['0.001', '0.002', '0.242', '0.656', '0.785', '0.844', '0.883', '0.910', '0.910', '0.906', '0.898', '0.898', '0.902', '0.906', '0.910', '0.914']
  halt_rates: ['0.00', '0.00', '0.19', '0.70', '0.83', '0.88', '0.91', '0.95', '0.95', '0.94', '0.94', '0.93', '0.94', '0.94', '0.95', '0.95']
  halt_histogram %: [1.5, 37.3, 16.3, 7.4, 4.3, 3.0, 2.2, 1.6, 1.3, 0.9, 1.0, 0.7, 0.6, 0.6, 0.5, 20.8]
  Avg ACT steps (last 100): 2.12
  saved: /home/jvdillon/projects/sic/code/maze/ckpts/x07k/step01500.pt acc=98.50% (0.084s)
  saved: /home/jvdillon/projects/sic/code/maze/ckpts/x07k/best.pt acc=98.50% (0.164s)
Step  1500  Test 98.50% / 66.40%  Train lm=0.4199±0.0115ϵ[0.4004,0.4531] n_halted=39.7880±14.9472ϵ[2.0000,79.0000]  TrainAcc 99.75%/88.60%  (55.143s / 179.985s)
  n_active=128.0000±0.0000ϵ[128.0000,128.0000] n_expunged=0.0000±0.0000ϵ[0.0000,0.0000] pool_util=1.0000±0.0000ϵ[1.0000,1.0000]
  path_valid=89.90%, exact_match=55.50%
  halt_acc: cell=98.58%, puzzle=55.10%
  eval_avg_halt_step: 2.94
  per_H_acc: ['H0=0.0%', 'H1=0.0%', 'H2=0.0%']
  H_cos: ['0.770', '0.887']
  z_H_delta: ['22.125', '18.000']
  cells: fixed=[0, 0] broken=[17, 0]
  per_ACT_cell_acc: ['H1=73.5%', 'H2=87.3%', 'H3=97.8%', 'H4=98.2%', 'H5=98.3%', 'H6=98.4%', 'H7=98.4%', 'H8=98.4%', 'H9=98.4%', 'H10=98.5%', 'H11=98.5%', 'H12=98.5%', 'H13=98.5%', 'H14=98.5%', 'H15=98.5%', 'H16=98.5%']
  per_ACT_puzzle_acc: ['H1=0.0%', 'H2=0.0%', 'H3=12.9%', 'H4=40.1%', 'H5=48.3%', 'H6=53.4%', 'H7=55.2%', 'H8=54.7%', 'H9=54.7%', 'H10=54.3%', 'H11=53.0%', 'H12=53.9%', 'H13=53.4%', 'H14=52.6%', 'H15=51.7%', 'H16=50.9%']
  mean_sigmoid_q_halt: ['0.001', '0.005', '0.216', '0.539', '0.734', '0.816', '0.848', '0.863', '0.875', '0.875', '0.875', '0.887', '0.891', '0.891', '0.887', '0.883']
  halt_rates: ['0.00', '0.00', '0.19', '0.56', '0.77', '0.85', '0.88', '0.89', '0.90', '0.90', '0.90', '0.91', '0.92', '0.92', '0.92', '0.91']
  halt_histogram %: [10.6, 50.7, 13.6, 4.9, 2.6, 1.7, 1.3, 0.9, 0.7, 0.5, 0.5, 0.4, 0.3, 0.3, 0.3, 10.7]
  Avg ACT steps (last 100): 1.88
  halt_acc: cell=99.87%, puzzle=85.70%
  eval_avg_halt_step: 1.77
  per_H_acc: ['H0=0.0%', 'H1=0.0%', 'H2=0.0%']
  H_cos: ['0.770', '0.883']
  z_H_delta: ['22.125', '18.375']
  cells: fixed=[0, 0] broken=[7, 0]
  per_ACT_cell_acc: ['H1=74.0%', 'H2=87.9%', 'H3=99.6%', 'H4=99.8%', 'H5=99.9%', 'H6=99.9%', 'H7=99.9%', 'H8=99.9%', 'H9=99.9%', 'H10=99.9%', 'H11=99.9%', 'H12=99.9%', 'H13=99.9%', 'H14=99.9%', 'H15=99.9%', 'H16=99.9%']
  per_ACT_puzzle_acc: ['H1=0.0%', 'H2=0.0%', 'H3=41.3%', 'H4=81.7%', 'H5=91.3%', 'H6=94.2%', 'H7=95.2%', 'H8=94.2%', 'H9=93.3%', 'H10=91.3%', 'H11=89.4%', 'H12=89.4%', 'H13=89.4%', 'H14=89.4%', 'H15=90.4%', 'H16=90.4%']
  mean_sigmoid_q_halt: ['0.001', '0.005', '0.383', '0.789', '0.902', '0.969', '0.973', '0.977', '0.973', '0.973', '0.969', '0.973', '0.977', '0.977', '0.977', '0.973']
  halt_rates: ['0.00', '0.00', '0.40', '0.87', '0.94', '1.00', '1.00', '1.00', '0.98', '0.99', '0.98', '0.99', '1.00', '1.00', '1.00', '0.99']
  halt_histogram %: [10.6, 50.7, 13.6, 4.9, 2.6, 1.7, 1.3, 0.9, 0.7, 0.5, 0.5, 0.4, 0.3, 0.3, 0.3, 10.7]
  Avg ACT steps (last 100): 1.88
  saved: /home/jvdillon/projects/sic/code/maze/ckpts/x07k/step02000.pt acc=98.57% (0.086s)
  saved: /home/jvdillon/projects/sic/code/maze/ckpts/x07k/best.pt acc=98.57% (0.167s)
Step  2000  Test 98.57% / 63.40%  Train lm=0.4023±0.0034ϵ[0.3945,0.4141] n_halted=60.6100±11.2627ϵ[20.0000,89.0000]  TrainAcc 99.86%/87.20%  (55.116s / 179.992s)
  n_active=128.0000±0.0000ϵ[128.0000,128.0000] n_expunged=0.0000±0.0000ϵ[0.0000,0.0000] pool_util=1.0000±0.0000ϵ[1.0000,1.0000]
  path_valid=75.50%, exact_match=49.50%
  halt_acc: cell=98.73%, puzzle=56.50%
  eval_avg_halt_step: 4.17
  per_H_acc: ['H0=0.0%', 'H1=0.0%', 'H2=0.0%']
  H_cos: ['0.719', '0.898']
  z_H_delta: ['24.000', '16.750']
  cells: fixed=[0, 0] broken=[0, 0]
  per_ACT_cell_acc: ['H1=49.9%', 'H2=87.9%', 'H3=97.9%', 'H4=98.5%', 'H5=98.7%', 'H6=98.8%', 'H7=98.8%', 'H8=98.8%', 'H9=98.9%', 'H10=98.8%', 'H11=98.9%', 'H12=98.9%', 'H13=98.9%', 'H14=98.9%', 'H15=98.8%', 'H16=98.9%']
  per_ACT_puzzle_acc: ['H1=0.0%', 'H2=0.0%', 'H3=8.6%', 'H4=29.7%', 'H5=44.4%', 'H6=51.7%', 'H7=53.9%', 'H8=56.5%', 'H9=56.5%', 'H10=57.3%', 'H11=57.8%', 'H12=57.3%', 'H13=57.3%', 'H14=56.9%', 'H15=54.7%', 'H16=54.7%']
  mean_sigmoid_q_halt: ['0.004', '0.011', '0.100', '0.338', '0.508', '0.594', '0.652', '0.684', '0.727', '0.750', '0.770', '0.785', '0.789', '0.793', '0.785', '0.793']
  halt_rates: ['0.00', '0.00', '0.07', '0.31', '0.53', '0.61', '0.66', '0.71', '0.74', '0.78', '0.80', '0.81', '0.81', '0.82', '0.81', '0.81']
  halt_histogram %: [19.9, 51.8, 11.4, 3.6, 1.8, 1.2, 0.9, 0.6, 0.5, 0.3, 0.4, 0.3, 0.2, 0.2, 0.2, 6.8]
  Avg ACT steps (last 100): 1.69
  halt_acc: cell=99.85%, puzzle=85.70%
  eval_avg_halt_step: 2.43
  per_H_acc: ['H0=0.0%', 'H1=0.0%', 'H2=0.0%']
  H_cos: ['0.719', '0.891']
  z_H_delta: ['24.125', '17.000']
  cells: fixed=[0, 0] broken=[0, 0]
  per_ACT_cell_acc: ['H1=49.6%', 'H2=88.1%', 'H3=99.5%', 'H4=99.8%', 'H5=99.8%', 'H6=99.8%', 'H7=99.8%', 'H8=99.8%', 'H9=99.8%', 'H10=99.8%', 'H11=99.8%', 'H12=99.8%', 'H13=99.8%', 'H14=99.8%', 'H15=99.8%', 'H16=99.8%']
  per_ACT_puzzle_acc: ['H1=0.0%', 'H2=0.0%', 'H3=30.8%', 'H4=71.2%', 'H5=79.8%', 'H6=79.8%', 'H7=82.7%', 'H8=83.7%', 'H9=83.7%', 'H10=82.7%', 'H11=81.7%', 'H12=77.9%', 'H13=75.0%', 'H14=76.0%', 'H15=73.1%', 'H16=72.1%']
  mean_sigmoid_q_halt: ['0.004', '0.010', '0.223', '0.656', '0.754', '0.805', '0.848', '0.863', '0.863', '0.867', '0.883', '0.883', '0.879', '0.867', '0.867', '0.867']
  halt_rates: ['0.00', '0.00', '0.19', '0.70', '0.80', '0.82', '0.87', '0.86', '0.88', '0.88', '0.89', '0.89', '0.90', '0.88', '0.88', '0.88']
  halt_histogram %: [19.9, 51.8, 11.4, 3.6, 1.8, 1.2, 0.9, 0.6, 0.5, 0.3, 0.4, 0.3, 0.2, 0.2, 0.2, 6.8]
  Avg ACT steps (last 100): 1.69
  saved: /home/jvdillon/projects/sic/code/maze/ckpts/x07k/step02500.pt acc=98.67% (0.087s)
  saved: /home/jvdillon/projects/sic/code/maze/ckpts/x07k/best.pt acc=98.67% (0.168s)
Step  2500  Test 98.67% / 57.90%  Train lm=0.3984±0.0029ϵ[0.3926,0.4102] n_halted=70.5240±11.2566ϵ[28.0000,98.0000]  TrainAcc 99.78%/70.30%  (55.092s / 179.884s)
  n_active=128.0000±0.0000ϵ[128.0000,128.0000] n_expunged=0.0000±0.0000ϵ[0.0000,0.0000] pool_util=1.0000±0.0000ϵ[1.0000,1.0000]
  path_valid=88.20%, exact_match=52.50%
  halt_acc: cell=98.59%, puzzle=52.80%
  eval_avg_halt_step: 2.74
  per_H_acc: ['H0=0.1%', 'H1=0.0%', 'H2=0.0%']
  H_cos: ['0.734', '0.918']
  z_H_delta: ['21.625', '16.875']
  cells: fixed=[0, 0] broken=[232, 0]
  per_ACT_cell_acc: ['H1=50.6%', 'H2=91.6%', 'H3=98.1%', 'H4=98.3%', 'H5=98.4%', 'H6=98.4%', 'H7=98.4%', 'H8=98.4%', 'H9=98.4%', 'H10=98.4%', 'H11=98.4%', 'H12=98.4%', 'H13=98.4%', 'H14=98.4%', 'H15=98.4%', 'H16=98.4%']
  per_ACT_puzzle_acc: ['H1=0.0%', 'H2=0.0%', 'H3=22.4%', 'H4=40.5%', 'H5=46.6%', 'H6=47.8%', 'H7=49.1%', 'H8=47.8%', 'H9=47.8%', 'H10=48.3%', 'H11=48.3%', 'H12=48.7%', 'H13=49.1%', 'H14=49.1%', 'H15=49.6%', 'H16=49.6%']
  mean_sigmoid_q_halt: ['0.004', '0.009', '0.393', '0.629', '0.730', '0.770', '0.789', '0.793', '0.805', '0.805', '0.809', '0.801', '0.805', '0.812', '0.820', '0.820']
  halt_rates: ['0.00', '0.00', '0.34', '0.66', '0.75', '0.79', '0.82', '0.80', '0.83', '0.82', '0.84', '0.82', '0.83', '0.84', '0.85', '0.84']
  halt_histogram %: [29.0, 48.5, 9.8, 2.9, 1.4, 0.9, 0.6, 0.5, 0.4, 0.3, 0.3, 0.2, 0.2, 0.2, 0.1, 4.9]
  Avg ACT steps (last 100): 1.67
  halt_acc: cell=99.72%, puzzle=82.10%
  eval_avg_halt_step: 1.68
  per_H_acc: ['H0=0.1%', 'H1=0.0%', 'H2=0.0%']
  H_cos: ['0.734', '0.914']
  z_H_delta: ['21.750', '17.250']
  cells: fixed=[0, 0] broken=[104, 0]
  per_ACT_cell_acc: ['H1=50.5%', 'H2=92.1%', 'H3=99.6%', 'H4=99.6%', 'H5=99.6%', 'H6=99.7%', 'H7=99.7%', 'H8=99.7%', 'H9=99.7%', 'H10=99.7%', 'H11=99.7%', 'H12=99.7%', 'H13=99.7%', 'H14=99.7%', 'H15=99.7%', 'H16=99.7%']
  per_ACT_puzzle_acc: ['H1=0.0%', 'H2=0.0%', 'H3=48.1%', 'H4=72.1%', 'H5=76.9%', 'H6=81.7%', 'H7=81.7%', 'H8=84.6%', 'H9=83.7%', 'H10=82.7%', 'H11=83.7%', 'H12=81.7%', 'H13=82.7%', 'H14=84.6%', 'H15=84.6%', 'H16=79.8%']
  mean_sigmoid_q_halt: ['0.004', '0.009', '0.559', '0.742', '0.816', '0.855', '0.855', '0.875', '0.895', '0.879', '0.902', '0.914', '0.898', '0.898', '0.906', '0.891']
  halt_rates: ['0.00', '0.00', '0.55', '0.79', '0.86', '0.90', '0.89', '0.91', '0.93', '0.91', '0.94', '0.95', '0.93', '0.92', '0.96', '0.91']
  halt_histogram %: [29.0, 48.5, 9.8, 2.9, 1.4, 0.9, 0.6, 0.5, 0.4, 0.3, 0.3, 0.2, 0.2, 0.2, 0.1, 4.9]
  Avg ACT steps (last 100): 1.67
  saved: /home/jvdillon/projects/sic/code/maze/ckpts/x07k/step03000.pt acc=98.52% (0.087s)
Step  3000  Test 98.52% / 56.90%  Train lm=0.3965±0.0025ϵ[0.3926,0.4141] n_halted=78.3540±11.7052ϵ[17.0000,103.0000]  TrainAcc 99.62%/76.90%  (55.049s / 179.824s)
  n_active=128.0000±0.0000ϵ[128.0000,128.0000] n_expunged=0.0000±0.0000ϵ[0.0000,0.0000] pool_util=1.0000±0.0000ϵ[1.0000,1.0000]
  path_valid=96.30%, exact_match=67.20%
  halt_acc: cell=98.84%, puzzle=62.90%
  eval_avg_halt_step: 2.19
  per_H_acc: ['H0=0.0%', 'H1=0.0%', 'H2=0.0%']
  H_cos: ['0.832', '0.930']
  z_H_delta: ['20.625', '16.500']
  cells: fixed=[0, 0] broken=[0, 0]
  per_ACT_cell_acc: ['H1=68.6%', 'H2=92.3%', 'H3=98.2%', 'H4=98.6%', 'H5=98.7%', 'H6=98.8%', 'H7=98.8%', 'H8=98.9%', 'H9=98.9%', 'H10=98.9%', 'H11=98.9%', 'H12=99.0%', 'H13=99.0%', 'H14=99.0%', 'H15=99.0%', 'H16=99.0%']
  per_ACT_puzzle_acc: ['H1=0.0%', 'H2=0.0%', 'H3=25.9%', 'H4=48.7%', 'H5=58.6%', 'H6=62.9%', 'H7=64.7%', 'H8=65.9%', 'H9=67.2%', 'H10=66.4%', 'H11=66.8%', 'H12=66.8%', 'H13=66.8%', 'H14=67.2%', 'H15=67.2%', 'H16=66.8%']
  mean_sigmoid_q_halt: ['0.008', '0.011', '0.367', '0.633', '0.758', '0.828', '0.863', '0.906', '0.918', '0.930', '0.945', '0.949', '0.953', '0.957', '0.957', '0.953']
  halt_rates: ['0.00', '0.00', '0.32', '0.66', '0.78', '0.84', '0.88', '0.93', '0.94', '0.94', '0.96', '0.97', '0.97', '0.98', '0.97', '0.97']
  halt_histogram %: [36.7, 44.8, 8.5, 2.4, 1.1, 0.7, 0.5, 0.4, 0.3, 0.2, 0.2, 0.1, 0.1, 0.1, 0.1, 3.7]
  Avg ACT steps (last 100): 1.40
  halt_acc: cell=99.88%, puzzle=90.00%
  eval_avg_halt_step: 1.42
  per_H_acc: ['H0=0.0%', 'H1=0.0%', 'H2=0.0%']
  H_cos: ['0.832', '0.922']
  z_H_delta: ['20.625', '17.125']
  cells: fixed=[0, 0] broken=[0, 0]
  per_ACT_cell_acc: ['H1=68.6%', 'H2=92.8%', 'H3=99.8%', 'H4=99.8%', 'H5=99.9%', 'H6=99.9%', 'H7=99.9%', 'H8=99.9%', 'H9=99.9%', 'H10=99.9%', 'H11=99.9%', 'H12=99.9%', 'H13=99.9%', 'H14=99.9%', 'H15=99.9%', 'H16=99.9%']
  per_ACT_puzzle_acc: ['H1=0.0%', 'H2=0.0%', 'H3=74.0%', 'H4=88.5%', 'H5=91.3%', 'H6=97.1%', 'H7=97.1%', 'H8=97.1%', 'H9=97.1%', 'H10=97.1%', 'H11=97.1%', 'H12=97.1%', 'H13=97.1%', 'H14=97.1%', 'H15=97.1%', 'H16=96.2%']
  mean_sigmoid_q_halt: ['0.008', '0.011', '0.680', '0.875', '0.902', '0.945', '0.965', '0.965', '0.969', '0.980', '0.980', '0.984', '0.984', '0.984', '0.980', '0.984']
  halt_rates: ['0.00', '0.00', '0.67', '0.90', '0.92', '0.96', '0.98', '0.98', '0.98', '0.99', '1.00', '1.00', '1.00', '1.00', '0.99', '1.00']
  halt_histogram %: [36.7, 44.8, 8.5, 2.4, 1.1, 0.7, 0.5, 0.4, 0.3, 0.2, 0.2, 0.1, 0.1, 0.1, 0.1, 3.7]
  Avg ACT steps (last 100): 1.40
  saved: /home/jvdillon/projects/sic/code/maze/ckpts/x07k/step03500.pt acc=98.88% (0.086s)
  saved: /home/jvdillon/projects/sic/code/maze/ckpts/x07k/best.pt acc=98.88% (0.166s)
Step  3500  Test 98.88% / 74.20%  Train lm=0.3965±0.0021ϵ[0.3926,0.4043] n_halted=85.6980±10.4959ϵ[45.0000,108.0000]  TrainAcc 99.89%/94.40%  (55.118s / 179.894s)
  n_active=128.0000±0.0000ϵ[128.0000,128.0000] n_expunged=0.0000±0.0000ϵ[0.0000,0.0000] pool_util=1.0000±0.0000ϵ[1.0000,1.0000]
  path_valid=90.40%, exact_match=63.70%
  halt_acc: cell=98.93%, puzzle=63.40%
  eval_avg_halt_step: 2.21
  per_H_acc: ['H0=0.1%', 'H1=0.0%', 'H2=0.0%']
  H_cos: ['0.848', '0.926']
  z_H_delta: ['20.500', '17.375']
  cells: fixed=[0, 0] broken=[228, 4]
  per_ACT_cell_acc: ['H1=67.5%', 'H2=93.3%', 'H3=98.4%', 'H4=98.8%', 'H5=98.9%', 'H6=99.0%', 'H7=99.0%', 'H8=99.0%', 'H9=99.0%', 'H10=99.0%', 'H11=99.0%', 'H12=99.0%', 'H13=99.0%', 'H14=99.0%', 'H15=99.0%', 'H16=99.0%']
  per_ACT_puzzle_acc: ['H1=0.0%', 'H2=0.0%', 'H3=28.4%', 'H4=50.9%', 'H5=57.8%', 'H6=62.5%', 'H7=65.1%', 'H8=66.4%', 'H9=65.5%', 'H10=65.9%', 'H11=65.5%', 'H12=65.1%', 'H13=65.1%', 'H14=65.1%', 'H15=64.7%', 'H16=65.1%']
  mean_sigmoid_q_halt: ['0.004', '0.006', '0.445', '0.684', '0.754', '0.816', '0.859', '0.887', '0.902', '0.910', '0.918', '0.922', '0.926', '0.926', '0.926', '0.930']
  halt_rates: ['0.00', '0.00', '0.40', '0.72', '0.78', '0.84', '0.88', '0.91', '0.93', '0.92', '0.93', '0.94', '0.94', '0.94', '0.94', '0.94']
  halt_histogram %: [43.3, 41.0, 7.5, 2.0, 0.9, 0.6, 0.4, 0.3, 0.2, 0.2, 0.2, 0.1, 0.1, 0.1, 0.1, 3.0]
  Avg ACT steps (last 100): 1.36
  halt_acc: cell=99.90%, puzzle=89.80%
  eval_avg_halt_step: 1.35
  per_H_acc: ['H0=0.1%', 'H1=0.0%', 'H2=0.0%']
  H_cos: ['0.848', '0.922']
  z_H_delta: ['20.500', '18.000']
  cells: fixed=[0, 0] broken=[103, 1]
  per_ACT_cell_acc: ['H1=67.7%', 'H2=94.0%', 'H3=99.7%', 'H4=99.8%', 'H5=99.8%', 'H6=99.8%', 'H7=99.8%', 'H8=99.8%', 'H9=99.8%', 'H10=99.8%', 'H11=99.8%', 'H12=99.8%', 'H13=99.8%', 'H14=99.8%', 'H15=99.8%', 'H16=99.8%']
  per_ACT_puzzle_acc: ['H1=0.0%', 'H2=0.0%', 'H3=77.9%', 'H4=89.4%', 'H5=91.3%', 'H6=93.3%', 'H7=94.2%', 'H8=94.2%', 'H9=93.3%', 'H10=92.3%', 'H11=91.3%', 'H12=93.3%', 'H13=93.3%', 'H14=91.3%', 'H15=91.3%', 'H16=92.3%']
  mean_sigmoid_q_halt: ['0.004', '0.006', '0.750', '0.883', '0.902', '0.926', '0.938', '0.949', '0.957', '0.949', '0.953', '0.969', '0.973', '0.969', '0.969', '0.977']
  halt_rates: ['0.00', '0.00', '0.76', '0.89', '0.92', '0.93', '0.95', '0.98', '0.97', '0.96', '0.96', '0.98', '0.99', '0.98', '0.98', '0.99']
  halt_histogram %: [43.3, 41.0, 7.5, 2.0, 0.9, 0.6, 0.4, 0.3, 0.2, 0.2, 0.2, 0.1, 0.1, 0.1, 0.1, 3.0]
  Avg ACT steps (last 100): 1.36
  saved: /home/jvdillon/projects/sic/code/maze/ckpts/x07k/step04000.pt acc=98.93% (0.085s)
  saved: /home/jvdillon/projects/sic/code/maze/ckpts/x07k/best.pt acc=98.93% (0.166s)
Step  4000  Test 98.93% / 74.60%  Train lm=0.3945±0.0019ϵ[0.3906,0.4023] n_halted=91.6560±10.6952ϵ[0.0000,114.0000]  TrainAcc 99.86%/88.80%  (55.146s / 179.895s)
  n_active=128.0000±0.0000ϵ[128.0000,128.0000] n_expunged=0.0000±0.0000ϵ[0.0000,0.0000] pool_util=1.0000±0.0000ϵ[1.0000,1.0000]
  path_valid=93.90%, exact_match=66.80%
  halt_acc: cell=99.09%, puzzle=69.50%
  eval_avg_halt_step: 2.17
  per_H_acc: ['H0=0.1%', 'H1=0.0%', 'H2=0.0%']
  H_cos: ['0.875', '0.934']
  z_H_delta: ['21.750', '17.500']
  cells: fixed=[0, 0] broken=[153, 0]
  per_ACT_cell_acc: ['H1=84.2%', 'H2=92.9%', 'H3=98.7%', 'H4=98.9%', 'H5=99.0%', 'H6=99.0%', 'H7=99.0%', 'H8=99.1%', 'H9=99.0%', 'H10=99.1%', 'H11=99.1%', 'H12=99.1%', 'H13=99.1%', 'H14=99.1%', 'H15=99.1%', 'H16=99.1%']
  per_ACT_puzzle_acc: ['H1=0.0%', 'H2=0.0%', 'H3=36.2%', 'H4=62.5%', 'H5=69.8%', 'H6=72.0%', 'H7=73.7%', 'H8=73.7%', 'H9=74.1%', 'H10=75.0%', 'H11=74.6%', 'H12=74.6%', 'H13=74.1%', 'H14=73.7%', 'H15=72.0%', 'H16=70.3%']
  mean_sigmoid_q_halt: ['0.010', '0.018', '0.432', '0.707', '0.828', '0.855', '0.879', '0.887', '0.875', '0.891', '0.883', '0.883', '0.887', '0.883', '0.875', '0.875']
  halt_rates: ['0.00', '0.00', '0.42', '0.72', '0.87', '0.90', '0.92', '0.91', '0.91', '0.92', '0.91', '0.91', '0.92', '0.92', '0.92', '0.92']
  halt_histogram %: [47.4, 38.8, 6.8, 1.8, 0.8, 0.5, 0.4, 0.3, 0.2, 0.1, 0.1, 0.1, 0.1, 0.1, 0.1, 2.5]
  Avg ACT steps (last 100): 1.40
  halt_acc: cell=99.94%, puzzle=91.90%
  eval_avg_halt_step: 1.27
  per_H_acc: ['H0=0.1%', 'H1=0.0%', 'H2=0.0%']
  H_cos: ['0.871', '0.930']
  z_H_delta: ['21.750', '18.000']
  cells: fixed=[0, 0] broken=[71, 0]
  per_ACT_cell_acc: ['H1=84.4%', 'H2=93.8%', 'H3=99.9%', 'H4=100.0%', 'H5=100.0%', 'H6=100.0%', 'H7=100.0%', 'H8=100.0%', 'H9=100.0%', 'H10=100.0%', 'H11=100.0%', 'H12=100.0%', 'H13=100.0%', 'H14=100.0%', 'H15=100.0%', 'H16=100.0%']
  per_ACT_puzzle_acc: ['H1=0.0%', 'H2=0.0%', 'H3=81.7%', 'H4=92.3%', 'H5=99.0%', 'H6=97.1%', 'H7=98.1%', 'H8=97.1%', 'H9=95.2%', 'H10=97.1%', 'H11=98.1%', 'H12=97.1%', 'H13=97.1%', 'H14=96.2%', 'H15=97.1%', 'H16=96.2%']
  mean_sigmoid_q_halt: ['0.009', '0.019', '0.777', '0.906', '0.945', '0.945', '0.938', '0.926', '0.922', '0.926', '0.926', '0.926', '0.926', '0.914', '0.922', '0.914']
  halt_rates: ['0.00', '0.00', '0.84', '0.93', '0.98', '0.98', '0.97', '0.95', '0.95', '0.95', '0.96', '0.96', '0.96', '0.94', '0.95', '0.95']
  halt_histogram %: [47.4, 38.8, 6.8, 1.8, 0.8, 0.5, 0.4, 0.3, 0.2, 0.1, 0.1, 0.1, 0.1, 0.1, 0.1, 2.5]
  Avg ACT steps (last 100): 1.40
  saved: /home/jvdillon/projects/sic/code/maze/ckpts/x07k/step04500.pt acc=99.08% (0.086s)
  saved: /home/jvdillon/projects/sic/code/maze/ckpts/x07k/best.pt acc=99.08% (0.167s)
Step  4500  Test 99.08% / 81.50%  Train lm=0.3945±0.0020ϵ[0.3906,0.4043] n_halted=91.2260±9.8132ϵ[51.0000,112.0000]  TrainAcc 99.93%/87.70%  (55.120s / 179.847s)
  n_active=128.0000±0.0000ϵ[128.0000,128.0000] n_expunged=0.0000±0.0000ϵ[0.0000,0.0000] pool_util=1.0000±0.0000ϵ[1.0000,1.0000]
  path_valid=96.20%, exact_match=73.80%
  halt_acc: cell=99.07%, puzzle=70.20%
  eval_avg_halt_step: 2.18
  per_H_acc: ['H0=0.1%', 'H1=0.0%', 'H2=0.0%']
  H_cos: ['0.844', '0.848']
  z_H_delta: ['22.000', '23.375']
  cells: fixed=[0, 0] broken=[218, 0]
  per_ACT_cell_acc: ['H1=87.0%', 'H2=91.8%', 'H3=98.8%', 'H4=99.0%', 'H5=99.1%', 'H6=99.1%', 'H7=99.1%', 'H8=99.1%', 'H9=99.1%', 'H10=99.1%', 'H11=99.1%', 'H12=99.1%', 'H13=99.1%', 'H14=99.1%', 'H15=99.1%', 'H16=99.1%']
  per_ACT_puzzle_acc: ['H1=0.0%', 'H2=0.0%', 'H3=40.1%', 'H4=63.8%', 'H5=70.7%', 'H6=72.4%', 'H7=72.4%', 'H8=73.7%', 'H9=72.8%', 'H10=73.7%', 'H11=74.6%', 'H12=75.0%', 'H13=75.4%', 'H14=75.9%', 'H15=75.4%', 'H16=75.4%']
  mean_sigmoid_q_halt: ['0.013', '0.005', '0.447', '0.730', '0.820', '0.871', '0.895', '0.906', '0.918', '0.926', '0.930', '0.934', '0.934', '0.938', '0.938', '0.938']
  halt_rates: ['0.00', '0.00', '0.41', '0.75', '0.85', '0.90', '0.91', '0.93', '0.94', '0.94', '0.95', '0.95', '0.96', '0.95', '0.96', '0.96']
  halt_histogram %: [51.8, 36.0, 6.2, 1.6, 0.7, 0.4, 0.3, 0.2, 0.2, 0.1, 0.1, 0.1, 0.1, 0.1, 0.1, 2.1]
  Avg ACT steps (last 100): 1.47
  halt_acc: cell=99.97%, puzzle=97.30%
  eval_avg_halt_step: 1.20
  per_H_acc: ['H0=0.1%', 'H1=0.0%', 'H2=0.0%']
  H_cos: ['0.844', '0.836']
  z_H_delta: ['22.000', '24.000']
  cells: fixed=[0, 0] broken=[93, 0]
  per_ACT_cell_acc: ['H1=87.1%', 'H2=92.2%', 'H3=99.9%', 'H4=100.0%', 'H5=100.0%', 'H6=100.0%', 'H7=100.0%', 'H8=100.0%', 'H9=100.0%', 'H10=100.0%', 'H11=100.0%', 'H12=100.0%', 'H13=100.0%', 'H14=100.0%', 'H15=100.0%', 'H16=100.0%']
  per_ACT_puzzle_acc: ['H1=0.0%', 'H2=0.0%', 'H3=90.4%', 'H4=98.1%', 'H5=99.0%', 'H6=99.0%', 'H7=99.0%', 'H8=99.0%', 'H9=99.0%', 'H10=99.0%', 'H11=99.0%', 'H12=99.0%', 'H13=99.0%', 'H14=99.0%', 'H15=99.0%', 'H16=99.0%']
  mean_sigmoid_q_halt: ['0.013', '0.005', '0.820', '0.965', '0.973', '0.969', '0.969', '0.969', '0.969', '0.969', '0.965', '0.965', '0.965', '0.969', '0.969', '0.969']
  halt_rates: ['0.00', '0.00', '0.85', '0.98', '0.99', '0.98', '0.98', '0.98', '0.98', '0.98', '0.98', '0.98', '0.98', '0.98', '0.98', '0.98']
  halt_histogram %: [51.8, 36.0, 6.2, 1.6, 0.7, 0.4, 0.3, 0.2, 0.2, 0.1, 0.1, 0.1, 0.1, 0.1, 0.1, 2.1]
  Avg ACT steps (last 100): 1.47
  saved: /home/jvdillon/projects/sic/code/maze/ckpts/x07k/step05000.pt acc=99.09% (0.086s)
  saved: /home/jvdillon/projects/sic/code/maze/ckpts/x07k/best.pt acc=99.09% (0.166s)
Step  5000  Test 99.09% / 81.30%  Train lm=0.3945±0.0018ϵ[0.3906,0.4023] n_halted=98.6600±9.2633ϵ[43.0000,117.0000]  TrainAcc 99.97%/98.00%  (55.108s / 179.803s)
  n_active=128.0000±0.0000ϵ[128.0000,128.0000] n_expunged=0.0000±0.0000ϵ[0.0000,0.0000] pool_util=1.0000±0.0000ϵ[1.0000,1.0000]
  path_valid=85.10%, exact_match=58.50%
  halt_acc: cell=98.96%, puzzle=60.60%
  eval_avg_halt_step: 1.85
  per_H_acc: ['H0=0.0%', 'H1=0.0%', 'H2=0.0%']
  H_cos: ['0.766', '0.797']
  z_H_delta: ['26.000', '24.375']
  cells: fixed=[1, 0] broken=[0, 1]
  per_ACT_cell_acc: ['H1=87.3%', 'H2=90.1%', 'H3=98.5%', 'H4=98.7%', 'H5=98.8%', 'H6=98.8%', 'H7=98.8%', 'H8=98.8%', 'H9=98.8%', 'H10=98.8%', 'H11=98.8%', 'H12=98.8%', 'H13=98.8%', 'H14=98.8%', 'H15=98.8%', 'H16=98.8%']
  per_ACT_puzzle_acc: ['H1=0.0%', 'H2=0.0%', 'H3=33.2%', 'H4=50.9%', 'H5=61.6%', 'H6=63.4%', 'H7=65.1%', 'H8=63.8%', 'H9=63.8%', 'H10=64.2%', 'H11=64.2%', 'H12=62.5%', 'H13=62.5%', 'H14=62.1%', 'H15=61.6%', 'H16=61.2%']
  mean_sigmoid_q_halt: ['0.034', '0.005', '0.531', '0.734', '0.836', '0.898', '0.930', '0.941', '0.945', '0.949', '0.957', '0.961', '0.961', '0.953', '0.953', '0.941']
  halt_rates: ['0.00', '0.00', '0.52', '0.75', '0.87', '0.92', '0.94', '0.96', '0.96', '0.96', '0.96', '0.97', '0.97', '0.96', '0.96', '0.95']
  halt_histogram %: [55.4, 33.7, 5.7, 1.4, 0.6, 0.4, 0.3, 0.2, 0.2, 0.1, 0.1, 0.1, 0.1, 0.1, 0.1, 1.8]
  Avg ACT steps (last 100): 1.42
  halt_acc: cell=99.95%, puzzle=92.30%
  eval_avg_halt_step: 1.10
  per_H_acc: ['H0=0.0%', 'H1=0.0%', 'H2=0.0%']
  H_cos: ['0.766', '0.781']
  z_H_delta: ['26.000', '25.250']
  cells: fixed=[1, 0] broken=[0, 1]
  per_ACT_cell_acc: ['H1=87.2%', 'H2=90.7%', 'H3=99.9%', 'H4=100.0%', 'H5=100.0%', 'H6=100.0%', 'H7=100.0%', 'H8=100.0%', 'H9=100.0%', 'H10=100.0%', 'H11=100.0%', 'H12=100.0%', 'H13=100.0%', 'H14=100.0%', 'H15=100.0%', 'H16=100.0%']
  per_ACT_puzzle_acc: ['H1=0.0%', 'H2=0.0%', 'H3=90.4%', 'H4=95.2%', 'H5=97.1%', 'H6=99.0%', 'H7=99.0%', 'H8=99.0%', 'H9=99.0%', 'H10=98.1%', 'H11=98.1%', 'H12=97.1%', 'H13=96.2%', 'H14=95.2%', 'H15=92.3%', 'H16=91.3%']
  mean_sigmoid_q_halt: ['0.034', '0.005', '0.902', '0.953', '0.969', '0.980', '0.980', '0.984', '0.988', '0.984', '0.984', '0.984', '0.980', '0.977', '0.977', '0.969']
  halt_rates: ['0.00', '0.00', '0.95', '0.96', '0.98', '0.99', '0.99', '0.99', '1.00', '0.99', '0.99', '0.99', '0.99', '0.98', '0.98', '0.98']
  halt_histogram %: [55.4, 33.7, 5.7, 1.4, 0.6, 0.4, 0.3, 0.2, 0.2, 0.1, 0.1, 0.1, 0.1, 0.1, 0.1, 1.8]
  Avg ACT steps (last 100): 1.42
  saved: /home/jvdillon/projects/sic/code/maze/ckpts/x07k/step05500.pt acc=98.89% (0.084s)
Step  5500  Test 98.89% / 62.80%  Train lm=0.3926±0.0018ϵ[0.3906,0.4102] n_halted=100.9340±9.2525ϵ[20.0000,119.0000]  TrainAcc 99.89%/86.70%  (55.043s / 179.824s)
  n_active=128.0000±0.0000ϵ[128.0000,128.0000] n_expunged=0.0000±0.0000ϵ[0.0000,0.0000] pool_util=1.0000±0.0000ϵ[1.0000,1.0000]
  path_valid=96.60%, exact_match=74.80%
  halt_acc: cell=99.07%, puzzle=69.70%
  eval_avg_halt_step: 1.84
  per_H_acc: ['H0=0.1%', 'H1=0.0%', 'H2=0.0%']
  H_cos: ['0.863', '0.906']
  z_H_delta: ['23.000', '19.750']
  cells: fixed=[0, 0] broken=[203, 0]
  per_ACT_cell_acc: ['H1=87.3%', 'H2=93.0%', 'H3=98.6%', 'H4=98.8%', 'H5=98.9%', 'H6=98.9%', 'H7=99.0%', 'H8=99.0%', 'H9=99.0%', 'H10=99.0%', 'H11=99.0%', 'H12=99.0%', 'H13=99.0%', 'H14=99.0%', 'H15=99.0%', 'H16=99.0%']
  per_ACT_puzzle_acc: ['H1=0.0%', 'H2=0.0%', 'H3=43.1%', 'H4=60.3%', 'H5=63.8%', 'H6=68.1%', 'H7=69.8%', 'H8=71.6%', 'H9=72.4%', 'H10=72.4%', 'H11=72.4%', 'H12=72.8%', 'H13=73.3%', 'H14=73.3%', 'H15=73.3%', 'H16=73.3%']
  mean_sigmoid_q_halt: ['0.022', '0.015', '0.539', '0.719', '0.832', '0.871', '0.906', '0.918', '0.934', '0.941', '0.938', '0.941', '0.949', '0.949', '0.949', '0.945']
  halt_rates: ['0.00', '0.00', '0.54', '0.74', '0.84', '0.88', '0.91', '0.93', '0.94', '0.95', '0.95', '0.95', '0.96', '0.96', '0.96', '0.95']
  halt_histogram %: [58.1, 31.9, 5.3, 1.3, 0.6, 0.3, 0.2, 0.2, 0.1, 0.1, 0.1, 0.1, 0.1, 0.1, 0.0, 1.6]
  Avg ACT steps (last 100): 1.18
  halt_acc: cell=99.98%, puzzle=96.40%
  eval_avg_halt_step: 1.11
  per_H_acc: ['H0=0.1%', 'H1=0.0%', 'H2=0.0%']
  H_cos: ['0.863', '0.898']
  z_H_delta: ['23.000', '20.250']
  cells: fixed=[0, 0] broken=[89, 0]
  per_ACT_cell_acc: ['H1=87.2%', 'H2=93.4%', 'H3=99.9%', 'H4=99.9%', 'H5=100.0%', 'H6=100.0%', 'H7=100.0%', 'H8=100.0%', 'H9=100.0%', 'H10=100.0%', 'H11=100.0%', 'H12=100.0%', 'H13=100.0%', 'H14=100.0%', 'H15=100.0%', 'H16=100.0%']
  per_ACT_puzzle_acc: ['H1=0.0%', 'H2=0.0%', 'H3=86.5%', 'H4=94.2%', 'H5=96.2%', 'H6=95.2%', 'H7=97.1%', 'H8=97.1%', 'H9=98.1%', 'H10=99.0%', 'H11=99.0%', 'H12=99.0%', 'H13=99.0%', 'H14=99.0%', 'H15=99.0%', 'H16=99.0%']
  mean_sigmoid_q_halt: ['0.021', '0.015', '0.840', '0.949', '0.957', '0.961', '0.969', '0.969', '0.973', '0.988', '0.988', '0.992', '0.988', '0.988', '0.988', '0.988']
  halt_rates: ['0.00', '0.00', '0.87', '0.98', '0.97', '0.97', '0.98', '0.98', '0.98', '1.00', '1.00', '1.00', '1.00', '1.00', '1.00', '1.00']
  halt_histogram %: [58.1, 31.9, 5.3, 1.3, 0.6, 0.3, 0.2, 0.2, 0.1, 0.1, 0.1, 0.1, 0.1, 0.1, 0.0, 1.6]
  Avg ACT steps (last 100): 1.18
  saved: /home/jvdillon/projects/sic/code/maze/ckpts/x07k/step06000.pt acc=99.10% (0.084s)
  saved: /home/jvdillon/projects/sic/code/maze/ckpts/x07k/best.pt acc=99.10% (0.163s)
Step  6000  Test 99.10% / 82.50%  Train lm=0.3926±0.0017ϵ[0.3906,0.4023] n_halted=101.2480±9.1395ϵ[55.0000,118.0000]  TrainAcc 99.99%/98.70%  (55.154s / 179.996s)
  n_active=128.0000±0.0000ϵ[128.0000,128.0000] n_expunged=0.0000±0.0000ϵ[0.0000,0.0000] pool_util=1.0000±0.0000ϵ[1.0000,1.0000]
  path_valid=97.00%, exact_match=68.30%
  halt_acc: cell=99.03%, puzzle=60.90%
  eval_avg_halt_step: 1.74
  per_H_acc: ['H0=0.0%', 'H1=0.0%', 'H2=0.0%']
  H_cos: ['0.801', '0.945']
  z_H_delta: ['23.000', '17.000']
  cells: fixed=[0, 0] broken=[0, 0]
  per_ACT_cell_acc: ['H1=57.9%', 'H2=95.2%', 'H3=98.7%', 'H4=98.8%', 'H5=98.9%', 'H6=98.9%', 'H7=98.9%', 'H8=98.9%', 'H9=98.9%', 'H10=98.9%', 'H11=98.9%', 'H12=98.9%', 'H13=98.9%', 'H14=98.9%', 'H15=98.9%', 'H16=98.9%']
  per_ACT_puzzle_acc: ['H1=0.0%', 'H2=0.0%', 'H3=47.0%', 'H4=56.0%', 'H5=62.9%', 'H6=64.7%', 'H7=65.1%', 'H8=65.1%', 'H9=65.1%', 'H10=64.2%', 'H11=64.2%', 'H12=64.2%', 'H13=64.2%', 'H14=63.8%', 'H15=64.2%', 'H16=63.8%']
  mean_sigmoid_q_halt: ['0.012', '0.091', '0.691', '0.789', '0.852', '0.906', '0.922', '0.922', '0.918', '0.922', '0.922', '0.922', '0.930', '0.926', '0.930', '0.922']
  halt_rates: ['0.00', '0.00', '0.70', '0.81', '0.88', '0.93', '0.94', '0.94', '0.93', '0.92', '0.93', '0.93', '0.94', '0.94', '0.94', '0.94']
  halt_histogram %: [60.6, 30.2, 4.9, 1.2, 0.5, 0.3, 0.2, 0.2, 0.1, 0.1, 0.1, 0.1, 0.1, 0.0, 0.0, 1.4]
  Avg ACT steps (last 100): 1.31
  halt_acc: cell=99.95%, puzzle=90.80%
  eval_avg_halt_step: 1.07
  per_H_acc: ['H0=0.0%', 'H1=0.0%', 'H2=0.0%']
  H_cos: ['0.797', '0.945']
  z_H_delta: ['23.000', '17.000']
  cells: fixed=[0, 0] broken=[0, 0]
  per_ACT_cell_acc: ['H1=57.9%', 'H2=96.2%', 'H3=100.0%', 'H4=100.0%', 'H5=100.0%', 'H6=100.0%', 'H7=100.0%', 'H8=100.0%', 'H9=100.0%', 'H10=100.0%', 'H11=100.0%', 'H12=100.0%', 'H13=100.0%', 'H14=100.0%', 'H15=100.0%', 'H16=100.0%']
  per_ACT_puzzle_acc: ['H1=0.0%', 'H2=0.0%', 'H3=88.5%', 'H4=95.2%', 'H5=97.1%', 'H6=98.1%', 'H7=99.0%', 'H8=99.0%', 'H9=98.1%', 'H10=99.0%', 'H11=99.0%', 'H12=99.0%', 'H13=99.0%', 'H14=99.0%', 'H15=99.0%', 'H16=99.0%']
  mean_sigmoid_q_halt: ['0.012', '0.096', '0.934', '0.938', '0.961', '0.973', '0.980', '0.980', '0.980', '0.980', '0.980', '0.980', '0.980', '0.980', '0.980', '0.980']
  halt_rates: ['0.00', '0.00', '0.97', '0.96', '0.98', '0.99', '1.00', '1.00', '1.00', '1.00', '1.00', '1.00', '1.00', '1.00', '1.00', '1.00']
  halt_histogram %: [60.6, 30.2, 4.9, 1.2, 0.5, 0.3, 0.2, 0.2, 0.1, 0.1, 0.1, 0.1, 0.1, 0.0, 0.0, 1.4]
  Avg ACT steps (last 100): 1.31
  saved: /home/jvdillon/projects/sic/code/maze/ckpts/x07k/step06500.pt acc=99.06% (0.085s)
Step  6500  Test 99.06% / 73.50%  Train lm=0.3926±0.0017ϵ[0.3906,0.4062] n_halted=103.4760±8.9716ϵ[13.0000,121.0000]  TrainAcc 99.95%/96.10%  (55.056s / 179.903s)
  n_active=128.0000±0.0000ϵ[128.0000,128.0000] n_expunged=0.0000±0.0000ϵ[0.0000,0.0000] pool_util=1.0000±0.0000ϵ[1.0000,1.0000]
  path_valid=93.60%, exact_match=72.40%
  halt_acc: cell=99.17%, puzzle=70.70%
  eval_avg_halt_step: 2.30
  per_H_acc: ['H0=0.1%', 'H1=0.0%', 'H2=0.0%']
  H_cos: ['0.785', '0.914']
  z_H_delta: ['20.000', '18.375']
  cells: fixed=[0, 0] broken=[182, 0]
  per_ACT_cell_acc: ['H1=49.8%', 'H2=90.8%', 'H3=98.8%', 'H4=99.1%', 'H5=99.1%', 'H6=99.2%', 'H7=99.2%', 'H8=99.2%', 'H9=99.1%', 'H10=99.1%', 'H11=99.1%', 'H12=99.1%', 'H13=99.1%', 'H14=99.1%', 'H15=99.1%', 'H16=99.1%']
  per_ACT_puzzle_acc: ['H1=0.0%', 'H2=0.0%', 'H3=39.7%', 'H4=64.2%', 'H5=69.8%', 'H6=72.0%', 'H7=73.7%', 'H8=74.1%', 'H9=73.3%', 'H10=72.8%', 'H11=72.8%', 'H12=72.8%', 'H13=72.8%', 'H14=72.8%', 'H15=72.0%', 'H16=71.6%']
  mean_sigmoid_q_halt: ['0.020', '0.070', '0.477', '0.773', '0.848', '0.879', '0.898', '0.910', '0.914', '0.918', '0.918', '0.922', '0.922', '0.926', '0.926', '0.922']
  halt_rates: ['0.00', '0.00', '0.41', '0.80', '0.88', '0.90', '0.91', '0.93', '0.92', '0.94', '0.94', '0.94', '0.94', '0.94', '0.94', '0.94']
  halt_histogram %: [62.4, 29.1, 4.7, 1.1, 0.5, 0.3, 0.2, 0.1, 0.1, 0.1, 0.1, 0.1, 0.1, 0.0, 0.0, 1.3]
  Avg ACT steps (last 100): 1.17
  halt_acc: cell=99.96%, puzzle=95.00%
  eval_avg_halt_step: 1.29
  per_H_acc: ['H0=0.1%', 'H1=0.0%', 'H2=0.0%']
  H_cos: ['0.785', '0.906']
  z_H_delta: ['20.125', '18.875']
  cells: fixed=[0, 0] broken=[78, 0]
  per_ACT_cell_acc: ['H1=49.6%', 'H2=90.7%', 'H3=99.8%', 'H4=99.9%', 'H5=100.0%', 'H6=100.0%', 'H7=100.0%', 'H8=100.0%', 'H9=100.0%', 'H10=100.0%', 'H11=100.0%', 'H12=100.0%', 'H13=100.0%', 'H14=100.0%', 'H15=100.0%', 'H16=100.0%']
  per_ACT_puzzle_acc: ['H1=0.0%', 'H2=0.0%', 'H3=79.8%', 'H4=94.2%', 'H5=96.2%', 'H6=97.1%', 'H7=97.1%', 'H8=96.2%', 'H9=96.2%', 'H10=95.2%', 'H11=95.2%', 'H12=96.2%', 'H13=96.2%', 'H14=96.2%', 'H15=96.2%', 'H16=96.2%']
  mean_sigmoid_q_halt: ['0.020', '0.069', '0.801', '0.941', '0.957', '0.965', '0.965', '0.969', '0.965', '0.969', '0.965', '0.973', '0.977', '0.977', '0.977', '0.980']
  halt_rates: ['0.00', '0.00', '0.80', '0.95', '0.97', '0.98', '0.98', '0.98', '0.98', '0.98', '0.98', '0.98', '0.99', '0.99', '0.99', '0.99']
  halt_histogram %: [62.4, 29.1, 4.7, 1.1, 0.5, 0.3, 0.2, 0.1, 0.1, 0.1, 0.1, 0.1, 0.1, 0.0, 0.0, 1.3]
  Avg ACT steps (last 100): 1.17
  saved: /home/jvdillon/projects/sic/code/maze/ckpts/x07k/step07000.pt acc=99.18% (0.085s)
  saved: /home/jvdillon/projects/sic/code/maze/ckpts/x07k/best.pt acc=99.18% (0.166s)
Step  7000  Test 99.18% / 79.40%  Train lm=0.3945±0.0020ϵ[0.3906,0.4043] n_halted=101.7600±8.9576ϵ[51.0000,118.0000]  TrainAcc 99.96%/96.20%  (55.148s / 179.809s)
  n_active=128.0000±0.0000ϵ[128.0000,128.0000] n_expunged=0.0000±0.0000ϵ[0.0000,0.0000] pool_util=1.0000±0.0000ϵ[1.0000,1.0000]
  path_valid=91.70%, exact_match=72.90%
  halt_acc: cell=99.18%, puzzle=70.60%
  eval_avg_halt_step: 1.98
  per_H_acc: ['H0=0.1%', 'H1=0.0%', 'H2=0.0%']
  H_cos: ['0.770', '0.895']
  z_H_delta: ['21.500', '19.125']
  cells: fixed=[0, 0] broken=[232, 0]
  per_ACT_cell_acc: ['H1=49.8%', 'H2=91.8%', 'H3=98.9%', 'H4=99.1%', 'H5=99.1%', 'H6=99.2%', 'H7=99.2%', 'H8=99.2%', 'H9=99.2%', 'H10=99.2%', 'H11=99.2%', 'H12=99.2%', 'H13=99.1%', 'H14=99.1%', 'H15=99.1%', 'H16=99.1%']
  per_ACT_puzzle_acc: ['H1=0.0%', 'H2=0.0%', 'H3=51.7%', 'H4=66.4%', 'H5=70.3%', 'H6=72.4%', 'H7=75.0%', 'H8=75.9%', 'H9=74.6%', 'H10=74.6%', 'H11=74.6%', 'H12=74.1%', 'H13=73.3%', 'H14=72.4%', 'H15=73.3%', 'H16=72.8%']
  mean_sigmoid_q_halt: ['0.020', '0.165', '0.734', '0.801', '0.840', '0.844', '0.887', '0.898', '0.906', '0.906', '0.918', '0.918', '0.914', '0.914', '0.910', '0.906']
  halt_rates: ['0.00', '0.00', '0.74', '0.80', '0.84', '0.85', '0.89', '0.91', '0.91', '0.91', '0.93', '0.94', '0.92', '0.93', '0.91', '0.91']
  halt_histogram %: [64.1, 27.9, 4.4, 1.0, 0.4, 0.3, 0.2, 0.1, 0.1, 0.1, 0.1, 0.1, 0.0, 0.0, 0.0, 1.2]
  Avg ACT steps (last 100): 1.24
  halt_acc: cell=99.98%, puzzle=97.00%
  eval_avg_halt_step: 1.06
  per_H_acc: ['H0=0.1%', 'H1=0.0%', 'H2=0.0%']
  H_cos: ['0.766', '0.891']
  z_H_delta: ['21.500', '19.250']
  cells: fixed=[0, 0] broken=[104, 0]
  per_ACT_cell_acc: ['H1=50.0%', 'H2=92.5%', 'H3=99.9%', 'H4=100.0%', 'H5=100.0%', 'H6=100.0%', 'H7=100.0%', 'H8=100.0%', 'H9=100.0%', 'H10=100.0%', 'H11=100.0%', 'H12=100.0%', 'H13=100.0%', 'H14=100.0%', 'H15=100.0%', 'H16=100.0%']
  per_ACT_puzzle_acc: ['H1=0.0%', 'H2=0.0%', 'H3=95.2%', 'H4=97.1%', 'H5=100.0%', 'H6=100.0%', 'H7=100.0%', 'H8=100.0%', 'H9=100.0%', 'H10=99.0%', 'H11=99.0%', 'H12=98.1%', 'H13=98.1%', 'H14=97.1%', 'H15=96.2%', 'H16=97.1%']
  mean_sigmoid_q_halt: ['0.020', '0.171', '0.953', '0.973', '0.977', '0.984', '0.984', '0.977', '0.973', '0.973', '0.969', '0.965', '0.965', '0.961', '0.961', '0.965']
  halt_rates: ['0.00', '0.00', '0.95', '0.98', '0.98', '0.98', '1.00', '0.98', '0.98', '0.98', '0.97', '0.97', '0.97', '0.97', '0.97', '0.97']
  halt_histogram %: [64.1, 27.9, 4.4, 1.0, 0.4, 0.3, 0.2, 0.1, 0.1, 0.1, 0.1, 0.1, 0.0, 0.0, 0.0, 1.2]
  Avg ACT steps (last 100): 1.24
  saved: /home/jvdillon/projects/sic/code/maze/ckpts/x07k/step07500.pt acc=99.20% (0.085s)
  saved: /home/jvdillon/projects/sic/code/maze/ckpts/x07k/best.pt acc=99.20% (0.166s)
Step  7500  Test 99.20% / 81.30%  Train lm=0.3926±0.0019ϵ[0.3906,0.4043] n_halted=103.8320±8.3130ϵ[40.0000,118.0000]  TrainAcc 99.94%/93.30%  (55.130s / 179.854s)
  n_active=128.0000±0.0000ϵ[128.0000,128.0000] n_expunged=0.0000±0.0000ϵ[0.0000,0.0000] pool_util=1.0000±0.0000ϵ[1.0000,1.0000]
  path_valid=93.30%, exact_match=74.20%
  halt_acc: cell=99.21%, puzzle=76.60%
  eval_avg_halt_step: 2.32
  per_H_acc: ['H0=0.0%', 'H1=0.0%', 'H2=0.0%']
  H_cos: ['0.754', '0.934']
  z_H_delta: ['21.625', '16.000']
  cells: fixed=[0, 0] broken=[36, 0]
  per_ACT_cell_acc: ['H1=50.8%', 'H2=93.4%', 'H3=98.8%', 'H4=99.1%', 'H5=99.1%', 'H6=99.2%', 'H7=99.2%', 'H8=99.2%', 'H9=99.2%', 'H10=99.2%', 'H11=99.2%', 'H12=99.2%', 'H13=99.2%', 'H14=99.2%', 'H15=99.2%', 'H16=99.2%']
  per_ACT_puzzle_acc: ['H1=0.0%', 'H2=0.0%', 'H3=45.7%', 'H4=65.9%', 'H5=71.6%', 'H6=73.7%', 'H7=75.4%', 'H8=75.0%', 'H9=75.0%', 'H10=76.3%', 'H11=76.7%', 'H12=74.6%', 'H13=75.0%', 'H14=76.3%', 'H15=74.6%', 'H16=74.6%']
  mean_sigmoid_q_halt: ['0.030', '0.136', '0.418', '0.648', '0.754', '0.812', '0.836', '0.840', '0.859', '0.875', '0.875', '0.875', '0.875', '0.883', '0.879', '0.875']
  halt_rates: ['0.00', '0.00', '0.40', '0.67', '0.78', '0.87', '0.88', '0.89', '0.91', '0.92', '0.93', '0.92', '0.92', '0.93', '0.93', '0.91']
  halt_histogram %: [65.6, 26.8, 4.2, 0.9, 0.4, 0.2, 0.2, 0.1, 0.1, 0.1, 0.1, 0.0, 0.0, 0.0, 0.0, 1.1]
  Avg ACT steps (last 100): 1.29
  halt_acc: cell=99.96%, puzzle=96.80%
  eval_avg_halt_step: 1.38
  per_H_acc: ['H0=0.0%', 'H1=0.0%', 'H2=0.0%']
  H_cos: ['0.750', '0.930']
  z_H_delta: ['21.750', '16.125']
  cells: fixed=[0, 0] broken=[13, 0]
  per_ACT_cell_acc: ['H1=50.7%', 'H2=93.8%', 'H3=99.9%', 'H4=100.0%', 'H5=100.0%', 'H6=100.0%', 'H7=100.0%', 'H8=100.0%', 'H9=100.0%', 'H10=100.0%', 'H11=100.0%', 'H12=100.0%', 'H13=100.0%', 'H14=100.0%', 'H15=100.0%', 'H16=100.0%']
  per_ACT_puzzle_acc: ['H1=0.0%', 'H2=0.0%', 'H3=81.7%', 'H4=92.3%', 'H5=96.2%', 'H6=96.2%', 'H7=98.1%', 'H8=98.1%', 'H9=98.1%', 'H10=97.1%', 'H11=98.1%', 'H12=96.2%', 'H13=96.2%', 'H14=96.2%', 'H15=95.2%', 'H16=96.2%']
  mean_sigmoid_q_halt: ['0.031', '0.135', '0.672', '0.867', '0.918', '0.926', '0.938', '0.938', '0.941', '0.938', '0.938', '0.941', '0.938', '0.930', '0.934', '0.941']
  halt_rates: ['0.00', '0.00', '0.75', '0.92', '0.97', '0.96', '0.98', '0.98', '0.98', '0.97', '0.97', '0.99', '0.99', '0.97', '0.98', '1.00']
  halt_histogram %: [65.6, 26.8, 4.2, 0.9, 0.4, 0.2, 0.2, 0.1, 0.1, 0.1, 0.1, 0.0, 0.0, 0.0, 0.0, 1.1]
  Avg ACT steps (last 100): 1.29
  saved: /home/jvdillon/projects/sic/code/maze/ckpts/x07k/step08000.pt acc=99.20% (0.086s)
Step  8000  Test 99.20% / 82.90%  Train lm=0.3926±0.0024ϵ[0.3906,0.4219] n_halted=105.4720±8.6745ϵ[9.0000,120.0000]  TrainAcc 99.95%/94.90%  (55.063s / 179.754s)
  n_active=128.0000±0.0000ϵ[128.0000,128.0000] n_expunged=0.0000±0.0000ϵ[0.0000,0.0000] pool_util=1.0000±0.0000ϵ[1.0000,1.0000]
  path_valid=97.40%, exact_match=73.00%
  halt_acc: cell=99.05%, puzzle=70.50%
  eval_avg_halt_step: 2.01
  per_H_acc: ['H0=0.1%', 'H1=0.0%', 'H2=0.0%']
  H_cos: ['0.805', '0.945']
  z_H_delta: ['21.875', '15.625']
  cells: fixed=[0, 0] broken=[229, 0]
  per_ACT_cell_acc: ['H1=68.6%', 'H2=94.3%', 'H3=98.9%', 'H4=99.0%', 'H5=99.0%', 'H6=99.0%', 'H7=99.0%', 'H8=99.0%', 'H9=99.0%', 'H10=99.0%', 'H11=99.0%', 'H12=99.0%', 'H13=99.0%', 'H14=99.0%', 'H15=99.0%', 'H16=99.0%']
  per_ACT_puzzle_acc: ['H1=0.0%', 'H2=0.0%', 'H3=53.4%', 'H4=66.4%', 'H5=68.1%', 'H6=69.4%', 'H7=70.7%', 'H8=70.7%', 'H9=70.7%', 'H10=71.1%', 'H11=71.1%', 'H12=71.1%', 'H13=71.1%', 'H14=71.1%', 'H15=71.1%', 'H16=71.1%']
  mean_sigmoid_q_halt: ['0.024', '0.212', '0.637', '0.797', '0.844', '0.875', '0.898', '0.906', '0.910', '0.918', '0.922', '0.922', '0.922', '0.930', '0.930', '0.930']
  halt_rates: ['0.00', '0.00', '0.63', '0.81', '0.86', '0.91', '0.93', '0.93', '0.93', '0.94', '0.94', '0.94', '0.94', '0.94', '0.94', '0.94']
  halt_histogram %: [66.8, 26.0, 4.0, 0.9, 0.4, 0.2, 0.2, 0.1, 0.1, 0.1, 0.1, 0.0, 0.0, 0.0, 0.0, 1.0]
  Avg ACT steps (last 100): 1.15
  halt_acc: cell=99.95%, puzzle=96.10%
  eval_avg_halt_step: 1.20
  per_H_acc: ['H0=0.1%', 'H1=0.0%', 'H2=0.0%']
  H_cos: ['0.801', '0.938']
  z_H_delta: ['21.875', '15.938']
  cells: fixed=[0, 0] broken=[103, 0]
  per_ACT_cell_acc: ['H1=68.6%', 'H2=94.7%', 'H3=99.9%', 'H4=99.9%', 'H5=99.9%', 'H6=99.9%', 'H7=99.9%', 'H8=99.9%', 'H9=99.9%', 'H10=99.9%', 'H11=99.9%', 'H12=99.9%', 'H13=99.9%', 'H14=99.9%', 'H15=99.9%', 'H16=99.9%']
  per_ACT_puzzle_acc: ['H1=0.0%', 'H2=0.0%', 'H3=87.5%', 'H4=94.2%', 'H5=95.2%', 'H6=96.2%', 'H7=96.2%', 'H8=96.2%', 'H9=96.2%', 'H10=96.2%', 'H11=96.2%', 'H12=95.2%', 'H13=95.2%', 'H14=95.2%', 'H15=95.2%', 'H16=95.2%']
  mean_sigmoid_q_halt: ['0.024', '0.214', '0.902', '0.945', '0.949', '0.957', '0.961', '0.961', '0.957', '0.953', '0.953', '0.953', '0.953', '0.953', '0.949', '0.953']
  halt_rates: ['0.00', '0.00', '0.93', '0.95', '0.96', '0.97', '0.97', '0.97', '0.97', '0.96', '0.96', '0.96', '0.96', '0.96', '0.96', '0.96']
  halt_histogram %: [66.8, 26.0, 4.0, 0.9, 0.4, 0.2, 0.2, 0.1, 0.1, 0.1, 0.1, 0.0, 0.0, 0.0, 0.0, 1.0]
  Avg ACT steps (last 100): 1.15
  saved: /home/jvdillon/projects/sic/code/maze/ckpts/x07k/step08500.pt acc=99.05% (0.082s)
Step  8500  Test 99.05% / 79.30%  Train lm=0.3926±0.0018ϵ[0.3906,0.4004] n_halted=103.7020±10.7236ϵ[29.0000,119.0000]  TrainAcc 99.94%/97.40%  (55.044s / 179.834s)
  n_active=128.0000±0.0000ϵ[128.0000,128.0000] n_expunged=0.0000±0.0000ϵ[0.0000,0.0000] pool_util=1.0000±0.0000ϵ[1.0000,1.0000]
  path_valid=95.90%, exact_match=73.20%
  halt_acc: cell=99.01%, puzzle=71.00%
  eval_avg_halt_step: 1.64
  per_H_acc: ['H0=0.1%', 'H1=0.0%', 'H2=0.0%']
  H_cos: ['0.816', '0.918']
  z_H_delta: ['20.500', '17.875']
  cells: fixed=[0, 0] broken=[231, 0]
  per_ACT_cell_acc: ['H1=65.8%', 'H2=93.7%', 'H3=98.6%', 'H4=98.8%', 'H5=98.9%', 'H6=98.9%', 'H7=98.9%', 'H8=98.9%', 'H9=98.9%', 'H10=98.9%', 'H11=98.9%', 'H12=98.9%', 'H13=98.9%', 'H14=98.9%', 'H15=98.9%', 'H16=98.9%']
  per_ACT_puzzle_acc: ['H1=0.0%', 'H2=0.0%', 'H3=54.3%', 'H4=67.2%', 'H5=69.0%', 'H6=69.8%', 'H7=70.7%', 'H8=71.1%', 'H9=70.7%', 'H10=70.7%', 'H11=70.7%', 'H12=71.1%', 'H13=71.6%', 'H14=71.6%', 'H15=72.0%', 'H16=72.0%']
  mean_sigmoid_q_halt: ['0.040', '0.101', '0.707', '0.855', '0.887', '0.906', '0.914', '0.922', '0.926', '0.926', '0.926', '0.926', '0.926', '0.926', '0.930', '0.930']
  halt_rates: ['0.00', '0.00', '0.70', '0.88', '0.91', '0.94', '0.94', '0.95', '0.96', '0.96', '0.97', '0.97', '0.97', '0.97', '0.97', '0.97']
  halt_histogram %: [67.7, 25.4, 3.9, 0.9, 0.4, 0.2, 0.1, 0.1, 0.1, 0.1, 0.1, 0.0, 0.0, 0.0, 0.0, 0.9]
  Avg ACT steps (last 100): 1.14
  halt_acc: cell=99.91%, puzzle=96.40%
  eval_avg_halt_step: 1.13
  per_H_acc: ['H0=0.1%', 'H1=0.0%', 'H2=0.0%']
  H_cos: ['0.816', '0.918']
  z_H_delta: ['20.500', '17.875']
  cells: fixed=[0, 0] broken=[104, 0]
  per_ACT_cell_acc: ['H1=65.7%', 'H2=93.9%', 'H3=99.9%', 'H4=99.9%', 'H5=99.9%', 'H6=99.9%', 'H7=99.9%', 'H8=99.9%', 'H9=99.9%', 'H10=99.9%', 'H11=99.9%', 'H12=99.9%', 'H13=99.9%', 'H14=99.9%', 'H15=99.9%', 'H16=99.9%']
  per_ACT_puzzle_acc: ['H1=0.0%', 'H2=0.0%', 'H3=89.4%', 'H4=98.1%', 'H5=98.1%', 'H6=99.0%', 'H7=99.0%', 'H8=98.1%', 'H9=98.1%', 'H10=98.1%', 'H11=98.1%', 'H12=97.1%', 'H13=97.1%', 'H14=97.1%', 'H15=97.1%', 'H16=97.1%']
  mean_sigmoid_q_halt: ['0.040', '0.101', '0.883', '0.965', '0.973', '0.980', '0.977', '0.973', '0.973', '0.969', '0.965', '0.961', '0.961', '0.961', '0.961', '0.957']
  halt_rates: ['0.00', '0.00', '0.88', '0.98', '0.99', '1.00', '1.00', '1.00', '1.00', '1.00', '1.00', '1.00', '1.00', '1.00', '1.00', '1.00']
  halt_histogram %: [67.7, 25.4, 3.9, 0.9, 0.4, 0.2, 0.1, 0.1, 0.1, 0.1, 0.1, 0.0, 0.0, 0.0, 0.0, 0.9]
  Avg ACT steps (last 100): 1.14
  saved: /home/jvdillon/projects/sic/code/maze/ckpts/x07k/step09000.pt acc=99.02% (0.087s)
Step  9000  Test 99.02% / 81.00%  Train lm=0.3926±0.0018ϵ[0.3906,0.4082] n_halted=103.8820±9.0503ϵ[50.0000,120.0000]  TrainAcc 99.91%/95.70%  (55.043s / 179.823s)
  n_active=128.0000±0.0000ϵ[128.0000,128.0000] n_expunged=0.0000±0.0000ϵ[0.0000,0.0000] pool_util=1.0000±0.0000ϵ[1.0000,1.0000]
  path_valid=96.50%, exact_match=75.20%
  halt_acc: cell=99.22%, puzzle=74.20%
  eval_avg_halt_step: 1.81
  per_H_acc: ['H0=0.1%', 'H1=0.0%', 'H2=0.0%']
  H_cos: ['0.672', '0.926']
  z_H_delta: ['22.500', '15.812']
  cells: fixed=[0, 0] broken=[232, 0]
  per_ACT_cell_acc: ['H1=54.4%', 'H2=92.8%', 'H3=99.0%', 'H4=99.1%', 'H5=99.2%', 'H6=99.2%', 'H7=99.3%', 'H8=99.2%', 'H9=99.2%', 'H10=99.3%', 'H11=99.2%', 'H12=99.2%', 'H13=99.2%', 'H14=99.2%', 'H15=99.2%', 'H16=99.2%']
  per_ACT_puzzle_acc: ['H1=0.0%', 'H2=0.0%', 'H3=50.4%', 'H4=69.0%', 'H5=74.6%', 'H6=77.6%', 'H7=79.3%', 'H8=80.6%', 'H9=80.6%', 'H10=80.6%', 'H11=79.3%', 'H12=78.0%', 'H13=78.4%', 'H14=78.4%', 'H15=77.6%', 'H16=78.0%']
  mean_sigmoid_q_halt: ['0.176', '0.305', '0.602', '0.770', '0.875', '0.918', '0.949', '0.961', '0.969', '0.977', '0.977', '0.973', '0.973', '0.973', '0.977', '0.977']
  halt_rates: ['0.00', '0.00', '0.59', '0.78', '0.88', '0.93', '0.96', '0.97', '0.98', '0.98', '0.98', '0.97', '0.98', '0.98', '0.98', '0.98']
  halt_histogram %: [68.7, 24.8, 3.7, 0.8, 0.3, 0.2, 0.1, 0.1, 0.1, 0.1, 0.1, 0.0, 0.0, 0.0, 0.0, 0.9]
  Avg ACT steps (last 100): 1.19
  halt_acc: cell=99.97%, puzzle=97.60%
  eval_avg_halt_step: 1.10
  per_H_acc: ['H0=0.1%', 'H1=0.0%', 'H2=0.0%']
  H_cos: ['0.672', '0.922']
  z_H_delta: ['22.500', '16.000']
  cells: fixed=[0, 0] broken=[104, 0]
  per_ACT_cell_acc: ['H1=54.1%', 'H2=92.9%', 'H3=100.0%', 'H4=100.0%', 'H5=100.0%', 'H6=100.0%', 'H7=100.0%', 'H8=100.0%', 'H9=99.9%', 'H10=99.9%', 'H11=100.0%', 'H12=100.0%', 'H13=99.9%', 'H14=99.9%', 'H15=99.9%', 'H16=99.9%']
  per_ACT_puzzle_acc: ['H1=0.0%', 'H2=0.0%', 'H3=93.3%', 'H4=97.1%', 'H5=99.0%', 'H6=98.1%', 'H7=99.0%', 'H8=98.1%', 'H9=98.1%', 'H10=98.1%', 'H11=98.1%', 'H12=98.1%', 'H13=98.1%', 'H14=98.1%', 'H15=98.1%', 'H16=97.1%']
  mean_sigmoid_q_halt: ['0.176', '0.303', '0.914', '0.965', '0.973', '0.977', '0.980', '0.977', '0.977', '0.977', '0.980', '0.984', '0.984', '0.984', '0.984', '0.984']
  halt_rates: ['0.00', '0.00', '0.92', '0.97', '0.98', '0.98', '0.99', '0.98', '0.98', '0.98', '0.99', '0.99', '0.99', '0.99', '0.99', '0.99']
  halt_histogram %: [68.7, 24.8, 3.7, 0.8, 0.3, 0.2, 0.1, 0.1, 0.1, 0.1, 0.1, 0.0, 0.0, 0.0, 0.0, 0.9]
  Avg ACT steps (last 100): 1.19
  saved: /home/jvdillon/projects/sic/code/maze/ckpts/x07k/step09500.pt acc=99.21% (0.085s)
  saved: /home/jvdillon/projects/sic/code/maze/ckpts/x07k/best.pt acc=99.21% (0.164s)
Step  9500  Test 99.21% / 84.60%  Train lm=0.3926±0.0018ϵ[0.3906,0.4062] n_halted=106.2660±7.4446ϵ[59.0000,121.0000]  TrainAcc 99.96%/96.40%  (55.145s / 179.779s)
  n_active=128.0000±0.0000ϵ[128.0000,128.0000] n_expunged=0.0000±0.0000ϵ[0.0000,0.0000] pool_util=1.0000±0.0000ϵ[1.0000,1.0000]
  path_valid=92.10%, exact_match=76.50%
  halt_acc: cell=99.26%, puzzle=76.40%
  eval_avg_halt_step: 2.04
  per_H_acc: ['H0=0.1%', 'H1=0.0%', 'H2=0.0%']
  H_cos: ['0.785', '0.883']
  z_H_delta: ['20.875', '19.125']
  cells: fixed=[0, 0] broken=[232, 0]
  per_ACT_cell_acc: ['H1=53.2%', 'H2=94.1%', 'H3=99.2%', 'H4=99.3%', 'H5=99.3%', 'H6=99.3%', 'H7=99.3%', 'H8=99.3%', 'H9=99.3%', 'H10=99.3%', 'H11=99.3%', 'H12=99.3%', 'H13=99.3%', 'H14=99.3%', 'H15=99.3%', 'H16=99.3%']
  per_ACT_puzzle_acc: ['H1=0.0%', 'H2=0.0%', 'H3=59.1%', 'H4=69.8%', 'H5=72.4%', 'H6=75.9%', 'H7=75.4%', 'H8=77.6%', 'H9=77.6%', 'H10=79.3%', 'H11=78.0%', 'H12=77.6%', 'H13=78.0%', 'H14=78.0%', 'H15=76.7%', 'H16=77.6%']
  mean_sigmoid_q_halt: ['0.305', '0.490', '0.656', '0.738', '0.816', '0.867', '0.867', '0.883', '0.887', '0.906', '0.906', '0.906', '0.906', '0.898', '0.902', '0.895']
  halt_rates: ['0.00', '0.45', '0.66', '0.75', '0.83', '0.89', '0.88', '0.91', '0.90', '0.93', '0.92', '0.93', '0.93', '0.92', '0.91', '0.90']
  halt_histogram %: [69.6, 24.1, 3.6, 0.8, 0.3, 0.2, 0.1, 0.1, 0.1, 0.1, 0.1, 0.0, 0.0, 0.0, 0.0, 0.8]
  Avg ACT steps (last 100): 1.27
  halt_acc: cell=99.99%, puzzle=98.80%
  eval_avg_halt_step: 1.06
  per_H_acc: ['H0=0.1%', 'H1=0.0%', 'H2=0.0%']
  H_cos: ['0.781', '0.883']
  z_H_delta: ['20.875', '19.125']
  cells: fixed=[0, 0] broken=[104, 0]
  per_ACT_cell_acc: ['H1=53.1%', 'H2=94.8%', 'H3=100.0%', 'H4=100.0%', 'H5=100.0%', 'H6=100.0%', 'H7=100.0%', 'H8=100.0%', 'H9=100.0%', 'H10=100.0%', 'H11=100.0%', 'H12=100.0%', 'H13=100.0%', 'H14=100.0%', 'H15=100.0%', 'H16=100.0%']
  per_ACT_puzzle_acc: ['H1=0.0%', 'H2=0.0%', 'H3=95.2%', 'H4=97.1%', 'H5=100.0%', 'H6=100.0%', 'H7=100.0%', 'H8=100.0%', 'H9=100.0%', 'H10=100.0%', 'H11=99.0%', 'H12=99.0%', 'H13=99.0%', 'H14=99.0%', 'H15=99.0%', 'H16=99.0%']
  mean_sigmoid_q_halt: ['0.305', '0.486', '0.938', '0.965', '0.988', '0.992', '0.988', '0.984', '0.980', '0.973', '0.973', '0.969', '0.969', '0.961', '0.961', '0.953']
  halt_rates: ['0.00', '0.38', '0.94', '0.97', '1.00', '1.00', '1.00', '1.00', '0.99', '0.99', '0.99', '0.98', '0.98', '0.98', '0.98', '0.97']
  halt_histogram %: [69.6, 24.1, 3.6, 0.8, 0.3, 0.2, 0.1, 0.1, 0.1, 0.1, 0.1, 0.0, 0.0, 0.0, 0.0, 0.8]
  Avg ACT steps (last 100): 1.27
  saved: /home/jvdillon/projects/sic/code/maze/ckpts/x07k/step10000.pt acc=99.20% (0.086s)
Step 10000  Test 99.20% / 83.90%  Train lm=0.3926±0.0020ϵ[0.3906,0.4043] n_halted=105.7520±8.2027ϵ[55.0000,122.0000]  TrainAcc 99.94%/96.40%  (55.039s / 179.782s)
  n_active=128.0000±0.0000ϵ[128.0000,128.0000] n_expunged=0.0000±0.0000ϵ[0.0000,0.0000] pool_util=1.0000±0.0000ϵ[1.0000,1.0000]
  path_valid=80.40%, exact_match=63.40%
  halt_acc: cell=99.26%, puzzle=75.90%
  eval_avg_halt_step: 1.32
  per_H_acc: ['H0=0.1%', 'H1=0.0%', 'H2=0.0%']
  H_cos: ['0.754', '0.926']
  z_H_delta: ['22.125', '16.875']
  cells: fixed=[0, 0] broken=[210, 0]
  per_ACT_cell_acc: ['H1=52.8%', 'H2=95.5%', 'H3=99.0%', 'H4=99.1%', 'H5=99.2%', 'H6=99.2%', 'H7=99.2%', 'H8=99.2%', 'H9=99.2%', 'H10=99.2%', 'H11=99.2%', 'H12=99.2%', 'H13=99.2%', 'H14=99.2%', 'H15=99.2%', 'H16=99.2%']
  per_ACT_puzzle_acc: ['H1=0.0%', 'H2=0.0%', 'H3=65.1%', 'H4=71.1%', 'H5=76.3%', 'H6=75.4%', 'H7=76.7%', 'H8=76.7%', 'H9=75.9%', 'H10=75.4%', 'H11=75.0%', 'H12=75.0%', 'H13=73.7%', 'H14=73.3%', 'H15=72.4%', 'H16=72.8%']
  mean_sigmoid_q_halt: ['0.309', '0.500', '0.828', '0.883', '0.930', '0.938', '0.949', '0.953', '0.949', '0.949', '0.949', '0.949', '0.934', '0.934', '0.926', '0.922']
  halt_rates: ['0.00', '0.53', '0.84', '0.89', '0.94', '0.95', '0.97', '0.97', '0.96', '0.97', '0.97', '0.97', '0.95', '0.96', '0.94', '0.94']
  halt_histogram %: [70.4, 23.6, 3.5, 0.7, 0.3, 0.2, 0.1, 0.1, 0.1, 0.1, 0.0, 0.0, 0.0, 0.0, 0.0, 0.8]
  Avg ACT steps (last 100): 1.15
  halt_acc: cell=99.98%, puzzle=98.10%
  eval_avg_halt_step: 1.02
  per_H_acc: ['H0=0.1%', 'H1=0.0%', 'H2=0.0%']
  H_cos: ['0.754', '0.922']
  z_H_delta: ['22.125', '17.000']
  cells: fixed=[0, 0] broken=[97, 0]
  per_ACT_cell_acc: ['H1=52.8%', 'H2=96.3%', 'H3=100.0%', 'H4=100.0%', 'H5=100.0%', 'H6=100.0%', 'H7=100.0%', 'H8=100.0%', 'H9=100.0%', 'H10=100.0%', 'H11=100.0%', 'H12=100.0%', 'H13=100.0%', 'H14=100.0%', 'H15=100.0%', 'H16=100.0%']
  per_ACT_puzzle_acc: ['H1=0.0%', 'H2=0.0%', 'H3=98.1%', 'H4=99.0%', 'H5=99.0%', 'H6=100.0%', 'H7=100.0%', 'H8=100.0%', 'H9=100.0%', 'H10=98.1%', 'H11=97.1%', 'H12=97.1%', 'H13=94.2%', 'H14=93.3%', 'H15=91.3%', 'H16=89.4%']
  mean_sigmoid_q_halt: ['0.311', '0.504', '0.977', '0.992', '0.984', '0.984', '0.988', '0.988', '0.988', '0.988', '0.984', '0.980', '0.973', '0.965', '0.953', '0.953']
  halt_rates: ['0.00', '0.53', '0.98', '1.00', '0.99', '1.00', '1.00', '1.00', '1.00', '1.00', '1.00', '1.00', '0.99', '0.99', '0.97', '0.99']
  halt_histogram %: [70.4, 23.6, 3.5, 0.7, 0.3, 0.2, 0.1, 0.1, 0.1, 0.1, 0.0, 0.0, 0.0, 0.0, 0.0, 0.8]
  Avg ACT steps (last 100): 1.15
  saved: /home/jvdillon/projects/sic/code/maze/ckpts/x07k/step10500.pt acc=99.16% (0.086s)
Step 10500  Test 99.16% / 70.50%  Train lm=0.3926±0.0015ϵ[0.3906,0.3984] n_halted=106.5300±7.2281ϵ[52.0000,121.0000]  TrainAcc 99.83%/78.70%  (55.094s / 180.017s)
  n_active=128.0000±0.0000ϵ[128.0000,128.0000] n_expunged=0.0000±0.0000ϵ[0.0000,0.0000] pool_util=1.0000±0.0000ϵ[1.0000,1.0000]
  path_valid=96.60%, exact_match=80.10%
  halt_acc: cell=99.25%, puzzle=75.40%
  eval_avg_halt_step: 1.63
  per_H_acc: ['H0=0.5%', 'H1=0.3%', 'H2=0.0%']
  H_cos: ['0.773', '0.902']
  z_H_delta: ['21.750', '20.375']
  cells: fixed=[426, 0] broken=[814, 590]
  per_ACT_cell_acc: ['H1=59.9%', 'H2=93.1%', 'H3=99.0%', 'H4=99.1%', 'H5=99.2%', 'H6=99.2%', 'H7=99.2%', 'H8=99.2%', 'H9=99.2%', 'H10=99.2%', 'H11=99.2%', 'H12=99.2%', 'H13=99.2%', 'H14=99.2%', 'H15=99.2%', 'H16=99.2%']
  per_ACT_puzzle_acc: ['H1=0.0%', 'H2=0.0%', 'H3=58.2%', 'H4=71.1%', 'H5=77.2%', 'H6=78.4%', 'H7=80.2%', 'H8=78.9%', 'H9=78.9%', 'H10=78.9%', 'H11=78.4%', 'H12=78.9%', 'H13=78.9%', 'H14=79.3%', 'H15=79.3%', 'H16=78.9%']
  mean_sigmoid_q_halt: ['0.309', '0.465', '0.680', '0.832', '0.910', '0.926', '0.934', '0.941', '0.945', '0.945', '0.945', '0.941', '0.949', '0.953', '0.953', '0.953']
  halt_rates: ['0.00', '0.22', '0.69', '0.84', '0.92', '0.93', '0.94', '0.95', '0.95', '0.95', '0.94', '0.94', '0.95', '0.96', '0.96', '0.96']
  halt_histogram %: [71.1, 23.1, 3.4, 0.7, 0.3, 0.2, 0.1, 0.1, 0.1, 0.1, 0.0, 0.0, 0.0, 0.0, 0.0, 0.7]
  Avg ACT steps (last 100): 1.21
  halt_acc: cell=99.98%, puzzle=97.20%
  eval_avg_halt_step: 1.08
  per_H_acc: ['H0=0.4%', 'H1=0.3%', 'H2=0.0%']
  H_cos: ['0.773', '0.895']
  z_H_delta: ['21.750', '20.625']
  cells: fixed=[190, 0] broken=[311, 246]
  per_ACT_cell_acc: ['H1=59.9%', 'H2=93.5%', 'H3=100.0%', 'H4=100.0%', 'H5=100.0%', 'H6=100.0%', 'H7=100.0%', 'H8=100.0%', 'H9=100.0%', 'H10=100.0%', 'H11=100.0%', 'H12=100.0%', 'H13=100.0%', 'H14=100.0%', 'H15=100.0%', 'H16=100.0%']
  per_ACT_puzzle_acc: ['H1=0.0%', 'H2=0.0%', 'H3=92.3%', 'H4=99.0%', 'H5=100.0%', 'H6=100.0%', 'H7=100.0%', 'H8=100.0%', 'H9=100.0%', 'H10=100.0%', 'H11=100.0%', 'H12=100.0%', 'H13=100.0%', 'H14=100.0%', 'H15=100.0%', 'H16=100.0%']
  mean_sigmoid_q_halt: ['0.309', '0.471', '0.941', '0.988', '0.996', '0.996', '0.996', '0.992', '0.992', '0.992', '0.992', '0.992', '0.992', '0.992', '0.992', '0.992']
  halt_rates: ['0.00', '0.23', '0.96', '0.99', '1.00', '1.00', '1.00', '1.00', '1.00', '1.00', '1.00', '1.00', '1.00', '1.00', '1.00', '1.00']
  halt_histogram %: [71.1, 23.1, 3.4, 0.7, 0.3, 0.2, 0.1, 0.1, 0.1, 0.1, 0.0, 0.0, 0.0, 0.0, 0.0, 0.7]
  Avg ACT steps (last 100): 1.21
  saved: /home/jvdillon/projects/sic/code/maze/ckpts/x07k/step11000.pt acc=99.25% (0.086s)
  saved: /home/jvdillon/projects/sic/code/maze/ckpts/x07k/best.pt acc=99.25% (0.166s)
Step 11000  Test 99.25% / 88.10%  Train lm=0.3926±0.0027ϵ[0.3887,0.4160] n_halted=104.7220±14.5134ϵ[16.0000,121.0000]  TrainAcc 99.98%/98.80%  (55.174s / 179.839s)
  n_active=128.0000±0.0000ϵ[128.0000,128.0000] n_expunged=0.0000±0.0000ϵ[0.0000,0.0000] pool_util=1.0000±0.0000ϵ[1.0000,1.0000]
  path_valid=98.70%, exact_match=80.30%
  halt_acc: cell=99.27%, puzzle=76.80%
  eval_avg_halt_step: 1.28
  per_H_acc: ['H0=1.4%', 'H1=0.0%', 'H2=0.0%']
  H_cos: ['0.848', '0.938']
  z_H_delta: ['22.125', '18.000']
  cells: fixed=[7, 0] broken=[2947, 18]
  per_ACT_cell_acc: ['H1=66.1%', 'H2=93.9%', 'H3=99.1%', 'H4=99.3%', 'H5=99.3%', 'H6=99.3%', 'H7=99.3%', 'H8=99.3%', 'H9=99.3%', 'H10=99.3%', 'H11=99.3%', 'H12=99.3%', 'H13=99.3%', 'H14=99.3%', 'H15=99.3%', 'H16=99.3%']
  per_ACT_puzzle_acc: ['H1=0.0%', 'H2=0.0%', 'H3=60.8%', 'H4=71.6%', 'H5=78.0%', 'H6=78.9%', 'H7=78.9%', 'H8=78.9%', 'H9=78.9%', 'H10=78.9%', 'H11=78.4%', 'H12=78.4%', 'H13=78.4%', 'H14=78.4%', 'H15=78.4%', 'H16=78.4%']
  mean_sigmoid_q_halt: ['0.395', '0.570', '0.785', '0.887', '0.969', '0.980', '0.980', '0.984', '0.984', '0.984', '0.984', '0.980', '0.984', '0.980', '0.980', '0.980']
  halt_rates: ['0.00', '0.89', '0.77', '0.89', '0.98', '0.98', '0.99', '0.99', '0.99', '0.99', '0.99', '0.99', '0.99', '0.99', '0.99', '0.99']
  halt_histogram %: [71.8, 22.6, 3.3, 0.7, 0.3, 0.2, 0.1, 0.1, 0.1, 0.0, 0.0, 0.0, 0.0, 0.0, 0.0, 0.7]
  Avg ACT steps (last 100): 1.12
  halt_acc: cell=99.99%, puzzle=99.00%
  eval_avg_halt_step: 1.03
  per_H_acc: ['H0=1.4%', 'H1=0.0%', 'H2=0.0%']
  H_cos: ['0.848', '0.938']
  z_H_delta: ['22.125', '18.125']
  cells: fixed=[1, 0] broken=[1338, 4]
  per_ACT_cell_acc: ['H1=66.2%', 'H2=95.0%', 'H3=100.0%', 'H4=100.0%', 'H5=100.0%', 'H6=100.0%', 'H7=100.0%', 'H8=100.0%', 'H9=100.0%', 'H10=100.0%', 'H11=100.0%', 'H12=100.0%', 'H13=100.0%', 'H14=100.0%', 'H15=100.0%', 'H16=100.0%']
  per_ACT_puzzle_acc: ['H1=0.0%', 'H2=0.0%', 'H3=99.0%', 'H4=99.0%', 'H5=100.0%', 'H6=100.0%', 'H7=99.0%', 'H8=99.0%', 'H9=99.0%', 'H10=99.0%', 'H11=99.0%', 'H12=99.0%', 'H13=99.0%', 'H14=99.0%', 'H15=99.0%', 'H16=99.0%']
  mean_sigmoid_q_halt: ['0.395', '0.566', '0.977', '0.992', '0.992', '0.992', '0.992', '0.988', '0.988', '0.988', '0.988', '0.988', '0.984', '0.984', '0.984', '0.984']
  halt_rates: ['0.00', '0.88', '0.98', '1.00', '0.99', '1.00', '1.00', '0.99', '0.99', '0.99', '0.99', '0.99', '0.99', '0.99', '0.99', '0.99']
  halt_histogram %: [71.8, 22.6, 3.3, 0.7, 0.3, 0.2, 0.1, 0.1, 0.1, 0.0, 0.0, 0.0, 0.0, 0.0, 0.0, 0.7]
  Avg ACT steps (last 100): 1.12
  saved: /home/jvdillon/projects/sic/code/maze/ckpts/x07k/step11500.pt acc=99.28% (0.085s)
  saved: /home/jvdillon/projects/sic/code/maze/ckpts/x07k/best.pt acc=99.28% (0.165s)
Step 11500  Test 99.28% / 86.90%  Train lm=0.3926±0.0016ϵ[0.3887,0.4023] n_halted=107.4820±6.6680ϵ[75.0000,119.0000]  TrainAcc 99.99%/99.20%  (55.150s / 179.926s)
  n_active=128.0000±0.0000ϵ[128.0000,128.0000] n_expunged=0.0000±0.0000ϵ[0.0000,0.0000] pool_util=1.0000±0.0000ϵ[1.0000,1.0000]
  path_valid=99.10%, exact_match=79.20%
  halt_acc: cell=99.22%, puzzle=73.20%
  eval_avg_halt_step: 1.67
  per_H_acc: ['H0=0.0%', 'H1=0.3%', 'H2=0.0%']
  H_cos: ['0.766', '0.906']
  z_H_delta: ['24.125', '21.500']
  cells: fixed=[531, 0] broken=[0, 532]
  per_ACT_cell_acc: ['H1=39.1%', 'H2=88.8%', 'H3=98.6%', 'H4=99.1%', 'H5=99.1%', 'H6=99.1%', 'H7=99.1%', 'H8=99.1%', 'H9=99.1%', 'H10=99.1%', 'H11=99.1%', 'H12=99.1%', 'H13=99.1%', 'H14=99.1%', 'H15=99.1%', 'H16=99.1%']
  per_ACT_puzzle_acc: ['H1=0.0%', 'H2=0.0%', 'H3=40.5%', 'H4=63.4%', 'H5=74.1%', 'H6=75.4%', 'H7=76.3%', 'H8=76.7%', 'H9=76.7%', 'H10=76.7%', 'H11=76.7%', 'H12=76.7%', 'H13=76.7%', 'H14=76.7%', 'H15=76.7%', 'H16=76.3%']
  mean_sigmoid_q_halt: ['0.224', '0.410', '0.477', '0.707', '0.867', '0.918', '0.941', '0.953', '0.957', '0.957', '0.957', '0.957', '0.957', '0.957', '0.957', '0.953']
  halt_rates: ['0.00', '0.12', '0.47', '0.73', '0.91', '0.95', '0.98', '0.98', '0.98', '0.98', '0.98', '0.98', '0.98', '0.98', '0.98', '0.97']
  halt_histogram %: [72.4, 22.2, 3.2, 0.7, 0.3, 0.2, 0.1, 0.1, 0.1, 0.0, 0.0, 0.0, 0.0, 0.0, 0.0, 0.7]
  Avg ACT steps (last 100): 1.29
  halt_acc: cell=99.95%, puzzle=93.00%
  eval_avg_halt_step: 1.31
  per_H_acc: ['H0=0.0%', 'H1=0.3%', 'H2=0.0%']
  H_cos: ['0.766', '0.902']
  z_H_delta: ['24.125', '21.625']
  cells: fixed=[261, 0] broken=[0, 261]
  per_ACT_cell_acc: ['H1=38.6%', 'H2=89.0%', 'H3=99.8%', 'H4=100.0%', 'H5=100.0%', 'H6=100.0%', 'H7=100.0%', 'H8=100.0%', 'H9=100.0%', 'H10=100.0%', 'H11=100.0%', 'H12=100.0%', 'H13=100.0%', 'H14=100.0%', 'H15=100.0%', 'H16=100.0%']
  per_ACT_puzzle_acc: ['H1=0.0%', 'H2=0.0%', 'H3=66.3%', 'H4=96.2%', 'H5=98.1%', 'H6=98.1%', 'H7=98.1%', 'H8=98.1%', 'H9=97.1%', 'H10=97.1%', 'H11=97.1%', 'H12=97.1%', 'H13=97.1%', 'H14=97.1%', 'H15=97.1%', 'H16=97.1%']
  mean_sigmoid_q_halt: ['0.223', '0.420', '0.680', '0.914', '0.969', '0.977', '0.977', '0.977', '0.973', '0.973', '0.973', '0.973', '0.973', '0.969', '0.969', '0.973']
  halt_rates: ['0.00', '0.10', '0.67', '0.97', '1.00', '1.00', '1.00', '1.00', '0.99', '0.99', '0.99', '0.99', '0.99', '0.99', '0.99', '0.99']
  halt_histogram %: [72.4, 22.2, 3.2, 0.7, 0.3, 0.2, 0.1, 0.1, 0.1, 0.0, 0.0, 0.0, 0.0, 0.0, 0.0, 0.7]
  Avg ACT steps (last 100): 1.29
  saved: /home/jvdillon/projects/sic/code/maze/ckpts/x07k/step12000.pt acc=99.25% (0.085s)
Step 12000  Test 99.25% / 87.30%  Train lm=0.3926±0.0018ϵ[0.3887,0.4023] n_halted=106.5260±8.1637ϵ[51.0000,122.0000]  TrainAcc 99.96%/98.40%  (55.029s / 179.722s)
  n_active=128.0000±0.0000ϵ[128.0000,128.0000] n_expunged=0.0000±0.0000ϵ[0.0000,0.0000] pool_util=1.0000±0.0000ϵ[1.0000,1.0000]
  path_valid=97.20%, exact_match=76.60%
  halt_acc: cell=99.35%, puzzle=80.00%
  eval_avg_halt_step: 1.34
  per_H_acc: ['H0=0.0%', 'H1=0.0%', 'H2=0.0%']
  H_cos: ['0.809', '0.945']
  z_H_delta: ['22.875', '17.875']
  cells: fixed=[3, 0] broken=[65, 3]
  per_ACT_cell_acc: ['H1=37.2%', 'H2=94.2%', 'H3=99.2%', 'H4=99.3%', 'H5=99.3%', 'H6=99.4%', 'H7=99.3%', 'H8=99.3%', 'H9=99.3%', 'H10=99.3%', 'H11=99.3%', 'H12=99.3%', 'H13=99.3%', 'H14=99.3%', 'H15=99.3%', 'H16=99.3%']
  per_ACT_puzzle_acc: ['H1=0.0%', 'H2=0.0%', 'H3=70.3%', 'H4=76.7%', 'H5=78.0%', 'H6=80.2%', 'H7=80.2%', 'H8=79.7%', 'H9=78.9%', 'H10=78.9%', 'H11=77.6%', 'H12=77.2%', 'H13=77.2%', 'H14=77.2%', 'H15=77.2%', 'H16=76.7%']
  mean_sigmoid_q_halt: ['0.383', '0.434', '0.789', '0.875', '0.918', '0.941', '0.961', '0.969', '0.973', '0.977', '0.977', '0.973', '0.973', '0.969', '0.965', '0.969']
  halt_rates: ['0.00', '0.14', '0.80', '0.88', '0.93', '0.94', '0.97', '0.97', '0.98', '0.98', '0.99', '0.98', '0.98', '0.97', '0.97', '0.97']
  halt_histogram %: [72.9, 21.8, 3.1, 0.6, 0.3, 0.2, 0.1, 0.1, 0.1, 0.0, 0.0, 0.0, 0.0, 0.0, 0.0, 0.6]
  Avg ACT steps (last 100): 1.12
  halt_acc: cell=99.98%, puzzle=98.80%
  eval_avg_halt_step: 1.02
  per_H_acc: ['H0=0.0%', 'H1=0.0%', 'H2=0.0%']
  H_cos: ['0.809', '0.945']
  z_H_delta: ['22.875', '18.250']
  cells: fixed=[4, 0] broken=[24, 5]
  per_ACT_cell_acc: ['H1=37.0%', 'H2=94.9%', 'H3=100.0%', 'H4=100.0%', 'H5=100.0%', 'H6=100.0%', 'H7=100.0%', 'H8=100.0%', 'H9=100.0%', 'H10=100.0%', 'H11=100.0%', 'H12=100.0%', 'H13=100.0%', 'H14=100.0%', 'H15=100.0%', 'H16=100.0%']
  per_ACT_puzzle_acc: ['H1=0.0%', 'H2=0.0%', 'H3=99.0%', 'H4=100.0%', 'H5=100.0%', 'H6=100.0%', 'H7=100.0%', 'H8=100.0%', 'H9=100.0%', 'H10=99.0%', 'H11=99.0%', 'H12=99.0%', 'H13=99.0%', 'H14=99.0%', 'H15=99.0%', 'H16=99.0%']
  mean_sigmoid_q_halt: ['0.383', '0.441', '0.980', '0.988', '0.996', '0.996', '0.996', '0.996', '0.996', '0.996', '0.996', '0.996', '0.996', '0.996', '0.996', '0.992']
  halt_rates: ['0.00', '0.17', '0.98', '0.99', '1.00', '1.00', '1.00', '1.00', '1.00', '1.00', '1.00', '1.00', '1.00', '1.00', '1.00', '1.00']
  halt_histogram %: [72.9, 21.8, 3.1, 0.6, 0.3, 0.2, 0.1, 0.1, 0.1, 0.0, 0.0, 0.0, 0.0, 0.0, 0.0, 0.6]
  Avg ACT steps (last 100): 1.12
  saved: /home/jvdillon/projects/sic/code/maze/ckpts/x07k/step12500.pt acc=99.32% (0.086s)
  saved: /home/jvdillon/projects/sic/code/maze/ckpts/x07k/best.pt acc=99.32% (0.166s)
Step 12500  Test 99.32% / 86.70%  Train lm=0.3926±0.0020ϵ[0.3887,0.4160] n_halted=106.9240±8.5501ϵ[53.0000,122.0000]  TrainAcc 99.98%/95.80%  (55.121s / 179.801s)
  n_active=128.0000±0.0000ϵ[128.0000,128.0000] n_expunged=0.0000±0.0000ϵ[0.0000,0.0000] pool_util=1.0000±0.0000ϵ[1.0000,1.0000]
  path_valid=99.10%, exact_match=79.70%
  halt_acc: cell=99.28%, puzzle=71.00%
  eval_avg_halt_step: 1.39
  per_H_acc: ['H0=0.1%', 'H1=0.3%', 'H2=0.0%']
  H_cos: ['0.551', '0.910']
  z_H_delta: ['23.750', '21.125']
  cells: fixed=[643, 0] broken=[231, 644]
  per_ACT_cell_acc: ['H1=18.7%', 'H2=84.4%', 'H3=99.0%', 'H4=99.3%', 'H5=99.4%', 'H6=99.4%', 'H7=99.4%', 'H8=99.4%', 'H9=99.4%', 'H10=99.4%', 'H11=99.4%', 'H12=99.4%', 'H13=99.4%', 'H14=99.4%', 'H15=99.4%', 'H16=99.4%']
  per_ACT_puzzle_acc: ['H1=0.0%', 'H2=0.0%', 'H3=50.9%', 'H4=73.7%', 'H5=81.5%', 'H6=81.5%', 'H7=81.9%', 'H8=81.9%', 'H9=81.5%', 'H10=81.5%', 'H11=82.3%', 'H12=81.9%', 'H13=81.9%', 'H14=81.9%', 'H15=81.9%', 'H16=81.9%']
  mean_sigmoid_q_halt: ['0.459', '0.477', '0.648', '0.887', '0.953', '0.977', '0.984', '0.988', '0.988', '0.992', '0.992', '0.992', '0.992', '0.992', '0.992', '0.992']
  halt_rates: ['0.00', '0.38', '0.66', '0.90', '0.96', '0.98', '0.99', '1.00', '1.00', '1.00', '1.00', '1.00', '1.00', '1.00', '1.00', '1.00']
  halt_histogram %: [73.4, 21.5, 3.1, 0.6, 0.2, 0.1, 0.1, 0.1, 0.1, 0.0, 0.0, 0.0, 0.0, 0.0, 0.0, 0.6]
  Avg ACT steps (last 100): 1.30
  halt_acc: cell=99.97%, puzzle=95.50%
  eval_avg_halt_step: 1.05
  per_H_acc: ['H0=0.1%', 'H1=0.3%', 'H2=0.0%']
  H_cos: ['0.555', '0.906']
  z_H_delta: ['23.750', '21.500']
  cells: fixed=[322, 0] broken=[103, 323]
  per_ACT_cell_acc: ['H1=19.0%', 'H2=84.3%', 'H3=99.9%', 'H4=100.0%', 'H5=100.0%', 'H6=100.0%', 'H7=100.0%', 'H8=100.0%', 'H9=100.0%', 'H10=100.0%', 'H11=100.0%', 'H12=100.0%', 'H13=100.0%', 'H14=100.0%', 'H15=100.0%', 'H16=100.0%']
  per_ACT_puzzle_acc: ['H1=0.0%', 'H2=0.0%', 'H3=87.5%', 'H4=98.1%', 'H5=100.0%', 'H6=100.0%', 'H7=100.0%', 'H8=99.0%', 'H9=99.0%', 'H10=98.1%', 'H11=98.1%', 'H12=97.1%', 'H13=97.1%', 'H14=97.1%', 'H15=97.1%', 'H16=97.1%']
  mean_sigmoid_q_halt: ['0.457', '0.457', '0.918', '0.984', '0.996', '0.996', '0.996', '0.996', '0.996', '0.996', '0.996', '0.996', '0.996', '0.996', '0.996', '0.996']
  halt_rates: ['0.00', '0.31', '0.95', '0.99', '1.00', '1.00', '1.00', '1.00', '1.00', '1.00', '1.00', '1.00', '1.00', '1.00', '1.00', '1.00']
  halt_histogram %: [73.4, 21.5, 3.1, 0.6, 0.2, 0.1, 0.1, 0.1, 0.1, 0.0, 0.0, 0.0, 0.0, 0.0, 0.0, 0.6]
  Avg ACT steps (last 100): 1.30
  saved: /home/jvdillon/projects/sic/code/maze/ckpts/x07k/step13000.pt acc=99.34% (0.085s)
  saved: /home/jvdillon/projects/sic/code/maze/ckpts/x07k/best.pt acc=99.34% (0.166s)
Step 13000  Test 99.34% / 85.70%  Train lm=0.3926±0.0023ϵ[0.3887,0.4121] n_halted=107.3960±8.4933ϵ[47.0000,120.0000]  TrainAcc 99.98%/98.10%  (55.121s / 179.793s)
  n_active=128.0000±0.0000ϵ[128.0000,128.0000] n_expunged=0.0000±0.0000ϵ[0.0000,0.0000] pool_util=1.0000±0.0000ϵ[1.0000,1.0000]
  path_valid=99.40%, exact_match=80.00%
  halt_acc: cell=99.25%, puzzle=75.20%
  eval_avg_halt_step: 1.33
  per_H_acc: ['H0=0.5%', 'H1=3.3%', 'H2=0.0%']
  H_cos: ['0.906', '0.883']
  z_H_delta: ['21.500', '23.500']
  cells: fixed=[6685, 0] broken=[854, 6804]
  per_ACT_cell_acc: ['H1=67.7%', 'H2=90.2%', 'H3=99.1%', 'H4=99.2%', 'H5=99.2%', 'H6=99.2%', 'H7=99.2%', 'H8=99.2%', 'H9=99.2%', 'H10=99.2%', 'H11=99.2%', 'H12=99.2%', 'H13=99.2%', 'H14=99.2%', 'H15=99.2%', 'H16=99.2%']
  per_ACT_puzzle_acc: ['H1=0.0%', 'H2=0.0%', 'H3=62.5%', 'H4=76.3%', 'H5=78.9%', 'H6=80.2%', 'H7=81.0%', 'H8=80.6%', 'H9=80.6%', 'H10=80.6%', 'H11=80.6%', 'H12=80.6%', 'H13=80.2%', 'H14=80.2%', 'H15=80.2%', 'H16=80.2%']
  mean_sigmoid_q_halt: ['0.239', '0.449', '0.734', '0.887', '0.961', '0.980', '0.980', '0.988', '0.992', '0.992', '0.992', '0.992', '0.992', '0.992', '0.992', '0.992']
  halt_rates: ['0.00', '0.23', '0.72', '0.90', '0.97', '0.98', '0.99', '0.99', '1.00', '1.00', '1.00', '1.00', '1.00', '1.00', '1.00', '1.00']
  halt_histogram %: [73.9, 21.1, 3.0, 0.6, 0.2, 0.1, 0.1, 0.1, 0.1, 0.0, 0.0, 0.0, 0.0, 0.0, 0.0, 0.6]
  Avg ACT steps (last 100): 1.13
  halt_acc: cell=99.99%, puzzle=98.40%
  eval_avg_halt_step: 1.03
  per_H_acc: ['H0=0.5%', 'H1=3.4%', 'H2=0.0%']
  H_cos: ['0.910', '0.879']
  z_H_delta: ['21.500', '23.875']
  cells: fixed=[3118, 0] broken=[375, 3169]
  per_ACT_cell_acc: ['H1=67.9%', 'H2=90.3%', 'H3=100.0%', 'H4=100.0%', 'H5=100.0%', 'H6=100.0%', 'H7=100.0%', 'H8=100.0%', 'H9=100.0%', 'H10=100.0%', 'H11=100.0%', 'H12=100.0%', 'H13=100.0%', 'H14=100.0%', 'H15=100.0%', 'H16=100.0%']
  per_ACT_puzzle_acc: ['H1=0.0%', 'H2=0.0%', 'H3=98.1%', 'H4=100.0%', 'H5=100.0%', 'H6=100.0%', 'H7=100.0%', 'H8=100.0%', 'H9=100.0%', 'H10=99.0%', 'H11=99.0%', 'H12=99.0%', 'H13=99.0%', 'H14=99.0%', 'H15=99.0%', 'H16=99.0%']
  mean_sigmoid_q_halt: ['0.238', '0.459', '0.965', '0.988', '0.996', '0.996', '0.996', '0.996', '0.996', '0.996', '0.996', '0.996', '0.996', '0.996', '0.996', '0.996']
  halt_rates: ['0.00', '0.25', '0.98', '1.00', '1.00', '1.00', '1.00', '1.00', '1.00', '1.00', '1.00', '1.00', '1.00', '1.00', '1.00', '1.00']
  halt_histogram %: [73.9, 21.1, 3.0, 0.6, 0.2, 0.1, 0.1, 0.1, 0.1, 0.0, 0.0, 0.0, 0.0, 0.0, 0.0, 0.6]
  Avg ACT steps (last 100): 1.13
  saved: /home/jvdillon/projects/sic/code/maze/ckpts/x07k/step13500.pt acc=99.28% (0.088s)
Step 13500  Test 99.28% / 88.10%  Train lm=0.3926±0.0024ϵ[0.3887,0.4238] n_halted=107.3380±8.0452ϵ[36.0000,120.0000]  TrainAcc 99.99%/98.30%  (55.041s / 179.794s)
  n_active=128.0000±0.0000ϵ[128.0000,128.0000] n_expunged=0.0000±0.0000ϵ[0.0000,0.0000] pool_util=1.0000±0.0000ϵ[1.0000,1.0000]
  path_valid=97.70%, exact_match=77.10%
  halt_acc: cell=99.23%, puzzle=75.50%
  eval_avg_halt_step: 1.48
  per_H_acc: ['H0=0.0%', 'H1=0.0%', 'H2=0.0%']
  H_cos: ['0.906', '0.918']
  z_H_delta: ['23.125', '19.500']
  cells: fixed=[17, 0] broken=[16, 17]
  per_ACT_cell_acc: ['H1=81.7%', 'H2=91.9%', 'H3=98.9%', 'H4=99.1%', 'H5=99.1%', 'H6=99.1%', 'H7=99.1%', 'H8=99.1%', 'H9=99.1%', 'H10=99.1%', 'H11=99.1%', 'H12=99.1%', 'H13=99.1%', 'H14=99.1%', 'H15=99.1%', 'H16=99.1%']
  per_ACT_puzzle_acc: ['H1=0.0%', 'H2=0.0%', 'H3=53.0%', 'H4=70.3%', 'H5=74.1%', 'H6=74.6%', 'H7=75.0%', 'H8=74.6%', 'H9=75.0%', 'H10=74.6%', 'H11=74.6%', 'H12=74.6%', 'H13=74.6%', 'H14=75.0%', 'H15=74.6%', 'H16=74.6%']
  mean_sigmoid_q_halt: ['0.396', '0.237', '0.660', '0.883', '0.945', '0.973', '0.977', '0.980', '0.984', '0.973', '0.973', '0.969', '0.973', '0.973', '0.969', '0.973']
  halt_rates: ['0.00', '0.00', '0.65', '0.90', '0.96', '0.98', '0.99', '1.00', '1.00', '0.99', '0.99', '1.00', '0.99', '0.99', '0.99', '0.99']
  halt_histogram %: [74.4, 20.8, 2.9, 0.6, 0.2, 0.1, 0.1, 0.1, 0.1, 0.0, 0.0, 0.0, 0.0, 0.0, 0.0, 0.5]
  Avg ACT steps (last 100): 1.16
  halt_acc: cell=99.98%, puzzle=97.00%
  eval_avg_halt_step: 1.09
  per_H_acc: ['H0=0.0%', 'H1=0.0%', 'H2=0.0%']
  H_cos: ['0.906', '0.914']
  z_H_delta: ['23.125', '19.750']
  cells: fixed=[7, 0] broken=[8, 7]
  per_ACT_cell_acc: ['H1=81.4%', 'H2=91.6%', 'H3=99.9%', 'H4=100.0%', 'H5=100.0%', 'H6=100.0%', 'H7=100.0%', 'H8=100.0%', 'H9=100.0%', 'H10=100.0%', 'H11=100.0%', 'H12=100.0%', 'H13=100.0%', 'H14=100.0%', 'H15=100.0%', 'H16=100.0%']
  per_ACT_puzzle_acc: ['H1=0.0%', 'H2=0.0%', 'H3=90.4%', 'H4=98.1%', 'H5=98.1%', 'H6=99.0%', 'H7=99.0%', 'H8=98.1%', 'H9=98.1%', 'H10=98.1%', 'H11=98.1%', 'H12=98.1%', 'H13=98.1%', 'H14=98.1%', 'H15=98.1%', 'H16=98.1%']
  mean_sigmoid_q_halt: ['0.395', '0.234', '0.887', '0.980', '0.984', '0.992', '0.988', '0.988', '0.984', '0.984', '0.980', '0.973', '0.977', '0.977', '0.977', '0.980']
  halt_rates: ['0.00', '0.00', '0.89', '0.99', '0.99', '1.00', '1.00', '1.00', '1.00', '1.00', '1.00', '1.00', '1.00', '1.00', '1.00', '1.00']
  halt_histogram %: [74.4, 20.8, 2.9, 0.6, 0.2, 0.1, 0.1, 0.1, 0.1, 0.0, 0.0, 0.0, 0.0, 0.0, 0.0, 0.5]
  Avg ACT steps (last 100): 1.16
  saved: /home/jvdillon/projects/sic/code/maze/ckpts/x07k/step14000.pt acc=99.24% (0.086s)
Step 14000  Test 99.24% / 84.60%  Train lm=0.3926±0.0017ϵ[0.3887,0.4043] n_halted=108.4100±5.2384ϵ[78.0000,120.0000]  TrainAcc 99.98%/97.80%  (55.002s / 179.690s)
  n_active=128.0000±0.0000ϵ[128.0000,128.0000] n_expunged=0.0000±0.0000ϵ[0.0000,0.0000] pool_util=1.0000±0.0000ϵ[1.0000,1.0000]
  path_valid=98.50%, exact_match=79.80%
  halt_acc: cell=99.33%, puzzle=76.50%
  eval_avg_halt_step: 1.46
  per_H_acc: ['H0=0.1%', 'H1=0.0%', 'H2=0.0%']
  H_cos: ['0.871', '0.961']
  z_H_delta: ['22.500', '13.875']
  cells: fixed=[0, 0] broken=[232, 0]
  per_ACT_cell_acc: ['H1=49.9%', 'H2=95.6%', 'H3=99.2%', 'H4=99.3%', 'H5=99.3%', 'H6=99.4%', 'H7=99.4%', 'H8=99.4%', 'H9=99.4%', 'H10=99.4%', 'H11=99.4%', 'H12=99.4%', 'H13=99.4%', 'H14=99.4%', 'H15=99.4%', 'H16=99.4%']
  per_ACT_puzzle_acc: ['H1=0.0%', 'H2=0.0%', 'H3=58.2%', 'H4=75.4%', 'H5=78.4%', 'H6=79.7%', 'H7=79.7%', 'H8=80.2%', 'H9=81.5%', 'H10=81.9%', 'H11=82.3%', 'H12=82.3%', 'H13=82.3%', 'H14=82.3%', 'H15=82.3%', 'H16=82.3%']
  mean_sigmoid_q_halt: ['0.492', '0.301', '0.664', '0.879', '0.934', '0.961', '0.965', '0.977', '0.984', '0.984', '0.988', '0.988', '0.988', '0.992', '0.992', '0.988']
  halt_rates: ['0.26', '0.03', '0.64', '0.91', '0.95', '0.97', '0.97', '0.98', '1.00', '0.99', '1.00', '1.00', '1.00', '1.00', '1.00', '1.00']
  halt_histogram %: [74.8, 20.5, 2.9, 0.6, 0.2, 0.1, 0.1, 0.1, 0.1, 0.0, 0.0, 0.0, 0.0, 0.0, 0.0, 0.5]
  Avg ACT steps (last 100): 1.13
  halt_acc: cell=99.96%, puzzle=97.50%
  eval_avg_halt_step: 1.13
  per_H_acc: ['H0=0.1%', 'H1=0.0%', 'H2=0.0%']
  H_cos: ['0.871', '0.961']
  z_H_delta: ['22.500', '14.000']
  cells: fixed=[0, 0] broken=[104, 0]
  per_ACT_cell_acc: ['H1=50.3%', 'H2=96.3%', 'H3=99.9%', 'H4=100.0%', 'H5=100.0%', 'H6=100.0%', 'H7=100.0%', 'H8=100.0%', 'H9=100.0%', 'H10=100.0%', 'H11=100.0%', 'H12=100.0%', 'H13=100.0%', 'H14=100.0%', 'H15=100.0%', 'H16=100.0%']
  per_ACT_puzzle_acc: ['H1=0.0%', 'H2=0.0%', 'H3=96.2%', 'H4=99.0%', 'H5=100.0%', 'H6=100.0%', 'H7=99.0%', 'H8=99.0%', 'H9=99.0%', 'H10=99.0%', 'H11=99.0%', 'H12=99.0%', 'H13=99.0%', 'H14=99.0%', 'H15=99.0%', 'H16=99.0%']
  mean_sigmoid_q_halt: ['0.490', '0.307', '0.941', '0.977', '0.988', '0.992', '0.984', '0.984', '0.984', '0.980', '0.984', '0.988', '0.984', '0.988', '0.988', '0.984']
  halt_rates: ['0.22', '0.03', '0.94', '0.99', '1.00', '1.00', '0.99', '0.99', '0.99', '0.99', '0.99', '1.00', '1.00', '1.00', '1.00', '1.00']
  halt_histogram %: [74.8, 20.5, 2.9, 0.6, 0.2, 0.1, 0.1, 0.1, 0.1, 0.0, 0.0, 0.0, 0.0, 0.0, 0.0, 0.5]
  Avg ACT steps (last 100): 1.13
  saved: /home/jvdillon/projects/sic/code/maze/ckpts/x07k/step14500.pt acc=99.34% (0.086s)
  saved: /home/jvdillon/projects/sic/code/maze/ckpts/x07k/best.pt acc=99.34% (0.167s)
Step 14500  Test 99.34% / 86.30%  Train lm=0.3926±0.0017ϵ[0.3887,0.4082] n_halted=107.6060±9.6707ϵ[0.0000,123.0000]  TrainAcc 99.96%/98.40%  (55.120s / 179.811s)
  n_active=128.0000±0.0000ϵ[128.0000,128.0000] n_expunged=0.0000±0.0000ϵ[0.0000,0.0000] pool_util=1.0000±0.0000ϵ[1.0000,1.0000]
  path_valid=98.80%, exact_match=81.10%
  halt_acc: cell=99.31%, puzzle=76.20%
  eval_avg_halt_step: 1.31
  per_H_acc: ['H0=0.1%', 'H1=0.0%', 'H2=0.0%']
  H_cos: ['0.914', '0.957']
  z_H_delta: ['21.500', '14.062']
  cells: fixed=[0, 0] broken=[232, 0]
  per_ACT_cell_acc: ['H1=69.7%', 'H2=94.4%', 'H3=99.1%', 'H4=99.2%', 'H5=99.3%', 'H6=99.3%', 'H7=99.3%', 'H8=99.3%', 'H9=99.3%', 'H10=99.3%', 'H11=99.3%', 'H12=99.3%', 'H13=99.3%', 'H14=99.3%', 'H15=99.3%', 'H16=99.3%']
  per_ACT_puzzle_acc: ['H1=0.0%', 'H2=0.0%', 'H3=59.5%', 'H4=75.0%', 'H5=78.0%', 'H6=78.4%', 'H7=79.3%', 'H8=79.3%', 'H9=79.3%', 'H10=79.7%', 'H11=79.7%', 'H12=80.2%', 'H13=80.2%', 'H14=80.2%', 'H15=80.2%', 'H16=80.2%']
  mean_sigmoid_q_halt: ['0.906', '0.340', '0.750', '0.883', '0.910', '0.934', '0.953', '0.953', '0.957', '0.965', '0.973', '0.969', '0.973', '0.977', '0.973', '0.973']
  halt_rates: ['1.00', '0.01', '0.75', '0.90', '0.92', '0.94', '0.96', '0.96', '0.97', '0.97', '0.99', '0.99', '0.98', '0.99', '0.99', '0.99']
  halt_histogram %: [75.1, 20.3, 2.8, 0.6, 0.2, 0.1, 0.1, 0.1, 0.1, 0.0, 0.0, 0.0, 0.0, 0.0, 0.0, 0.5]
  Avg ACT steps (last 100): 1.12
  halt_acc: cell=99.98%, puzzle=98.10%
  eval_avg_halt_step: 1.04
  per_H_acc: ['H0=0.1%', 'H1=0.0%', 'H2=0.0%']
  H_cos: ['0.914', '0.957']
  z_H_delta: ['21.500', '14.125']
  cells: fixed=[0, 0] broken=[104, 0]
  per_ACT_cell_acc: ['H1=70.4%', 'H2=94.7%', 'H3=99.9%', 'H4=100.0%', 'H5=100.0%', 'H6=100.0%', 'H7=100.0%', 'H8=100.0%', 'H9=100.0%', 'H10=100.0%', 'H11=100.0%', 'H12=100.0%', 'H13=100.0%', 'H14=100.0%', 'H15=100.0%', 'H16=100.0%']
  per_ACT_puzzle_acc: ['H1=0.0%', 'H2=0.0%', 'H3=93.3%', 'H4=97.1%', 'H5=98.1%', 'H6=99.0%', 'H7=99.0%', 'H8=99.0%', 'H9=98.1%', 'H10=99.0%', 'H11=99.0%', 'H12=99.0%', 'H13=98.1%', 'H14=99.0%', 'H15=98.1%', 'H16=98.1%']
  mean_sigmoid_q_halt: ['0.906', '0.346', '0.938', '0.969', '0.973', '0.984', '0.992', '0.984', '0.984', '0.992', '0.988', '0.980', '0.988', '0.988', '0.980', '0.988']
  halt_rates: ['1.00', '0.01', '0.95', '0.98', '0.98', '1.00', '1.00', '1.00', '1.00', '1.00', '1.00', '1.00', '1.00', '1.00', '0.99', '1.00']
  halt_histogram %: [75.1, 20.3, 2.8, 0.6, 0.2, 0.1, 0.1, 0.1, 0.1, 0.0, 0.0, 0.0, 0.0, 0.0, 0.0, 0.5]
  Avg ACT steps (last 100): 1.12
  saved: /home/jvdillon/projects/sic/code/maze/ckpts/x07k/step15000.pt acc=99.32% (0.086s)
Step 15000  Test 99.32% / 87.20%  Train lm=0.3926±0.0020ϵ[0.3887,0.4082] n_halted=106.7840±10.9770ϵ[28.0000,121.0000]  TrainAcc 99.98%/98.60%  (55.032s / 179.913s)
  n_active=128.0000±0.0000ϵ[128.0000,128.0000] n_expunged=0.0000±0.0000ϵ[0.0000,0.0000] pool_util=1.0000±0.0000ϵ[1.0000,1.0000]
  path_valid=93.70%, exact_match=75.40%
  halt_acc: cell=99.29%, puzzle=77.50%
  eval_avg_halt_step: 1.73
  per_H_acc: ['H0=21.4%', 'H1=0.1%', 'H2=0.0%']
  H_cos: ['0.676', '0.953']
  z_H_delta: ['25.250', '17.250']
  cells: fixed=[66, 0] broken=[44439, 233]
  per_ACT_cell_acc: ['H1=13.2%', 'H2=91.6%', 'H3=99.0%', 'H4=99.3%', 'H5=99.3%', 'H6=99.3%', 'H7=99.3%', 'H8=99.3%', 'H9=99.3%', 'H10=99.3%', 'H11=99.3%', 'H12=99.3%', 'H13=99.3%', 'H14=99.3%', 'H15=99.3%', 'H16=99.3%']
  per_ACT_puzzle_acc: ['H1=0.0%', 'H2=0.0%', 'H3=58.6%', 'H4=69.4%', 'H5=77.6%', 'H6=78.4%', 'H7=80.2%', 'H8=79.3%', 'H9=79.7%', 'H10=80.2%', 'H11=79.3%', 'H12=78.9%', 'H13=78.9%', 'H14=78.4%', 'H15=78.4%', 'H16=78.0%']
  mean_sigmoid_q_halt: ['0.617', '0.451', '0.617', '0.793', '0.898', '0.926', '0.938', '0.945', '0.953', '0.949', '0.957', '0.957', '0.957', '0.961', '0.965', '0.961']
  halt_rates: ['1.00', '0.41', '0.60', '0.79', '0.90', '0.93', '0.95', '0.96', '0.97', '0.96', '0.97', '0.96', '0.96', '0.97', '0.97', '0.97']
  halt_histogram %: [75.5, 20.0, 2.8, 0.5, 0.2, 0.1, 0.1, 0.1, 0.0, 0.0, 0.0, 0.0, 0.0, 0.0, 0.0, 0.5]
  Avg ACT steps (last 100): 1.20
  halt_acc: cell=99.98%, puzzle=98.10%
  eval_avg_halt_step: 1.11
  per_H_acc: ['H0=21.4%', 'H1=0.1%', 'H2=0.0%']
  H_cos: ['0.672', '0.953']
  z_H_delta: ['25.250', '17.750']
  cells: fixed=[28, 0] broken=[19942, 114]
  per_ACT_cell_acc: ['H1=13.1%', 'H2=91.9%', 'H3=100.0%', 'H4=100.0%', 'H5=100.0%', 'H6=100.0%', 'H7=100.0%', 'H8=100.0%', 'H9=100.0%', 'H10=100.0%', 'H11=100.0%', 'H12=100.0%', 'H13=100.0%', 'H14=100.0%', 'H15=100.0%', 'H16=100.0%']
  per_ACT_puzzle_acc: ['H1=0.0%', 'H2=0.0%', 'H3=95.2%', 'H4=100.0%', 'H5=100.0%', 'H6=100.0%', 'H7=100.0%', 'H8=100.0%', 'H9=100.0%', 'H10=100.0%', 'H11=99.0%', 'H12=99.0%', 'H13=98.1%', 'H14=98.1%', 'H15=98.1%', 'H16=96.2%']
  mean_sigmoid_q_halt: ['0.605', '0.471', '0.922', '0.992', '0.992', '0.992', '0.992', '0.992', '0.992', '0.992', '0.992', '0.992', '0.988', '0.984', '0.988', '0.988']
  halt_rates: ['1.00', '0.44', '0.94', '1.00', '1.00', '1.00', '1.00', '1.00', '1.00', '1.00', '1.00', '1.00', '1.00', '0.99', '0.99', '0.99']
  halt_histogram %: [75.5, 20.0, 2.8, 0.5, 0.2, 0.1, 0.1, 0.1, 0.0, 0.0, 0.0, 0.0, 0.0, 0.0, 0.0, 0.5]
  Avg ACT steps (last 100): 1.20
  saved: /home/jvdillon/projects/sic/code/maze/ckpts/x07k/step15500.pt acc=99.30% (0.084s)
Step 15500  Test 99.30% / 82.20%  Train lm=0.3926±0.0016ϵ[0.3887,0.4023] n_halted=108.2460±6.5903ϵ[59.0000,120.0000]  TrainAcc 99.97%/92.60%  (55.045s / 179.842s)
  n_active=128.0000±0.0000ϵ[128.0000,128.0000] n_expunged=0.0000±0.0000ϵ[0.0000,0.0000] pool_util=1.0000±0.0000ϵ[1.0000,1.0000]
  path_valid=99.30%, exact_match=79.60%
  halt_acc: cell=99.33%, puzzle=77.40%
  eval_avg_halt_step: 1.34
  per_H_acc: ['H0=0.0%', 'H1=0.0%', 'H2=0.0%']
  H_cos: ['0.898', '0.914']
  z_H_delta: ['23.750', '19.875']
  cells: fixed=[3, 0] broken=[22, 3]
  per_ACT_cell_acc: ['H1=41.3%', 'H2=90.7%', 'H3=99.3%', 'H4=99.4%', 'H5=99.4%', 'H6=99.4%', 'H7=99.4%', 'H8=99.4%', 'H9=99.4%', 'H10=99.4%', 'H11=99.4%', 'H12=99.4%', 'H13=99.4%', 'H14=99.4%', 'H15=99.4%', 'H16=99.4%']
  per_ACT_puzzle_acc: ['H1=0.0%', 'H2=0.0%', 'H3=67.7%', 'H4=79.3%', 'H5=81.0%', 'H6=80.6%', 'H7=81.0%', 'H8=81.0%', 'H9=81.0%', 'H10=81.0%', 'H11=80.6%', 'H12=80.6%', 'H13=81.0%', 'H14=80.6%', 'H15=81.0%', 'H16=81.0%']
  mean_sigmoid_q_halt: ['0.707', '0.365', '0.746', '0.891', '0.934', '0.965', '0.969', '0.977', '0.980', '0.980', '0.977', '0.977', '0.977', '0.977', '0.977', '0.980']
  halt_rates: ['1.00', '0.01', '0.75', '0.91', '0.95', '0.99', '0.98', '1.00', '1.00', '1.00', '0.99', '0.99', '0.99', '0.99', '1.00', '1.00']
  halt_histogram %: [75.8, 19.9, 2.7, 0.5, 0.2, 0.1, 0.1, 0.1, 0.0, 0.0, 0.0, 0.0, 0.0, 0.0, 0.0, 0.5]
  Avg ACT steps (last 100): 1.22
  halt_acc: cell=99.99%, puzzle=98.20%
  eval_avg_halt_step: 1.04
  per_H_acc: ['H0=0.0%', 'H1=0.0%', 'H2=0.0%']
  H_cos: ['0.898', '0.914']
  z_H_delta: ['23.750', '20.000']
  cells: fixed=[3, 0] broken=[11, 3]
  per_ACT_cell_acc: ['H1=41.8%', 'H2=91.2%', 'H3=100.0%', 'H4=100.0%', 'H5=100.0%', 'H6=100.0%', 'H7=100.0%', 'H8=100.0%', 'H9=100.0%', 'H10=100.0%', 'H11=100.0%', 'H12=100.0%', 'H13=100.0%', 'H14=100.0%', 'H15=100.0%', 'H16=100.0%']
  per_ACT_puzzle_acc: ['H1=0.0%', 'H2=0.0%', 'H3=97.1%', 'H4=100.0%', 'H5=100.0%', 'H6=100.0%', 'H7=100.0%', 'H8=100.0%', 'H9=100.0%', 'H10=100.0%', 'H11=100.0%', 'H12=100.0%', 'H13=100.0%', 'H14=100.0%', 'H15=100.0%', 'H16=99.0%']
  mean_sigmoid_q_halt: ['0.711', '0.363', '0.969', '0.984', '0.984', '0.988', '0.984', '0.980', '0.980', '0.980', '0.980', '0.980', '0.980', '0.980', '0.984', '0.980']
  halt_rates: ['1.00', '0.01', '0.99', '1.00', '1.00', '1.00', '1.00', '0.99', '0.99', '0.99', '0.99', '1.00', '0.99', '0.99', '1.00', '0.99']
  halt_histogram %: [75.8, 19.9, 2.7, 0.5, 0.2, 0.1, 0.1, 0.1, 0.0, 0.0, 0.0, 0.0, 0.0, 0.0, 0.0, 0.5]
  Avg ACT steps (last 100): 1.22
  saved: /home/jvdillon/projects/sic/code/maze/ckpts/x07k/step16000.pt acc=99.35% (0.085s)
  saved: /home/jvdillon/projects/sic/code/maze/ckpts/x07k/best.pt acc=99.35% (0.166s)
Step 16000  Test 99.35% / 87.30%  Train lm=0.3926±0.0014ϵ[0.3887,0.3965] n_halted=107.5140±7.0542ϵ[57.0000,121.0000]  TrainAcc 99.99%/98.80%  (55.190s / 179.874s)
  n_active=128.0000±0.0000ϵ[128.0000,128.0000] n_expunged=0.0000±0.0000ϵ[0.0000,0.0000] pool_util=1.0000±0.0000ϵ[1.0000,1.0000]
