Adam params: ('embed_tokens.weight', 'head.weight', 'head.bias', 'q_head.weight', 'q_head.bias', 'puzzle_id_embed.weight')
Muon 2D params: ('reasoning.0.attn.o_proj.weight', 'reasoning.0.mlp.up_proj.weight', 'reasoning.0.mlp.down_proj.weight', 'reasoning.1.attn.o_proj.weight', 'reasoning.1.mlp.up_proj.weight', 'reasoning.1.mlp.down_proj.weight')
Muon 3D params (ensemble_dims=1): ('reasoning.0.attn.qkv_proj.weight', 'reasoning.1.attn.qkv_proj.weight')
Saved step 0 checkpoint with RNG: /home/jvdillon/projects/sic/code/maze/ckpts/x07l/step00000_rng.pt
  path_valid=0.30%, exact_match=0.00%
  halt_acc: cell=92.06%, puzzle=0.00%
  eval_avg_halt_step: 16.00
  per_H_acc: ['H0=0.0%', 'H1=0.0%', 'H2=0.0%']
  H_cos: ['0.902', '0.980']
  z_H_delta: ['19.500', '10.750']
  cells: fixed=[0, 0] broken=[0, 0]
  per_ACT_cell_acc: ['H1=87.3%', 'H2=87.5%', 'H3=87.9%', 'H4=89.0%', 'H5=90.2%', 'H6=90.9%', 'H7=91.3%', 'H8=91.5%', 'H9=91.7%', 'H10=91.8%', 'H11=91.8%', 'H12=91.8%', 'H13=91.9%', 'H14=91.9%', 'H15=91.9%', 'H16=91.9%']
  per_ACT_puzzle_acc: ['H1=0.0%', 'H2=0.0%', 'H3=0.0%', 'H4=0.0%', 'H5=0.0%', 'H6=0.0%', 'H7=0.0%', 'H8=0.0%', 'H9=0.0%', 'H10=0.0%', 'H11=0.0%', 'H12=0.0%', 'H13=0.0%', 'H14=0.0%', 'H15=0.0%', 'H16=0.0%']
  mean_sigmoid_q_halt: ['0.001', '0.000', '0.000', '0.000', '0.000', '0.000', '0.000', '0.000', '0.000', '0.000', '0.000', '0.000', '0.000', '0.000', '0.000', '0.000']
  halt_rates: ['0.00', '0.00', '0.00', '0.00', '0.00', '0.00', '0.00', '0.00', '0.00', '0.00', '0.00', '0.00', '0.00', '0.00', '0.00', '0.00']
  halt_histogram %: [0.0, 0.0, 0.0, 0.0, 0.0, 0.0, 0.0, 0.0, 0.0, 0.0, 0.0, 0.0, 0.0, 0.0, 0.0, 100.0]
  Avg ACT steps (last 100): 16.00
  halt_acc: cell=92.62%, puzzle=0.00%
  eval_avg_halt_step: 16.00
  per_H_acc: ['H0=0.0%', 'H1=0.0%', 'H2=0.0%']
  H_cos: ['0.902', '0.980']
  z_H_delta: ['19.500', '10.688']
  cells: fixed=[0, 0] broken=[0, 0]
  per_ACT_cell_acc: ['H1=87.2%', 'H2=87.5%', 'H3=87.9%', 'H4=89.1%', 'H5=90.3%', 'H6=91.1%', 'H7=91.4%', 'H8=91.7%', 'H9=91.9%', 'H10=92.0%', 'H11=92.1%', 'H12=92.2%', 'H13=92.3%', 'H14=92.3%', 'H15=92.4%', 'H16=92.4%']
  per_ACT_puzzle_acc: ['H1=0.0%', 'H2=0.0%', 'H3=0.0%', 'H4=0.0%', 'H5=0.0%', 'H6=0.0%', 'H7=0.0%', 'H8=0.0%', 'H9=0.0%', 'H10=0.0%', 'H11=0.0%', 'H12=0.0%', 'H13=0.0%', 'H14=0.0%', 'H15=0.0%', 'H16=0.0%']
  mean_sigmoid_q_halt: ['0.001', '0.000', '0.000', '0.000', '0.000', '0.000', '0.000', '0.000', '0.000', '0.000', '0.000', '0.000', '0.000', '0.000', '0.000', '0.000']
  halt_rates: ['0.00', '0.00', '0.00', '0.00', '0.00', '0.00', '0.00', '0.00', '0.00', '0.00', '0.00', '0.00', '0.00', '0.00', '0.00', '0.00']
  halt_histogram %: [0.0, 0.0, 0.0, 0.0, 0.0, 0.0, 0.0, 0.0, 0.0, 0.0, 0.0, 0.0, 0.0, 0.0, 0.0, 100.0]
  Avg ACT steps (last 100): 16.00
  saved: /home/jvdillon/projects/sic/code/maze/ckpts/x07l/step00500.pt acc=92.06% (0.059s)
  saved: /home/jvdillon/projects/sic/code/maze/ckpts/x07l/best.pt acc=92.06% (0.113s)
Step   500  Test 92.06% /  0.00%  Train lm=0.8398±0.1030ϵ[0.7305,1.7812] n_halted=7.9360±30.8988ϵ[0.0000,128.0000]  TrainAcc 92.62%/ 0.00%  (63.951s / 189.258s)
  n_active=128.0000±0.0000ϵ[128.0000,128.0000] n_expunged=0.0000±0.0000ϵ[0.0000,0.0000] pool_util=1.0000±0.0000ϵ[1.0000,1.0000]
  path_valid=55.60%, exact_match=17.30%
  halt_acc: cell=97.14%, puzzle=19.50%
  eval_avg_halt_step: 13.13
  per_H_acc: ['H0=3.9%', 'H1=0.0%', 'H2=0.0%']
  H_cos: ['0.867', '0.867']
  z_H_delta: ['22.875', '17.250']
  cells: fixed=[0, 0] broken=[8137, 0]
  per_ACT_cell_acc: ['H1=83.4%', 'H2=87.5%', 'H3=94.1%', 'H4=95.7%', 'H5=96.3%', 'H6=96.6%', 'H7=96.8%', 'H8=96.9%', 'H9=97.0%', 'H10=97.0%', 'H11=97.0%', 'H12=97.0%', 'H13=97.0%', 'H14=97.0%', 'H15=96.9%', 'H16=96.9%']
  per_ACT_puzzle_acc: ['H1=0.0%', 'H2=0.0%', 'H3=0.0%', 'H4=0.0%', 'H5=1.7%', 'H6=3.9%', 'H7=8.6%', 'H8=13.8%', 'H9=15.5%', 'H10=16.4%', 'H11=17.2%', 'H12=17.2%', 'H13=17.2%', 'H14=17.7%', 'H15=17.7%', 'H16=19.0%']
  mean_sigmoid_q_halt: ['0.004', '0.000', '0.000', '0.011', '0.032', '0.050', '0.080', '0.105', '0.133', '0.151', '0.157', '0.166', '0.172', '0.177', '0.179', '0.188']
  halt_rates: ['0.00', '0.00', '0.00', '0.00', '0.00', '0.01', '0.03', '0.06', '0.09', '0.10', '0.10', '0.10', '0.10', '0.11', '0.12', '0.14']
  halt_histogram %: [0.0, 1.0, 5.0, 6.5, 4.6, 4.0, 3.2, 2.8, 2.5, 1.5, 1.7, 1.8, 1.1, 1.2, 1.1, 62.0]
  Avg ACT steps (last 100): 6.44
  halt_acc: cell=98.12%, puzzle=28.90%
  eval_avg_halt_step: 12.47
  per_H_acc: ['H0=4.0%', 'H1=0.0%', 'H2=0.0%']
  H_cos: ['0.871', '0.867']
  z_H_delta: ['22.875', '17.375']
  cells: fixed=[0, 0] broken=[3706, 0]
  per_ACT_cell_acc: ['H1=83.3%', 'H2=87.5%', 'H3=94.8%', 'H4=96.7%', 'H5=97.3%', 'H6=97.6%', 'H7=97.8%', 'H8=97.9%', 'H9=98.1%', 'H10=98.2%', 'H11=98.2%', 'H12=98.2%', 'H13=98.2%', 'H14=98.2%', 'H15=98.2%', 'H16=98.2%']
  per_ACT_puzzle_acc: ['H1=0.0%', 'H2=0.0%', 'H3=0.0%', 'H4=0.0%', 'H5=3.8%', 'H6=11.5%', 'H7=16.3%', 'H8=19.2%', 'H9=24.0%', 'H10=28.8%', 'H11=27.9%', 'H12=28.8%', 'H13=29.8%', 'H14=31.7%', 'H15=29.8%', 'H16=30.8%']
  mean_sigmoid_q_halt: ['0.004', '0.000', '0.000', '0.012', '0.045', '0.070', '0.115', '0.160', '0.189', '0.217', '0.233', '0.242', '0.246', '0.254', '0.264', '0.268']
  halt_rates: ['0.00', '0.00', '0.00', '0.00', '0.00', '0.04', '0.10', '0.12', '0.17', '0.18', '0.22', '0.22', '0.22', '0.23', '0.22', '0.22']
  halt_histogram %: [0.0, 1.0, 5.0, 6.5, 4.6, 4.0, 3.2, 2.8, 2.5, 1.5, 1.7, 1.8, 1.1, 1.2, 1.1, 62.0]
  Avg ACT steps (last 100): 6.44
  saved: /home/jvdillon/projects/sic/code/maze/ckpts/x07l/step01000.pt acc=97.12% (0.059s)
  saved: /home/jvdillon/projects/sic/code/maze/ckpts/x07l/best.pt acc=97.12% (0.140s)
Step  1000  Test 97.12% / 18.00%  Train lm=0.7148±0.0219ϵ[0.6875,0.8555] n_halted=12.4440±20.2656ϵ[0.0000,128.0000]  TrainAcc 98.11%/26.20%  (55.424s / 180.405s)
  n_active=128.0000±0.0000ϵ[128.0000,128.0000] n_expunged=0.0000±0.0000ϵ[0.0000,0.0000] pool_util=1.0000±0.0000ϵ[1.0000,1.0000]
  path_valid=84.70%, exact_match=56.20%
  halt_acc: cell=98.43%, puzzle=55.50%
  eval_avg_halt_step: 4.00
  per_H_acc: ['H0=29.7%', 'H1=0.0%', 'H2=0.0%']
  H_cos: ['0.887', '0.805']
  z_H_delta: ['21.375', '19.375']
  cells: fixed=[0, 0] broken=[62079, 0]
  per_ACT_cell_acc: ['H1=57.5%', 'H2=87.3%', 'H3=97.1%', 'H4=97.9%', 'H5=98.2%', 'H6=98.3%', 'H7=98.3%', 'H8=98.4%', 'H9=98.4%', 'H10=98.4%', 'H11=98.4%', 'H12=98.4%', 'H13=98.4%', 'H14=98.4%', 'H15=98.4%', 'H16=98.4%']
  per_ACT_puzzle_acc: ['H1=0.0%', 'H2=0.0%', 'H3=3.4%', 'H4=19.0%', 'H5=37.9%', 'H6=43.5%', 'H7=46.1%', 'H8=48.7%', 'H9=50.4%', 'H10=49.6%', 'H11=50.9%', 'H12=52.6%', 'H13=51.7%', 'H14=52.6%', 'H15=52.6%', 'H16=52.6%']
  mean_sigmoid_q_halt: ['0.008', '0.001', '0.085', '0.387', '0.469', '0.566', '0.664', '0.684', '0.695', '0.703', '0.703', '0.727', '0.723', '0.727', '0.742', '0.750']
  halt_rates: ['0.00', '0.00', '0.02', '0.34', '0.48', '0.56', '0.67', '0.70', '0.72', '0.70', '0.70', '0.74', '0.74', '0.74', '0.77', '0.78']
  halt_histogram %: [0.1, 30.2, 16.4, 8.7, 4.8, 3.3, 2.5, 1.9, 1.7, 1.2, 1.1, 1.0, 0.8, 0.7, 0.6, 25.0]
  Avg ACT steps (last 100): 3.04
  halt_acc: cell=99.78%, puzzle=88.30%
  eval_avg_halt_step: 2.74
  per_H_acc: ['H0=29.8%', 'H1=0.0%', 'H2=0.0%']
  H_cos: ['0.887', '0.801']
  z_H_delta: ['21.500', '19.375']
  cells: fixed=[0, 0] broken=[27905, 0]
  per_ACT_cell_acc: ['H1=57.4%', 'H2=87.2%', 'H3=99.0%', 'H4=99.5%', 'H5=99.6%', 'H6=99.7%', 'H7=99.7%', 'H8=99.7%', 'H9=99.7%', 'H10=99.7%', 'H11=99.7%', 'H12=99.7%', 'H13=99.7%', 'H14=99.7%', 'H15=99.7%', 'H16=99.7%']
  per_ACT_puzzle_acc: ['H1=0.0%', 'H2=0.0%', 'H3=18.3%', 'H4=55.8%', 'H5=72.1%', 'H6=79.8%', 'H7=82.7%', 'H8=85.6%', 'H9=86.5%', 'H10=86.5%', 'H11=86.5%', 'H12=86.5%', 'H13=87.5%', 'H14=87.5%', 'H15=85.6%', 'H16=85.6%']
  mean_sigmoid_q_halt: ['0.008', '0.001', '0.115', '0.652', '0.703', '0.770', '0.832', '0.852', '0.879', '0.883', '0.887', '0.867', '0.875', '0.875', '0.879', '0.867']
  halt_rates: ['0.00', '0.00', '0.03', '0.68', '0.73', '0.78', '0.85', '0.87', '0.90', '0.91', '0.92', '0.90', '0.91', '0.90', '0.92', '0.89']
  halt_histogram %: [0.1, 30.2, 16.4, 8.7, 4.8, 3.3, 2.5, 1.9, 1.7, 1.2, 1.1, 1.0, 0.8, 0.7, 0.6, 25.0]
  Avg ACT steps (last 100): 3.04
  saved: /home/jvdillon/projects/sic/code/maze/ckpts/x07l/step01500.pt acc=98.44% (0.057s)
  saved: /home/jvdillon/projects/sic/code/maze/ckpts/x07l/best.pt acc=98.44% (0.138s)
Step  1500  Test 98.44% / 66.60%  Train lm=0.6914±0.0082ϵ[0.6719,0.7109] n_halted=34.3100±14.2850ϵ[2.0000,70.0000]  TrainAcc 99.77%/86.90%  (55.722s / 180.335s)
  n_active=128.0000±0.0000ϵ[128.0000,128.0000] n_expunged=0.0000±0.0000ϵ[0.0000,0.0000] pool_util=1.0000±0.0000ϵ[1.0000,1.0000]
  path_valid=91.90%, exact_match=60.40%
  halt_acc: cell=98.58%, puzzle=49.30%
  eval_avg_halt_step: 2.49
  per_H_acc: ['H0=3.6%', 'H1=0.0%', 'H2=0.0%']
  H_cos: ['0.883', '0.812']
  z_H_delta: ['23.125', '18.875']
  cells: fixed=[0, 0] broken=[7612, 0]
  per_ACT_cell_acc: ['H1=83.6%', 'H2=87.4%', 'H3=97.7%', 'H4=98.2%', 'H5=98.3%', 'H6=98.4%', 'H7=98.4%', 'H8=98.4%', 'H9=98.4%', 'H10=98.5%', 'H11=98.5%', 'H12=98.5%', 'H13=98.5%', 'H14=98.5%', 'H15=98.5%', 'H16=98.5%']
  per_ACT_puzzle_acc: ['H1=0.0%', 'H2=0.0%', 'H3=13.8%', 'H4=37.5%', 'H5=47.4%', 'H6=50.4%', 'H7=52.2%', 'H8=53.0%', 'H9=54.7%', 'H10=54.7%', 'H11=54.7%', 'H12=55.6%', 'H13=56.0%', 'H14=55.6%', 'H15=56.0%', 'H16=56.9%']
  mean_sigmoid_q_halt: ['0.010', '0.002', '0.297', '0.594', '0.738', '0.789', '0.840', '0.859', '0.879', '0.879', '0.887', '0.895', '0.906', '0.906', '0.910', '0.922']
  halt_rates: ['0.00', '0.00', '0.23', '0.56', '0.75', '0.78', '0.85', '0.87', '0.89', '0.89', '0.90', '0.91', '0.92', '0.92', '0.93', '0.94']
  halt_histogram %: [9.0, 48.0, 14.0, 5.5, 2.8, 1.9, 1.4, 1.1, 0.9, 0.7, 0.6, 0.6, 0.4, 0.4, 0.3, 12.5]
  Avg ACT steps (last 100): 1.97
  halt_acc: cell=99.87%, puzzle=81.30%
  eval_avg_halt_step: 1.61
  per_H_acc: ['H0=3.7%', 'H1=0.0%', 'H2=0.0%']
  H_cos: ['0.883', '0.805']
  z_H_delta: ['23.125', '19.250']
  cells: fixed=[0, 0] broken=[3476, 0]
  per_ACT_cell_acc: ['H1=83.4%', 'H2=87.3%', 'H3=99.6%', 'H4=99.8%', 'H5=99.9%', 'H6=99.9%', 'H7=99.9%', 'H8=99.9%', 'H9=99.9%', 'H10=99.9%', 'H11=99.9%', 'H12=99.9%', 'H13=99.9%', 'H14=99.9%', 'H15=99.9%', 'H16=99.9%']
  per_ACT_puzzle_acc: ['H1=0.0%', 'H2=0.0%', 'H3=47.1%', 'H4=82.7%', 'H5=89.4%', 'H6=94.2%', 'H7=95.2%', 'H8=94.2%', 'H9=95.2%', 'H10=96.2%', 'H11=96.2%', 'H12=96.2%', 'H13=96.2%', 'H14=95.2%', 'H15=95.2%', 'H16=95.2%']
  mean_sigmoid_q_halt: ['0.010', '0.002', '0.498', '0.859', '0.930', '0.965', '0.977', '0.977', '0.977', '0.977', '0.980', '0.980', '0.977', '0.977', '0.977', '0.977']
  halt_rates: ['0.00', '0.00', '0.48', '0.90', '0.95', '0.99', '0.99', '0.99', '0.99', '0.99', '1.00', '0.99', '0.99', '0.99', '1.00', '0.99']
  halt_histogram %: [9.0, 48.0, 14.0, 5.5, 2.8, 1.9, 1.4, 1.1, 0.9, 0.7, 0.6, 0.6, 0.4, 0.4, 0.3, 12.5]
  Avg ACT steps (last 100): 1.97
  saved: /home/jvdillon/projects/sic/code/maze/ckpts/x07l/step02000.pt acc=98.66% (0.057s)
  saved: /home/jvdillon/projects/sic/code/maze/ckpts/x07l/best.pt acc=98.66% (0.139s)
Step  2000  Test 98.66% / 69.00%  Train lm=0.6719±0.0029ϵ[0.6680,0.6836] n_halted=57.5040±11.5244ϵ[27.0000,86.0000]  TrainAcc 99.91%/92.10%  (55.457s / 180.275s)
  n_active=128.0000±0.0000ϵ[128.0000,128.0000] n_expunged=0.0000±0.0000ϵ[0.0000,0.0000] pool_util=1.0000±0.0000ϵ[1.0000,1.0000]
  path_valid=82.00%, exact_match=55.70%
  halt_acc: cell=98.81%, puzzle=58.20%
  eval_avg_halt_step: 2.54
  per_H_acc: ['H0=0.0%', 'H1=0.0%', 'H2=0.0%']
  H_cos: ['0.867', '0.895']
  z_H_delta: ['22.000', '17.625']
  cells: fixed=[0, 0] broken=[0, 0]
  per_ACT_cell_acc: ['H1=87.3%', 'H2=88.3%', 'H3=98.1%', 'H4=98.5%', 'H5=98.6%', 'H6=98.6%', 'H7=98.7%', 'H8=98.7%', 'H9=98.7%', 'H10=98.7%', 'H11=98.7%', 'H12=98.7%', 'H13=98.7%', 'H14=98.6%', 'H15=98.6%', 'H16=98.6%']
  per_ACT_puzzle_acc: ['H1=0.0%', 'H2=0.0%', 'H3=20.3%', 'H4=44.0%', 'H5=55.2%', 'H6=57.8%', 'H7=60.3%', 'H8=61.2%', 'H9=60.8%', 'H10=60.8%', 'H11=60.8%', 'H12=59.5%', 'H13=59.5%', 'H14=59.1%', 'H15=59.1%', 'H16=58.6%']
  mean_sigmoid_q_halt: ['0.005', '0.002', '0.258', '0.539', '0.715', '0.793', '0.840', '0.867', '0.879', '0.879', '0.883', '0.887', '0.883', '0.887', '0.891', '0.891']
  halt_rates: ['0.00', '0.00', '0.20', '0.55', '0.76', '0.81', '0.86', '0.90', '0.91', '0.89', '0.91', '0.90', '0.90', '0.91', '0.91', '0.91']
  halt_histogram %: [23.1, 47.2, 11.2, 3.8, 1.8, 1.2, 0.9, 0.7, 0.6, 0.4, 0.4, 0.4, 0.3, 0.2, 0.2, 7.6]
  Avg ACT steps (last 100): 1.75
  halt_acc: cell=99.90%, puzzle=87.50%
  eval_avg_halt_step: 1.58
  per_H_acc: ['H0=0.0%', 'H1=0.0%', 'H2=0.0%']
  H_cos: ['0.867', '0.883']
  z_H_delta: ['22.000', '18.250']
  cells: fixed=[0, 0] broken=[0, 0]
  per_ACT_cell_acc: ['H1=87.2%', 'H2=88.3%', 'H3=99.8%', 'H4=99.9%', 'H5=99.9%', 'H6=100.0%', 'H7=100.0%', 'H8=100.0%', 'H9=100.0%', 'H10=100.0%', 'H11=100.0%', 'H12=100.0%', 'H13=100.0%', 'H14=100.0%', 'H15=100.0%', 'H16=99.9%']
  per_ACT_puzzle_acc: ['H1=0.0%', 'H2=0.0%', 'H3=63.5%', 'H4=86.5%', 'H5=91.3%', 'H6=95.2%', 'H7=95.2%', 'H8=95.2%', 'H9=95.2%', 'H10=96.2%', 'H11=94.2%', 'H12=94.2%', 'H13=93.3%', 'H14=93.3%', 'H15=92.3%', 'H16=90.4%']
  mean_sigmoid_q_halt: ['0.005', '0.002', '0.516', '0.809', '0.902', '0.938', '0.953', '0.953', '0.953', '0.957', '0.961', '0.961', '0.957', '0.953', '0.957', '0.949']
  halt_rates: ['0.00', '0.00', '0.54', '0.85', '0.94', '0.96', '0.97', '0.97', '0.97', '0.98', '0.98', '0.98', '0.98', '0.97', '0.97', '0.97']
  halt_histogram %: [23.1, 47.2, 11.2, 3.8, 1.8, 1.2, 0.9, 0.7, 0.6, 0.4, 0.4, 0.4, 0.3, 0.2, 0.2, 7.6]
  Avg ACT steps (last 100): 1.75
  saved: /home/jvdillon/projects/sic/code/maze/ckpts/x07l/step02500.pt acc=98.75% (0.057s)
  saved: /home/jvdillon/projects/sic/code/maze/ckpts/x07l/best.pt acc=98.75% (0.136s)
Step  2500  Test 98.75% / 62.90%  Train lm=0.6680±0.0028ϵ[0.6641,0.7070] n_halted=73.6840±11.1155ϵ[36.0000,106.0000]  TrainAcc 99.83%/84.30%  (55.444s / 180.367s)
  n_active=128.0000±0.0000ϵ[128.0000,128.0000] n_expunged=0.0000±0.0000ϵ[0.0000,0.0000] pool_util=1.0000±0.0000ϵ[1.0000,1.0000]
  path_valid=75.70%, exact_match=54.30%
  halt_acc: cell=98.78%, puzzle=54.40%
  eval_avg_halt_step: 2.37
  per_H_acc: ['H0=0.0%', 'H1=0.0%', 'H2=0.0%']
  H_cos: ['0.891', '0.895']
  z_H_delta: ['21.625', '19.625']
  cells: fixed=[0, 0] broken=[0, 0]
  per_ACT_cell_acc: ['H1=87.5%', 'H2=89.6%', 'H3=98.2%', 'H4=98.5%', 'H5=98.6%', 'H6=98.6%', 'H7=98.6%', 'H8=98.6%', 'H9=98.6%', 'H10=98.6%', 'H11=98.6%', 'H12=98.6%', 'H13=98.6%', 'H14=98.6%', 'H15=98.6%', 'H16=98.7%']
  per_ACT_puzzle_acc: ['H1=0.0%', 'H2=0.0%', 'H3=29.7%', 'H4=50.4%', 'H5=56.9%', 'H6=60.3%', 'H7=60.8%', 'H8=62.1%', 'H9=62.9%', 'H10=63.4%', 'H11=62.5%', 'H12=61.2%', 'H13=60.8%', 'H14=59.9%', 'H15=59.9%', 'H16=60.3%']
  mean_sigmoid_q_halt: ['0.006', '0.005', '0.492', '0.656', '0.738', '0.793', '0.820', '0.836', '0.848', '0.855', '0.855', '0.852', '0.848', '0.844', '0.844', '0.836']
  halt_rates: ['0.00', '0.00', '0.49', '0.67', '0.77', '0.82', '0.85', '0.88', '0.90', '0.89', '0.90', '0.89', '0.89', '0.89', '0.88', '0.87']
  halt_histogram %: [33.5, 43.5, 9.4, 2.9, 1.4, 0.9, 0.7, 0.5, 0.4, 0.3, 0.3, 0.3, 0.2, 0.2, 0.1, 5.4]
  Avg ACT steps (last 100): 1.38
  halt_acc: cell=99.89%, puzzle=85.90%
  eval_avg_halt_step: 1.41
  per_H_acc: ['H0=0.0%', 'H1=0.0%', 'H2=0.0%']
  H_cos: ['0.887', '0.887']
  z_H_delta: ['21.750', '20.250']
  cells: fixed=[0, 0] broken=[0, 0]
  per_ACT_cell_acc: ['H1=87.4%', 'H2=89.7%', 'H3=99.8%', 'H4=99.8%', 'H5=99.9%', 'H6=99.9%', 'H7=99.9%', 'H8=99.9%', 'H9=99.9%', 'H10=99.9%', 'H11=99.9%', 'H12=99.9%', 'H13=99.9%', 'H14=99.9%', 'H15=99.9%', 'H16=99.9%']
  per_ACT_puzzle_acc: ['H1=0.0%', 'H2=0.0%', 'H3=73.1%', 'H4=88.5%', 'H5=93.3%', 'H6=93.3%', 'H7=93.3%', 'H8=94.2%', 'H9=94.2%', 'H10=94.2%', 'H11=94.2%', 'H12=90.4%', 'H13=89.4%', 'H14=89.4%', 'H15=88.5%', 'H16=87.5%']
  mean_sigmoid_q_halt: ['0.006', '0.005', '0.742', '0.859', '0.883', '0.902', '0.902', '0.914', '0.918', '0.918', '0.914', '0.914', '0.910', '0.898', '0.887', '0.871']
  halt_rates: ['0.00', '0.00', '0.80', '0.88', '0.92', '0.95', '0.94', '0.96', '0.96', '0.96', '0.96', '0.95', '0.95', '0.95', '0.93', '0.91']
  halt_histogram %: [33.5, 43.5, 9.4, 2.9, 1.4, 0.9, 0.7, 0.5, 0.4, 0.3, 0.3, 0.3, 0.2, 0.2, 0.1, 5.4]
  Avg ACT steps (last 100): 1.38
  saved: /home/jvdillon/projects/sic/code/maze/ckpts/x07l/step03000.pt acc=98.73% (0.058s)
Step  3000  Test 98.73% / 63.50%  Train lm=0.6680±0.0037ϵ[0.6641,0.6953] n_halted=80.1460±17.1698ϵ[1.0000,105.0000]  TrainAcc 99.81%/78.60%  (55.333s / 180.314s)
  n_active=128.0000±0.0000ϵ[128.0000,128.0000] n_expunged=0.0000±0.0000ϵ[0.0000,0.0000] pool_util=1.0000±0.0000ϵ[1.0000,1.0000]
  path_valid=95.80%, exact_match=65.00%
  halt_acc: cell=98.87%, puzzle=58.90%
  eval_avg_halt_step: 2.07
  per_H_acc: ['H0=0.0%', 'H1=0.0%', 'H2=0.0%']
  H_cos: ['0.879', '0.867']
  z_H_delta: ['21.250', '23.000']
  cells: fixed=[0, 0] broken=[0, 0]
  per_ACT_cell_acc: ['H1=87.5%', 'H2=88.6%', 'H3=98.2%', 'H4=98.6%', 'H5=98.7%', 'H6=98.8%', 'H7=98.8%', 'H8=98.9%', 'H9=98.9%', 'H10=98.9%', 'H11=98.9%', 'H12=98.9%', 'H13=98.9%', 'H14=98.9%', 'H15=98.9%', 'H16=98.9%']
  per_ACT_puzzle_acc: ['H1=0.0%', 'H2=0.0%', 'H3=26.3%', 'H4=51.3%', 'H5=56.0%', 'H6=59.1%', 'H7=60.8%', 'H8=62.1%', 'H9=62.9%', 'H10=63.8%', 'H11=62.5%', 'H12=62.9%', 'H13=63.4%', 'H14=62.9%', 'H15=62.9%', 'H16=62.5%']
  mean_sigmoid_q_halt: ['0.005', '0.009', '0.402', '0.676', '0.809', '0.855', '0.887', '0.914', '0.922', '0.926', '0.930', '0.926', '0.918', '0.918', '0.918', '0.914']
  halt_rates: ['0.00', '0.00', '0.33', '0.69', '0.84', '0.89', '0.90', '0.94', '0.94', '0.95', '0.95', '0.94', '0.93', '0.93', '0.94', '0.93']
  halt_histogram %: [40.6, 40.2, 8.1, 2.4, 1.1, 0.7, 0.6, 0.4, 0.4, 0.3, 0.2, 0.2, 0.2, 0.2, 0.1, 4.3]
  Avg ACT steps (last 100): 1.90
  halt_acc: cell=99.91%, puzzle=88.00%
  eval_avg_halt_step: 1.33
  per_H_acc: ['H0=0.0%', 'H1=0.0%', 'H2=0.0%']
  H_cos: ['0.879', '0.863']
  z_H_delta: ['21.125', '23.375']
  cells: fixed=[0, 0] broken=[0, 0]
  per_ACT_cell_acc: ['H1=87.6%', 'H2=88.7%', 'H3=99.8%', 'H4=99.9%', 'H5=99.9%', 'H6=99.9%', 'H7=99.9%', 'H8=99.9%', 'H9=99.9%', 'H10=99.9%', 'H11=99.9%', 'H12=99.9%', 'H13=99.9%', 'H14=99.9%', 'H15=99.9%', 'H16=99.9%']
  per_ACT_puzzle_acc: ['H1=0.0%', 'H2=0.0%', 'H3=63.5%', 'H4=93.3%', 'H5=95.2%', 'H6=96.2%', 'H7=96.2%', 'H8=96.2%', 'H9=96.2%', 'H10=96.2%', 'H11=96.2%', 'H12=94.2%', 'H13=94.2%', 'H14=95.2%', 'H15=93.3%', 'H16=93.3%']
  mean_sigmoid_q_halt: ['0.005', '0.008', '0.680', '0.910', '0.930', '0.949', '0.953', '0.953', '0.953', '0.953', '0.953', '0.941', '0.930', '0.930', '0.930', '0.926']
  halt_rates: ['0.00', '0.00', '0.75', '0.93', '0.96', '0.96', '0.97', '0.97', '0.97', '0.97', '0.97', '0.95', '0.94', '0.95', '0.94', '0.94']
  halt_histogram %: [40.6, 40.2, 8.1, 2.4, 1.1, 0.7, 0.6, 0.4, 0.4, 0.3, 0.2, 0.2, 0.2, 0.2, 0.1, 4.3]
  Avg ACT steps (last 100): 1.90
  saved: /home/jvdillon/projects/sic/code/maze/ckpts/x07l/step03500.pt acc=98.89% (0.063s)
  saved: /home/jvdillon/projects/sic/code/maze/ckpts/x07l/best.pt acc=98.89% (0.151s)
Step  3500  Test 98.89% / 74.80%  Train lm=0.6680±0.0033ϵ[0.6641,0.6914] n_halted=80.6160±19.3144ϵ[3.0000,107.0000]  TrainAcc 99.90%/93.40%  (55.470s / 180.333s)
  n_active=128.0000±0.0000ϵ[128.0000,128.0000] n_expunged=0.0000±0.0000ϵ[0.0000,0.0000] pool_util=1.0000±0.0000ϵ[1.0000,1.0000]
  path_valid=94.30%, exact_match=69.20%
  halt_acc: cell=99.09%, puzzle=59.90%
  eval_avg_halt_step: 2.00
  per_H_acc: ['H0=0.0%', 'H1=0.0%', 'H2=0.0%']
  H_cos: ['0.777', '0.867']
  z_H_delta: ['24.750', '21.375']
  cells: fixed=[0, 0] broken=[3, 0]
  per_ACT_cell_acc: ['H1=87.5%', 'H2=87.7%', 'H3=98.6%', 'H4=98.9%', 'H5=98.9%', 'H6=99.0%', 'H7=99.0%', 'H8=99.0%', 'H9=99.0%', 'H10=99.0%', 'H11=99.0%', 'H12=99.0%', 'H13=99.0%', 'H14=99.0%', 'H15=99.0%', 'H16=99.0%']
  per_ACT_puzzle_acc: ['H1=0.0%', 'H2=0.0%', 'H3=31.9%', 'H4=57.8%', 'H5=64.2%', 'H6=66.8%', 'H7=68.1%', 'H8=68.5%', 'H9=68.5%', 'H10=67.7%', 'H11=66.8%', 'H12=67.2%', 'H13=66.4%', 'H14=66.8%', 'H15=68.1%', 'H16=68.1%']
  mean_sigmoid_q_halt: ['0.042', '0.031', '0.527', '0.672', '0.773', '0.844', '0.887', '0.898', '0.898', '0.914', '0.914', '0.918', '0.922', '0.922', '0.918', '0.926']
  halt_rates: ['0.00', '0.00', '0.48', '0.66', '0.78', '0.86', '0.91', '0.91', '0.91', '0.93', '0.93', '0.94', '0.94', '0.94', '0.93', '0.94']
  halt_histogram %: [46.8, 36.9, 7.1, 2.1, 0.9, 0.6, 0.5, 0.4, 0.3, 0.2, 0.2, 0.2, 0.1, 0.1, 0.1, 3.4]
  Avg ACT steps (last 100): 1.19
  halt_acc: cell=99.93%, puzzle=89.50%
  eval_avg_halt_step: 1.20
  per_H_acc: ['H0=0.0%', 'H1=0.0%', 'H2=0.0%']
  H_cos: ['0.777', '0.859']
  z_H_delta: ['24.750', '21.875']
  cells: fixed=[0, 0] broken=[0, 0]
  per_ACT_cell_acc: ['H1=87.4%', 'H2=87.6%', 'H3=99.9%', 'H4=99.9%', 'H5=100.0%', 'H6=100.0%', 'H7=100.0%', 'H8=99.9%', 'H9=100.0%', 'H10=100.0%', 'H11=100.0%', 'H12=100.0%', 'H13=99.9%', 'H14=99.9%', 'H15=99.9%', 'H16=99.9%']
  per_ACT_puzzle_acc: ['H1=0.0%', 'H2=0.0%', 'H3=86.5%', 'H4=95.2%', 'H5=95.2%', 'H6=95.2%', 'H7=95.2%', 'H8=95.2%', 'H9=96.2%', 'H10=95.2%', 'H11=95.2%', 'H12=95.2%', 'H13=94.2%', 'H14=94.2%', 'H15=95.2%', 'H16=94.2%']
  mean_sigmoid_q_halt: ['0.042', '0.032', '0.848', '0.938', '0.949', '0.953', '0.953', '0.949', '0.941', '0.949', '0.941', '0.945', '0.941', '0.930', '0.930', '0.941']
  halt_rates: ['0.00', '0.00', '0.88', '0.96', '0.96', '0.96', '0.97', '0.96', '0.95', '0.96', '0.95', '0.96', '0.96', '0.93', '0.94', '0.95']
  halt_histogram %: [46.8, 36.9, 7.1, 2.1, 0.9, 0.6, 0.5, 0.4, 0.3, 0.2, 0.2, 0.2, 0.1, 0.1, 0.1, 3.4]
  Avg ACT steps (last 100): 1.19
  saved: /home/jvdillon/projects/sic/code/maze/ckpts/x07l/step04000.pt acc=99.16% (0.058s)
  saved: /home/jvdillon/projects/sic/code/maze/ckpts/x07l/best.pt acc=99.16% (0.141s)
Step  4000  Test 99.16% / 77.30%  Train lm=0.6680±0.0024ϵ[0.6641,0.6797] n_halted=91.6420±13.8705ϵ[15.0000,115.0000]  TrainAcc 99.94%/92.00%  (55.440s / 180.431s)
  n_active=128.0000±0.0000ϵ[128.0000,128.0000] n_expunged=0.0000±0.0000ϵ[0.0000,0.0000] pool_util=1.0000±0.0000ϵ[1.0000,1.0000]
  path_valid=95.80%, exact_match=70.90%
  halt_acc: cell=99.06%, puzzle=65.60%
  eval_avg_halt_step: 2.11
  per_H_acc: ['H0=25.4%', 'H1=0.0%', 'H2=0.0%']
  H_cos: ['0.719', '0.910']
  z_H_delta: ['25.125', '18.500']
  cells: fixed=[0, 0] broken=[53113, 0]
  per_ACT_cell_acc: ['H1=62.1%', 'H2=90.4%', 'H3=98.5%', 'H4=98.8%', 'H5=98.9%', 'H6=99.0%', 'H7=99.0%', 'H8=99.0%', 'H9=99.0%', 'H10=99.0%', 'H11=99.0%', 'H12=99.0%', 'H13=99.0%', 'H14=99.0%', 'H15=99.0%', 'H16=99.0%']
  per_ACT_puzzle_acc: ['H1=0.0%', 'H2=0.0%', 'H3=34.1%', 'H4=56.5%', 'H5=60.3%', 'H6=65.9%', 'H7=67.7%', 'H8=67.7%', 'H9=68.1%', 'H10=68.5%', 'H11=67.7%', 'H12=67.2%', 'H13=67.7%', 'H14=67.2%', 'H15=66.8%', 'H16=66.8%']
  mean_sigmoid_q_halt: ['0.076', '0.026', '0.531', '0.684', '0.770', '0.855', '0.879', '0.891', '0.891', '0.891', '0.895', '0.895', '0.895', '0.895', '0.891', '0.883']
  halt_rates: ['0.00', '0.00', '0.50', '0.71', '0.81', '0.90', '0.91', '0.93', '0.93', '0.92', '0.93', '0.92', '0.93', '0.93', '0.94', '0.91']
  halt_histogram %: [52.3, 33.6, 6.3, 1.8, 0.8, 0.5, 0.4, 0.3, 0.3, 0.2, 0.2, 0.2, 0.1, 0.1, 0.1, 2.8]
  Avg ACT steps (last 100): 1.49
  halt_acc: cell=99.93%, puzzle=91.80%
  eval_avg_halt_step: 1.32
  per_H_acc: ['H0=26.5%', 'H1=0.0%', 'H2=0.0%']
  H_cos: ['0.715', '0.906']
  z_H_delta: ['25.125', '19.000']
  cells: fixed=[0, 0] broken=[24786, 0]
  per_ACT_cell_acc: ['H1=60.9%', 'H2=90.8%', 'H3=99.7%', 'H4=99.9%', 'H5=99.9%', 'H6=99.9%', 'H7=99.9%', 'H8=100.0%', 'H9=100.0%', 'H10=100.0%', 'H11=100.0%', 'H12=99.9%', 'H13=100.0%', 'H14=100.0%', 'H15=99.9%', 'H16=99.9%']
  per_ACT_puzzle_acc: ['H1=0.0%', 'H2=0.0%', 'H3=76.9%', 'H4=88.5%', 'H5=93.3%', 'H6=97.1%', 'H7=97.1%', 'H8=96.2%', 'H9=97.1%', 'H10=97.1%', 'H11=97.1%', 'H12=97.1%', 'H13=97.1%', 'H14=96.2%', 'H15=97.1%', 'H16=97.1%']
  mean_sigmoid_q_halt: ['0.073', '0.027', '0.777', '0.844', '0.883', '0.922', '0.930', '0.922', '0.922', '0.930', '0.922', '0.922', '0.926', '0.922', '0.922', '0.926']
  halt_rates: ['0.00', '0.00', '0.79', '0.86', '0.93', '0.97', '0.97', '0.95', '0.95', '0.97', '0.95', '0.96', '0.96', '0.95', '0.96', '0.96']
  halt_histogram %: [52.3, 33.6, 6.3, 1.8, 0.8, 0.5, 0.4, 0.3, 0.3, 0.2, 0.2, 0.2, 0.1, 0.1, 0.1, 2.8]
  Avg ACT steps (last 100): 1.49
  saved: /home/jvdillon/projects/sic/code/maze/ckpts/x07l/step04500.pt acc=99.11% (0.058s)
Step  4500  Test 99.11% / 77.60%  Train lm=0.6680±0.0031ϵ[0.6641,0.6797] n_halted=94.4280±17.6105ϵ[13.0000,115.0000]  TrainAcc 99.94%/96.30%  (55.359s / 180.350s)
  n_active=128.0000±0.0000ϵ[128.0000,128.0000] n_expunged=0.0000±0.0000ϵ[0.0000,0.0000] pool_util=1.0000±0.0000ϵ[1.0000,1.0000]
  path_valid=95.50%, exact_match=74.30%
  halt_acc: cell=99.17%, puzzle=69.10%
  eval_avg_halt_step: 2.04
  per_H_acc: ['H0=38.4%', 'H1=0.0%', 'H2=0.0%']
  H_cos: ['0.703', '0.898']
  z_H_delta: ['23.250', '20.000']
  cells: fixed=[0, 0] broken=[80158, 0]
  per_ACT_cell_acc: ['H1=48.7%', 'H2=88.7%', 'H3=98.7%', 'H4=99.0%', 'H5=99.1%', 'H6=99.2%', 'H7=99.2%', 'H8=99.2%', 'H9=99.2%', 'H10=99.2%', 'H11=99.2%', 'H12=99.2%', 'H13=99.2%', 'H14=99.2%', 'H15=99.2%', 'H16=99.2%']
  per_ACT_puzzle_acc: ['H1=0.0%', 'H2=0.0%', 'H3=39.7%', 'H4=56.5%', 'H5=65.1%', 'H6=71.1%', 'H7=73.7%', 'H8=74.6%', 'H9=74.6%', 'H10=74.6%', 'H11=74.6%', 'H12=75.0%', 'H13=74.6%', 'H14=73.7%', 'H15=74.6%', 'H16=74.1%']
  mean_sigmoid_q_halt: ['0.091', '0.018', '0.523', '0.637', '0.762', '0.852', '0.887', '0.906', '0.922', '0.930', '0.934', '0.934', '0.934', '0.938', '0.938', '0.941']
  halt_rates: ['0.00', '0.00', '0.48', '0.64', '0.79', '0.88', '0.90', '0.91', '0.94', '0.94', '0.94', '0.94', '0.94', '0.94', '0.95', '0.95']
  halt_histogram %: [56.4, 31.1, 5.7, 1.6, 0.7, 0.5, 0.4, 0.3, 0.2, 0.2, 0.2, 0.1, 0.1, 0.1, 0.1, 2.4]
  Avg ACT steps (last 100): 1.26
  halt_acc: cell=99.97%, puzzle=94.70%
  eval_avg_halt_step: 1.14
  per_H_acc: ['H0=38.7%', 'H1=0.0%', 'H2=0.0%']
  H_cos: ['0.699', '0.891']
  z_H_delta: ['23.250', '20.625']
  cells: fixed=[0, 0] broken=[36264, 0]
  per_ACT_cell_acc: ['H1=48.5%', 'H2=88.7%', 'H3=99.9%', 'H4=100.0%', 'H5=100.0%', 'H6=100.0%', 'H7=100.0%', 'H8=100.0%', 'H9=100.0%', 'H10=100.0%', 'H11=100.0%', 'H12=100.0%', 'H13=100.0%', 'H14=100.0%', 'H15=100.0%', 'H16=100.0%']
  per_ACT_puzzle_acc: ['H1=0.0%', 'H2=0.0%', 'H3=89.4%', 'H4=96.2%', 'H5=99.0%', 'H6=100.0%', 'H7=100.0%', 'H8=100.0%', 'H9=99.0%', 'H10=100.0%', 'H11=99.0%', 'H12=99.0%', 'H13=99.0%', 'H14=99.0%', 'H15=99.0%', 'H16=99.0%']
  mean_sigmoid_q_halt: ['0.089', '0.018', '0.887', '0.918', '0.949', '0.980', '0.980', '0.980', '0.984', '0.984', '0.984', '0.984', '0.984', '0.980', '0.980', '0.984']
  halt_rates: ['0.00', '0.00', '0.93', '0.95', '0.97', '1.00', '1.00', '1.00', '1.00', '1.00', '1.00', '1.00', '1.00', '0.99', '1.00', '1.00']
  halt_histogram %: [56.4, 31.1, 5.7, 1.6, 0.7, 0.5, 0.4, 0.3, 0.2, 0.2, 0.2, 0.1, 0.1, 0.1, 0.1, 2.4]
  Avg ACT steps (last 100): 1.26
  saved: /home/jvdillon/projects/sic/code/maze/ckpts/x07l/step05000.pt acc=99.20% (0.056s)
  saved: /home/jvdillon/projects/sic/code/maze/ckpts/x07l/best.pt acc=99.20% (0.138s)
Step  5000  Test 99.20% / 83.90%  Train lm=0.6680±0.0024ϵ[0.6641,0.6758] n_halted=97.4300±15.0392ϵ[23.0000,117.0000]  TrainAcc 99.97%/97.80%  (55.447s / 180.246s)
  n_active=128.0000±0.0000ϵ[128.0000,128.0000] n_expunged=0.0000±0.0000ϵ[0.0000,0.0000] pool_util=1.0000±0.0000ϵ[1.0000,1.0000]
  path_valid=98.70%, exact_match=72.60%
  halt_acc: cell=99.07%, puzzle=68.80%
  eval_avg_halt_step: 1.49
  per_H_acc: ['H0=0.1%', 'H1=0.0%', 'H2=0.0%']
  H_cos: ['0.723', '0.922']
  z_H_delta: ['23.250', '18.375']
  cells: fixed=[0, 0] broken=[120, 0]
  per_ACT_cell_acc: ['H1=87.4%', 'H2=90.7%', 'H3=98.8%', 'H4=99.0%', 'H5=99.1%', 'H6=99.1%', 'H7=99.1%', 'H8=99.1%', 'H9=99.1%', 'H10=99.1%', 'H11=99.1%', 'H12=99.1%', 'H13=99.1%', 'H14=99.1%', 'H15=99.1%', 'H16=99.1%']
  per_ACT_puzzle_acc: ['H1=0.0%', 'H2=0.0%', 'H3=46.1%', 'H4=62.9%', 'H5=68.5%', 'H6=70.7%', 'H7=71.6%', 'H8=71.6%', 'H9=71.6%', 'H10=71.6%', 'H11=72.0%', 'H12=72.0%', 'H13=72.0%', 'H14=72.0%', 'H15=72.0%', 'H16=72.0%']
  mean_sigmoid_q_halt: ['0.053', '0.153', '0.645', '0.836', '0.887', '0.930', '0.945', '0.949', '0.949', '0.953', '0.953', '0.957', '0.957', '0.957', '0.957', '0.957']
  halt_rates: ['0.00', '0.00', '0.65', '0.85', '0.92', '0.97', '0.98', '0.98', '0.98', '0.98', '0.98', '0.99', '0.99', '0.99', '0.99', '0.99']
  halt_histogram %: [59.5, 29.2, 5.2, 1.4, 0.6, 0.4, 0.3, 0.2, 0.2, 0.2, 0.1, 0.1, 0.1, 0.1, 0.1, 2.1]
  Avg ACT steps (last 100): 1.13
  halt_acc: cell=99.94%, puzzle=95.50%
  eval_avg_halt_step: 1.08
  per_H_acc: ['H0=0.1%', 'H1=0.0%', 'H2=0.0%']
  H_cos: ['0.719', '0.918']
  z_H_delta: ['23.250', '18.625']
  cells: fixed=[0, 0] broken=[63, 0]
  per_ACT_cell_acc: ['H1=87.3%', 'H2=90.9%', 'H3=99.8%', 'H4=99.9%', 'H5=99.9%', 'H6=99.9%', 'H7=99.9%', 'H8=99.9%', 'H9=99.9%', 'H10=99.9%', 'H11=99.9%', 'H12=99.9%', 'H13=99.9%', 'H14=99.9%', 'H15=99.9%', 'H16=99.9%']
  per_ACT_puzzle_acc: ['H1=0.0%', 'H2=0.0%', 'H3=84.6%', 'H4=93.3%', 'H5=94.2%', 'H6=94.2%', 'H7=94.2%', 'H8=94.2%', 'H9=94.2%', 'H10=94.2%', 'H11=94.2%', 'H12=94.2%', 'H13=94.2%', 'H14=94.2%', 'H15=94.2%', 'H16=94.2%']
  mean_sigmoid_q_halt: ['0.052', '0.151', '0.871', '0.953', '0.965', '0.965', '0.969', '0.973', '0.973', '0.973', '0.969', '0.969', '0.973', '0.973', '0.973', '0.973']
  halt_rates: ['0.00', '0.00', '0.89', '0.99', '0.99', '0.99', '1.00', '1.00', '1.00', '1.00', '1.00', '1.00', '1.00', '1.00', '1.00', '1.00']
  halt_histogram %: [59.5, 29.2, 5.2, 1.4, 0.6, 0.4, 0.3, 0.2, 0.2, 0.2, 0.1, 0.1, 0.1, 0.1, 0.1, 2.1]
  Avg ACT steps (last 100): 1.13
  saved: /home/jvdillon/projects/sic/code/maze/ckpts/x07l/step05500.pt acc=99.09% (0.055s)
Step  5500  Test 99.09% / 78.40%  Train lm=0.6641±0.0025ϵ[0.6641,0.6797] n_halted=99.0520±18.5003ϵ[1.0000,120.0000]  TrainAcc 99.95%/96.70%  (55.363s / 180.292s)
  n_active=128.0000±0.0000ϵ[128.0000,128.0000] n_expunged=0.0000±0.0000ϵ[0.0000,0.0000] pool_util=1.0000±0.0000ϵ[1.0000,1.0000]
  path_valid=79.80%, exact_match=58.30%
  halt_acc: cell=99.15%, puzzle=67.70%
  eval_avg_halt_step: 2.86
  per_H_acc: ['H0=1.1%', 'H1=0.0%', 'H2=0.0%']
  H_cos: ['0.758', '0.898']
  z_H_delta: ['22.500', '19.250']
  cells: fixed=[0, 0] broken=[2383, 0]
  per_ACT_cell_acc: ['H1=86.4%', 'H2=88.3%', 'H3=98.7%', 'H4=98.9%', 'H5=99.1%', 'H6=99.1%', 'H7=99.1%', 'H8=99.1%', 'H9=99.1%', 'H10=99.1%', 'H11=99.1%', 'H12=99.1%', 'H13=99.1%', 'H14=99.1%', 'H15=99.1%', 'H16=99.0%']
  per_ACT_puzzle_acc: ['H1=0.0%', 'H2=0.0%', 'H3=40.9%', 'H4=59.9%', 'H5=65.5%', 'H6=69.0%', 'H7=69.8%', 'H8=66.4%', 'H9=65.5%', 'H10=65.1%', 'H11=64.2%', 'H12=62.9%', 'H13=62.9%', 'H14=62.9%', 'H15=62.5%', 'H16=62.1%']
  mean_sigmoid_q_halt: ['0.139', '0.200', '0.459', '0.691', '0.691', '0.746', '0.762', '0.762', '0.762', '0.770', '0.766', '0.762', '0.758', '0.762', '0.758', '0.758']
  halt_rates: ['0.00', '0.00', '0.42', '0.71', '0.71', '0.80', '0.79', '0.79', '0.79', '0.80', '0.80', '0.78', '0.80', '0.80', '0.78', '0.79']
  halt_histogram %: [61.9, 27.7, 4.8, 1.3, 0.6, 0.4, 0.3, 0.2, 0.2, 0.2, 0.1, 0.1, 0.1, 0.1, 0.1, 1.9]
  Avg ACT steps (last 100): 1.23
  halt_acc: cell=99.91%, puzzle=92.30%
  eval_avg_halt_step: 1.46
  per_H_acc: ['H0=1.3%', 'H1=0.0%', 'H2=0.0%']
  H_cos: ['0.754', '0.891']
  z_H_delta: ['22.500', '19.375']
  cells: fixed=[0, 0] broken=[1233, 0]
  per_ACT_cell_acc: ['H1=86.1%', 'H2=88.4%', 'H3=99.9%', 'H4=100.0%', 'H5=100.0%', 'H6=99.9%', 'H7=99.9%', 'H8=99.9%', 'H9=99.9%', 'H10=99.8%', 'H11=99.8%', 'H12=99.8%', 'H13=99.7%', 'H14=99.7%', 'H15=99.7%', 'H16=99.7%']
  per_ACT_puzzle_acc: ['H1=0.0%', 'H2=0.0%', 'H3=79.8%', 'H4=91.3%', 'H5=93.3%', 'H6=92.3%', 'H7=90.4%', 'H8=87.5%', 'H9=84.6%', 'H10=81.7%', 'H11=78.8%', 'H12=80.8%', 'H13=77.9%', 'H14=76.9%', 'H15=76.0%', 'H16=76.9%']
  mean_sigmoid_q_halt: ['0.139', '0.201', '0.754', '0.891', '0.875', '0.871', '0.871', '0.855', '0.836', '0.820', '0.809', '0.797', '0.793', '0.789', '0.777', '0.785']
  halt_rates: ['0.00', '0.00', '0.77', '0.92', '0.93', '0.91', '0.91', '0.89', '0.89', '0.87', '0.86', '0.83', '0.84', '0.84', '0.82', '0.83']
  halt_histogram %: [61.9, 27.7, 4.8, 1.3, 0.6, 0.4, 0.3, 0.2, 0.2, 0.2, 0.1, 0.1, 0.1, 0.1, 0.1, 1.9]
  Avg ACT steps (last 100): 1.23
  saved: /home/jvdillon/projects/sic/code/maze/ckpts/x07l/step06000.pt acc=99.00% (0.056s)
Step  6000  Test 99.00% / 72.20%  Train lm=0.6680±0.0029ϵ[0.6641,0.6836] n_halted=95.3400±22.9605ϵ[0.0000,120.0000]  TrainAcc 99.71%/75.30%  (55.552s / 180.261s)
  n_active=128.0000±0.0000ϵ[128.0000,128.0000] n_expunged=0.0000±0.0000ϵ[0.0000,0.0000] pool_util=1.0000±0.0000ϵ[1.0000,1.0000]
  path_valid=95.10%, exact_match=78.40%
  halt_acc: cell=99.25%, puzzle=67.20%
  eval_avg_halt_step: 1.53
  per_H_acc: ['H0=0.0%', 'H1=0.0%', 'H2=0.0%']
  H_cos: ['0.773', '0.902']
  z_H_delta: ['22.250', '20.500']
  cells: fixed=[0, 0] broken=[89, 0]
  per_ACT_cell_acc: ['H1=87.5%', 'H2=88.7%', 'H3=99.1%', 'H4=99.3%', 'H5=99.3%', 'H6=99.3%', 'H7=99.4%', 'H8=99.4%', 'H9=99.4%', 'H10=99.3%', 'H11=99.4%', 'H12=99.4%', 'H13=99.4%', 'H14=99.3%', 'H15=99.4%', 'H16=99.4%']
  per_ACT_puzzle_acc: ['H1=0.0%', 'H2=0.0%', 'H3=49.6%', 'H4=62.5%', 'H5=72.0%', 'H6=77.2%', 'H7=76.7%', 'H8=76.3%', 'H9=77.2%', 'H10=77.6%', 'H11=78.0%', 'H12=77.6%', 'H13=78.0%', 'H14=77.6%', 'H15=76.7%', 'H16=78.9%']
  mean_sigmoid_q_halt: ['0.239', '0.270', '0.676', '0.793', '0.836', '0.891', '0.887', '0.906', '0.918', '0.926', '0.926', '0.930', '0.941', '0.938', '0.938', '0.945']
  halt_rates: ['0.00', '0.00', '0.68', '0.82', '0.85', '0.91', '0.90', '0.93', '0.92', '0.94', '0.93', '0.94', '0.97', '0.96', '0.95', '0.96']
  halt_histogram %: [64.1, 26.3, 4.5, 1.2, 0.5, 0.4, 0.3, 0.2, 0.2, 0.1, 0.1, 0.1, 0.1, 0.1, 0.1, 1.7]
  Avg ACT steps (last 100): 1.21
  halt_acc: cell=99.97%, puzzle=97.00%
  eval_avg_halt_step: 1.06
  per_H_acc: ['H0=0.0%', 'H1=0.0%', 'H2=0.0%']
  H_cos: ['0.773', '0.895']
  z_H_delta: ['22.375', '20.625']
  cells: fixed=[0, 0] broken=[36, 0]
  per_ACT_cell_acc: ['H1=87.4%', 'H2=88.7%', 'H3=100.0%', 'H4=100.0%', 'H5=100.0%', 'H6=100.0%', 'H7=100.0%', 'H8=100.0%', 'H9=100.0%', 'H10=100.0%', 'H11=100.0%', 'H12=100.0%', 'H13=100.0%', 'H14=100.0%', 'H15=100.0%', 'H16=100.0%']
  per_ACT_puzzle_acc: ['H1=0.0%', 'H2=0.0%', 'H3=97.1%', 'H4=95.2%', 'H5=99.0%', 'H6=99.0%', 'H7=99.0%', 'H8=99.0%', 'H9=100.0%', 'H10=99.0%', 'H11=99.0%', 'H12=99.0%', 'H13=99.0%', 'H14=100.0%', 'H15=99.0%', 'H16=99.0%']
  mean_sigmoid_q_halt: ['0.238', '0.270', '0.961', '0.977', '0.969', '0.988', '0.980', '0.977', '0.988', '0.984', '0.984', '0.984', '0.980', '0.988', '0.984', '0.984']
  halt_rates: ['0.00', '0.00', '0.98', '1.00', '0.99', '1.00', '0.99', '0.99', '1.00', '1.00', '1.00', '1.00', '0.99', '1.00', '1.00', '1.00']
  halt_histogram %: [64.1, 26.3, 4.5, 1.2, 0.5, 0.4, 0.3, 0.2, 0.2, 0.1, 0.1, 0.1, 0.1, 0.1, 0.1, 1.7]
  Avg ACT steps (last 100): 1.21
  saved: /home/jvdillon/projects/sic/code/maze/ckpts/x07l/step06500.pt acc=99.36% (0.058s)
  saved: /home/jvdillon/projects/sic/code/maze/ckpts/x07l/best.pt acc=99.36% (0.141s)
Step  6500  Test 99.36% / 87.10%  Train lm=0.6641±0.0018ϵ[0.6641,0.6758] n_halted=102.2840±12.9443ϵ[32.0000,121.0000]  TrainAcc 99.95%/96.20%  (55.472s / 180.383s)
  n_active=128.0000±0.0000ϵ[128.0000,128.0000] n_expunged=0.0000±0.0000ϵ[0.0000,0.0000] pool_util=1.0000±0.0000ϵ[1.0000,1.0000]
  path_valid=98.00%, exact_match=71.50%
  halt_acc: cell=99.17%, puzzle=70.80%
  eval_avg_halt_step: 1.90
  per_H_acc: ['H0=0.0%', 'H1=0.0%', 'H2=0.0%']
  H_cos: ['0.734', '0.883']
  z_H_delta: ['24.750', '19.875']
  cells: fixed=[0, 0] broken=[0, 0]
  per_ACT_cell_acc: ['H1=87.5%', 'H2=86.9%', 'H3=98.7%', 'H4=99.0%', 'H5=99.1%', 'H6=99.1%', 'H7=99.1%', 'H8=99.1%', 'H9=99.1%', 'H10=99.0%', 'H11=99.0%', 'H12=99.0%', 'H13=99.0%', 'H14=99.0%', 'H15=99.0%', 'H16=99.1%']
  per_ACT_puzzle_acc: ['H1=0.0%', 'H2=0.0%', 'H3=48.7%', 'H4=65.5%', 'H5=71.6%', 'H6=72.4%', 'H7=72.4%', 'H8=72.8%', 'H9=72.8%', 'H10=72.4%', 'H11=73.3%', 'H12=72.0%', 'H13=72.8%', 'H14=72.0%', 'H15=72.8%', 'H16=72.4%']
  mean_sigmoid_q_halt: ['0.566', '0.153', '0.555', '0.699', '0.809', '0.875', '0.898', '0.910', '0.918', '0.914', '0.918', '0.914', '0.914', '0.918', '0.922', '0.922']
  halt_rates: ['0.98', '0.00', '0.51', '0.71', '0.84', '0.91', '0.91', '0.93', '0.94', '0.93', '0.93', '0.91', '0.93', '0.93', '0.94', '0.94']
  halt_histogram %: [66.1, 25.0, 4.2, 1.1, 0.5, 0.3, 0.2, 0.2, 0.2, 0.1, 0.1, 0.1, 0.1, 0.1, 0.1, 1.5]
  Avg ACT steps (last 100): 1.15
  halt_acc: cell=99.97%, puzzle=96.00%
  eval_avg_halt_step: 1.18
  per_H_acc: ['H0=0.0%', 'H1=0.0%', 'H2=0.0%']
  H_cos: ['0.730', '0.879']
  z_H_delta: ['24.750', '20.125']
  cells: fixed=[0, 0] broken=[0, 0]
  per_ACT_cell_acc: ['H1=87.4%', 'H2=87.2%', 'H3=99.9%', 'H4=100.0%', 'H5=100.0%', 'H6=100.0%', 'H7=100.0%', 'H8=100.0%', 'H9=99.9%', 'H10=99.9%', 'H11=99.9%', 'H12=99.9%', 'H13=99.9%', 'H14=99.9%', 'H15=99.9%', 'H16=99.9%']
  per_ACT_puzzle_acc: ['H1=0.0%', 'H2=0.0%', 'H3=83.7%', 'H4=95.2%', 'H5=98.1%', 'H6=98.1%', 'H7=97.1%', 'H8=97.1%', 'H9=97.1%', 'H10=97.1%', 'H11=97.1%', 'H12=96.2%', 'H13=95.2%', 'H14=95.2%', 'H15=93.3%', 'H16=93.3%']
  mean_sigmoid_q_halt: ['0.562', '0.150', '0.871', '0.906', '0.949', '0.957', '0.953', '0.953', '0.957', '0.961', '0.961', '0.957', '0.973', '0.969', '0.957', '0.957']
  halt_rates: ['0.98', '0.00', '0.89', '0.92', '0.98', '0.97', '0.96', '0.96', '0.96', '0.97', '0.97', '0.97', '0.99', '0.98', '0.96', '0.97']
  halt_histogram %: [66.1, 25.0, 4.2, 1.1, 0.5, 0.3, 0.2, 0.2, 0.2, 0.1, 0.1, 0.1, 0.1, 0.1, 0.1, 1.5]
  Avg ACT steps (last 100): 1.15
  saved: /home/jvdillon/projects/sic/code/maze/ckpts/x07l/step07000.pt acc=99.18% (0.056s)
Step  7000  Test 99.18% / 83.30%  Train lm=0.6641±0.0016ϵ[0.6641,0.6758] n_halted=106.7020±8.4648ϵ[22.0000,119.0000]  TrainAcc 99.90%/89.70%  (55.367s / 180.232s)
  n_active=128.0000±0.0000ϵ[128.0000,128.0000] n_expunged=0.0000±0.0000ϵ[0.0000,0.0000] pool_util=1.0000±0.0000ϵ[1.0000,1.0000]
  path_valid=97.70%, exact_match=70.50%
  halt_acc: cell=99.21%, puzzle=73.10%
  eval_avg_halt_step: 1.40
  per_H_acc: ['H0=0.0%', 'H1=0.0%', 'H2=0.0%']
  H_cos: ['0.867', '0.926']
  z_H_delta: ['23.250', '15.000']
  cells: fixed=[0, 0] broken=[0, 0]
  per_ACT_cell_acc: ['H1=87.5%', 'H2=89.2%', 'H3=99.1%', 'H4=99.1%', 'H5=99.1%', 'H6=99.1%', 'H7=99.2%', 'H8=99.2%', 'H9=99.2%', 'H10=99.2%', 'H11=99.2%', 'H12=99.2%', 'H13=99.2%', 'H14=99.2%', 'H15=99.2%', 'H16=99.1%']
  per_ACT_puzzle_acc: ['H1=0.0%', 'H2=0.0%', 'H3=59.5%', 'H4=71.6%', 'H5=73.7%', 'H6=74.1%', 'H7=73.7%', 'H8=73.7%', 'H9=74.1%', 'H10=74.1%', 'H11=72.8%', 'H12=72.4%', 'H13=72.0%', 'H14=70.3%', 'H15=69.8%', 'H16=69.4%']
  mean_sigmoid_q_halt: ['0.594', '0.352', '0.715', '0.855', '0.883', '0.883', '0.883', '0.883', '0.879', '0.883', '0.887', '0.883', '0.887', '0.887', '0.887', '0.891']
  halt_rates: ['1.00', '0.01', '0.69', '0.88', '0.95', '0.95', '0.96', '0.98', '0.99', '0.99', '0.99', '0.98', '0.99', '0.99', '0.99', '0.99']
  halt_histogram %: [67.4, 24.4, 4.0, 1.0, 0.4, 0.3, 0.2, 0.2, 0.2, 0.1, 0.1, 0.1, 0.1, 0.1, 0.1, 1.4]
  Avg ACT steps (last 100): 1.13
  halt_acc: cell=99.98%, puzzle=98.50%
  eval_avg_halt_step: 1.04
  per_H_acc: ['H0=0.0%', 'H1=0.0%', 'H2=0.0%']
  H_cos: ['0.867', '0.926']
  z_H_delta: ['23.250', '14.938']
  cells: fixed=[0, 0] broken=[0, 0]
  per_ACT_cell_acc: ['H1=87.4%', 'H2=89.4%', 'H3=99.9%', 'H4=100.0%', 'H5=100.0%', 'H6=99.9%', 'H7=99.9%', 'H8=99.9%', 'H9=99.9%', 'H10=99.9%', 'H11=99.9%', 'H12=99.9%', 'H13=99.9%', 'H14=99.9%', 'H15=99.9%', 'H16=99.9%']
  per_ACT_puzzle_acc: ['H1=0.0%', 'H2=0.0%', 'H3=96.2%', 'H4=99.0%', 'H5=99.0%', 'H6=98.1%', 'H7=98.1%', 'H8=98.1%', 'H9=98.1%', 'H10=98.1%', 'H11=97.1%', 'H12=97.1%', 'H13=97.1%', 'H14=97.1%', 'H15=97.1%', 'H16=97.1%']
  mean_sigmoid_q_halt: ['0.598', '0.352', '0.961', '0.977', '0.957', '0.938', '0.922', '0.914', '0.906', '0.902', '0.902', '0.902', '0.898', '0.898', '0.898', '0.898']
  halt_rates: ['1.00', '0.00', '0.98', '1.00', '1.00', '1.00', '0.99', '1.00', '1.00', '1.00', '1.00', '1.00', '1.00', '1.00', '1.00', '1.00']
  halt_histogram %: [67.4, 24.4, 4.0, 1.0, 0.4, 0.3, 0.2, 0.2, 0.2, 0.1, 0.1, 0.1, 0.1, 0.1, 0.1, 1.4]
  Avg ACT steps (last 100): 1.13
  saved: /home/jvdillon/projects/sic/code/maze/ckpts/x07l/step07500.pt acc=99.19% (0.058s)
Step  7500  Test 99.19% / 84.70%  Train lm=0.6641±0.0016ϵ[0.6641,0.6758] n_halted=103.5980±8.2732ϵ[57.0000,120.0000]  TrainAcc 99.96%/91.30%  (55.383s / 180.368s)
  n_active=128.0000±0.0000ϵ[128.0000,128.0000] n_expunged=0.0000±0.0000ϵ[0.0000,0.0000] pool_util=1.0000±0.0000ϵ[1.0000,1.0000]
  path_valid=96.60%, exact_match=74.50%
  halt_acc: cell=99.15%, puzzle=67.50%
  eval_avg_halt_step: 1.68
  per_H_acc: ['H0=0.0%', 'H1=0.0%', 'H2=0.0%']
  H_cos: ['0.852', '0.930']
  z_H_delta: ['22.125', '19.875']
  cells: fixed=[0, 0] broken=[0, 0]
  per_ACT_cell_acc: ['H1=87.5%', 'H2=89.6%', 'H3=99.0%', 'H4=99.1%', 'H5=99.1%', 'H6=99.2%', 'H7=99.2%', 'H8=99.2%', 'H9=99.2%', 'H10=99.2%', 'H11=99.2%', 'H12=99.2%', 'H13=99.2%', 'H14=99.2%', 'H15=99.2%', 'H16=99.2%']
  per_ACT_puzzle_acc: ['H1=0.0%', 'H2=0.0%', 'H3=47.8%', 'H4=57.8%', 'H5=68.5%', 'H6=72.4%', 'H7=74.6%', 'H8=75.4%', 'H9=76.3%', 'H10=76.3%', 'H11=76.3%', 'H12=76.3%', 'H13=75.9%', 'H14=76.3%', 'H15=76.3%', 'H16=76.3%']
  mean_sigmoid_q_halt: ['0.287', '0.031', '0.617', '0.637', '0.832', '0.883', '0.914', '0.926', '0.938', '0.945', '0.949', '0.949', '0.949', '0.957', '0.957', '0.957']
  halt_rates: ['0.00', '0.00', '0.59', '0.64', '0.84', '0.90', '0.92', '0.93', '0.95', '0.96', '0.96', '0.97', '0.96', '0.97', '0.97', '0.97']
  halt_histogram %: [68.9, 23.4, 3.8, 0.9, 0.4, 0.3, 0.2, 0.2, 0.1, 0.1, 0.1, 0.1, 0.1, 0.1, 0.0, 1.3]
  Avg ACT steps (last 100): 1.18
  halt_acc: cell=99.94%, puzzle=93.60%
  eval_avg_halt_step: 1.14
  per_H_acc: ['H0=0.0%', 'H1=0.0%', 'H2=0.0%']
  H_cos: ['0.852', '0.926']
  z_H_delta: ['22.125', '20.125']
  cells: fixed=[0, 0] broken=[0, 0]
  per_ACT_cell_acc: ['H1=87.5%', 'H2=89.8%', 'H3=99.8%', 'H4=99.9%', 'H5=99.9%', 'H6=99.9%', 'H7=99.9%', 'H8=99.9%', 'H9=99.9%', 'H10=99.9%', 'H11=99.9%', 'H12=99.9%', 'H13=99.9%', 'H14=99.9%', 'H15=99.9%', 'H16=99.9%']
  per_ACT_puzzle_acc: ['H1=0.0%', 'H2=0.0%', 'H3=87.5%', 'H4=93.3%', 'H5=94.2%', 'H6=97.1%', 'H7=95.2%', 'H8=95.2%', 'H9=95.2%', 'H10=96.2%', 'H11=97.1%', 'H12=97.1%', 'H13=96.2%', 'H14=95.2%', 'H15=95.2%', 'H16=94.2%']
  mean_sigmoid_q_halt: ['0.289', '0.032', '0.859', '0.848', '0.949', '0.953', '0.961', '0.961', '0.961', '0.969', '0.977', '0.977', '0.977', '0.973', '0.969', '0.973']
  halt_rates: ['0.00', '0.00', '0.88', '0.93', '0.97', '0.97', '0.98', '0.98', '0.98', '0.98', '0.99', '0.99', '0.99', '0.98', '0.98', '0.98']
  halt_histogram %: [68.9, 23.4, 3.8, 0.9, 0.4, 0.3, 0.2, 0.2, 0.1, 0.1, 0.1, 0.1, 0.1, 0.1, 0.0, 1.3]
  Avg ACT steps (last 100): 1.18
  saved: /home/jvdillon/projects/sic/code/maze/ckpts/x07l/step08000.pt acc=99.18% (0.058s)
Step  8000  Test 99.18% / 85.00%  Train lm=0.6641±0.0021ϵ[0.6641,0.6797] n_halted=106.3960±13.9663ϵ[0.0000,122.0000]  TrainAcc 99.94%/95.00%  (55.389s / 180.210s)
  n_active=128.0000±0.0000ϵ[128.0000,128.0000] n_expunged=0.0000±0.0000ϵ[0.0000,0.0000] pool_util=1.0000±0.0000ϵ[1.0000,1.0000]
  path_valid=98.60%, exact_match=78.50%
  halt_acc: cell=99.23%, puzzle=73.30%
  eval_avg_halt_step: 1.53
  per_H_acc: ['H0=0.0%', 'H1=0.0%', 'H2=0.0%']
  H_cos: ['0.934', '0.922']
  z_H_delta: ['22.000', '15.938']
  cells: fixed=[0, 0] broken=[0, 0]
  per_ACT_cell_acc: ['H1=87.5%', 'H2=87.5%', 'H3=99.0%', 'H4=99.2%', 'H5=99.2%', 'H6=99.2%', 'H7=99.2%', 'H8=99.2%', 'H9=99.2%', 'H10=99.2%', 'H11=99.2%', 'H12=99.2%', 'H13=99.2%', 'H14=99.2%', 'H15=99.2%', 'H16=99.2%']
  per_ACT_puzzle_acc: ['H1=0.0%', 'H2=0.0%', 'H3=53.9%', 'H4=73.7%', 'H5=75.9%', 'H6=76.7%', 'H7=78.4%', 'H8=78.4%', 'H9=78.9%', 'H10=78.9%', 'H11=78.9%', 'H12=78.9%', 'H13=78.9%', 'H14=78.9%', 'H15=78.4%', 'H16=78.4%']
  mean_sigmoid_q_halt: ['0.473', '0.633', '0.621', '0.902', '0.930', '0.945', '0.957', '0.957', '0.961', '0.961', '0.965', '0.965', '0.965', '0.965', '0.965', '0.965']
  halt_rates: ['0.01', '1.00', '0.59', '0.92', '0.94', '0.97', '0.98', '0.98', '0.99', '0.99', '0.99', '0.99', '0.99', '0.99', '0.99', '0.99']
  halt_histogram %: [70.0, 22.7, 3.6, 0.9, 0.4, 0.3, 0.2, 0.2, 0.1, 0.1, 0.1, 0.1, 0.1, 0.1, 0.0, 1.2]
  Avg ACT steps (last 100): 1.35
  halt_acc: cell=99.97%, puzzle=96.80%
  eval_avg_halt_step: 1.09
  per_H_acc: ['H0=0.0%', 'H1=0.0%', 'H2=0.0%']
  H_cos: ['0.934', '0.918']
  z_H_delta: ['22.000', '15.875']
  cells: fixed=[0, 0] broken=[0, 0]
  per_ACT_cell_acc: ['H1=87.4%', 'H2=87.5%', 'H3=100.0%', 'H4=100.0%', 'H5=100.0%', 'H6=100.0%', 'H7=100.0%', 'H8=100.0%', 'H9=100.0%', 'H10=100.0%', 'H11=100.0%', 'H12=100.0%', 'H13=100.0%', 'H14=100.0%', 'H15=100.0%', 'H16=100.0%']
  per_ACT_puzzle_acc: ['H1=0.0%', 'H2=0.0%', 'H3=93.3%', 'H4=98.1%', 'H5=100.0%', 'H6=100.0%', 'H7=100.0%', 'H8=100.0%', 'H9=100.0%', 'H10=100.0%', 'H11=100.0%', 'H12=100.0%', 'H13=100.0%', 'H14=99.0%', 'H15=99.0%', 'H16=99.0%']
  mean_sigmoid_q_halt: ['0.471', '0.629', '0.922', '0.984', '0.984', '0.980', '0.977', '0.973', '0.969', '0.965', '0.965', '0.965', '0.969', '0.969', '0.969', '0.969']
  halt_rates: ['0.01', '0.99', '0.92', '0.98', '1.00', '1.00', '1.00', '1.00', '1.00', '0.99', '0.99', '0.99', '1.00', '1.00', '1.00', '1.00']
  halt_histogram %: [70.0, 22.7, 3.6, 0.9, 0.4, 0.3, 0.2, 0.2, 0.1, 0.1, 0.1, 0.1, 0.1, 0.1, 0.0, 1.2]
  Avg ACT steps (last 100): 1.35
  saved: /home/jvdillon/projects/sic/code/maze/ckpts/x07l/step08500.pt acc=99.27% (0.056s)
Step  8500  Test 99.27% / 86.30%  Train lm=0.6641±0.0024ϵ[0.6641,0.6758] n_halted=102.2560±19.7393ϵ[0.0000,120.0000]  TrainAcc 99.97%/97.20%  (55.379s / 180.365s)
  n_active=128.0000±0.0000ϵ[128.0000,128.0000] n_expunged=0.0000±0.0000ϵ[0.0000,0.0000] pool_util=1.0000±0.0000ϵ[1.0000,1.0000]
  path_valid=95.80%, exact_match=75.10%
  halt_acc: cell=99.15%, puzzle=69.40%
  eval_avg_halt_step: 1.56
  per_H_acc: ['H0=0.0%', 'H1=0.0%', 'H2=0.0%']
  H_cos: ['0.895', '0.848']
  z_H_delta: ['26.375', '22.250']
  cells: fixed=[0, 0] broken=[0, 0]
  per_ACT_cell_acc: ['H1=87.5%', 'H2=69.3%', 'H3=98.9%', 'H4=99.1%', 'H5=99.2%', 'H6=99.2%', 'H7=99.2%', 'H8=99.2%', 'H9=99.2%', 'H10=99.2%', 'H11=99.1%', 'H12=99.2%', 'H13=99.1%', 'H14=99.1%', 'H15=99.1%', 'H16=99.1%']
  per_ACT_puzzle_acc: ['H1=0.0%', 'H2=0.0%', 'H3=54.3%', 'H4=70.7%', 'H5=73.7%', 'H6=74.6%', 'H7=74.6%', 'H8=75.0%', 'H9=75.4%', 'H10=75.4%', 'H11=74.1%', 'H12=74.6%', 'H13=73.3%', 'H14=73.3%', 'H15=73.7%', 'H16=74.1%']
  mean_sigmoid_q_halt: ['0.475', '0.082', '0.727', '0.855', '0.918', '0.941', '0.941', '0.941', '0.941', '0.945', '0.945', '0.945', '0.945', '0.949', '0.938', '0.941']
  halt_rates: ['0.08', '0.00', '0.72', '0.85', '0.93', '0.95', '0.94', '0.94', '0.94', '0.95', '0.95', '0.95', '0.95', '0.96', '0.94', '0.94']
  halt_histogram %: [70.9, 22.1, 3.5, 0.9, 0.4, 0.3, 0.2, 0.2, 0.1, 0.1, 0.1, 0.1, 0.1, 0.1, 0.0, 1.1]
  Avg ACT steps (last 100): 1.13
  halt_acc: cell=99.98%, puzzle=97.10%
  eval_avg_halt_step: 1.07
  per_H_acc: ['H0=0.0%', 'H1=0.0%', 'H2=0.0%']
  H_cos: ['0.895', '0.844']
  z_H_delta: ['26.375', '22.250']
  cells: fixed=[0, 0] broken=[0, 0]
  per_ACT_cell_acc: ['H1=87.4%', 'H2=69.5%', 'H3=100.0%', 'H4=100.0%', 'H5=100.0%', 'H6=100.0%', 'H7=100.0%', 'H8=100.0%', 'H9=100.0%', 'H10=100.0%', 'H11=100.0%', 'H12=100.0%', 'H13=100.0%', 'H14=100.0%', 'H15=100.0%', 'H16=100.0%']
  per_ACT_puzzle_acc: ['H1=0.0%', 'H2=0.0%', 'H3=94.2%', 'H4=99.0%', 'H5=100.0%', 'H6=100.0%', 'H7=99.0%', 'H8=99.0%', 'H9=99.0%', 'H10=99.0%', 'H11=98.1%', 'H12=97.1%', 'H13=97.1%', 'H14=97.1%', 'H15=96.2%', 'H16=95.2%']
  mean_sigmoid_q_halt: ['0.475', '0.081', '0.961', '0.973', '0.992', '0.996', '0.996', '0.988', '0.984', '0.984', '0.980', '0.973', '0.973', '0.973', '0.973', '0.973']
  halt_rates: ['0.02', '0.00', '0.97', '0.99', '1.00', '1.00', '1.00', '0.99', '0.99', '0.99', '0.99', '0.97', '0.98', '0.97', '0.98', '0.98']
  halt_histogram %: [70.9, 22.1, 3.5, 0.9, 0.4, 0.3, 0.2, 0.2, 0.1, 0.1, 0.1, 0.1, 0.1, 0.1, 0.0, 1.1]
  Avg ACT steps (last 100): 1.13
  saved: /home/jvdillon/projects/sic/code/maze/ckpts/x07l/step09000.pt acc=99.18% (0.055s)
Step  9000  Test 99.18% / 83.80%  Train lm=0.6641±0.0026ϵ[0.6641,0.6836] n_halted=102.1880±19.3948ϵ[0.0000,120.0000]  TrainAcc 99.97%/96.20%  (55.392s / 180.329s)
  n_active=128.0000±0.0000ϵ[128.0000,128.0000] n_expunged=0.0000±0.0000ϵ[0.0000,0.0000] pool_util=1.0000±0.0000ϵ[1.0000,1.0000]
  path_valid=98.30%, exact_match=79.50%
  halt_acc: cell=99.25%, puzzle=72.60%
  eval_avg_halt_step: 1.41
  per_H_acc: ['H0=0.0%', 'H1=0.0%', 'H2=0.0%']
  H_cos: ['0.934', '0.930']
  z_H_delta: ['19.875', '20.500']
  cells: fixed=[0, 0] broken=[0, 0]
  per_ACT_cell_acc: ['H1=87.4%', 'H2=88.9%', 'H3=98.9%', 'H4=99.1%', 'H5=99.2%', 'H6=99.2%', 'H7=99.2%', 'H8=99.3%', 'H9=99.3%', 'H10=99.3%', 'H11=99.3%', 'H12=99.3%', 'H13=99.3%', 'H14=99.2%', 'H15=99.3%', 'H16=99.3%']
  per_ACT_puzzle_acc: ['H1=0.0%', 'H2=0.0%', 'H3=60.3%', 'H4=69.0%', 'H5=75.0%', 'H6=77.2%', 'H7=78.0%', 'H8=78.9%', 'H9=78.4%', 'H10=78.4%', 'H11=78.4%', 'H12=78.4%', 'H13=78.4%', 'H14=78.4%', 'H15=78.4%', 'H16=78.9%']
  mean_sigmoid_q_halt: ['0.196', '0.074', '0.730', '0.758', '0.914', '0.934', '0.941', '0.961', '0.957', '0.953', '0.957', '0.961', '0.961', '0.957', '0.957', '0.961']
  halt_rates: ['0.00', '0.00', '0.73', '0.79', '0.93', '0.94', '0.96', '0.97', '0.96', '0.96', '0.97', '0.97', '0.97', '0.96', '0.96', '0.97']
  halt_histogram %: [71.9, 21.5, 3.4, 0.8, 0.3, 0.2, 0.2, 0.1, 0.1, 0.1, 0.1, 0.1, 0.1, 0.0, 0.0, 1.0]
  Avg ACT steps (last 100): 1.22
  halt_acc: cell=99.99%, puzzle=98.80%
  eval_avg_halt_step: 1.03
  per_H_acc: ['H0=0.0%', 'H1=0.0%', 'H2=0.0%']
  H_cos: ['0.930', '0.930']
  z_H_delta: ['19.875', '20.875']
  cells: fixed=[0, 0] broken=[0, 0]
  per_ACT_cell_acc: ['H1=87.3%', 'H2=89.0%', 'H3=100.0%', 'H4=100.0%', 'H5=100.0%', 'H6=100.0%', 'H7=100.0%', 'H8=100.0%', 'H9=100.0%', 'H10=100.0%', 'H11=100.0%', 'H12=100.0%', 'H13=100.0%', 'H14=100.0%', 'H15=100.0%', 'H16=100.0%']
  per_ACT_puzzle_acc: ['H1=0.0%', 'H2=0.0%', 'H3=97.1%', 'H4=100.0%', 'H5=100.0%', 'H6=99.0%', 'H7=100.0%', 'H8=100.0%', 'H9=100.0%', 'H10=100.0%', 'H11=100.0%', 'H12=100.0%', 'H13=100.0%', 'H14=100.0%', 'H15=100.0%', 'H16=100.0%']
  mean_sigmoid_q_halt: ['0.194', '0.074', '0.973', '0.953', '0.992', '0.992', '0.996', '0.992', '0.996', '0.996', '0.992', '0.992', '0.996', '0.996', '0.992', '0.992']
  halt_rates: ['0.00', '0.00', '0.98', '0.99', '1.00', '0.99', '1.00', '1.00', '1.00', '1.00', '1.00', '1.00', '1.00', '1.00', '1.00', '1.00']
  halt_histogram %: [71.9, 21.5, 3.4, 0.8, 0.3, 0.2, 0.2, 0.1, 0.1, 0.1, 0.1, 0.1, 0.1, 0.0, 0.0, 1.0]
  Avg ACT steps (last 100): 1.22
  saved: /home/jvdillon/projects/sic/code/maze/ckpts/x07l/step09500.pt acc=99.30% (0.057s)
Step  9500  Test 99.30% / 87.00%  Train lm=0.6641±0.0017ϵ[0.6641,0.6797] n_halted=107.8120±10.5546ϵ[15.0000,123.0000]  TrainAcc 99.99%/99.20%  (55.409s / 180.321s)
  n_active=128.0000±0.0000ϵ[128.0000,128.0000] n_expunged=0.0000±0.0000ϵ[0.0000,0.0000] pool_util=1.0000±0.0000ϵ[1.0000,1.0000]
  path_valid=97.00%, exact_match=70.70%
  halt_acc: cell=99.25%, puzzle=71.00%
  eval_avg_halt_step: 1.34
  per_H_acc: ['H0=0.0%', 'H1=0.0%', 'H2=0.0%']
  H_cos: ['0.918', '0.945']
  z_H_delta: ['19.625', '13.688']
  cells: fixed=[0, 0] broken=[0, 0]
  per_ACT_cell_acc: ['H1=87.5%', 'H2=90.3%', 'H3=99.0%', 'H4=99.2%', 'H5=99.3%', 'H6=99.3%', 'H7=99.3%', 'H8=99.3%', 'H9=99.3%', 'H10=99.3%', 'H11=99.3%', 'H12=99.3%', 'H13=99.3%', 'H14=99.3%', 'H15=99.3%', 'H16=99.3%']
  per_ACT_puzzle_acc: ['H1=0.0%', 'H2=0.0%', 'H3=62.5%', 'H4=72.4%', 'H5=78.4%', 'H6=80.6%', 'H7=80.6%', 'H8=81.5%', 'H9=80.6%', 'H10=80.6%', 'H11=80.2%', 'H12=79.7%', 'H13=79.7%', 'H14=79.3%', 'H15=78.4%', 'H16=77.6%']
  mean_sigmoid_q_halt: ['0.229', '0.334', '0.781', '0.836', '0.898', '0.926', '0.934', '0.934', '0.930', '0.934', '0.934', '0.934', '0.934', '0.934', '0.930', '0.926']
  halt_rates: ['0.00', '0.08', '0.77', '0.86', '0.95', '0.97', '0.98', '0.98', '0.98', '0.98', '0.98', '0.98', '0.98', '0.98', '0.99', '0.97']
  halt_histogram %: [72.8, 20.9, 3.2, 0.8, 0.3, 0.2, 0.2, 0.1, 0.1, 0.1, 0.1, 0.1, 0.1, 0.0, 0.0, 1.0]
  Avg ACT steps (last 100): 1.14
  halt_acc: cell=99.97%, puzzle=97.40%
  eval_avg_halt_step: 1.03
  per_H_acc: ['H0=0.0%', 'H1=0.0%', 'H2=0.0%']
  H_cos: ['0.918', '0.945']
  z_H_delta: ['19.625', '13.875']
  cells: fixed=[0, 0] broken=[0, 0]
  per_ACT_cell_acc: ['H1=87.5%', 'H2=90.5%', 'H3=100.0%', 'H4=100.0%', 'H5=100.0%', 'H6=100.0%', 'H7=100.0%', 'H8=100.0%', 'H9=100.0%', 'H10=100.0%', 'H11=100.0%', 'H12=100.0%', 'H13=100.0%', 'H14=100.0%', 'H15=100.0%', 'H16=100.0%']
  per_ACT_puzzle_acc: ['H1=0.0%', 'H2=0.0%', 'H3=95.2%', 'H4=98.1%', 'H5=100.0%', 'H6=100.0%', 'H7=100.0%', 'H8=100.0%', 'H9=100.0%', 'H10=100.0%', 'H11=100.0%', 'H12=100.0%', 'H13=98.1%', 'H14=97.1%', 'H15=95.2%', 'H16=95.2%']
  mean_sigmoid_q_halt: ['0.228', '0.332', '0.957', '0.961', '0.953', '0.957', '0.957', '0.957', '0.953', '0.953', '0.953', '0.953', '0.953', '0.949', '0.949', '0.949']
  halt_rates: ['0.00', '0.09', '0.97', '0.98', '0.99', '1.00', '1.00', '1.00', '1.00', '1.00', '1.00', '1.00', '1.00', '1.00', '1.00', '1.00']
  halt_histogram %: [72.8, 20.9, 3.2, 0.8, 0.3, 0.2, 0.2, 0.1, 0.1, 0.1, 0.1, 0.1, 0.1, 0.0, 0.0, 1.0]
  Avg ACT steps (last 100): 1.14
  saved: /home/jvdillon/projects/sic/code/maze/ckpts/x07l/step10000.pt acc=99.28% (0.055s)
Step 10000  Test 99.28% / 86.40%  Train lm=0.6641±0.0015ϵ[0.6641,0.6719] n_halted=108.6020±5.6660ϵ[72.0000,123.0000]  TrainAcc 99.94%/86.00%  (55.394s / 180.294s)
  n_active=128.0000±0.0000ϵ[128.0000,128.0000] n_expunged=0.0000±0.0000ϵ[0.0000,0.0000] pool_util=1.0000±0.0000ϵ[1.0000,1.0000]
  path_valid=98.30%, exact_match=80.10%
  halt_acc: cell=99.37%, puzzle=79.40%
  eval_avg_halt_step: 1.49
  per_H_acc: ['H0=0.0%', 'H1=0.0%', 'H2=0.0%']
  H_cos: ['0.957', '0.949']
  z_H_delta: ['20.750', '16.250']
  cells: fixed=[0, 0] broken=[0, 0]
  per_ACT_cell_acc: ['H1=87.4%', 'H2=89.3%', 'H3=99.0%', 'H4=99.3%', 'H5=99.3%', 'H6=99.3%', 'H7=99.4%', 'H8=99.4%', 'H9=99.4%', 'H10=99.4%', 'H11=99.4%', 'H12=99.4%', 'H13=99.4%', 'H14=99.4%', 'H15=99.4%', 'H16=99.4%']
  per_ACT_puzzle_acc: ['H1=0.0%', 'H2=0.0%', 'H3=56.5%', 'H4=74.1%', 'H5=78.9%', 'H6=80.6%', 'H7=80.6%', 'H8=80.6%', 'H9=80.6%', 'H10=79.7%', 'H11=79.3%', 'H12=79.3%', 'H13=80.2%', 'H14=79.3%', 'H15=79.7%', 'H16=79.7%']
  mean_sigmoid_q_halt: ['0.414', '0.116', '0.637', '0.852', '0.898', '0.914', '0.910', '0.891', '0.891', '0.887', '0.875', '0.871', '0.871', '0.867', '0.867', '0.863']
  halt_rates: ['0.00', '0.00', '0.62', '0.88', '0.96', '0.97', '0.97', '0.97', '0.97', '0.95', '0.94', '0.94', '0.94', '0.94', '0.94', '0.93']
  halt_histogram %: [73.6, 20.3, 3.1, 0.7, 0.3, 0.2, 0.2, 0.1, 0.1, 0.1, 0.1, 0.1, 0.1, 0.0, 0.0, 0.9]
  Avg ACT steps (last 100): 1.22
  halt_acc: cell=99.98%, puzzle=98.10%
  eval_avg_halt_step: 1.07
  per_H_acc: ['H0=0.0%', 'H1=0.0%', 'H2=0.0%']
  H_cos: ['0.957', '0.945']
  z_H_delta: ['20.750', '16.500']
  cells: fixed=[0, 0] broken=[0, 0]
  per_ACT_cell_acc: ['H1=87.4%', 'H2=89.4%', 'H3=99.9%', 'H4=100.0%', 'H5=100.0%', 'H6=100.0%', 'H7=100.0%', 'H8=100.0%', 'H9=100.0%', 'H10=100.0%', 'H11=100.0%', 'H12=100.0%', 'H13=100.0%', 'H14=100.0%', 'H15=100.0%', 'H16=100.0%']
  per_ACT_puzzle_acc: ['H1=0.0%', 'H2=0.0%', 'H3=93.3%', 'H4=97.1%', 'H5=99.0%', 'H6=99.0%', 'H7=98.1%', 'H8=98.1%', 'H9=98.1%', 'H10=98.1%', 'H11=96.2%', 'H12=97.1%', 'H13=98.1%', 'H14=99.0%', 'H15=97.1%', 'H16=97.1%']
  mean_sigmoid_q_halt: ['0.414', '0.117', '0.906', '0.945', '0.934', '0.930', '0.918', '0.898', '0.895', '0.891', '0.879', '0.887', '0.887', '0.883', '0.887', '0.891']
  halt_rates: ['0.00', '0.00', '0.93', '0.96', '0.98', '0.97', '0.97', '0.97', '0.95', '0.95', '0.95', '0.96', '0.96', '0.96', '0.97', '0.97']
  halt_histogram %: [73.6, 20.3, 3.1, 0.7, 0.3, 0.2, 0.2, 0.1, 0.1, 0.1, 0.1, 0.1, 0.1, 0.0, 0.0, 0.9]
  Avg ACT steps (last 100): 1.22
  saved: /home/jvdillon/projects/sic/code/maze/ckpts/x07l/step10500.pt acc=99.38% (0.057s)
  saved: /home/jvdillon/projects/sic/code/maze/ckpts/x07l/best.pt acc=99.38% (0.137s)
Step 10500  Test 99.38% / 86.40%  Train lm=0.6641±0.0011ϵ[0.6641,0.6680] n_halted=110.0680±5.1045ϵ[82.0000,121.0000]  TrainAcc 99.97%/94.40%  (55.482s / 180.374s)
  n_active=128.0000±0.0000ϵ[128.0000,128.0000] n_expunged=0.0000±0.0000ϵ[0.0000,0.0000] pool_util=1.0000±0.0000ϵ[1.0000,1.0000]
  path_valid=96.40%, exact_match=74.00%
  halt_acc: cell=99.28%, puzzle=74.80%
  eval_avg_halt_step: 1.38
  per_H_acc: ['H0=0.0%', 'H1=0.0%', 'H2=0.0%']
  H_cos: ['0.941', '0.953']
  z_H_delta: ['21.750', '16.250']
  cells: fixed=[0, 0] broken=[0, 0]
  per_ACT_cell_acc: ['H1=87.5%', 'H2=91.0%', 'H3=99.2%', 'H4=99.2%', 'H5=99.3%', 'H6=99.3%', 'H7=99.3%', 'H8=99.3%', 'H9=99.3%', 'H10=99.3%', 'H11=99.2%', 'H12=99.2%', 'H13=99.3%', 'H14=99.3%', 'H15=99.3%', 'H16=99.3%']
  per_ACT_puzzle_acc: ['H1=0.0%', 'H2=0.0%', 'H3=65.1%', 'H4=66.4%', 'H5=74.1%', 'H6=77.2%', 'H7=78.4%', 'H8=78.4%', 'H9=77.6%', 'H10=77.2%', 'H11=76.7%', 'H12=76.3%', 'H13=75.9%', 'H14=76.3%', 'H15=76.7%', 'H16=76.3%']
  mean_sigmoid_q_halt: ['0.350', '0.147', '0.730', '0.777', '0.871', '0.934', '0.957', '0.969', '0.969', '0.973', '0.973', '0.969', '0.965', '0.969', '0.977', '0.973']
  halt_rates: ['0.00', '0.00', '0.73', '0.81', '0.88', '0.94', '0.97', '0.98', '0.98', '0.98', '0.98', '0.98', '0.97', '0.98', '0.99', '0.98']
  halt_histogram %: [74.3, 19.9, 3.0, 0.7, 0.3, 0.2, 0.2, 0.1, 0.1, 0.1, 0.1, 0.1, 0.0, 0.0, 0.0, 0.9]
  Avg ACT steps (last 100): 1.19
  halt_acc: cell=99.98%, puzzle=98.70%
  eval_avg_halt_step: 1.04
  per_H_acc: ['H0=0.0%', 'H1=0.0%', 'H2=0.0%']
  H_cos: ['0.941', '0.949']
  z_H_delta: ['21.750', '16.625']
  cells: fixed=[0, 0] broken=[0, 0]
  per_ACT_cell_acc: ['H1=87.3%', 'H2=90.9%', 'H3=100.0%', 'H4=100.0%', 'H5=100.0%', 'H6=100.0%', 'H7=100.0%', 'H8=100.0%', 'H9=100.0%', 'H10=100.0%', 'H11=100.0%', 'H12=100.0%', 'H13=100.0%', 'H14=100.0%', 'H15=100.0%', 'H16=100.0%']
  per_ACT_puzzle_acc: ['H1=0.0%', 'H2=0.0%', 'H3=97.1%', 'H4=96.2%', 'H5=100.0%', 'H6=99.0%', 'H7=100.0%', 'H8=100.0%', 'H9=100.0%', 'H10=99.0%', 'H11=99.0%', 'H12=99.0%', 'H13=99.0%', 'H14=99.0%', 'H15=98.1%', 'H16=99.0%']
  mean_sigmoid_q_halt: ['0.348', '0.148', '0.977', '0.965', '0.980', '0.988', '0.988', '0.988', '0.988', '0.984', '0.980', '0.977', '0.977', '0.977', '0.977', '0.980']
  halt_rates: ['0.00', '0.00', '0.98', '1.00', '1.00', '0.99', '1.00', '1.00', '1.00', '0.99', '0.99', '0.98', '0.98', '0.98', '0.98', '0.99']
  halt_histogram %: [74.3, 19.9, 3.0, 0.7, 0.3, 0.2, 0.2, 0.1, 0.1, 0.1, 0.1, 0.1, 0.0, 0.0, 0.0, 0.9]
  Avg ACT steps (last 100): 1.19
  saved: /home/jvdillon/projects/sic/code/maze/ckpts/x07l/step11000.pt acc=99.29% (0.056s)
Step 11000  Test 99.29% / 87.40%  Train lm=0.6641±0.0015ϵ[0.6641,0.6719] n_halted=108.0600±7.3771ϵ[59.0000,120.0000]  TrainAcc 99.93%/92.80%  (55.402s / 180.498s)
  n_active=128.0000±0.0000ϵ[128.0000,128.0000] n_expunged=0.0000±0.0000ϵ[0.0000,0.0000] pool_util=1.0000±0.0000ϵ[1.0000,1.0000]
  path_valid=95.10%, exact_match=75.00%
  halt_acc: cell=99.33%, puzzle=76.90%
  eval_avg_halt_step: 1.72
  per_H_acc: ['H0=0.0%', 'H1=0.0%', 'H2=0.0%']
  H_cos: ['0.938', '0.949']
  z_H_delta: ['19.625', '15.938']
  cells: fixed=[0, 0] broken=[0, 0]
  per_ACT_cell_acc: ['H1=87.5%', 'H2=89.3%', 'H3=99.0%', 'H4=99.1%', 'H5=99.3%', 'H6=99.3%', 'H7=99.3%', 'H8=99.3%', 'H9=99.3%', 'H10=99.3%', 'H11=99.3%', 'H12=99.3%', 'H13=99.3%', 'H14=99.3%', 'H15=99.3%', 'H16=99.3%']
  per_ACT_puzzle_acc: ['H1=0.0%', 'H2=0.0%', 'H3=55.6%', 'H4=66.4%', 'H5=72.4%', 'H6=76.3%', 'H7=75.4%', 'H8=77.2%', 'H9=78.0%', 'H10=76.3%', 'H11=76.3%', 'H12=76.7%', 'H13=75.9%', 'H14=75.4%', 'H15=76.3%', 'H16=75.4%']
  mean_sigmoid_q_halt: ['0.412', '0.385', '0.633', '0.699', '0.812', '0.891', '0.883', '0.902', '0.922', '0.918', '0.914', '0.934', '0.930', '0.918', '0.934', '0.934']
  halt_rates: ['0.00', '0.06', '0.63', '0.69', '0.84', '0.90', '0.91', '0.92', '0.93', '0.93', '0.92', '0.95', '0.95', '0.94', '0.96', '0.94']
  halt_histogram %: [74.9, 19.5, 2.9, 0.7, 0.3, 0.2, 0.1, 0.1, 0.1, 0.1, 0.1, 0.1, 0.0, 0.0, 0.0, 0.8]
  Avg ACT steps (last 100): 1.11
  halt_acc: cell=100.00%, puzzle=99.10%
  eval_avg_halt_step: 1.05
  per_H_acc: ['H0=0.0%', 'H1=0.0%', 'H2=0.0%']
  H_cos: ['0.938', '0.945']
  z_H_delta: ['19.625', '16.250']
  cells: fixed=[0, 0] broken=[0, 0]
  per_ACT_cell_acc: ['H1=87.5%', 'H2=89.4%', 'H3=100.0%', 'H4=100.0%', 'H5=100.0%', 'H6=100.0%', 'H7=100.0%', 'H8=100.0%', 'H9=100.0%', 'H10=100.0%', 'H11=100.0%', 'H12=100.0%', 'H13=100.0%', 'H14=100.0%', 'H15=100.0%', 'H16=100.0%']
  per_ACT_puzzle_acc: ['H1=0.0%', 'H2=0.0%', 'H3=100.0%', 'H4=97.1%', 'H5=99.0%', 'H6=100.0%', 'H7=98.1%', 'H8=98.1%', 'H9=98.1%', 'H10=98.1%', 'H11=98.1%', 'H12=98.1%', 'H13=98.1%', 'H14=98.1%', 'H15=97.1%', 'H16=97.1%']
  mean_sigmoid_q_halt: ['0.412', '0.383', '0.969', '0.965', '0.973', '0.980', '0.969', '0.980', '0.980', '0.973', '0.977', '0.973', '0.973', '0.973', '0.977', '0.969']
  halt_rates: ['0.00', '0.07', '0.98', '0.99', '0.98', '0.99', '0.98', '0.99', '0.99', '0.98', '0.99', '0.98', '0.98', '0.98', '0.99', '0.98']
  halt_histogram %: [74.9, 19.5, 2.9, 0.7, 0.3, 0.2, 0.1, 0.1, 0.1, 0.1, 0.1, 0.1, 0.0, 0.0, 0.0, 0.8]
  Avg ACT steps (last 100): 1.11
  saved: /home/jvdillon/projects/sic/code/maze/ckpts/x07l/step11500.pt acc=99.35% (0.055s)
Step 11500  Test 99.35% / 85.90%  Train lm=0.6641±0.0013ϵ[0.6641,0.6719] n_halted=109.6940±5.0102ϵ[66.0000,121.0000]  TrainAcc 99.96%/91.50%  (55.393s / 180.398s)
  n_active=128.0000±0.0000ϵ[128.0000,128.0000] n_expunged=0.0000±0.0000ϵ[0.0000,0.0000] pool_util=1.0000±0.0000ϵ[1.0000,1.0000]
  path_valid=98.20%, exact_match=78.60%
  halt_acc: cell=99.37%, puzzle=77.20%
  eval_avg_halt_step: 1.46
  per_H_acc: ['H0=0.0%', 'H1=0.0%', 'H2=0.0%']
  H_cos: ['0.910', '0.941']
  z_H_delta: ['22.750', '18.875']
  cells: fixed=[0, 0] broken=[0, 0]
  per_ACT_cell_acc: ['H1=87.5%', 'H2=91.7%', 'H3=99.2%', 'H4=99.4%', 'H5=99.3%', 'H6=99.4%', 'H7=99.4%', 'H8=99.4%', 'H9=99.4%', 'H10=99.4%', 'H11=99.4%', 'H12=99.4%', 'H13=99.4%', 'H14=99.4%', 'H15=99.4%', 'H16=99.4%']
  per_ACT_puzzle_acc: ['H1=0.0%', 'H2=0.0%', 'H3=61.2%', 'H4=75.4%', 'H5=77.6%', 'H6=78.4%', 'H7=78.9%', 'H8=79.7%', 'H9=79.7%', 'H10=79.7%', 'H11=79.7%', 'H12=79.7%', 'H13=79.7%', 'H14=79.7%', 'H15=79.3%', 'H16=78.9%']
  mean_sigmoid_q_halt: ['0.453', '0.121', '0.711', '0.848', '0.922', '0.941', '0.957', '0.965', '0.969', '0.965', '0.973', '0.961', '0.969', '0.961', '0.961', '0.957']
  halt_rates: ['0.00', '0.00', '0.70', '0.87', '0.93', '0.96', '0.97', '0.97', '0.98', '0.97', '0.98', '0.97', '0.98', '0.97', '0.97', '0.97']
  halt_histogram %: [75.4, 19.2, 2.9, 0.6, 0.3, 0.2, 0.1, 0.1, 0.1, 0.1, 0.1, 0.1, 0.0, 0.0, 0.0, 0.8]
  Avg ACT steps (last 100): 1.20
  halt_acc: cell=99.99%, puzzle=98.10%
  eval_avg_halt_step: 1.09
  per_H_acc: ['H0=0.0%', 'H1=0.0%', 'H2=0.0%']
  H_cos: ['0.910', '0.938']
  z_H_delta: ['22.750', '19.375']
  cells: fixed=[0, 0] broken=[0, 0]
  per_ACT_cell_acc: ['H1=87.6%', 'H2=92.0%', 'H3=100.0%', 'H4=100.0%', 'H5=100.0%', 'H6=100.0%', 'H7=100.0%', 'H8=100.0%', 'H9=100.0%', 'H10=100.0%', 'H11=100.0%', 'H12=100.0%', 'H13=100.0%', 'H14=100.0%', 'H15=100.0%', 'H16=100.0%']
  per_ACT_puzzle_acc: ['H1=0.0%', 'H2=0.0%', 'H3=96.2%', 'H4=100.0%', 'H5=99.0%', 'H6=100.0%', 'H7=100.0%', 'H8=100.0%', 'H9=100.0%', 'H10=100.0%', 'H11=100.0%', 'H12=100.0%', 'H13=99.0%', 'H14=99.0%', 'H15=99.0%', 'H16=99.0%']
  mean_sigmoid_q_halt: ['0.449', '0.127', '0.961', '0.973', '0.984', '0.988', '0.992', '0.992', '0.992', '0.992', '0.992', '0.992', '0.992', '0.992', '0.992', '0.992']
  halt_rates: ['0.00', '0.00', '0.96', '0.99', '0.99', '0.99', '1.00', '1.00', '1.00', '1.00', '1.00', '1.00', '1.00', '1.00', '1.00', '1.00']
  halt_histogram %: [75.4, 19.2, 2.9, 0.6, 0.3, 0.2, 0.1, 0.1, 0.1, 0.1, 0.1, 0.1, 0.0, 0.0, 0.0, 0.8]
  Avg ACT steps (last 100): 1.20
  saved: /home/jvdillon/projects/sic/code/maze/ckpts/x07l/step12000.pt acc=99.38% (0.057s)
Step 12000  Test 99.38% / 86.40%  Train lm=0.6641±0.0012ϵ[0.6641,0.6719] n_halted=107.9300±7.5805ϵ[60.0000,121.0000]  TrainAcc 99.98%/97.50%  (55.417s / 180.329s)
  n_active=128.0000±0.0000ϵ[128.0000,128.0000] n_expunged=0.0000±0.0000ϵ[0.0000,0.0000] pool_util=1.0000±0.0000ϵ[1.0000,1.0000]
  path_valid=99.10%, exact_match=77.50%
  halt_acc: cell=99.31%, puzzle=77.30%
  eval_avg_halt_step: 1.50
  per_H_acc: ['H0=0.0%', 'H1=0.0%', 'H2=0.0%']
  H_cos: ['0.898', '0.922']
  z_H_delta: ['22.250', '19.250']
  cells: fixed=[0, 0] broken=[0, 0]
  per_ACT_cell_acc: ['H1=87.5%', 'H2=85.5%', 'H3=99.0%', 'H4=99.2%', 'H5=99.3%', 'H6=99.3%', 'H7=99.3%', 'H8=99.3%', 'H9=99.3%', 'H10=99.3%', 'H11=99.3%', 'H12=99.3%', 'H13=99.3%', 'H14=99.3%', 'H15=99.3%', 'H16=99.3%']
  per_ACT_puzzle_acc: ['H1=0.0%', 'H2=0.0%', 'H3=59.9%', 'H4=73.3%', 'H5=76.7%', 'H6=78.0%', 'H7=79.3%', 'H8=79.7%', 'H9=79.7%', 'H10=80.2%', 'H11=78.9%', 'H12=78.9%', 'H13=78.4%', 'H14=78.4%', 'H15=78.0%', 'H16=78.0%']
  mean_sigmoid_q_halt: ['0.379', '0.205', '0.652', '0.855', '0.906', '0.938', '0.953', '0.957', '0.957', '0.965', '0.965', '0.961', '0.961', '0.965', '0.965', '0.957']
  halt_rates: ['0.00', '0.00', '0.62', '0.88', '0.92', '0.96', '0.97', '0.97', '0.97', '0.98', '0.98', '0.97', '0.97', '0.98', '0.98', '0.97']
  halt_histogram %: [75.9, 18.9, 2.8, 0.6, 0.3, 0.2, 0.1, 0.1, 0.1, 0.1, 0.1, 0.1, 0.0, 0.0, 0.0, 0.7]
  Avg ACT steps (last 100): 1.16
  halt_acc: cell=99.98%, puzzle=97.70%
  eval_avg_halt_step: 1.06
  per_H_acc: ['H0=0.0%', 'H1=0.0%', 'H2=0.0%']
  H_cos: ['0.895', '0.918']
  z_H_delta: ['22.375', '19.750']
  cells: fixed=[0, 0] broken=[0, 0]
  per_ACT_cell_acc: ['H1=87.5%', 'H2=85.5%', 'H3=100.0%', 'H4=100.0%', 'H5=100.0%', 'H6=100.0%', 'H7=100.0%', 'H8=100.0%', 'H9=100.0%', 'H10=100.0%', 'H11=100.0%', 'H12=100.0%', 'H13=100.0%', 'H14=100.0%', 'H15=100.0%', 'H16=100.0%']
  per_ACT_puzzle_acc: ['H1=0.0%', 'H2=0.0%', 'H3=97.1%', 'H4=99.0%', 'H5=99.0%', 'H6=99.0%', 'H7=99.0%', 'H8=99.0%', 'H9=99.0%', 'H10=99.0%', 'H11=98.1%', 'H12=97.1%', 'H13=96.2%', 'H14=96.2%', 'H15=96.2%', 'H16=95.2%']
  mean_sigmoid_q_halt: ['0.377', '0.199', '0.957', '0.980', '0.988', '0.988', '0.988', '0.988', '0.984', '0.988', '0.984', '0.980', '0.984', '0.984', '0.984', '0.984']
  halt_rates: ['0.00', '0.00', '0.97', '0.99', '1.00', '1.00', '1.00', '1.00', '1.00', '1.00', '1.00', '1.00', '1.00', '1.00', '1.00', '1.00']
  halt_histogram %: [75.9, 18.9, 2.8, 0.6, 0.3, 0.2, 0.1, 0.1, 0.1, 0.1, 0.1, 0.1, 0.0, 0.0, 0.0, 0.7]
  Avg ACT steps (last 100): 1.16
  saved: /home/jvdillon/projects/sic/code/maze/ckpts/x07l/step12500.pt acc=99.33% (0.058s)
Step 12500  Test 99.33% / 88.60%  Train lm=0.6641±0.0014ϵ[0.6641,0.6797] n_halted=109.6880±5.8781ϵ[69.0000,122.0000]  TrainAcc 99.97%/95.50%  (55.415s / 180.383s)
  n_active=128.0000±0.0000ϵ[128.0000,128.0000] n_expunged=0.0000±0.0000ϵ[0.0000,0.0000] pool_util=1.0000±0.0000ϵ[1.0000,1.0000]
  path_valid=98.50%, exact_match=78.00%
  halt_acc: cell=99.23%, puzzle=72.50%
  eval_avg_halt_step: 1.44
  per_H_acc: ['H0=0.0%', 'H1=0.0%', 'H2=0.0%']
  H_cos: ['0.969', '0.926']
  z_H_delta: ['18.000', '11.500']
  cells: fixed=[0, 0] broken=[0, 0]
  per_ACT_cell_acc: ['H1=87.5%', 'H2=87.6%', 'H3=99.0%', 'H4=99.2%', 'H5=99.2%', 'H6=99.2%', 'H7=99.2%', 'H8=99.2%', 'H9=99.3%', 'H10=99.3%', 'H11=99.3%', 'H12=99.3%', 'H13=99.3%', 'H14=99.3%', 'H15=99.3%', 'H16=99.3%']
  per_ACT_puzzle_acc: ['H1=0.0%', 'H2=0.0%', 'H3=57.8%', 'H4=71.1%', 'H5=75.0%', 'H6=75.0%', 'H7=76.3%', 'H8=78.0%', 'H9=78.0%', 'H10=78.4%', 'H11=78.9%', 'H12=78.9%', 'H13=78.9%', 'H14=78.9%', 'H15=78.9%', 'H16=78.9%']
  mean_sigmoid_q_halt: ['0.484', '0.930', '0.699', '0.855', '0.891', '0.926', '0.941', '0.965', '0.969', '0.973', '0.977', '0.977', '0.977', '0.980', '0.980', '0.980']
  halt_rates: ['0.00', '1.00', '0.68', '0.87', '0.91', '0.94', '0.95', '0.98', '0.98', '0.98', '0.98', '0.98', '0.98', '0.99', '0.99', '0.99']
  halt_histogram %: [76.3, 18.6, 2.7, 0.6, 0.3, 0.2, 0.1, 0.1, 0.1, 0.1, 0.1, 0.1, 0.0, 0.0, 0.0, 0.7]
  Avg ACT steps (last 100): 1.14
  halt_acc: cell=99.98%, puzzle=98.20%
  eval_avg_halt_step: 1.03
  per_H_acc: ['H0=0.0%', 'H1=0.0%', 'H2=0.0%']
  H_cos: ['0.969', '0.926']
  z_H_delta: ['18.000', '11.500']
  cells: fixed=[0, 0] broken=[0, 0]
  per_ACT_cell_acc: ['H1=87.4%', 'H2=87.6%', 'H3=100.0%', 'H4=100.0%', 'H5=100.0%', 'H6=100.0%', 'H7=100.0%', 'H8=100.0%', 'H9=100.0%', 'H10=100.0%', 'H11=100.0%', 'H12=100.0%', 'H13=100.0%', 'H14=100.0%', 'H15=100.0%', 'H16=100.0%']
  per_ACT_puzzle_acc: ['H1=0.0%', 'H2=0.0%', 'H3=95.2%', 'H4=99.0%', 'H5=100.0%', 'H6=100.0%', 'H7=100.0%', 'H8=100.0%', 'H9=100.0%', 'H10=100.0%', 'H11=100.0%', 'H12=100.0%', 'H13=100.0%', 'H14=100.0%', 'H15=100.0%', 'H16=99.0%']
  mean_sigmoid_q_halt: ['0.484', '0.934', '0.945', '0.992', '0.996', '0.996', '0.996', '0.996', '0.996', '0.996', '0.992', '0.992', '0.988', '0.988', '0.988', '0.984']
  halt_rates: ['0.00', '1.00', '0.96', '1.00', '1.00', '1.00', '1.00', '1.00', '1.00', '1.00', '1.00', '1.00', '1.00', '1.00', '0.99', '0.99']
  halt_histogram %: [76.3, 18.6, 2.7, 0.6, 0.3, 0.2, 0.1, 0.1, 0.1, 0.1, 0.1, 0.1, 0.0, 0.0, 0.0, 0.7]
  Avg ACT steps (last 100): 1.14
  saved: /home/jvdillon/projects/sic/code/maze/ckpts/x07l/step13000.pt acc=99.28% (0.058s)
Step 13000  Test 99.28% / 87.90%  Train lm=0.6641±0.0025ϵ[0.6641,0.6836] n_halted=103.9940±20.8632ϵ[0.0000,121.0000]  TrainAcc 99.99%/97.80%  (55.401s / 180.257s)
  n_active=128.0000±0.0000ϵ[128.0000,128.0000] n_expunged=0.0000±0.0000ϵ[0.0000,0.0000] pool_util=1.0000±0.0000ϵ[1.0000,1.0000]
  path_valid=99.00%, exact_match=74.40%
  halt_acc: cell=99.18%, puzzle=71.90%
  eval_avg_halt_step: 1.28
  per_H_acc: ['H0=0.0%', 'H1=0.0%', 'H2=0.0%']
  H_cos: ['0.953', '0.957']
  z_H_delta: ['18.875', '14.875']
  cells: fixed=[0, 0] broken=[0, 0]
  per_ACT_cell_acc: ['H1=87.5%', 'H2=92.8%', 'H3=99.1%', 'H4=99.2%', 'H5=99.2%', 'H6=99.2%', 'H7=99.2%', 'H8=99.2%', 'H9=99.2%', 'H10=99.2%', 'H11=99.2%', 'H12=99.2%', 'H13=99.2%', 'H14=99.2%', 'H15=99.2%', 'H16=99.2%']
  per_ACT_puzzle_acc: ['H1=0.0%', 'H2=0.0%', 'H3=61.6%', 'H4=70.7%', 'H5=73.7%', 'H6=74.6%', 'H7=76.3%', 'H8=76.3%', 'H9=77.6%', 'H10=78.0%', 'H11=78.0%', 'H12=77.6%', 'H13=76.7%', 'H14=76.7%', 'H15=76.3%', 'H16=76.3%']
  mean_sigmoid_q_halt: ['0.711', '0.178', '0.801', '0.902', '0.941', '0.957', '0.965', '0.965', '0.977', '0.977', '0.980', '0.977', '0.973', '0.980', '0.977', '0.977']
  halt_rates: ['1.00', '0.00', '0.81', '0.89', '0.94', '0.96', '0.97', '0.97', '0.99', '0.98', '0.99', '0.98', '0.98', '0.99', '0.98', '0.99']
  halt_histogram %: [76.7, 18.3, 2.7, 0.6, 0.2, 0.2, 0.1, 0.1, 0.1, 0.1, 0.1, 0.1, 0.0, 0.0, 0.0, 0.7]
  Avg ACT steps (last 100): 1.10
  halt_acc: cell=99.96%, puzzle=97.60%
  eval_avg_halt_step: 1.06
  per_H_acc: ['H0=0.0%', 'H1=0.0%', 'H2=0.0%']
  H_cos: ['0.953', '0.957']
  z_H_delta: ['18.875', '15.000']
  cells: fixed=[0, 0] broken=[0, 0]
  per_ACT_cell_acc: ['H1=87.5%', 'H2=93.4%', 'H3=100.0%', 'H4=100.0%', 'H5=100.0%', 'H6=100.0%', 'H7=100.0%', 'H8=100.0%', 'H9=100.0%', 'H10=100.0%', 'H11=100.0%', 'H12=99.9%', 'H13=99.9%', 'H14=99.9%', 'H15=99.9%', 'H16=99.9%']
  per_ACT_puzzle_acc: ['H1=0.0%', 'H2=0.0%', 'H3=96.2%', 'H4=98.1%', 'H5=98.1%', 'H6=98.1%', 'H7=98.1%', 'H8=98.1%', 'H9=98.1%', 'H10=98.1%', 'H11=96.2%', 'H12=96.2%', 'H13=95.2%', 'H14=96.2%', 'H15=96.2%', 'H16=96.2%']
  mean_sigmoid_q_halt: ['0.711', '0.183', '0.957', '0.980', '0.977', '0.977', '0.973', '0.973', '0.969', '0.973', '0.969', '0.965', '0.969', '0.977', '0.977', '0.977']
  halt_rates: ['1.00', '0.00', '0.96', '0.98', '0.98', '0.98', '0.98', '0.98', '0.97', '0.98', '0.97', '0.97', '0.97', '0.98', '0.98', '0.98']
  halt_histogram %: [76.7, 18.3, 2.7, 0.6, 0.2, 0.2, 0.1, 0.1, 0.1, 0.1, 0.1, 0.1, 0.0, 0.0, 0.0, 0.7]
  Avg ACT steps (last 100): 1.10
  saved: /home/jvdillon/projects/sic/code/maze/ckpts/x07l/step13500.pt acc=99.22% (0.058s)
Step 13500  Test 99.22% / 84.50%  Train lm=0.6641±0.0016ϵ[0.6641,0.6797] n_halted=109.4080±7.4197ϵ[21.0000,123.0000]  TrainAcc 99.96%/94.60%  (55.403s / 180.434s)
  n_active=128.0000±0.0000ϵ[128.0000,128.0000] n_expunged=0.0000±0.0000ϵ[0.0000,0.0000] pool_util=1.0000±0.0000ϵ[1.0000,1.0000]
  path_valid=98.10%, exact_match=80.20%
  halt_acc: cell=99.44%, puzzle=79.60%
  eval_avg_halt_step: 1.36
  per_H_acc: ['H0=0.0%', 'H1=0.0%', 'H2=0.0%']
  H_cos: ['0.949', '0.945']
  z_H_delta: ['19.625', '16.500']
  cells: fixed=[0, 0] broken=[0, 0]
  per_ACT_cell_acc: ['H1=87.3%', 'H2=89.6%', 'H3=99.2%', 'H4=99.3%', 'H5=99.3%', 'H6=99.4%', 'H7=99.4%', 'H8=99.4%', 'H9=99.4%', 'H10=99.4%', 'H11=99.4%', 'H12=99.4%', 'H13=99.4%', 'H14=99.4%', 'H15=99.4%', 'H16=99.4%']
  per_ACT_puzzle_acc: ['H1=0.0%', 'H2=0.0%', 'H3=67.2%', 'H4=73.7%', 'H5=76.3%', 'H6=77.2%', 'H7=78.4%', 'H8=78.4%', 'H9=78.4%', 'H10=78.0%', 'H11=78.9%', 'H12=78.0%', 'H13=77.6%', 'H14=77.6%', 'H15=77.6%', 'H16=78.4%']
  mean_sigmoid_q_halt: ['0.477', '0.160', '0.754', '0.879', '0.910', '0.945', '0.969', '0.977', '0.977', '0.969', '0.969', '0.969', '0.965', '0.969', '0.965', '0.965']
  halt_rates: ['0.11', '0.00', '0.75', '0.91', '0.92', '0.96', '0.99', '0.99', '0.98', '0.97', '0.97', '0.97', '0.97', '0.98', '0.97', '0.97']
  halt_histogram %: [77.1, 18.1, 2.6, 0.6, 0.2, 0.2, 0.1, 0.1, 0.1, 0.1, 0.1, 0.0, 0.0, 0.0, 0.0, 0.7]
  Avg ACT steps (last 100): 1.20
  halt_acc: cell=100.00%, puzzle=99.50%
  eval_avg_halt_step: 1.04
  per_H_acc: ['H0=0.0%', 'H1=0.0%', 'H2=0.0%']
  H_cos: ['0.949', '0.945']
  z_H_delta: ['19.750', '16.750']
  cells: fixed=[0, 0] broken=[0, 0]
  per_ACT_cell_acc: ['H1=87.2%', 'H2=89.5%', 'H3=100.0%', 'H4=100.0%', 'H5=100.0%', 'H6=100.0%', 'H7=100.0%', 'H8=100.0%', 'H9=100.0%', 'H10=100.0%', 'H11=100.0%', 'H12=100.0%', 'H13=100.0%', 'H14=100.0%', 'H15=100.0%', 'H16=100.0%']
  per_ACT_puzzle_acc: ['H1=0.0%', 'H2=0.0%', 'H3=97.1%', 'H4=98.1%', 'H5=98.1%', 'H6=98.1%', 'H7=98.1%', 'H8=98.1%', 'H9=98.1%', 'H10=98.1%', 'H11=98.1%', 'H12=98.1%', 'H13=98.1%', 'H14=98.1%', 'H15=97.1%', 'H16=97.1%']
  mean_sigmoid_q_halt: ['0.473', '0.163', '0.969', '0.980', '0.980', '0.988', '0.988', '0.988', '0.988', '0.984', '0.984', '0.984', '0.980', '0.980', '0.980', '0.980']
  halt_rates: ['0.04', '0.00', '0.97', '0.98', '0.98', '0.99', '0.99', '0.99', '0.99', '0.99', '0.99', '0.99', '0.99', '0.99', '0.99', '0.99']
  halt_histogram %: [77.1, 18.1, 2.6, 0.6, 0.2, 0.2, 0.1, 0.1, 0.1, 0.1, 0.1, 0.0, 0.0, 0.0, 0.0, 0.7]
  Avg ACT steps (last 100): 1.20
  saved: /home/jvdillon/projects/sic/code/maze/ckpts/x07l/step14000.pt acc=99.42% (0.057s)
  saved: /home/jvdillon/projects/sic/code/maze/ckpts/x07l/best.pt acc=99.42% (0.142s)
Step 14000  Test 99.42% / 87.70%  Train lm=0.6641±0.0021ϵ[0.6641,0.6797] n_halted=107.4780±15.2799ϵ[0.0000,120.0000]  TrainAcc 99.99%/97.70%  (55.475s / 180.295s)
  n_active=128.0000±0.0000ϵ[128.0000,128.0000] n_expunged=0.0000±0.0000ϵ[0.0000,0.0000] pool_util=1.0000±0.0000ϵ[1.0000,1.0000]
  path_valid=95.30%, exact_match=75.20%
  halt_acc: cell=99.34%, puzzle=75.80%
  eval_avg_halt_step: 1.33
  per_H_acc: ['H0=0.0%', 'H1=0.0%', 'H2=0.0%']
  H_cos: ['0.961', '0.938']
  z_H_delta: ['19.250', '13.875']
  cells: fixed=[0, 0] broken=[0, 0]
  per_ACT_cell_acc: ['H1=87.3%', 'H2=88.0%', 'H3=99.2%', 'H4=99.3%', 'H5=99.3%', 'H6=99.4%', 'H7=99.4%', 'H8=99.4%', 'H9=99.4%', 'H10=99.4%', 'H11=99.4%', 'H12=99.4%', 'H13=99.4%', 'H14=99.4%', 'H15=99.4%', 'H16=99.4%']
  per_ACT_puzzle_acc: ['H1=0.0%', 'H2=0.0%', 'H3=62.9%', 'H4=69.4%', 'H5=75.4%', 'H6=78.4%', 'H7=77.6%', 'H8=78.0%', 'H9=77.6%', 'H10=76.7%', 'H11=77.6%', 'H12=77.2%', 'H13=76.3%', 'H14=75.9%', 'H15=74.6%', 'H16=75.0%']
  mean_sigmoid_q_halt: ['0.562', '0.785', '0.754', '0.750', '0.867', '0.941', '0.945', '0.957', '0.961', '0.961', '0.961', '0.961', '0.957', '0.957', '0.953', '0.953']
  halt_rates: ['1.00', '1.00', '0.76', '0.81', '0.91', '0.96', '0.97', '0.98', '0.98', '0.97', '0.98', '0.97', '0.97', '0.97', '0.97', '0.97']
  halt_histogram %: [77.5, 17.9, 2.6, 0.6, 0.2, 0.2, 0.1, 0.1, 0.1, 0.1, 0.1, 0.0, 0.0, 0.0, 0.0, 0.6]
  Avg ACT steps (last 100): 1.07
  halt_acc: cell=99.99%, puzzle=98.50%
  eval_avg_halt_step: 1.06
  per_H_acc: ['H0=0.0%', 'H1=0.0%', 'H2=0.0%']
  H_cos: ['0.961', '0.934']
  z_H_delta: ['19.250', '13.875']
  cells: fixed=[0, 0] broken=[0, 0]
  per_ACT_cell_acc: ['H1=87.2%', 'H2=88.0%', 'H3=100.0%', 'H4=100.0%', 'H5=100.0%', 'H6=100.0%', 'H7=100.0%', 'H8=100.0%', 'H9=100.0%', 'H10=100.0%', 'H11=100.0%', 'H12=100.0%', 'H13=100.0%', 'H14=100.0%', 'H15=100.0%', 'H16=100.0%']
  per_ACT_puzzle_acc: ['H1=0.0%', 'H2=0.0%', 'H3=97.1%', 'H4=99.0%', 'H5=99.0%', 'H6=99.0%', 'H7=99.0%', 'H8=99.0%', 'H9=99.0%', 'H10=99.0%', 'H11=98.1%', 'H12=97.1%', 'H13=97.1%', 'H14=97.1%', 'H15=97.1%', 'H16=97.1%']
  mean_sigmoid_q_halt: ['0.562', '0.793', '0.969', '0.934', '0.961', '0.992', '0.977', '0.980', '0.988', '0.977', '0.973', '0.977', '0.977', '0.973', '0.973', '0.977']
  halt_rates: ['1.00', '1.00', '0.98', '0.97', '0.99', '1.00', '1.00', '1.00', '1.00', '0.98', '0.99', '0.99', '0.99', '0.98', '0.98', '0.99']
  halt_histogram %: [77.5, 17.9, 2.6, 0.6, 0.2, 0.2, 0.1, 0.1, 0.1, 0.1, 0.1, 0.0, 0.0, 0.0, 0.0, 0.6]
  Avg ACT steps (last 100): 1.07
  saved: /home/jvdillon/projects/sic/code/maze/ckpts/x07l/step14500.pt acc=99.32% (0.056s)
Step 14500  Test 99.32% / 83.90%  Train lm=0.6641±0.0025ϵ[0.6641,0.6875] n_halted=107.4260±14.6530ϵ[1.0000,122.0000]  TrainAcc 99.93%/93.80%  (55.411s / 180.304s)
  n_active=128.0000±0.0000ϵ[128.0000,128.0000] n_expunged=0.0000±0.0000ϵ[0.0000,0.0000] pool_util=1.0000±0.0000ϵ[1.0000,1.0000]
  path_valid=98.40%, exact_match=78.90%
  halt_acc: cell=99.28%, puzzle=75.00%
  eval_avg_halt_step: 1.21
  per_H_acc: ['H0=0.0%', 'H1=0.0%', 'H2=0.0%']
  H_cos: ['0.953', '0.938']
  z_H_delta: ['21.250', '18.000']
  cells: fixed=[0, 0] broken=[0, 0]
  per_ACT_cell_acc: ['H1=87.3%', 'H2=87.7%', 'H3=99.0%', 'H4=99.1%', 'H5=99.2%', 'H6=99.2%', 'H7=99.2%', 'H8=99.2%', 'H9=99.2%', 'H10=99.2%', 'H11=99.2%', 'H12=99.2%', 'H13=99.2%', 'H14=99.2%', 'H15=99.2%', 'H16=99.2%']
  per_ACT_puzzle_acc: ['H1=0.0%', 'H2=0.0%', 'H3=65.1%', 'H4=73.3%', 'H5=77.2%', 'H6=77.2%', 'H7=77.2%', 'H8=78.0%', 'H9=78.0%', 'H10=78.0%', 'H11=77.2%', 'H12=77.6%', 'H13=77.2%', 'H14=76.7%', 'H15=75.9%', 'H16=75.4%']
  mean_sigmoid_q_halt: ['0.508', '0.436', '0.828', '0.918', '0.969', '0.977', '0.977', '0.980', '0.980', '0.980', '0.980', '0.980', '0.980', '0.980', '0.977', '0.977']
  halt_rates: ['0.66', '0.00', '0.84', '0.92', '0.98', '0.98', '0.98', '0.99', '0.98', '0.98', '0.98', '0.98', '0.98', '0.98', '0.98', '0.98']
  halt_histogram %: [77.8, 17.6, 2.5, 0.5, 0.2, 0.1, 0.1, 0.1, 0.1, 0.1, 0.1, 0.0, 0.0, 0.0, 0.0, 0.6]
  Avg ACT steps (last 100): 1.08
  halt_acc: cell=99.99%, puzzle=98.90%
  eval_avg_halt_step: 1.01
  per_H_acc: ['H0=0.0%', 'H1=0.0%', 'H2=0.0%']
  H_cos: ['0.953', '0.938']
  z_H_delta: ['21.125', '18.125']
  cells: fixed=[0, 0] broken=[0, 0]
  per_ACT_cell_acc: ['H1=87.2%', 'H2=87.7%', 'H3=100.0%', 'H4=100.0%', 'H5=100.0%', 'H6=100.0%', 'H7=100.0%', 'H8=100.0%', 'H9=100.0%', 'H10=100.0%', 'H11=100.0%', 'H12=100.0%', 'H13=100.0%', 'H14=100.0%', 'H15=100.0%', 'H16=100.0%']
  per_ACT_puzzle_acc: ['H1=0.0%', 'H2=0.0%', 'H3=99.0%', 'H4=99.0%', 'H5=100.0%', 'H6=100.0%', 'H7=100.0%', 'H8=100.0%', 'H9=100.0%', 'H10=100.0%', 'H11=100.0%', 'H12=100.0%', 'H13=100.0%', 'H14=100.0%', 'H15=99.0%', 'H16=99.0%']
  mean_sigmoid_q_halt: ['0.512', '0.436', '0.984', '0.992', '0.996', '0.996', '0.996', '0.996', '0.996', '0.996', '0.996', '0.996', '0.996', '0.996', '0.996', '0.992']
  halt_rates: ['0.72', '0.00', '0.99', '0.99', '1.00', '1.00', '1.00', '1.00', '1.00', '1.00', '1.00', '1.00', '1.00', '1.00', '1.00', '1.00']
  halt_histogram %: [77.8, 17.6, 2.5, 0.5, 0.2, 0.1, 0.1, 0.1, 0.1, 0.1, 0.1, 0.0, 0.0, 0.0, 0.0, 0.6]
  Avg ACT steps (last 100): 1.08
  saved: /home/jvdillon/projects/sic/code/maze/ckpts/x07l/step15000.pt acc=99.32% (0.057s)
Step 15000  Test 99.32% / 84.70%  Train lm=0.6641±0.0014ϵ[0.6641,0.6758] n_halted=108.7020±14.2452ϵ[1.0000,122.0000]  TrainAcc 99.98%/96.70%  (55.626s / 180.332s)
  n_active=128.0000±0.0000ϵ[128.0000,128.0000] n_expunged=0.0000±0.0000ϵ[0.0000,0.0000] pool_util=1.0000±0.0000ϵ[1.0000,1.0000]
  path_valid=98.60%, exact_match=79.90%
  halt_acc: cell=99.29%, puzzle=78.90%
  eval_avg_halt_step: 1.29
  per_H_acc: ['H0=0.0%', 'H1=0.0%', 'H2=0.0%']
  H_cos: ['0.957', '0.938']
  z_H_delta: ['20.875', '16.125']
  cells: fixed=[0, 0] broken=[0, 0]
  per_ACT_cell_acc: ['H1=87.4%', 'H2=87.9%', 'H3=99.1%', 'H4=99.2%', 'H5=99.2%', 'H6=99.3%', 'H7=99.3%', 'H8=99.3%', 'H9=99.3%', 'H10=99.3%', 'H11=99.3%', 'H12=99.3%', 'H13=99.3%', 'H14=99.3%', 'H15=99.3%', 'H16=99.3%']
  per_ACT_puzzle_acc: ['H1=0.0%', 'H2=0.0%', 'H3=62.1%', 'H4=73.3%', 'H5=78.0%', 'H6=77.6%', 'H7=78.4%', 'H8=78.9%', 'H9=78.9%', 'H10=78.4%', 'H11=78.9%', 'H12=78.0%', 'H13=78.0%', 'H14=78.0%', 'H15=78.0%', 'H16=77.6%']
  mean_sigmoid_q_halt: ['0.574', '0.520', '0.746', '0.863', '0.945', '0.980', '0.988', '0.988', '0.992', '0.988', '0.988', '0.996', '0.992', '0.992', '0.996', '0.988']
  halt_rates: ['1.00', '0.60', '0.72', '0.87', '0.97', '0.99', '1.00', '1.00', '1.00', '1.00', '1.00', '1.00', '1.00', '1.00', '1.00', '0.99']
  halt_histogram %: [78.2, 17.4, 2.5, 0.5, 0.2, 0.1, 0.1, 0.1, 0.1, 0.1, 0.1, 0.0, 0.0, 0.0, 0.0, 0.6]
  Avg ACT steps (last 100): 1.21
  halt_acc: cell=100.00%, puzzle=99.50%
  eval_avg_halt_step: 1.02
  per_H_acc: ['H0=0.0%', 'H1=0.0%', 'H2=0.0%']
  H_cos: ['0.957', '0.938']
  z_H_delta: ['21.000', '16.500']
  cells: fixed=[0, 0] broken=[0, 0]
  per_ACT_cell_acc: ['H1=87.3%', 'H2=87.9%', 'H3=100.0%', 'H4=100.0%', 'H5=100.0%', 'H6=100.0%', 'H7=100.0%', 'H8=100.0%', 'H9=100.0%', 'H10=100.0%', 'H11=100.0%', 'H12=100.0%', 'H13=100.0%', 'H14=100.0%', 'H15=100.0%', 'H16=100.0%']
  per_ACT_puzzle_acc: ['H1=0.0%', 'H2=0.0%', 'H3=96.2%', 'H4=99.0%', 'H5=100.0%', 'H6=100.0%', 'H7=100.0%', 'H8=100.0%', 'H9=99.0%', 'H10=100.0%', 'H11=100.0%', 'H12=100.0%', 'H13=100.0%', 'H14=100.0%', 'H15=100.0%', 'H16=99.0%']
  mean_sigmoid_q_halt: ['0.570', '0.504', '0.965', '0.965', '0.992', '0.992', '0.992', '0.996', '0.992', '0.996', '0.996', '0.996', '0.996', '0.996', '0.992', '0.992']
  halt_rates: ['1.00', '0.56', '0.96', '0.98', '1.00', '1.00', '1.00', '1.00', '1.00', '1.00', '1.00', '1.00', '1.00', '1.00', '1.00', '1.00']
  halt_histogram %: [78.2, 17.4, 2.5, 0.5, 0.2, 0.1, 0.1, 0.1, 0.1, 0.1, 0.1, 0.0, 0.0, 0.0, 0.0, 0.6]
  Avg ACT steps (last 100): 1.21
  saved: /home/jvdillon/projects/sic/code/maze/ckpts/x07l/step15500.pt acc=99.31% (0.056s)
Step 15500  Test 99.31% / 86.00%  Train lm=0.6641±0.0013ϵ[0.6641,0.6758] n_halted=110.9240±5.2327ϵ[76.0000,122.0000]  TrainAcc 99.99%/98.80%  (55.415s / 180.356s)
  n_active=128.0000±0.0000ϵ[128.0000,128.0000] n_expunged=0.0000±0.0000ϵ[0.0000,0.0000] pool_util=1.0000±0.0000ϵ[1.0000,1.0000]
  path_valid=90.80%, exact_match=74.80%
  halt_acc: cell=99.38%, puzzle=81.10%
  eval_avg_halt_step: 1.34
  per_H_acc: ['H0=0.0%', 'H1=0.0%', 'H2=0.0%']
  H_cos: ['0.922', '0.973']
  z_H_delta: ['19.250', '13.062']
  cells: fixed=[0, 0] broken=[0, 0]
  per_ACT_cell_acc: ['H1=87.3%', 'H2=96.0%', 'H3=99.4%', 'H4=99.5%', 'H5=99.5%', 'H6=99.5%', 'H7=99.5%', 'H8=99.5%', 'H9=99.5%', 'H10=99.5%', 'H11=99.5%', 'H12=99.5%', 'H13=99.5%', 'H14=99.5%', 'H15=99.5%', 'H16=99.5%']
  per_ACT_puzzle_acc: ['H1=0.0%', 'H2=0.0%', 'H3=74.6%', 'H4=81.0%', 'H5=83.2%', 'H6=83.2%', 'H7=84.1%', 'H8=84.1%', 'H9=83.6%', 'H10=83.2%', 'H11=83.2%', 'H12=82.8%', 'H13=81.9%', 'H14=81.9%', 'H15=81.9%', 'H16=81.5%']
  mean_sigmoid_q_halt: ['0.475', '0.069', '0.840', '0.887', '0.926', '0.941', '0.949', '0.949', '0.953', '0.953', '0.949', '0.945', '0.945', '0.941', '0.941', '0.934']
  halt_rates: ['0.00', '0.00', '0.84', '0.91', '0.94', '0.96', '0.97', '0.96', '0.96', '0.96', '0.96', '0.96', '0.96', '0.95', '0.96', '0.94']
  halt_histogram %: [78.4, 17.2, 2.4, 0.5, 0.2, 0.1, 0.1, 0.1, 0.1, 0.1, 0.1, 0.0, 0.0, 0.0, 0.0, 0.6]
  Avg ACT steps (last 100): 1.19
  halt_acc: cell=99.99%, puzzle=99.40%
  eval_avg_halt_step: 1.01
  per_H_acc: ['H0=0.0%', 'H1=0.0%', 'H2=0.0%']
  H_cos: ['0.922', '0.973']
  z_H_delta: ['19.250', '12.938']
  cells: fixed=[0, 0] broken=[0, 0]
  per_ACT_cell_acc: ['H1=87.2%', 'H2=96.9%', 'H3=100.0%', 'H4=100.0%', 'H5=100.0%', 'H6=100.0%', 'H7=100.0%', 'H8=100.0%', 'H9=100.0%', 'H10=100.0%', 'H11=100.0%', 'H12=100.0%', 'H13=100.0%', 'H14=100.0%', 'H15=100.0%', 'H16=100.0%']
  per_ACT_puzzle_acc: ['H1=0.0%', 'H2=0.0%', 'H3=98.1%', 'H4=100.0%', 'H5=100.0%', 'H6=100.0%', 'H7=100.0%', 'H8=100.0%', 'H9=99.0%', 'H10=99.0%', 'H11=98.1%', 'H12=97.1%', 'H13=98.1%', 'H14=99.0%', 'H15=99.0%', 'H16=98.1%']
  mean_sigmoid_q_halt: ['0.475', '0.068', '0.969', '0.984', '0.992', '0.988', '0.984', '0.980', '0.973', '0.973', '0.969', '0.969', '0.969', '0.965', '0.965', '0.957']
  halt_rates: ['0.00', '0.00', '0.97', '0.99', '1.00', '1.00', '0.99', '0.99', '0.98', '0.98', '0.98', '0.97', '0.97', '0.97', '0.96', '0.96']
  halt_histogram %: [78.4, 17.2, 2.4, 0.5, 0.2, 0.1, 0.1, 0.1, 0.1, 0.1, 0.1, 0.0, 0.0, 0.0, 0.0, 0.6]
  Avg ACT steps (last 100): 1.19
  saved: /home/jvdillon/projects/sic/code/maze/ckpts/x07l/step16000.pt acc=99.28% (0.057s)
Step 16000  Test 99.28% / 82.90%  Train lm=0.6641±0.0012ϵ[0.6641,0.6680] n_halted=109.2880±6.4005ϵ[76.0000,123.0000]  TrainAcc 99.93%/92.50%  (55.434s / 180.436s)
  n_active=128.0000±0.0000ϵ[128.0000,128.0000] n_expunged=0.0000±0.0000ϵ[0.0000,0.0000] pool_util=1.0000±0.0000ϵ[1.0000,1.0000]
