Adam params: ('embed_tokens.weight', 'head.weight', 'head.bias', 'q_head.weight', 'q_head.bias', 'puzzle_id_embed.weight')
Muon 2D params: ('reasoning.0.attn.o_proj.weight', 'reasoning.0.mlp.up_proj.weight', 'reasoning.0.mlp.down_proj.weight', 'reasoning.1.attn.o_proj.weight', 'reasoning.1.mlp.up_proj.weight', 'reasoning.1.mlp.down_proj.weight')
Muon 3D params (ensemble_dims=1): ('reasoning.0.attn.qkv_proj.weight', 'reasoning.1.attn.qkv_proj.weight')
  path_valid=0.00%, exact_match=0.00%
  eval_avg_halt_step: 16.00
  per_H_acc: ['H0=0.0%', 'H1=0.0%', 'H2=0.0%']
  H_cos: ['0.891', '0.980']
  z_H_delta: ['15.875', '7.719']
  cells: fixed=[0, 0] broken=[0, 0]
  per_ACT_cell_acc: ['H1=87.3%', 'H2=87.5%', 'H3=87.5%', 'H4=87.5%', 'H5=87.6%', 'H6=87.7%', 'H7=87.8%', 'H8=87.9%', 'H9=88.0%', 'H10=88.0%', 'H11=88.0%', 'H12=87.9%', 'H13=87.9%', 'H14=87.9%', 'H15=87.9%', 'H16=87.9%']
  per_ACT_puzzle_acc: ['H1=0.0%', 'H2=0.0%', 'H3=0.0%', 'H4=0.0%', 'H5=0.0%', 'H6=0.0%', 'H7=0.0%', 'H8=0.0%', 'H9=0.0%', 'H10=0.0%', 'H11=0.0%', 'H12=0.0%', 'H13=0.0%', 'H14=0.0%', 'H15=0.0%', 'H16=0.0%']
  mean_sigmoid_q_halt: ['0.000', '0.000', '0.000', '0.000', '0.000', '0.000', '0.000', '0.000', '0.000', '0.000', '0.000', '0.000', '0.000', '0.000', '0.000', '0.000']
  halt_rates: ['0.00', '0.00', '0.00', '0.00', '0.00', '0.00', '0.00', '0.00', '0.00', '0.00', '0.00', '0.00', '0.00', '0.00', '0.00', '0.00']
  halt_histogram %: [0.0, 0.0, 0.0, 0.0, 0.0, 0.0, 0.0, 0.0, 0.0, 0.0, 0.0, 0.0, 0.0, 0.0, 0.0, 100.0]
  Avg ACT steps (last 100): 16.00
  eval_avg_halt_step: 16.00
  per_H_acc: ['H0=0.0%', 'H1=0.0%', 'H2=0.0%']
  H_cos: ['0.891', '0.980']
  z_H_delta: ['15.938', '7.750']
  cells: fixed=[0, 0] broken=[0, 0]
  per_ACT_cell_acc: ['H1=87.2%', 'H2=87.4%', 'H3=87.4%', 'H4=87.4%', 'H5=87.5%', 'H6=87.6%', 'H7=87.8%', 'H8=88.0%', 'H9=88.0%', 'H10=88.1%', 'H11=88.1%', 'H12=88.1%', 'H13=88.1%', 'H14=88.1%', 'H15=88.1%', 'H16=88.1%']
  per_ACT_puzzle_acc: ['H1=0.0%', 'H2=0.0%', 'H3=0.0%', 'H4=0.0%', 'H5=0.0%', 'H6=0.0%', 'H7=0.0%', 'H8=0.0%', 'H9=0.0%', 'H10=0.0%', 'H11=0.0%', 'H12=0.0%', 'H13=0.0%', 'H14=0.0%', 'H15=0.0%', 'H16=0.0%']
  mean_sigmoid_q_halt: ['0.000', '0.000', '0.000', '0.000', '0.000', '0.000', '0.000', '0.000', '0.000', '0.000', '0.000', '0.000', '0.000', '0.000', '0.000', '0.000']
  halt_rates: ['0.00', '0.00', '0.00', '0.00', '0.00', '0.00', '0.00', '0.00', '0.00', '0.00', '0.00', '0.00', '0.00', '0.00', '0.00', '0.00']
  halt_histogram %: [0.0, 0.0, 0.0, 0.0, 0.0, 0.0, 0.0, 0.0, 0.0, 0.0, 0.0, 0.0, 0.0, 0.0, 0.0, 100.0]
  Avg ACT steps (last 100): 16.00
  saved: /home/jvdillon/projects/sic/code/maze/ckpts/x07m/step00500.pt acc=87.72% (0.059s)
  saved: /home/jvdillon/projects/sic/code/maze/ckpts/x07m/best.pt acc=87.72% (0.113s)
Step   500  Test 87.72% /  0.00% (halt: 87.72%/ 0.00%)  Train lm=0.8555±0.1074ϵ[0.8008,2.0625] n_halted=7.9360±30.8988ϵ[0.0000,128.0000]  TrainAcc 87.70%/ 0.00% (halt: 87.70%/ 0.00%)  (64.335s / 814.072s)
  n_active=512.0000±0.0000ϵ[512.0000,512.0000] n_expunged=24.5760±50.4662ϵ[0.0000,128.0000] pool_util=1.0000±0.0000ϵ[1.0000,1.0000]
  path_valid=22.80%, exact_match=7.90%
  eval_avg_halt_step: 15.76
  per_H_acc: ['H0=0.1%', 'H1=0.0%', 'H2=0.0%']
  H_cos: ['0.887', '0.941']
  z_H_delta: ['20.750', '13.188']
  cells: fixed=[25, 0] broken=[89, 103]
  per_ACT_cell_acc: ['H1=86.5%', 'H2=87.3%', 'H3=90.5%', 'H4=93.1%', 'H5=94.2%', 'H6=94.9%', 'H7=95.4%', 'H8=95.6%', 'H9=95.7%', 'H10=95.8%', 'H11=95.9%', 'H12=95.9%', 'H13=95.9%', 'H14=96.0%', 'H15=96.0%', 'H16=96.0%']
  per_ACT_puzzle_acc: ['H1=0.0%', 'H2=0.0%', 'H3=0.0%', 'H4=0.0%', 'H5=0.0%', 'H6=1.3%', 'H7=1.7%', 'H8=4.3%', 'H9=3.9%', 'H10=6.0%', 'H11=5.6%', 'H12=6.0%', 'H13=6.0%', 'H14=5.6%', 'H15=5.2%', 'H16=5.2%']
  mean_sigmoid_q_halt: ['0.001', '0.000', '0.000', '0.002', '0.006', '0.012', '0.021', '0.029', '0.036', '0.042', '0.046', '0.050', '0.053', '0.057', '0.060', '0.062']
  halt_rates: ['0.00', '0.00', '0.00', '0.00', '0.00', '0.00', '0.00', '0.00', '0.00', '0.00', '0.00', '0.00', '0.00', '0.00', '0.00', '0.00']
  halt_histogram %: [0.0, 0.0, 0.4, 1.0, 1.4, 1.3, 1.5, 1.3, 1.2, 1.0, 1.0, 1.2, 1.1, 0.7, 1.9, 85.1]
  Avg ACT steps (last 100): 8.91
  eval_avg_halt_step: 15.73
  per_H_acc: ['H0=0.1%', 'H1=0.1%', 'H2=0.0%']
  H_cos: ['0.887', '0.941']
  z_H_delta: ['20.750', '13.188']
  cells: fixed=[14, 0] broken=[39, 47]
  per_ACT_cell_acc: ['H1=86.5%', 'H2=87.2%', 'H3=90.5%', 'H4=93.3%', 'H5=94.6%', 'H6=95.3%', 'H7=95.6%', 'H8=95.9%', 'H9=96.1%', 'H10=96.2%', 'H11=96.2%', 'H12=96.3%', 'H13=96.3%', 'H14=96.4%', 'H15=96.4%', 'H16=96.4%']
  per_ACT_puzzle_acc: ['H1=0.0%', 'H2=0.0%', 'H3=0.0%', 'H4=0.0%', 'H5=1.0%', 'H6=1.9%', 'H7=3.8%', 'H8=5.8%', 'H9=7.7%', 'H10=7.7%', 'H11=8.7%', 'H12=9.6%', 'H13=8.7%', 'H14=10.6%', 'H15=12.5%', 'H16=11.5%']
  mean_sigmoid_q_halt: ['0.001', '0.000', '0.000', '0.001', '0.006', '0.013', '0.021', '0.029', '0.036', '0.041', '0.047', '0.052', '0.059', '0.062', '0.066', '0.070']
  halt_rates: ['0.00', '0.00', '0.00', '0.00', '0.00', '0.00', '0.00', '0.00', '0.00', '0.00', '0.00', '0.00', '0.01', '0.01', '0.02', '0.01']
  halt_histogram %: [0.0, 0.0, 0.4, 1.0, 1.4, 1.3, 1.5, 1.3, 1.2, 1.0, 1.0, 1.2, 1.1, 0.7, 1.9, 85.1]
  Avg ACT steps (last 100): 8.91
  saved: /home/jvdillon/projects/sic/code/maze/ckpts/x07m/step01000.pt acc=96.31% (0.064s)
  saved: /home/jvdillon/projects/sic/code/maze/ckpts/x07m/best.pt acc=96.31% (0.147s)
Step  1000  Test 96.31% /  9.00% (halt: 96.31%/ 8.00%)  Train lm=0.7461±0.0361ϵ[0.6914,0.8945] n_halted=9.0380±26.0415ϵ[0.0000,128.0000]  TrainAcc 96.71%/ 9.90% (halt: 96.71%/10.10%)  (55.179s / 794.183s)
  n_active=512.0000±0.0000ϵ[512.0000,512.0000] n_expunged=26.8660±42.6077ϵ[0.0000,128.0000] pool_util=1.0000±0.0000ϵ[1.0000,1.0000]
  path_valid=95.20%, exact_match=53.40%
  eval_avg_halt_step: 2.73
  per_H_acc: ['H0=0.0%', 'H1=0.0%', 'H2=0.0%']
  H_cos: ['0.844', '0.891']
  z_H_delta: ['19.375', '15.938']
  cells: fixed=[52, 0] broken=[0, 52]
  per_ACT_cell_acc: ['H1=87.3%', 'H2=88.3%', 'H3=97.1%', 'H4=98.0%', 'H5=98.2%', 'H6=98.3%', 'H7=98.3%', 'H8=98.3%', 'H9=98.4%', 'H10=98.4%', 'H11=98.4%', 'H12=98.4%', 'H13=98.4%', 'H14=98.4%', 'H15=98.4%', 'H16=98.5%']
  per_ACT_puzzle_acc: ['H1=0.0%', 'H2=0.0%', 'H3=2.6%', 'H4=19.8%', 'H5=37.5%', 'H6=43.5%', 'H7=45.7%', 'H8=46.6%', 'H9=45.7%', 'H10=45.7%', 'H11=46.6%', 'H12=46.6%', 'H13=46.1%', 'H14=47.4%', 'H15=47.4%', 'H16=47.4%']
  mean_sigmoid_q_halt: ['0.000', '0.001', '0.045', '0.449', '0.652', '0.734', '0.773', '0.801', '0.824', '0.836', '0.859', '0.859', '0.863', '0.867', '0.867', '0.867']
  halt_rates: ['0.00', '0.00', '0.00', '0.45', '0.69', '0.76', '0.82', '0.84', '0.88', '0.88', '0.91', '0.89', '0.89', '0.91', '0.89', '0.90']
  halt_histogram %: [0.1, 28.2, 14.3, 8.1, 4.4, 2.9, 2.2, 1.6, 1.3, 1.1, 1.0, 0.9, 0.8, 0.6, 1.0, 31.6]
  Avg ACT steps (last 100): 2.42
  eval_avg_halt_step: 2.58
  per_H_acc: ['H0=0.0%', 'H1=0.0%', 'H2=0.0%']
  H_cos: ['0.844', '0.891']
  z_H_delta: ['19.375', '15.938']
  cells: fixed=[24, 0] broken=[0, 24]
  per_ACT_cell_acc: ['H1=87.2%', 'H2=88.5%', 'H3=97.7%', 'H4=98.3%', 'H5=98.5%', 'H6=98.6%', 'H7=98.6%', 'H8=98.7%', 'H9=98.7%', 'H10=98.7%', 'H11=98.7%', 'H12=98.8%', 'H13=98.8%', 'H14=98.8%', 'H15=98.8%', 'H16=98.8%']
  per_ACT_puzzle_acc: ['H1=0.0%', 'H2=0.0%', 'H3=8.7%', 'H4=34.6%', 'H5=49.0%', 'H6=57.7%', 'H7=58.7%', 'H8=59.6%', 'H9=59.6%', 'H10=60.6%', 'H11=60.6%', 'H12=60.6%', 'H13=60.6%', 'H14=59.6%', 'H15=59.6%', 'H16=58.7%']
  mean_sigmoid_q_halt: ['0.000', '0.001', '0.060', '0.551', '0.711', '0.773', '0.801', '0.840', '0.863', '0.879', '0.887', '0.895', '0.895', '0.891', '0.887', '0.887']
  halt_rates: ['0.00', '0.00', '0.00', '0.54', '0.76', '0.82', '0.83', '0.88', '0.89', '0.92', '0.91', '0.93', '0.92', '0.93', '0.93', '0.92']
  halt_histogram %: [0.1, 28.2, 14.3, 8.1, 4.4, 2.9, 2.2, 1.6, 1.3, 1.1, 1.0, 0.9, 0.8, 0.6, 1.0, 31.6]
  Avg ACT steps (last 100): 2.42
  saved: /home/jvdillon/projects/sic/code/maze/ckpts/x07m/step01500.pt acc=98.63% (0.057s)
  saved: /home/jvdillon/projects/sic/code/maze/ckpts/x07m/best.pt acc=98.63% (0.138s)
Step  1500  Test 98.63% / 62.60% (halt: 98.61%/51.90%)  Train lm=0.7070±0.0131ϵ[0.6836,0.7500] n_halted=32.0620±18.4887ϵ[0.0000,85.0000]  TrainAcc 99.01%/64.90% (halt: 98.99%/63.80%)  (54.400s / 791.246s)
  n_active=512.0000±0.0000ϵ[512.0000,512.0000] n_expunged=61.1620±16.7798ϵ[7.0000,100.0000] pool_util=1.0000±0.0000ϵ[1.0000,1.0000]
  path_valid=77.40%, exact_match=59.00%
  eval_avg_halt_step: 2.30
  per_H_acc: ['H0=0.0%', 'H1=0.0%', 'H2=0.0%']
  H_cos: ['0.867', '0.910']
  z_H_delta: ['18.875', '15.438']
  cells: fixed=[6, 1] broken=[52, 6]
  per_ACT_cell_acc: ['H1=87.3%', 'H2=89.9%', 'H3=98.2%', 'H4=98.6%', 'H5=98.7%', 'H6=98.8%', 'H7=98.8%', 'H8=98.8%', 'H9=98.8%', 'H10=98.8%', 'H11=98.8%', 'H12=98.7%', 'H13=98.8%', 'H14=98.7%', 'H15=98.7%', 'H16=98.7%']
  per_ACT_puzzle_acc: ['H1=0.0%', 'H2=0.0%', 'H3=16.8%', 'H4=47.8%', 'H5=56.5%', 'H6=58.6%', 'H7=62.1%', 'H8=61.2%', 'H9=61.2%', 'H10=60.8%', 'H11=59.5%', 'H12=58.2%', 'H13=59.1%', 'H14=58.2%', 'H15=57.8%', 'H16=56.5%']
  mean_sigmoid_q_halt: ['0.000', '0.002', '0.318', '0.617', '0.719', '0.750', '0.758', '0.738', '0.734', '0.734', '0.723', '0.707', '0.688', '0.691', '0.688', '0.684']
  halt_rates: ['0.00', '0.00', '0.28', '0.65', '0.78', '0.87', '0.88', '0.85', '0.88', '0.88', '0.86', '0.84', '0.80', '0.81', '0.78', '0.80']
  halt_histogram %: [8.9, 47.9, 13.5, 5.3, 2.6, 1.7, 1.2, 0.9, 0.8, 0.5, 0.5, 0.4, 0.4, 0.3, 0.5, 14.6]
  Avg ACT steps (last 100): 1.81
  eval_avg_halt_step: 1.88
  per_H_acc: ['H0=0.0%', 'H1=0.0%', 'H2=0.0%']
  H_cos: ['0.867', '0.906']
  z_H_delta: ['18.875', '15.562']
  cells: fixed=[1, 0] broken=[8, 1]
  per_ACT_cell_acc: ['H1=87.2%', 'H2=89.8%', 'H3=99.0%', 'H4=99.3%', 'H5=99.4%', 'H6=99.5%', 'H7=99.5%', 'H8=99.5%', 'H9=99.5%', 'H10=99.5%', 'H11=99.5%', 'H12=99.5%', 'H13=99.5%', 'H14=99.5%', 'H15=99.5%', 'H16=99.5%']
  per_ACT_puzzle_acc: ['H1=0.0%', 'H2=0.0%', 'H3=26.0%', 'H4=69.2%', 'H5=78.8%', 'H6=82.7%', 'H7=81.7%', 'H8=82.7%', 'H9=81.7%', 'H10=81.7%', 'H11=78.8%', 'H12=78.8%', 'H13=75.0%', 'H14=73.1%', 'H15=73.1%', 'H16=72.1%']
  mean_sigmoid_q_halt: ['0.000', '0.001', '0.383', '0.695', '0.816', '0.832', '0.812', '0.785', '0.777', '0.750', '0.742', '0.738', '0.730', '0.727', '0.699', '0.703']
  halt_rates: ['0.00', '0.00', '0.32', '0.78', '0.92', '0.92', '0.91', '0.92', '0.93', '0.88', '0.88', '0.86', '0.85', '0.83', '0.79', '0.82']
  halt_histogram %: [8.9, 47.9, 13.5, 5.3, 2.6, 1.7, 1.2, 0.9, 0.8, 0.5, 0.5, 0.4, 0.4, 0.3, 0.5, 14.6]
  Avg ACT steps (last 100): 1.81
  saved: /home/jvdillon/projects/sic/code/maze/ckpts/x07m/step02000.pt acc=98.89% (0.057s)
  saved: /home/jvdillon/projects/sic/code/maze/ckpts/x07m/best.pt acc=98.89% (0.141s)
Step  2000  Test 98.89% / 65.70% (halt: 98.94%/56.90%)  Train lm=0.6875±0.0061ϵ[0.6758,0.7227] n_halted=57.8740±14.1316ϵ[17.0000,96.0000]  TrainAcc 99.37%/69.00% (halt: 99.50%/68.40%)  (54.368s / 788.852s)
  n_active=512.0000±0.0000ϵ[512.0000,512.0000] n_expunged=62.9400±13.6216ϵ[28.0000,101.0000] pool_util=1.0000±0.0000ϵ[1.0000,1.0000]
  path_valid=91.80%, exact_match=50.90%
  eval_avg_halt_step: 2.87
  per_H_acc: ['H0=0.3%', 'H1=0.0%', 'H2=0.0%']
  H_cos: ['0.789', '0.918']
  z_H_delta: ['20.500', '16.000']
  cells: fixed=[0, 0] broken=[543, 0]
  per_ACT_cell_acc: ['H1=87.0%', 'H2=90.4%', 'H3=96.8%', 'H4=97.6%', 'H5=97.9%', 'H6=98.1%', 'H7=98.3%', 'H8=98.3%', 'H9=98.3%', 'H10=98.4%', 'H11=98.3%', 'H12=98.3%', 'H13=98.3%', 'H14=98.3%', 'H15=98.3%', 'H16=98.3%']
  per_ACT_puzzle_acc: ['H1=0.0%', 'H2=0.0%', 'H3=10.3%', 'H4=32.8%', 'H5=38.8%', 'H6=46.1%', 'H7=48.3%', 'H8=51.3%', 'H9=50.9%', 'H10=52.2%', 'H11=52.2%', 'H12=53.0%', 'H13=53.9%', 'H14=52.6%', 'H15=51.7%', 'H16=52.6%']
  mean_sigmoid_q_halt: ['0.000', '0.015', '0.338', '0.547', '0.645', '0.719', '0.754', '0.781', '0.773', '0.773', '0.785', '0.781', '0.789', '0.785', '0.785', '0.781']
  halt_rates: ['0.00', '0.00', '0.29', '0.58', '0.69', '0.76', '0.81', '0.84', '0.83', '0.84', '0.84', '0.85', '0.84', '0.84', '0.84', '0.84']
  halt_histogram %: [20.4, 48.5, 11.5, 4.0, 1.8, 1.2, 0.8, 0.6, 0.5, 0.4, 0.3, 0.3, 0.3, 0.2, 0.3, 9.0]
  Avg ACT steps (last 100): 1.85
  eval_avg_halt_step: 2.44
  per_H_acc: ['H0=0.3%', 'H1=0.0%', 'H2=0.0%']
  H_cos: ['0.789', '0.918']
  z_H_delta: ['20.500', '16.000']
  cells: fixed=[0, 0] broken=[277, 0]
  per_ACT_cell_acc: ['H1=86.9%', 'H2=90.6%', 'H3=97.5%', 'H4=98.3%', 'H5=98.6%', 'H6=98.7%', 'H7=98.8%', 'H8=98.8%', 'H9=98.8%', 'H10=98.8%', 'H11=98.8%', 'H12=98.8%', 'H13=98.9%', 'H14=98.9%', 'H15=98.9%', 'H16=98.9%']
  per_ACT_puzzle_acc: ['H1=0.0%', 'H2=0.0%', 'H3=11.5%', 'H4=36.5%', 'H5=51.0%', 'H6=56.7%', 'H7=60.6%', 'H8=60.6%', 'H9=59.6%', 'H10=61.5%', 'H11=60.6%', 'H12=64.4%', 'H13=63.5%', 'H14=62.5%', 'H15=62.5%', 'H16=63.5%']
  mean_sigmoid_q_halt: ['0.000', '0.015', '0.367', '0.539', '0.688', '0.734', '0.773', '0.781', '0.789', '0.809', '0.805', '0.809', '0.816', '0.801', '0.801', '0.809']
  halt_rates: ['0.00', '0.00', '0.31', '0.55', '0.77', '0.78', '0.83', '0.85', '0.85', '0.88', '0.88', '0.88', '0.89', '0.88', '0.87', '0.87']
  halt_histogram %: [20.4, 48.5, 11.5, 4.0, 1.8, 1.2, 0.8, 0.6, 0.5, 0.4, 0.3, 0.3, 0.3, 0.2, 0.3, 9.0]
  Avg ACT steps (last 100): 1.85
  saved: /home/jvdillon/projects/sic/code/maze/ckpts/x07m/step02500.pt acc=98.36% (0.058s)
Step  2500  Test 98.36% / 68.60% (halt: 98.18%/39.40%)  Train lm=0.6836±0.0062ϵ[0.6719,0.7188] n_halted=68.7980±14.3695ϵ[21.0000,100.0000]  TrainAcc 98.60%/54.90% (halt: 98.42%/43.50%)  (54.370s / 789.161s)
  n_active=512.0000±0.0000ϵ[512.0000,512.0000] n_expunged=53.8480±13.6416ϵ[27.0000,95.0000] pool_util=1.0000±0.0000ϵ[1.0000,1.0000]
  path_valid=97.40%, exact_match=69.00%
  eval_avg_halt_step: 1.89
  per_H_acc: ['H0=7.0%', 'H1=0.0%', 'H2=0.0%']
  H_cos: ['0.840', '0.871']
  z_H_delta: ['19.375', '19.000']
  cells: fixed=[14, 0] broken=[14710, 14]
  per_ACT_cell_acc: ['H1=80.2%', 'H2=87.5%', 'H3=98.0%', 'H4=98.7%', 'H5=98.8%', 'H6=98.8%', 'H7=98.9%', 'H8=98.9%', 'H9=98.9%', 'H10=98.9%', 'H11=98.9%', 'H12=98.9%', 'H13=98.9%', 'H14=98.9%', 'H15=98.9%', 'H16=98.9%']
  per_ACT_puzzle_acc: ['H1=0.0%', 'H2=0.0%', 'H3=12.5%', 'H4=50.0%', 'H5=59.5%', 'H6=65.5%', 'H7=66.8%', 'H8=66.4%', 'H9=66.8%', 'H10=67.2%', 'H11=67.7%', 'H12=67.7%', 'H13=67.2%', 'H14=67.2%', 'H15=67.7%', 'H16=67.7%']
  mean_sigmoid_q_halt: ['0.000', '0.010', '0.420', '0.684', '0.801', '0.859', '0.879', '0.891', '0.906', '0.918', '0.914', '0.918', '0.922', '0.926', '0.922', '0.926']
  halt_rates: ['0.00', '0.00', '0.36', '0.72', '0.85', '0.90', '0.92', '0.93', '0.94', '0.96', '0.95', '0.96', '0.96', '0.96', '0.96', '0.96']
  halt_histogram %: [29.1, 46.5, 10.0, 3.2, 1.4, 0.9, 0.6, 0.4, 0.4, 0.3, 0.3, 0.2, 0.2, 0.1, 0.2, 6.3]
  Avg ACT steps (last 100): 1.42
  eval_avg_halt_step: 1.72
  per_H_acc: ['H0=7.0%', 'H1=0.0%', 'H2=0.0%']
  H_cos: ['0.840', '0.867']
  z_H_delta: ['19.375', '19.000']
  cells: fixed=[5, 0] broken=[6518, 5]
  per_ACT_cell_acc: ['H1=80.1%', 'H2=87.3%', 'H3=98.8%', 'H4=99.5%', 'H5=99.6%', 'H6=99.6%', 'H7=99.7%', 'H8=99.7%', 'H9=99.7%', 'H10=99.7%', 'H11=99.7%', 'H12=99.7%', 'H13=99.7%', 'H14=99.7%', 'H15=99.7%', 'H16=99.7%']
  per_ACT_puzzle_acc: ['H1=0.0%', 'H2=0.0%', 'H3=18.3%', 'H4=68.3%', 'H5=78.8%', 'H6=82.7%', 'H7=84.6%', 'H8=85.6%', 'H9=86.5%', 'H10=86.5%', 'H11=87.5%', 'H12=86.5%', 'H13=87.5%', 'H14=87.5%', 'H15=87.5%', 'H16=87.5%']
  mean_sigmoid_q_halt: ['0.000', '0.009', '0.461', '0.754', '0.859', '0.902', '0.930', '0.934', '0.945', '0.945', '0.945', '0.945', '0.953', '0.953', '0.953', '0.953']
  halt_rates: ['0.00', '0.00', '0.45', '0.82', '0.89', '0.94', '0.97', '0.97', '0.98', '0.98', '0.97', '0.98', '0.99', '0.99', '0.98', '0.98']
  halt_histogram %: [29.1, 46.5, 10.0, 3.2, 1.4, 0.9, 0.6, 0.4, 0.4, 0.3, 0.3, 0.2, 0.2, 0.1, 0.2, 6.3]
  Avg ACT steps (last 100): 1.42
  saved: /home/jvdillon/projects/sic/code/maze/ckpts/x07m/step03000.pt acc=99.06% (0.057s)
  saved: /home/jvdillon/projects/sic/code/maze/ckpts/x07m/best.pt acc=99.06% (0.138s)
Step  3000  Test 99.06% / 74.00% (halt: 98.92%/50.10%)  Train lm=0.6836±0.0066ϵ[0.6719,0.7109] n_halted=76.5380±14.1097ϵ[21.0000,111.0000]  TrainAcc 99.62%/85.90% (halt: 99.45%/60.80%)  (54.462s / 789.315s)
  n_active=512.0000±0.0000ϵ[512.0000,512.0000] n_expunged=47.8660±13.5753ϵ[16.0000,98.0000] pool_util=1.0000±0.0000ϵ[1.0000,1.0000]
  path_valid=97.60%, exact_match=57.10%
  eval_avg_halt_step: 2.19
  per_H_acc: ['H0=1.7%', 'H1=0.0%', 'H2=0.0%']
  H_cos: ['0.797', '0.875']
  z_H_delta: ['21.375', '18.000']
  cells: fixed=[7, 0] broken=[3543, 7]
  per_ACT_cell_acc: ['H1=85.6%', 'H2=88.2%', 'H3=98.2%', 'H4=98.9%', 'H5=98.9%', 'H6=98.9%', 'H7=98.9%', 'H8=98.9%', 'H9=98.9%', 'H10=98.9%', 'H11=98.9%', 'H12=98.9%', 'H13=98.9%', 'H14=98.9%', 'H15=98.9%', 'H16=98.9%']
  per_ACT_puzzle_acc: ['H1=0.0%', 'H2=0.0%', 'H3=19.8%', 'H4=52.2%', 'H5=55.2%', 'H6=55.2%', 'H7=56.9%', 'H8=55.6%', 'H9=54.3%', 'H10=55.6%', 'H11=55.6%', 'H12=54.7%', 'H13=54.3%', 'H14=53.0%', 'H15=53.9%', 'H16=53.9%']
  mean_sigmoid_q_halt: ['0.001', '0.051', '0.434', '0.641', '0.766', '0.801', '0.848', '0.844', '0.840', '0.848', '0.844', '0.836', '0.844', '0.828', '0.824', '0.824']
  halt_rates: ['0.00', '0.00', '0.42', '0.67', '0.83', '0.83', '0.91', '0.88', '0.89', '0.90', '0.90', '0.88', '0.89', '0.86', '0.87', '0.87']
  halt_histogram %: [36.8, 43.2, 8.7, 2.6, 1.1, 0.7, 0.5, 0.4, 0.3, 0.2, 0.2, 0.2, 0.1, 0.1, 0.2, 4.7]
  Avg ACT steps (last 100): 1.78
  eval_avg_halt_step: 1.90
  per_H_acc: ['H0=1.6%', 'H1=0.0%', 'H2=0.0%']
  H_cos: ['0.793', '0.875']
  z_H_delta: ['21.375', '18.000']
  cells: fixed=[0, 0] broken=[1523, 0]
  per_ACT_cell_acc: ['H1=85.6%', 'H2=88.2%', 'H3=98.9%', 'H4=99.5%', 'H5=99.5%', 'H6=99.5%', 'H7=99.5%', 'H8=99.5%', 'H9=99.5%', 'H10=99.5%', 'H11=99.5%', 'H12=99.4%', 'H13=99.5%', 'H14=99.5%', 'H15=99.5%', 'H16=99.5%']
  per_ACT_puzzle_acc: ['H1=0.0%', 'H2=0.0%', 'H3=23.1%', 'H4=69.2%', 'H5=72.1%', 'H6=70.2%', 'H7=70.2%', 'H8=69.2%', 'H9=73.1%', 'H10=73.1%', 'H11=70.2%', 'H12=69.2%', 'H13=68.3%', 'H14=68.3%', 'H15=68.3%', 'H16=68.3%']
  mean_sigmoid_q_halt: ['0.001', '0.046', '0.469', '0.734', '0.820', '0.852', '0.871', '0.855', '0.875', '0.875', '0.855', '0.855', '0.848', '0.848', '0.848', '0.840']
  halt_rates: ['0.00', '0.00', '0.47', '0.78', '0.84', '0.88', '0.93', '0.91', '0.93', '0.93', '0.91', '0.90', '0.89', '0.89', '0.90', '0.88']
  halt_histogram %: [36.8, 43.2, 8.7, 2.6, 1.1, 0.7, 0.5, 0.4, 0.3, 0.2, 0.2, 0.2, 0.1, 0.1, 0.2, 4.7]
  Avg ACT steps (last 100): 1.78
  saved: /home/jvdillon/projects/sic/code/maze/ckpts/x07m/step03500.pt acc=98.94% (0.057s)
Step  3500  Test 98.94% / 60.80% (halt: 98.94%/47.20%)  Train lm=0.6758±0.0046ϵ[0.6680,0.6992] n_halted=84.0240±13.2784ϵ[28.0000,110.0000]  TrainAcc 99.44%/71.90% (halt: 99.47%/62.20%)  (54.756s / 789.319s)
  n_active=512.0000±0.0000ϵ[512.0000,512.0000] n_expunged=41.0860±13.0420ϵ[17.0000,89.0000] pool_util=1.0000±0.0000ϵ[1.0000,1.0000]
  path_valid=99.20%, exact_match=78.80%
  eval_avg_halt_step: 1.24
  per_H_acc: ['H0=0.0%', 'H1=0.0%', 'H2=0.0%']
  H_cos: ['0.867', '0.914']
  z_H_delta: ['19.875', '16.875']
  cells: fixed=[0, 0] broken=[0, 0]
  per_ACT_cell_acc: ['H1=87.4%', 'H2=91.5%', 'H3=98.8%', 'H4=99.1%', 'H5=99.2%', 'H6=99.2%', 'H7=99.2%', 'H8=99.2%', 'H9=99.2%', 'H10=99.2%', 'H11=99.2%', 'H12=99.2%', 'H13=99.2%', 'H14=99.2%', 'H15=99.2%', 'H16=99.3%']
  per_ACT_puzzle_acc: ['H1=0.0%', 'H2=0.0%', 'H3=38.8%', 'H4=67.2%', 'H5=71.6%', 'H6=75.4%', 'H7=75.9%', 'H8=76.7%', 'H9=76.7%', 'H10=76.7%', 'H11=76.7%', 'H12=76.7%', 'H13=76.7%', 'H14=76.7%', 'H15=76.7%', 'H16=76.7%']
  mean_sigmoid_q_halt: ['0.002', '0.113', '0.734', '0.863', '0.910', '0.941', '0.949', '0.957', '0.961', '0.965', '0.961', '0.961', '0.961', '0.961', '0.961', '0.961']
  halt_rates: ['0.00', '0.00', '0.82', '0.88', '0.92', '0.97', '0.98', '0.98', '0.98', '0.99', '0.99', '0.99', '0.99', '0.99', '0.99', '0.99']
  halt_histogram %: [43.5, 39.7, 7.6, 2.2, 0.9, 0.6, 0.4, 0.3, 0.2, 0.2, 0.2, 0.1, 0.1, 0.1, 0.1, 3.7]
  Avg ACT steps (last 100): 1.51
  eval_avg_halt_step: 1.12
  per_H_acc: ['H0=0.0%', 'H1=0.0%', 'H2=0.0%']
  H_cos: ['0.867', '0.914']
  z_H_delta: ['19.875', '16.875']
  cells: fixed=[0, 0] broken=[0, 0]
  per_ACT_cell_acc: ['H1=87.4%', 'H2=91.6%', 'H3=99.5%', 'H4=99.7%', 'H5=99.8%', 'H6=99.8%', 'H7=99.8%', 'H8=99.8%', 'H9=99.8%', 'H10=99.8%', 'H11=99.8%', 'H12=99.8%', 'H13=99.8%', 'H14=99.8%', 'H15=99.8%', 'H16=99.8%']
  per_ACT_puzzle_acc: ['H1=0.0%', 'H2=0.0%', 'H3=54.8%', 'H4=89.4%', 'H5=91.3%', 'H6=91.3%', 'H7=91.3%', 'H8=91.3%', 'H9=91.3%', 'H10=91.3%', 'H11=91.3%', 'H12=91.3%', 'H13=91.3%', 'H14=91.3%', 'H15=91.3%', 'H16=92.3%']
  mean_sigmoid_q_halt: ['0.002', '0.115', '0.801', '0.957', '0.969', '0.965', '0.969', '0.969', '0.961', '0.965', '0.965', '0.965', '0.965', '0.969', '0.973', '0.973']
  halt_rates: ['0.00', '0.00', '0.88', '0.99', '0.99', '0.99', '0.99', '0.99', '0.99', '0.99', '0.99', '0.99', '0.99', '0.99', '1.00', '1.00']
  halt_histogram %: [43.5, 39.7, 7.6, 2.2, 0.9, 0.6, 0.4, 0.3, 0.2, 0.2, 0.2, 0.1, 0.1, 0.1, 0.1, 3.7]
  Avg ACT steps (last 100): 1.51
  saved: /home/jvdillon/projects/sic/code/maze/ckpts/x07m/step04000.pt acc=99.28% (0.057s)
  saved: /home/jvdillon/projects/sic/code/maze/ckpts/x07m/best.pt acc=99.28% (0.140s)
Step  4000  Test 99.28% / 87.80% (halt: 99.09%/53.00%)  Train lm=0.6719±0.0058ϵ[0.6680,0.7578] n_halted=91.4920±13.1536ϵ[30.0000,116.0000]  TrainAcc 99.84%/94.70% (halt: 99.69%/67.30%)  (54.390s / 789.248s)
  n_active=512.0000±0.0000ϵ[512.0000,512.0000] n_expunged=34.7400±12.8311ϵ[12.0000,97.0000] pool_util=1.0000±0.0000ϵ[1.0000,1.0000]
  path_valid=98.90%, exact_match=71.70%
  eval_avg_halt_step: 1.29
  per_H_acc: ['H0=0.0%', 'H1=0.0%', 'H2=0.0%']
  H_cos: ['0.859', '0.910']
  z_H_delta: ['19.250', '18.500']
  cells: fixed=[4, 0] broken=[0, 4]
  per_ACT_cell_acc: ['H1=87.3%', 'H2=92.9%', 'H3=99.0%', 'H4=99.0%', 'H5=99.1%', 'H6=99.1%', 'H7=99.1%', 'H8=99.1%', 'H9=99.1%', 'H10=99.1%', 'H11=99.1%', 'H12=99.2%', 'H13=99.2%', 'H14=99.2%', 'H15=99.2%', 'H16=99.2%']
  per_ACT_puzzle_acc: ['H1=0.0%', 'H2=0.0%', 'H3=53.0%', 'H4=66.4%', 'H5=68.5%', 'H6=70.7%', 'H7=72.8%', 'H8=72.8%', 'H9=73.3%', 'H10=73.7%', 'H11=73.7%', 'H12=73.7%', 'H13=73.7%', 'H14=74.1%', 'H15=74.1%', 'H16=74.1%']
  mean_sigmoid_q_halt: ['0.002', '0.014', '0.754', '0.816', '0.848', '0.883', '0.898', '0.906', '0.914', '0.922', '0.922', '0.926', '0.926', '0.930', '0.930', '0.930']
  halt_rates: ['0.00', '0.00', '0.80', '0.84', '0.87', '0.92', '0.95', '0.95', '0.97', '0.97', '0.97', '0.97', '0.98', '0.98', '0.98', '0.98']
  halt_histogram %: [48.7, 36.8, 6.8, 1.9, 0.8, 0.5, 0.3, 0.2, 0.2, 0.2, 0.1, 0.1, 0.1, 0.1, 0.1, 3.1]
  Avg ACT steps (last 100): 1.27
  eval_avg_halt_step: 1.13
  per_H_acc: ['H0=0.0%', 'H1=0.0%', 'H2=0.0%']
  H_cos: ['0.859', '0.910']
  z_H_delta: ['19.375', '18.750']
  cells: fixed=[1, 0] broken=[0, 1]
  per_ACT_cell_acc: ['H1=87.2%', 'H2=93.2%', 'H3=99.7%', 'H4=99.7%', 'H5=99.7%', 'H6=99.8%', 'H7=99.8%', 'H8=99.8%', 'H9=99.8%', 'H10=99.8%', 'H11=99.8%', 'H12=99.8%', 'H13=99.8%', 'H14=99.8%', 'H15=99.8%', 'H16=99.8%']
  per_ACT_puzzle_acc: ['H1=0.0%', 'H2=0.0%', 'H3=82.7%', 'H4=87.5%', 'H5=90.4%', 'H6=90.4%', 'H7=93.3%', 'H8=93.3%', 'H9=93.3%', 'H10=94.2%', 'H11=94.2%', 'H12=94.2%', 'H13=93.3%', 'H14=93.3%', 'H15=93.3%', 'H16=94.2%']
  mean_sigmoid_q_halt: ['0.002', '0.013', '0.871', '0.895', '0.902', '0.906', '0.926', '0.926', '0.926', '0.926', '0.926', '0.922', '0.926', '0.930', '0.926', '0.934']
  halt_rates: ['0.00', '0.00', '0.91', '0.89', '0.93', '0.94', '0.97', '0.97', '0.97', '0.97', '0.97', '0.97', '0.98', '0.98', '0.97', '0.98']
  halt_histogram %: [48.7, 36.8, 6.8, 1.9, 0.8, 0.5, 0.3, 0.2, 0.2, 0.2, 0.1, 0.1, 0.1, 0.1, 0.1, 3.1]
  Avg ACT steps (last 100): 1.27
  saved: /home/jvdillon/projects/sic/code/maze/ckpts/x07m/step04500.pt acc=99.09% (0.056s)
Step  4500  Test 99.09% / 77.00% (halt: 99.06%/60.10%)  Train lm=0.6719±0.0040ϵ[0.6641,0.6992] n_halted=95.0000±13.3559ϵ[14.0000,115.0000]  TrainAcc 99.75%/90.40% (halt: 99.72%/82.00%)  (54.337s / 789.303s)
  n_active=512.0000±0.0000ϵ[512.0000,512.0000] n_expunged=30.9080±10.9055ϵ[13.0000,78.0000] pool_util=1.0000±0.0000ϵ[1.0000,1.0000]
  path_valid=97.60%, exact_match=76.20%
  eval_avg_halt_step: 1.31
  per_H_acc: ['H0=0.0%', 'H1=0.0%', 'H2=0.0%']
  H_cos: ['0.848', '0.914']
  z_H_delta: ['21.625', '19.500']
  cells: fixed=[0, 0] broken=[0, 0]
  per_ACT_cell_acc: ['H1=87.5%', 'H2=90.7%', 'H3=98.8%', 'H4=98.9%', 'H5=99.0%', 'H6=99.0%', 'H7=99.0%', 'H8=99.0%', 'H9=99.0%', 'H10=99.0%', 'H11=99.0%', 'H12=99.0%', 'H13=99.0%', 'H14=99.1%', 'H15=99.1%', 'H16=99.0%']
  per_ACT_puzzle_acc: ['H1=0.0%', 'H2=0.0%', 'H3=55.6%', 'H4=70.3%', 'H5=74.6%', 'H6=74.1%', 'H7=74.1%', 'H8=73.7%', 'H9=74.6%', 'H10=75.4%', 'H11=75.4%', 'H12=75.4%', 'H13=75.4%', 'H14=75.4%', 'H15=75.9%', 'H16=75.9%']
  mean_sigmoid_q_halt: ['0.002', '0.148', '0.777', '0.848', '0.902', '0.926', '0.926', '0.930', '0.934', '0.938', '0.938', '0.938', '0.945', '0.945', '0.949', '0.945']
  halt_rates: ['0.00', '0.00', '0.84', '0.87', '0.93', '0.95', '0.95', '0.95', '0.96', '0.96', '0.96', '0.96', '0.97', '0.96', '0.97', '0.96']
  halt_histogram %: [52.8, 34.4, 6.2, 1.7, 0.7, 0.4, 0.3, 0.2, 0.2, 0.1, 0.1, 0.1, 0.1, 0.1, 0.1, 2.6]
  Avg ACT steps (last 100): 1.18
  eval_avg_halt_step: 1.13
  per_H_acc: ['H0=0.0%', 'H1=0.0%', 'H2=0.0%']
  H_cos: ['0.848', '0.910']
  z_H_delta: ['21.750', '19.625']
  cells: fixed=[0, 0] broken=[0, 0]
  per_ACT_cell_acc: ['H1=87.5%', 'H2=90.6%', 'H3=99.7%', 'H4=99.8%', 'H5=99.8%', 'H6=99.8%', 'H7=99.8%', 'H8=99.8%', 'H9=99.8%', 'H10=99.8%', 'H11=99.8%', 'H12=99.8%', 'H13=99.8%', 'H14=99.8%', 'H15=99.8%', 'H16=99.8%']
  per_ACT_puzzle_acc: ['H1=0.0%', 'H2=0.0%', 'H3=76.0%', 'H4=91.3%', 'H5=93.3%', 'H6=94.2%', 'H7=94.2%', 'H8=94.2%', 'H9=94.2%', 'H10=94.2%', 'H11=94.2%', 'H12=94.2%', 'H13=94.2%', 'H14=94.2%', 'H15=94.2%', 'H16=94.2%']
  mean_sigmoid_q_halt: ['0.002', '0.144', '0.852', '0.945', '0.961', '0.969', '0.973', '0.969', '0.969', '0.969', '0.969', '0.969', '0.969', '0.969', '0.969', '0.969']
  halt_rates: ['0.00', '0.00', '0.92', '0.97', '0.98', '0.99', '1.00', '0.99', '0.99', '0.99', '0.99', '0.99', '0.99', '0.99', '0.99', '0.99']
  halt_histogram %: [52.8, 34.4, 6.2, 1.7, 0.7, 0.4, 0.3, 0.2, 0.2, 0.1, 0.1, 0.1, 0.1, 0.1, 0.1, 2.6]
  Avg ACT steps (last 100): 1.18
  saved: /home/jvdillon/projects/sic/code/maze/ckpts/x07m/step05000.pt acc=99.13% (0.056s)
Step  5000  Test 99.13% / 84.90% (halt: 99.01%/61.00%)  Train lm=0.6719±0.0045ϵ[0.6641,0.7031] n_halted=98.0540±10.9513ϵ[35.0000,117.0000]  TrainAcc 99.79%/93.40% (halt: 99.69%/80.20%)  (54.323s / 789.165s)
  n_active=512.0000±0.0000ϵ[512.0000,512.0000] n_expunged=28.9700±10.8014ϵ[9.0000,92.0000] pool_util=1.0000±0.0000ϵ[1.0000,1.0000]
  path_valid=97.50%, exact_match=63.60%
  eval_avg_halt_step: 2.15
  per_H_acc: ['H0=2.1%', 'H1=0.0%', 'H2=0.0%']
  H_cos: ['0.820', '0.906']
  z_H_delta: ['23.000', '18.875']
  cells: fixed=[0, 0] broken=[4465, 0]
  per_ACT_cell_acc: ['H1=83.1%', 'H2=89.8%', 'H3=97.9%', 'H4=98.6%', 'H5=98.7%', 'H6=98.7%', 'H7=98.8%', 'H8=98.8%', 'H9=98.8%', 'H10=98.8%', 'H11=98.8%', 'H12=98.8%', 'H13=98.8%', 'H14=98.8%', 'H15=98.8%', 'H16=98.8%']
  per_ACT_puzzle_acc: ['H1=0.0%', 'H2=0.0%', 'H3=19.8%', 'H4=49.1%', 'H5=57.3%', 'H6=58.6%', 'H7=60.8%', 'H8=62.5%', 'H9=62.1%', 'H10=61.6%', 'H11=62.1%', 'H12=62.1%', 'H13=62.1%', 'H14=62.1%', 'H15=62.1%', 'H16=61.6%']
  mean_sigmoid_q_halt: ['0.006', '0.115', '0.539', '0.684', '0.777', '0.828', '0.859', '0.863', '0.863', '0.867', '0.867', '0.863', '0.871', '0.871', '0.875', '0.875']
  halt_rates: ['0.00', '0.00', '0.50', '0.70', '0.78', '0.83', '0.85', '0.88', '0.86', '0.87', '0.87', '0.87', '0.87', '0.87', '0.88', '0.88']
  halt_histogram %: [56.7, 31.9, 5.6, 1.5, 0.6, 0.4, 0.3, 0.2, 0.2, 0.1, 0.1, 0.1, 0.1, 0.1, 0.1, 2.2]
  Avg ACT steps (last 100): 1.22
  eval_avg_halt_step: 1.73
  per_H_acc: ['H0=2.1%', 'H1=0.0%', 'H2=0.0%']
  H_cos: ['0.820', '0.906']
  z_H_delta: ['23.125', '19.000']
  cells: fixed=[0, 0] broken=[1977, 0]
  per_ACT_cell_acc: ['H1=83.0%', 'H2=89.9%', 'H3=98.7%', 'H4=99.4%', 'H5=99.4%', 'H6=99.5%', 'H7=99.5%', 'H8=99.5%', 'H9=99.5%', 'H10=99.5%', 'H11=99.5%', 'H12=99.5%', 'H13=99.5%', 'H14=99.5%', 'H15=99.5%', 'H16=99.5%']
  per_ACT_puzzle_acc: ['H1=0.0%', 'H2=0.0%', 'H3=26.9%', 'H4=65.4%', 'H5=73.1%', 'H6=78.8%', 'H7=77.9%', 'H8=78.8%', 'H9=78.8%', 'H10=78.8%', 'H11=78.8%', 'H12=78.8%', 'H13=78.8%', 'H14=78.8%', 'H15=78.8%', 'H16=78.8%']
  mean_sigmoid_q_halt: ['0.006', '0.116', '0.605', '0.707', '0.812', '0.855', '0.879', '0.887', '0.895', '0.898', '0.895', '0.891', '0.898', '0.898', '0.898', '0.902']
  halt_rates: ['0.00', '0.00', '0.67', '0.68', '0.81', '0.88', '0.88', '0.89', '0.89', '0.90', '0.89', '0.89', '0.90', '0.89', '0.89', '0.90']
  halt_histogram %: [56.7, 31.9, 5.6, 1.5, 0.6, 0.4, 0.3, 0.2, 0.2, 0.1, 0.1, 0.1, 0.1, 0.1, 0.1, 2.2]
  Avg ACT steps (last 100): 1.22
  saved: /home/jvdillon/projects/sic/code/maze/ckpts/x07m/step05500.pt acc=98.90% (0.056s)
Step  5500  Test 98.90% / 69.90% (halt: 98.75%/44.20%)  Train lm=0.6719±0.0049ϵ[0.6641,0.7070] n_halted=102.1760±11.6092ϵ[23.0000,117.0000]  TrainAcc 99.42%/79.00% (halt: 99.27%/55.90%)  (54.338s / 789.291s)
  n_active=512.0000±0.0000ϵ[512.0000,512.0000] n_expunged=24.0300±9.8704ϵ[8.0000,96.0000] pool_util=1.0000±0.0000ϵ[1.0000,1.0000]
  path_valid=89.40%, exact_match=70.50%
  eval_avg_halt_step: 1.26
  per_H_acc: ['H0=18.1%', 'H1=0.0%', 'H2=0.0%']
  H_cos: ['0.816', '0.930']
  z_H_delta: ['24.125', '16.625']
  cells: fixed=[0, 0] broken=[37817, 0]
  per_ACT_cell_acc: ['H1=69.2%', 'H2=93.1%', 'H3=99.1%', 'H4=99.3%', 'H5=99.4%', 'H6=99.4%', 'H7=99.4%', 'H8=99.4%', 'H9=99.4%', 'H10=99.4%', 'H11=99.4%', 'H12=99.4%', 'H13=99.4%', 'H14=99.4%', 'H15=99.4%', 'H16=99.4%']
  per_ACT_puzzle_acc: ['H1=0.0%', 'H2=0.0%', 'H3=51.7%', 'H4=69.8%', 'H5=74.1%', 'H6=75.9%', 'H7=77.2%', 'H8=78.4%', 'H9=76.7%', 'H10=75.4%', 'H11=76.3%', 'H12=75.4%', 'H13=74.1%', 'H14=74.6%', 'H15=74.6%', 'H16=75.0%']
  mean_sigmoid_q_halt: ['0.010', '0.130', '0.770', '0.848', '0.879', '0.883', '0.910', '0.914', '0.910', '0.898', '0.902', '0.898', '0.891', '0.895', '0.883', '0.895']
  halt_rates: ['0.00', '0.00', '0.81', '0.87', '0.91', '0.90', '0.94', '0.95', '0.94', '0.92', '0.93', '0.92', '0.91', '0.92', '0.88', '0.91']
  halt_histogram %: [59.2, 30.4, 5.2, 1.3, 0.5, 0.3, 0.2, 0.2, 0.1, 0.1, 0.1, 0.1, 0.1, 0.0, 0.1, 1.9]
  Avg ACT steps (last 100): 1.19
  eval_avg_halt_step: 1.14
  per_H_acc: ['H0=18.4%', 'H1=0.0%', 'H2=0.0%']
  H_cos: ['0.816', '0.926']
  z_H_delta: ['24.125', '16.750']
  cells: fixed=[0, 0] broken=[17219, 0]
  per_ACT_cell_acc: ['H1=68.7%', 'H2=93.1%', 'H3=99.6%', 'H4=99.7%', 'H5=99.7%', 'H6=99.8%', 'H7=99.8%', 'H8=99.7%', 'H9=99.7%', 'H10=99.7%', 'H11=99.7%', 'H12=99.7%', 'H13=99.7%', 'H14=99.7%', 'H15=99.7%', 'H16=99.7%']
  per_ACT_puzzle_acc: ['H1=0.0%', 'H2=0.0%', 'H3=74.0%', 'H4=87.5%', 'H5=88.5%', 'H6=90.4%', 'H7=88.5%', 'H8=84.6%', 'H9=84.6%', 'H10=83.7%', 'H11=80.8%', 'H12=81.7%', 'H13=81.7%', 'H14=80.8%', 'H15=82.7%', 'H16=80.8%']
  mean_sigmoid_q_halt: ['0.010', '0.132', '0.863', '0.910', '0.914', '0.938', '0.938', '0.906', '0.918', '0.895', '0.898', '0.895', '0.891', '0.875', '0.898', '0.879']
  halt_rates: ['0.00', '0.00', '0.93', '0.94', '0.94', '0.97', '0.96', '0.92', '0.94', '0.92', '0.93', '0.92', '0.91', '0.88', '0.92', '0.90']
  halt_histogram %: [59.2, 30.4, 5.2, 1.3, 0.5, 0.3, 0.2, 0.2, 0.1, 0.1, 0.1, 0.1, 0.1, 0.0, 0.1, 1.9]
  Avg ACT steps (last 100): 1.19
  saved: /home/jvdillon/projects/sic/code/maze/ckpts/x07m/step06000.pt acc=99.31% (0.057s)
  saved: /home/jvdillon/projects/sic/code/maze/ckpts/x07m/best.pt acc=99.31% (0.137s)
Step  6000  Test 99.31% / 78.20% (halt: 99.24%/63.00%)  Train lm=0.6758±0.0055ϵ[0.6680,0.6953] n_halted=100.7920±9.6828ϵ[56.0000,118.0000]  TrainAcc 99.82%/84.70% (halt: 99.82%/81.80%)  (54.429s / 789.490s)
  n_active=512.0000±0.0000ϵ[512.0000,512.0000] n_expunged=26.1400±9.6681ϵ[10.0000,72.0000] pool_util=1.0000±0.0000ϵ[1.0000,1.0000]
  path_valid=98.70%, exact_match=82.80%
  eval_avg_halt_step: 1.17
  per_H_acc: ['H0=3.7%', 'H1=0.0%', 'H2=0.0%']
  H_cos: ['0.805', '0.949']
  z_H_delta: ['23.500', '14.188']
  cells: fixed=[0, 0] broken=[7684, 0]
  per_ACT_cell_acc: ['H1=83.7%', 'H2=95.0%', 'H3=99.3%', 'H4=99.3%', 'H5=99.3%', 'H6=99.3%', 'H7=99.4%', 'H8=99.4%', 'H9=99.4%', 'H10=99.4%', 'H11=99.4%', 'H12=99.4%', 'H13=99.4%', 'H14=99.3%', 'H15=99.3%', 'H16=99.3%']
  per_ACT_puzzle_acc: ['H1=0.0%', 'H2=0.0%', 'H3=69.4%', 'H4=79.7%', 'H5=80.6%', 'H6=81.0%', 'H7=80.6%', 'H8=81.0%', 'H9=80.6%', 'H10=80.2%', 'H11=80.2%', 'H12=80.2%', 'H13=80.2%', 'H14=80.2%', 'H15=80.2%', 'H16=80.2%']
  mean_sigmoid_q_halt: ['0.034', '0.432', '0.867', '0.938', '0.957', '0.953', '0.957', '0.957', '0.957', '0.957', '0.957', '0.957', '0.953', '0.953', '0.953', '0.953']
  halt_rates: ['0.00', '0.19', '0.93', '0.96', '0.98', '0.97', '0.97', '0.97', '0.97', '0.97', '0.97', '0.97', '0.97', '0.97', '0.97', '0.97']
  halt_histogram %: [61.4, 29.0, 4.9, 1.2, 0.5, 0.3, 0.2, 0.2, 0.1, 0.1, 0.1, 0.1, 0.1, 0.0, 0.1, 1.7]
  Avg ACT steps (last 100): 1.25
  eval_avg_halt_step: 1.03
  per_H_acc: ['H0=3.7%', 'H1=0.0%', 'H2=0.0%']
  H_cos: ['0.809', '0.945']
  z_H_delta: ['23.625', '14.312']
  cells: fixed=[0, 0] broken=[3505, 0]
  per_ACT_cell_acc: ['H1=83.6%', 'H2=95.4%', 'H3=99.9%', 'H4=100.0%', 'H5=100.0%', 'H6=100.0%', 'H7=100.0%', 'H8=100.0%', 'H9=100.0%', 'H10=100.0%', 'H11=100.0%', 'H12=100.0%', 'H13=100.0%', 'H14=100.0%', 'H15=100.0%', 'H16=100.0%']
  per_ACT_puzzle_acc: ['H1=0.0%', 'H2=0.0%', 'H3=93.3%', 'H4=99.0%', 'H5=99.0%', 'H6=99.0%', 'H7=99.0%', 'H8=99.0%', 'H9=99.0%', 'H10=99.0%', 'H11=99.0%', 'H12=99.0%', 'H13=99.0%', 'H14=99.0%', 'H15=99.0%', 'H16=99.0%']
  mean_sigmoid_q_halt: ['0.033', '0.418', '0.953', '0.973', '0.980', '0.980', '0.980', '0.980', '0.980', '0.980', '0.980', '0.980', '0.980', '0.980', '0.980', '0.980']
  halt_rates: ['0.00', '0.09', '0.99', '1.00', '1.00', '1.00', '1.00', '1.00', '1.00', '1.00', '1.00', '1.00', '1.00', '1.00', '1.00', '1.00']
  halt_histogram %: [61.4, 29.0, 4.9, 1.2, 0.5, 0.3, 0.2, 0.2, 0.1, 0.1, 0.1, 0.1, 0.1, 0.0, 0.1, 1.7]
  Avg ACT steps (last 100): 1.25
  saved: /home/jvdillon/projects/sic/code/maze/ckpts/x07m/step06500.pt acc=99.41% (0.057s)
  saved: /home/jvdillon/projects/sic/code/maze/ckpts/x07m/best.pt acc=99.41% (0.139s)
Step  6500  Test 99.41% / 88.40% (halt: 99.36%/75.00%)  Train lm=0.6719±0.0060ϵ[0.6641,0.7148] n_halted=99.9520±17.5272ϵ[1.0000,119.0000]  TrainAcc 99.91%/96.80% (halt: 99.89%/93.10%)  (54.376s / 789.294s)
  n_active=512.0000±0.0000ϵ[512.0000,512.0000] n_expunged=25.0580±12.9707ϵ[4.0000,115.0000] pool_util=1.0000±0.0000ϵ[1.0000,1.0000]
  path_valid=94.10%, exact_match=50.70%
  eval_avg_halt_step: 1.34
  per_H_acc: ['H0=19.1%', 'H1=0.0%', 'H2=0.0%']
  H_cos: ['0.816', '0.953']
  z_H_delta: ['25.125', '14.250']
  cells: fixed=[0, 0] broken=[39818, 0]
  per_ACT_cell_acc: ['H1=68.2%', 'H2=94.4%', 'H3=99.1%', 'H4=99.3%', 'H5=99.4%', 'H6=99.4%', 'H7=99.4%', 'H8=99.4%', 'H9=99.4%', 'H10=99.3%', 'H11=99.3%', 'H12=99.3%', 'H13=99.3%', 'H14=99.2%', 'H15=99.2%', 'H16=99.2%']
  per_ACT_puzzle_acc: ['H1=0.0%', 'H2=0.0%', 'H3=53.0%', 'H4=70.3%', 'H5=73.3%', 'H6=71.6%', 'H7=70.7%', 'H8=67.2%', 'H9=66.8%', 'H10=61.6%', 'H11=58.6%', 'H12=56.0%', 'H13=55.2%', 'H14=56.5%', 'H15=57.3%', 'H16=52.6%']
  mean_sigmoid_q_halt: ['0.021', '0.547', '0.730', '0.855', '0.855', '0.836', '0.820', '0.789', '0.773', '0.758', '0.742', '0.730', '0.711', '0.723', '0.707', '0.699']
  halt_rates: ['0.00', '0.65', '0.80', '0.88', '0.90', '0.91', '0.91', '0.88', '0.87', '0.85', '0.84', '0.82', '0.80', '0.82', '0.81', '0.79']
  halt_histogram %: [63.5, 27.6, 4.6, 1.1, 0.5, 0.3, 0.2, 0.1, 0.1, 0.1, 0.1, 0.1, 0.1, 0.0, 0.1, 1.6]
  Avg ACT steps (last 100): 1.22
  eval_avg_halt_step: 1.18
  per_H_acc: ['H0=19.2%', 'H1=0.0%', 'H2=0.0%']
  H_cos: ['0.816', '0.953']
  z_H_delta: ['25.125', '14.250']
  cells: fixed=[0, 0] broken=[17930, 0]
  per_ACT_cell_acc: ['H1=68.1%', 'H2=94.7%', 'H3=99.6%', 'H4=99.7%', 'H5=99.7%', 'H6=99.8%', 'H7=99.7%', 'H8=99.7%', 'H9=99.7%', 'H10=99.7%', 'H11=99.6%', 'H12=99.6%', 'H13=99.6%', 'H14=99.6%', 'H15=99.6%', 'H16=99.6%']
  per_ACT_puzzle_acc: ['H1=0.0%', 'H2=0.0%', 'H3=67.3%', 'H4=84.6%', 'H5=85.6%', 'H6=83.7%', 'H7=83.7%', 'H8=83.7%', 'H9=80.8%', 'H10=78.8%', 'H11=76.0%', 'H12=73.1%', 'H13=71.2%', 'H14=69.2%', 'H15=69.2%', 'H16=66.3%']
  mean_sigmoid_q_halt: ['0.021', '0.543', '0.820', '0.895', '0.891', '0.879', '0.863', '0.863', '0.840', '0.812', '0.820', '0.809', '0.801', '0.789', '0.801', '0.801']
  halt_rates: ['0.00', '0.66', '0.88', '0.91', '0.94', '0.95', '0.95', '0.98', '0.96', '0.91', '0.93', '0.92', '0.92', '0.91', '0.90', '0.91']
  halt_histogram %: [63.5, 27.6, 4.6, 1.1, 0.5, 0.3, 0.2, 0.1, 0.1, 0.1, 0.1, 0.1, 0.1, 0.0, 0.1, 1.6]
  Avg ACT steps (last 100): 1.22
  saved: /home/jvdillon/projects/sic/code/maze/ckpts/x07m/step07000.pt acc=99.02% (0.056s)
Step  7000  Test 99.02% / 70.70% (halt: 99.25%/61.30%)  Train lm=0.6758±0.0051ϵ[0.6680,0.6992] n_halted=104.7600±9.7612ϵ[37.0000,122.0000]  TrainAcc 99.48%/62.00% (halt: 99.75%/75.30%)  (54.320s / 789.137s)
  n_active=512.0000±0.0000ϵ[512.0000,512.0000] n_expunged=22.1660±9.3063ϵ[6.0000,88.0000] pool_util=1.0000±0.0000ϵ[1.0000,1.0000]
  path_valid=99.70%, exact_match=78.00%
  eval_avg_halt_step: 1.09
  per_H_acc: ['H0=0.0%', 'H1=0.0%', 'H2=0.0%']
  H_cos: ['0.871', '0.949']
  z_H_delta: ['22.375', '15.938']
  cells: fixed=[0, 0] broken=[0, 0]
  per_ACT_cell_acc: ['H1=87.4%', 'H2=95.5%', 'H3=99.2%', 'H4=99.3%', 'H5=99.3%', 'H6=99.3%', 'H7=99.3%', 'H8=99.3%', 'H9=99.3%', 'H10=99.3%', 'H11=99.3%', 'H12=99.3%', 'H13=99.3%', 'H14=99.3%', 'H15=99.3%', 'H16=99.3%']
  per_ACT_puzzle_acc: ['H1=0.0%', 'H2=0.0%', 'H3=69.4%', 'H4=76.7%', 'H5=78.9%', 'H6=78.9%', 'H7=79.3%', 'H8=79.3%', 'H9=79.3%', 'H10=79.3%', 'H11=79.3%', 'H12=79.3%', 'H13=79.3%', 'H14=79.3%', 'H15=79.3%', 'H16=79.3%']
  mean_sigmoid_q_halt: ['0.026', '0.182', '0.883', '0.957', '0.980', '0.984', '0.988', '0.984', '0.984', '0.988', '0.988', '0.988', '0.988', '0.988', '0.988', '0.988']
  halt_rates: ['0.00', '0.00', '0.94', '0.98', '1.00', '1.00', '1.00', '1.00', '0.99', '1.00', '1.00', '1.00', '1.00', '1.00', '1.00', '1.00']
  halt_histogram %: [65.4, 26.4, 4.3, 1.1, 0.4, 0.3, 0.2, 0.1, 0.1, 0.1, 0.1, 0.1, 0.0, 0.0, 0.1, 1.4]
  Avg ACT steps (last 100): 1.09
  eval_avg_halt_step: 1.02
  per_H_acc: ['H0=0.0%', 'H1=0.0%', 'H2=0.0%']
  H_cos: ['0.871', '0.949']
  z_H_delta: ['22.375', '15.812']
  cells: fixed=[0, 0] broken=[0, 0]
  per_ACT_cell_acc: ['H1=87.3%', 'H2=96.1%', 'H3=99.8%', 'H4=99.8%', 'H5=99.8%', 'H6=99.8%', 'H7=99.8%', 'H8=99.8%', 'H9=99.8%', 'H10=99.8%', 'H11=99.8%', 'H12=99.8%', 'H13=99.8%', 'H14=99.8%', 'H15=99.8%', 'H16=99.8%']
  per_ACT_puzzle_acc: ['H1=0.0%', 'H2=0.0%', 'H3=90.4%', 'H4=94.2%', 'H5=95.2%', 'H6=96.2%', 'H7=96.2%', 'H8=96.2%', 'H9=96.2%', 'H10=96.2%', 'H11=96.2%', 'H12=96.2%', 'H13=96.2%', 'H14=96.2%', 'H15=96.2%', 'H16=96.2%']
  mean_sigmoid_q_halt: ['0.025', '0.181', '0.945', '0.965', '0.988', '0.988', '0.988', '0.988', '0.988', '0.988', '0.988', '0.988', '0.988', '0.988', '0.988', '0.988']
  halt_rates: ['0.00', '0.00', '0.96', '0.97', '1.00', '1.00', '1.00', '1.00', '1.00', '1.00', '1.00', '1.00', '1.00', '1.00', '1.00', '1.00']
  halt_histogram %: [65.4, 26.4, 4.3, 1.1, 0.4, 0.3, 0.2, 0.1, 0.1, 0.1, 0.1, 0.1, 0.0, 0.0, 0.1, 1.4]
  Avg ACT steps (last 100): 1.09
  saved: /home/jvdillon/projects/sic/code/maze/ckpts/x07m/step07500.pt acc=99.23% (0.056s)
Step  7500  Test 99.23% / 86.50% (halt: 99.21%/72.20%)  Train lm=0.6719±0.0048ϵ[0.6641,0.6992] n_halted=105.4480±12.3608ϵ[3.0000,122.0000]  TrainAcc 99.91%/96.90% (halt: 99.89%/94.30%)  (54.339s / 789.282s)
  n_active=512.0000±0.0000ϵ[512.0000,512.0000] n_expunged=20.7540±9.9565ϵ[6.0000,121.0000] pool_util=1.0000±0.0000ϵ[1.0000,1.0000]
  path_valid=99.60%, exact_match=72.10%
  eval_avg_halt_step: 1.19
  per_H_acc: ['H0=3.5%', 'H1=0.0%', 'H2=0.0%']
  H_cos: ['0.895', '0.930']
  z_H_delta: ['22.750', '19.625']
  cells: fixed=[26, 0] broken=[7387, 28]
  per_ACT_cell_acc: ['H1=83.8%', 'H2=93.9%', 'H3=99.0%', 'H4=99.1%', 'H5=99.2%', 'H6=99.2%', 'H7=99.2%', 'H8=99.2%', 'H9=99.2%', 'H10=99.2%', 'H11=99.2%', 'H12=99.2%', 'H13=99.2%', 'H14=99.2%', 'H15=99.2%', 'H16=99.2%']
  per_ACT_puzzle_acc: ['H1=0.0%', 'H2=0.0%', 'H3=54.7%', 'H4=66.4%', 'H5=67.2%', 'H6=68.1%', 'H7=68.5%', 'H8=69.0%', 'H9=69.0%', 'H10=69.4%', 'H11=69.4%', 'H12=69.0%', 'H13=68.5%', 'H14=68.1%', 'H15=68.1%', 'H16=68.1%']
  mean_sigmoid_q_halt: ['0.046', '0.252', '0.785', '0.891', '0.906', '0.922', '0.934', '0.938', '0.934', '0.934', '0.934', '0.930', '0.930', '0.926', '0.930', '0.934']
  halt_rates: ['0.00', '0.01', '0.82', '0.93', '0.97', '0.97', '0.99', '1.00', '0.99', '0.99', '0.99', '0.99', '0.98', '0.97', '0.98', '0.99']
  halt_histogram %: [66.8, 25.4, 4.1, 1.0, 0.4, 0.2, 0.2, 0.1, 0.1, 0.1, 0.1, 0.1, 0.0, 0.0, 0.1, 1.3]
  Avg ACT steps (last 100): 1.22
  eval_avg_halt_step: 1.11
  per_H_acc: ['H0=3.2%', 'H1=0.0%', 'H2=0.0%']
  H_cos: ['0.895', '0.930']
  z_H_delta: ['22.875', '19.875']
  cells: fixed=[7, 0] broken=[2954, 7]
  per_ACT_cell_acc: ['H1=84.1%', 'H2=94.3%', 'H3=99.8%', 'H4=99.9%', 'H5=99.9%', 'H6=99.9%', 'H7=99.9%', 'H8=99.9%', 'H9=99.9%', 'H10=99.9%', 'H11=99.9%', 'H12=99.9%', 'H13=99.9%', 'H14=99.9%', 'H15=99.9%', 'H16=99.9%']
  per_ACT_puzzle_acc: ['H1=0.0%', 'H2=0.0%', 'H3=82.7%', 'H4=90.4%', 'H5=93.3%', 'H6=94.2%', 'H7=94.2%', 'H8=94.2%', 'H9=94.2%', 'H10=93.3%', 'H11=93.3%', 'H12=93.3%', 'H13=92.3%', 'H14=92.3%', 'H15=92.3%', 'H16=92.3%']
  mean_sigmoid_q_halt: ['0.046', '0.254', '0.883', '0.934', '0.934', '0.941', '0.938', '0.945', '0.945', '0.938', '0.941', '0.938', '0.934', '0.938', '0.934', '0.938']
  halt_rates: ['0.00', '0.00', '0.93', '0.97', '0.98', '0.99', '0.99', '1.00', '1.00', '0.99', '0.99', '0.99', '0.99', '0.99', '0.99', '0.99']
  halt_histogram %: [66.8, 25.4, 4.1, 1.0, 0.4, 0.2, 0.2, 0.1, 0.1, 0.1, 0.1, 0.1, 0.0, 0.0, 0.1, 1.3]
  Avg ACT steps (last 100): 1.22
  saved: /home/jvdillon/projects/sic/code/maze/ckpts/x07m/step08000.pt acc=99.25% (0.056s)
Step  8000  Test 99.25% / 78.30% (halt: 99.18%/64.60%)  Train lm=0.6719±0.0046ϵ[0.6641,0.7148] n_halted=102.9460±16.6485ϵ[0.0000,121.0000]  TrainAcc 99.79%/89.90% (halt: 99.75%/83.30%)  (54.281s / 789.121s)
  n_active=512.0000±0.0000ϵ[512.0000,512.0000] n_expunged=21.9880±10.9484ϵ[3.0000,92.0000] pool_util=1.0000±0.0000ϵ[1.0000,1.0000]
  path_valid=99.10%, exact_match=78.80%
  eval_avg_halt_step: 1.12
  per_H_acc: ['H0=14.0%', 'H1=0.1%', 'H2=0.0%']
  H_cos: ['0.863', '0.918']
  z_H_delta: ['21.750', '20.875']
  cells: fixed=[106, 0] broken=[29144, 183]
  per_ACT_cell_acc: ['H1=73.3%', 'H2=91.5%', 'H3=99.2%', 'H4=99.3%', 'H5=99.3%', 'H6=99.3%', 'H7=99.3%', 'H8=99.3%', 'H9=99.3%', 'H10=99.3%', 'H11=99.3%', 'H12=99.3%', 'H13=99.3%', 'H14=99.3%', 'H15=99.3%', 'H16=99.3%']
  per_ACT_puzzle_acc: ['H1=0.0%', 'H2=0.0%', 'H3=65.5%', 'H4=77.2%', 'H5=78.9%', 'H6=79.7%', 'H7=79.7%', 'H8=79.7%', 'H9=79.3%', 'H10=79.7%', 'H11=79.7%', 'H12=79.3%', 'H13=79.7%', 'H14=79.7%', 'H15=79.7%', 'H16=79.3%']
  mean_sigmoid_q_halt: ['0.012', '0.141', '0.855', '0.922', '0.922', '0.926', '0.918', '0.914', '0.906', '0.906', '0.910', '0.902', '0.910', '0.910', '0.914', '0.910']
  halt_rates: ['0.00', '0.00', '0.92', '0.97', '0.97', '0.99', '0.98', '0.98', '0.98', '0.98', '0.99', '0.98', '0.99', '1.00', '0.99', '0.99']
  halt_histogram %: [68.0, 24.6, 3.9, 0.9, 0.4, 0.2, 0.2, 0.1, 0.1, 0.1, 0.1, 0.0, 0.0, 0.0, 0.0, 1.2]
  Avg ACT steps (last 100): 1.16
  eval_avg_halt_step: 1.04
  per_H_acc: ['H0=15.0%', 'H1=0.1%', 'H2=0.0%']
  H_cos: ['0.867', '0.918']
  z_H_delta: ['21.750', '21.000']
  cells: fixed=[55, 0] broken=[14018, 94]
  per_ACT_cell_acc: ['H1=72.2%', 'H2=91.8%', 'H3=100.0%', 'H4=100.0%', 'H5=100.0%', 'H6=100.0%', 'H7=100.0%', 'H8=100.0%', 'H9=100.0%', 'H10=100.0%', 'H11=100.0%', 'H12=100.0%', 'H13=100.0%', 'H14=100.0%', 'H15=100.0%', 'H16=100.0%']
  per_ACT_puzzle_acc: ['H1=0.0%', 'H2=0.0%', 'H3=91.3%', 'H4=99.0%', 'H5=99.0%', 'H6=99.0%', 'H7=100.0%', 'H8=100.0%', 'H9=100.0%', 'H10=100.0%', 'H11=100.0%', 'H12=100.0%', 'H13=100.0%', 'H14=100.0%', 'H15=100.0%', 'H16=100.0%']
  mean_sigmoid_q_halt: ['0.013', '0.143', '0.938', '0.969', '0.957', '0.945', '0.945', '0.938', '0.930', '0.930', '0.926', '0.926', '0.922', '0.922', '0.922', '0.918']
  halt_rates: ['0.00', '0.00', '0.96', '1.00', '0.99', '0.99', '1.00', '1.00', '1.00', '1.00', '1.00', '1.00', '1.00', '1.00', '1.00', '0.99']
  halt_histogram %: [68.0, 24.6, 3.9, 0.9, 0.4, 0.2, 0.2, 0.1, 0.1, 0.1, 0.1, 0.0, 0.0, 0.0, 0.0, 1.2]
  Avg ACT steps (last 100): 1.16
  saved: /home/jvdillon/projects/sic/code/maze/ckpts/x07m/step08500.pt acc=99.30% (0.056s)
Step  8500  Test 99.30% / 88.00% (halt: 99.27%/69.50%)  Train lm=0.6680±0.0030ϵ[0.6641,0.6875] n_halted=105.8320±8.6802ϵ[48.0000,120.0000]  TrainAcc 99.91%/96.30% (halt: 99.89%/90.70%)  (54.323s / 789.168s)
  n_active=512.0000±0.0000ϵ[512.0000,512.0000] n_expunged=21.4000±8.4867ϵ[8.0000,79.0000] pool_util=1.0000±0.0000ϵ[1.0000,1.0000]
  path_valid=99.70%, exact_match=77.40%
  eval_avg_halt_step: 1.05
  per_H_acc: ['H0=28.2%', 'H1=0.1%', 'H2=0.0%']
  H_cos: ['0.785', '0.934']
  z_H_delta: ['25.750', '18.750']
  cells: fixed=[41, 0] broken=[58714, 167]
  per_ACT_cell_acc: ['H1=59.3%', 'H2=93.0%', 'H3=99.0%', 'H4=99.1%', 'H5=99.1%', 'H6=99.1%', 'H7=99.1%', 'H8=99.1%', 'H9=99.1%', 'H10=99.1%', 'H11=99.1%', 'H12=99.1%', 'H13=99.1%', 'H14=99.1%', 'H15=99.1%', 'H16=99.1%']
  per_ACT_puzzle_acc: ['H1=0.0%', 'H2=0.0%', 'H3=64.7%', 'H4=72.4%', 'H5=73.3%', 'H6=73.7%', 'H7=74.6%', 'H8=74.6%', 'H9=75.0%', 'H10=75.0%', 'H11=75.0%', 'H12=75.0%', 'H13=75.0%', 'H14=75.0%', 'H15=75.0%', 'H16=75.0%']
  mean_sigmoid_q_halt: ['0.028', '0.453', '0.906', '0.953', '0.957', '0.961', '0.969', '0.969', '0.977', '0.977', '0.977', '0.977', '0.977', '0.977', '0.977', '0.977']
  halt_rates: ['0.00', '0.33', '0.94', '0.97', '0.98', '0.99', '0.99', '0.99', '1.00', '1.00', '1.00', '1.00', '1.00', '1.00', '1.00', '1.00']
  halt_histogram %: [69.1, 23.9, 3.7, 0.9, 0.4, 0.2, 0.2, 0.1, 0.1, 0.1, 0.1, 0.0, 0.0, 0.0, 0.0, 1.1]
  Avg ACT steps (last 100): 1.15
  eval_avg_halt_step: 1.02
  per_H_acc: ['H0=27.5%', 'H1=0.1%', 'H2=0.0%']
  H_cos: ['0.781', '0.930']
  z_H_delta: ['25.750', '19.000']
  cells: fixed=[26, 0] broken=[25711, 84]
  per_ACT_cell_acc: ['H1=59.9%', 'H2=93.2%', 'H3=99.8%', 'H4=99.8%', 'H5=99.9%', 'H6=99.9%', 'H7=99.9%', 'H8=99.9%', 'H9=99.9%', 'H10=99.9%', 'H11=99.9%', 'H12=99.9%', 'H13=99.9%', 'H14=99.9%', 'H15=99.9%', 'H16=99.9%']
  per_ACT_puzzle_acc: ['H1=0.0%', 'H2=0.0%', 'H3=86.5%', 'H4=92.3%', 'H5=94.2%', 'H6=95.2%', 'H7=95.2%', 'H8=95.2%', 'H9=95.2%', 'H10=95.2%', 'H11=95.2%', 'H12=95.2%', 'H13=95.2%', 'H14=95.2%', 'H15=95.2%', 'H16=95.2%']
  mean_sigmoid_q_halt: ['0.028', '0.451', '0.953', '0.969', '0.973', '0.980', '0.980', '0.980', '0.980', '0.980', '0.980', '0.980', '0.980', '0.980', '0.980', '0.980']
  halt_rates: ['0.00', '0.25', '0.97', '0.98', '0.99', '1.00', '1.00', '1.00', '1.00', '1.00', '1.00', '1.00', '1.00', '1.00', '1.00', '1.00']
  halt_histogram %: [69.1, 23.9, 3.7, 0.9, 0.4, 0.2, 0.2, 0.1, 0.1, 0.1, 0.1, 0.0, 0.0, 0.0, 0.0, 1.1]
  Avg ACT steps (last 100): 1.15
  saved: /home/jvdillon/projects/sic/code/maze/ckpts/x07m/step09000.pt acc=99.25% (0.056s)
Step  9000  Test 99.25% / 84.00% (halt: 99.18%/70.00%)  Train lm=0.6680±0.0028ϵ[0.6641,0.6836] n_halted=106.9520±7.2023ϵ[45.0000,119.0000]  TrainAcc 99.83%/94.20% (halt: 99.78%/90.40%)  (54.340s / 789.139s)
  n_active=512.0000±0.0000ϵ[512.0000,512.0000] n_expunged=20.5540±7.0758ϵ[8.0000,83.0000] pool_util=1.0000±0.0000ϵ[1.0000,1.0000]
  path_valid=99.60%, exact_match=80.10%
  eval_avg_halt_step: 1.26
  per_H_acc: ['H0=9.0%', 'H1=8.2%', 'H2=0.0%']
  H_cos: ['0.672', '0.809']
  z_H_delta: ['27.125', '21.375']
  cells: fixed=[10237, 0] broken=[11920, 17188]
  per_ACT_cell_acc: ['H1=46.3%', 'H2=85.7%', 'H3=99.2%', 'H4=99.4%', 'H5=99.4%', 'H6=99.4%', 'H7=99.4%', 'H8=99.4%', 'H9=99.4%', 'H10=99.4%', 'H11=99.4%', 'H12=99.4%', 'H13=99.4%', 'H14=99.4%', 'H15=99.4%', 'H16=99.4%']
  per_ACT_puzzle_acc: ['H1=0.0%', 'H2=0.0%', 'H3=65.5%', 'H4=77.2%', 'H5=79.3%', 'H6=80.2%', 'H7=80.2%', 'H8=80.2%', 'H9=80.6%', 'H10=80.6%', 'H11=80.6%', 'H12=80.6%', 'H13=80.6%', 'H14=81.0%', 'H15=80.6%', 'H16=80.6%']
  mean_sigmoid_q_halt: ['0.034', '0.559', '0.797', '0.902', '0.949', '0.961', '0.965', '0.965', '0.969', '0.973', '0.973', '0.977', '0.977', '0.977', '0.973', '0.977']
  halt_rates: ['0.00', '0.89', '0.81', '0.91', '0.96', '0.97', '0.98', '0.98', '0.99', '0.99', '0.99', '1.00', '0.99', '0.99', '0.99', '0.99']
  halt_histogram %: [70.1, 23.3, 3.6, 0.8, 0.3, 0.2, 0.1, 0.1, 0.1, 0.1, 0.1, 0.0, 0.0, 0.0, 0.0, 1.0]
  Avg ACT steps (last 100): 1.19
  eval_avg_halt_step: 1.06
  per_H_acc: ['H0=8.9%', 'H1=8.4%', 'H2=0.0%']
  H_cos: ['0.672', '0.809']
  z_H_delta: ['27.125', '21.500']
  cells: fixed=[4742, 0] broken=[5250, 7816]
  per_ACT_cell_acc: ['H1=46.3%', 'H2=86.1%', 'H3=99.9%', 'H4=99.9%', 'H5=99.9%', 'H6=99.9%', 'H7=99.9%', 'H8=99.9%', 'H9=99.9%', 'H10=99.9%', 'H11=99.9%', 'H12=99.9%', 'H13=99.9%', 'H14=99.9%', 'H15=99.9%', 'H16=99.9%']
  per_ACT_puzzle_acc: ['H1=0.0%', 'H2=0.0%', 'H3=87.5%', 'H4=94.2%', 'H5=93.3%', 'H6=93.3%', 'H7=94.2%', 'H8=94.2%', 'H9=94.2%', 'H10=94.2%', 'H11=94.2%', 'H12=94.2%', 'H13=94.2%', 'H14=94.2%', 'H15=94.2%', 'H16=94.2%']
  mean_sigmoid_q_halt: ['0.033', '0.566', '0.922', '0.945', '0.961', '0.961', '0.973', '0.980', '0.984', '0.984', '0.984', '0.984', '0.984', '0.984', '0.984', '0.984']
  halt_rates: ['0.00', '0.96', '0.93', '0.94', '0.97', '0.97', '0.99', '1.00', '1.00', '1.00', '1.00', '1.00', '1.00', '1.00', '1.00', '1.00']
  halt_histogram %: [70.1, 23.3, 3.6, 0.8, 0.3, 0.2, 0.1, 0.1, 0.1, 0.1, 0.1, 0.0, 0.0, 0.0, 0.0, 1.0]
  Avg ACT steps (last 100): 1.19
  saved: /home/jvdillon/projects/sic/code/maze/ckpts/x07m/step09500.pt acc=99.35% (0.057s)
Step  9500  Test 99.35% / 89.30% (halt: 99.33%/75.70%)  Train lm=0.6680±0.0032ϵ[0.6641,0.6914] n_halted=107.1200±9.2633ϵ[41.0000,122.0000]  TrainAcc 99.90%/95.90% (halt: 99.90%/94.70%)  (54.291s / 789.108s)
  n_active=512.0000±0.0000ϵ[512.0000,512.0000] n_expunged=20.3600±9.0800ϵ[6.0000,85.0000] pool_util=1.0000±0.0000ϵ[1.0000,1.0000]
  path_valid=99.00%, exact_match=79.30%
  eval_avg_halt_step: 1.28
  per_H_acc: ['H0=0.0%', 'H1=0.1%', 'H2=0.0%']
  H_cos: ['0.832', '0.941']
  z_H_delta: ['24.500', '19.625']
  cells: fixed=[244, 1] broken=[0, 244]
  per_ACT_cell_acc: ['H1=65.4%', 'H2=93.6%', 'H3=99.3%', 'H4=99.4%', 'H5=99.4%', 'H6=99.5%', 'H7=99.5%', 'H8=99.5%', 'H9=99.5%', 'H10=99.5%', 'H11=99.5%', 'H12=99.5%', 'H13=99.5%', 'H14=99.5%', 'H15=99.5%', 'H16=99.5%']
  per_ACT_puzzle_acc: ['H1=0.0%', 'H2=0.0%', 'H3=68.1%', 'H4=78.0%', 'H5=80.6%', 'H6=81.0%', 'H7=81.5%', 'H8=81.5%', 'H9=81.5%', 'H10=81.5%', 'H11=81.5%', 'H12=81.5%', 'H13=81.5%', 'H14=81.5%', 'H15=81.5%', 'H16=81.5%']
  mean_sigmoid_q_halt: ['0.025', '0.250', '0.793', '0.922', '0.961', '0.969', '0.973', '0.977', '0.977', '0.977', '0.977', '0.977', '0.977', '0.977', '0.977', '0.977']
  halt_rates: ['0.00', '0.00', '0.83', '0.94', '0.98', '0.98', '0.99', '0.99', '0.99', '0.99', '0.99', '0.99', '0.99', '0.99', '0.99', '0.99']
  halt_histogram %: [71.0, 22.7, 3.5, 0.8, 0.3, 0.2, 0.1, 0.1, 0.1, 0.1, 0.1, 0.0, 0.0, 0.0, 0.0, 1.0]
  Avg ACT steps (last 100): 1.11
  eval_avg_halt_step: 1.10
  per_H_acc: ['H0=0.0%', 'H1=0.1%', 'H2=0.0%']
  H_cos: ['0.832', '0.941']
  z_H_delta: ['24.625', '19.750']
  cells: fixed=[117, 0] broken=[0, 117]
  per_ACT_cell_acc: ['H1=65.1%', 'H2=94.1%', 'H3=99.8%', 'H4=99.9%', 'H5=99.9%', 'H6=99.9%', 'H7=99.9%', 'H8=99.9%', 'H9=99.9%', 'H10=99.9%', 'H11=99.9%', 'H12=99.9%', 'H13=99.9%', 'H14=99.9%', 'H15=99.9%', 'H16=99.9%']
  per_ACT_puzzle_acc: ['H1=0.0%', 'H2=0.0%', 'H3=85.6%', 'H4=93.3%', 'H5=94.2%', 'H6=95.2%', 'H7=95.2%', 'H8=95.2%', 'H9=95.2%', 'H10=95.2%', 'H11=95.2%', 'H12=95.2%', 'H13=95.2%', 'H14=95.2%', 'H15=95.2%', 'H16=95.2%']
  mean_sigmoid_q_halt: ['0.025', '0.248', '0.910', '0.965', '0.977', '0.988', '0.988', '0.988', '0.988', '0.988', '0.992', '0.992', '0.992', '0.992', '0.992', '0.992']
  halt_rates: ['0.00', '0.00', '0.97', '0.97', '0.99', '1.00', '1.00', '1.00', '1.00', '1.00', '1.00', '1.00', '1.00', '1.00', '1.00', '1.00']
  halt_histogram %: [71.0, 22.7, 3.5, 0.8, 0.3, 0.2, 0.1, 0.1, 0.1, 0.1, 0.1, 0.0, 0.0, 0.0, 0.0, 1.0]
  Avg ACT steps (last 100): 1.11
  saved: /home/jvdillon/projects/sic/code/maze/ckpts/x07m/step10000.pt acc=99.35% (0.056s)
Step 10000  Test 99.35% / 91.30% (halt: 99.31%/73.00%)  Train lm=0.6680±0.0029ϵ[0.6641,0.6875] n_halted=107.7180±9.9817ϵ[42.0000,122.0000]  TrainAcc 99.92%/96.20% (halt: 99.91%/93.20%)  (54.296s / 789.037s)
  n_active=512.0000±0.0000ϵ[512.0000,512.0000] n_expunged=20.0020±9.7848ϵ[6.0000,86.0000] pool_util=1.0000±0.0000ϵ[1.0000,1.0000]
  path_valid=95.80%, exact_match=46.60%
  eval_avg_halt_step: 1.75
  per_H_acc: ['H0=0.0%', 'H1=16.7%', 'H2=0.0%']
  H_cos: ['0.758', '0.723']
  z_H_delta: ['16.875', '28.375']
  cells: fixed=[34793, 0] broken=[0, 34797]
  per_ACT_cell_acc: ['H1=86.0%', 'H2=70.8%', 'H3=99.1%', 'H4=99.6%', 'H5=99.6%', 'H6=99.5%', 'H7=99.5%', 'H8=99.5%', 'H9=99.5%', 'H10=99.5%', 'H11=99.5%', 'H12=99.5%', 'H13=99.5%', 'H14=99.5%', 'H15=99.5%', 'H16=99.5%']
  per_ACT_puzzle_acc: ['H1=0.0%', 'H2=0.0%', 'H3=44.8%', 'H4=74.1%', 'H5=83.6%', 'H6=84.5%', 'H7=84.9%', 'H8=84.1%', 'H9=83.6%', 'H10=81.9%', 'H11=76.7%', 'H12=73.3%', 'H13=69.8%', 'H14=69.0%', 'H15=65.9%', 'H16=61.6%']
  mean_sigmoid_q_halt: ['0.021', '0.032', '0.467', '0.656', '0.848', '0.922', '0.953', '0.969', '0.977', '0.984', '0.980', '0.984', '0.980', '0.984', '0.980', '0.984']
  halt_rates: ['0.00', '0.00', '0.40', '0.66', '0.86', '0.94', '0.97', '0.99', '1.00', '1.00', '1.00', '1.00', '1.00', '1.00', '1.00', '1.00']
  halt_histogram %: [71.6, 22.3, 3.4, 0.8, 0.3, 0.2, 0.1, 0.1, 0.1, 0.1, 0.1, 0.0, 0.0, 0.0, 0.0, 0.9]
  Avg ACT steps (last 100): 1.30
  eval_avg_halt_step: 1.45
  per_H_acc: ['H0=0.0%', 'H1=16.1%', 'H2=0.0%']
  H_cos: ['0.762', '0.723']
  z_H_delta: ['16.750', '28.500']
  cells: fixed=[15098, 0] broken=[0, 15099]
  per_ACT_cell_acc: ['H1=86.3%', 'H2=71.5%', 'H3=99.8%', 'H4=99.9%', 'H5=100.0%', 'H6=100.0%', 'H7=100.0%', 'H8=100.0%', 'H9=100.0%', 'H10=100.0%', 'H11=100.0%', 'H12=100.0%', 'H13=100.0%', 'H14=99.9%', 'H15=99.9%', 'H16=99.9%']
  per_ACT_puzzle_acc: ['H1=0.0%', 'H2=0.0%', 'H3=72.1%', 'H4=92.3%', 'H5=97.1%', 'H6=98.1%', 'H7=98.1%', 'H8=98.1%', 'H9=98.1%', 'H10=95.2%', 'H11=90.4%', 'H12=89.4%', 'H13=82.7%', 'H14=78.8%', 'H15=78.8%', 'H16=73.1%']
  mean_sigmoid_q_halt: ['0.021', '0.031', '0.602', '0.863', '0.941', '0.973', '0.973', '0.980', '0.980', '0.977', '0.980', '0.980', '0.977', '0.980', '0.980', '0.977']
  halt_rates: ['0.00', '0.00', '0.62', '0.89', '0.95', '0.99', '0.99', '1.00', '1.00', '0.99', '1.00', '1.00', '0.99', '1.00', '1.00', '0.99']
  halt_histogram %: [71.6, 22.3, 3.4, 0.8, 0.3, 0.2, 0.1, 0.1, 0.1, 0.1, 0.1, 0.0, 0.0, 0.0, 0.0, 0.9]
  Avg ACT steps (last 100): 1.30
  saved: /home/jvdillon/projects/sic/code/maze/ckpts/x07m/step10500.pt acc=99.33% (0.056s)
Step 10500  Test 99.33% / 81.90% (halt: 99.54%/81.50%)  Train lm=0.6680±0.0040ϵ[0.6641,0.6992] n_halted=104.1660±13.7642ϵ[1.0000,121.0000]  TrainAcc 99.76%/56.30% (halt: 99.94%/93.40%)  (54.324s / 789.135s)
  n_active=512.0000±0.0000ϵ[512.0000,512.0000] n_expunged=22.7820±12.8374ϵ[7.0000,127.0000] pool_util=1.0000±0.0000ϵ[1.0000,1.0000]
  path_valid=99.30%, exact_match=68.40%
  eval_avg_halt_step: 1.27
  per_H_acc: ['H0=4.7%', 'H1=2.3%', 'H2=0.0%']
  H_cos: ['0.660', '0.914']
  z_H_delta: ['30.375', '20.125']
  cells: fixed=[4488, 0] broken=[9391, 4825]
  per_ACT_cell_acc: ['H1=68.2%', 'H2=90.6%', 'H3=99.3%', 'H4=99.4%', 'H5=99.3%', 'H6=99.3%', 'H7=99.3%', 'H8=99.4%', 'H9=99.4%', 'H10=99.4%', 'H11=99.3%', 'H12=99.3%', 'H13=99.3%', 'H14=99.3%', 'H15=99.3%', 'H16=99.3%']
  per_ACT_puzzle_acc: ['H1=0.0%', 'H2=0.0%', 'H3=69.0%', 'H4=74.1%', 'H5=76.7%', 'H6=76.7%', 'H7=74.6%', 'H8=72.4%', 'H9=72.8%', 'H10=72.4%', 'H11=72.0%', 'H12=71.6%', 'H13=72.8%', 'H14=71.6%', 'H15=71.1%', 'H16=71.6%']
  mean_sigmoid_q_halt: ['0.048', '0.527', '0.824', '0.883', '0.930', '0.934', '0.922', '0.902', '0.887', '0.879', '0.871', '0.859', '0.859', '0.852', '0.852', '0.848']
  halt_rates: ['0.00', '0.69', '0.86', '0.89', '0.97', '0.98', '0.96', '0.95', '0.92', '0.91', '0.90', '0.89', '0.89', '0.89', '0.89', '0.88']
  halt_histogram %: [72.2, 21.9, 3.3, 0.7, 0.3, 0.2, 0.1, 0.1, 0.1, 0.1, 0.0, 0.0, 0.0, 0.0, 0.0, 0.9]
  Avg ACT steps (last 100): 1.13
  eval_avg_halt_step: 1.04
  per_H_acc: ['H0=4.5%', 'H1=2.3%', 'H2=0.0%']
  H_cos: ['0.660', '0.914']
  z_H_delta: ['30.375', '20.125']
  cells: fixed=[1974, 0] broken=[4009, 2140]
  per_ACT_cell_acc: ['H1=68.1%', 'H2=90.6%', 'H3=99.9%', 'H4=100.0%', 'H5=99.9%', 'H6=99.9%', 'H7=99.9%', 'H8=99.9%', 'H9=99.9%', 'H10=99.9%', 'H11=99.9%', 'H12=99.9%', 'H13=99.9%', 'H14=99.9%', 'H15=99.9%', 'H16=99.9%']
  per_ACT_puzzle_acc: ['H1=0.0%', 'H2=0.0%', 'H3=92.3%', 'H4=92.3%', 'H5=95.2%', 'H6=93.3%', 'H7=91.3%', 'H8=88.5%', 'H9=86.5%', 'H10=87.5%', 'H11=87.5%', 'H12=86.5%', 'H13=85.6%', 'H14=86.5%', 'H15=84.6%', 'H16=84.6%']
  mean_sigmoid_q_halt: ['0.048', '0.531', '0.918', '0.934', '0.941', '0.945', '0.918', '0.883', '0.867', '0.867', '0.859', '0.848', '0.844', '0.828', '0.820', '0.824']
  halt_rates: ['0.00', '0.64', '0.94', '0.93', '0.96', '0.98', '0.95', '0.90', '0.89', '0.87', '0.87', '0.84', '0.86', '0.83', '0.81', '0.83']
  halt_histogram %: [72.2, 21.9, 3.3, 0.7, 0.3, 0.2, 0.1, 0.1, 0.1, 0.1, 0.0, 0.0, 0.0, 0.0, 0.0, 0.9]
  Avg ACT steps (last 100): 1.13
  saved: /home/jvdillon/projects/sic/code/maze/ckpts/x07m/step11000.pt acc=99.32% (0.058s)
Step 11000  Test 99.32% / 73.20% (halt: 99.34%/74.40%)  Train lm=0.6680±0.0028ϵ[0.6641,0.6875] n_halted=107.1340±9.3770ϵ[60.0000,120.0000]  TrainAcc 99.90%/83.50% (halt: 99.94%/94.30%)  (54.290s / 788.985s)
  n_active=512.0000±0.0000ϵ[512.0000,512.0000] n_expunged=20.6540±9.2964ϵ[8.0000,68.0000] pool_util=1.0000±0.0000ϵ[1.0000,1.0000]
  path_valid=95.80%, exact_match=81.40%
  eval_avg_halt_step: 2.17
  per_H_acc: ['H0=0.1%', 'H1=35.9%', 'H2=0.0%']
  H_cos: ['0.173', '0.715']
  z_H_delta: ['25.500', '26.250']
  cells: fixed=[74879, 0] broken=[97, 74986]
  per_ACT_cell_acc: ['H1=37.4%', 'H2=53.8%', 'H3=99.1%', 'H4=99.3%', 'H5=99.3%', 'H6=99.4%', 'H7=99.4%', 'H8=99.4%', 'H9=99.4%', 'H10=99.4%', 'H11=99.4%', 'H12=99.4%', 'H13=99.4%', 'H14=99.4%', 'H15=99.4%', 'H16=99.4%']
  per_ACT_puzzle_acc: ['H1=0.0%', 'H2=0.0%', 'H3=53.0%', 'H4=62.1%', 'H5=73.3%', 'H6=79.3%', 'H7=81.0%', 'H8=81.9%', 'H9=81.9%', 'H10=82.3%', 'H11=81.9%', 'H12=81.9%', 'H13=82.3%', 'H14=81.9%', 'H15=82.3%', 'H16=82.3%']
  mean_sigmoid_q_halt: ['0.044', '0.330', '0.559', '0.475', '0.699', '0.781', '0.832', '0.859', '0.875', '0.891', '0.891', '0.895', '0.898', '0.902', '0.910', '0.918']
  halt_rates: ['0.00', '0.00', '0.57', '0.46', '0.75', '0.83', '0.88', '0.90', '0.92', '0.92', '0.92', '0.92', '0.92', '0.93', '0.94', '0.94']
  halt_histogram %: [72.9, 21.5, 3.2, 0.7, 0.3, 0.2, 0.1, 0.1, 0.1, 0.1, 0.0, 0.0, 0.0, 0.0, 0.0, 0.8]
  Avg ACT steps (last 100): 1.15
  eval_avg_halt_step: 1.47
  per_H_acc: ['H0=0.1%', 'H1=35.7%', 'H2=0.0%']
  H_cos: ['0.164', '0.711']
  z_H_delta: ['25.500', '26.375']
  cells: fixed=[33337, 0] broken=[45, 33383]
  per_ACT_cell_acc: ['H1=37.0%', 'H2=53.8%', 'H3=99.8%', 'H4=99.9%', 'H5=99.9%', 'H6=99.9%', 'H7=99.9%', 'H8=99.9%', 'H9=99.9%', 'H10=99.9%', 'H11=99.9%', 'H12=99.8%', 'H13=99.8%', 'H14=99.8%', 'H15=99.8%', 'H16=99.8%']
  per_ACT_puzzle_acc: ['H1=0.0%', 'H2=0.0%', 'H3=76.9%', 'H4=84.6%', 'H5=93.3%', 'H6=94.2%', 'H7=95.2%', 'H8=95.2%', 'H9=95.2%', 'H10=93.3%', 'H11=93.3%', 'H12=93.3%', 'H13=93.3%', 'H14=93.3%', 'H15=93.3%', 'H16=93.3%']
  mean_sigmoid_q_halt: ['0.043', '0.330', '0.742', '0.621', '0.844', '0.891', '0.918', '0.926', '0.941', '0.938', '0.934', '0.934', '0.934', '0.934', '0.934', '0.938']
  halt_rates: ['0.00', '0.00', '0.74', '0.64', '0.90', '0.95', '0.95', '0.97', '0.98', '0.97', '0.96', '0.96', '0.96', '0.96', '0.96', '0.96']
  halt_histogram %: [72.9, 21.5, 3.2, 0.7, 0.3, 0.2, 0.1, 0.1, 0.1, 0.1, 0.0, 0.0, 0.0, 0.0, 0.0, 0.8]
  Avg ACT steps (last 100): 1.15
  saved: /home/jvdillon/projects/sic/code/maze/ckpts/x07m/step11500.pt acc=99.42% (0.058s)
  saved: /home/jvdillon/projects/sic/code/maze/ckpts/x07m/best.pt acc=99.42% (0.138s)
Step 11500  Test 99.42% / 88.70% (halt: 99.40%/76.70%)  Train lm=0.6680±0.0031ϵ[0.6641,0.6953] n_halted=106.2500±12.3930ϵ[21.0000,123.0000]  TrainAcc 99.88%/93.60% (halt: 99.91%/91.30%)  (54.414s / 789.136s)
  n_active=512.0000±0.0000ϵ[512.0000,512.0000] n_expunged=19.6820±9.4120ϵ[5.0000,105.0000] pool_util=1.0000±0.0000ϵ[1.0000,1.0000]
  path_valid=66.50%, exact_match=55.80%
  eval_avg_halt_step: 1.14
  per_H_acc: ['H0=28.3%', 'H1=5.4%', 'H2=0.0%']
  H_cos: ['0.562', '0.914']
  z_H_delta: ['29.375', '19.250']
  cells: fixed=[1390, 0] broken=[49240, 11254]
  per_ACT_cell_acc: ['H1=59.2%', 'H2=90.4%', 'H3=99.5%', 'H4=99.5%', 'H5=99.5%', 'H6=99.5%', 'H7=99.5%', 'H8=99.5%', 'H9=99.5%', 'H10=99.5%', 'H11=99.5%', 'H12=99.4%', 'H13=99.4%', 'H14=99.4%', 'H15=99.3%', 'H16=99.3%']
  per_ACT_puzzle_acc: ['H1=0.0%', 'H2=0.0%', 'H3=77.6%', 'H4=84.1%', 'H5=84.9%', 'H6=84.9%', 'H7=82.8%', 'H8=81.9%', 'H9=80.6%', 'H10=77.6%', 'H11=74.1%', 'H12=71.6%', 'H13=69.0%', 'H14=68.5%', 'H15=68.1%', 'H16=67.7%']
  mean_sigmoid_q_halt: ['0.104', '0.488', '0.879', '0.977', '0.988', '0.988', '0.984', '0.988', '0.984', '0.973', '0.961', '0.938', '0.918', '0.891', '0.863', '0.840']
  halt_rates: ['0.00', '0.44', '0.91', '0.99', '1.00', '1.00', '0.99', '1.00', '1.00', '0.98', '0.98', '0.94', '0.93', '0.88', '0.87', '0.83']
  halt_histogram %: [73.3, 21.2, 3.1, 0.7, 0.3, 0.2, 0.1, 0.1, 0.1, 0.0, 0.0, 0.0, 0.0, 0.0, 0.0, 0.8]
  Avg ACT steps (last 100): 1.29
  eval_avg_halt_step: 1.03
  per_H_acc: ['H0=27.5%', 'H1=5.1%', 'H2=0.0%']
  H_cos: ['0.562', '0.914']
  z_H_delta: ['29.375', '19.250']
  cells: fixed=[700, 0] broken=[21644, 4780]
  per_ACT_cell_acc: ['H1=60.0%', 'H2=91.3%', 'H3=100.0%', 'H4=100.0%', 'H5=100.0%', 'H6=100.0%', 'H7=100.0%', 'H8=100.0%', 'H9=100.0%', 'H10=100.0%', 'H11=99.9%', 'H12=99.9%', 'H13=99.8%', 'H14=99.8%', 'H15=99.7%', 'H16=99.7%']
  per_ACT_puzzle_acc: ['H1=0.0%', 'H2=0.0%', 'H3=99.0%', 'H4=99.0%', 'H5=100.0%', 'H6=100.0%', 'H7=100.0%', 'H8=96.2%', 'H9=90.4%', 'H10=87.5%', 'H11=86.5%', 'H12=82.7%', 'H13=77.9%', 'H14=75.0%', 'H15=72.1%', 'H16=72.1%']
  mean_sigmoid_q_halt: ['0.102', '0.494', '0.973', '0.984', '0.988', '0.992', '0.992', '0.988', '0.992', '0.980', '0.953', '0.922', '0.902', '0.883', '0.840', '0.812']
  halt_rates: ['0.00', '0.45', '0.99', '0.99', '1.00', '1.00', '1.00', '1.00', '1.00', '0.99', '0.96', '0.92', '0.89', '0.87', '0.83', '0.79']
  halt_histogram %: [73.3, 21.2, 3.1, 0.7, 0.3, 0.2, 0.1, 0.1, 0.1, 0.0, 0.0, 0.0, 0.0, 0.0, 0.0, 0.8]
  Avg ACT steps (last 100): 1.29
  saved: /home/jvdillon/projects/sic/code/maze/ckpts/x07m/step12000.pt acc=98.85% (0.056s)
Step 12000  Test 98.85% / 62.00% (halt: 99.49%/80.50%)  Train lm=0.6680±0.0038ϵ[0.6641,0.6914] n_halted=105.4460±12.9066ϵ[12.0000,120.0000]  TrainAcc 99.34%/67.60% (halt: 99.97%/98.00%)  (54.278s / 789.387s)
  n_active=512.0000±0.0000ϵ[512.0000,512.0000] n_expunged=21.9340±12.8160ϵ[6.0000,116.0000] pool_util=1.0000±0.0000ϵ[1.0000,1.0000]
  path_valid=97.70%, exact_match=77.90%
  eval_avg_halt_step: 1.32
  per_H_acc: ['H0=0.1%', 'H1=0.0%', 'H2=0.0%']
  H_cos: ['0.922', '0.953']
  z_H_delta: ['25.750', '17.625']
  cells: fixed=[0, 0] broken=[195, 0]
  per_ACT_cell_acc: ['H1=87.4%', 'H2=93.9%', 'H3=99.1%', 'H4=99.3%', 'H5=99.3%', 'H6=99.3%', 'H7=99.3%', 'H8=99.3%', 'H9=99.3%', 'H10=99.3%', 'H11=99.3%', 'H12=99.3%', 'H13=99.3%', 'H14=99.3%', 'H15=99.3%', 'H16=99.3%']
  per_ACT_puzzle_acc: ['H1=0.0%', 'H2=0.0%', 'H3=60.3%', 'H4=75.4%', 'H5=77.2%', 'H6=77.2%', 'H7=77.6%', 'H8=77.2%', 'H9=77.6%', 'H10=77.6%', 'H11=77.6%', 'H12=77.6%', 'H13=77.6%', 'H14=77.2%', 'H15=77.2%', 'H16=77.2%']
  mean_sigmoid_q_halt: ['0.344', '0.488', '0.844', '0.918', '0.941', '0.949', '0.957', '0.957', '0.957', '0.957', '0.953', '0.957', '0.957', '0.957', '0.953', '0.957']
  halt_rates: ['0.00', '0.43', '0.90', '0.93', '0.94', '0.96', '0.97', '0.97', '0.97', '0.97', '0.97', '0.97', '0.97', '0.97', '0.97', '0.97']
  halt_histogram %: [73.8, 20.8, 3.1, 0.7, 0.3, 0.2, 0.1, 0.1, 0.1, 0.0, 0.0, 0.0, 0.0, 0.0, 0.0, 0.8]
  Avg ACT steps (last 100): 1.14
  eval_avg_halt_step: 1.21
  per_H_acc: ['H0=0.1%', 'H1=0.0%', 'H2=0.0%']
  H_cos: ['0.922', '0.953']
  z_H_delta: ['25.750', '17.625']
  cells: fixed=[0, 0] broken=[91, 0]
  per_ACT_cell_acc: ['H1=87.3%', 'H2=94.1%', 'H3=99.7%', 'H4=99.7%', 'H5=99.7%', 'H6=99.7%', 'H7=99.7%', 'H8=99.7%', 'H9=99.8%', 'H10=99.8%', 'H11=99.8%', 'H12=99.8%', 'H13=99.8%', 'H14=99.8%', 'H15=99.8%', 'H16=99.8%']
  per_ACT_puzzle_acc: ['H1=0.0%', 'H2=0.0%', 'H3=80.8%', 'H4=87.5%', 'H5=88.5%', 'H6=90.4%', 'H7=90.4%', 'H8=90.4%', 'H9=91.3%', 'H10=91.3%', 'H11=91.3%', 'H12=91.3%', 'H13=91.3%', 'H14=91.3%', 'H15=92.3%', 'H16=92.3%']
  mean_sigmoid_q_halt: ['0.344', '0.484', '0.906', '0.941', '0.938', '0.938', '0.945', '0.941', '0.945', '0.953', '0.957', '0.957', '0.961', '0.969', '0.965', '0.961']
  halt_rates: ['0.01', '0.42', '0.93', '0.94', '0.95', '0.94', '0.95', '0.95', '0.95', '0.96', '0.97', '0.97', '0.97', '0.98', '0.98', '0.97']
  halt_histogram %: [73.8, 20.8, 3.1, 0.7, 0.3, 0.2, 0.1, 0.1, 0.1, 0.0, 0.0, 0.0, 0.0, 0.0, 0.0, 0.8]
  Avg ACT steps (last 100): 1.14
  saved: /home/jvdillon/projects/sic/code/maze/ckpts/x07m/step12500.pt acc=99.29% (0.058s)
Step 12500  Test 99.29% / 84.70% (halt: 99.20%/68.20%)  Train lm=0.6680±0.0059ϵ[0.6641,0.7383] n_halted=99.0980±27.0115ϵ[0.0000,122.0000]  TrainAcc 99.77%/91.10% (halt: 99.74%/87.00%)  (54.292s / 789.237s)
  n_active=512.0000±0.0000ϵ[512.0000,512.0000] n_expunged=20.7380±13.5297ϵ[4.0000,120.0000] pool_util=1.0000±0.0000ϵ[1.0000,1.0000]
  path_valid=99.70%, exact_match=81.40%
  eval_avg_halt_step: 1.18
  per_H_acc: ['H0=5.9%', 'H1=0.4%', 'H2=0.0%']
  H_cos: ['0.875', '0.930']
  z_H_delta: ['27.375', '20.125']
  cells: fixed=[572, 0] broken=[11946, 852]
  per_ACT_cell_acc: ['H1=81.4%', 'H2=93.7%', 'H3=99.4%', 'H4=99.5%', 'H5=99.5%', 'H6=99.5%', 'H7=99.5%', 'H8=99.5%', 'H9=99.5%', 'H10=99.5%', 'H11=99.5%', 'H12=99.5%', 'H13=99.5%', 'H14=99.5%', 'H15=99.5%', 'H16=99.5%']
  per_ACT_puzzle_acc: ['H1=0.0%', 'H2=0.0%', 'H3=71.1%', 'H4=81.9%', 'H5=83.2%', 'H6=83.2%', 'H7=83.2%', 'H8=83.2%', 'H9=83.2%', 'H10=83.2%', 'H11=83.2%', 'H12=83.2%', 'H13=83.2%', 'H14=83.2%', 'H15=83.2%', 'H16=83.2%']
  mean_sigmoid_q_halt: ['0.053', '0.309', '0.863', '0.914', '0.938', '0.941', '0.945', '0.945', '0.945', '0.945', '0.945', '0.941', '0.941', '0.941', '0.941', '0.941']
  halt_rates: ['0.00', '0.00', '0.89', '0.95', '0.98', '0.99', '1.00', '1.00', '1.00', '1.00', '1.00', '1.00', '1.00', '1.00', '1.00', '1.00']
  halt_histogram %: [74.2, 20.6, 3.0, 0.7, 0.2, 0.1, 0.1, 0.1, 0.1, 0.0, 0.0, 0.0, 0.0, 0.0, 0.0, 0.7]
  Avg ACT steps (last 100): 1.13
  eval_avg_halt_step: 1.02
  per_H_acc: ['H0=5.6%', 'H1=0.4%', 'H2=0.0%']
  H_cos: ['0.875', '0.930']
  z_H_delta: ['27.375', '20.250']
  cells: fixed=[266, 0] broken=[5095, 408]
  per_ACT_cell_acc: ['H1=81.6%', 'H2=93.8%', 'H3=99.9%', 'H4=99.9%', 'H5=99.9%', 'H6=99.9%', 'H7=99.9%', 'H8=99.9%', 'H9=99.9%', 'H10=99.9%', 'H11=99.9%', 'H12=99.9%', 'H13=99.9%', 'H14=99.9%', 'H15=99.9%', 'H16=99.9%']
  per_ACT_puzzle_acc: ['H1=0.0%', 'H2=0.0%', 'H3=95.2%', 'H4=97.1%', 'H5=98.1%', 'H6=98.1%', 'H7=98.1%', 'H8=98.1%', 'H9=98.1%', 'H10=98.1%', 'H11=98.1%', 'H12=98.1%', 'H13=98.1%', 'H14=98.1%', 'H15=98.1%', 'H16=98.1%']
  mean_sigmoid_q_halt: ['0.053', '0.328', '0.957', '0.965', '0.969', '0.969', '0.965', '0.961', '0.961', '0.957', '0.953', '0.953', '0.949', '0.949', '0.945', '0.945']
  halt_rates: ['0.00', '0.00', '0.97', '0.98', '1.00', '1.00', '1.00', '1.00', '1.00', '1.00', '1.00', '1.00', '1.00', '1.00', '1.00', '1.00']
  halt_histogram %: [74.2, 20.6, 3.0, 0.7, 0.2, 0.1, 0.1, 0.1, 0.1, 0.0, 0.0, 0.0, 0.0, 0.0, 0.0, 0.7]
  Avg ACT steps (last 100): 1.13
  saved: /home/jvdillon/projects/sic/code/maze/ckpts/x07m/step13000.pt acc=99.40% (0.057s)
Step 13000  Test 99.40% / 87.40% (halt: 99.36%/77.60%)  Train lm=0.6680±0.0047ϵ[0.6641,0.7305] n_halted=106.2820±12.5525ϵ[22.0000,121.0000]  TrainAcc 99.94%/98.00% (halt: 99.93%/96.90%)  (54.336s / 789.088s)
  n_active=512.0000±0.0000ϵ[512.0000,512.0000] n_expunged=20.2560±10.1036ϵ[7.0000,102.0000] pool_util=1.0000±0.0000ϵ[1.0000,1.0000]
  path_valid=99.10%, exact_match=82.70%
  eval_avg_halt_step: 1.08
  per_H_acc: ['H0=0.0%', 'H1=17.7%', 'H2=0.0%']
  H_cos: ['0.855', '0.887']
  z_H_delta: ['22.125', '21.750']
  cells: fixed=[36904, 0] broken=[0, 36904]
  per_ACT_cell_acc: ['H1=87.3%', 'H2=75.8%', 'H3=99.4%', 'H4=99.5%', 'H5=99.5%', 'H6=99.5%', 'H7=99.5%', 'H8=99.5%', 'H9=99.5%', 'H10=99.5%', 'H11=99.5%', 'H12=99.5%', 'H13=99.5%', 'H14=99.5%', 'H15=99.5%', 'H16=99.5%']
  per_ACT_puzzle_acc: ['H1=0.0%', 'H2=0.0%', 'H3=75.9%', 'H4=82.8%', 'H5=83.6%', 'H6=84.1%', 'H7=84.5%', 'H8=84.5%', 'H9=84.1%', 'H10=83.6%', 'H11=83.6%', 'H12=84.5%', 'H13=84.5%', 'H14=84.5%', 'H15=84.5%', 'H16=84.5%']
  mean_sigmoid_q_halt: ['0.551', '0.688', '0.898', '0.973', '0.980', '0.980', '0.988', '0.992', '0.992', '0.988', '0.988', '0.988', '0.992', '0.992', '0.992', '0.992']
  halt_rates: ['0.87', '0.95', '0.93', '0.99', '0.99', '0.99', '1.00', '1.00', '1.00', '1.00', '1.00', '1.00', '1.00', '1.00', '1.00', '1.00']
  halt_histogram %: [74.8, 20.1, 2.9, 0.6, 0.2, 0.1, 0.1, 0.1, 0.1, 0.0, 0.0, 0.0, 0.0, 0.0, 0.0, 0.7]
  Avg ACT steps (last 100): 1.12
  eval_avg_halt_step: 1.01
  per_H_acc: ['H0=0.0%', 'H1=16.5%', 'H2=0.0%']
  H_cos: ['0.855', '0.891']
  z_H_delta: ['22.125', '21.750']
  cells: fixed=[15438, 0] broken=[0, 15438]
  per_ACT_cell_acc: ['H1=87.3%', 'H2=76.9%', 'H3=100.0%', 'H4=100.0%', 'H5=100.0%', 'H6=100.0%', 'H7=100.0%', 'H8=100.0%', 'H9=100.0%', 'H10=100.0%', 'H11=100.0%', 'H12=100.0%', 'H13=100.0%', 'H14=100.0%', 'H15=100.0%', 'H16=100.0%']
  per_ACT_puzzle_acc: ['H1=0.0%', 'H2=0.0%', 'H3=98.1%', 'H4=100.0%', 'H5=100.0%', 'H6=100.0%', 'H7=99.0%', 'H8=99.0%', 'H9=100.0%', 'H10=100.0%', 'H11=100.0%', 'H12=100.0%', 'H13=100.0%', 'H14=99.0%', 'H15=99.0%', 'H16=100.0%']
  mean_sigmoid_q_halt: ['0.547', '0.707', '0.969', '0.992', '0.992', '0.992', '0.992', '0.988', '0.984', '0.992', '0.992', '0.992', '0.992', '0.992', '0.984', '0.984']
  halt_rates: ['0.84', '0.96', '0.99', '1.00', '1.00', '1.00', '1.00', '0.99', '0.99', '1.00', '1.00', '1.00', '1.00', '1.00', '0.99', '0.99']
  halt_histogram %: [74.8, 20.1, 2.9, 0.6, 0.2, 0.1, 0.1, 0.1, 0.1, 0.0, 0.0, 0.0, 0.0, 0.0, 0.0, 0.7]
  Avg ACT steps (last 100): 1.12
  saved: /home/jvdillon/projects/sic/code/maze/ckpts/x07m/step13500.pt acc=99.42% (0.058s)
  saved: /home/jvdillon/projects/sic/code/maze/ckpts/x07m/best.pt acc=99.42% (0.141s)
Step 13500  Test 99.42% / 88.80% (halt: 99.40%/79.90%)  Train lm=0.6641±0.0022ϵ[0.6641,0.6758] n_halted=110.5280±10.5373ϵ[0.0000,122.0000]  TrainAcc 99.95%/97.70% (halt: 99.94%/96.70%)  (54.363s / 789.204s)
  n_active=512.0000±0.0000ϵ[512.0000,512.0000] n_expunged=16.6300±9.3541ϵ[6.0000,116.0000] pool_util=1.0000±0.0000ϵ[1.0000,1.0000]
  path_valid=96.60%, exact_match=78.30%
  eval_avg_halt_step: 1.88
  per_H_acc: ['H0=0.1%', 'H1=0.0%', 'H2=0.0%']
  H_cos: ['0.914', '0.957']
  z_H_delta: ['21.250', '13.750']
  cells: fixed=[0, 0] broken=[243, 1]
  per_ACT_cell_acc: ['H1=87.3%', 'H2=90.4%', 'H3=99.0%', 'H4=99.3%', 'H5=99.3%', 'H6=99.3%', 'H7=99.3%', 'H8=99.3%', 'H9=99.3%', 'H10=99.3%', 'H11=99.3%', 'H12=99.3%', 'H13=99.3%', 'H14=99.3%', 'H15=99.3%', 'H16=99.3%']
  per_ACT_puzzle_acc: ['H1=0.0%', 'H2=0.0%', 'H3=53.0%', 'H4=72.4%', 'H5=76.3%', 'H6=78.9%', 'H7=79.3%', 'H8=79.7%', 'H9=78.4%', 'H10=78.0%', 'H11=78.4%', 'H12=77.6%', 'H13=78.4%', 'H14=78.4%', 'H15=78.0%', 'H16=78.4%']
  mean_sigmoid_q_halt: ['0.551', '0.381', '0.375', '0.652', '0.797', '0.863', '0.891', '0.902', '0.906', '0.898', '0.898', '0.902', '0.906', '0.906', '0.906', '0.906']
  halt_rates: ['0.94', '0.24', '0.31', '0.72', '0.89', '0.96', '0.97', '0.98', '0.98', '0.97', '0.96', '0.97', '0.98', '0.97', '0.98', '0.98']
  halt_histogram %: [75.2, 19.9, 2.9, 0.6, 0.2, 0.1, 0.1, 0.1, 0.1, 0.0, 0.0, 0.0, 0.0, 0.0, 0.0, 0.7]
  Avg ACT steps (last 100): 5.28
  eval_avg_halt_step: 1.63
  per_H_acc: ['H0=0.1%', 'H1=0.0%', 'H2=0.0%']
  H_cos: ['0.914', '0.957']
  z_H_delta: ['21.250', '13.750']
  cells: fixed=[0, 0] broken=[109, 0]
  per_ACT_cell_acc: ['H1=87.3%', 'H2=90.9%', 'H3=99.8%', 'H4=99.8%', 'H5=99.9%', 'H6=99.9%', 'H7=99.9%', 'H8=99.9%', 'H9=99.9%', 'H10=99.9%', 'H11=99.9%', 'H12=99.9%', 'H13=99.9%', 'H14=99.9%', 'H15=99.9%', 'H16=99.9%']
  per_ACT_puzzle_acc: ['H1=0.0%', 'H2=0.0%', 'H3=79.8%', 'H4=93.3%', 'H5=95.2%', 'H6=95.2%', 'H7=95.2%', 'H8=95.2%', 'H9=94.2%', 'H10=94.2%', 'H11=94.2%', 'H12=95.2%', 'H13=95.2%', 'H14=94.2%', 'H15=94.2%', 'H16=93.3%']
  mean_sigmoid_q_halt: ['0.551', '0.391', '0.492', '0.730', '0.859', '0.906', '0.914', '0.922', '0.918', '0.914', '0.914', '0.922', '0.922', '0.922', '0.922', '0.918']
  halt_rates: ['0.95', '0.26', '0.49', '0.82', '0.98', '0.99', '0.98', '0.98', '0.98', '0.98', '0.97', '0.99', '0.99', '0.99', '0.99', '0.99']
  halt_histogram %: [75.2, 19.9, 2.9, 0.6, 0.2, 0.1, 0.1, 0.1, 0.1, 0.0, 0.0, 0.0, 0.0, 0.0, 0.0, 0.7]
  Avg ACT steps (last 100): 5.28
  saved: /home/jvdillon/projects/sic/code/maze/ckpts/x07m/step14000.pt acc=99.33% (0.057s)
Step 14000  Test 99.33% / 83.20% (halt: 99.33%/79.30%)  Train lm=0.6680±0.0037ϵ[0.6641,0.6992] n_halted=100.3200±23.0354ϵ[0.0000,121.0000]  TrainAcc 99.89%/94.40% (halt: 99.89%/95.30%)  (54.317s / 788.959s)
  n_active=512.0000±0.0000ϵ[512.0000,512.0000] n_expunged=20.8180±11.3031ϵ[0.0000,110.0000] pool_util=1.0000±0.0000ϵ[1.0000,1.0000]
  path_valid=99.50%, exact_match=84.20%
  eval_avg_halt_step: 1.11
  per_H_acc: ['H0=0.1%', 'H1=0.0%', 'H2=0.0%']
  H_cos: ['0.902', '0.961']
  z_H_delta: ['21.875', '13.688']
  cells: fixed=[0, 0] broken=[254, 0]
  per_ACT_cell_acc: ['H1=87.2%', 'H2=93.2%', 'H3=99.4%', 'H4=99.6%', 'H5=99.6%', 'H6=99.6%', 'H7=99.6%', 'H8=99.6%', 'H9=99.6%', 'H10=99.6%', 'H11=99.6%', 'H12=99.6%', 'H13=99.6%', 'H14=99.6%', 'H15=99.6%', 'H16=99.6%']
  per_ACT_puzzle_acc: ['H1=0.0%', 'H2=0.0%', 'H3=72.8%', 'H4=84.5%', 'H5=84.1%', 'H6=85.3%', 'H7=85.8%', 'H8=84.9%', 'H9=85.3%', 'H10=85.3%', 'H11=84.9%', 'H12=85.8%', 'H13=85.3%', 'H14=84.5%', 'H15=86.2%', 'H16=84.9%']
  mean_sigmoid_q_halt: ['0.424', '0.660', '0.871', '0.926', '0.945', '0.961', '0.969', '0.973', '0.973', '0.969', '0.969', '0.980', '0.973', '0.965', '0.977', '0.977']
  halt_rates: ['0.00', '1.00', '0.90', '0.95', '0.95', '0.97', '0.98', '0.99', '0.99', '0.98', '0.98', '1.00', '0.99', '0.97', '1.00', '0.99']
  halt_histogram %: [75.5, 19.6, 2.8, 0.6, 0.2, 0.1, 0.1, 0.1, 0.1, 0.0, 0.0, 0.0, 0.0, 0.0, 0.0, 0.7]
  Avg ACT steps (last 100): 1.14
  eval_avg_halt_step: 1.04
  per_H_acc: ['H0=0.1%', 'H1=0.0%', 'H2=0.0%']
  H_cos: ['0.902', '0.961']
  z_H_delta: ['21.875', '13.812']
  cells: fixed=[0, 0] broken=[104, 0]
  per_ACT_cell_acc: ['H1=87.2%', 'H2=93.4%', 'H3=99.9%', 'H4=100.0%', 'H5=100.0%', 'H6=100.0%', 'H7=100.0%', 'H8=100.0%', 'H9=100.0%', 'H10=100.0%', 'H11=100.0%', 'H12=100.0%', 'H13=100.0%', 'H14=100.0%', 'H15=100.0%', 'H16=100.0%']
  per_ACT_puzzle_acc: ['H1=0.0%', 'H2=0.0%', 'H3=92.3%', 'H4=98.1%', 'H5=98.1%', 'H6=98.1%', 'H7=98.1%', 'H8=98.1%', 'H9=98.1%', 'H10=98.1%', 'H11=98.1%', 'H12=99.0%', 'H13=98.1%', 'H14=99.0%', 'H15=98.1%', 'H16=98.1%']
  mean_sigmoid_q_halt: ['0.424', '0.660', '0.938', '0.980', '0.973', '0.973', '0.973', '0.977', '0.973', '0.980', '0.977', '0.973', '0.973', '0.984', '0.980', '0.977']
  halt_rates: ['0.00', '1.00', '0.97', '0.99', '0.98', '0.99', '0.98', '0.99', '0.99', '0.99', '0.99', '0.98', '0.98', '1.00', '0.99', '0.99']
  halt_histogram %: [75.5, 19.6, 2.8, 0.6, 0.2, 0.1, 0.1, 0.1, 0.1, 0.0, 0.0, 0.0, 0.0, 0.0, 0.0, 0.7]
  Avg ACT steps (last 100): 1.14
  saved: /home/jvdillon/projects/sic/code/maze/ckpts/x07m/step14500.pt acc=99.53% (0.056s)
  saved: /home/jvdillon/projects/sic/code/maze/ckpts/x07m/best.pt acc=99.53% (0.135s)
Step 14500  Test 99.53% / 91.10% (halt: 99.49%/77.10%)  Train lm=0.6680±0.0132ϵ[0.6641,0.8516] n_halted=99.8120±26.4192ϵ[0.0000,121.0000]  TrainAcc 99.97%/98.50% (halt: 99.95%/94.60%)  (54.366s / 788.948s)
  n_active=512.0000±0.0000ϵ[512.0000,512.0000] n_expunged=20.8860±16.9289ϵ[0.0000,125.0000] pool_util=1.0000±0.0000ϵ[1.0000,1.0000]
  path_valid=99.80%, exact_match=81.40%
  eval_avg_halt_step: 1.10
  per_H_acc: ['H0=16.8%', 'H1=0.0%', 'H2=0.0%']
  H_cos: ['0.871', '0.949']
  z_H_delta: ['23.250', '17.375']
  cells: fixed=[25, 0] broken=[35098, 29]
  per_ACT_cell_acc: ['H1=70.4%', 'H2=93.0%', 'H3=99.4%', 'H4=99.5%', 'H5=99.5%', 'H6=99.5%', 'H7=99.5%', 'H8=99.5%', 'H9=99.5%', 'H10=99.5%', 'H11=99.5%', 'H12=99.5%', 'H13=99.5%', 'H14=99.5%', 'H15=99.5%', 'H16=99.5%']
  per_ACT_puzzle_acc: ['H1=0.0%', 'H2=0.0%', 'H3=72.4%', 'H4=80.6%', 'H5=83.2%', 'H6=83.2%', 'H7=83.6%', 'H8=83.6%', 'H9=83.6%', 'H10=83.6%', 'H11=83.6%', 'H12=83.6%', 'H13=83.6%', 'H14=83.6%', 'H15=83.6%', 'H16=83.6%']
  mean_sigmoid_q_halt: ['0.496', '0.715', '0.855', '0.930', '0.961', '0.961', '0.969', '0.977', '0.980', '0.980', '0.977', '0.973', '0.977', '0.980', '0.980', '0.977']
  halt_rates: ['0.44', '1.00', '0.91', '0.96', '1.00', '1.00', '1.00', '1.00', '1.00', '1.00', '1.00', '1.00', '1.00', '1.00', '1.00', '1.00']
  halt_histogram %: [76.0, 19.3, 2.7, 0.6, 0.2, 0.1, 0.1, 0.1, 0.1, 0.0, 0.0, 0.0, 0.0, 0.0, 0.0, 0.6]
  Avg ACT steps (last 100): 1.12
  eval_avg_halt_step: 1.02
  per_H_acc: ['H0=16.7%', 'H1=0.0%', 'H2=0.0%']
  H_cos: ['0.871', '0.949']
  z_H_delta: ['23.375', '17.375']
  cells: fixed=[9, 0] broken=[15656, 11]
  per_ACT_cell_acc: ['H1=70.4%', 'H2=92.8%', 'H3=100.0%', 'H4=100.0%', 'H5=100.0%', 'H6=100.0%', 'H7=100.0%', 'H8=100.0%', 'H9=100.0%', 'H10=100.0%', 'H11=100.0%', 'H12=100.0%', 'H13=100.0%', 'H14=100.0%', 'H15=100.0%', 'H16=100.0%']
  per_ACT_puzzle_acc: ['H1=0.0%', 'H2=0.0%', 'H3=92.3%', 'H4=99.0%', 'H5=99.0%', 'H6=99.0%', 'H7=99.0%', 'H8=99.0%', 'H9=99.0%', 'H10=99.0%', 'H11=99.0%', 'H12=99.0%', 'H13=99.0%', 'H14=99.0%', 'H15=99.0%', 'H16=99.0%']
  mean_sigmoid_q_halt: ['0.496', '0.715', '0.918', '0.973', '0.973', '0.965', '0.969', '0.977', '0.980', '0.977', '0.973', '0.973', '0.977', '0.980', '0.977', '0.973']
  halt_rates: ['0.48', '1.00', '0.97', '0.99', '1.00', '1.00', '1.00', '1.00', '1.00', '1.00', '1.00', '1.00', '1.00', '1.00', '1.00', '1.00']
  halt_histogram %: [76.0, 19.3, 2.7, 0.6, 0.2, 0.1, 0.1, 0.1, 0.1, 0.0, 0.0, 0.0, 0.0, 0.0, 0.0, 0.6]
  Avg ACT steps (last 100): 1.12
  saved: /home/jvdillon/projects/sic/code/maze/ckpts/x07m/step15000.pt acc=99.38% (0.058s)
Step 15000  Test 99.38% / 89.90% (halt: 99.33%/73.30%)  Train lm=0.6680±0.0023ϵ[0.6641,0.6758] n_halted=110.9260±5.6174ϵ[84.0000,123.0000]  TrainAcc 99.95%/98.00% (halt: 99.93%/93.80%)  (54.328s / 788.927s)
  n_active=512.0000±0.0000ϵ[512.0000,512.0000] n_expunged=16.5380±5.0242ϵ[5.0000,40.0000] pool_util=1.0000±0.0000ϵ[1.0000,1.0000]
  path_valid=99.50%, exact_match=81.20%
  eval_avg_halt_step: 1.17
  per_H_acc: ['H0=0.0%', 'H1=0.0%', 'H2=0.0%']
  H_cos: ['0.910', '0.961']
  z_H_delta: ['23.375', '14.312']
  cells: fixed=[6, 0] broken=[48, 6]
  per_ACT_cell_acc: ['H1=87.3%', 'H2=93.7%', 'H3=99.4%', 'H4=99.5%', 'H5=99.6%', 'H6=99.6%', 'H7=99.6%', 'H8=99.6%', 'H9=99.6%', 'H10=99.6%', 'H11=99.6%', 'H12=99.6%', 'H13=99.6%', 'H14=99.6%', 'H15=99.6%', 'H16=99.6%']
  per_ACT_puzzle_acc: ['H1=0.0%', 'H2=0.0%', 'H3=75.0%', 'H4=83.2%', 'H5=85.3%', 'H6=85.8%', 'H7=85.8%', 'H8=85.8%', 'H9=85.3%', 'H10=85.3%', 'H11=85.3%', 'H12=85.3%', 'H13=85.3%', 'H14=85.3%', 'H15=84.5%', 'H16=84.5%']
  mean_sigmoid_q_halt: ['0.416', '0.281', '0.848', '0.973', '0.988', '0.992', '0.992', '0.992', '0.992', '0.992', '0.992', '0.992', '0.992', '0.992', '0.992', '0.992']
  halt_rates: ['0.00', '0.02', '0.89', '0.99', '1.00', '1.00', '1.00', '1.00', '1.00', '1.00', '1.00', '1.00', '1.00', '1.00', '1.00', '1.00']
  halt_histogram %: [76.3, 19.0, 2.7, 0.6, 0.2, 0.1, 0.1, 0.1, 0.1, 0.0, 0.0, 0.0, 0.0, 0.0, 0.0, 0.6]
  Avg ACT steps (last 100): 1.14
  eval_avg_halt_step: 1.07
  per_H_acc: ['H0=0.0%', 'H1=0.0%', 'H2=0.0%']
  H_cos: ['0.910', '0.961']
  z_H_delta: ['23.375', '14.500']
  cells: fixed=[1, 0] broken=[17, 1]
  per_ACT_cell_acc: ['H1=87.2%', 'H2=93.9%', 'H3=100.0%', 'H4=100.0%', 'H5=100.0%', 'H6=100.0%', 'H7=100.0%', 'H8=100.0%', 'H9=100.0%', 'H10=100.0%', 'H11=100.0%', 'H12=100.0%', 'H13=100.0%', 'H14=100.0%', 'H15=100.0%', 'H16=100.0%']
  per_ACT_puzzle_acc: ['H1=0.0%', 'H2=0.0%', 'H3=92.3%', 'H4=100.0%', 'H5=100.0%', 'H6=100.0%', 'H7=100.0%', 'H8=100.0%', 'H9=100.0%', 'H10=100.0%', 'H11=100.0%', 'H12=100.0%', 'H13=100.0%', 'H14=100.0%', 'H15=100.0%', 'H16=98.1%']
  mean_sigmoid_q_halt: ['0.416', '0.275', '0.930', '0.988', '0.992', '0.992', '0.992', '0.992', '0.992', '0.992', '0.992', '0.992', '0.992', '0.992', '0.988', '0.977']
  halt_rates: ['0.00', '0.03', '0.93', '1.00', '1.00', '1.00', '1.00', '1.00', '1.00', '1.00', '1.00', '1.00', '1.00', '1.00', '1.00', '0.98']
  halt_histogram %: [76.3, 19.0, 2.7, 0.6, 0.2, 0.1, 0.1, 0.1, 0.1, 0.0, 0.0, 0.0, 0.0, 0.0, 0.0, 0.6]
  Avg ACT steps (last 100): 1.14
  saved: /home/jvdillon/projects/sic/code/maze/ckpts/x07m/step15500.pt acc=99.45% (0.058s)
Step 15500  Test 99.45% / 89.30% (halt: 99.45%/79.70%)  Train lm=0.6680±0.0034ϵ[0.6641,0.6875] n_halted=104.6260±22.8313ϵ[1.0000,122.0000]  TrainAcc 99.96%/95.50% (halt: 99.97%/96.70%)  (54.329s / 789.029s)
  n_active=512.0000±0.0000ϵ[512.0000,512.0000] n_expunged=19.0420±13.5729ϵ[5.0000,109.0000] pool_util=1.0000±0.0000ϵ[1.0000,1.0000]
  path_valid=99.70%, exact_match=81.60%
  eval_avg_halt_step: 1.22
  per_H_acc: ['H0=33.0%', 'H1=0.0%', 'H2=0.0%']
  H_cos: ['0.816', '0.945']
  z_H_delta: ['23.625', '17.250']
  cells: fixed=[0, 0] broken=[68813, 1]
  per_ACT_cell_acc: ['H1=54.3%', 'H2=90.3%', 'H3=99.2%', 'H4=99.4%', 'H5=99.4%', 'H6=99.4%', 'H7=99.4%', 'H8=99.4%', 'H9=99.5%', 'H10=99.5%', 'H11=99.5%', 'H12=99.5%', 'H13=99.5%', 'H14=99.5%', 'H15=99.5%', 'H16=99.5%']
  per_ACT_puzzle_acc: ['H1=0.0%', 'H2=0.0%', 'H3=61.2%', 'H4=78.0%', 'H5=79.7%', 'H6=80.2%', 'H7=80.2%', 'H8=80.2%', 'H9=80.6%', 'H10=80.6%', 'H11=80.6%', 'H12=80.6%', 'H13=80.6%', 'H14=80.6%', 'H15=80.6%', 'H16=80.6%']
  mean_sigmoid_q_halt: ['0.254', '0.570', '0.781', '0.938', '0.961', '0.977', '0.977', '0.977', '0.980', '0.984', '0.980', '0.984', '0.980', '0.984', '0.984', '0.984']
  halt_rates: ['0.00', '0.92', '0.77', '0.95', '0.97', '0.99', '0.99', '0.99', '0.99', '1.00', '0.99', '1.00', '0.99', '1.00', '1.00', '1.00']
  halt_histogram %: [76.6, 18.7, 2.7, 0.6, 0.2, 0.1, 0.1, 0.1, 0.1, 0.0, 0.0, 0.0, 0.0, 0.0, 0.0, 0.6]
  Avg ACT steps (last 100): 1.17
  eval_avg_halt_step: 1.07
  per_H_acc: ['H0=33.0%', 'H1=0.0%', 'H2=0.0%']
  H_cos: ['0.816', '0.945']
  z_H_delta: ['23.625', '17.375']
  cells: fixed=[0, 0] broken=[30876, 0]
  per_ACT_cell_acc: ['H1=54.1%', 'H2=90.2%', 'H3=99.9%', 'H4=99.9%', 'H5=99.9%', 'H6=99.9%', 'H7=99.9%', 'H8=99.9%', 'H9=99.9%', 'H10=99.9%', 'H11=99.9%', 'H12=99.9%', 'H13=99.9%', 'H14=99.9%', 'H15=99.9%', 'H16=99.9%']
  per_ACT_puzzle_acc: ['H1=0.0%', 'H2=0.0%', 'H3=87.5%', 'H4=96.2%', 'H5=96.2%', 'H6=96.2%', 'H7=96.2%', 'H8=97.1%', 'H9=97.1%', 'H10=97.1%', 'H11=97.1%', 'H12=97.1%', 'H13=97.1%', 'H14=97.1%', 'H15=97.1%', 'H16=97.1%']
  mean_sigmoid_q_halt: ['0.250', '0.578', '0.906', '0.984', '0.980', '0.980', '0.980', '0.984', '0.984', '0.988', '0.988', '0.988', '0.988', '0.988', '0.988', '0.988']
  halt_rates: ['0.00', '0.94', '0.96', '0.99', '0.99', '0.99', '0.99', '1.00', '1.00', '1.00', '1.00', '1.00', '1.00', '1.00', '1.00', '1.00']
  halt_histogram %: [76.6, 18.7, 2.7, 0.6, 0.2, 0.1, 0.1, 0.1, 0.1, 0.0, 0.0, 0.0, 0.0, 0.0, 0.0, 0.6]
  Avg ACT steps (last 100): 1.17
  saved: /home/jvdillon/projects/sic/code/maze/ckpts/x07m/step16000.pt acc=99.43% (0.056s)
Step 16000  Test 99.43% / 88.00% (halt: 99.40%/75.10%)  Train lm=0.6680±0.0057ϵ[0.6641,0.7227] n_halted=100.9940±26.2007ϵ[0.0000,121.0000]  TrainAcc 99.96%/98.70% (halt: 99.94%/95.00%)  (54.314s / 789.053s)
  n_active=512.0000±0.0000ϵ[512.0000,512.0000] n_expunged=20.7420±15.4995ϵ[0.0000,114.0000] pool_util=1.0000±0.0000ϵ[1.0000,1.0000]
