Adam params: ('embed_tokens.weight', 'head.weight', 'head.bias', 'q_head.weight', 'q_head.bias', 'puzzle_id_embed.weight')
Muon 2D params: ('reasoning.0.attn.o_proj.weight', 'reasoning.0.mlp.up_proj.weight', 'reasoning.0.mlp.down_proj.weight', 'reasoning.1.attn.o_proj.weight', 'reasoning.1.mlp.up_proj.weight', 'reasoning.1.mlp.down_proj.weight')
Muon 3D params (ensemble_dims=1): ('reasoning.0.attn.qkv_proj.weight', 'reasoning.1.attn.qkv_proj.weight')
Saved step 0 checkpoint with RNG: /home/jvdillon/projects/sic/code/maze/ckpts/x07n/step00000_rng.pt
  path_valid=0.00%, exact_match=0.00%
  eval_avg_halt_step: 16.00
  per_H_acc: ['H0=0.0%', 'H1=0.0%', 'H2=0.0%']
  H_cos: ['0.867', '0.957']
  z_H_delta: ['18.125', '9.500']
  cells: fixed=[0, 0] broken=[90, 0]
  per_ACT_cell_acc: ['H1=87.3%', 'H2=87.4%', 'H3=87.4%', 'H4=87.6%', 'H5=87.6%', 'H6=87.6%', 'H7=87.6%', 'H8=87.4%', 'H9=87.3%', 'H10=87.3%', 'H11=87.2%', 'H12=87.1%', 'H13=87.0%', 'H14=87.0%', 'H15=86.9%', 'H16=86.9%']
  per_ACT_puzzle_acc: ['H1=0.0%', 'H2=0.0%', 'H3=0.0%', 'H4=0.0%', 'H5=0.0%', 'H6=0.0%', 'H7=0.0%', 'H8=0.0%', 'H9=0.0%', 'H10=0.0%', 'H11=0.0%', 'H12=0.0%', 'H13=0.0%', 'H14=0.0%', 'H15=0.0%', 'H16=0.0%']
  mean_sigmoid_q_halt: ['0.000', '0.000', '0.000', '0.000', '0.000', '0.000', '0.000', '0.000', '0.000', '0.000', '0.000', '0.000', '0.000', '0.000', '0.000', '0.000']
  halt_rates: ['0.00', '0.00', '0.00', '0.00', '0.00', '0.00', '0.00', '0.00', '0.00', '0.00', '0.00', '0.00', '0.00', '0.00', '0.00', '0.00']
  halt_histogram %: [0.0, 0.0, 0.0, 0.0, 0.0, 0.0, 0.0, 0.0, 0.0, 0.0, 0.0, 0.0, 0.0, 0.0, 0.0, 100.0]
  Avg ACT steps (last 100): 16.00
  eval_avg_halt_step: 16.00
  per_H_acc: ['H0=0.0%', 'H1=0.0%', 'H2=0.0%']
  H_cos: ['0.867', '0.961']
  z_H_delta: ['18.125', '9.500']
  cells: fixed=[0, 0] broken=[40, 0]
  per_ACT_cell_acc: ['H1=87.2%', 'H2=87.3%', 'H3=87.4%', 'H4=87.5%', 'H5=87.6%', 'H6=87.5%', 'H7=87.4%', 'H8=87.3%', 'H9=87.3%', 'H10=87.1%', 'H11=87.1%', 'H12=87.0%', 'H13=87.0%', 'H14=87.0%', 'H15=86.9%', 'H16=86.9%']
  per_ACT_puzzle_acc: ['H1=0.0%', 'H2=0.0%', 'H3=0.0%', 'H4=0.0%', 'H5=0.0%', 'H6=0.0%', 'H7=0.0%', 'H8=0.0%', 'H9=0.0%', 'H10=0.0%', 'H11=0.0%', 'H12=0.0%', 'H13=0.0%', 'H14=0.0%', 'H15=0.0%', 'H16=0.0%']
  mean_sigmoid_q_halt: ['0.000', '0.000', '0.000', '0.000', '0.000', '0.000', '0.000', '0.000', '0.000', '0.000', '0.000', '0.000', '0.000', '0.000', '0.000', '0.000']
  halt_rates: ['0.00', '0.00', '0.00', '0.00', '0.00', '0.00', '0.00', '0.00', '0.00', '0.00', '0.00', '0.00', '0.00', '0.00', '0.00', '0.00']
  halt_histogram %: [0.0, 0.0, 0.0, 0.0, 0.0, 0.0, 0.0, 0.0, 0.0, 0.0, 0.0, 0.0, 0.0, 0.0, 0.0, 100.0]
  Avg ACT steps (last 100): 16.00
  saved: /home/jvdillon/projects/sic/code/maze/ckpts/x07n/step00500.pt acc=86.63% (0.057s)
  saved: /home/jvdillon/projects/sic/code/maze/ckpts/x07n/best.pt acc=86.63% (0.111s)
Step   500  Test 86.63% /  0.00% (halt: 86.63%/ 0.00%)  Train lm=0.8555±0.1011ϵ[0.7852,2.0625] n_halted=7.9360±30.8988ϵ[0.0000,128.0000]  TrainAcc 86.50%/ 0.00% (halt: 86.50%/ 0.00%)  (63.493s / 803.924s)
  n_active=512.0000±0.0000ϵ[512.0000,512.0000] n_expunged=24.5760±50.4662ϵ[0.0000,128.0000] pool_util=1.0000±0.0000ϵ[1.0000,1.0000]
  path_valid=59.00%, exact_match=17.90%
  eval_avg_halt_step: 8.57
  per_H_acc: ['H0=0.0%', 'H1=0.0%', 'H2=0.0%']
  H_cos: ['0.816', '0.863']
  z_H_delta: ['20.000', '15.188']
  cells: fixed=[34, 0] broken=[0, 34]
  per_ACT_cell_acc: ['H1=50.9%', 'H2=84.0%', 'H3=93.1%', 'H4=95.1%', 'H5=96.0%', 'H6=96.4%', 'H7=96.5%', 'H8=96.6%', 'H9=96.7%', 'H10=96.7%', 'H11=96.8%', 'H12=96.8%', 'H13=96.8%', 'H14=96.9%', 'H15=96.9%', 'H16=96.9%']
  per_ACT_puzzle_acc: ['H1=0.0%', 'H2=0.0%', 'H3=0.0%', 'H4=0.4%', 'H5=3.4%', 'H6=3.9%', 'H7=7.3%', 'H8=9.5%', 'H9=9.9%', 'H10=11.2%', 'H11=11.2%', 'H12=11.6%', 'H13=12.5%', 'H14=13.4%', 'H15=13.4%', 'H16=13.4%']
  mean_sigmoid_q_halt: ['0.005', '0.000', '0.000', '0.004', '0.026', '0.070', '0.124', '0.181', '0.237', '0.279', '0.314', '0.344', '0.367', '0.387', '0.406', '0.424']
  halt_rates: ['0.00', '0.00', '0.00', '0.00', '0.00', '0.04', '0.09', '0.16', '0.23', '0.31', '0.38', '0.41', '0.44', '0.45', '0.47', '0.50']
  halt_histogram %: [0.0, 0.0, 1.0, 1.9, 2.2, 2.4, 1.8, 2.0, 2.2, 0.9, 0.9, 1.0, 0.9, 0.8, 0.8, 81.2]
  Avg ACT steps (last 100): 7.70
  eval_avg_halt_step: 8.43
  per_H_acc: ['H0=0.0%', 'H1=0.0%', 'H2=0.0%']
  H_cos: ['0.816', '0.863']
  z_H_delta: ['20.000', '15.188']
  cells: fixed=[18, 0] broken=[0, 18]
  per_ACT_cell_acc: ['H1=50.9%', 'H2=84.0%', 'H3=92.9%', 'H4=95.3%', 'H5=96.2%', 'H6=96.6%', 'H7=96.8%', 'H8=97.0%', 'H9=97.0%', 'H10=97.1%', 'H11=97.1%', 'H12=97.2%', 'H13=97.3%', 'H14=97.3%', 'H15=97.3%', 'H16=97.3%']
  per_ACT_puzzle_acc: ['H1=0.0%', 'H2=0.0%', 'H3=0.0%', 'H4=0.0%', 'H5=2.9%', 'H6=3.8%', 'H7=8.7%', 'H8=14.4%', 'H9=17.3%', 'H10=18.3%', 'H11=21.2%', 'H12=21.2%', 'H13=22.1%', 'H14=24.0%', 'H15=24.0%', 'H16=25.0%']
  mean_sigmoid_q_halt: ['0.005', '0.000', '0.000', '0.003', '0.022', '0.082', '0.153', '0.217', '0.281', '0.324', '0.354', '0.381', '0.404', '0.422', '0.443', '0.453']
  halt_rates: ['0.00', '0.00', '0.00', '0.00', '0.00', '0.04', '0.12', '0.21', '0.30', '0.38', '0.42', '0.45', '0.48', '0.49', '0.57', '0.58']
  halt_histogram %: [0.0, 0.0, 1.0, 1.9, 2.2, 2.4, 1.8, 2.0, 2.2, 0.9, 0.9, 1.0, 0.9, 0.8, 0.8, 81.2]
  Avg ACT steps (last 100): 7.70
  saved: /home/jvdillon/projects/sic/code/maze/ckpts/x07n/step01000.pt acc=97.05% (0.059s)
  saved: /home/jvdillon/projects/sic/code/maze/ckpts/x07n/best.pt acc=97.05% (0.141s)
Step  1000  Test 97.05% / 21.20% (halt: 97.05%/17.30%)  Train lm=0.7422±0.0327ϵ[0.6953,0.9023] n_halted=9.6320±25.1630ϵ[0.0000,128.0000]  TrainAcc 97.21%/24.00% (halt: 97.20%/22.20%)  (54.353s / 786.921s)
  n_active=512.0000±0.0000ϵ[512.0000,512.0000] n_expunged=28.6180±40.6580ϵ[0.0000,128.0000] pool_util=1.0000±0.0000ϵ[1.0000,1.0000]
  path_valid=67.20%, exact_match=47.00%
  eval_avg_halt_step: 4.23
  per_H_acc: ['H0=0.1%', 'H1=0.0%', 'H2=0.0%']
  H_cos: ['0.840', '0.832']
  z_H_delta: ['20.125', '18.250']
  cells: fixed=[0, 0] broken=[232, 0]
  per_ACT_cell_acc: ['H1=80.6%', 'H2=87.2%', 'H3=97.0%', 'H4=97.8%', 'H5=98.1%', 'H6=98.3%', 'H7=98.3%', 'H8=98.4%', 'H9=98.4%', 'H10=98.4%', 'H11=98.4%', 'H12=98.4%', 'H13=98.4%', 'H14=98.4%', 'H15=98.4%', 'H16=98.4%']
  per_ACT_puzzle_acc: ['H1=0.0%', 'H2=0.0%', 'H3=2.2%', 'H4=7.3%', 'H5=19.4%', 'H6=33.2%', 'H7=38.8%', 'H8=42.2%', 'H9=42.2%', 'H10=41.8%', 'H11=44.0%', 'H12=44.8%', 'H13=45.3%', 'H14=44.0%', 'H15=45.3%', 'H16=44.8%']
  mean_sigmoid_q_halt: ['0.006', '0.000', '0.016', '0.270', '0.398', '0.488', '0.562', '0.594', '0.609', '0.633', '0.637', '0.648', '0.668', '0.680', '0.684', '0.695']
  halt_rates: ['0.00', '0.00', '0.00', '0.24', '0.39', '0.51', '0.60', '0.65', '0.65', '0.68', '0.68', '0.70', '0.72', '0.74', '0.74', '0.77']
  halt_histogram %: [0.0, 23.5, 14.6, 8.4, 4.9, 3.7, 2.6, 2.2, 1.9, 1.1, 1.0, 0.8, 0.8, 0.6, 0.7, 33.1]
  Avg ACT steps (last 100): 2.74
  eval_avg_halt_step: 3.84
  per_H_acc: ['H0=0.1%', 'H1=0.0%', 'H2=0.0%']
  H_cos: ['0.840', '0.828']
  z_H_delta: ['20.125', '18.250']
  cells: fixed=[0, 0] broken=[103, 1]
  per_ACT_cell_acc: ['H1=80.8%', 'H2=87.2%', 'H3=97.8%', 'H4=98.3%', 'H5=98.5%', 'H6=98.6%', 'H7=98.6%', 'H8=98.7%', 'H9=98.7%', 'H10=98.7%', 'H11=98.7%', 'H12=98.7%', 'H13=98.8%', 'H14=98.8%', 'H15=98.8%', 'H16=98.8%']
  per_ACT_puzzle_acc: ['H1=0.0%', 'H2=0.0%', 'H3=1.0%', 'H4=6.7%', 'H5=27.9%', 'H6=44.2%', 'H7=47.1%', 'H8=52.9%', 'H9=55.8%', 'H10=56.7%', 'H11=56.7%', 'H12=56.7%', 'H13=57.7%', 'H14=58.7%', 'H15=59.6%', 'H16=56.7%']
  mean_sigmoid_q_halt: ['0.006', '0.000', '0.019', '0.324', '0.453', '0.508', '0.574', '0.598', '0.617', '0.637', '0.633', '0.637', '0.629', '0.641', '0.625', '0.648']
  halt_rates: ['0.00', '0.00', '0.00', '0.30', '0.50', '0.53', '0.61', '0.65', '0.70', '0.73', '0.72', '0.68', '0.68', '0.72', '0.69', '0.74']
  halt_histogram %: [0.0, 23.5, 14.6, 8.4, 4.9, 3.7, 2.6, 2.2, 1.9, 1.1, 1.0, 0.8, 0.8, 0.6, 0.7, 33.1]
  Avg ACT steps (last 100): 2.74
  saved: /home/jvdillon/projects/sic/code/maze/ckpts/x07n/step01500.pt acc=98.41% (0.056s)
  saved: /home/jvdillon/projects/sic/code/maze/ckpts/x07n/best.pt acc=98.41% (0.135s)
Step  1500  Test 98.41% / 54.10% (halt: 98.43%/46.00%)  Train lm=0.7031±0.0128ϵ[0.6758,0.7500] n_halted=29.5160±17.8924ϵ[0.0000,80.0000]  TrainAcc 98.89%/59.30% (halt: 98.90%/58.60%)  (54.380s / 788.784s)
  n_active=512.0000±0.0000ϵ[512.0000,512.0000] n_expunged=59.1980±16.4447ϵ[4.0000,98.0000] pool_util=1.0000±0.0000ϵ[1.0000,1.0000]
  path_valid=96.70%, exact_match=62.70%
  eval_avg_halt_step: 2.74
  per_H_acc: ['H0=0.0%', 'H1=0.0%', 'H2=0.0%']
  H_cos: ['0.828', '0.883']
  z_H_delta: ['18.875', '16.750']
  cells: fixed=[0, 0] broken=[0, 0]
  per_ACT_cell_acc: ['H1=74.4%', 'H2=89.5%', 'H3=97.7%', 'H4=98.2%', 'H5=98.4%', 'H6=98.5%', 'H7=98.6%', 'H8=98.6%', 'H9=98.7%', 'H10=98.7%', 'H11=98.7%', 'H12=98.7%', 'H13=98.7%', 'H14=98.7%', 'H15=98.7%', 'H16=98.7%']
  per_ACT_puzzle_acc: ['H1=0.0%', 'H2=0.0%', 'H3=6.9%', 'H4=31.5%', 'H5=47.8%', 'H6=50.9%', 'H7=53.0%', 'H8=55.2%', 'H9=56.5%', 'H10=57.8%', 'H11=58.6%', 'H12=58.6%', 'H13=59.5%', 'H14=59.5%', 'H15=60.3%', 'H16=61.2%']
  mean_sigmoid_q_halt: ['0.001', '0.001', '0.109', '0.418', '0.598', '0.711', '0.758', '0.793', '0.832', '0.848', '0.863', '0.867', '0.883', '0.887', '0.891', '0.891']
  halt_rates: ['0.00', '0.00', '0.04', '0.44', '0.64', '0.79', '0.80', '0.84', '0.88', '0.90', '0.91', '0.90', '0.92', '0.92', '0.93', '0.93']
  halt_histogram %: [6.3, 45.5, 14.4, 6.0, 3.2, 2.2, 1.5, 1.2, 1.0, 0.6, 0.5, 0.5, 0.4, 0.3, 0.4, 15.9]
  Avg ACT steps (last 100): 2.35
  eval_avg_halt_step: 2.41
  per_H_acc: ['H0=0.0%', 'H1=0.0%', 'H2=0.0%']
  H_cos: ['0.828', '0.879']
  z_H_delta: ['18.875', '16.875']
  cells: fixed=[0, 0] broken=[0, 0]
  per_ACT_cell_acc: ['H1=74.3%', 'H2=88.9%', 'H3=98.3%', 'H4=98.8%', 'H5=98.9%', 'H6=99.0%', 'H7=99.0%', 'H8=99.0%', 'H9=99.0%', 'H10=99.1%', 'H11=99.0%', 'H12=99.0%', 'H13=99.1%', 'H14=99.1%', 'H15=99.1%', 'H16=99.0%']
  per_ACT_puzzle_acc: ['H1=0.0%', 'H2=0.0%', 'H3=12.5%', 'H4=43.3%', 'H5=56.7%', 'H6=61.5%', 'H7=66.3%', 'H8=66.3%', 'H9=69.2%', 'H10=70.2%', 'H11=71.2%', 'H12=72.1%', 'H13=72.1%', 'H14=72.1%', 'H15=72.1%', 'H16=72.1%']
  mean_sigmoid_q_halt: ['0.001', '0.001', '0.127', '0.512', '0.664', '0.773', '0.828', '0.844', '0.879', '0.895', '0.902', '0.918', '0.922', '0.926', '0.930', '0.930']
  halt_rates: ['0.00', '0.00', '0.02', '0.56', '0.71', '0.83', '0.88', '0.89', '0.92', '0.94', '0.95', '0.95', '0.96', '0.96', '0.97', '0.97']
  halt_histogram %: [6.3, 45.5, 14.4, 6.0, 3.2, 2.2, 1.5, 1.2, 1.0, 0.6, 0.5, 0.5, 0.4, 0.3, 0.4, 15.9]
  Avg ACT steps (last 100): 2.35
  saved: /home/jvdillon/projects/sic/code/maze/ckpts/x07n/step02000.pt acc=98.84% (0.056s)
  saved: /home/jvdillon/projects/sic/code/maze/ckpts/x07n/best.pt acc=98.84% (0.137s)
Step  2000  Test 98.84% / 72.10% (halt: 98.83%/60.10%)  Train lm=0.6875±0.0059ϵ[0.6758,0.7188] n_halted=53.2100±13.4852ϵ[15.0000,91.0000]  TrainAcc 99.33%/76.50% (halt: 99.32%/74.30%)  (55.090s / 793.598s)
  n_active=512.0000±0.0000ϵ[512.0000,512.0000] n_expunged=63.6560±12.6721ϵ[32.0000,107.0000] pool_util=1.0000±0.0000ϵ[1.0000,1.0000]
  path_valid=95.10%, exact_match=63.80%
  eval_avg_halt_step: 2.51
  per_H_acc: ['H0=0.0%', 'H1=0.0%', 'H2=0.0%']
  H_cos: ['0.828', '0.875']
  z_H_delta: ['18.250', '19.250']
  cells: fixed=[0, 0] broken=[0, 0]
  per_ACT_cell_acc: ['H1=72.9%', 'H2=89.2%', 'H3=98.4%', 'H4=98.6%', 'H5=98.7%', 'H6=98.7%', 'H7=98.7%', 'H8=98.7%', 'H9=98.7%', 'H10=98.7%', 'H11=98.7%', 'H12=98.7%', 'H13=98.7%', 'H14=98.7%', 'H15=98.7%', 'H16=98.7%']
  per_ACT_puzzle_acc: ['H1=0.0%', 'H2=0.0%', 'H3=19.8%', 'H4=49.6%', 'H5=55.2%', 'H6=59.1%', 'H7=61.2%', 'H8=61.2%', 'H9=60.8%', 'H10=60.8%', 'H11=61.2%', 'H12=61.2%', 'H13=61.2%', 'H14=60.8%', 'H15=60.8%', 'H16=60.8%']
  mean_sigmoid_q_halt: ['0.002', '0.001', '0.236', '0.672', '0.750', '0.801', '0.832', '0.859', '0.863', '0.867', '0.871', '0.879', '0.879', '0.883', '0.883', '0.887']
  halt_rates: ['0.00', '0.00', '0.19', '0.70', '0.79', '0.84', '0.88', '0.91', '0.91', '0.91', '0.91', '0.93', '0.93', '0.94', '0.94', '0.94']
  halt_histogram %: [17.4, 47.4, 12.6, 4.7, 2.3, 1.5, 1.1, 0.8, 0.7, 0.4, 0.4, 0.3, 0.3, 0.2, 0.2, 9.8]
  Avg ACT steps (last 100): 1.73
  eval_avg_halt_step: 2.12
  per_H_acc: ['H0=0.0%', 'H1=0.0%', 'H2=0.0%']
  H_cos: ['0.828', '0.871']
  z_H_delta: ['18.375', '19.500']
  cells: fixed=[1, 0] broken=[0, 1]
  per_ACT_cell_acc: ['H1=72.6%', 'H2=89.4%', 'H3=99.2%', 'H4=99.4%', 'H5=99.5%', 'H6=99.5%', 'H7=99.5%', 'H8=99.5%', 'H9=99.5%', 'H10=99.5%', 'H11=99.5%', 'H12=99.5%', 'H13=99.4%', 'H14=99.5%', 'H15=99.5%', 'H16=99.4%']
  per_ACT_puzzle_acc: ['H1=0.0%', 'H2=0.0%', 'H3=41.3%', 'H4=68.3%', 'H5=77.9%', 'H6=81.7%', 'H7=80.8%', 'H8=81.7%', 'H9=81.7%', 'H10=79.8%', 'H11=78.8%', 'H12=79.8%', 'H13=79.8%', 'H14=79.8%', 'H15=78.8%', 'H16=79.8%']
  mean_sigmoid_q_halt: ['0.002', '0.001', '0.365', '0.770', '0.852', '0.906', '0.918', '0.922', '0.922', '0.918', '0.918', '0.918', '0.918', '0.918', '0.918', '0.922']
  halt_rates: ['0.00', '0.00', '0.36', '0.79', '0.90', '0.97', '0.97', '0.98', '0.97', '0.97', '0.97', '0.97', '0.97', '0.97', '0.97', '0.97']
  halt_histogram %: [17.4, 47.4, 12.6, 4.7, 2.3, 1.5, 1.1, 0.8, 0.7, 0.4, 0.4, 0.3, 0.3, 0.2, 0.2, 9.8]
  Avg ACT steps (last 100): 1.73
  saved: /home/jvdillon/projects/sic/code/maze/ckpts/x07n/step02500.pt acc=98.83% (0.057s)
Step  2500  Test 98.83% / 72.70% (halt: 98.82%/60.00%)  Train lm=0.6836±0.0053ϵ[0.6719,0.7070] n_halted=64.7100±13.3199ϵ[5.0000,106.0000]  TrainAcc 99.52%/80.60% (halt: 99.51%/77.00%)  (54.983s / 795.224s)
  n_active=512.0000±0.0000ϵ[512.0000,512.0000] n_expunged=54.8920±12.2124ϵ[21.0000,103.0000] pool_util=1.0000±0.0000ϵ[1.0000,1.0000]
  path_valid=90.70%, exact_match=68.00%
  eval_avg_halt_step: 2.11
  per_H_acc: ['H0=0.1%', 'H1=0.0%', 'H2=0.0%']
  H_cos: ['0.707', '0.906']
  z_H_delta: ['20.875', '17.250']
  cells: fixed=[0, 0] broken=[146, 0]
  per_ACT_cell_acc: ['H1=49.7%', 'H2=92.1%', 'H3=98.7%', 'H4=98.9%', 'H5=99.1%', 'H6=99.1%', 'H7=99.2%', 'H8=99.2%', 'H9=99.2%', 'H10=99.2%', 'H11=99.2%', 'H12=99.1%', 'H13=99.1%', 'H14=99.1%', 'H15=99.1%', 'H16=99.1%']
  per_ACT_puzzle_acc: ['H1=0.0%', 'H2=0.0%', 'H3=31.0%', 'H4=52.6%', 'H5=63.8%', 'H6=69.8%', 'H7=71.1%', 'H8=73.3%', 'H9=73.3%', 'H10=72.8%', 'H11=72.8%', 'H12=72.8%', 'H13=72.8%', 'H14=72.4%', 'H15=71.1%', 'H16=72.0%']
  mean_sigmoid_q_halt: ['0.010', '0.005', '0.439', '0.609', '0.711', '0.793', '0.848', '0.863', '0.871', '0.871', '0.867', '0.863', '0.855', '0.844', '0.836', '0.832']
  halt_rates: ['0.00', '0.00', '0.46', '0.65', '0.75', '0.82', '0.89', '0.90', '0.91', '0.91', '0.91', '0.90', '0.89', '0.88', '0.87', '0.87']
  halt_histogram %: [25.0, 46.7, 11.2, 3.8, 1.8, 1.2, 0.8, 0.6, 0.5, 0.3, 0.3, 0.2, 0.2, 0.2, 0.2, 6.9]
  Avg ACT steps (last 100): 1.54
  eval_avg_halt_step: 1.74
  per_H_acc: ['H0=0.1%', 'H1=0.0%', 'H2=0.0%']
  H_cos: ['0.707', '0.902']
  z_H_delta: ['20.875', '17.375']
  cells: fixed=[0, 0] broken=[69, 0]
  per_ACT_cell_acc: ['H1=50.1%', 'H2=92.4%', 'H3=99.2%', 'H4=99.5%', 'H5=99.5%', 'H6=99.6%', 'H7=99.6%', 'H8=99.6%', 'H9=99.6%', 'H10=99.6%', 'H11=99.6%', 'H12=99.5%', 'H13=99.5%', 'H14=99.5%', 'H15=99.5%', 'H16=99.5%']
  per_ACT_puzzle_acc: ['H1=0.0%', 'H2=0.0%', 'H3=41.3%', 'H4=69.2%', 'H5=76.9%', 'H6=80.8%', 'H7=81.7%', 'H8=80.8%', 'H9=81.7%', 'H10=78.8%', 'H11=81.7%', 'H12=80.8%', 'H13=78.8%', 'H14=79.8%', 'H15=80.8%', 'H16=79.8%']
  mean_sigmoid_q_halt: ['0.010', '0.005', '0.523', '0.719', '0.777', '0.844', '0.844', '0.852', '0.848', '0.844', '0.840', '0.828', '0.832', '0.832', '0.832', '0.824']
  halt_rates: ['0.00', '0.00', '0.54', '0.75', '0.82', '0.90', '0.86', '0.88', '0.86', '0.86', '0.84', '0.84', '0.84', '0.84', '0.85', '0.83']
  halt_histogram %: [25.0, 46.7, 11.2, 3.8, 1.8, 1.2, 0.8, 0.6, 0.5, 0.3, 0.3, 0.2, 0.2, 0.2, 0.2, 6.9]
  Avg ACT steps (last 100): 1.54
  saved: /home/jvdillon/projects/sic/code/maze/ckpts/x07n/step03000.pt acc=99.10% (0.056s)
  saved: /home/jvdillon/projects/sic/code/maze/ckpts/x07n/best.pt acc=99.10% (0.135s)
Step  3000  Test 99.10% / 81.40% (halt: 99.11%/63.00%)  Train lm=0.6797±0.0051ϵ[0.6719,0.7109] n_halted=70.5760±15.2039ϵ[3.0000,100.0000]  TrainAcc 99.54%/75.80% (halt: 99.55%/73.40%)  (54.751s / 794.176s)
  n_active=512.0000±0.0000ϵ[512.0000,512.0000] n_expunged=50.8000±14.0883ϵ[23.0000,116.0000] pool_util=1.0000±0.0000ϵ[1.0000,1.0000]
  path_valid=91.10%, exact_match=68.50%
  eval_avg_halt_step: 2.51
  per_H_acc: ['H0=0.1%', 'H1=0.0%', 'H2=0.0%']
  H_cos: ['0.691', '0.918']
  z_H_delta: ['22.250', '16.875']
  cells: fixed=[1, 0] broken=[100, 9]
  per_ACT_cell_acc: ['H1=56.8%', 'H2=91.9%', 'H3=98.1%', 'H4=98.3%', 'H5=98.5%', 'H6=98.5%', 'H7=98.6%', 'H8=98.6%', 'H9=98.6%', 'H10=98.6%', 'H11=98.6%', 'H12=98.6%', 'H13=98.7%', 'H14=98.7%', 'H15=98.7%', 'H16=98.7%']
  per_ACT_puzzle_acc: ['H1=0.0%', 'H2=0.0%', 'H3=34.1%', 'H4=51.7%', 'H5=56.9%', 'H6=60.8%', 'H7=64.7%', 'H8=65.5%', 'H9=66.8%', 'H10=66.4%', 'H11=66.4%', 'H12=66.8%', 'H13=65.5%', 'H14=66.8%', 'H15=67.7%', 'H16=69.4%']
  mean_sigmoid_q_halt: ['0.019', '0.021', '0.494', '0.617', '0.699', '0.754', '0.781', '0.797', '0.801', '0.816', '0.820', '0.816', '0.824', '0.832', '0.832', '0.848']
  halt_rates: ['0.00', '0.00', '0.51', '0.62', '0.72', '0.79', '0.83', '0.84', '0.84', '0.86', '0.87', '0.85', '0.87', '0.88', '0.88', '0.91']
  halt_histogram %: [31.3, 45.2, 10.0, 3.2, 1.5, 1.0, 0.6, 0.5, 0.4, 0.3, 0.2, 0.2, 0.2, 0.1, 0.1, 5.2]
  Avg ACT steps (last 100): 1.60
  eval_avg_halt_step: 2.09
  per_H_acc: ['H0=0.1%', 'H1=0.0%', 'H2=0.0%']
  H_cos: ['0.691', '0.914']
  z_H_delta: ['22.250', '17.000']
  cells: fixed=[3, 0] broken=[53, 6]
  per_ACT_cell_acc: ['H1=56.6%', 'H2=91.9%', 'H3=98.8%', 'H4=99.3%', 'H5=99.3%', 'H6=99.3%', 'H7=99.3%', 'H8=99.4%', 'H9=99.4%', 'H10=99.4%', 'H11=99.4%', 'H12=99.3%', 'H13=99.3%', 'H14=99.4%', 'H15=99.4%', 'H16=99.3%']
  per_ACT_puzzle_acc: ['H1=0.0%', 'H2=0.0%', 'H3=40.4%', 'H4=70.2%', 'H5=76.9%', 'H6=79.8%', 'H7=80.8%', 'H8=82.7%', 'H9=81.7%', 'H10=82.7%', 'H11=81.7%', 'H12=82.7%', 'H13=81.7%', 'H14=81.7%', 'H15=80.8%', 'H16=80.8%']
  mean_sigmoid_q_halt: ['0.018', '0.020', '0.535', '0.719', '0.824', '0.840', '0.855', '0.859', '0.875', '0.879', '0.875', '0.883', '0.879', '0.883', '0.883', '0.887']
  halt_rates: ['0.00', '0.00', '0.55', '0.77', '0.88', '0.88', '0.91', '0.90', '0.92', '0.93', '0.93', '0.94', '0.93', '0.93', '0.93', '0.94']
  halt_histogram %: [31.3, 45.2, 10.0, 3.2, 1.5, 1.0, 0.6, 0.5, 0.4, 0.3, 0.2, 0.2, 0.2, 0.1, 0.1, 5.2]
  Avg ACT steps (last 100): 1.60
  saved: /home/jvdillon/projects/sic/code/maze/ckpts/x07n/step03500.pt acc=98.85% (0.057s)
Step  3500  Test 98.85% / 80.80% (halt: 98.77%/59.70%)  Train lm=0.6758±0.0048ϵ[0.6680,0.7070] n_halted=76.9680±13.8245ϵ[14.0000,110.0000]  TrainAcc 99.35%/81.50% (halt: 99.30%/73.20%)  (54.691s / 791.632s)
  n_active=512.0000±0.0000ϵ[512.0000,512.0000] n_expunged=46.4300±13.1177ϵ[16.0000,106.0000] pool_util=1.0000±0.0000ϵ[1.0000,1.0000]
  path_valid=97.90%, exact_match=76.30%
  eval_avg_halt_step: 1.67
  per_H_acc: ['H0=0.0%', 'H1=0.0%', 'H2=0.0%']
  H_cos: ['0.688', '0.902']
  z_H_delta: ['22.000', '19.625']
  cells: fixed=[16, 0] broken=[1, 16]
  per_ACT_cell_acc: ['H1=80.8%', 'H2=88.1%', 'H3=98.9%', 'H4=99.1%', 'H5=99.1%', 'H6=99.2%', 'H7=99.2%', 'H8=99.2%', 'H9=99.2%', 'H10=99.2%', 'H11=99.2%', 'H12=99.2%', 'H13=99.2%', 'H14=99.2%', 'H15=99.2%', 'H16=99.2%']
  per_ACT_puzzle_acc: ['H1=0.0%', 'H2=0.0%', 'H3=44.8%', 'H4=63.4%', 'H5=70.7%', 'H6=75.0%', 'H7=75.0%', 'H8=76.3%', 'H9=76.7%', 'H10=76.3%', 'H11=75.9%', 'H12=75.4%', 'H13=75.0%', 'H14=75.0%', 'H15=75.0%', 'H16=75.0%']
  mean_sigmoid_q_halt: ['0.008', '0.008', '0.562', '0.715', '0.832', '0.914', '0.941', '0.957', '0.961', '0.965', '0.965', '0.961', '0.957', '0.961', '0.961', '0.961']
  halt_rates: ['0.00', '0.00', '0.58', '0.73', '0.85', '0.95', '0.96', '0.98', '0.99', '0.99', '0.99', '0.98', '0.97', '0.97', '0.98', '0.98']
  halt_histogram %: [37.7, 42.0, 9.0, 2.8, 1.3, 0.8, 0.5, 0.4, 0.3, 0.2, 0.2, 0.2, 0.1, 0.1, 0.1, 4.2]
  Avg ACT steps (last 100): 1.53
  eval_avg_halt_step: 1.42
  per_H_acc: ['H0=0.0%', 'H1=0.0%', 'H2=0.0%']
  H_cos: ['0.688', '0.898']
  z_H_delta: ['22.000', '19.875']
  cells: fixed=[7, 0] broken=[2, 7]
  per_ACT_cell_acc: ['H1=80.9%', 'H2=88.0%', 'H3=99.4%', 'H4=99.5%', 'H5=99.6%', 'H6=99.6%', 'H7=99.6%', 'H8=99.6%', 'H9=99.6%', 'H10=99.6%', 'H11=99.6%', 'H12=99.6%', 'H13=99.6%', 'H14=99.6%', 'H15=99.6%', 'H16=99.6%']
  per_ACT_puzzle_acc: ['H1=0.0%', 'H2=0.0%', 'H3=63.5%', 'H4=80.8%', 'H5=87.5%', 'H6=89.4%', 'H7=89.4%', 'H8=89.4%', 'H9=90.4%', 'H10=90.4%', 'H11=90.4%', 'H12=90.4%', 'H13=90.4%', 'H14=90.4%', 'H15=91.3%', 'H16=90.4%']
  mean_sigmoid_q_halt: ['0.008', '0.007', '0.629', '0.805', '0.879', '0.906', '0.930', '0.938', '0.949', '0.949', '0.949', '0.953', '0.961', '0.961', '0.961', '0.961']
  halt_rates: ['0.00', '0.00', '0.64', '0.82', '0.90', '0.92', '0.94', '0.96', '0.97', '0.97', '0.97', '0.97', '0.98', '0.98', '0.98', '0.98']
  halt_histogram %: [37.7, 42.0, 9.0, 2.8, 1.3, 0.8, 0.5, 0.4, 0.3, 0.2, 0.2, 0.2, 0.1, 0.1, 0.1, 4.2]
  Avg ACT steps (last 100): 1.53
  saved: /home/jvdillon/projects/sic/code/maze/ckpts/x07n/step04000.pt acc=99.21% (0.058s)
  saved: /home/jvdillon/projects/sic/code/maze/ckpts/x07n/best.pt acc=99.21% (0.141s)
Step  4000  Test 99.21% / 83.70% (halt: 99.19%/66.90%)  Train lm=0.6758±0.0049ϵ[0.6680,0.7070] n_halted=83.1300±13.7343ϵ[18.0000,110.0000]  TrainAcc 99.81%/93.30% (halt: 99.79%/84.50%)  (54.803s / 791.531s)
  n_active=512.0000±0.0000ϵ[512.0000,512.0000] n_expunged=39.0720±12.2169ϵ[16.0000,88.0000] pool_util=1.0000±0.0000ϵ[1.0000,1.0000]
