Adam params: ('embed_tokens.weight', 'head.weight', 'head.bias', 'q_head.weight', 'q_head.bias', 'puzzle_id_embed.weight')
Muon 2D params: ('reasoning.0.attn.o_proj.weight', 'reasoning.0.mlp.up_proj.weight', 'reasoning.0.mlp.down_proj.weight', 'reasoning.1.attn.o_proj.weight', 'reasoning.1.mlp.up_proj.weight', 'reasoning.1.mlp.down_proj.weight')
Muon 3D params (ensemble_dims=1): ('reasoning.0.attn.qkv_proj.weight', 'reasoning.1.attn.qkv_proj.weight')
  path_valid=0.00%, exact_match=0.00%
  eval_avg_halt_step: 16.00
  per_H_acc: ['H0=0.0%', 'H1=0.0%', 'H2=0.0%']
  H_cos: ['0.969', '0.984']
  z_H_delta: ['13.000', '4.812']
  cells: fixed=[0, 0] broken=[0, 0]
  per_ACT_cell_acc: ['H1=87.4%', 'H2=87.5%', 'H3=87.5%', 'H4=87.6%', 'H5=87.7%', 'H6=87.9%', 'H7=87.9%', 'H8=88.0%', 'H9=88.1%', 'H10=88.1%', 'H11=88.1%', 'H12=88.1%', 'H13=88.1%', 'H14=88.1%', 'H15=88.1%', 'H16=88.1%']
  per_ACT_puzzle_acc: ['H1=0.0%', 'H2=0.0%', 'H3=0.0%', 'H4=0.0%', 'H5=0.0%', 'H6=0.0%', 'H7=0.0%', 'H8=0.0%', 'H9=0.0%', 'H10=0.0%', 'H11=0.0%', 'H12=0.0%', 'H13=0.0%', 'H14=0.0%', 'H15=0.0%', 'H16=0.0%']
  mean_sigmoid_q_halt: ['0.000', '0.000', '0.000', '0.000', '0.000', '0.000', '0.000', '0.000', '0.000', '0.000', '0.000', '0.000', '0.000', '0.000', '0.000', '0.000']
  halt_rates: ['0.00', '0.00', '0.00', '0.00', '0.00', '0.00', '0.00', '0.00', '0.00', '0.00', '0.00', '0.00', '0.00', '0.00', '0.00', '0.00']
  halt_histogram %: [0.0, 0.0, 0.0, 0.0, 0.0, 0.0, 0.0, 0.0, 0.0, 0.0, 0.0, 0.0, 0.0, 0.0, 0.0, 100.0]
  Avg ACT steps (last 100): 16.00
  eval_avg_halt_step: 16.00
  per_H_acc: ['H0=0.0%', 'H1=0.0%', 'H2=0.0%']
  H_cos: ['0.969', '0.988']
  z_H_delta: ['13.000', '4.812']
  cells: fixed=[0, 0] broken=[0, 0]
  per_ACT_cell_acc: ['H1=87.4%', 'H2=87.5%', 'H3=87.5%', 'H4=87.5%', 'H5=87.7%', 'H6=87.8%', 'H7=87.8%', 'H8=87.9%', 'H9=87.9%', 'H10=87.9%', 'H11=88.0%', 'H12=87.9%', 'H13=87.9%', 'H14=87.9%', 'H15=87.9%', 'H16=87.9%']
  per_ACT_puzzle_acc: ['H1=0.0%', 'H2=0.0%', 'H3=0.0%', 'H4=0.0%', 'H5=0.0%', 'H6=0.0%', 'H7=0.0%', 'H8=0.0%', 'H9=0.0%', 'H10=0.0%', 'H11=0.0%', 'H12=0.0%', 'H13=0.0%', 'H14=0.0%', 'H15=0.0%', 'H16=0.0%']
  mean_sigmoid_q_halt: ['0.000', '0.000', '0.000', '0.000', '0.000', '0.000', '0.000', '0.000', '0.000', '0.000', '0.000', '0.000', '0.000', '0.000', '0.000', '0.000']
  halt_rates: ['0.00', '0.00', '0.00', '0.00', '0.00', '0.00', '0.00', '0.00', '0.00', '0.00', '0.00', '0.00', '0.00', '0.00', '0.00', '0.00']
  halt_histogram %: [0.0, 0.0, 0.0, 0.0, 0.0, 0.0, 0.0, 0.0, 0.0, 0.0, 0.0, 0.0, 0.0, 0.0, 0.0, 100.0]
  Avg ACT steps (last 100): 16.00
  saved: /home/jvdillon/projects/sic/code/maze/ckpts/x08/step00500.pt acc=87.91% (0.089s)
  saved: /home/jvdillon/projects/sic/code/maze/ckpts/x08/best.pt acc=87.91% (0.170s)
Step   500  Test 87.91% /  0.00% (halt: 87.91%/ 0.00%)  Train lm=0.8555±0.1250ϵ[0.8008,2.1719] n_halted=7.9360±30.8988ϵ[0.0000,128.0000]  TrainAcc 87.97%/ 0.00% (halt: 87.97%/ 0.00%)  (64.217s / 189.299s)
  n_active=128.0000±0.0000ϵ[128.0000,128.0000] n_expunged=0.0000±0.0000ϵ[0.0000,0.0000] pool_util=1.0000±0.0000ϵ[1.0000,1.0000]
  path_valid=20.20%, exact_match=2.30%
  eval_avg_halt_step: 16.00
  per_H_acc: ['H0=0.0%', 'H1=0.0%', 'H2=0.0%']
  H_cos: ['0.941', '0.969']
  z_H_delta: ['17.625', '11.000']
  cells: fixed=[0, 0] broken=[0, 0]
  per_ACT_cell_acc: ['H1=87.3%', 'H2=87.5%', 'H3=88.0%', 'H4=90.3%', 'H5=91.2%', 'H6=92.3%', 'H7=93.1%', 'H8=93.6%', 'H9=94.0%', 'H10=94.3%', 'H11=94.4%', 'H12=94.6%', 'H13=94.7%', 'H14=94.8%', 'H15=94.8%', 'H16=94.9%']
  per_ACT_puzzle_acc: ['H1=0.0%', 'H2=0.0%', 'H3=0.0%', 'H4=0.0%', 'H5=0.0%', 'H6=0.0%', 'H7=0.0%', 'H8=0.0%', 'H9=0.0%', 'H10=0.0%', 'H11=0.0%', 'H12=0.4%', 'H13=0.4%', 'H14=0.4%', 'H15=0.4%', 'H16=0.4%']
  mean_sigmoid_q_halt: ['0.000', '0.000', '0.000', '0.000', '0.001', '0.000', '0.001', '0.001', '0.002', '0.002', '0.004', '0.005', '0.007', '0.010', '0.013', '0.016']
  halt_rates: ['0.00', '0.00', '0.00', '0.00', '0.00', '0.00', '0.00', '0.00', '0.00', '0.00', '0.00', '0.00', '0.00', '0.00', '0.00', '0.00']
  halt_histogram %: [0.0, 0.0, 0.0, 0.0, 0.0, 0.0, 0.0, 0.0, 0.0, 0.0, 0.0, 0.0, 0.1, 0.0, 0.0, 99.9]
  Avg ACT steps (last 100): 16.00
  eval_avg_halt_step: 16.00
  per_H_acc: ['H0=0.0%', 'H1=0.0%', 'H2=0.0%']
  H_cos: ['0.941', '0.969']
  z_H_delta: ['17.625', '11.000']
  cells: fixed=[0, 0] broken=[0, 0]
  per_ACT_cell_acc: ['H1=87.3%', 'H2=87.5%', 'H3=88.1%', 'H4=90.5%', 'H5=91.6%', 'H6=92.8%', 'H7=93.7%', 'H8=94.3%', 'H9=94.6%', 'H10=94.8%', 'H11=95.0%', 'H12=95.1%', 'H13=95.2%', 'H14=95.3%', 'H15=95.3%', 'H16=95.4%']
  per_ACT_puzzle_acc: ['H1=0.0%', 'H2=0.0%', 'H3=0.0%', 'H4=0.0%', 'H5=0.0%', 'H6=0.0%', 'H7=0.0%', 'H8=0.0%', 'H9=0.0%', 'H10=0.0%', 'H11=0.0%', 'H12=0.0%', 'H13=0.0%', 'H14=0.0%', 'H15=1.0%', 'H16=1.9%']
  mean_sigmoid_q_halt: ['0.000', '0.000', '0.000', '0.000', '0.001', '0.000', '0.001', '0.001', '0.002', '0.002', '0.004', '0.005', '0.008', '0.011', '0.014', '0.018']
  halt_rates: ['0.00', '0.00', '0.00', '0.00', '0.00', '0.00', '0.00', '0.00', '0.00', '0.00', '0.00', '0.00', '0.00', '0.00', '0.00', '0.00']
  halt_histogram %: [0.0, 0.0, 0.0, 0.0, 0.0, 0.0, 0.0, 0.0, 0.0, 0.0, 0.0, 0.0, 0.1, 0.0, 0.0, 99.9]
  Avg ACT steps (last 100): 16.00
  saved: /home/jvdillon/projects/sic/code/maze/ckpts/x08/step01000.pt acc=95.25% (0.081s)
  saved: /home/jvdillon/projects/sic/code/maze/ckpts/x08/best.pt acc=95.25% (0.163s)
Step  1000  Test 95.25% /  4.30% (halt: 95.25%/ 2.30%)  Train lm=0.7656±0.0330ϵ[0.6992,0.8516] n_halted=7.9360±30.8438ϵ[0.0000,128.0000]  TrainAcc 95.73%/ 4.90% (halt: 95.73%/ 4.90%)  (55.108s / 181.849s)
  n_active=128.0000±0.0000ϵ[128.0000,128.0000] n_expunged=0.0000±0.0000ϵ[0.0000,0.0000] pool_util=1.0000±0.0000ϵ[1.0000,1.0000]
  path_valid=90.50%, exact_match=52.50%
  eval_avg_halt_step: 3.61
  per_H_acc: ['H0=0.0%', 'H1=0.0%', 'H2=0.0%']
  H_cos: ['0.691', '0.840']
  z_H_delta: ['23.250', '17.750']
  cells: fixed=[0, 0] broken=[8, 0]
  per_ACT_cell_acc: ['H1=70.0%', 'H2=87.5%', 'H3=97.2%', 'H4=98.3%', 'H5=98.5%', 'H6=98.6%', 'H7=98.6%', 'H8=98.7%', 'H9=98.7%', 'H10=98.7%', 'H11=98.7%', 'H12=98.7%', 'H13=98.7%', 'H14=98.7%', 'H15=98.7%', 'H16=98.7%']
  per_ACT_puzzle_acc: ['H1=0.0%', 'H2=0.0%', 'H3=0.9%', 'H4=15.5%', 'H5=30.6%', 'H6=37.1%', 'H7=42.2%', 'H8=45.3%', 'H9=47.8%', 'H10=48.3%', 'H11=52.6%', 'H12=52.2%', 'H13=53.4%', 'H14=53.0%', 'H15=53.0%', 'H16=53.0%']
  mean_sigmoid_q_halt: ['0.001', '0.000', '0.005', '0.167', '0.348', '0.475', '0.551', '0.602', '0.633', '0.660', '0.691', '0.707', '0.715', '0.723', '0.738', '0.738']
  halt_rates: ['0.00', '0.00', '0.00', '0.11', '0.38', '0.52', '0.62', '0.67', '0.70', '0.75', '0.81', '0.81', '0.83', '0.83', '0.84', '0.84']
  halt_histogram %: [0.0, 10.9, 11.2, 8.3, 5.1, 3.4, 2.9, 1.9, 1.5, 1.4, 1.1, 1.0, 0.9, 0.6, 0.5, 49.3]
  Avg ACT steps (last 100): 3.90
  eval_avg_halt_step: 3.08
  per_H_acc: ['H0=0.0%', 'H1=0.0%', 'H2=0.0%']
  H_cos: ['0.688', '0.836']
  z_H_delta: ['23.250', '17.750']
  cells: fixed=[0, 0] broken=[4, 0]
  per_ACT_cell_acc: ['H1=69.1%', 'H2=87.4%', 'H3=98.0%', 'H4=98.9%', 'H5=99.1%', 'H6=99.2%', 'H7=99.2%', 'H8=99.2%', 'H9=99.2%', 'H10=99.2%', 'H11=99.3%', 'H12=99.2%', 'H13=99.2%', 'H14=99.2%', 'H15=99.2%', 'H16=99.2%']
  per_ACT_puzzle_acc: ['H1=0.0%', 'H2=0.0%', 'H3=1.9%', 'H4=30.8%', 'H5=47.1%', 'H6=56.7%', 'H7=61.5%', 'H8=63.5%', 'H9=64.4%', 'H10=66.3%', 'H11=67.3%', 'H12=70.2%', 'H13=68.3%', 'H14=69.2%', 'H15=68.3%', 'H16=69.2%']
  mean_sigmoid_q_halt: ['0.001', '0.000', '0.006', '0.260', '0.439', '0.551', '0.633', '0.676', '0.699', '0.719', '0.746', '0.754', '0.754', '0.762', '0.766', '0.770']
  halt_rates: ['0.00', '0.00', '0.00', '0.24', '0.47', '0.58', '0.71', '0.77', '0.79', '0.81', '0.86', '0.85', '0.86', '0.86', '0.86', '0.88']
  halt_histogram %: [0.0, 10.9, 11.2, 8.3, 5.1, 3.4, 2.9, 1.9, 1.5, 1.4, 1.1, 1.0, 0.9, 0.6, 0.5, 49.3]
  Avg ACT steps (last 100): 3.90
  saved: /home/jvdillon/projects/sic/code/maze/ckpts/x08/step01500.pt acc=98.76% (0.080s)
  saved: /home/jvdillon/projects/sic/code/maze/ckpts/x08/best.pt acc=98.76% (0.160s)
Step  1500  Test 98.76% / 59.50% (halt: 98.77%/51.90%)  Train lm=0.6992±0.0119ϵ[0.6797,0.7891] n_halted=21.0760±18.2359ϵ[0.0000,109.0000]  TrainAcc 99.28%/67.80% (halt: 99.29%/67.50%)  (55.403s / 1000.789s)
  n_active=128.0000±0.0000ϵ[128.0000,128.0000] n_expunged=0.0000±0.0000ϵ[0.0000,0.0000] pool_util=1.0000±0.0000ϵ[1.0000,1.0000]
  path_valid=93.10%, exact_match=57.30%
  eval_avg_halt_step: 2.60
  per_H_acc: ['H0=26.5%', 'H1=0.0%', 'H2=0.0%']
  H_cos: ['0.656', '0.891']
  z_H_delta: ['22.000', '15.562']
  cells: fixed=[0, 0] broken=[55328, 19]
  per_ACT_cell_acc: ['H1=60.9%', 'H2=88.2%', 'H3=98.6%', 'H4=99.0%', 'H5=98.9%', 'H6=99.0%', 'H7=99.1%', 'H8=99.1%', 'H9=99.0%', 'H10=99.0%', 'H11=99.0%', 'H12=99.0%', 'H13=99.0%', 'H14=99.0%', 'H15=99.0%', 'H16=99.0%']
  per_ACT_puzzle_acc: ['H1=0.0%', 'H2=0.0%', 'H3=24.6%', 'H4=47.4%', 'H5=49.6%', 'H6=56.0%', 'H7=59.9%', 'H8=62.9%', 'H9=61.2%', 'H10=60.8%', 'H11=60.8%', 'H12=59.9%', 'H13=58.2%', 'H14=57.3%', 'H15=57.3%', 'H16=56.9%']
  mean_sigmoid_q_halt: ['0.000', '0.000', '0.266', '0.594', '0.645', '0.707', '0.742', '0.785', '0.797', '0.809', '0.812', '0.812', '0.805', '0.797', '0.793', '0.793']
  halt_rates: ['0.00', '0.00', '0.20', '0.62', '0.67', '0.73', '0.77', '0.81', '0.84', '0.86', '0.84', '0.86', '0.85', '0.83', '0.82', '0.83']
  halt_histogram %: [8.0, 38.5, 13.7, 6.2, 3.5, 2.2, 1.7, 1.2, 0.9, 0.8, 0.6, 0.5, 0.5, 0.3, 0.3, 21.1]
  Avg ACT steps (last 100): 1.83
  eval_avg_halt_step: 2.18
  per_H_acc: ['H0=26.7%', 'H1=0.0%', 'H2=0.0%']
  H_cos: ['0.656', '0.891']
  z_H_delta: ['22.125', '15.625']
  cells: fixed=[0, 0] broken=[25010, 7]
  per_ACT_cell_acc: ['H1=60.5%', 'H2=88.1%', 'H3=99.4%', 'H4=99.6%', 'H5=99.6%', 'H6=99.6%', 'H7=99.7%', 'H8=99.7%', 'H9=99.7%', 'H10=99.7%', 'H11=99.7%', 'H12=99.7%', 'H13=99.7%', 'H14=99.7%', 'H15=99.7%', 'H16=99.6%']
  per_ACT_puzzle_acc: ['H1=0.0%', 'H2=0.0%', 'H3=41.3%', 'H4=74.0%', 'H5=76.0%', 'H6=80.8%', 'H7=83.7%', 'H8=86.5%', 'H9=87.5%', 'H10=85.6%', 'H11=86.5%', 'H12=85.6%', 'H13=80.8%', 'H14=82.7%', 'H15=80.8%', 'H16=78.8%']
  mean_sigmoid_q_halt: ['0.000', '0.000', '0.406', '0.738', '0.781', '0.812', '0.855', '0.883', '0.895', '0.902', '0.875', '0.859', '0.863', '0.875', '0.863', '0.875']
  halt_rates: ['0.00', '0.00', '0.42', '0.81', '0.81', '0.84', '0.90', '0.90', '0.93', '0.94', '0.91', '0.89', '0.88', '0.93', '0.90', '0.91']
  halt_histogram %: [8.0, 38.5, 13.7, 6.2, 3.5, 2.2, 1.7, 1.2, 0.9, 0.8, 0.6, 0.5, 0.5, 0.3, 0.3, 21.1]
  Avg ACT steps (last 100): 1.83
  saved: /home/jvdillon/projects/sic/code/maze/ckpts/x08/step02000.pt acc=99.03% (0.078s)
  saved: /home/jvdillon/projects/sic/code/maze/ckpts/x08/best.pt acc=99.03% (0.160s)
Step  2000  Test 99.03% / 60.70% (halt: 99.03%/59.00%)  Train lm=0.6797±0.0046ϵ[0.6680,0.6953] n_halted=50.5940±15.1563ϵ[5.0000,87.0000]  TrainAcc 99.55%/71.40% (halt: 99.58%/76.00%)  (54.435s / 857.261s)
  n_active=128.0000±0.0000ϵ[128.0000,128.0000] n_expunged=0.0000±0.0000ϵ[0.0000,0.0000] pool_util=1.0000±0.0000ϵ[1.0000,1.0000]
  path_valid=81.40%, exact_match=67.10%
  eval_avg_halt_step: 3.02
  per_H_acc: ['H0=0.0%', 'H1=0.0%', 'H2=0.0%']
  H_cos: ['0.770', '0.926']
  z_H_delta: ['22.500', '13.125']
  cells: fixed=[0, 0] broken=[0, 0]
  per_ACT_cell_acc: ['H1=86.8%', 'H2=91.0%', 'H3=98.5%', 'H4=98.8%', 'H5=99.0%', 'H6=99.0%', 'H7=99.0%', 'H8=99.1%', 'H9=99.1%', 'H10=99.1%', 'H11=99.1%', 'H12=99.1%', 'H13=99.1%', 'H14=99.1%', 'H15=99.1%', 'H16=99.1%']
  per_ACT_puzzle_acc: ['H1=0.0%', 'H2=0.0%', 'H3=30.2%', 'H4=52.6%', 'H5=61.6%', 'H6=65.1%', 'H7=65.9%', 'H8=65.9%', 'H9=67.2%', 'H10=65.9%', 'H11=66.8%', 'H12=67.2%', 'H13=67.7%', 'H14=66.8%', 'H15=67.2%', 'H16=69.4%']
  mean_sigmoid_q_halt: ['0.000', '0.005', '0.312', '0.551', '0.645', '0.664', '0.680', '0.672', '0.688', '0.691', '0.688', '0.703', '0.719', '0.711', '0.699', '0.707']
  halt_rates: ['0.00', '0.00', '0.25', '0.55', '0.69', '0.72', '0.74', '0.73', '0.74', '0.73', '0.74', '0.75', '0.77', '0.78', '0.77', '0.74']
  halt_histogram %: [21.7, 42.2, 11.8, 4.4, 2.3, 1.4, 1.1, 0.8, 0.6, 0.5, 0.4, 0.3, 0.3, 0.2, 0.2, 11.9]
  Avg ACT steps (last 100): 1.51
  eval_avg_halt_step: 2.11
  per_H_acc: ['H0=0.0%', 'H1=0.0%', 'H2=0.0%']
  H_cos: ['0.770', '0.922']
  z_H_delta: ['22.625', '13.250']
  cells: fixed=[0, 0] broken=[0, 0]
  per_ACT_cell_acc: ['H1=86.8%', 'H2=90.9%', 'H3=99.5%', 'H4=99.7%', 'H5=99.7%', 'H6=99.8%', 'H7=99.8%', 'H8=99.8%', 'H9=99.8%', 'H10=99.8%', 'H11=99.8%', 'H12=99.8%', 'H13=99.8%', 'H14=99.7%', 'H15=99.7%', 'H16=99.8%']
  per_ACT_puzzle_acc: ['H1=0.0%', 'H2=0.0%', 'H3=55.8%', 'H4=76.9%', 'H5=81.7%', 'H6=85.6%', 'H7=87.5%', 'H8=85.6%', 'H9=87.5%', 'H10=88.5%', 'H11=88.5%', 'H12=88.5%', 'H13=85.6%', 'H14=82.7%', 'H15=86.5%', 'H16=82.7%']
  mean_sigmoid_q_halt: ['0.000', '0.005', '0.459', '0.730', '0.773', '0.801', '0.816', '0.812', '0.809', '0.812', '0.805', '0.801', '0.793', '0.785', '0.793', '0.785']
  halt_rates: ['0.00', '0.00', '0.46', '0.79', '0.84', '0.87', '0.89', '0.88', '0.88', '0.88', '0.87', '0.87', '0.86', '0.84', '0.88', '0.87']
  halt_histogram %: [21.7, 42.2, 11.8, 4.4, 2.3, 1.4, 1.1, 0.8, 0.6, 0.5, 0.4, 0.3, 0.3, 0.2, 0.2, 11.9]
  Avg ACT steps (last 100): 1.51
  saved: /home/jvdillon/projects/sic/code/maze/ckpts/x08/step02500.pt acc=99.26% (0.080s)
  saved: /home/jvdillon/projects/sic/code/maze/ckpts/x08/best.pt acc=99.26% (0.160s)
Step  2500  Test 99.26% / 73.10% (halt: 99.28%/71.70%)  Train lm=0.6719±0.0031ϵ[0.6680,0.6914] n_halted=68.7200±13.6809ϵ[18.0000,100.0000]  TrainAcc 99.77%/82.60% (halt: 99.81%/86.80%)  (54.664s / 622.537s)
  n_active=128.0000±0.0000ϵ[128.0000,128.0000] n_expunged=0.0000±0.0000ϵ[0.0000,0.0000] pool_util=1.0000±0.0000ϵ[1.0000,1.0000]
  path_valid=98.00%, exact_match=73.70%
  eval_avg_halt_step: 1.65
  per_H_acc: ['H0=0.3%', 'H1=0.0%', 'H2=0.0%']
  H_cos: ['0.789', '0.898']
  z_H_delta: ['19.500', '18.375']
  cells: fixed=[7, 0] broken=[532, 8]
  per_ACT_cell_acc: ['H1=87.1%', 'H2=90.3%', 'H3=98.9%', 'H4=99.2%', 'H5=99.2%', 'H6=99.2%', 'H7=99.3%', 'H8=99.3%', 'H9=99.3%', 'H10=99.3%', 'H11=99.3%', 'H12=99.3%', 'H13=99.3%', 'H14=99.3%', 'H15=99.3%', 'H16=99.3%']
  per_ACT_puzzle_acc: ['H1=0.0%', 'H2=0.0%', 'H3=44.0%', 'H4=64.7%', 'H5=71.1%', 'H6=73.3%', 'H7=73.7%', 'H8=73.7%', 'H9=74.6%', 'H10=74.6%', 'H11=74.6%', 'H12=74.1%', 'H13=74.1%', 'H14=74.1%', 'H15=74.1%', 'H16=73.7%']
  mean_sigmoid_q_halt: ['0.000', '0.001', '0.531', '0.789', '0.891', '0.926', '0.941', '0.941', '0.949', '0.949', '0.953', '0.953', '0.953', '0.953', '0.957', '0.957']
  halt_rates: ['0.00', '0.00', '0.50', '0.80', '0.91', '0.96', '0.97', '0.98', '0.99', '0.98', '0.99', '0.99', '0.99', '0.98', '0.99', '0.99']
  halt_histogram %: [34.1, 39.8, 9.6, 3.3, 1.7, 1.0, 0.7, 0.5, 0.4, 0.3, 0.2, 0.2, 0.2, 0.1, 0.1, 7.8]
  Avg ACT steps (last 100): 1.43
  eval_avg_halt_step: 1.33
  per_H_acc: ['H0=0.2%', 'H1=0.0%', 'H2=0.0%']
  H_cos: ['0.789', '0.898']
  z_H_delta: ['19.500', '18.500']
  cells: fixed=[0, 0] broken=[227, 1]
  per_ACT_cell_acc: ['H1=87.0%', 'H2=90.3%', 'H3=99.7%', 'H4=99.8%', 'H5=99.9%', 'H6=99.9%', 'H7=99.9%', 'H8=99.9%', 'H9=99.9%', 'H10=99.9%', 'H11=99.9%', 'H12=99.9%', 'H13=99.9%', 'H14=99.9%', 'H15=99.9%', 'H16=99.9%']
  per_ACT_puzzle_acc: ['H1=0.0%', 'H2=0.0%', 'H3=74.0%', 'H4=87.5%', 'H5=91.3%', 'H6=92.3%', 'H7=92.3%', 'H8=93.3%', 'H9=93.3%', 'H10=93.3%', 'H11=93.3%', 'H12=93.3%', 'H13=93.3%', 'H14=93.3%', 'H15=93.3%', 'H16=93.3%']
  mean_sigmoid_q_halt: ['0.000', '0.001', '0.723', '0.879', '0.930', '0.953', '0.957', '0.965', '0.965', '0.965', '0.965', '0.965', '0.965', '0.965', '0.965', '0.965']
  halt_rates: ['0.00', '0.00', '0.75', '0.89', '0.94', '0.98', '0.98', '0.99', '0.99', '0.99', '0.99', '0.99', '0.99', '0.99', '0.99', '0.99']
  halt_histogram %: [34.1, 39.8, 9.6, 3.3, 1.7, 1.0, 0.7, 0.5, 0.4, 0.3, 0.2, 0.2, 0.2, 0.1, 0.1, 7.8]
  Avg ACT steps (last 100): 1.43
  saved: /home/jvdillon/projects/sic/code/maze/ckpts/x08/step03000.pt acc=99.25% (0.078s)
Step  3000  Test 99.25% / 84.70% (halt: 99.22%/70.60%)  Train lm=0.6680±0.0028ϵ[0.6641,0.6914] n_halted=82.8400±12.5093ϵ[34.0000,108.0000]  TrainAcc 99.89%/91.30% (halt: 99.88%/89.80%)  (54.914s / 496.099s)
  n_active=128.0000±0.0000ϵ[128.0000,128.0000] n_expunged=0.0000±0.0000ϵ[0.0000,0.0000] pool_util=1.0000±0.0000ϵ[1.0000,1.0000]
  path_valid=97.10%, exact_match=69.20%
  eval_avg_halt_step: 1.42
  per_H_acc: ['H0=0.0%', 'H1=0.0%', 'H2=0.0%']
  H_cos: ['0.875', '0.922']
  z_H_delta: ['22.500', '15.125']
  cells: fixed=[0, 0] broken=[32, 0]
  per_ACT_cell_acc: ['H1=87.4%', 'H2=91.2%', 'H3=99.1%', 'H4=99.3%', 'H5=99.3%', 'H6=99.3%', 'H7=99.4%', 'H8=99.4%', 'H9=99.4%', 'H10=99.4%', 'H11=99.4%', 'H12=99.4%', 'H13=99.4%', 'H14=99.4%', 'H15=99.4%', 'H16=99.4%']
  per_ACT_puzzle_acc: ['H1=0.0%', 'H2=0.0%', 'H3=50.9%', 'H4=70.3%', 'H5=74.6%', 'H6=75.0%', 'H7=75.9%', 'H8=76.7%', 'H9=75.4%', 'H10=74.6%', 'H11=74.6%', 'H12=75.0%', 'H13=75.0%', 'H14=73.7%', 'H15=74.1%', 'H16=74.6%']
  mean_sigmoid_q_halt: ['0.001', '0.019', '0.691', '0.816', '0.840', '0.867', '0.891', '0.898', '0.895', '0.898', '0.898', '0.902', '0.902', '0.898', '0.902', '0.910']
  halt_rates: ['0.00', '0.00', '0.69', '0.83', '0.88', '0.91', '0.95', '0.94', '0.95', '0.95', '0.95', '0.95', '0.95', '0.95', '0.95', '0.96']
  halt_histogram %: [44.4, 35.5, 7.9, 2.5, 1.3, 0.7, 0.5, 0.4, 0.3, 0.2, 0.2, 0.2, 0.1, 0.1, 0.1, 5.6]
  Avg ACT steps (last 100): 1.24
  eval_avg_halt_step: 1.13
  per_H_acc: ['H0=0.0%', 'H1=0.0%', 'H2=0.0%']
  H_cos: ['0.875', '0.922']
  z_H_delta: ['22.625', '15.250']
  cells: fixed=[1, 0] broken=[0, 1]
  per_ACT_cell_acc: ['H1=87.5%', 'H2=91.5%', 'H3=99.8%', 'H4=99.9%', 'H5=100.0%', 'H6=100.0%', 'H7=100.0%', 'H8=100.0%', 'H9=100.0%', 'H10=100.0%', 'H11=100.0%', 'H12=100.0%', 'H13=100.0%', 'H14=100.0%', 'H15=100.0%', 'H16=100.0%']
  per_ACT_puzzle_acc: ['H1=0.0%', 'H2=0.0%', 'H3=76.9%', 'H4=91.3%', 'H5=96.2%', 'H6=99.0%', 'H7=98.1%', 'H8=98.1%', 'H9=98.1%', 'H10=97.1%', 'H11=98.1%', 'H12=97.1%', 'H13=99.0%', 'H14=97.1%', 'H15=97.1%', 'H16=97.1%']
  mean_sigmoid_q_halt: ['0.001', '0.018', '0.840', '0.895', '0.902', '0.926', '0.934', '0.938', '0.934', '0.934', '0.934', '0.926', '0.938', '0.930', '0.930', '0.926']
  halt_rates: ['0.00', '0.00', '0.87', '0.92', '0.94', '0.98', '0.98', '0.98', '0.98', '0.98', '0.99', '0.97', '0.99', '0.98', '0.97', '0.98']
  halt_histogram %: [44.4, 35.5, 7.9, 2.5, 1.3, 0.7, 0.5, 0.4, 0.3, 0.2, 0.2, 0.2, 0.1, 0.1, 0.1, 5.6]
  Avg ACT steps (last 100): 1.24
  saved: /home/jvdillon/projects/sic/code/maze/ckpts/x08/step03500.pt acc=99.28% (0.078s)
  saved: /home/jvdillon/projects/sic/code/maze/ckpts/x08/best.pt acc=99.28% (0.161s)
Step  3500  Test 99.28% / 87.70% (halt: 99.26%/67.80%)  Train lm=0.6680±0.0026ϵ[0.6641,0.6875] n_halted=93.6980±11.0053ϵ[50.0000,114.0000]  TrainAcc 99.86%/87.30% (halt: 99.90%/88.10%)  (54.723s / 448.829s)
  n_active=128.0000±0.0000ϵ[128.0000,128.0000] n_expunged=0.0000±0.0000ϵ[0.0000,0.0000] pool_util=1.0000±0.0000ϵ[1.0000,1.0000]
  path_valid=95.70%, exact_match=74.80%
  eval_avg_halt_step: 1.61
  per_H_acc: ['H0=0.0%', 'H1=0.0%', 'H2=0.0%']
  H_cos: ['0.883', '0.922']
  z_H_delta: ['21.500', '14.250']
  cells: fixed=[0, 0] broken=[47, 0]
  per_ACT_cell_acc: ['H1=85.2%', 'H2=90.4%', 'H3=98.8%', 'H4=99.0%', 'H5=99.1%', 'H6=99.1%', 'H7=99.1%', 'H8=99.2%', 'H9=99.2%', 'H10=99.2%', 'H11=99.2%', 'H12=99.2%', 'H13=99.2%', 'H14=99.2%', 'H15=99.2%', 'H16=99.2%']
  per_ACT_puzzle_acc: ['H1=0.0%', 'H2=0.0%', 'H3=49.1%', 'H4=64.7%', 'H5=69.8%', 'H6=72.0%', 'H7=72.0%', 'H8=73.3%', 'H9=73.3%', 'H10=74.1%', 'H11=74.1%', 'H12=74.1%', 'H13=74.1%', 'H14=73.7%', 'H15=74.6%', 'H16=74.1%']
  mean_sigmoid_q_halt: ['0.001', '0.010', '0.594', '0.762', '0.832', '0.875', '0.887', '0.910', '0.922', '0.922', '0.918', '0.930', '0.934', '0.930', '0.926', '0.930']
  halt_rates: ['0.00', '0.00', '0.56', '0.75', '0.85', '0.89', '0.91', '0.94', '0.96', '0.95', '0.94', '0.96', '0.97', '0.97', '0.96', '0.96']
  halt_histogram %: [50.7, 32.6, 6.9, 2.1, 1.0, 0.6, 0.4, 0.3, 0.2, 0.2, 0.1, 0.1, 0.1, 0.1, 0.1, 4.4]
  Avg ACT steps (last 100): 1.35
  eval_avg_halt_step: 1.21
  per_H_acc: ['H0=0.0%', 'H1=0.0%', 'H2=0.0%']
  H_cos: ['0.883', '0.918']
  z_H_delta: ['21.500', '14.500']
  cells: fixed=[0, 0] broken=[11, 0]
  per_ACT_cell_acc: ['H1=85.5%', 'H2=90.5%', 'H3=99.8%', 'H4=99.9%', 'H5=99.9%', 'H6=99.9%', 'H7=99.9%', 'H8=99.9%', 'H9=99.9%', 'H10=99.9%', 'H11=99.9%', 'H12=99.9%', 'H13=99.9%', 'H14=99.9%', 'H15=99.9%', 'H16=99.9%']
  per_ACT_puzzle_acc: ['H1=0.0%', 'H2=0.0%', 'H3=76.9%', 'H4=84.6%', 'H5=90.4%', 'H6=92.3%', 'H7=95.2%', 'H8=95.2%', 'H9=95.2%', 'H10=95.2%', 'H11=95.2%', 'H12=95.2%', 'H13=94.2%', 'H14=93.3%', 'H15=92.3%', 'H16=92.3%']
  mean_sigmoid_q_halt: ['0.001', '0.010', '0.781', '0.875', '0.887', '0.914', '0.949', '0.957', '0.961', '0.953', '0.957', '0.961', '0.957', '0.953', '0.941', '0.949']
  halt_rates: ['0.00', '0.00', '0.81', '0.88', '0.90', '0.93', '0.98', '0.98', '0.99', '0.98', '0.99', '1.00', '0.98', '0.99', '0.97', '0.98']
  halt_histogram %: [50.7, 32.6, 6.9, 2.1, 1.0, 0.6, 0.4, 0.3, 0.2, 0.2, 0.1, 0.1, 0.1, 0.1, 0.1, 4.4]
  Avg ACT steps (last 100): 1.35
  saved: /home/jvdillon/projects/sic/code/maze/ckpts/x08/step04000.pt acc=99.26% (0.080s)
Step  4000  Test 99.26% / 87.30% (halt: 99.24%/70.70%)  Train lm=0.6680±0.0024ϵ[0.6641,0.6797] n_halted=94.7240±12.2631ϵ[23.0000,115.0000]  TrainAcc 99.91%/91.70% (halt: 99.91%/90.70%)  (54.946s / 453.586s)
  n_active=128.0000±0.0000ϵ[128.0000,128.0000] n_expunged=0.0000±0.0000ϵ[0.0000,0.0000] pool_util=1.0000±0.0000ϵ[1.0000,1.0000]
  path_valid=97.40%, exact_match=79.30%
  eval_avg_halt_step: 1.55
  per_H_acc: ['H0=10.4%', 'H1=0.0%', 'H2=0.0%']
  H_cos: ['0.844', '0.883']
  z_H_delta: ['24.375', '16.750']
  cells: fixed=[0, 0] broken=[21757, 8]
  per_ACT_cell_acc: ['H1=76.9%', 'H2=87.8%', 'H3=99.0%', 'H4=99.3%', 'H5=99.3%', 'H6=99.3%', 'H7=99.3%', 'H8=99.4%', 'H9=99.4%', 'H10=99.4%', 'H11=99.4%', 'H12=99.4%', 'H13=99.4%', 'H14=99.4%', 'H15=99.4%', 'H16=99.4%']
  per_ACT_puzzle_acc: ['H1=0.0%', 'H2=0.0%', 'H3=52.6%', 'H4=68.5%', 'H5=72.4%', 'H6=75.0%', 'H7=76.3%', 'H8=77.2%', 'H9=77.6%', 'H10=77.6%', 'H11=78.0%', 'H12=78.4%', 'H13=78.0%', 'H14=78.0%', 'H15=78.4%', 'H16=78.4%']
  mean_sigmoid_q_halt: ['0.002', '0.022', '0.695', '0.836', '0.898', '0.918', '0.938', '0.953', '0.961', '0.957', '0.961', '0.957', '0.957', '0.961', '0.957', '0.957']
  halt_rates: ['0.00', '0.00', '0.71', '0.86', '0.92', '0.93', '0.95', '0.97', '0.98', '0.97', '0.97', '0.97', '0.98', '0.98', '0.98', '0.97']
  halt_histogram %: [55.8, 30.0, 6.1, 1.8, 0.8, 0.5, 0.4, 0.3, 0.2, 0.2, 0.1, 0.1, 0.1, 0.1, 0.1, 3.5]
  Avg ACT steps (last 100): 1.22
  eval_avg_halt_step: 1.16
  per_H_acc: ['H0=10.8%', 'H1=0.0%', 'H2=0.0%']
  H_cos: ['0.848', '0.879']
  z_H_delta: ['24.375', '16.750']
  cells: fixed=[4, 0] broken=[10096, 7]
  per_ACT_cell_acc: ['H1=76.5%', 'H2=87.6%', 'H3=99.8%', 'H4=99.9%', 'H5=99.9%', 'H6=99.9%', 'H7=100.0%', 'H8=100.0%', 'H9=100.0%', 'H10=99.9%', 'H11=99.9%', 'H12=99.9%', 'H13=99.9%', 'H14=99.9%', 'H15=100.0%', 'H16=100.0%']
  per_ACT_puzzle_acc: ['H1=0.0%', 'H2=0.0%', 'H3=82.7%', 'H4=92.3%', 'H5=97.1%', 'H6=96.2%', 'H7=98.1%', 'H8=98.1%', 'H9=97.1%', 'H10=98.1%', 'H11=97.1%', 'H12=97.1%', 'H13=96.2%', 'H14=96.2%', 'H15=96.2%', 'H16=96.2%']
  mean_sigmoid_q_halt: ['0.002', '0.017', '0.852', '0.938', '0.965', '0.973', '0.977', '0.980', '0.977', '0.973', '0.977', '0.969', '0.965', '0.961', '0.957', '0.957']
  halt_rates: ['0.00', '0.00', '0.86', '0.95', '0.98', '0.99', '0.99', '0.99', '0.99', '0.98', '0.99', '0.98', '0.97', '0.98', '0.97', '0.96']
  halt_histogram %: [55.8, 30.0, 6.1, 1.8, 0.8, 0.5, 0.4, 0.3, 0.2, 0.2, 0.1, 0.1, 0.1, 0.1, 0.1, 3.5]
  Avg ACT steps (last 100): 1.22
  saved: /home/jvdillon/projects/sic/code/maze/ckpts/x08/step04500.pt acc=99.34% (0.079s)
  saved: /home/jvdillon/projects/sic/code/maze/ckpts/x08/best.pt acc=99.34% (0.162s)
Step  4500  Test 99.34% / 89.00% (halt: 99.25%/68.30%)  Train lm=0.6680±0.0022ϵ[0.6641,0.6797] n_halted=100.4400±8.9621ϵ[55.0000,120.0000]  TrainAcc 99.92%/96.60% (halt: 99.90%/89.80%)  (55.015s / 415.621s)
  n_active=128.0000±0.0000ϵ[128.0000,128.0000] n_expunged=0.0000±0.0000ϵ[0.0000,0.0000] pool_util=1.0000±0.0000ϵ[1.0000,1.0000]
  path_valid=99.40%, exact_match=83.40%
  eval_avg_halt_step: 1.27
  per_H_acc: ['H0=0.4%', 'H1=0.0%', 'H2=0.0%']
  H_cos: ['0.824', '0.926']
  z_H_delta: ['22.750', '17.000']
  cells: fixed=[6, 1] broken=[845, 10]
  per_ACT_cell_acc: ['H1=86.9%', 'H2=93.6%', 'H3=99.2%', 'H4=99.4%', 'H5=99.4%', 'H6=99.5%', 'H7=99.5%', 'H8=99.5%', 'H9=99.5%', 'H10=99.5%', 'H11=99.5%', 'H12=99.5%', 'H13=99.5%', 'H14=99.5%', 'H15=99.5%', 'H16=99.5%']
  per_ACT_puzzle_acc: ['H1=0.0%', 'H2=0.0%', 'H3=63.8%', 'H4=76.3%', 'H5=78.4%', 'H6=79.3%', 'H7=81.0%', 'H8=81.0%', 'H9=80.6%', 'H10=80.6%', 'H11=80.6%', 'H12=81.0%', 'H13=81.0%', 'H14=81.5%', 'H15=81.5%', 'H16=81.5%']
  mean_sigmoid_q_halt: ['0.003', '0.074', '0.719', '0.867', '0.906', '0.918', '0.941', '0.945', '0.941', '0.941', '0.949', '0.949', '0.949', '0.945', '0.953', '0.945']
  halt_rates: ['0.00', '0.00', '0.73', '0.91', '0.95', '0.96', '0.99', '0.99', '0.99', '0.98', '1.00', '0.99', '1.00', '0.99', '1.00', '0.99']
  halt_histogram %: [59.9, 27.9, 5.4, 1.5, 0.7, 0.4, 0.3, 0.2, 0.2, 0.1, 0.1, 0.1, 0.1, 0.0, 0.0, 3.0]
  Avg ACT steps (last 100): 1.27
  eval_avg_halt_step: 1.07
  per_H_acc: ['H0=0.4%', 'H1=0.0%', 'H2=0.0%']
  H_cos: ['0.828', '0.922']
  z_H_delta: ['22.750', '17.250']
  cells: fixed=[3, 0] broken=[394, 3]
  per_ACT_cell_acc: ['H1=86.9%', 'H2=94.0%', 'H3=99.9%', 'H4=100.0%', 'H5=100.0%', 'H6=100.0%', 'H7=100.0%', 'H8=100.0%', 'H9=100.0%', 'H10=100.0%', 'H11=100.0%', 'H12=100.0%', 'H13=100.0%', 'H14=100.0%', 'H15=100.0%', 'H16=100.0%']
  per_ACT_puzzle_acc: ['H1=0.0%', 'H2=0.0%', 'H3=92.3%', 'H4=98.1%', 'H5=99.0%', 'H6=100.0%', 'H7=100.0%', 'H8=100.0%', 'H9=100.0%', 'H10=100.0%', 'H11=100.0%', 'H12=100.0%', 'H13=100.0%', 'H14=100.0%', 'H15=100.0%', 'H16=100.0%']
  mean_sigmoid_q_halt: ['0.003', '0.074', '0.902', '0.953', '0.957', '0.961', '0.961', '0.961', '0.961', '0.961', '0.961', '0.961', '0.961', '0.961', '0.961', '0.961']
  halt_rates: ['0.00', '0.00', '0.93', '0.98', '0.99', '1.00', '1.00', '1.00', '1.00', '1.00', '1.00', '1.00', '1.00', '1.00', '1.00', '1.00']
  halt_histogram %: [59.9, 27.9, 5.4, 1.5, 0.7, 0.4, 0.3, 0.2, 0.2, 0.1, 0.1, 0.1, 0.1, 0.0, 0.0, 3.0]
  Avg ACT steps (last 100): 1.27
  saved: /home/jvdillon/projects/sic/code/maze/ckpts/x08/step05000.pt acc=99.50% (0.079s)
  saved: /home/jvdillon/projects/sic/code/maze/ckpts/x08/best.pt acc=99.50% (0.161s)
Step  5000  Test 99.50% / 89.80% (halt: 99.45%/76.50%)  Train lm=0.6641±0.0020ϵ[0.6641,0.6758] n_halted=104.0040±7.8191ϵ[66.0000,118.0000]  TrainAcc 99.98%/98.90% (halt: 99.96%/93.30%)  (55.018s / 392.369s)
  n_active=128.0000±0.0000ϵ[128.0000,128.0000] n_expunged=0.0000±0.0000ϵ[0.0000,0.0000] pool_util=1.0000±0.0000ϵ[1.0000,1.0000]
  path_valid=95.60%, exact_match=81.50%
  eval_avg_halt_step: 1.41
  per_H_acc: ['H0=0.0%', 'H1=0.0%', 'H2=0.0%']
  H_cos: ['0.887', '0.914']
  z_H_delta: ['22.250', '17.750']
  cells: fixed=[0, 0] broken=[11, 0]
  per_ACT_cell_acc: ['H1=87.5%', 'H2=92.5%', 'H3=99.2%', 'H4=99.4%', 'H5=99.5%', 'H6=99.5%', 'H7=99.5%', 'H8=99.5%', 'H9=99.5%', 'H10=99.5%', 'H11=99.5%', 'H12=99.4%', 'H13=99.4%', 'H14=99.5%', 'H15=99.5%', 'H16=99.5%']
  per_ACT_puzzle_acc: ['H1=0.0%', 'H2=0.0%', 'H3=60.8%', 'H4=78.9%', 'H5=81.9%', 'H6=83.2%', 'H7=81.5%', 'H8=81.5%', 'H9=80.6%', 'H10=81.0%', 'H11=80.2%', 'H12=81.0%', 'H13=80.6%', 'H14=81.0%', 'H15=80.2%', 'H16=79.7%']
  mean_sigmoid_q_halt: ['0.009', '0.021', '0.668', '0.883', '0.926', '0.938', '0.945', '0.949', '0.949', '0.957', '0.957', '0.949', '0.949', '0.953', '0.957', '0.953']
  halt_rates: ['0.00', '0.00', '0.67', '0.91', '0.96', '0.96', '0.97', '0.98', '0.98', '0.98', '0.98', '0.97', '0.97', '0.97', '0.98', '0.97']
  halt_histogram %: [63.0, 26.1, 4.9, 1.4, 0.6, 0.4, 0.3, 0.2, 0.1, 0.1, 0.1, 0.1, 0.1, 0.0, 0.0, 2.5]
  Avg ACT steps (last 100): 1.17
  eval_avg_halt_step: 1.08
  per_H_acc: ['H0=0.0%', 'H1=0.0%', 'H2=0.0%']
  H_cos: ['0.887', '0.910']
  z_H_delta: ['22.250', '17.875']
  cells: fixed=[0, 0] broken=[10, 0]
  per_ACT_cell_acc: ['H1=87.3%', 'H2=92.8%', 'H3=100.0%', 'H4=100.0%', 'H5=100.0%', 'H6=100.0%', 'H7=100.0%', 'H8=100.0%', 'H9=100.0%', 'H10=100.0%', 'H11=100.0%', 'H12=100.0%', 'H13=100.0%', 'H14=100.0%', 'H15=100.0%', 'H16=100.0%']
  per_ACT_puzzle_acc: ['H1=0.0%', 'H2=0.0%', 'H3=91.3%', 'H4=97.1%', 'H5=97.1%', 'H6=97.1%', 'H7=96.2%', 'H8=96.2%', 'H9=96.2%', 'H10=96.2%', 'H11=95.2%', 'H12=96.2%', 'H13=95.2%', 'H14=94.2%', 'H15=94.2%', 'H16=96.2%']
  mean_sigmoid_q_halt: ['0.009', '0.021', '0.914', '0.973', '0.973', '0.977', '0.965', '0.965', '0.957', '0.957', '0.965', '0.961', '0.953', '0.957', '0.953', '0.965']
  halt_rates: ['0.00', '0.00', '0.93', '0.98', '0.99', '0.99', '0.99', '0.98', '0.98', '0.99', '1.00', '0.99', '0.98', '0.98', '0.97', '1.00']
  halt_histogram %: [63.0, 26.1, 4.9, 1.4, 0.6, 0.4, 0.3, 0.2, 0.1, 0.1, 0.1, 0.1, 0.1, 0.0, 0.0, 2.5]
  Avg ACT steps (last 100): 1.17
  saved: /home/jvdillon/projects/sic/code/maze/ckpts/x08/step05500.pt acc=99.48% (0.082s)
Step  5500  Test 99.48% / 88.80% (halt: 99.50%/80.90%)  Train lm=0.6641±0.0021ϵ[0.6641,0.6797] n_halted=105.2680±7.8913ϵ[61.0000,122.0000]  TrainAcc 99.95%/94.40% (halt: 99.98%/96.80%)  (54.922s / 381.544s)
  n_active=128.0000±0.0000ϵ[128.0000,128.0000] n_expunged=0.0000±0.0000ϵ[0.0000,0.0000] pool_util=1.0000±0.0000ϵ[1.0000,1.0000]
  path_valid=99.00%, exact_match=78.40%
  eval_avg_halt_step: 1.47
  per_H_acc: ['H0=0.0%', 'H1=0.0%', 'H2=0.0%']
  H_cos: ['0.746', '0.883']
  z_H_delta: ['22.125', '19.000']
  cells: fixed=[0, 0] broken=[0, 0]
  per_ACT_cell_acc: ['H1=58.2%', 'H2=90.4%', 'H3=99.3%', 'H4=99.4%', 'H5=99.4%', 'H6=99.4%', 'H7=99.4%', 'H8=99.4%', 'H9=99.4%', 'H10=99.4%', 'H11=99.4%', 'H12=99.4%', 'H13=99.4%', 'H14=99.4%', 'H15=99.4%', 'H16=99.4%']
  per_ACT_puzzle_acc: ['H1=0.0%', 'H2=0.0%', 'H3=67.7%', 'H4=80.2%', 'H5=81.0%', 'H6=80.2%', 'H7=79.3%', 'H8=79.7%', 'H9=78.9%', 'H10=78.0%', 'H11=78.4%', 'H12=78.4%', 'H13=77.6%', 'H14=76.3%', 'H15=77.2%', 'H16=76.7%']
  mean_sigmoid_q_halt: ['0.016', '0.050', '0.742', '0.902', '0.898', '0.871', '0.852', '0.848', '0.832', '0.828', '0.832', '0.828', '0.832', '0.824', '0.828', '0.832']
  halt_rates: ['0.00', '0.00', '0.74', '0.93', '0.93', '0.91', '0.89', '0.90', '0.87', '0.87', '0.85', '0.85', '0.86', '0.85', '0.86', '0.87']
  halt_histogram %: [65.0, 25.2, 4.6, 1.2, 0.6, 0.3, 0.2, 0.2, 0.1, 0.1, 0.1, 0.1, 0.1, 0.0, 0.0, 2.2]
  Avg ACT steps (last 100): 1.23
  eval_avg_halt_step: 1.09
  per_H_acc: ['H0=0.0%', 'H1=0.0%', 'H2=0.0%']
  H_cos: ['0.750', '0.879']
  z_H_delta: ['22.125', '19.250']
  cells: fixed=[0, 0] broken=[0, 0]
  per_ACT_cell_acc: ['H1=58.1%', 'H2=90.3%', 'H3=99.9%', 'H4=99.9%', 'H5=99.9%', 'H6=99.9%', 'H7=99.9%', 'H8=99.9%', 'H9=99.9%', 'H10=99.9%', 'H11=99.9%', 'H12=99.9%', 'H13=99.9%', 'H14=99.9%', 'H15=99.9%', 'H16=99.9%']
  per_ACT_puzzle_acc: ['H1=0.0%', 'H2=0.0%', 'H3=96.2%', 'H4=98.1%', 'H5=99.0%', 'H6=99.0%', 'H7=99.0%', 'H8=98.1%', 'H9=97.1%', 'H10=98.1%', 'H11=98.1%', 'H12=97.1%', 'H13=98.1%', 'H14=96.2%', 'H15=97.1%', 'H16=96.2%']
  mean_sigmoid_q_halt: ['0.016', '0.051', '0.945', '0.977', '0.961', '0.918', '0.926', '0.922', '0.918', '0.922', '0.918', '0.906', '0.910', '0.898', '0.898', '0.891']
  halt_rates: ['0.00', '0.00', '0.97', '0.99', '0.99', '0.96', '0.97', '0.96', '0.95', '0.95', '0.96', '0.94', '0.95', '0.94', '0.93', '0.92']
  halt_histogram %: [65.0, 25.2, 4.6, 1.2, 0.6, 0.3, 0.2, 0.2, 0.1, 0.1, 0.1, 0.1, 0.1, 0.0, 0.0, 2.2]
  Avg ACT steps (last 100): 1.23
  saved: /home/jvdillon/projects/sic/code/maze/ckpts/x08/step06000.pt acc=99.41% (0.077s)
Step  6000  Test 99.41% / 87.00% (halt: 99.40%/79.50%)  Train lm=0.6641±0.0023ϵ[0.6641,0.6758] n_halted=102.4520±10.4997ϵ[58.0000,120.0000]  TrainAcc 99.95%/94.20% (halt: 99.96%/97.80%)  (54.918s / 384.444s)
  n_active=128.0000±0.0000ϵ[128.0000,128.0000] n_expunged=0.0000±0.0000ϵ[0.0000,0.0000] pool_util=1.0000±0.0000ϵ[1.0000,1.0000]
  path_valid=99.20%, exact_match=84.10%
  eval_avg_halt_step: 1.30
  per_H_acc: ['H0=0.0%', 'H1=0.0%', 'H2=0.0%']
  H_cos: ['0.805', '0.895']
  z_H_delta: ['22.125', '19.000']
  cells: fixed=[0, 0] broken=[46, 0]
  per_ACT_cell_acc: ['H1=64.6%', 'H2=92.3%', 'H3=99.2%', 'H4=99.3%', 'H5=99.3%', 'H6=99.3%', 'H7=99.3%', 'H8=99.3%', 'H9=99.3%', 'H10=99.3%', 'H11=99.3%', 'H12=99.3%', 'H13=99.3%', 'H14=99.3%', 'H15=99.3%', 'H16=99.3%']
  per_ACT_puzzle_acc: ['H1=0.0%', 'H2=0.0%', 'H3=63.8%', 'H4=75.4%', 'H5=78.9%', 'H6=79.7%', 'H7=80.2%', 'H8=80.2%', 'H9=80.2%', 'H10=80.2%', 'H11=81.0%', 'H12=81.0%', 'H13=81.0%', 'H14=81.0%', 'H15=81.0%', 'H16=80.6%']
  mean_sigmoid_q_halt: ['0.018', '0.031', '0.754', '0.887', '0.926', '0.941', '0.953', '0.949', '0.957', '0.957', '0.969', '0.965', '0.969', '0.965', '0.969', '0.969']
  halt_rates: ['0.00', '0.00', '0.76', '0.89', '0.94', '0.97', '0.97', '0.97', '0.98', '0.98', '0.99', '0.99', '1.00', '0.98', '0.99', '0.99']
  halt_histogram %: [67.2, 23.9, 4.3, 1.1, 0.5, 0.3, 0.2, 0.1, 0.1, 0.1, 0.1, 0.1, 0.1, 0.0, 0.0, 2.0]
  Avg ACT steps (last 100): 1.27
  eval_avg_halt_step: 1.08
  per_H_acc: ['H0=0.0%', 'H1=0.0%', 'H2=0.0%']
  H_cos: ['0.805', '0.895']
  z_H_delta: ['22.125', '19.125']
  cells: fixed=[0, 0] broken=[15, 0]
  per_ACT_cell_acc: ['H1=64.8%', 'H2=93.0%', 'H3=100.0%', 'H4=100.0%', 'H5=100.0%', 'H6=100.0%', 'H7=100.0%', 'H8=100.0%', 'H9=100.0%', 'H10=100.0%', 'H11=100.0%', 'H12=100.0%', 'H13=100.0%', 'H14=100.0%', 'H15=100.0%', 'H16=100.0%']
  per_ACT_puzzle_acc: ['H1=0.0%', 'H2=0.0%', 'H3=92.3%', 'H4=98.1%', 'H5=99.0%', 'H6=99.0%', 'H7=99.0%', 'H8=99.0%', 'H9=99.0%', 'H10=99.0%', 'H11=99.0%', 'H12=99.0%', 'H13=99.0%', 'H14=99.0%', 'H15=99.0%', 'H16=99.0%']
  mean_sigmoid_q_halt: ['0.018', '0.032', '0.945', '0.988', '0.980', '0.988', '0.988', '0.984', '0.984', '0.984', '0.984', '0.980', '0.980', '0.977', '0.977', '0.977']
  halt_rates: ['0.00', '0.00', '0.95', '1.00', '0.99', '1.00', '1.00', '1.00', '1.00', '1.00', '1.00', '1.00', '0.99', '0.99', '0.99', '0.99']
  halt_histogram %: [67.2, 23.9, 4.3, 1.1, 0.5, 0.3, 0.2, 0.1, 0.1, 0.1, 0.1, 0.1, 0.1, 0.0, 0.0, 2.0]
  Avg ACT steps (last 100): 1.27
  saved: /home/jvdillon/projects/sic/code/maze/ckpts/x08/step06500.pt acc=99.48% (0.078s)
Step  6500  Test 99.48% / 89.90% (halt: 99.45%/78.80%)  Train lm=0.6641±0.0016ϵ[0.6641,0.6719] n_halted=107.6280±6.5879ϵ[77.0000,121.0000]  TrainAcc 99.97%/97.10% (halt: 99.96%/96.00%)  (54.877s / 393.139s)
  n_active=128.0000±0.0000ϵ[128.0000,128.0000] n_expunged=0.0000±0.0000ϵ[0.0000,0.0000] pool_util=1.0000±0.0000ϵ[1.0000,1.0000]
  path_valid=99.60%, exact_match=80.50%
  eval_avg_halt_step: 1.20
  per_H_acc: ['H0=17.5%', 'H1=0.0%', 'H2=0.0%']
  H_cos: ['0.816', '0.867']
  z_H_delta: ['22.375', '21.500']
  cells: fixed=[5, 0] broken=[36624, 7]
  per_ACT_cell_acc: ['H1=60.8%', 'H2=91.4%', 'H3=99.3%', 'H4=99.4%', 'H5=99.4%', 'H6=99.4%', 'H7=99.5%', 'H8=99.5%', 'H9=99.5%', 'H10=99.5%', 'H11=99.4%', 'H12=99.4%', 'H13=99.5%', 'H14=99.5%', 'H15=99.5%', 'H16=99.5%']
  per_ACT_puzzle_acc: ['H1=0.0%', 'H2=0.0%', 'H3=64.2%', 'H4=78.0%', 'H5=83.2%', 'H6=83.6%', 'H7=84.1%', 'H8=84.1%', 'H9=84.1%', 'H10=84.1%', 'H11=84.1%', 'H12=83.6%', 'H13=83.2%', 'H14=83.2%', 'H15=82.8%', 'H16=82.8%']
  mean_sigmoid_q_halt: ['0.010', '0.059', '0.785', '0.879', '0.934', '0.953', '0.965', '0.969', '0.973', '0.969', '0.969', '0.969', '0.965', '0.969', '0.973', '0.973']
  halt_rates: ['0.00', '0.00', '0.81', '0.92', '0.97', '0.99', '1.00', '1.00', '1.00', '1.00', '1.00', '0.99', '0.99', '1.00', '1.00', '1.00']
  halt_histogram %: [68.9, 22.8, 4.0, 1.0, 0.5, 0.3, 0.2, 0.1, 0.1, 0.1, 0.1, 0.1, 0.0, 0.0, 0.0, 1.8]
  Avg ACT steps (last 100): 1.10
  eval_avg_halt_step: 1.04
  per_H_acc: ['H0=17.0%', 'H1=0.0%', 'H2=0.0%']
  H_cos: ['0.816', '0.859']
  z_H_delta: ['22.375', '21.750']
  cells: fixed=[1, 0] broken=[15890, 3]
  per_ACT_cell_acc: ['H1=61.4%', 'H2=91.2%', 'H3=99.9%', 'H4=100.0%', 'H5=100.0%', 'H6=100.0%', 'H7=100.0%', 'H8=100.0%', 'H9=100.0%', 'H10=100.0%', 'H11=100.0%', 'H12=100.0%', 'H13=100.0%', 'H14=100.0%', 'H15=100.0%', 'H16=100.0%']
  per_ACT_puzzle_acc: ['H1=0.0%', 'H2=0.0%', 'H3=90.4%', 'H4=97.1%', 'H5=97.1%', 'H6=98.1%', 'H7=98.1%', 'H8=98.1%', 'H9=97.1%', 'H10=97.1%', 'H11=98.1%', 'H12=98.1%', 'H13=98.1%', 'H14=97.1%', 'H15=97.1%', 'H16=98.1%']
  mean_sigmoid_q_halt: ['0.010', '0.055', '0.938', '0.965', '0.969', '0.973', '0.973', '0.973', '0.969', '0.965', '0.961', '0.965', '0.961', '0.965', '0.961', '0.965']
  halt_rates: ['0.00', '0.00', '0.98', '0.99', '0.99', '1.00', '1.00', '1.00', '1.00', '1.00', '0.99', '0.99', '0.99', '1.00', '0.99', '1.00']
  halt_histogram %: [68.9, 22.8, 4.0, 1.0, 0.5, 0.3, 0.2, 0.1, 0.1, 0.1, 0.1, 0.1, 0.0, 0.0, 0.0, 1.8]
  Avg ACT steps (last 100): 1.10
  saved: /home/jvdillon/projects/sic/code/maze/ckpts/x08/step07000.pt acc=99.49% (0.077s)
Step  7000  Test 99.49% / 92.90% (halt: 99.44%/76.10%)  Train lm=0.6641±0.0023ϵ[0.6641,0.6914] n_halted=107.6220±9.0876ϵ[26.0000,120.0000]  TrainAcc 99.98%/96.00% (halt: 99.96%/94.70%)  (54.896s / 369.500s)
  n_active=128.0000±0.0000ϵ[128.0000,128.0000] n_expunged=0.0000±0.0000ϵ[0.0000,0.0000] pool_util=1.0000±0.0000ϵ[1.0000,1.0000]
  path_valid=99.40%, exact_match=65.60%
  eval_avg_halt_step: 1.33
  per_H_acc: ['H0=0.0%', 'H1=0.0%', 'H2=0.0%']
  H_cos: ['0.809', '0.922']
  z_H_delta: ['23.875', '17.250']
  cells: fixed=[0, 0] broken=[0, 0]
  per_ACT_cell_acc: ['H1=75.3%', 'H2=94.4%', 'H3=99.2%', 'H4=99.3%', 'H5=99.3%', 'H6=99.3%', 'H7=99.3%', 'H8=99.3%', 'H9=99.3%', 'H10=99.3%', 'H11=99.3%', 'H12=99.3%', 'H13=99.3%', 'H14=99.3%', 'H15=99.3%', 'H16=99.3%']
  per_ACT_puzzle_acc: ['H1=0.0%', 'H2=0.0%', 'H3=69.4%', 'H4=76.7%', 'H5=77.6%', 'H6=78.9%', 'H7=78.0%', 'H8=78.4%', 'H9=75.4%', 'H10=73.7%', 'H11=72.4%', 'H12=71.1%', 'H13=69.0%', 'H14=65.5%', 'H15=65.9%', 'H16=65.1%']
  mean_sigmoid_q_halt: ['0.017', '0.060', '0.781', '0.855', '0.887', '0.906', '0.926', '0.934', '0.938', '0.938', '0.938', '0.938', '0.938', '0.938', '0.938', '0.941']
  halt_rates: ['0.00', '0.00', '0.78', '0.90', '0.94', '0.95', '0.97', '0.98', '0.99', '0.98', '0.98', '0.98', '0.98', '0.98', '0.98', '0.99']
  halt_histogram %: [70.1, 22.2, 3.8, 1.0, 0.4, 0.2, 0.2, 0.1, 0.1, 0.1, 0.1, 0.0, 0.0, 0.0, 0.0, 1.6]
  Avg ACT steps (last 100): 1.15
  eval_avg_halt_step: 1.03
  per_H_acc: ['H0=0.0%', 'H1=0.0%', 'H2=0.0%']
  H_cos: ['0.809', '0.922']
  z_H_delta: ['23.875', '17.375']
  cells: fixed=[0, 0] broken=[0, 0]
  per_ACT_cell_acc: ['H1=75.1%', 'H2=94.9%', 'H3=100.0%', 'H4=100.0%', 'H5=100.0%', 'H6=100.0%', 'H7=100.0%', 'H8=100.0%', 'H9=100.0%', 'H10=100.0%', 'H11=100.0%', 'H12=100.0%', 'H13=99.9%', 'H14=99.9%', 'H15=99.9%', 'H16=99.9%']
  per_ACT_puzzle_acc: ['H1=0.0%', 'H2=0.0%', 'H3=95.2%', 'H4=97.1%', 'H5=98.1%', 'H6=98.1%', 'H7=99.0%', 'H8=99.0%', 'H9=98.1%', 'H10=96.2%', 'H11=96.2%', 'H12=95.2%', 'H13=93.3%', 'H14=87.5%', 'H15=86.5%', 'H16=85.6%']
  mean_sigmoid_q_halt: ['0.017', '0.061', '0.953', '0.953', '0.957', '0.957', '0.961', '0.961', '0.961', '0.961', '0.953', '0.957', '0.953', '0.953', '0.953', '0.957']
  halt_rates: ['0.00', '0.00', '0.96', '0.97', '1.00', '0.99', '1.00', '1.00', '1.00', '1.00', '0.98', '0.99', '0.98', '0.98', '0.99', '1.00']
  halt_histogram %: [70.1, 22.2, 3.8, 1.0, 0.4, 0.2, 0.2, 0.1, 0.1, 0.1, 0.1, 0.0, 0.0, 0.0, 0.0, 1.6]
  Avg ACT steps (last 100): 1.15
  saved: /home/jvdillon/projects/sic/code/maze/ckpts/x08/step07500.pt acc=99.39% (0.079s)
Step  7500  Test 99.39% / 84.40% (halt: 99.42%/80.20%)  Train lm=0.6641±0.0018ϵ[0.6641,0.6797] n_halted=104.6540±9.2692ϵ[58.0000,122.0000]  TrainAcc 99.90%/79.90% (halt: 99.97%/97.90%)  (54.904s / 369.280s)
  n_active=128.0000±0.0000ϵ[128.0000,128.0000] n_expunged=0.0000±0.0000ϵ[0.0000,0.0000] pool_util=1.0000±0.0000ϵ[1.0000,1.0000]
  path_valid=99.80%, exact_match=74.30%
  eval_avg_halt_step: 1.17
  per_H_acc: ['H0=0.0%', 'H1=0.0%', 'H2=0.0%']
  H_cos: ['0.766', '0.953']
  z_H_delta: ['23.375', '15.188']
  cells: fixed=[0, 0] broken=[0, 0]
  per_ACT_cell_acc: ['H1=67.6%', 'H2=96.5%', 'H3=99.4%', 'H4=99.5%', 'H5=99.5%', 'H6=99.5%', 'H7=99.5%', 'H8=99.5%', 'H9=99.5%', 'H10=99.5%', 'H11=99.5%', 'H12=99.5%', 'H13=99.5%', 'H14=99.5%', 'H15=99.5%', 'H16=99.5%']
  per_ACT_puzzle_acc: ['H1=0.0%', 'H2=0.0%', 'H3=78.9%', 'H4=83.2%', 'H5=84.9%', 'H6=84.9%', 'H7=84.9%', 'H8=84.1%', 'H9=83.2%', 'H10=82.8%', 'H11=81.9%', 'H12=81.5%', 'H13=81.0%', 'H14=79.7%', 'H15=79.7%', 'H16=78.9%']
  mean_sigmoid_q_halt: ['0.026', '0.071', '0.848', '0.922', '0.949', '0.965', '0.969', '0.973', '0.969', '0.969', '0.969', '0.965', '0.965', '0.965', '0.965', '0.965']
  halt_rates: ['0.00', '0.00', '0.85', '0.94', '0.99', '1.00', '1.00', '1.00', '1.00', '1.00', '1.00', '0.99', '1.00', '0.99', '1.00', '1.00']
  halt_histogram %: [71.4, 21.4, 3.6, 0.9, 0.4, 0.2, 0.2, 0.1, 0.1, 0.1, 0.1, 0.0, 0.0, 0.0, 0.0, 1.5]
  Avg ACT steps (last 100): 1.16
  eval_avg_halt_step: 1.03
  per_H_acc: ['H0=0.0%', 'H1=0.0%', 'H2=0.0%']
  H_cos: ['0.770', '0.949']
  z_H_delta: ['23.375', '15.312']
  cells: fixed=[0, 0] broken=[0, 0]
  per_ACT_cell_acc: ['H1=67.5%', 'H2=96.8%', 'H3=100.0%', 'H4=100.0%', 'H5=100.0%', 'H6=100.0%', 'H7=100.0%', 'H8=100.0%', 'H9=100.0%', 'H10=100.0%', 'H11=100.0%', 'H12=100.0%', 'H13=100.0%', 'H14=100.0%', 'H15=100.0%', 'H16=100.0%']
  per_ACT_puzzle_acc: ['H1=0.0%', 'H2=0.0%', 'H3=97.1%', 'H4=100.0%', 'H5=100.0%', 'H6=100.0%', 'H7=100.0%', 'H8=100.0%', 'H9=98.1%', 'H10=98.1%', 'H11=98.1%', 'H12=98.1%', 'H13=97.1%', 'H14=97.1%', 'H15=97.1%', 'H16=97.1%']
  mean_sigmoid_q_halt: ['0.026', '0.071', '0.977', '0.984', '0.980', '0.980', '0.977', '0.977', '0.977', '0.973', '0.969', '0.969', '0.973', '0.965', '0.965', '0.961']
  halt_rates: ['0.00', '0.00', '0.98', '1.00', '1.00', '1.00', '1.00', '1.00', '1.00', '1.00', '0.99', '1.00', '1.00', '0.99', '0.99', '0.99']
  halt_histogram %: [71.4, 21.4, 3.6, 0.9, 0.4, 0.2, 0.2, 0.1, 0.1, 0.1, 0.1, 0.0, 0.0, 0.0, 0.0, 1.5]
  Avg ACT steps (last 100): 1.16
  saved: /home/jvdillon/projects/sic/code/maze/ckpts/x08/step08000.pt acc=99.47% (0.078s)
Step  8000  Test 99.47% / 90.10% (halt: 99.48%/84.00%)  Train lm=0.6641±0.0015ϵ[0.6641,0.6719] n_halted=109.1720±6.3997ϵ[57.0000,121.0000]  TrainAcc 99.95%/87.90% (halt: 99.97%/98.60%)  (54.902s / 364.170s)
  n_active=128.0000±0.0000ϵ[128.0000,128.0000] n_expunged=0.0000±0.0000ϵ[0.0000,0.0000] pool_util=1.0000±0.0000ϵ[1.0000,1.0000]
  path_valid=98.70%, exact_match=79.90%
  eval_avg_halt_step: 1.18
  per_H_acc: ['H0=0.0%', 'H1=0.0%', 'H2=0.0%']
  H_cos: ['0.128', '0.875']
  z_H_delta: ['27.250', '18.625']
  cells: fixed=[89, 0] broken=[45, 89]
  per_ACT_cell_acc: ['H1=49.8%', 'H2=87.6%', 'H3=99.2%', 'H4=99.4%', 'H5=99.4%', 'H6=99.4%', 'H7=99.4%', 'H8=99.5%', 'H9=99.5%', 'H10=99.5%', 'H11=99.5%', 'H12=99.5%', 'H13=99.5%', 'H14=99.5%', 'H15=99.5%', 'H16=99.5%']
  per_ACT_puzzle_acc: ['H1=0.0%', 'H2=0.0%', 'H3=67.7%', 'H4=79.3%', 'H5=82.3%', 'H6=83.2%', 'H7=82.8%', 'H8=82.3%', 'H9=82.8%', 'H10=81.0%', 'H11=81.0%', 'H12=81.0%', 'H13=80.6%', 'H14=80.6%', 'H15=79.7%', 'H16=79.7%']
  mean_sigmoid_q_halt: ['0.030', '0.173', '0.828', '0.902', '0.910', '0.934', '0.941', '0.938', '0.941', '0.941', '0.941', '0.941', '0.941', '0.941', '0.941', '0.941']
  halt_rates: ['0.00', '0.00', '0.84', '0.94', '0.95', '0.99', '1.00', '0.99', '1.00', '1.00', '1.00', '1.00', '1.00', '1.00', '1.00', '1.00']
  halt_histogram %: [72.4, 20.8, 3.4, 0.8, 0.4, 0.2, 0.1, 0.1, 0.1, 0.1, 0.1, 0.0, 0.0, 0.0, 0.0, 1.4]
  Avg ACT steps (last 100): 1.09
  eval_avg_halt_step: 1.01
  per_H_acc: ['H0=0.0%', 'H1=0.1%', 'H2=0.0%']
  H_cos: ['0.126', '0.871']
  z_H_delta: ['27.250', '18.750']
  cells: fixed=[51, 0] broken=[18, 50]
  per_ACT_cell_acc: ['H1=49.8%', 'H2=87.5%', 'H3=100.0%', 'H4=100.0%', 'H5=100.0%', 'H6=100.0%', 'H7=100.0%', 'H8=100.0%', 'H9=100.0%', 'H10=100.0%', 'H11=100.0%', 'H12=100.0%', 'H13=100.0%', 'H14=100.0%', 'H15=100.0%', 'H16=100.0%']
  per_ACT_puzzle_acc: ['H1=0.0%', 'H2=0.0%', 'H3=94.2%', 'H4=98.1%', 'H5=99.0%', 'H6=98.1%', 'H7=98.1%', 'H8=98.1%', 'H9=97.1%', 'H10=96.2%', 'H11=96.2%', 'H12=96.2%', 'H13=96.2%', 'H14=96.2%', 'H15=96.2%', 'H16=96.2%']
  mean_sigmoid_q_halt: ['0.030', '0.166', '0.969', '0.977', '0.969', '0.965', '0.961', '0.961', '0.957', '0.953', '0.953', '0.953', '0.953', '0.949', '0.953', '0.953']
  halt_rates: ['0.00', '0.00', '0.98', '0.99', '1.00', '1.00', '1.00', '1.00', '1.00', '1.00', '1.00', '1.00', '1.00', '1.00', '1.00', '1.00']
  halt_histogram %: [72.4, 20.8, 3.4, 0.8, 0.4, 0.2, 0.1, 0.1, 0.1, 0.1, 0.1, 0.0, 0.0, 0.0, 0.0, 1.4]
  Avg ACT steps (last 100): 1.09
  saved: /home/jvdillon/projects/sic/code/maze/ckpts/x08/step08500.pt acc=99.51% (0.079s)
  saved: /home/jvdillon/projects/sic/code/maze/ckpts/x08/best.pt acc=99.51% (0.159s)
Step  8500  Test 99.51% / 93.20% (halt: 99.44%/74.80%)  Train lm=0.6641±0.0027ϵ[0.6641,0.6992] n_halted=107.0180±15.7939ϵ[3.0000,122.0000]  TrainAcc 99.99%/96.00% (halt: 99.99%/97.00%)  (55.005s / 377.131s)
  n_active=128.0000±0.0000ϵ[128.0000,128.0000] n_expunged=0.0000±0.0000ϵ[0.0000,0.0000] pool_util=1.0000±0.0000ϵ[1.0000,1.0000]
  path_valid=99.30%, exact_match=85.20%
  eval_avg_halt_step: 1.28
  per_H_acc: ['H0=0.0%', 'H1=6.8%', 'H2=0.0%']
  H_cos: ['0.465', '0.875']
  z_H_delta: ['26.750', '18.875']
  cells: fixed=[14108, 0] broken=[0, 14108]
  per_ACT_cell_acc: ['H1=48.2%', 'H2=81.3%', 'H3=99.5%', 'H4=99.5%', 'H5=99.5%', 'H6=99.5%', 'H7=99.5%', 'H8=99.5%', 'H9=99.5%', 'H10=99.5%', 'H11=99.5%', 'H12=99.5%', 'H13=99.5%', 'H14=99.5%', 'H15=99.5%', 'H16=99.5%']
  per_ACT_puzzle_acc: ['H1=0.0%', 'H2=0.0%', 'H3=71.1%', 'H4=84.1%', 'H5=84.5%', 'H6=85.8%', 'H7=86.2%', 'H8=85.8%', 'H9=86.2%', 'H10=86.2%', 'H11=86.2%', 'H12=86.2%', 'H13=86.2%', 'H14=85.8%', 'H15=85.8%', 'H16=86.2%']
  mean_sigmoid_q_halt: ['0.024', '0.176', '0.762', '0.938', '0.957', '0.969', '0.977', '0.980', '0.984', '0.988', '0.980', '0.992', '0.988', '0.988', '0.988', '0.992']
  halt_rates: ['0.00', '0.00', '0.76', '0.94', '0.97', '0.99', '0.99', '0.99', '0.99', '1.00', '0.99', '1.00', '1.00', '1.00', '1.00', '1.00']
  halt_histogram %: [73.4, 20.2, 3.3, 0.8, 0.3, 0.2, 0.1, 0.1, 0.1, 0.1, 0.0, 0.0, 0.0, 0.0, 0.0, 1.3]
  Avg ACT steps (last 100): 1.14
  eval_avg_halt_step: 1.03
  per_H_acc: ['H0=0.0%', 'H1=6.5%', 'H2=0.0%']
  H_cos: ['0.461', '0.875']
  z_H_delta: ['26.750', '19.000']
  cells: fixed=[6125, 0] broken=[0, 6125]
  per_ACT_cell_acc: ['H1=48.4%', 'H2=81.5%', 'H3=100.0%', 'H4=100.0%', 'H5=100.0%', 'H6=100.0%', 'H7=100.0%', 'H8=100.0%', 'H9=100.0%', 'H10=100.0%', 'H11=100.0%', 'H12=100.0%', 'H13=100.0%', 'H14=100.0%', 'H15=100.0%', 'H16=100.0%']
  per_ACT_puzzle_acc: ['H1=0.0%', 'H2=0.0%', 'H3=95.2%', 'H4=99.0%', 'H5=99.0%', 'H6=99.0%', 'H7=99.0%', 'H8=99.0%', 'H9=99.0%', 'H10=99.0%', 'H11=99.0%', 'H12=99.0%', 'H13=99.0%', 'H14=99.0%', 'H15=99.0%', 'H16=100.0%']
  mean_sigmoid_q_halt: ['0.024', '0.181', '0.957', '0.988', '0.992', '0.992', '0.992', '0.992', '0.992', '0.992', '0.992', '0.992', '0.988', '0.992', '0.992', '0.992']
  halt_rates: ['0.00', '0.00', '0.96', '1.00', '1.00', '1.00', '1.00', '1.00', '1.00', '1.00', '1.00', '1.00', '0.99', '1.00', '1.00', '1.00']
  halt_histogram %: [73.4, 20.2, 3.3, 0.8, 0.3, 0.2, 0.1, 0.1, 0.1, 0.1, 0.0, 0.0, 0.0, 0.0, 0.0, 1.3]
  Avg ACT steps (last 100): 1.14
  saved: /home/jvdillon/projects/sic/code/maze/ckpts/x08/step09000.pt acc=99.54% (0.076s)
  saved: /home/jvdillon/projects/sic/code/maze/ckpts/x08/best.pt acc=99.54% (0.158s)
Step  9000  Test 99.54% / 91.80% (halt: 99.53%/82.20%)  Train lm=0.6641±0.0013ϵ[0.6641,0.6719] n_halted=109.3860±7.9094ϵ[14.0000,122.0000]  TrainAcc 99.97%/97.20% (halt: 99.99%/98.50%)  (54.998s / 344.095s)
  n_active=128.0000±0.0000ϵ[128.0000,128.0000] n_expunged=0.0000±0.0000ϵ[0.0000,0.0000] pool_util=1.0000±0.0000ϵ[1.0000,1.0000]
  path_valid=99.40%, exact_match=76.80%
  eval_avg_halt_step: 1.30
  per_H_acc: ['H0=0.0%', 'H1=0.0%', 'H2=0.0%']
  H_cos: ['0.605', '0.938']
  z_H_delta: ['26.875', '17.125']
  cells: fixed=[85, 0] broken=[20, 85]
  per_ACT_cell_acc: ['H1=12.7%', 'H2=91.2%', 'H3=99.4%', 'H4=99.5%', 'H5=99.5%', 'H6=99.5%', 'H7=99.5%', 'H8=99.5%', 'H9=99.5%', 'H10=99.5%', 'H11=99.5%', 'H12=99.5%', 'H13=99.5%', 'H14=99.5%', 'H15=99.5%', 'H16=99.5%']
  per_ACT_puzzle_acc: ['H1=0.0%', 'H2=0.0%', 'H3=66.4%', 'H4=81.0%', 'H5=83.2%', 'H6=84.1%', 'H7=84.9%', 'H8=84.9%', 'H9=84.5%', 'H10=83.6%', 'H11=84.1%', 'H12=82.8%', 'H13=82.3%', 'H14=82.3%', 'H15=81.5%', 'H16=81.0%']
  mean_sigmoid_q_halt: ['0.041', '0.157', '0.754', '0.930', '0.977', '0.984', '0.988', '0.984', '0.988', '0.984', '0.992', '0.988', '0.988', '0.988', '0.992', '0.988']
  halt_rates: ['0.00', '0.00', '0.74', '0.94', '0.98', '0.99', '1.00', '0.99', '0.99', '0.98', '1.00', '0.99', '0.99', '0.99', '1.00', '0.99']
  halt_histogram %: [74.1, 19.8, 3.2, 0.8, 0.3, 0.2, 0.1, 0.1, 0.1, 0.1, 0.0, 0.0, 0.0, 0.0, 0.0, 1.2]
  Avg ACT steps (last 100): 1.19
  eval_avg_halt_step: 1.05
  per_H_acc: ['H0=0.0%', 'H1=0.0%', 'H2=0.0%']
  H_cos: ['0.605', '0.938']
  z_H_delta: ['26.875', '17.250']
  cells: fixed=[29, 0] broken=[9, 29]
  per_ACT_cell_acc: ['H1=12.8%', 'H2=91.5%', 'H3=100.0%', 'H4=100.0%', 'H5=100.0%', 'H6=100.0%', 'H7=100.0%', 'H8=100.0%', 'H9=100.0%', 'H10=100.0%', 'H11=100.0%', 'H12=100.0%', 'H13=100.0%', 'H14=100.0%', 'H15=100.0%', 'H16=100.0%']
  per_ACT_puzzle_acc: ['H1=0.0%', 'H2=0.0%', 'H3=96.2%', 'H4=98.1%', 'H5=98.1%', 'H6=99.0%', 'H7=99.0%', 'H8=99.0%', 'H9=98.1%', 'H10=94.2%', 'H11=92.3%', 'H12=92.3%', 'H13=92.3%', 'H14=91.3%', 'H15=91.3%', 'H16=91.3%']
  mean_sigmoid_q_halt: ['0.040', '0.161', '0.977', '0.992', '0.996', '0.996', '0.996', '0.996', '0.992', '0.992', '0.992', '0.992', '0.992', '0.992', '0.992', '0.992']
  halt_rates: ['0.00', '0.00', '0.99', '1.00', '1.00', '1.00', '1.00', '1.00', '1.00', '1.00', '1.00', '1.00', '1.00', '1.00', '1.00', '1.00']
  halt_histogram %: [74.1, 19.8, 3.2, 0.8, 0.3, 0.2, 0.1, 0.1, 0.1, 0.1, 0.0, 0.0, 0.0, 0.0, 0.0, 1.2]
  Avg ACT steps (last 100): 1.19
  saved: /home/jvdillon/projects/sic/code/maze/ckpts/x08/step09500.pt acc=99.49% (0.079s)
Step  9500  Test 99.49% / 82.40% (halt: 99.49%/79.70%)  Train lm=0.6641±0.0030ϵ[0.6641,0.7148] n_halted=107.4540±11.1978ϵ[17.0000,122.0000]  TrainAcc 99.97%/89.00% (halt: 99.97%/96.50%)  (54.897s / 354.047s)
  n_active=128.0000±0.0000ϵ[128.0000,128.0000] n_expunged=0.0000±0.0000ϵ[0.0000,0.0000] pool_util=1.0000±0.0000ϵ[1.0000,1.0000]
  path_valid=99.50%, exact_match=76.60%
  eval_avg_halt_step: 1.34
  per_H_acc: ['H0=0.0%', 'H1=0.1%', 'H2=0.0%']
  H_cos: ['0.672', '0.930']
  z_H_delta: ['23.875', '18.375']
  cells: fixed=[202, 0] broken=[0, 202]
  per_ACT_cell_acc: ['H1=49.8%', 'H2=94.5%', 'H3=99.4%', 'H4=99.5%', 'H5=99.6%', 'H6=99.6%', 'H7=99.6%', 'H8=99.6%', 'H9=99.6%', 'H10=99.6%', 'H11=99.6%', 'H12=99.6%', 'H13=99.6%', 'H14=99.6%', 'H15=99.6%', 'H16=99.6%']
  per_ACT_puzzle_acc: ['H1=0.0%', 'H2=0.0%', 'H3=77.6%', 'H4=81.0%', 'H5=78.4%', 'H6=76.3%', 'H7=77.2%', 'H8=78.9%', 'H9=78.4%', 'H10=78.0%', 'H11=78.9%', 'H12=77.6%', 'H13=77.6%', 'H14=78.0%', 'H15=78.0%', 'H16=77.6%']
  mean_sigmoid_q_halt: ['0.022', '0.141', '0.828', '0.902', '0.914', '0.887', '0.895', '0.910', '0.906', '0.914', '0.914', '0.914', '0.906', '0.914', '0.918', '0.914']
  halt_rates: ['0.00', '0.00', '0.83', '0.90', '0.93', '0.90', '0.89', '0.92', '0.92', '0.93', '0.93', '0.93', '0.91', '0.93', '0.93', '0.92']
  halt_histogram %: [74.9, 19.3, 3.0, 0.7, 0.3, 0.2, 0.1, 0.1, 0.1, 0.1, 0.0, 0.0, 0.0, 0.0, 0.0, 1.1]
  Avg ACT steps (last 100): 1.07
  eval_avg_halt_step: 1.04
  per_H_acc: ['H0=0.0%', 'H1=0.1%', 'H2=0.0%']
  H_cos: ['0.668', '0.934']
  z_H_delta: ['24.000', '18.500']
  cells: fixed=[82, 0] broken=[0, 82]
  per_ACT_cell_acc: ['H1=49.7%', 'H2=95.0%', 'H3=100.0%', 'H4=100.0%', 'H5=100.0%', 'H6=100.0%', 'H7=100.0%', 'H8=100.0%', 'H9=100.0%', 'H10=100.0%', 'H11=100.0%', 'H12=100.0%', 'H13=100.0%', 'H14=100.0%', 'H15=100.0%', 'H16=100.0%']
  per_ACT_puzzle_acc: ['H1=0.0%', 'H2=0.0%', 'H3=99.0%', 'H4=97.1%', 'H5=95.2%', 'H6=92.3%', 'H7=92.3%', 'H8=92.3%', 'H9=92.3%', 'H10=91.3%', 'H11=92.3%', 'H12=92.3%', 'H13=91.3%', 'H14=92.3%', 'H15=91.3%', 'H16=90.4%']
  mean_sigmoid_q_halt: ['0.022', '0.146', '0.988', '0.977', '0.961', '0.934', '0.941', '0.949', '0.945', '0.945', '0.945', '0.945', '0.945', '0.945', '0.945', '0.945']
  halt_rates: ['0.00', '0.00', '1.00', '0.99', '0.98', '0.96', '0.97', '0.97', '0.95', '0.95', '0.96', '0.96', '0.96', '0.97', '0.96', '0.97']
  halt_histogram %: [74.9, 19.3, 3.0, 0.7, 0.3, 0.2, 0.1, 0.1, 0.1, 0.1, 0.0, 0.0, 0.0, 0.0, 0.0, 1.1]
  Avg ACT steps (last 100): 1.07
  saved: /home/jvdillon/projects/sic/code/maze/ckpts/x08/step10000.pt acc=99.52% (0.078s)
Step 10000  Test 99.52% / 83.10% (halt: 99.54%/83.70%)  Train lm=0.6641±0.0010ϵ[0.6641,0.6680] n_halted=111.0580±4.5914ϵ[95.0000,123.0000]  TrainAcc 99.96%/90.20% (halt: 99.99%/99.00%)  (54.903s / 344.377s)
  n_active=128.0000±0.0000ϵ[128.0000,128.0000] n_expunged=0.0000±0.0000ϵ[0.0000,0.0000] pool_util=1.0000±0.0000ϵ[1.0000,1.0000]
  path_valid=99.00%, exact_match=83.30%
  eval_avg_halt_step: 1.28
  per_H_acc: ['H0=0.0%', 'H1=0.0%', 'H2=0.0%']
  H_cos: ['0.598', '0.953']
  z_H_delta: ['24.875', '14.312']
  cells: fixed=[0, 0] broken=[0, 0]
  per_ACT_cell_acc: ['H1=49.9%', 'H2=92.2%', 'H3=99.4%', 'H4=99.6%', 'H5=99.6%', 'H6=99.7%', 'H7=99.6%', 'H8=99.6%', 'H9=99.7%', 'H10=99.7%', 'H11=99.6%', 'H12=99.6%', 'H13=99.6%', 'H14=99.6%', 'H15=99.7%', 'H16=99.6%']
  per_ACT_puzzle_acc: ['H1=0.0%', 'H2=0.0%', 'H3=75.4%', 'H4=85.3%', 'H5=86.2%', 'H6=87.5%', 'H7=86.2%', 'H8=85.8%', 'H9=87.1%', 'H10=84.9%', 'H11=86.6%', 'H12=85.8%', 'H13=84.5%', 'H14=85.8%', 'H15=86.2%', 'H16=86.2%']
  mean_sigmoid_q_halt: ['0.155', '0.118', '0.816', '0.887', '0.922', '0.934', '0.945', '0.934', '0.949', '0.938', '0.945', '0.949', '0.941', '0.945', '0.949', '0.953']
  halt_rates: ['0.00', '0.00', '0.82', '0.90', '0.94', '0.95', '0.95', '0.94', '0.95', '0.94', '0.95', '0.96', '0.94', '0.95', '0.96', '0.97']
  halt_histogram %: [75.5, 18.9, 2.9, 0.7, 0.3, 0.2, 0.1, 0.1, 0.1, 0.0, 0.0, 0.0, 0.0, 0.0, 0.0, 1.0]
  Avg ACT steps (last 100): 1.25
  eval_avg_halt_step: 1.06
  per_H_acc: ['H0=0.0%', 'H1=0.0%', 'H2=0.0%']
  H_cos: ['0.598', '0.953']
  z_H_delta: ['24.875', '14.562']
  cells: fixed=[0, 0] broken=[0, 0]
  per_ACT_cell_acc: ['H1=50.0%', 'H2=92.1%', 'H3=100.0%', 'H4=100.0%', 'H5=100.0%', 'H6=100.0%', 'H7=100.0%', 'H8=100.0%', 'H9=99.9%', 'H10=99.9%', 'H11=99.9%', 'H12=99.9%', 'H13=99.9%', 'H14=99.9%', 'H15=99.9%', 'H16=99.9%']
  per_ACT_puzzle_acc: ['H1=0.0%', 'H2=0.0%', 'H3=96.2%', 'H4=100.0%', 'H5=100.0%', 'H6=98.1%', 'H7=99.0%', 'H8=98.1%', 'H9=97.1%', 'H10=98.1%', 'H11=98.1%', 'H12=97.1%', 'H13=98.1%', 'H14=98.1%', 'H15=97.1%', 'H16=97.1%']
  mean_sigmoid_q_halt: ['0.156', '0.118', '0.969', '0.977', '0.984', '0.977', '0.984', '0.977', '0.973', '0.969', '0.977', '0.980', '0.984', '0.984', '0.973', '0.980']
  halt_rates: ['0.00', '0.00', '0.97', '0.98', '1.00', '0.98', '0.99', '0.98', '0.98', '0.97', '0.99', '0.98', '0.99', '0.99', '0.98', '0.99']
  halt_histogram %: [75.5, 18.9, 2.9, 0.7, 0.3, 0.2, 0.1, 0.1, 0.1, 0.0, 0.0, 0.0, 0.0, 0.0, 0.0, 1.0]
  Avg ACT steps (last 100): 1.25
  saved: /home/jvdillon/projects/sic/code/maze/ckpts/x08/step10500.pt acc=99.55% (0.078s)
  saved: /home/jvdillon/projects/sic/code/maze/ckpts/x08/best.pt acc=99.55% (0.160s)
Step 10500  Test 99.55% / 91.40% (halt: 99.51%/82.00%)  Train lm=0.6641±0.0013ϵ[0.6641,0.6758] n_halted=109.2760±8.0030ϵ[52.0000,122.0000]  TrainAcc 99.98%/96.90% (halt: 99.98%/98.20%)  (54.982s / 350.469s)
  n_active=128.0000±0.0000ϵ[128.0000,128.0000] n_expunged=0.0000±0.0000ϵ[0.0000,0.0000] pool_util=1.0000±0.0000ϵ[1.0000,1.0000]
  path_valid=98.70%, exact_match=83.00%
  eval_avg_halt_step: 1.26
  per_H_acc: ['H0=0.0%', 'H1=0.0%', 'H2=0.0%']
  H_cos: ['0.758', '0.973']
  z_H_delta: ['24.000', '12.875']
  cells: fixed=[7, 0] broken=[0, 7]
  per_ACT_cell_acc: ['H1=59.1%', 'H2=96.2%', 'H3=99.4%', 'H4=99.5%', 'H5=99.5%', 'H6=99.5%', 'H7=99.5%', 'H8=99.5%', 'H9=99.5%', 'H10=99.5%', 'H11=99.5%', 'H12=99.5%', 'H13=99.5%', 'H14=99.5%', 'H15=99.5%', 'H16=99.5%']
  per_ACT_puzzle_acc: ['H1=0.0%', 'H2=2.2%', 'H3=75.4%', 'H4=81.0%', 'H5=84.5%', 'H6=84.5%', 'H7=82.3%', 'H8=82.8%', 'H9=83.2%', 'H10=83.2%', 'H11=84.1%', 'H12=83.6%', 'H13=82.8%', 'H14=83.2%', 'H15=82.8%', 'H16=83.2%']
  mean_sigmoid_q_halt: ['0.165', '0.231', '0.840', '0.863', '0.922', '0.934', '0.934', '0.945', '0.941', '0.938', '0.953', '0.953', '0.953', '0.957', '0.957', '0.957']
  halt_rates: ['0.00', '0.02', '0.84', '0.88', '0.94', '0.94', '0.94', '0.95', '0.95', '0.94', '0.96', '0.96', '0.96', '0.96', '0.96', '0.97']
  halt_histogram %: [76.1, 18.6, 2.9, 0.7, 0.3, 0.2, 0.1, 0.1, 0.1, 0.0, 0.0, 0.0, 0.0, 0.0, 0.0, 1.0]
  Avg ACT steps (last 100): 1.15
  eval_avg_halt_step: 1.05
  per_H_acc: ['H0=0.0%', 'H1=0.0%', 'H2=0.0%']
  H_cos: ['0.758', '0.969']
  z_H_delta: ['24.000', '13.125']
  cells: fixed=[1, 0] broken=[1, 1]
  per_ACT_cell_acc: ['H1=59.1%', 'H2=96.5%', 'H3=99.9%', 'H4=100.0%', 'H5=100.0%', 'H6=100.0%', 'H7=100.0%', 'H8=100.0%', 'H9=100.0%', 'H10=100.0%', 'H11=100.0%', 'H12=100.0%', 'H13=100.0%', 'H14=100.0%', 'H15=100.0%', 'H16=100.0%']
  per_ACT_puzzle_acc: ['H1=0.0%', 'H2=1.0%', 'H3=97.1%', 'H4=99.0%', 'H5=99.0%', 'H6=98.1%', 'H7=100.0%', 'H8=100.0%', 'H9=99.0%', 'H10=99.0%', 'H11=98.1%', 'H12=97.1%', 'H13=97.1%', 'H14=97.1%', 'H15=97.1%', 'H16=97.1%']
  mean_sigmoid_q_halt: ['0.165', '0.223', '0.973', '0.977', '0.980', '0.977', '0.984', '0.988', '0.980', '0.977', '0.973', '0.973', '0.961', '0.969', '0.965', '0.969']
  halt_rates: ['0.00', '0.00', '0.98', '0.99', '0.99', '0.98', '1.00', '1.00', '0.99', '0.99', '0.98', '0.98', '0.97', '0.98', '0.97', '0.99']
  halt_histogram %: [76.1, 18.6, 2.9, 0.7, 0.3, 0.2, 0.1, 0.1, 0.1, 0.0, 0.0, 0.0, 0.0, 0.0, 0.0, 1.0]
  Avg ACT steps (last 100): 1.15
  saved: /home/jvdillon/projects/sic/code/maze/ckpts/x08/step11000.pt acc=99.46% (0.079s)
Step 11000  Test 99.46% / 91.70% (halt: 99.46%/81.40%)  Train lm=0.6641±0.0013ϵ[0.6641,0.6719] n_halted=109.4260±6.7667ϵ[51.0000,122.0000]  TrainAcc 99.95%/97.30% (halt: 99.98%/98.20%)  (54.905s / 337.914s)
  n_active=128.0000±0.0000ϵ[128.0000,128.0000] n_expunged=0.0000±0.0000ϵ[0.0000,0.0000] pool_util=1.0000±0.0000ϵ[1.0000,1.0000]
  path_valid=99.00%, exact_match=81.30%
  eval_avg_halt_step: 1.06
  per_H_acc: ['H0=0.0%', 'H1=0.0%', 'H2=0.0%']
  H_cos: ['0.758', '0.980']
  z_H_delta: ['23.875', '11.125']
  cells: fixed=[1, 0] broken=[2, 1]
  per_ACT_cell_acc: ['H1=54.4%', 'H2=97.2%', 'H3=99.4%', 'H4=99.5%', 'H5=99.5%', 'H6=99.5%', 'H7=99.5%', 'H8=99.5%', 'H9=99.5%', 'H10=99.5%', 'H11=99.5%', 'H12=99.5%', 'H13=99.5%', 'H14=99.5%', 'H15=99.5%', 'H16=99.5%']
  per_ACT_puzzle_acc: ['H1=0.0%', 'H2=0.9%', 'H3=77.6%', 'H4=81.5%', 'H5=83.6%', 'H6=84.5%', 'H7=84.5%', 'H8=84.1%', 'H9=83.6%', 'H10=84.1%', 'H11=83.6%', 'H12=83.6%', 'H13=84.5%', 'H14=84.1%', 'H15=84.1%', 'H16=84.1%']
  mean_sigmoid_q_halt: ['0.420', '0.416', '0.938', '0.965', '0.977', '0.984', '0.992', '0.992', '0.992', '0.992', '0.992', '0.992', '0.992', '0.996', '0.996', '0.992']
  halt_rates: ['0.00', '0.28', '0.94', '0.98', '0.98', '1.00', '1.00', '1.00', '1.00', '1.00', '1.00', '1.00', '1.00', '1.00', '1.00', '1.00']
  halt_histogram %: [76.6, 18.2, 2.8, 0.6, 0.3, 0.1, 0.1, 0.1, 0.1, 0.0, 0.0, 0.0, 0.0, 0.0, 0.0, 0.9]
  Avg ACT steps (last 100): 1.08
  eval_avg_halt_step: 1.01
  per_H_acc: ['H0=0.0%', 'H1=0.0%', 'H2=0.0%']
  H_cos: ['0.758', '0.980']
  z_H_delta: ['23.875', '11.125']
  cells: fixed=[0, 0] broken=[3, 0]
  per_ACT_cell_acc: ['H1=54.2%', 'H2=97.9%', 'H3=100.0%', 'H4=100.0%', 'H5=100.0%', 'H6=100.0%', 'H7=100.0%', 'H8=100.0%', 'H9=100.0%', 'H10=100.0%', 'H11=100.0%', 'H12=100.0%', 'H13=100.0%', 'H14=100.0%', 'H15=100.0%', 'H16=100.0%']
  per_ACT_puzzle_acc: ['H1=0.0%', 'H2=1.9%', 'H3=97.1%', 'H4=98.1%', 'H5=99.0%', 'H6=99.0%', 'H7=99.0%', 'H8=99.0%', 'H9=98.1%', 'H10=98.1%', 'H11=98.1%', 'H12=97.1%', 'H13=97.1%', 'H14=97.1%', 'H15=97.1%', 'H16=97.1%']
  mean_sigmoid_q_halt: ['0.420', '0.439', '0.977', '0.992', '0.992', '0.992', '0.992', '0.988', '0.988', '0.992', '0.992', '0.992', '0.992', '0.992', '0.992', '0.992']
  halt_rates: ['0.00', '0.38', '0.99', '1.00', '1.00', '1.00', '1.00', '1.00', '1.00', '1.00', '1.00', '1.00', '1.00', '1.00', '1.00', '1.00']
  halt_histogram %: [76.6, 18.2, 2.8, 0.6, 0.3, 0.1, 0.1, 0.1, 0.1, 0.0, 0.0, 0.0, 0.0, 0.0, 0.0, 0.9]
  Avg ACT steps (last 100): 1.08
  saved: /home/jvdillon/projects/sic/code/maze/ckpts/x08/step11500.pt acc=99.40% (0.077s)
Step 11500  Test 99.40% / 92.30% (halt: 99.38%/78.30%)  Train lm=0.6641±0.0027ϵ[0.6641,0.7031] n_halted=109.4620±11.4630ϵ[0.0000,122.0000]  TrainAcc 99.97%/97.80% (halt: 99.96%/97.50%)  (54.905s / 359.304s)
  n_active=128.0000±0.0000ϵ[128.0000,128.0000] n_expunged=0.0000±0.0000ϵ[0.0000,0.0000] pool_util=1.0000±0.0000ϵ[1.0000,1.0000]
  path_valid=97.70%, exact_match=79.70%
  eval_avg_halt_step: 1.62
  per_H_acc: ['H0=33.1%', 'H1=0.0%', 'H2=0.0%']
  H_cos: ['0.855', '0.934']
  z_H_delta: ['22.250', '15.250']
  cells: fixed=[0, 0] broken=[69015, 0]
  per_ACT_cell_acc: ['H1=54.2%', 'H2=87.8%', 'H3=99.1%', 'H4=99.5%', 'H5=99.5%', 'H6=99.5%', 'H7=99.5%', 'H8=99.5%', 'H9=99.5%', 'H10=99.5%', 'H11=99.5%', 'H12=99.5%', 'H13=99.5%', 'H14=99.5%', 'H15=99.5%', 'H16=99.5%']
  per_ACT_puzzle_acc: ['H1=0.0%', 'H2=0.0%', 'H3=43.5%', 'H4=69.8%', 'H5=79.3%', 'H6=81.9%', 'H7=81.9%', 'H8=83.2%', 'H9=82.3%', 'H10=82.3%', 'H11=81.5%', 'H12=81.9%', 'H13=81.9%', 'H14=81.9%', 'H15=81.9%', 'H16=81.5%']
  mean_sigmoid_q_halt: ['0.138', '0.424', '0.547', '0.828', '0.898', '0.930', '0.949', '0.953', '0.957', '0.957', '0.953', '0.957', '0.965', '0.953', '0.953', '0.953']
  halt_rates: ['0.00', '0.29', '0.52', '0.84', '0.93', '0.94', '0.96', '0.97', '0.98', '0.97', '0.97', '0.97', '0.97', '0.97', '0.97', '0.96']
  halt_histogram %: [77.1, 17.9, 2.7, 0.6, 0.3, 0.1, 0.1, 0.1, 0.1, 0.0, 0.0, 0.0, 0.0, 0.0, 0.0, 0.9]
  Avg ACT steps (last 100): 1.23
  eval_avg_halt_step: 1.20
  per_H_acc: ['H0=32.7%', 'H1=0.0%', 'H2=0.0%']
  H_cos: ['0.855', '0.930']
  z_H_delta: ['22.250', '15.500']
  cells: fixed=[0, 0] broken=[30569, 0]
  per_ACT_cell_acc: ['H1=54.7%', 'H2=87.8%', 'H3=99.8%', 'H4=100.0%', 'H5=100.0%', 'H6=100.0%', 'H7=100.0%', 'H8=100.0%', 'H9=100.0%', 'H10=100.0%', 'H11=100.0%', 'H12=100.0%', 'H13=100.0%', 'H14=100.0%', 'H15=100.0%', 'H16=100.0%']
  per_ACT_puzzle_acc: ['H1=0.0%', 'H2=0.0%', 'H3=73.1%', 'H4=91.3%', 'H5=99.0%', 'H6=100.0%', 'H7=100.0%', 'H8=100.0%', 'H9=100.0%', 'H10=99.0%', 'H11=99.0%', 'H12=99.0%', 'H13=99.0%', 'H14=99.0%', 'H15=99.0%', 'H16=99.0%']
  mean_sigmoid_q_halt: ['0.138', '0.451', '0.781', '0.938', '0.977', '0.992', '0.992', '0.992', '0.992', '0.984', '0.984', '0.984', '0.984', '0.984', '0.984', '0.984']
  halt_rates: ['0.00', '0.34', '0.83', '0.95', '1.00', '1.00', '1.00', '1.00', '1.00', '0.99', '0.99', '0.99', '0.99', '0.99', '0.99', '0.99']
  halt_histogram %: [77.1, 17.9, 2.7, 0.6, 0.3, 0.1, 0.1, 0.1, 0.1, 0.0, 0.0, 0.0, 0.0, 0.0, 0.0, 0.9]
  Avg ACT steps (last 100): 1.23
  saved: /home/jvdillon/projects/sic/code/maze/ckpts/x08/step12000.pt acc=99.43% (0.078s)
Step 12000  Test 99.43% / 89.10% (halt: 99.41%/71.70%)  Train lm=0.6641±0.0010ϵ[0.6641,0.6758] n_halted=110.3680±5.8000ϵ[81.0000,123.0000]  TrainAcc 99.97%/96.20% (halt: 99.96%/86.50%)  (54.897s / 340.411s)
  n_active=128.0000±0.0000ϵ[128.0000,128.0000] n_expunged=0.0000±0.0000ϵ[0.0000,0.0000] pool_util=1.0000±0.0000ϵ[1.0000,1.0000]
  path_valid=99.70%, exact_match=82.10%
  eval_avg_halt_step: 1.17
  per_H_acc: ['H0=0.8%', 'H1=0.0%', 'H2=0.0%']
  H_cos: ['0.801', '0.965']
  z_H_delta: ['24.750', '14.000']
  cells: fixed=[0, 0] broken=[1609, 0]
  per_ACT_cell_acc: ['H1=77.8%', 'H2=94.0%', 'H3=99.4%', 'H4=99.5%', 'H5=99.5%', 'H6=99.5%', 'H7=99.5%', 'H8=99.5%', 'H9=99.5%', 'H10=99.5%', 'H11=99.5%', 'H12=99.5%', 'H13=99.5%', 'H14=99.5%', 'H15=99.5%', 'H16=99.5%']
  per_ACT_puzzle_acc: ['H1=0.0%', 'H2=0.4%', 'H3=66.8%', 'H4=80.2%', 'H5=82.3%', 'H6=82.8%', 'H7=82.8%', 'H8=83.2%', 'H9=83.2%', 'H10=83.2%', 'H11=83.2%', 'H12=83.2%', 'H13=83.2%', 'H14=82.8%', 'H15=82.8%', 'H16=82.3%']
  mean_sigmoid_q_halt: ['0.105', '0.152', '0.812', '0.941', '0.977', '0.988', '0.988', '0.988', '0.988', '0.988', '0.988', '0.988', '0.988', '0.988', '0.988', '0.988']
  halt_rates: ['0.00', '0.00', '0.80', '0.96', '1.00', '1.00', '1.00', '1.00', '1.00', '1.00', '1.00', '1.00', '1.00', '1.00', '1.00', '1.00']
  halt_histogram %: [77.5, 17.7, 2.7, 0.6, 0.2, 0.1, 0.1, 0.1, 0.1, 0.0, 0.0, 0.0, 0.0, 0.0, 0.0, 0.8]
  Avg ACT steps (last 100): 1.14
  eval_avg_halt_step: 1.03
  per_H_acc: ['H0=0.5%', 'H1=0.0%', 'H2=0.0%']
  H_cos: ['0.801', '0.965']
  z_H_delta: ['24.750', '14.188']
  cells: fixed=[1, 0] broken=[513, 1]
  per_ACT_cell_acc: ['H1=78.4%', 'H2=94.2%', 'H3=100.0%', 'H4=100.0%', 'H5=100.0%', 'H6=100.0%', 'H7=100.0%', 'H8=100.0%', 'H9=100.0%', 'H10=100.0%', 'H11=100.0%', 'H12=100.0%', 'H13=100.0%', 'H14=100.0%', 'H15=100.0%', 'H16=100.0%']
  per_ACT_puzzle_acc: ['H1=0.0%', 'H2=0.0%', 'H3=92.3%', 'H4=100.0%', 'H5=99.0%', 'H6=99.0%', 'H7=99.0%', 'H8=99.0%', 'H9=98.1%', 'H10=98.1%', 'H11=97.1%', 'H12=97.1%', 'H13=97.1%', 'H14=97.1%', 'H15=97.1%', 'H16=97.1%']
  mean_sigmoid_q_halt: ['0.105', '0.148', '0.961', '0.988', '0.988', '0.980', '0.984', '0.988', '0.980', '0.980', '0.984', '0.984', '0.984', '0.984', '0.988', '0.988']
  halt_rates: ['0.00', '0.02', '0.99', '1.00', '1.00', '0.99', '0.99', '1.00', '0.99', '0.99', '0.99', '0.99', '0.99', '1.00', '1.00', '1.00']
  halt_histogram %: [77.5, 17.7, 2.7, 0.6, 0.2, 0.1, 0.1, 0.1, 0.1, 0.0, 0.0, 0.0, 0.0, 0.0, 0.0, 0.8]
  Avg ACT steps (last 100): 1.14
  saved: /home/jvdillon/projects/sic/code/maze/ckpts/x08/step12500.pt acc=99.47% (0.078s)
Step 12500  Test 99.47% / 91.70% (halt: 99.45%/79.00%)  Train lm=0.6641±0.0014ϵ[0.6641,0.6719] n_halted=108.0020±11.0211ϵ[15.0000,122.0000]  TrainAcc 99.97%/96.00% (halt: 99.96%/95.90%)  (54.866s / 355.145s)
  n_active=128.0000±0.0000ϵ[128.0000,128.0000] n_expunged=0.0000±0.0000ϵ[0.0000,0.0000] pool_util=1.0000±0.0000ϵ[1.0000,1.0000]
  path_valid=98.70%, exact_match=84.60%
  eval_avg_halt_step: 1.28
  per_H_acc: ['H0=37.2%', 'H1=12.4%', 'H2=0.0%']
  H_cos: ['0.934', '0.883']
  z_H_delta: ['21.375', '19.625']
  cells: fixed=[67, 0] broken=[51806, 25927]
  per_ACT_cell_acc: ['H1=50.1%', 'H2=76.1%', 'H3=99.4%', 'H4=99.6%', 'H5=99.6%', 'H6=99.6%', 'H7=99.6%', 'H8=99.6%', 'H9=99.6%', 'H10=99.6%', 'H11=99.6%', 'H12=99.6%', 'H13=99.6%', 'H14=99.6%', 'H15=99.6%', 'H16=99.6%']
  per_ACT_puzzle_acc: ['H1=0.0%', 'H2=0.0%', 'H3=70.3%', 'H4=81.9%', 'H5=85.3%', 'H6=85.8%', 'H7=85.8%', 'H8=85.8%', 'H9=85.8%', 'H10=85.3%', 'H11=85.3%', 'H12=85.3%', 'H13=85.3%', 'H14=85.3%', 'H15=85.3%', 'H16=85.3%']
  mean_sigmoid_q_halt: ['0.096', '0.281', '0.812', '0.891', '0.938', '0.965', '0.969', '0.977', '0.977', '0.977', '0.977', '0.973', '0.973', '0.977', '0.977', '0.977']
  halt_rates: ['0.00', '0.00', '0.82', '0.91', '0.97', '0.98', '0.98', '0.97', '0.98', '0.98', '0.98', '0.98', '0.97', '0.98', '0.98', '0.98']
  halt_histogram %: [77.8, 17.5, 2.6, 0.6, 0.2, 0.1, 0.1, 0.1, 0.0, 0.0, 0.0, 0.0, 0.0, 0.0, 0.0, 0.8]
  Avg ACT steps (last 100): 1.13
  eval_avg_halt_step: 1.02
  per_H_acc: ['H0=36.9%', 'H1=13.4%', 'H2=0.0%']
  H_cos: ['0.938', '0.879']
  z_H_delta: ['21.375', '20.000']
  cells: fixed=[29, 0] broken=[21985, 12563]
  per_ACT_cell_acc: ['H1=50.4%', 'H2=75.1%', 'H3=100.0%', 'H4=100.0%', 'H5=100.0%', 'H6=100.0%', 'H7=100.0%', 'H8=100.0%', 'H9=100.0%', 'H10=100.0%', 'H11=100.0%', 'H12=100.0%', 'H13=100.0%', 'H14=100.0%', 'H15=100.0%', 'H16=100.0%']
  per_ACT_puzzle_acc: ['H1=0.0%', 'H2=0.0%', 'H3=97.1%', 'H4=100.0%', 'H5=99.0%', 'H6=99.0%', 'H7=99.0%', 'H8=99.0%', 'H9=99.0%', 'H10=99.0%', 'H11=99.0%', 'H12=99.0%', 'H13=99.0%', 'H14=99.0%', 'H15=99.0%', 'H16=99.0%']
  mean_sigmoid_q_halt: ['0.096', '0.283', '0.965', '0.984', '0.984', '0.992', '0.996', '0.996', '0.996', '0.996', '0.996', '0.996', '0.996', '0.996', '0.996', '0.996']
  halt_rates: ['0.00', '0.00', '0.96', '0.99', '0.99', '1.00', '1.00', '1.00', '1.00', '1.00', '1.00', '1.00', '1.00', '1.00', '1.00', '1.00']
  halt_histogram %: [77.8, 17.5, 2.6, 0.6, 0.2, 0.1, 0.1, 0.1, 0.0, 0.0, 0.0, 0.0, 0.0, 0.0, 0.0, 0.8]
  Avg ACT steps (last 100): 1.13
  saved: /home/jvdillon/projects/sic/code/maze/ckpts/x08/step13000.pt acc=99.54% (0.078s)
Step 13000  Test 99.54% / 94.00% (halt: 99.51%/80.30%)  Train lm=0.6641±0.0027ϵ[0.6641,0.7148] n_halted=109.5080±9.1093ϵ[27.0000,122.0000]  TrainAcc 99.99%/98.20% (halt: 100.00%/98.50%)  (54.858s / 351.767s)
  n_active=128.0000±0.0000ϵ[128.0000,128.0000] n_expunged=0.0000±0.0000ϵ[0.0000,0.0000] pool_util=1.0000±0.0000ϵ[1.0000,1.0000]
  path_valid=99.50%, exact_match=83.00%
  eval_avg_halt_step: 1.31
  per_H_acc: ['H0=11.2%', 'H1=0.7%', 'H2=0.0%']
  H_cos: ['0.816', '0.957']
  z_H_delta: ['23.125', '15.750']
  cells: fixed=[525, 0] broken=[22318, 1490]
  per_ACT_cell_acc: ['H1=54.4%', 'H2=94.8%', 'H3=99.4%', 'H4=99.5%', 'H5=99.5%', 'H6=99.5%', 'H7=99.5%', 'H8=99.5%', 'H9=99.5%', 'H10=99.5%', 'H11=99.5%', 'H12=99.5%', 'H13=99.5%', 'H14=99.5%', 'H15=99.5%', 'H16=99.5%']
  per_ACT_puzzle_acc: ['H1=0.0%', 'H2=0.0%', 'H3=72.4%', 'H4=81.9%', 'H5=83.6%', 'H6=84.1%', 'H7=83.6%', 'H8=84.1%', 'H9=83.6%', 'H10=83.2%', 'H11=83.2%', 'H12=83.2%', 'H13=83.2%', 'H14=83.2%', 'H15=83.2%', 'H16=83.2%']
  mean_sigmoid_q_halt: ['0.091', '0.071', '0.797', '0.895', '0.938', '0.957', '0.965', '0.965', '0.969', '0.973', '0.973', '0.973', '0.977', '0.977', '0.980', '0.980']
  halt_rates: ['0.00', '0.00', '0.81', '0.93', '0.97', '0.99', '0.98', '0.98', '0.98', '0.98', '0.98', '0.98', '0.99', '0.99', '1.00', '1.00']
  halt_histogram %: [78.2, 17.2, 2.5, 0.6, 0.2, 0.1, 0.1, 0.1, 0.0, 0.0, 0.0, 0.0, 0.0, 0.0, 0.0, 0.8]
  Avg ACT steps (last 100): 1.10
  eval_avg_halt_step: 1.03
  per_H_acc: ['H0=10.4%', 'H1=0.6%', 'H2=0.0%']
  H_cos: ['0.816', '0.957']
  z_H_delta: ['23.125', '15.812']
  cells: fixed=[255, 0] broken=[9381, 575]
  per_ACT_cell_acc: ['H1=54.7%', 'H2=95.1%', 'H3=100.0%', 'H4=100.0%', 'H5=100.0%', 'H6=100.0%', 'H7=100.0%', 'H8=100.0%', 'H9=100.0%', 'H10=100.0%', 'H11=100.0%', 'H12=100.0%', 'H13=100.0%', 'H14=100.0%', 'H15=100.0%', 'H16=100.0%']
  per_ACT_puzzle_acc: ['H1=0.0%', 'H2=0.0%', 'H3=96.2%', 'H4=100.0%', 'H5=100.0%', 'H6=100.0%', 'H7=100.0%', 'H8=100.0%', 'H9=100.0%', 'H10=100.0%', 'H11=100.0%', 'H12=100.0%', 'H13=100.0%', 'H14=100.0%', 'H15=100.0%', 'H16=100.0%']
  mean_sigmoid_q_halt: ['0.092', '0.068', '0.945', '0.984', '0.988', '0.988', '0.992', '0.992', '0.992', '0.992', '0.992', '0.992', '0.992', '0.992', '0.992', '0.992']
  halt_rates: ['0.00', '0.00', '0.96', '1.00', '1.00', '1.00', '1.00', '1.00', '1.00', '1.00', '1.00', '1.00', '1.00', '1.00', '1.00', '1.00']
  halt_histogram %: [78.2, 17.2, 2.5, 0.6, 0.2, 0.1, 0.1, 0.1, 0.0, 0.0, 0.0, 0.0, 0.0, 0.0, 0.0, 0.8]
  Avg ACT steps (last 100): 1.10
  saved: /home/jvdillon/projects/sic/code/maze/ckpts/x08/step13500.pt acc=99.48% (0.078s)
Step 13500  Test 99.48% / 91.00% (halt: 99.47%/81.30%)  Train lm=0.6641±0.0024ϵ[0.6641,0.6953] n_halted=109.6100±8.4603ϵ[26.0000,123.0000]  TrainAcc 99.97%/97.70% (halt: 99.98%/98.60%)  (54.875s / 360.042s)
  n_active=128.0000±0.0000ϵ[128.0000,128.0000] n_expunged=0.0000±0.0000ϵ[0.0000,0.0000] pool_util=1.0000±0.0000ϵ[1.0000,1.0000]
  path_valid=99.00%, exact_match=80.80%
  eval_avg_halt_step: 1.23
  per_H_acc: ['H0=0.1%', 'H1=20.3%', 'H2=0.0%']
  H_cos: ['0.734', '0.863']
  z_H_delta: ['21.625', '21.000']
  cells: fixed=[42298, 0] broken=[226, 42304]
  per_ACT_cell_acc: ['H1=55.4%', 'H2=68.7%', 'H3=99.3%', 'H4=99.5%', 'H5=99.5%', 'H6=99.5%', 'H7=99.4%', 'H8=99.4%', 'H9=99.5%', 'H10=99.5%', 'H11=99.5%', 'H12=99.4%', 'H13=99.5%', 'H14=99.5%', 'H15=99.4%', 'H16=99.4%']
  per_ACT_puzzle_acc: ['H1=0.0%', 'H2=0.0%', 'H3=70.7%', 'H4=83.2%', 'H5=83.6%', 'H6=83.6%', 'H7=83.6%', 'H8=83.6%', 'H9=84.1%', 'H10=83.6%', 'H11=82.3%', 'H12=81.5%', 'H13=81.5%', 'H14=80.6%', 'H15=81.0%', 'H16=80.6%']
  mean_sigmoid_q_halt: ['0.146', '0.354', '0.812', '0.938', '0.961', '0.977', '0.980', '0.984', '0.984', '0.980', '0.984', '0.984', '0.984', '0.980', '0.984', '0.977']
  halt_rates: ['0.00', '0.00', '0.81', '0.95', '0.98', '0.99', '0.99', '1.00', '1.00', '1.00', '1.00', '1.00', '1.00', '0.99', '1.00', '0.99']
  halt_histogram %: [78.6, 17.0, 2.5, 0.5, 0.2, 0.1, 0.1, 0.1, 0.0, 0.0, 0.0, 0.0, 0.0, 0.0, 0.0, 0.7]
  Avg ACT steps (last 100): 1.35
  eval_avg_halt_step: 1.06
  per_H_acc: ['H0=0.1%', 'H1=21.8%', 'H2=0.0%']
  H_cos: ['0.730', '0.859']
  z_H_delta: ['21.625', '21.250']
  cells: fixed=[20392, 0] broken=[102, 20394]
  per_ACT_cell_acc: ['H1=54.1%', 'H2=66.9%', 'H3=99.9%', 'H4=99.9%', 'H5=99.9%', 'H6=100.0%', 'H7=100.0%', 'H8=100.0%', 'H9=99.9%', 'H10=99.9%', 'H11=99.9%', 'H12=99.9%', 'H13=99.9%', 'H14=99.9%', 'H15=99.9%', 'H16=99.9%']
  per_ACT_puzzle_acc: ['H1=0.0%', 'H2=0.0%', 'H3=92.3%', 'H4=95.2%', 'H5=96.2%', 'H6=97.1%', 'H7=96.2%', 'H8=97.1%', 'H9=95.2%', 'H10=95.2%', 'H11=95.2%', 'H12=94.2%', 'H13=95.2%', 'H14=94.2%', 'H15=94.2%', 'H16=94.2%']
  mean_sigmoid_q_halt: ['0.144', '0.357', '0.941', '0.988', '0.980', '0.980', '0.973', '0.977', '0.965', '0.969', '0.969', '0.969', '0.973', '0.961', '0.965', '0.965']
  halt_rates: ['0.00', '0.00', '0.94', '1.00', '0.98', '0.99', '0.98', '0.97', '0.96', '0.97', '0.97', '0.97', '0.97', '0.96', '0.96', '0.96']
  halt_histogram %: [78.6, 17.0, 2.5, 0.5, 0.2, 0.1, 0.1, 0.1, 0.0, 0.0, 0.0, 0.0, 0.0, 0.0, 0.0, 0.7]
  Avg ACT steps (last 100): 1.35
  saved: /home/jvdillon/projects/sic/code/maze/ckpts/x08/step14000.pt acc=99.44% (0.079s)
Step 14000  Test 99.44% / 89.60% (halt: 99.40%/79.10%)  Train lm=0.6641±0.0012ϵ[0.6602,0.6758] n_halted=111.1680±5.7746ϵ[68.0000,124.0000]  TrainAcc 99.97%/94.70% (halt: 99.97%/97.40%)  (54.894s / 343.338s)
  n_active=128.0000±0.0000ϵ[128.0000,128.0000] n_expunged=0.0000±0.0000ϵ[0.0000,0.0000] pool_util=1.0000±0.0000ϵ[1.0000,1.0000]
  path_valid=99.30%, exact_match=85.00%
  eval_avg_halt_step: 1.20
  per_H_acc: ['H0=0.1%', 'H1=0.5%', 'H2=0.0%']
  H_cos: ['0.645', '0.965']
  z_H_delta: ['24.000', '14.938']
  cells: fixed=[976, 0] broken=[232, 976]
  per_ACT_cell_acc: ['H1=34.9%', 'H2=96.0%', 'H3=99.5%', 'H4=99.6%', 'H5=99.6%', 'H6=99.6%', 'H7=99.6%', 'H8=99.6%', 'H9=99.6%', 'H10=99.6%', 'H11=99.6%', 'H12=99.6%', 'H13=99.6%', 'H14=99.6%', 'H15=99.6%', 'H16=99.6%']
  per_ACT_puzzle_acc: ['H1=0.0%', 'H2=0.0%', 'H3=79.3%', 'H4=84.1%', 'H5=85.3%', 'H6=86.2%', 'H7=86.2%', 'H8=86.2%', 'H9=86.2%', 'H10=86.6%', 'H11=86.2%', 'H12=86.2%', 'H13=85.8%', 'H14=85.8%', 'H15=85.8%', 'H16=85.8%']
  mean_sigmoid_q_halt: ['0.113', '0.438', '0.879', '0.926', '0.953', '0.973', '0.977', '0.980', '0.980', '0.984', '0.988', '0.988', '0.988', '0.988', '0.992', '0.992']
  halt_rates: ['0.00', '0.29', '0.88', '0.91', '0.96', '0.97', '0.97', '0.98', '0.98', '0.99', '0.99', '0.99', '0.99', '1.00', '1.00', '1.00']
  halt_histogram %: [79.0, 16.7, 2.4, 0.5, 0.2, 0.1, 0.1, 0.1, 0.0, 0.0, 0.0, 0.0, 0.0, 0.0, 0.0, 0.7]
  Avg ACT steps (last 100): 1.07
  eval_avg_halt_step: 1.01
  per_H_acc: ['H0=0.1%', 'H1=0.4%', 'H2=0.0%']
  H_cos: ['0.645', '0.965']
  z_H_delta: ['24.000', '14.938']
  cells: fixed=[374, 0] broken=[104, 374]
  per_ACT_cell_acc: ['H1=35.6%', 'H2=96.7%', 'H3=100.0%', 'H4=100.0%', 'H5=100.0%', 'H6=100.0%', 'H7=100.0%', 'H8=100.0%', 'H9=100.0%', 'H10=100.0%', 'H11=100.0%', 'H12=100.0%', 'H13=100.0%', 'H14=100.0%', 'H15=100.0%', 'H16=100.0%']
  per_ACT_puzzle_acc: ['H1=0.0%', 'H2=0.0%', 'H3=97.1%', 'H4=97.1%', 'H5=97.1%', 'H6=97.1%', 'H7=97.1%', 'H8=97.1%', 'H9=97.1%', 'H10=98.1%', 'H11=97.1%', 'H12=96.2%', 'H13=95.2%', 'H14=95.2%', 'H15=95.2%', 'H16=95.2%']
  mean_sigmoid_q_halt: ['0.114', '0.449', '0.977', '0.980', '0.984', '0.988', '0.988', '0.988', '0.988', '0.992', '0.996', '0.996', '0.996', '0.996', '0.996', '0.996']
  halt_rates: ['0.00', '0.28', '0.98', '0.98', '0.99', '0.99', '0.99', '0.99', '0.99', '0.99', '1.00', '1.00', '1.00', '1.00', '1.00', '1.00']
  halt_histogram %: [79.0, 16.7, 2.4, 0.5, 0.2, 0.1, 0.1, 0.1, 0.0, 0.0, 0.0, 0.0, 0.0, 0.0, 0.0, 0.7]
  Avg ACT steps (last 100): 1.07
  saved: /home/jvdillon/projects/sic/code/maze/ckpts/x08/step14500.pt acc=99.55% (0.079s)
  saved: /home/jvdillon/projects/sic/code/maze/ckpts/x08/best.pt acc=99.55% (0.162s)
Step 14500  Test 99.55% / 93.30% (halt: 99.52%/82.80%)  Train lm=0.6641±0.0012ϵ[0.6602,0.6719] n_halted=112.1020±4.9877ϵ[84.0000,122.0000]  TrainAcc 99.99%/97.60% (halt: 99.99%/98.80%)  (54.987s / 352.859s)
  n_active=128.0000±0.0000ϵ[128.0000,128.0000] n_expunged=0.0000±0.0000ϵ[0.0000,0.0000] pool_util=1.0000±0.0000ϵ[1.0000,1.0000]
  path_valid=99.90%, exact_match=83.90%
  eval_avg_halt_step: 1.18
  per_H_acc: ['H0=14.0%', 'H1=0.0%', 'H2=0.0%']
  H_cos: ['0.660', '0.953']
  z_H_delta: ['24.500', '15.062']
  cells: fixed=[23, 0] broken=[29193, 30]
  per_ACT_cell_acc: ['H1=37.1%', 'H2=91.1%', 'H3=99.4%', 'H4=99.5%', 'H5=99.5%', 'H6=99.5%', 'H7=99.5%', 'H8=99.5%', 'H9=99.5%', 'H10=99.5%', 'H11=99.5%', 'H12=99.5%', 'H13=99.5%', 'H14=99.5%', 'H15=99.5%', 'H16=99.5%']
  per_ACT_puzzle_acc: ['H1=0.0%', 'H2=0.0%', 'H3=75.4%', 'H4=84.5%', 'H5=84.5%', 'H6=84.9%', 'H7=84.9%', 'H8=84.9%', 'H9=85.3%', 'H10=84.9%', 'H11=84.9%', 'H12=84.9%', 'H13=84.9%', 'H14=84.9%', 'H15=84.9%', 'H16=84.9%']
  mean_sigmoid_q_halt: ['0.098', '0.426', '0.824', '0.949', '0.973', '0.980', '0.984', '0.984', '0.984', '0.988', '0.988', '0.988', '0.988', '0.988', '0.988', '0.988']
  halt_rates: ['0.00', '0.15', '0.84', '0.97', '0.99', '0.99', '1.00', '1.00', '1.00', '1.00', '1.00', '1.00', '1.00', '1.00', '1.00', '1.00']
  halt_histogram %: [79.3, 16.5, 2.4, 0.5, 0.2, 0.1, 0.1, 0.1, 0.0, 0.0, 0.0, 0.0, 0.0, 0.0, 0.0, 0.7]
  Avg ACT steps (last 100): 1.09
  eval_avg_halt_step: 1.03
  per_H_acc: ['H0=13.7%', 'H1=0.0%', 'H2=0.0%']
  H_cos: ['0.660', '0.953']
  z_H_delta: ['24.500', '15.125']
  cells: fixed=[10, 0] broken=[12851, 12]
  per_ACT_cell_acc: ['H1=37.2%', 'H2=91.0%', 'H3=100.0%', 'H4=100.0%', 'H5=100.0%', 'H6=100.0%', 'H7=100.0%', 'H8=100.0%', 'H9=100.0%', 'H10=100.0%', 'H11=100.0%', 'H12=100.0%', 'H13=100.0%', 'H14=100.0%', 'H15=100.0%', 'H16=100.0%']
  per_ACT_puzzle_acc: ['H1=0.0%', 'H2=0.0%', 'H3=99.0%', 'H4=99.0%', 'H5=99.0%', 'H6=99.0%', 'H7=99.0%', 'H8=99.0%', 'H9=99.0%', 'H10=99.0%', 'H11=99.0%', 'H12=99.0%', 'H13=99.0%', 'H14=99.0%', 'H15=99.0%', 'H16=99.0%']
  mean_sigmoid_q_halt: ['0.096', '0.420', '0.988', '0.992', '0.992', '0.992', '0.988', '0.988', '0.992', '0.992', '0.992', '0.992', '0.992', '0.992', '0.992', '0.992']
  halt_rates: ['0.00', '0.11', '0.99', '1.00', '1.00', '1.00', '1.00', '1.00', '1.00', '1.00', '1.00', '1.00', '1.00', '1.00', '1.00', '1.00']
  halt_histogram %: [79.3, 16.5, 2.4, 0.5, 0.2, 0.1, 0.1, 0.1, 0.0, 0.0, 0.0, 0.0, 0.0, 0.0, 0.0, 0.7]
  Avg ACT steps (last 100): 1.09
  saved: /home/jvdillon/projects/sic/code/maze/ckpts/x08/step15000.pt acc=99.45% (0.077s)
Step 15000  Test 99.45% / 92.20% (halt: 99.45%/82.30%)  Train lm=0.6641±0.0012ϵ[0.6641,0.6758] n_halted=110.9440±5.9514ϵ[79.0000,121.0000]  TrainAcc 99.99%/99.50% (halt: 99.98%/99.20%)  (54.919s / 342.618s)
  n_active=128.0000±0.0000ϵ[128.0000,128.0000] n_expunged=0.0000±0.0000ϵ[0.0000,0.0000] pool_util=1.0000±0.0000ϵ[1.0000,1.0000]
  path_valid=99.60%, exact_match=76.10%
  eval_avg_halt_step: 1.38
  per_H_acc: ['H0=26.4%', 'H1=0.0%', 'H2=0.0%']
  H_cos: ['0.773', '0.938']
  z_H_delta: ['23.625', '18.625']
  cells: fixed=[2, 0] broken=[55036, 5]
  per_ACT_cell_acc: ['H1=35.6%', 'H2=91.7%', 'H3=99.3%', 'H4=99.4%', 'H5=99.4%', 'H6=99.4%', 'H7=99.4%', 'H8=99.4%', 'H9=99.4%', 'H10=99.4%', 'H11=99.4%', 'H12=99.4%', 'H13=99.4%', 'H14=99.4%', 'H15=99.4%', 'H16=99.4%']
  per_ACT_puzzle_acc: ['H1=0.0%', 'H2=0.0%', 'H3=74.1%', 'H4=82.3%', 'H5=83.6%', 'H6=83.6%', 'H7=82.3%', 'H8=82.8%', 'H9=81.9%', 'H10=81.5%', 'H11=81.5%', 'H12=81.5%', 'H13=80.2%', 'H14=80.2%', 'H15=79.7%', 'H16=78.9%']
  mean_sigmoid_q_halt: ['0.227', '0.177', '0.750', '0.859', '0.887', '0.902', '0.898', '0.922', '0.914', '0.930', '0.934', '0.926', '0.938', '0.934', '0.938', '0.938']
  halt_rates: ['0.00', '0.00', '0.77', '0.91', '0.94', '0.97', '0.97', '0.98', '0.98', '0.98', '0.98', '0.98', '0.99', '0.99', '0.99', '0.99']
  halt_histogram %: [79.5, 16.4, 2.3, 0.5, 0.2, 0.1, 0.1, 0.1, 0.0, 0.0, 0.0, 0.0, 0.0, 0.0, 0.0, 0.7]
  Avg ACT steps (last 100): 2.89
  eval_avg_halt_step: 1.07
  per_H_acc: ['H0=26.8%', 'H1=0.0%', 'H2=0.0%']
  H_cos: ['0.773', '0.934']
  z_H_delta: ['23.625', '19.000']
  cells: fixed=[2, 0] broken=[25107, 2]
  per_ACT_cell_acc: ['H1=35.2%', 'H2=91.2%', 'H3=100.0%', 'H4=100.0%', 'H5=100.0%', 'H6=100.0%', 'H7=100.0%', 'H8=100.0%', 'H9=100.0%', 'H10=100.0%', 'H11=100.0%', 'H12=100.0%', 'H13=100.0%', 'H14=100.0%', 'H15=100.0%', 'H16=100.0%']
  per_ACT_puzzle_acc: ['H1=0.0%', 'H2=0.0%', 'H3=97.1%', 'H4=100.0%', 'H5=99.0%', 'H6=99.0%', 'H7=98.1%', 'H8=93.3%', 'H9=91.3%', 'H10=90.4%', 'H11=91.3%', 'H12=91.3%', 'H13=91.3%', 'H14=90.4%', 'H15=90.4%', 'H16=91.3%']
  mean_sigmoid_q_halt: ['0.228', '0.175', '0.945', '0.973', '0.969', '0.957', '0.949', '0.953', '0.938', '0.941', '0.930', '0.934', '0.941', '0.922', '0.938', '0.938']
  halt_rates: ['0.00', '0.00', '0.96', '1.00', '0.99', '0.99', '0.99', '0.99', '0.99', '0.98', '0.98', '0.99', '0.98', '0.98', '0.98', '0.99']
  halt_histogram %: [79.5, 16.4, 2.3, 0.5, 0.2, 0.1, 0.1, 0.1, 0.0, 0.0, 0.0, 0.0, 0.0, 0.0, 0.0, 0.7]
  Avg ACT steps (last 100): 2.89
  saved: /home/jvdillon/projects/sic/code/maze/ckpts/x08/step15500.pt acc=99.42% (0.078s)
Step 15500  Test 99.42% / 91.30% (halt: 99.43%/81.90%)  Train lm=0.6641±0.0023ϵ[0.6641,0.6797] n_halted=109.0760±11.7949ϵ[24.0000,122.0000]  TrainAcc 99.96%/91.30% (halt: 99.98%/98.90%)  (54.838s / 354.669s)
  n_active=128.0000±0.0000ϵ[128.0000,128.0000] n_expunged=0.0000±0.0000ϵ[0.0000,0.0000] pool_util=1.0000±0.0000ϵ[1.0000,1.0000]
  path_valid=99.50%, exact_match=79.60%
  eval_avg_halt_step: 1.31
  per_H_acc: ['H0=19.7%', 'H1=20.3%', 'H2=0.0%']
  H_cos: ['0.902', '0.828']
  z_H_delta: ['21.125', '22.875']
  cells: fixed=[20399, 0] broken=[19034, 42399]
  per_ACT_cell_acc: ['H1=32.3%', 'H2=70.9%', 'H3=99.3%', 'H4=99.4%', 'H5=99.4%', 'H6=99.4%', 'H7=99.4%', 'H8=99.4%', 'H9=99.5%', 'H10=99.5%', 'H11=99.5%', 'H12=99.4%', 'H13=99.5%', 'H14=99.4%', 'H15=99.5%', 'H16=99.5%']
  per_ACT_puzzle_acc: ['H1=0.0%', 'H2=0.0%', 'H3=71.6%', 'H4=78.4%', 'H5=81.0%', 'H6=81.9%', 'H7=82.8%', 'H8=82.8%', 'H9=82.3%', 'H10=82.3%', 'H11=81.9%', 'H12=81.5%', 'H13=81.0%', 'H14=81.0%', 'H15=80.6%', 'H16=80.6%']
  mean_sigmoid_q_halt: ['0.096', '0.229', '0.820', '0.883', '0.930', '0.953', '0.973', '0.977', '0.980', '0.980', '0.984', '0.980', '0.980', '0.980', '0.980', '0.980']
  halt_rates: ['0.00', '0.00', '0.83', '0.90', '0.96', '0.98', '0.98', '0.99', '0.99', '0.99', '0.99', '0.99', '0.99', '0.99', '0.99', '0.99']
  halt_histogram %: [79.8, 16.2, 2.3, 0.5, 0.2, 0.1, 0.1, 0.1, 0.0, 0.0, 0.0, 0.0, 0.0, 0.0, 0.0, 0.6]
  Avg ACT steps (last 100): 1.16
  eval_avg_halt_step: 1.03
  per_H_acc: ['H0=20.2%', 'H1=20.3%', 'H2=0.0%']
  H_cos: ['0.902', '0.828']
  z_H_delta: ['21.125', '23.000']
  cells: fixed=[9052, 0] broken=[8996, 18958]
  per_ACT_cell_acc: ['H1=32.4%', 'H2=71.1%', 'H3=100.0%', 'H4=100.0%', 'H5=100.0%', 'H6=100.0%', 'H7=100.0%', 'H8=100.0%', 'H9=100.0%', 'H10=100.0%', 'H11=100.0%', 'H12=100.0%', 'H13=100.0%', 'H14=100.0%', 'H15=100.0%', 'H16=100.0%']
  per_ACT_puzzle_acc: ['H1=0.0%', 'H2=0.0%', 'H3=97.1%', 'H4=100.0%', 'H5=100.0%', 'H6=100.0%', 'H7=100.0%', 'H8=100.0%', 'H9=100.0%', 'H10=100.0%', 'H11=100.0%', 'H12=100.0%', 'H13=100.0%', 'H14=99.0%', 'H15=99.0%', 'H16=100.0%']
  mean_sigmoid_q_halt: ['0.096', '0.222', '0.980', '0.992', '0.992', '0.992', '0.992', '0.992', '0.992', '0.992', '0.992', '0.992', '0.988', '0.988', '0.988', '0.988']
  halt_rates: ['0.00', '0.00', '0.99', '1.00', '1.00', '1.00', '1.00', '1.00', '1.00', '1.00', '1.00', '1.00', '1.00', '1.00', '1.00', '1.00']
  halt_histogram %: [79.8, 16.2, 2.3, 0.5, 0.2, 0.1, 0.1, 0.1, 0.0, 0.0, 0.0, 0.0, 0.0, 0.0, 0.0, 0.6]
  Avg ACT steps (last 100): 1.16
  saved: /home/jvdillon/projects/sic/code/maze/ckpts/x08/step16000.pt acc=99.47% (0.079s)
Step 16000  Test 99.47% / 89.90% (halt: 99.45%/79.20%)  Train lm=0.6641±0.0016ϵ[0.6641,0.6836] n_halted=110.4300±7.0915ϵ[56.0000,121.0000]  TrainAcc 99.99%/96.10% (halt: 99.99%/97.90%)  (54.891s / 370.443s)
  n_active=128.0000±0.0000ϵ[128.0000,128.0000] n_expunged=0.0000±0.0000ϵ[0.0000,0.0000] pool_util=1.0000±0.0000ϵ[1.0000,1.0000]
