Adam params: ('embed_tokens.weight', 'head.weight', 'head.bias', 'q_head.weight', 'q_head.bias', 'puzzle_id_embed.weight')
Muon 2D params: ('reasoning.0.attn.o_proj.weight', 'reasoning.0.mlp.up_proj.weight', 'reasoning.0.mlp.down_proj.weight', 'reasoning.1.attn.o_proj.weight', 'reasoning.1.mlp.up_proj.weight', 'reasoning.1.mlp.down_proj.weight')
Muon 3D params (ensemble_dims=1): ('reasoning.0.attn.qkv_proj.weight', 'reasoning.1.attn.qkv_proj.weight')
Saved step 0 checkpoint with RNG: /home/jvdillon/projects/sic/code/maze/ckpts/x08a/step00000_rng.pt
  cell_acc=91.02%, puzzle_acc=0.00%
  eval_avg_halt_step: 16.00
  per_H_acc: ['H0=43.1%', 'H1=87.3%', 'H2=87.9%']
  H_cos: ['0.582', '0.977']
  z_H_delta: ['30.250', '5.438']
  cells: fixed=[92215, 2008] broken=[0, 759]
  per_ACT_cell_acc: ['H1=43.1%', 'H2=87.3%', 'H3=87.9%', 'H4=89.1%', 'H5=90.0%', 'H6=90.5%', 'H7=90.7%', 'H8=90.8%', 'H9=90.9%', 'H10=90.9%', 'H11=91.0%', 'H12=91.0%', 'H13=91.0%', 'H14=91.0%', 'H15=91.0%', 'H16=91.0%']
  per_ACT_puzzle_acc: ['H1=0.0%', 'H2=0.0%', 'H3=0.0%', 'H4=0.0%', 'H5=0.0%', 'H6=0.0%', 'H7=0.0%', 'H8=0.0%', 'H9=0.0%', 'H10=0.0%', 'H11=0.0%', 'H12=0.0%', 'H13=0.0%', 'H14=0.0%', 'H15=0.0%', 'H16=0.0%']
  mean_sigmoid_q_halt: ['0.008', '0.000', '0.000', '0.000', '0.000', '0.000', '0.000', '0.000', '0.000', '0.000', '0.000', '0.000', '0.000', '0.000', '0.000', '0.000']
  halt_rates: ['0.00', '0.00', '0.00', '0.00', '0.00', '0.00', '0.00', '0.00', '0.00', '0.00', '0.00', '0.00', '0.00', '0.00', '0.00', '0.00']
  halt_histogram %: [0.0, 0.0, 0.0, 0.0, 0.0, 0.0, 0.0, 0.0, 0.0, 0.0, 0.0, 0.0, 0.0, 0.0, 0.0, 100.0]
  Avg ACT steps (last 100): 16.00
  saved: /home/jvdillon/projects/sic/code/maze/ckpts/x08a/step00500.pt acc=91.02% (0.059s)
  saved: /home/jvdillon/projects/sic/code/maze/ckpts/x08a/best.pt acc=91.02% (0.114s)
Step   500  Test 91.02% /  0.00%  Train lm=0.9023±0.1108ϵ[0.7773,1.9297] n_halted=7.9360±30.8988ϵ[0.0000,128.0000]  (37.030s / 184.363s)
  n_active=128.0000±0.0000ϵ[128.0000,128.0000] n_expunged=0.0000±0.0000ϵ[0.0000,0.0000] pool_util=1.0000±0.0000ϵ[1.0000,1.0000]
  cell_acc=97.50%, puzzle_acc=30.90%
  eval_avg_halt_step: 7.80
  per_H_acc: ['H0=72.6%', 'H1=87.7%', 'H2=94.1%']
  H_cos: ['0.586', '0.953']
  z_H_delta: ['27.500', '9.438']
  cells: fixed=[38337, 20535] broken=[6809, 7037]
  per_ACT_cell_acc: ['H1=72.6%', 'H2=87.7%', 'H3=94.1%', 'H4=96.1%', 'H5=96.7%', 'H6=96.9%', 'H7=97.1%', 'H8=97.2%', 'H9=97.2%', 'H10=97.2%', 'H11=97.3%', 'H12=97.3%', 'H13=97.3%', 'H14=97.3%', 'H15=97.3%', 'H16=97.3%']
  per_ACT_puzzle_acc: ['H1=0.0%', 'H2=0.0%', 'H3=0.0%', 'H4=3.0%', 'H5=9.1%', 'H6=11.6%', 'H7=18.1%', 'H8=21.1%', 'H9=22.8%', 'H10=26.7%', 'H11=28.0%', 'H12=28.4%', 'H13=28.9%', 'H14=29.3%', 'H15=29.7%', 'H16=29.7%']
  mean_sigmoid_q_halt: ['0.275', '0.003', '0.001', '0.043', '0.128', '0.217', '0.305', '0.369', '0.402', '0.443', '0.465', '0.486', '0.494', '0.496', '0.508', '0.508']
  halt_rates: ['0.03', '0.00', '0.00', '0.03', '0.10', '0.21', '0.31', '0.39', '0.43', '0.48', '0.52', '0.53', '0.55', '0.55', '0.56', '0.58']
  halt_histogram %: [0.0, 6.5, 9.7, 7.8, 5.9, 3.7, 3.2, 2.3, 2.2, 1.8, 1.5, 1.3, 1.2, 1.1, 1.0, 50.8]
  Avg ACT steps (last 100): 4.68
  saved: /home/jvdillon/projects/sic/code/maze/ckpts/x08a/step01000.pt acc=97.50% (0.059s)
  saved: /home/jvdillon/projects/sic/code/maze/ckpts/x08a/best.pt acc=97.50% (0.160s)
Step  1000  Test 97.50% / 30.90%  Train lm=0.7734±0.0193ϵ[0.7422,0.8867] n_halted=15.4020±19.4525ϵ[0.0000,128.0000]  (27.743s / 174.572s)
  n_active=128.0000±0.0000ϵ[128.0000,128.0000] n_expunged=0.0000±0.0000ϵ[0.0000,0.0000] pool_util=1.0000±0.0000ϵ[1.0000,1.0000]
  cell_acc=98.75%, puzzle_acc=57.50%
  eval_avg_halt_step: 2.83
  per_H_acc: ['H0=78.4%', 'H1=89.3%', 'H2=97.5%']
  H_cos: ['0.805', '0.926']
  z_H_delta: ['25.250', '13.250']
  cells: fixed=[30817, 19814] broken=[7979, 2753]
  per_ACT_cell_acc: ['H1=78.4%', 'H2=89.3%', 'H3=97.5%', 'H4=98.4%', 'H5=98.6%', 'H6=98.6%', 'H7=98.6%', 'H8=98.7%', 'H9=98.7%', 'H10=98.7%', 'H11=98.7%', 'H12=98.7%', 'H13=98.7%', 'H14=98.7%', 'H15=98.7%', 'H16=98.7%']
  per_ACT_puzzle_acc: ['H1=0.0%', 'H2=0.0%', 'H3=10.3%', 'H4=40.9%', 'H5=55.6%', 'H6=60.8%', 'H7=62.5%', 'H8=62.1%', 'H9=61.2%', 'H10=61.2%', 'H11=60.3%', 'H12=60.3%', 'H13=59.9%', 'H14=59.5%', 'H15=59.9%', 'H16=59.9%']
  mean_sigmoid_q_halt: ['0.239', '0.381', '0.144', '0.547', '0.711', '0.824', '0.855', '0.859', '0.875', '0.887', '0.891', '0.891', '0.891', '0.887', '0.891', '0.891']
  halt_rates: ['0.00', '0.34', '0.11', '0.54', '0.75', '0.86', '0.88', '0.89', '0.91', '0.93', '0.93', '0.93', '0.93', '0.92', '0.94', '0.93']
  halt_histogram %: [4.0, 45.4, 15.3, 6.3, 3.5, 2.0, 1.5, 1.1, 1.0, 0.8, 0.6, 0.6, 0.5, 0.4, 0.4, 16.6]
  Avg ACT steps (last 100): 2.13
  saved: /home/jvdillon/projects/sic/code/maze/ckpts/x08a/step01500.pt acc=98.75% (0.056s)
  saved: /home/jvdillon/projects/sic/code/maze/ckpts/x08a/best.pt acc=98.75% (0.160s)
Step  1500  Test 98.75% / 57.50%  Train lm=0.7383±0.0089ϵ[0.7227,0.7656] n_halted=49.2180±18.3772ϵ[1.0000,98.0000]  (27.706s / 174.609s)
  n_active=128.0000±0.0000ϵ[128.0000,128.0000] n_expunged=0.0000±0.0000ϵ[0.0000,0.0000] pool_util=1.0000±0.0000ϵ[1.0000,1.0000]
  cell_acc=87.67%, puzzle_acc=0.00%
  eval_avg_halt_step: 16.00
  per_H_acc: ['H0=79.9%', 'H1=84.7%', 'H2=90.2%']
  H_cos: ['0.906', '0.953']
  z_H_delta: ['20.375', '10.688']
  cells: fixed=[18295, 16223] broken=[8211, 4892]
  per_ACT_cell_acc: ['H1=79.9%', 'H2=84.7%', 'H3=90.2%', 'H4=89.7%', 'H5=89.3%', 'H6=88.9%', 'H7=88.8%', 'H8=88.6%', 'H9=88.5%', 'H10=88.4%', 'H11=88.3%', 'H12=88.3%', 'H13=88.2%', 'H14=88.2%', 'H15=88.2%', 'H16=88.2%']
  per_ACT_puzzle_acc: ['H1=0.0%', 'H2=0.0%', 'H3=0.0%', 'H4=0.0%', 'H5=0.0%', 'H6=0.0%', 'H7=0.0%', 'H8=0.0%', 'H9=0.0%', 'H10=0.0%', 'H11=0.0%', 'H12=0.0%', 'H13=0.0%', 'H14=0.0%', 'H15=0.0%', 'H16=0.0%']
  mean_sigmoid_q_halt: ['0.010', '0.003', '0.003', '0.003', '0.004', '0.004', '0.004', '0.004', '0.004', '0.004', '0.004', '0.004', '0.004', '0.004', '0.004', '0.004']
  halt_rates: ['0.00', '0.00', '0.00', '0.00', '0.00', '0.00', '0.00', '0.00', '0.00', '0.00', '0.00', '0.00', '0.00', '0.00', '0.00', '0.00']
  halt_histogram %: [16.1, 50.7, 12.5, 4.4, 2.2, 1.2, 0.9, 0.7, 0.6, 0.4, 0.4, 0.3, 0.3, 0.2, 0.2, 8.9]
  Avg ACT steps (last 100): 4.99
  saved: /home/jvdillon/projects/sic/code/maze/ckpts/x08a/step02000.pt acc=87.67% (0.057s)
Step  2000  Test 87.67% /  0.00%  Train lm=0.7305±0.0048ϵ[0.7227,0.7539] n_halted=64.7940±17.1444ϵ[0.0000,101.0000]  (27.692s / 174.804s)
  n_active=128.0000±0.0000ϵ[128.0000,128.0000] n_expunged=0.0000±0.0000ϵ[0.0000,0.0000] pool_util=1.0000±0.0000ϵ[1.0000,1.0000]
  cell_acc=99.14%, puzzle_acc=71.60%
  eval_avg_halt_step: 1.93
  per_H_acc: ['H0=75.9%', 'H1=94.2%', 'H2=98.6%']
  H_cos: ['0.867', '0.965']
  z_H_delta: ['22.375', '10.375']
  cells: fixed=[45249, 9985] broken=[6904, 871]
  per_ACT_cell_acc: ['H1=75.9%', 'H2=94.2%', 'H3=98.6%', 'H4=99.0%', 'H5=99.1%', 'H6=99.2%', 'H7=99.2%', 'H8=99.2%', 'H9=99.2%', 'H10=99.2%', 'H11=99.2%', 'H12=99.2%', 'H13=99.2%', 'H14=99.2%', 'H15=99.2%', 'H16=99.2%']
  per_ACT_puzzle_acc: ['H1=0.0%', 'H2=0.0%', 'H3=34.9%', 'H4=61.2%', 'H5=68.1%', 'H6=70.3%', 'H7=71.1%', 'H8=72.0%', 'H9=71.6%', 'H10=71.1%', 'H11=71.6%', 'H12=71.6%', 'H13=71.6%', 'H14=70.3%', 'H15=71.1%', 'H16=70.7%']
  mean_sigmoid_q_halt: ['0.037', '0.010', '0.430', '0.789', '0.887', '0.926', '0.938', '0.941', '0.945', '0.938', '0.938', '0.938', '0.941', '0.934', '0.941', '0.938']
  halt_rates: ['0.00', '0.00', '0.42', '0.81', '0.91', '0.94', '0.96', '0.97', '0.96', '0.96', '0.96', '0.95', '0.96', '0.96', '0.96', '0.97']
  halt_histogram %: [29.4, 46.3, 10.0, 3.2, 1.5, 0.9, 0.7, 0.5, 0.4, 0.3, 0.3, 0.2, 0.2, 0.1, 0.1, 5.7]
  Avg ACT steps (last 100): 1.87
  saved: /home/jvdillon/projects/sic/code/maze/ckpts/x08a/step02500.pt acc=99.14% (0.055s)
  saved: /home/jvdillon/projects/sic/code/maze/ckpts/x08a/best.pt acc=99.14% (0.158s)
Step  2500  Test 99.14% / 71.60%  Train lm=0.7266±0.0044ϵ[0.7188,0.7773] n_halted=77.9320±18.3842ϵ[0.0000,109.0000]  (27.852s / 174.913s)
  n_active=128.0000±0.0000ϵ[128.0000,128.0000] n_expunged=0.0000±0.0000ϵ[0.0000,0.0000] pool_util=1.0000±0.0000ϵ[1.0000,1.0000]
  cell_acc=98.84%, puzzle_acc=12.40%
  eval_avg_halt_step: 3.77
  per_H_acc: ['H0=53.8%', 'H1=91.9%', 'H2=98.0%']
  H_cos: ['0.785', '0.941']
  z_H_delta: ['26.750', '16.500']
  cells: fixed=[87536, 14603] broken=[7989, 1929]
  per_ACT_cell_acc: ['H1=53.8%', 'H2=91.9%', 'H3=98.0%', 'H4=98.7%', 'H5=98.8%', 'H6=98.9%', 'H7=98.9%', 'H8=98.9%', 'H9=98.9%', 'H10=98.9%', 'H11=98.9%', 'H12=98.9%', 'H13=98.9%', 'H14=98.8%', 'H15=98.8%', 'H16=98.8%']
  per_ACT_puzzle_acc: ['H1=0.0%', 'H2=0.0%', 'H3=13.4%', 'H4=43.1%', 'H5=49.6%', 'H6=50.0%', 'H7=44.0%', 'H8=39.2%', 'H9=34.5%', 'H10=32.3%', 'H11=29.3%', 'H12=27.6%', 'H13=25.9%', 'H14=24.1%', 'H15=22.4%', 'H16=22.0%']
  mean_sigmoid_q_halt: ['0.711', '0.014', '0.188', '0.504', '0.664', '0.746', '0.766', '0.781', '0.781', '0.785', '0.781', '0.797', '0.785', '0.789', '0.777', '0.785']
  halt_rates: ['0.93', '0.00', '0.13', '0.52', '0.68', '0.77', '0.78', '0.78', '0.80', '0.82', '0.81', '0.83', '0.81', '0.81', '0.81', '0.83']
  halt_histogram %: [38.6, 42.2, 8.4, 2.5, 1.2, 0.7, 0.5, 0.4, 0.3, 0.3, 0.2, 0.2, 0.1, 0.1, 0.1, 4.1]
  Avg ACT steps (last 100): 1.33
  saved: /home/jvdillon/projects/sic/code/maze/ckpts/x08a/step03000.pt acc=98.84% (0.056s)
Step  3000  Test 98.84% / 12.40%  Train lm=0.7227±0.0038ϵ[0.7188,0.7773] n_halted=84.2320±18.9762ϵ[0.0000,110.0000]  (27.707s / 174.859s)
  n_active=128.0000±0.0000ϵ[128.0000,128.0000] n_expunged=0.0000±0.0000ϵ[0.0000,0.0000] pool_util=1.0000±0.0000ϵ[1.0000,1.0000]
  cell_acc=99.37%, puzzle_acc=77.10%
  eval_avg_halt_step: 1.67
  per_H_acc: ['H0=83.3%', 'H1=94.1%', 'H2=98.9%']
  H_cos: ['0.910', '0.961']
  z_H_delta: ['20.625', '14.000']
  cells: fixed=[27198, 10882] broken=[4719, 832]
  per_ACT_cell_acc: ['H1=83.3%', 'H2=94.1%', 'H3=98.9%', 'H4=99.1%', 'H5=99.2%', 'H6=99.3%', 'H7=99.3%', 'H8=99.3%', 'H9=99.3%', 'H10=99.2%', 'H11=99.2%', 'H12=99.2%', 'H13=99.2%', 'H14=99.3%', 'H15=99.3%', 'H16=99.3%']
  per_ACT_puzzle_acc: ['H1=0.0%', 'H2=0.0%', 'H3=53.0%', 'H4=70.7%', 'H5=74.6%', 'H6=76.3%', 'H7=76.7%', 'H8=75.9%', 'H9=75.4%', 'H10=74.1%', 'H11=73.7%', 'H12=73.7%', 'H13=74.1%', 'H14=74.1%', 'H15=73.7%', 'H16=74.1%']
  mean_sigmoid_q_halt: ['0.801', '0.013', '0.633', '0.840', '0.898', '0.926', '0.930', '0.938', '0.938', '0.934', '0.926', '0.934', '0.938', '0.930', '0.938', '0.934']
  halt_rates: ['1.00', '0.00', '0.63', '0.87', '0.92', '0.96', '0.96', '0.97', '0.97', '0.97', '0.96', '0.97', '0.97', '0.96', '0.97', '0.96']
  halt_histogram %: [46.3, 37.9, 7.2, 2.1, 1.0, 0.6, 0.4, 0.3, 0.2, 0.2, 0.2, 0.1, 0.1, 0.1, 0.1, 3.2]
  Avg ACT steps (last 100): 1.16
  saved: /home/jvdillon/projects/sic/code/maze/ckpts/x08a/step03500.pt acc=99.37% (0.058s)
  saved: /home/jvdillon/projects/sic/code/maze/ckpts/x08a/best.pt acc=99.37% (0.159s)
Step  3500  Test 99.37% / 77.10%  Train lm=0.7227±0.0027ϵ[0.7188,0.7422] n_halted=93.3080±14.5746ϵ[2.0000,115.0000]  (27.832s / 174.931s)
  n_active=128.0000±0.0000ϵ[128.0000,128.0000] n_expunged=0.0000±0.0000ϵ[0.0000,0.0000] pool_util=1.0000±0.0000ϵ[1.0000,1.0000]
  cell_acc=98.73%, puzzle_acc=57.80%
  eval_avg_halt_step: 3.77
  per_H_acc: ['H0=84.9%', 'H1=93.9%', 'H2=98.4%']
  H_cos: ['0.934', '0.953']
  z_H_delta: ['20.500', '16.625']
  cells: fixed=[22882, 10313] broken=[4075, 967]
  per_ACT_cell_acc: ['H1=84.9%', 'H2=93.9%', 'H3=98.4%', 'H4=98.7%', 'H5=98.8%', 'H6=98.8%', 'H7=98.8%', 'H8=98.8%', 'H9=98.8%', 'H10=98.8%', 'H11=98.8%', 'H12=98.8%', 'H13=98.8%', 'H14=98.8%', 'H15=98.8%', 'H16=98.8%']
  per_ACT_puzzle_acc: ['H1=0.0%', 'H2=0.0%', 'H3=41.8%', 'H4=53.9%', 'H5=59.5%', 'H6=59.9%', 'H7=61.2%', 'H8=60.8%', 'H9=61.6%', 'H10=61.6%', 'H11=62.1%', 'H12=61.6%', 'H13=60.8%', 'H14=60.3%', 'H15=60.3%', 'H16=60.3%']
  mean_sigmoid_q_halt: ['0.586', '0.005', '0.479', '0.625', '0.676', '0.715', '0.719', '0.723', '0.730', '0.730', '0.734', '0.734', '0.738', '0.738', '0.742', '0.742']
  halt_rates: ['0.81', '0.00', '0.46', '0.65', '0.70', '0.75', '0.75', '0.76', '0.76', '0.76', '0.77', '0.77', '0.78', '0.78', '0.78', '0.78']
  halt_histogram %: [51.2, 35.2, 6.5, 1.8, 0.9, 0.5, 0.3, 0.2, 0.2, 0.2, 0.1, 0.1, 0.1, 0.1, 0.1, 2.6]
  Avg ACT steps (last 100): 1.40
  saved: /home/jvdillon/projects/sic/code/maze/ckpts/x08a/step04000.pt acc=98.73% (0.056s)
Step  4000  Test 98.73% / 57.80%  Train lm=0.7227±0.0029ϵ[0.7188,0.7383] n_halted=94.0820±15.1252ϵ[0.0000,117.0000]  (27.703s / 174.926s)
  n_active=128.0000±0.0000ϵ[128.0000,128.0000] n_expunged=0.0000±0.0000ϵ[0.0000,0.0000] pool_util=1.0000±0.0000ϵ[1.0000,1.0000]
Traceback (most recent call last):
  File "/home/jvdillon/projects/sic/code/experiment.py", line 3003, in main
    if script_path.name
           ^^^^^^^^^^^^^
  File "/home/jvdillon/projects/sic/code/experiment.py", line 2972, in train
    loader = iter(trainloader)
       ^^^^^^^^^^^^^^^^^^^^^^^^
  File "/home/jvdillon/projects/sic/code/experiment.py", line 1803, in step
    .expand(-1, self.K, -1, -1)
                          ^^^^^^
KeyboardInterrupt
