Adam params: ('embed_tokens.weight', 'head.weight', 'head.bias', 'q_head.weight', 'q_head.bias', 'puzzle_id_embed.weight')
Muon 2D params: ('reasoning.0.attn.o_proj.weight', 'reasoning.0.mlp.up_proj.weight', 'reasoning.0.mlp.down_proj.weight', 'reasoning.1.attn.o_proj.weight', 'reasoning.1.mlp.up_proj.weight', 'reasoning.1.mlp.down_proj.weight')
Muon 3D params (ensemble_dims=1): ('reasoning.0.attn.qkv_proj.weight', 'reasoning.1.attn.qkv_proj.weight')
  path_valid=0.00%, exact_match=0.00%
  eval_avg_halt_step: 16.00
  per_H_acc: ['H0=37.2%', 'H1=0.0%', 'H2=0.0%']
  H_cos: ['0.738', '0.922']
  z_H_delta: ['19.375', '13.000']
  cells: fixed=[0, 0] broken=[77666, 0]
  per_ACT_cell_acc: ['H1=50.1%', 'H2=87.3%', 'H3=87.5%', 'H4=87.5%', 'H5=87.5%', 'H6=87.5%', 'H7=87.5%', 'H8=87.5%', 'H9=87.5%', 'H10=87.5%', 'H11=87.5%', 'H12=87.5%', 'H13=87.5%', 'H14=87.5%', 'H15=87.5%', 'H16=87.5%']
  per_ACT_puzzle_acc: ['H1=0.0%', 'H2=0.0%', 'H3=0.0%', 'H4=0.0%', 'H5=0.0%', 'H6=0.0%', 'H7=0.0%', 'H8=0.0%', 'H9=0.0%', 'H10=0.0%', 'H11=0.0%', 'H12=0.0%', 'H13=0.0%', 'H14=0.0%', 'H15=0.0%', 'H16=0.0%']
  mean_sigmoid_q_halt: ['0.003', '0.000', '0.000', '0.000', '0.000', '0.000', '0.000', '0.000', '0.000', '0.000', '0.000', '0.000', '0.000', '0.000', '0.000', '0.000']
  halt_rates: ['0.00', '0.00', '0.00', '0.00', '0.00', '0.00', '0.00', '0.00', '0.00', '0.00', '0.00', '0.00', '0.00', '0.00', '0.00', '0.00']
  halt_histogram %: [0.0, 0.0, 0.0, 0.0, 0.0, 0.0, 0.0, 0.0, 0.0, 0.0, 0.0, 0.0, 0.0, 0.0, 0.0, 100.0]
  Avg ACT steps (last 100): 16.00
  eval_avg_halt_step: 16.00
  per_H_acc: ['H0=36.9%', 'H1=0.0%', 'H2=0.0%']
  H_cos: ['0.738', '0.922']
  z_H_delta: ['19.375', '13.000']
  cells: fixed=[0, 0] broken=[34505, 0]
  per_ACT_cell_acc: ['H1=50.4%', 'H2=87.2%', 'H3=87.5%', 'H4=87.5%', 'H5=87.5%', 'H6=87.5%', 'H7=87.5%', 'H8=87.5%', 'H9=87.5%', 'H10=87.5%', 'H11=87.5%', 'H12=87.5%', 'H13=87.5%', 'H14=87.5%', 'H15=87.5%', 'H16=87.5%']
  per_ACT_puzzle_acc: ['H1=0.0%', 'H2=0.0%', 'H3=0.0%', 'H4=0.0%', 'H5=0.0%', 'H6=0.0%', 'H7=0.0%', 'H8=0.0%', 'H9=0.0%', 'H10=0.0%', 'H11=0.0%', 'H12=0.0%', 'H13=0.0%', 'H14=0.0%', 'H15=0.0%', 'H16=0.0%']
  mean_sigmoid_q_halt: ['0.003', '0.000', '0.000', '0.000', '0.000', '0.000', '0.000', '0.000', '0.000', '0.000', '0.000', '0.000', '0.000', '0.000', '0.000', '0.000']
  halt_rates: ['0.00', '0.00', '0.00', '0.00', '0.00', '0.00', '0.00', '0.00', '0.00', '0.00', '0.00', '0.00', '0.00', '0.00', '0.00', '0.00']
  halt_histogram %: [0.0, 0.0, 0.0, 0.0, 0.0, 0.0, 0.0, 0.0, 0.0, 0.0, 0.0, 0.0, 0.0, 0.0, 0.0, 100.0]
  Avg ACT steps (last 100): 16.00
  saved: /home/jvdillon/projects/sic/code/maze/ckpts/x09/step00500.pt acc=87.50% (0.075s)
  saved: /home/jvdillon/projects/sic/code/maze/ckpts/x09/best.pt acc=87.50% (0.146s)
Step   500  Test 87.50% /  0.00% (halt: 87.50%/ 0.00%)  Train lm=0.8867±0.1221ϵ[0.8398,2.1719] n_halted=7.9360±30.8988ϵ[0.0000,128.0000]  TrainAcc 87.44%/ 0.00% (halt: 87.44%/ 0.00%)  (64.549s / 189.625s)
  n_active=128.0000±0.0000ϵ[128.0000,128.0000] n_expunged=0.0000±0.0000ϵ[0.0000,0.0000] pool_util=1.0000±0.0000ϵ[1.0000,1.0000]
  path_valid=0.00%, exact_match=0.00%
  eval_avg_halt_step: 16.00
  per_H_acc: ['H0=37.2%', 'H1=0.0%', 'H2=0.0%']
  H_cos: ['0.758', '0.934']
  z_H_delta: ['19.625', '11.812']
  cells: fixed=[0, 0] broken=[77666, 0]
  per_ACT_cell_acc: ['H1=50.1%', 'H2=87.3%', 'H3=87.5%', 'H4=87.5%', 'H5=87.5%', 'H6=87.5%', 'H7=87.6%', 'H8=87.6%', 'H9=87.7%', 'H10=87.7%', 'H11=87.7%', 'H12=87.7%', 'H13=87.7%', 'H14=87.7%', 'H15=87.7%', 'H16=87.7%']
  per_ACT_puzzle_acc: ['H1=0.0%', 'H2=0.0%', 'H3=0.0%', 'H4=0.0%', 'H5=0.0%', 'H6=0.0%', 'H7=0.0%', 'H8=0.0%', 'H9=0.0%', 'H10=0.0%', 'H11=0.0%', 'H12=0.0%', 'H13=0.0%', 'H14=0.0%', 'H15=0.0%', 'H16=0.0%']
  mean_sigmoid_q_halt: ['0.002', '0.000', '0.000', '0.000', '0.000', '0.000', '0.000', '0.000', '0.000', '0.000', '0.000', '0.000', '0.000', '0.000', '0.000', '0.000']
  halt_rates: ['0.00', '0.00', '0.00', '0.00', '0.00', '0.00', '0.00', '0.00', '0.00', '0.00', '0.00', '0.00', '0.00', '0.00', '0.00', '0.00']
  halt_histogram %: [0.0, 0.0, 0.0, 0.0, 0.0, 0.0, 0.0, 0.0, 0.0, 0.0, 0.0, 0.0, 0.0, 0.0, 0.0, 100.0]
  Avg ACT steps (last 100): 16.00
  eval_avg_halt_step: 16.00
  per_H_acc: ['H0=37.2%', 'H1=0.0%', 'H2=0.0%']
  H_cos: ['0.758', '0.934']
  z_H_delta: ['19.625', '11.812']
  cells: fixed=[0, 0] broken=[34792, 0]
  per_ACT_cell_acc: ['H1=50.1%', 'H2=87.3%', 'H3=87.5%', 'H4=87.5%', 'H5=87.5%', 'H6=87.5%', 'H7=87.6%', 'H8=87.7%', 'H9=87.8%', 'H10=87.8%', 'H11=87.9%', 'H12=87.9%', 'H13=87.9%', 'H14=87.9%', 'H15=87.9%', 'H16=87.9%']
  per_ACT_puzzle_acc: ['H1=0.0%', 'H2=0.0%', 'H3=0.0%', 'H4=0.0%', 'H5=0.0%', 'H6=0.0%', 'H7=0.0%', 'H8=0.0%', 'H9=0.0%', 'H10=0.0%', 'H11=0.0%', 'H12=0.0%', 'H13=0.0%', 'H14=0.0%', 'H15=0.0%', 'H16=0.0%']
  mean_sigmoid_q_halt: ['0.002', '0.000', '0.000', '0.000', '0.000', '0.000', '0.000', '0.000', '0.000', '0.000', '0.000', '0.000', '0.000', '0.000', '0.000', '0.000']
  halt_rates: ['0.00', '0.00', '0.00', '0.00', '0.00', '0.00', '0.00', '0.00', '0.00', '0.00', '0.00', '0.00', '0.00', '0.00', '0.00', '0.00']
  halt_histogram %: [0.0, 0.0, 0.0, 0.0, 0.0, 0.0, 0.0, 0.0, 0.0, 0.0, 0.0, 0.0, 0.0, 0.0, 0.0, 100.0]
  Avg ACT steps (last 100): 16.00
  saved: /home/jvdillon/projects/sic/code/maze/ckpts/x09/step01000.pt acc=87.66% (0.073s)
  saved: /home/jvdillon/projects/sic/code/maze/ckpts/x09/best.pt acc=87.66% (0.154s)
Step  1000  Test 87.66% /  0.00% (halt: 87.66%/ 0.00%)  Train lm=0.8398±0.0194ϵ[0.8203,0.9883] n_halted=7.9360±30.8988ϵ[0.0000,128.0000]  TrainAcc 87.64%/ 0.00% (halt: 87.64%/ 0.00%)  (55.276s / 180.277s)
  n_active=128.0000±0.0000ϵ[128.0000,128.0000] n_expunged=0.0000±0.0000ϵ[0.0000,0.0000] pool_util=1.0000±0.0000ϵ[1.0000,1.0000]
  path_valid=0.00%, exact_match=0.00%
  eval_avg_halt_step: 16.00
  per_H_acc: ['H0=37.2%', 'H1=0.0%', 'H2=0.0%']
  H_cos: ['0.754', '0.957']
  z_H_delta: ['20.125', '12.500']
  cells: fixed=[0, 0] broken=[77666, 0]
  per_ACT_cell_acc: ['H1=50.1%', 'H2=87.3%', 'H3=87.5%', 'H4=87.5%', 'H5=87.7%', 'H6=87.9%', 'H7=87.9%', 'H8=88.0%', 'H9=88.0%', 'H10=87.9%', 'H11=87.9%', 'H12=87.9%', 'H13=87.8%', 'H14=87.8%', 'H15=87.8%', 'H16=87.7%']
  per_ACT_puzzle_acc: ['H1=0.0%', 'H2=0.0%', 'H3=0.0%', 'H4=0.0%', 'H5=0.0%', 'H6=0.0%', 'H7=0.0%', 'H8=0.0%', 'H9=0.0%', 'H10=0.0%', 'H11=0.0%', 'H12=0.0%', 'H13=0.0%', 'H14=0.0%', 'H15=0.0%', 'H16=0.0%']
  mean_sigmoid_q_halt: ['0.002', '0.000', '0.000', '0.000', '0.000', '0.000', '0.000', '0.000', '0.000', '0.000', '0.000', '0.000', '0.000', '0.000', '0.000', '0.000']
  halt_rates: ['0.00', '0.00', '0.00', '0.00', '0.00', '0.00', '0.00', '0.00', '0.00', '0.00', '0.00', '0.00', '0.00', '0.00', '0.00', '0.00']
  halt_histogram %: [0.0, 0.0, 0.0, 0.0, 0.0, 0.0, 0.0, 0.0, 0.0, 0.0, 0.0, 0.0, 0.0, 0.0, 0.0, 100.0]
  Avg ACT steps (last 100): 16.00
  eval_avg_halt_step: 16.00
  per_H_acc: ['H0=37.4%', 'H1=0.0%', 'H2=0.0%']
  H_cos: ['0.754', '0.957']
  z_H_delta: ['20.125', '12.500']
  cells: fixed=[0, 0] broken=[35041, 0]
  per_ACT_cell_acc: ['H1=49.8%', 'H2=87.2%', 'H3=87.4%', 'H4=87.5%', 'H5=87.7%', 'H6=87.9%', 'H7=88.0%', 'H8=88.0%', 'H9=88.0%', 'H10=87.9%', 'H11=87.8%', 'H12=87.8%', 'H13=87.7%', 'H14=87.7%', 'H15=87.7%', 'H16=87.7%']
  per_ACT_puzzle_acc: ['H1=0.0%', 'H2=0.0%', 'H3=0.0%', 'H4=0.0%', 'H5=0.0%', 'H6=0.0%', 'H7=0.0%', 'H8=0.0%', 'H9=0.0%', 'H10=0.0%', 'H11=0.0%', 'H12=0.0%', 'H13=0.0%', 'H14=0.0%', 'H15=0.0%', 'H16=0.0%']
  mean_sigmoid_q_halt: ['0.002', '0.000', '0.000', '0.000', '0.000', '0.000', '0.000', '0.000', '0.000', '0.000', '0.000', '0.000', '0.000', '0.000', '0.000', '0.000']
  halt_rates: ['0.00', '0.00', '0.00', '0.00', '0.00', '0.00', '0.00', '0.00', '0.00', '0.00', '0.00', '0.00', '0.00', '0.00', '0.00', '0.00']
  halt_histogram %: [0.0, 0.0, 0.0, 0.0, 0.0, 0.0, 0.0, 0.0, 0.0, 0.0, 0.0, 0.0, 0.0, 0.0, 0.0, 100.0]
  Avg ACT steps (last 100): 16.00
  saved: /home/jvdillon/projects/sic/code/maze/ckpts/x09/step01500.pt acc=87.25% (0.072s)
Step  1500  Test 87.25% /  0.00% (halt: 87.25%/ 0.00%)  Train lm=0.8242±0.0168ϵ[0.8047,0.9375] n_halted=7.9360±30.8988ϵ[0.0000,128.0000]  TrainAcc 87.33%/ 0.00% (halt: 87.33%/ 0.00%)  (55.206s / 180.277s)
  n_active=128.0000±0.0000ϵ[128.0000,128.0000] n_expunged=0.0000±0.0000ϵ[0.0000,0.0000] pool_util=1.0000±0.0000ϵ[1.0000,1.0000]
  path_valid=0.00%, exact_match=0.00%
  eval_avg_halt_step: 16.00
  per_H_acc: ['H0=37.2%', 'H1=0.0%', 'H2=0.0%']
  H_cos: ['0.723', '0.949']
  z_H_delta: ['19.750', '13.125']
  cells: fixed=[0, 0] broken=[77611, 0]
  per_ACT_cell_acc: ['H1=50.1%', 'H2=87.3%', 'H3=87.5%', 'H4=87.4%', 'H5=87.1%', 'H6=87.0%', 'H7=87.0%', 'H8=87.0%', 'H9=87.0%', 'H10=87.0%', 'H11=87.0%', 'H12=87.0%', 'H13=87.0%', 'H14=87.0%', 'H15=87.0%', 'H16=87.0%']
  per_ACT_puzzle_acc: ['H1=0.0%', 'H2=0.0%', 'H3=0.0%', 'H4=0.0%', 'H5=0.0%', 'H6=0.0%', 'H7=0.0%', 'H8=0.0%', 'H9=0.0%', 'H10=0.0%', 'H11=0.0%', 'H12=0.0%', 'H13=0.0%', 'H14=0.0%', 'H15=0.0%', 'H16=0.0%']
  mean_sigmoid_q_halt: ['0.001', '0.000', '0.000', '0.000', '0.000', '0.000', '0.000', '0.000', '0.000', '0.000', '0.000', '0.000', '0.000', '0.000', '0.000', '0.000']
  halt_rates: ['0.00', '0.00', '0.00', '0.00', '0.00', '0.00', '0.00', '0.00', '0.00', '0.00', '0.00', '0.00', '0.00', '0.00', '0.00', '0.00']
  halt_histogram %: [0.0, 0.0, 0.0, 0.0, 0.0, 0.0, 0.0, 0.0, 0.0, 0.0, 0.0, 0.0, 0.0, 0.0, 0.0, 100.0]
  Avg ACT steps (last 100): 16.00
  eval_avg_halt_step: 16.00
  per_H_acc: ['H0=37.0%', 'H1=0.0%', 'H2=0.0%']
  H_cos: ['0.723', '0.949']
  z_H_delta: ['19.750', '13.125']
  cells: fixed=[0, 0] broken=[34598, 0]
  per_ACT_cell_acc: ['H1=50.2%', 'H2=87.2%', 'H3=87.4%', 'H4=87.2%', 'H5=86.9%', 'H6=86.8%', 'H7=86.8%', 'H8=86.9%', 'H9=87.0%', 'H10=87.1%', 'H11=87.1%', 'H12=87.2%', 'H13=87.2%', 'H14=87.2%', 'H15=87.3%', 'H16=87.3%']
  per_ACT_puzzle_acc: ['H1=0.0%', 'H2=0.0%', 'H3=0.0%', 'H4=0.0%', 'H5=0.0%', 'H6=0.0%', 'H7=0.0%', 'H8=0.0%', 'H9=0.0%', 'H10=0.0%', 'H11=0.0%', 'H12=0.0%', 'H13=0.0%', 'H14=0.0%', 'H15=0.0%', 'H16=0.0%']
  mean_sigmoid_q_halt: ['0.001', '0.000', '0.000', '0.000', '0.000', '0.000', '0.000', '0.000', '0.000', '0.000', '0.000', '0.000', '0.000', '0.000', '0.000', '0.000']
  halt_rates: ['0.00', '0.00', '0.00', '0.00', '0.00', '0.00', '0.00', '0.00', '0.00', '0.00', '0.00', '0.00', '0.00', '0.00', '0.00', '0.00']
  halt_histogram %: [0.0, 0.0, 0.0, 0.0, 0.0, 0.0, 0.0, 0.0, 0.0, 0.0, 0.0, 0.0, 0.0, 0.0, 0.0, 100.0]
  Avg ACT steps (last 100): 16.00
  saved: /home/jvdillon/projects/sic/code/maze/ckpts/x09/step02000.pt acc=87.02% (0.083s)
Step  2000  Test 87.02% /  0.00% (halt: 87.02%/ 0.00%)  Train lm=0.8086±0.0192ϵ[0.7812,0.8945] n_halted=8.1920±31.3598ϵ[0.0000,128.0000]  TrainAcc 87.10%/ 0.00% (halt: 87.10%/ 0.00%)  (55.234s / 180.240s)
  n_active=128.0000±0.0000ϵ[128.0000,128.0000] n_expunged=0.0000±0.0000ϵ[0.0000,0.0000] pool_util=1.0000±0.0000ϵ[1.0000,1.0000]
  path_valid=0.00%, exact_match=0.00%
  eval_avg_halt_step: 16.00
  per_H_acc: ['H0=37.2%', 'H1=0.0%', 'H2=0.0%']
  H_cos: ['0.609', '0.961']
  z_H_delta: ['20.375', '13.562']
  cells: fixed=[0, 0] broken=[77666, 0]
  per_ACT_cell_acc: ['H1=50.1%', 'H2=87.4%', 'H3=87.5%', 'H4=87.5%', 'H5=87.6%', 'H6=87.8%', 'H7=88.0%', 'H8=88.3%', 'H9=88.4%', 'H10=88.5%', 'H11=88.6%', 'H12=88.7%', 'H13=88.7%', 'H14=88.7%', 'H15=88.8%', 'H16=88.8%']
  per_ACT_puzzle_acc: ['H1=0.0%', 'H2=0.0%', 'H3=0.0%', 'H4=0.0%', 'H5=0.0%', 'H6=0.0%', 'H7=0.0%', 'H8=0.0%', 'H9=0.0%', 'H10=0.0%', 'H11=0.0%', 'H12=0.0%', 'H13=0.0%', 'H14=0.0%', 'H15=0.0%', 'H16=0.0%']
  mean_sigmoid_q_halt: ['0.001', '0.000', '0.000', '0.000', '0.000', '0.000', '0.000', '0.000', '0.000', '0.000', '0.000', '0.000', '0.000', '0.000', '0.000', '0.000']
  halt_rates: ['0.00', '0.00', '0.00', '0.00', '0.00', '0.00', '0.00', '0.00', '0.00', '0.00', '0.00', '0.00', '0.00', '0.00', '0.00', '0.00']
  halt_histogram %: [0.0, 0.0, 0.0, 0.0, 0.0, 0.0, 0.0, 0.0, 0.0, 0.0, 0.0, 0.0, 0.0, 0.0, 0.0, 100.0]
  Avg ACT steps (last 100): 16.00
  eval_avg_halt_step: 16.00
  per_H_acc: ['H0=36.8%', 'H1=0.0%', 'H2=0.0%']
  H_cos: ['0.609', '0.961']
  z_H_delta: ['20.375', '13.562']
  cells: fixed=[0, 0] broken=[34433, 0]
  per_ACT_cell_acc: ['H1=50.4%', 'H2=87.3%', 'H3=87.4%', 'H4=87.4%', 'H5=87.5%', 'H6=87.7%', 'H7=88.0%', 'H8=88.3%', 'H9=88.5%', 'H10=88.6%', 'H11=88.7%', 'H12=88.8%', 'H13=88.8%', 'H14=88.8%', 'H15=88.8%', 'H16=88.9%']
  per_ACT_puzzle_acc: ['H1=0.0%', 'H2=0.0%', 'H3=0.0%', 'H4=0.0%', 'H5=0.0%', 'H6=0.0%', 'H7=0.0%', 'H8=0.0%', 'H9=0.0%', 'H10=0.0%', 'H11=0.0%', 'H12=0.0%', 'H13=0.0%', 'H14=0.0%', 'H15=0.0%', 'H16=0.0%']
  mean_sigmoid_q_halt: ['0.001', '0.000', '0.000', '0.000', '0.000', '0.000', '0.000', '0.000', '0.000', '0.000', '0.000', '0.000', '0.000', '0.000', '0.000', '0.000']
  halt_rates: ['0.00', '0.00', '0.00', '0.00', '0.00', '0.00', '0.00', '0.00', '0.00', '0.00', '0.00', '0.00', '0.00', '0.00', '0.00', '0.00']
  halt_histogram %: [0.0, 0.0, 0.0, 0.0, 0.0, 0.0, 0.0, 0.0, 0.0, 0.0, 0.0, 0.0, 0.0, 0.0, 0.0, 100.0]
  Avg ACT steps (last 100): 16.00
  saved: /home/jvdillon/projects/sic/code/maze/ckpts/x09/step02500.pt acc=88.94% (0.072s)
  saved: /home/jvdillon/projects/sic/code/maze/ckpts/x09/best.pt acc=88.94% (0.152s)
Step  2500  Test 88.94% /  0.00% (halt: 88.94%/ 0.00%)  Train lm=0.7930±0.0211ϵ[0.7656,0.8711] n_halted=7.9360±30.8988ϵ[0.0000,128.0000]  TrainAcc 88.87%/ 0.00% (halt: 88.87%/ 0.00%)  (55.295s / 180.306s)
  n_active=128.0000±0.0000ϵ[128.0000,128.0000] n_expunged=0.0000±0.0000ϵ[0.0000,0.0000] pool_util=1.0000±0.0000ϵ[1.0000,1.0000]
  path_valid=0.00%, exact_match=0.00%
  eval_avg_halt_step: 16.00
  per_H_acc: ['H0=37.2%', 'H1=0.0%', 'H2=0.0%']
  H_cos: ['0.805', '0.934']
  z_H_delta: ['21.125', '13.000']
  cells: fixed=[0, 0] broken=[77666, 0]
  per_ACT_cell_acc: ['H1=50.1%', 'H2=87.3%', 'H3=87.5%', 'H4=88.1%', 'H5=88.6%', 'H6=89.1%', 'H7=89.5%', 'H8=89.8%', 'H9=89.9%', 'H10=90.0%', 'H11=90.1%', 'H12=90.2%', 'H13=90.2%', 'H14=90.2%', 'H15=90.3%', 'H16=90.3%']
  per_ACT_puzzle_acc: ['H1=0.0%', 'H2=0.0%', 'H3=0.0%', 'H4=0.0%', 'H5=0.0%', 'H6=0.0%', 'H7=0.0%', 'H8=0.0%', 'H9=0.0%', 'H10=0.0%', 'H11=0.0%', 'H12=0.0%', 'H13=0.0%', 'H14=0.0%', 'H15=0.0%', 'H16=0.0%']
  mean_sigmoid_q_halt: ['0.001', '0.000', '0.000', '0.000', '0.000', '0.000', '0.000', '0.000', '0.000', '0.000', '0.000', '0.000', '0.000', '0.000', '0.000', '0.000']
  halt_rates: ['0.00', '0.00', '0.00', '0.00', '0.00', '0.00', '0.00', '0.00', '0.00', '0.00', '0.00', '0.00', '0.00', '0.00', '0.00', '0.00']
  halt_histogram %: [0.0, 0.0, 0.0, 0.0, 0.0, 0.0, 0.0, 0.0, 0.0, 0.0, 0.0, 0.0, 0.0, 0.0, 0.0, 100.0]
  Avg ACT steps (last 100): 16.00
  eval_avg_halt_step: 16.00
  per_H_acc: ['H0=36.9%', 'H1=0.0%', 'H2=0.0%']
  H_cos: ['0.805', '0.934']
  z_H_delta: ['21.125', '13.000']
  cells: fixed=[0, 0] broken=[34562, 0]
  per_ACT_cell_acc: ['H1=50.2%', 'H2=87.2%', 'H3=87.4%', 'H4=88.0%', 'H5=88.6%', 'H6=89.2%', 'H7=89.6%', 'H8=89.8%', 'H9=90.0%', 'H10=90.0%', 'H11=90.1%', 'H12=90.1%', 'H13=90.2%', 'H14=90.2%', 'H15=90.2%', 'H16=90.2%']
  per_ACT_puzzle_acc: ['H1=0.0%', 'H2=0.0%', 'H3=0.0%', 'H4=0.0%', 'H5=0.0%', 'H6=0.0%', 'H7=0.0%', 'H8=0.0%', 'H9=0.0%', 'H10=0.0%', 'H11=0.0%', 'H12=0.0%', 'H13=0.0%', 'H14=0.0%', 'H15=0.0%', 'H16=0.0%']
  mean_sigmoid_q_halt: ['0.001', '0.000', '0.000', '0.000', '0.000', '0.000', '0.000', '0.000', '0.000', '0.000', '0.000', '0.000', '0.000', '0.000', '0.000', '0.000']
  halt_rates: ['0.00', '0.00', '0.00', '0.00', '0.00', '0.00', '0.00', '0.00', '0.00', '0.00', '0.00', '0.00', '0.00', '0.00', '0.00', '0.00']
  halt_histogram %: [0.0, 0.0, 0.0, 0.0, 0.0, 0.0, 0.0, 0.0, 0.0, 0.0, 0.0, 0.0, 0.0, 0.0, 0.0, 100.0]
  Avg ACT steps (last 100): 16.00
  saved: /home/jvdillon/projects/sic/code/maze/ckpts/x09/step03000.pt acc=90.27% (0.073s)
  saved: /home/jvdillon/projects/sic/code/maze/ckpts/x09/best.pt acc=90.27% (0.153s)
Step  3000  Test 90.27% /  0.00% (halt: 90.27%/ 0.00%)  Train lm=0.7773±0.0262ϵ[0.7383,0.8750] n_halted=7.9360±30.8988ϵ[0.0000,128.0000]  TrainAcc 90.29%/ 0.00% (halt: 90.29%/ 0.00%)  (55.304s / 180.500s)
  n_active=128.0000±0.0000ϵ[128.0000,128.0000] n_expunged=0.0000±0.0000ϵ[0.0000,0.0000] pool_util=1.0000±0.0000ϵ[1.0000,1.0000]
  path_valid=0.30%, exact_match=0.00%
  eval_avg_halt_step: 16.00
  per_H_acc: ['H0=37.2%', 'H1=0.0%', 'H2=0.0%']
  H_cos: ['0.609', '0.938']
  z_H_delta: ['21.250', '13.938']
  cells: fixed=[0, 0] broken=[77666, 0]
  per_ACT_cell_acc: ['H1=50.1%', 'H2=87.3%', 'H3=87.4%', 'H4=88.2%', 'H5=89.7%', 'H6=90.6%', 'H7=90.9%', 'H8=91.1%', 'H9=91.4%', 'H10=91.5%', 'H11=91.6%', 'H12=91.6%', 'H13=91.7%', 'H14=91.7%', 'H15=91.8%', 'H16=91.8%']
  per_ACT_puzzle_acc: ['H1=0.0%', 'H2=0.0%', 'H3=0.0%', 'H4=0.0%', 'H5=0.0%', 'H6=0.0%', 'H7=0.0%', 'H8=0.0%', 'H9=0.0%', 'H10=0.0%', 'H11=0.0%', 'H12=0.0%', 'H13=0.0%', 'H14=0.0%', 'H15=0.0%', 'H16=0.0%']
  mean_sigmoid_q_halt: ['0.002', '0.000', '0.000', '0.000', '0.000', '0.000', '0.000', '0.000', '0.000', '0.000', '0.000', '0.000', '0.000', '0.000', '0.000', '0.000']
  halt_rates: ['0.00', '0.00', '0.00', '0.00', '0.00', '0.00', '0.00', '0.00', '0.00', '0.00', '0.00', '0.00', '0.00', '0.00', '0.00', '0.00']
  halt_histogram %: [0.0, 0.0, 0.0, 0.0, 0.0, 0.0, 0.0, 0.0, 0.0, 0.0, 0.0, 0.0, 0.0, 0.0, 0.0, 100.0]
  Avg ACT steps (last 100): 16.00
  eval_avg_halt_step: 16.00
  per_H_acc: ['H0=36.9%', 'H1=0.0%', 'H2=0.0%']
  H_cos: ['0.609', '0.938']
  z_H_delta: ['21.375', '13.938']
  cells: fixed=[0, 0] broken=[34520, 0]
  per_ACT_cell_acc: ['H1=50.4%', 'H2=87.4%', 'H3=87.6%', 'H4=88.4%', 'H5=90.2%', 'H6=91.0%', 'H7=91.5%', 'H8=91.8%', 'H9=92.0%', 'H10=92.2%', 'H11=92.3%', 'H12=92.4%', 'H13=92.5%', 'H14=92.6%', 'H15=92.6%', 'H16=92.7%']
  per_ACT_puzzle_acc: ['H1=0.0%', 'H2=0.0%', 'H3=0.0%', 'H4=0.0%', 'H5=0.0%', 'H6=0.0%', 'H7=0.0%', 'H8=0.0%', 'H9=0.0%', 'H10=0.0%', 'H11=0.0%', 'H12=0.0%', 'H13=0.0%', 'H14=0.0%', 'H15=0.0%', 'H16=0.0%']
  mean_sigmoid_q_halt: ['0.002', '0.000', '0.000', '0.000', '0.000', '0.000', '0.000', '0.000', '0.000', '0.000', '0.000', '0.000', '0.000', '0.000', '0.000', '0.000']
  halt_rates: ['0.00', '0.00', '0.00', '0.00', '0.00', '0.00', '0.00', '0.00', '0.00', '0.00', '0.00', '0.00', '0.00', '0.00', '0.00', '0.00']
  halt_histogram %: [0.0, 0.0, 0.0, 0.0, 0.0, 0.0, 0.0, 0.0, 0.0, 0.0, 0.0, 0.0, 0.0, 0.0, 0.0, 100.0]
  Avg ACT steps (last 100): 16.00
  saved: /home/jvdillon/projects/sic/code/maze/ckpts/x09/step03500.pt acc=92.20% (0.081s)
  saved: /home/jvdillon/projects/sic/code/maze/ckpts/x09/best.pt acc=92.20% (0.171s)
Step  3500  Test 92.20% /  0.00% (halt: 92.20%/ 0.00%)  Train lm=0.7578±0.0311ϵ[0.7188,0.8867] n_halted=7.9360±30.8988ϵ[0.0000,128.0000]  TrainAcc 92.44%/ 0.00% (halt: 92.44%/ 0.00%)  (55.347s / 180.259s)
  n_active=128.0000±0.0000ϵ[128.0000,128.0000] n_expunged=0.0000±0.0000ϵ[0.0000,0.0000] pool_util=1.0000±0.0000ϵ[1.0000,1.0000]
  path_valid=0.00%, exact_match=0.00%
  eval_avg_halt_step: 16.00
  per_H_acc: ['H0=37.2%', 'H1=0.0%', 'H2=0.0%']
  H_cos: ['0.789', '0.945']
  z_H_delta: ['21.875', '10.938']
  cells: fixed=[0, 0] broken=[77666, 0]
  per_ACT_cell_acc: ['H1=50.1%', 'H2=87.3%', 'H3=87.6%', 'H4=88.5%', 'H5=89.3%', 'H6=89.8%', 'H7=90.2%', 'H8=90.4%', 'H9=90.5%', 'H10=90.7%', 'H11=90.8%', 'H12=90.9%', 'H13=91.0%', 'H14=91.0%', 'H15=91.1%', 'H16=91.1%']
  per_ACT_puzzle_acc: ['H1=0.0%', 'H2=0.0%', 'H3=0.0%', 'H4=0.0%', 'H5=0.0%', 'H6=0.0%', 'H7=0.0%', 'H8=0.0%', 'H9=0.0%', 'H10=0.0%', 'H11=0.0%', 'H12=0.0%', 'H13=0.0%', 'H14=0.0%', 'H15=0.0%', 'H16=0.0%']
  mean_sigmoid_q_halt: ['0.001', '0.000', '0.000', '0.000', '0.000', '0.000', '0.000', '0.000', '0.000', '0.000', '0.000', '0.000', '0.000', '0.000', '0.000', '0.000']
  halt_rates: ['0.00', '0.00', '0.00', '0.00', '0.00', '0.00', '0.00', '0.00', '0.00', '0.00', '0.00', '0.00', '0.00', '0.00', '0.00', '0.00']
  halt_histogram %: [0.0, 0.0, 0.0, 0.0, 0.0, 0.0, 0.0, 0.0, 0.0, 0.0, 0.0, 0.0, 0.0, 0.0, 0.0, 100.0]
  Avg ACT steps (last 100): 16.00
  eval_avg_halt_step: 16.00
  per_H_acc: ['H0=37.1%', 'H1=0.0%', 'H2=0.0%']
  H_cos: ['0.789', '0.945']
  z_H_delta: ['21.875', '10.938']
  cells: fixed=[0, 0] broken=[34682, 0]
  per_ACT_cell_acc: ['H1=50.2%', 'H2=87.2%', 'H3=87.5%', 'H4=88.7%', 'H5=89.5%', 'H6=90.1%', 'H7=90.5%', 'H8=90.7%', 'H9=90.9%', 'H10=91.0%', 'H11=91.1%', 'H12=91.2%', 'H13=91.3%', 'H14=91.4%', 'H15=91.4%', 'H16=91.5%']
  per_ACT_puzzle_acc: ['H1=0.0%', 'H2=0.0%', 'H3=0.0%', 'H4=0.0%', 'H5=0.0%', 'H6=0.0%', 'H7=0.0%', 'H8=0.0%', 'H9=0.0%', 'H10=0.0%', 'H11=0.0%', 'H12=0.0%', 'H13=0.0%', 'H14=0.0%', 'H15=0.0%', 'H16=0.0%']
  mean_sigmoid_q_halt: ['0.001', '0.000', '0.000', '0.000', '0.000', '0.000', '0.000', '0.000', '0.000', '0.000', '0.000', '0.000', '0.000', '0.000', '0.000', '0.000']
  halt_rates: ['0.00', '0.00', '0.00', '0.00', '0.00', '0.00', '0.00', '0.00', '0.00', '0.00', '0.00', '0.00', '0.00', '0.00', '0.00', '0.00']
  halt_histogram %: [0.0, 0.0, 0.0, 0.0, 0.0, 0.0, 0.0, 0.0, 0.0, 0.0, 0.0, 0.0, 0.0, 0.0, 0.0, 100.0]
  Avg ACT steps (last 100): 16.00
  saved: /home/jvdillon/projects/sic/code/maze/ckpts/x09/step04000.pt acc=91.52% (0.072s)
Step  4000  Test 91.52% /  0.00% (halt: 91.52%/ 0.00%)  Train lm=0.7461±0.0332ϵ[0.7031,0.8594] n_halted=8.1920±31.3598ϵ[0.0000,128.0000]  TrainAcc 91.63%/ 0.00% (halt: 91.63%/ 0.00%)  (55.236s / 180.329s)
  n_active=128.0000±0.0000ϵ[128.0000,128.0000] n_expunged=0.0000±0.0000ϵ[0.0000,0.0000] pool_util=1.0000±0.0000ϵ[1.0000,1.0000]
  path_valid=3.00%, exact_match=0.00%
  eval_avg_halt_step: 16.00
  per_H_acc: ['H0=37.2%', 'H1=0.0%', 'H2=0.0%']
  H_cos: ['0.566', '0.926']
  z_H_delta: ['21.500', '14.250']
  cells: fixed=[63, 0] broken=[77666, 63]
  per_ACT_cell_acc: ['H1=26.9%', 'H2=84.2%', 'H3=81.7%', 'H4=88.2%', 'H5=90.3%', 'H6=90.9%', 'H7=91.5%', 'H8=91.8%', 'H9=91.9%', 'H10=92.0%', 'H11=92.1%', 'H12=92.1%', 'H13=92.1%', 'H14=92.1%', 'H15=92.1%', 'H16=92.2%']
  per_ACT_puzzle_acc: ['H1=0.0%', 'H2=0.0%', 'H3=0.0%', 'H4=0.0%', 'H5=0.0%', 'H6=0.0%', 'H7=0.0%', 'H8=0.0%', 'H9=0.0%', 'H10=0.0%', 'H11=0.0%', 'H12=0.0%', 'H13=0.0%', 'H14=0.0%', 'H15=0.0%', 'H16=0.0%']
  mean_sigmoid_q_halt: ['0.002', '0.000', '0.000', '0.000', '0.000', '0.000', '0.000', '0.000', '0.000', '0.000', '0.000', '0.000', '0.000', '0.000', '0.000', '0.000']
  halt_rates: ['0.00', '0.00', '0.00', '0.00', '0.00', '0.00', '0.00', '0.00', '0.00', '0.00', '0.00', '0.00', '0.00', '0.00', '0.00', '0.00']
  halt_histogram %: [0.0, 0.0, 0.0, 0.0, 0.0, 0.0, 0.0, 0.0, 0.0, 0.0, 0.0, 0.0, 0.0, 0.0, 0.1, 99.9]
  Avg ACT steps (last 100): 16.00
  eval_avg_halt_step: 16.00
  per_H_acc: ['H0=36.8%', 'H1=0.0%', 'H2=0.0%']
  H_cos: ['0.562', '0.930']
  z_H_delta: ['21.625', '14.250']
  cells: fixed=[25, 0] broken=[34446, 25]
  per_ACT_cell_acc: ['H1=27.9%', 'H2=84.5%', 'H3=81.8%', 'H4=88.5%', 'H5=90.7%', 'H6=91.4%', 'H7=92.0%', 'H8=92.3%', 'H9=92.4%', 'H10=92.4%', 'H11=92.4%', 'H12=92.4%', 'H13=92.4%', 'H14=92.4%', 'H15=92.4%', 'H16=92.4%']
  per_ACT_puzzle_acc: ['H1=0.0%', 'H2=0.0%', 'H3=0.0%', 'H4=0.0%', 'H5=0.0%', 'H6=0.0%', 'H7=0.0%', 'H8=0.0%', 'H9=0.0%', 'H10=0.0%', 'H11=0.0%', 'H12=0.0%', 'H13=0.0%', 'H14=0.0%', 'H15=0.0%', 'H16=0.0%']
  mean_sigmoid_q_halt: ['0.002', '0.000', '0.000', '0.000', '0.000', '0.000', '0.000', '0.000', '0.000', '0.000', '0.000', '0.000', '0.000', '0.000', '0.000', '0.000']
  halt_rates: ['0.00', '0.00', '0.00', '0.00', '0.00', '0.00', '0.00', '0.00', '0.00', '0.00', '0.00', '0.00', '0.00', '0.00', '0.00', '0.00']
  halt_histogram %: [0.0, 0.0, 0.0, 0.0, 0.0, 0.0, 0.0, 0.0, 0.0, 0.0, 0.0, 0.0, 0.0, 0.0, 0.1, 99.9]
  Avg ACT steps (last 100): 16.00
  saved: /home/jvdillon/projects/sic/code/maze/ckpts/x09/step04500.pt acc=91.75% (0.082s)
Step  4500  Test 91.75% /  0.00% (halt: 91.75%/ 0.00%)  Train lm=0.7344±0.0334ϵ[0.6953,0.8477] n_halted=7.9360±30.3933ϵ[0.0000,128.0000]  TrainAcc 91.85%/ 0.00% (halt: 91.85%/ 0.00%)  (55.297s / 180.466s)
  n_active=128.0000±0.0000ϵ[128.0000,128.0000] n_expunged=0.0000±0.0000ϵ[0.0000,0.0000] pool_util=1.0000±0.0000ϵ[1.0000,1.0000]
  path_valid=13.20%, exact_match=0.00%
  eval_avg_halt_step: 15.41
  per_H_acc: ['H0=37.2%', 'H1=0.0%', 'H2=0.0%']
  H_cos: ['0.703', '0.879']
  z_H_delta: ['21.500', '14.062']
  cells: fixed=[62, 0] broken=[77613, 62]
  per_ACT_cell_acc: ['H1=48.2%', 'H2=83.4%', 'H3=90.7%', 'H4=93.0%', 'H5=93.4%', 'H6=93.8%', 'H7=94.2%', 'H8=94.1%', 'H9=93.9%', 'H10=94.0%', 'H11=94.0%', 'H12=93.7%', 'H13=93.8%', 'H14=93.8%', 'H15=93.7%', 'H16=93.6%']
  per_ACT_puzzle_acc: ['H1=0.0%', 'H2=0.0%', 'H3=0.0%', 'H4=0.0%', 'H5=0.0%', 'H6=0.0%', 'H7=0.0%', 'H8=0.0%', 'H9=0.0%', 'H10=0.0%', 'H11=0.0%', 'H12=0.0%', 'H13=0.0%', 'H14=0.0%', 'H15=0.0%', 'H16=0.0%']
  mean_sigmoid_q_halt: ['0.001', '0.000', '0.000', '0.000', '0.000', '0.001', '0.001', '0.003', '0.004', '0.005', '0.007', '0.008', '0.010', '0.012', '0.015', '0.018']
  halt_rates: ['0.00', '0.00', '0.00', '0.00', '0.00', '0.00', '0.00', '0.00', '0.00', '0.00', '0.00', '0.00', '0.00', '0.00', '0.00', '0.00']
  halt_histogram %: [0.0, 0.0, 0.0, 0.0, 0.1, 0.2, 0.2, 0.3, 0.3, 0.3, 0.3, 0.4, 0.3, 0.4, 0.4, 96.8]
  Avg ACT steps (last 100): 13.79
  eval_avg_halt_step: 15.38
  per_H_acc: ['H0=37.0%', 'H1=0.0%', 'H2=0.0%']
  H_cos: ['0.703', '0.879']
  z_H_delta: ['21.500', '14.000']
  cells: fixed=[28, 0] broken=[34605, 28]
  per_ACT_cell_acc: ['H1=48.8%', 'H2=83.2%', 'H3=90.7%', 'H4=92.9%', 'H5=93.5%', 'H6=94.2%', 'H7=94.5%', 'H8=94.5%', 'H9=94.3%', 'H10=94.5%', 'H11=94.4%', 'H12=94.3%', 'H13=94.3%', 'H14=94.3%', 'H15=94.3%', 'H16=94.2%']
  per_ACT_puzzle_acc: ['H1=0.0%', 'H2=0.0%', 'H3=0.0%', 'H4=0.0%', 'H5=0.0%', 'H6=0.0%', 'H7=0.0%', 'H8=0.0%', 'H9=0.0%', 'H10=0.0%', 'H11=0.0%', 'H12=0.0%', 'H13=0.0%', 'H14=0.0%', 'H15=0.0%', 'H16=0.0%']
  mean_sigmoid_q_halt: ['0.001', '0.000', '0.000', '0.000', '0.000', '0.000', '0.001', '0.003', '0.005', '0.006', '0.010', '0.013', '0.013', '0.015', '0.017', '0.019']
  halt_rates: ['0.00', '0.00', '0.00', '0.00', '0.00', '0.00', '0.00', '0.00', '0.00', '0.00', '0.00', '0.01', '0.01', '0.01', '0.01', '0.01']
  halt_histogram %: [0.0, 0.0, 0.0, 0.0, 0.1, 0.2, 0.2, 0.3, 0.3, 0.3, 0.3, 0.4, 0.3, 0.4, 0.4, 96.8]
  Avg ACT steps (last 100): 13.79
  saved: /home/jvdillon/projects/sic/code/maze/ckpts/x09/step05000.pt acc=93.73% (0.084s)
  saved: /home/jvdillon/projects/sic/code/maze/ckpts/x09/best.pt acc=93.73% (0.166s)
Step  5000  Test 93.73% /  0.10% (halt: 93.74%/ 0.10%)  Train lm=0.7109±0.0120ϵ[0.6953,0.7891] n_halted=8.8220±12.1206ϵ[0.0000,79.0000]  TrainAcc 94.00%/ 0.00% (halt: 94.00%/ 0.10%)  (55.402s / 180.470s)
  n_active=128.0000±0.0000ϵ[128.0000,128.0000] n_expunged=0.0000±0.0000ϵ[0.0000,0.0000] pool_util=1.0000±0.0000ϵ[1.0000,1.0000]
  path_valid=3.30%, exact_match=0.90%
  eval_avg_halt_step: 15.99
  per_H_acc: ['H0=37.2%', 'H1=0.0%', 'H2=0.0%']
  H_cos: ['0.719', '0.883']
  z_H_delta: ['21.375', '14.688']
  cells: fixed=[22, 0] broken=[77581, 22]
  per_ACT_cell_acc: ['H1=45.8%', 'H2=86.1%', 'H3=92.0%', 'H4=93.5%', 'H5=94.0%', 'H6=94.2%', 'H7=94.3%', 'H8=94.3%', 'H9=94.3%', 'H10=94.3%', 'H11=94.3%', 'H12=94.2%', 'H13=94.1%', 'H14=94.1%', 'H15=94.1%', 'H16=94.1%']
  per_ACT_puzzle_acc: ['H1=0.0%', 'H2=0.0%', 'H3=0.0%', 'H4=0.0%', 'H5=0.0%', 'H6=0.4%', 'H7=0.4%', 'H8=0.0%', 'H9=0.4%', 'H10=0.4%', 'H11=0.4%', 'H12=0.4%', 'H13=0.9%', 'H14=0.9%', 'H15=1.3%', 'H16=0.4%']
  mean_sigmoid_q_halt: ['0.001', '0.000', '0.000', '0.000', '0.000', '0.000', '0.001', '0.001', '0.001', '0.001', '0.002', '0.002', '0.002', '0.002', '0.003', '0.003']
  halt_rates: ['0.00', '0.00', '0.00', '0.00', '0.00', '0.00', '0.00', '0.00', '0.00', '0.00', '0.00', '0.00', '0.00', '0.00', '0.00', '0.00']
  halt_histogram %: [0.0, 0.0, 0.0, 0.2, 0.5, 0.8, 0.8, 0.9, 0.9, 0.9, 0.8, 0.7, 0.7, 0.8, 0.7, 91.2]
  Avg ACT steps (last 100): 11.96
  eval_avg_halt_step: 15.99
  per_H_acc: ['H0=37.0%', 'H1=0.0%', 'H2=0.0%']
  H_cos: ['0.719', '0.883']
  z_H_delta: ['21.375', '14.688']
  cells: fixed=[4, 0] broken=[34596, 4]
  per_ACT_cell_acc: ['H1=46.3%', 'H2=85.9%', 'H3=92.3%', 'H4=94.0%', 'H5=94.6%', 'H6=94.9%', 'H7=94.9%', 'H8=95.0%', 'H9=94.9%', 'H10=94.8%', 'H11=94.8%', 'H12=94.8%', 'H13=94.7%', 'H14=94.6%', 'H15=94.5%', 'H16=94.5%']
  per_ACT_puzzle_acc: ['H1=0.0%', 'H2=0.0%', 'H3=0.0%', 'H4=0.0%', 'H5=0.0%', 'H6=0.0%', 'H7=0.0%', 'H8=0.0%', 'H9=1.0%', 'H10=1.0%', 'H11=1.0%', 'H12=1.0%', 'H13=1.0%', 'H14=1.0%', 'H15=1.0%', 'H16=1.0%']
  mean_sigmoid_q_halt: ['0.001', '0.000', '0.000', '0.000', '0.000', '0.000', '0.001', '0.001', '0.001', '0.002', '0.002', '0.003', '0.003', '0.003', '0.004', '0.004']
  halt_rates: ['0.00', '0.00', '0.00', '0.00', '0.00', '0.00', '0.00', '0.00', '0.00', '0.00', '0.00', '0.00', '0.00', '0.00', '0.00', '0.00']
  halt_histogram %: [0.0, 0.0, 0.0, 0.2, 0.5, 0.8, 0.8, 0.9, 0.9, 0.9, 0.8, 0.7, 0.7, 0.8, 0.7, 91.2]
  Avg ACT steps (last 100): 11.96
  saved: /home/jvdillon/projects/sic/code/maze/ckpts/x09/step05500.pt acc=94.07% (0.083s)
  saved: /home/jvdillon/projects/sic/code/maze/ckpts/x09/best.pt acc=94.07% (0.163s)
Step  5500  Test 94.07% /  1.50% (halt: 94.07%/ 0.90%)  Train lm=0.7109±0.0069ϵ[0.6953,0.7344] n_halted=10.2360±9.1778ϵ[0.0000,54.0000]  TrainAcc 94.26%/ 0.70% (halt: 94.26%/ 0.70%)  (55.372s / 180.522s)
  n_active=128.0000±0.0000ϵ[128.0000,128.0000] n_expunged=0.0000±0.0000ϵ[0.0000,0.0000] pool_util=1.0000±0.0000ϵ[1.0000,1.0000]
  path_valid=46.00%, exact_match=4.50%
  eval_avg_halt_step: 12.63
  per_H_acc: ['H0=37.2%', 'H1=0.0%', 'H2=0.0%']
  H_cos: ['0.719', '0.867']
  z_H_delta: ['21.500', '14.875']
  cells: fixed=[22, 0] broken=[77666, 22]
  per_ACT_cell_acc: ['H1=50.1%', 'H2=86.2%', 'H3=92.5%', 'H4=94.4%', 'H5=95.0%', 'H6=95.3%', 'H7=95.5%', 'H8=95.6%', 'H9=95.7%', 'H10=95.7%', 'H11=95.8%', 'H12=95.8%', 'H13=95.8%', 'H14=95.8%', 'H15=95.8%', 'H16=95.8%']
  per_ACT_puzzle_acc: ['H1=0.0%', 'H2=0.0%', 'H3=0.0%', 'H4=0.0%', 'H5=0.0%', 'H6=0.4%', 'H7=3.4%', 'H8=5.2%', 'H9=6.9%', 'H10=7.3%', 'H11=8.2%', 'H12=9.1%', 'H13=8.6%', 'H14=8.6%', 'H15=9.1%', 'H16=8.6%']
  mean_sigmoid_q_halt: ['0.001', '0.000', '0.000', '0.000', '0.003', '0.015', '0.032', '0.052', '0.072', '0.090', '0.107', '0.124', '0.137', '0.148', '0.156', '0.162']
  halt_rates: ['0.00', '0.00', '0.00', '0.00', '0.00', '0.00', '0.00', '0.01', '0.02', '0.05', '0.05', '0.09', '0.11', '0.13', '0.12', '0.13']
  halt_histogram %: [0.0, 0.0, 0.2, 0.7, 1.3, 1.6, 1.6, 1.4, 1.5, 1.5, 1.2, 1.1, 1.1, 1.1, 1.0, 84.9]
  Avg ACT steps (last 100): 11.44
  eval_avg_halt_step: 12.35
  per_H_acc: ['H0=37.1%', 'H1=0.0%', 'H2=0.0%']
  H_cos: ['0.719', '0.871']
  z_H_delta: ['21.500', '14.875']
  cells: fixed=[6, 0] broken=[34705, 6]
  per_ACT_cell_acc: ['H1=50.1%', 'H2=86.0%', 'H3=92.7%', 'H4=94.6%', 'H5=95.3%', 'H6=95.9%', 'H7=96.0%', 'H8=96.1%', 'H9=96.2%', 'H10=96.2%', 'H11=96.3%', 'H12=96.4%', 'H13=96.4%', 'H14=96.4%', 'H15=96.4%', 'H16=96.5%']
  per_ACT_puzzle_acc: ['H1=0.0%', 'H2=0.0%', 'H3=0.0%', 'H4=0.0%', 'H5=1.0%', 'H6=1.0%', 'H7=1.9%', 'H8=1.9%', 'H9=3.8%', 'H10=3.8%', 'H11=4.8%', 'H12=5.8%', 'H13=8.7%', 'H14=8.7%', 'H15=6.7%', 'H16=6.7%']
  mean_sigmoid_q_halt: ['0.001', '0.000', '0.000', '0.000', '0.003', '0.016', '0.035', '0.051', '0.065', '0.081', '0.095', '0.111', '0.129', '0.146', '0.155', '0.167']
  halt_rates: ['0.00', '0.00', '0.00', '0.00', '0.00', '0.00', '0.00', '0.01', '0.02', '0.04', '0.05', '0.07', '0.08', '0.10', '0.12', '0.16']
  halt_histogram %: [0.0, 0.0, 0.2, 0.7, 1.3, 1.6, 1.6, 1.4, 1.5, 1.5, 1.2, 1.1, 1.1, 1.1, 1.0, 84.9]
  Avg ACT steps (last 100): 11.44
  saved: /home/jvdillon/projects/sic/code/maze/ckpts/x09/step06000.pt acc=96.10% (0.085s)
  saved: /home/jvdillon/projects/sic/code/maze/ckpts/x09/best.pt acc=96.10% (0.167s)
Step  6000  Test 96.10% / 12.80% (halt: 96.11%/ 6.90%)  Train lm=0.7070±0.0069ϵ[0.6953,0.7422] n_halted=11.4360±9.9690ϵ[0.0000,53.0000]  TrainAcc 96.58%/ 7.70% (halt: 96.59%/10.20%)  (55.448s / 180.515s)
  n_active=128.0000±0.0000ϵ[128.0000,128.0000] n_expunged=0.0000±0.0000ϵ[0.0000,0.0000] pool_util=1.0000±0.0000ϵ[1.0000,1.0000]
  path_valid=2.10%, exact_match=0.40%
  eval_avg_halt_step: 15.87
  per_H_acc: ['H0=35.4%', 'H1=0.0%', 'H2=0.0%']
  H_cos: ['0.758', '0.848']
  z_H_delta: ['20.875', '18.125']
  cells: fixed=[0, 0] broken=[73895, 0]
  per_ACT_cell_acc: ['H1=51.5%', 'H2=86.7%', 'H3=92.3%', 'H4=92.7%', 'H5=93.1%', 'H6=93.3%', 'H7=93.4%', 'H8=93.5%', 'H9=93.5%', 'H10=93.5%', 'H11=93.4%', 'H12=93.5%', 'H13=93.5%', 'H14=93.5%', 'H15=93.5%', 'H16=93.5%']
  per_ACT_puzzle_acc: ['H1=0.0%', 'H2=0.0%', 'H3=0.0%', 'H4=0.0%', 'H5=0.0%', 'H6=0.0%', 'H7=0.0%', 'H8=0.4%', 'H9=0.4%', 'H10=0.4%', 'H11=0.4%', 'H12=0.4%', 'H13=0.4%', 'H14=0.4%', 'H15=0.4%', 'H16=0.4%']
  mean_sigmoid_q_halt: ['0.001', '0.000', '0.000', '0.000', '0.001', '0.001', '0.001', '0.002', '0.003', '0.004', '0.004', '0.005', '0.006', '0.006', '0.007', '0.008']
  halt_rates: ['0.00', '0.00', '0.00', '0.00', '0.00', '0.00', '0.00', '0.00', '0.00', '0.00', '0.00', '0.00', '0.00', '0.00', '0.00', '0.00']
  halt_histogram %: [0.0, 0.0, 0.5, 1.5, 2.1, 2.4, 2.3, 2.0, 2.0, 2.0, 1.6, 1.4, 1.4, 1.3, 1.2, 78.3]
  Avg ACT steps (last 100): 9.42
  eval_avg_halt_step: 15.91
  per_H_acc: ['H0=35.3%', 'H1=0.0%', 'H2=0.0%']
  H_cos: ['0.758', '0.848']
  z_H_delta: ['20.875', '18.125']
  cells: fixed=[0, 0] broken=[33053, 0]
  per_ACT_cell_acc: ['H1=51.5%', 'H2=86.5%', 'H3=92.5%', 'H4=93.3%', 'H5=93.7%', 'H6=93.9%', 'H7=94.1%', 'H8=94.1%', 'H9=94.1%', 'H10=94.1%', 'H11=93.8%', 'H12=93.9%', 'H13=93.9%', 'H14=93.9%', 'H15=93.9%', 'H16=93.9%']
  per_ACT_puzzle_acc: ['H1=0.0%', 'H2=0.0%', 'H3=0.0%', 'H4=0.0%', 'H5=0.0%', 'H6=0.0%', 'H7=0.0%', 'H8=0.0%', 'H9=0.0%', 'H10=0.0%', 'H11=0.0%', 'H12=0.0%', 'H13=0.0%', 'H14=0.0%', 'H15=0.0%', 'H16=0.0%']
  mean_sigmoid_q_halt: ['0.001', '0.000', '0.000', '0.000', '0.001', '0.002', '0.001', '0.002', '0.002', '0.003', '0.004', '0.004', '0.004', '0.004', '0.004', '0.004']
  halt_rates: ['0.00', '0.00', '0.00', '0.00', '0.00', '0.00', '0.00', '0.00', '0.00', '0.00', '0.00', '0.00', '0.00', '0.00', '0.00', '0.00']
  halt_histogram %: [0.0, 0.0, 0.5, 1.5, 2.1, 2.4, 2.3, 2.0, 2.0, 2.0, 1.6, 1.4, 1.4, 1.3, 1.2, 78.3]
  Avg ACT steps (last 100): 9.42
  saved: /home/jvdillon/projects/sic/code/maze/ckpts/x09/step06500.pt acc=93.54% (0.070s)
Step  6500  Test 93.54% /  1.50% (halt: 93.54%/ 0.60%)  Train lm=0.7070±0.0071ϵ[0.6914,0.7383] n_halted=12.7400±11.6911ϵ[0.0000,58.0000]  TrainAcc 93.55%/ 0.40% (halt: 93.55%/ 0.40%)  (55.270s / 180.570s)
  n_active=128.0000±0.0000ϵ[128.0000,128.0000] n_expunged=0.0000±0.0000ϵ[0.0000,0.0000] pool_util=1.0000±0.0000ϵ[1.0000,1.0000]
  path_valid=3.50%, exact_match=1.10%
  eval_avg_halt_step: 15.94
  per_H_acc: ['H0=30.8%', 'H1=0.0%', 'H2=0.0%']
  H_cos: ['0.727', '0.875']
  z_H_delta: ['21.500', '16.125']
  cells: fixed=[4, 0] broken=[64302, 4]
  per_ACT_cell_acc: ['H1=56.4%', 'H2=87.2%', 'H3=93.8%', 'H4=94.8%', 'H5=95.2%', 'H6=95.4%', 'H7=95.4%', 'H8=95.4%', 'H9=95.5%', 'H10=95.4%', 'H11=95.4%', 'H12=95.4%', 'H13=95.3%', 'H14=95.3%', 'H15=95.3%', 'H16=95.3%']
  per_ACT_puzzle_acc: ['H1=0.0%', 'H2=0.0%', 'H3=0.0%', 'H4=0.0%', 'H5=0.4%', 'H6=1.3%', 'H7=1.7%', 'H8=1.7%', 'H9=1.7%', 'H10=1.3%', 'H11=1.3%', 'H12=1.3%', 'H13=1.3%', 'H14=1.3%', 'H15=2.2%', 'H16=1.7%']
  mean_sigmoid_q_halt: ['0.001', '0.000', '0.000', '0.000', '0.004', '0.012', '0.016', '0.018', '0.021', '0.024', '0.026', '0.027', '0.028', '0.029', '0.030', '0.030']
  halt_rates: ['0.00', '0.00', '0.00', '0.00', '0.00', '0.00', '0.00', '0.00', '0.00', '0.00', '0.00', '0.00', '0.00', '0.00', '0.00', '0.00']
  halt_histogram %: [0.0, 0.0, 1.2, 2.5, 3.1, 3.1, 2.9, 2.6, 2.4, 2.3, 1.8, 1.6, 1.5, 1.4, 1.3, 72.0]
  Avg ACT steps (last 100): 9.58
  eval_avg_halt_step: 15.90
  per_H_acc: ['H0=30.6%', 'H1=0.0%', 'H2=0.0%']
  H_cos: ['0.723', '0.875']
  z_H_delta: ['21.500', '16.125']
  cells: fixed=[1, 0] broken=[28637, 1]
  per_ACT_cell_acc: ['H1=56.5%', 'H2=87.1%', 'H3=93.9%', 'H4=94.9%', 'H5=95.1%', 'H6=95.3%', 'H7=95.3%', 'H8=95.3%', 'H9=95.3%', 'H10=95.2%', 'H11=95.2%', 'H12=95.3%', 'H13=95.3%', 'H14=95.3%', 'H15=95.2%', 'H16=95.2%']
  per_ACT_puzzle_acc: ['H1=0.0%', 'H2=0.0%', 'H3=0.0%', 'H4=0.0%', 'H5=0.0%', 'H6=1.9%', 'H7=1.9%', 'H8=1.9%', 'H9=1.9%', 'H10=1.9%', 'H11=2.9%', 'H12=2.9%', 'H13=2.9%', 'H14=2.9%', 'H15=2.9%', 'H16=2.9%']
  mean_sigmoid_q_halt: ['0.001', '0.000', '0.000', '0.001', '0.004', '0.012', '0.017', '0.020', '0.025', '0.029', '0.030', '0.031', '0.037', '0.034', '0.035', '0.036']
  halt_rates: ['0.00', '0.00', '0.00', '0.00', '0.00', '0.00', '0.00', '0.01', '0.01', '0.01', '0.01', '0.01', '0.01', '0.02', '0.02', '0.02']
  halt_histogram %: [0.0, 0.0, 1.2, 2.5, 3.1, 3.1, 2.9, 2.6, 2.4, 2.3, 1.8, 1.6, 1.5, 1.4, 1.3, 72.0]
  Avg ACT steps (last 100): 9.58
  saved: /home/jvdillon/projects/sic/code/maze/ckpts/x09/step07000.pt acc=95.20% (0.083s)
Step  7000  Test 95.20% /  2.60% (halt: 95.20%/ 1.10%)  Train lm=0.7070±0.0067ϵ[0.6914,0.7305] n_halted=14.0520±12.5507ϵ[0.0000,64.0000]  TrainAcc 95.34%/ 1.40% (halt: 95.34%/ 1.40%)  (55.283s / 180.458s)
  n_active=128.0000±0.0000ϵ[128.0000,128.0000] n_expunged=0.0000±0.0000ϵ[0.0000,0.0000] pool_util=1.0000±0.0000ϵ[1.0000,1.0000]
  path_valid=78.00%, exact_match=1.30%
  eval_avg_halt_step: 10.81
  per_H_acc: ['H0=36.9%', 'H1=0.0%', 'H2=0.0%']
  H_cos: ['0.727', '0.867']
  z_H_delta: ['22.000', '14.750']
  cells: fixed=[0, 0] broken=[76994, 0]
  per_ACT_cell_acc: ['H1=50.4%', 'H2=87.4%', 'H3=94.2%', 'H4=95.4%', 'H5=95.7%', 'H6=96.0%', 'H7=96.1%', 'H8=96.1%', 'H9=96.1%', 'H10=96.1%', 'H11=96.1%', 'H12=96.1%', 'H13=96.1%', 'H14=96.0%', 'H15=96.0%', 'H16=96.0%']
  per_ACT_puzzle_acc: ['H1=0.0%', 'H2=0.0%', 'H3=0.0%', 'H4=0.0%', 'H5=0.4%', 'H6=0.9%', 'H7=1.3%', 'H8=1.3%', 'H9=1.3%', 'H10=1.7%', 'H11=1.7%', 'H12=1.7%', 'H13=1.7%', 'H14=1.7%', 'H15=1.7%', 'H16=1.7%']
  mean_sigmoid_q_halt: ['0.001', '0.000', '0.000', '0.007', '0.070', '0.083', '0.105', '0.140', '0.173', '0.198', '0.211', '0.221', '0.229', '0.238', '0.256', '0.268']
  halt_rates: ['0.00', '0.00', '0.00', '0.00', '0.01', '0.02', '0.04', '0.08', '0.14', '0.17', '0.19', '0.20', '0.19', '0.23', '0.25', '0.26']
  halt_histogram %: [0.0, 0.2, 2.3, 3.7, 4.1, 4.0, 3.4, 3.0, 2.7, 2.5, 2.0, 1.8, 1.7, 1.5, 1.3, 65.8]
  Avg ACT steps (last 100): 9.05
  eval_avg_halt_step: 10.63
  per_H_acc: ['H0=37.0%', 'H1=0.0%', 'H2=0.0%']
  H_cos: ['0.727', '0.863']
  z_H_delta: ['22.000', '14.812']
  cells: fixed=[0, 0] broken=[34625, 0]
  per_ACT_cell_acc: ['H1=50.2%', 'H2=87.3%', 'H3=94.5%', 'H4=95.7%', 'H5=96.1%', 'H6=96.4%', 'H7=96.5%', 'H8=96.5%', 'H9=96.5%', 'H10=96.5%', 'H11=96.5%', 'H12=96.5%', 'H13=96.5%', 'H14=96.5%', 'H15=96.5%', 'H16=96.5%']
  per_ACT_puzzle_acc: ['H1=0.0%', 'H2=0.0%', 'H3=0.0%', 'H4=0.0%', 'H5=0.0%', 'H6=0.0%', 'H7=0.0%', 'H8=0.0%', 'H9=0.0%', 'H10=0.0%', 'H11=0.0%', 'H12=0.0%', 'H13=0.0%', 'H14=0.0%', 'H15=0.0%', 'H16=0.0%']
  mean_sigmoid_q_halt: ['0.001', '0.000', '0.000', '0.007', '0.079', '0.097', '0.121', '0.159', '0.195', '0.227', '0.252', '0.271', '0.281', '0.299', '0.312', '0.320']
  halt_rates: ['0.00', '0.00', '0.00', '0.00', '0.00', '0.05', '0.07', '0.10', '0.14', '0.21', '0.24', '0.25', '0.25', '0.30', '0.32', '0.31']
  halt_histogram %: [0.0, 0.2, 2.3, 3.7, 4.1, 4.0, 3.4, 3.0, 2.7, 2.5, 2.0, 1.8, 1.7, 1.5, 1.3, 65.8]
  Avg ACT steps (last 100): 9.05
  saved: /home/jvdillon/projects/sic/code/maze/ckpts/x09/step07500.pt acc=96.22% (0.085s)
  saved: /home/jvdillon/projects/sic/code/maze/ckpts/x09/best.pt acc=96.22% (0.165s)
Step  7500  Test 96.22% /  2.30% (halt: 96.23%/ 1.60%)  Train lm=0.7070±0.0078ϵ[0.6875,0.7422] n_halted=15.7440±14.7008ϵ[0.0000,69.0000]  TrainAcc 96.55%/ 0.90% (halt: 96.55%/ 1.00%)  (55.508s / 180.809s)
  n_active=128.0000±0.0000ϵ[128.0000,128.0000] n_expunged=0.0000±0.0000ϵ[0.0000,0.0000] pool_util=1.0000±0.0000ϵ[1.0000,1.0000]
  path_valid=38.80%, exact_match=5.80%
  eval_avg_halt_step: 15.93
  per_H_acc: ['H0=37.2%', 'H1=0.0%', 'H2=0.0%']
  H_cos: ['0.773', '0.852']
  z_H_delta: ['21.125', '17.625']
  cells: fixed=[0, 0] broken=[77612, 0]
  per_ACT_cell_acc: ['H1=47.3%', 'H2=87.3%', 'H3=95.2%', 'H4=96.1%', 'H5=96.7%', 'H6=97.0%', 'H7=97.1%', 'H8=97.2%', 'H9=97.2%', 'H10=97.2%', 'H11=97.2%', 'H12=97.2%', 'H13=97.2%', 'H14=97.2%', 'H15=97.2%', 'H16=97.2%']
  per_ACT_puzzle_acc: ['H1=0.0%', 'H2=0.0%', 'H3=0.0%', 'H4=0.0%', 'H5=0.9%', 'H6=5.2%', 'H7=8.6%', 'H8=9.5%', 'H9=9.5%', 'H10=9.1%', 'H11=9.5%', 'H12=9.1%', 'H13=9.5%', 'H14=9.9%', 'H15=9.5%', 'H16=9.9%']
  mean_sigmoid_q_halt: ['0.002', '0.000', '0.000', '0.010', '0.026', '0.026', '0.038', '0.055', '0.066', '0.074', '0.077', '0.080', '0.080', '0.080', '0.080', '0.080']
  halt_rates: ['0.00', '0.00', '0.00', '0.00', '0.00', '0.00', '0.00', '0.00', '0.00', '0.00', '0.00', '0.01', '0.01', '0.01', '0.01', '0.00']
  halt_histogram %: [0.0, 0.6, 3.9, 5.1, 5.0, 4.6, 3.9, 3.3, 2.9, 2.6, 2.1, 1.8, 1.7, 1.5, 1.4, 59.6]
  Avg ACT steps (last 100): 6.53
  eval_avg_halt_step: 15.85
  per_H_acc: ['H0=37.3%', 'H1=0.0%', 'H2=0.0%']
  H_cos: ['0.773', '0.852']
  z_H_delta: ['21.125', '17.625']
  cells: fixed=[0, 0] broken=[34909, 0]
  per_ACT_cell_acc: ['H1=47.2%', 'H2=87.3%', 'H3=95.5%', 'H4=96.8%', 'H5=97.3%', 'H6=97.5%', 'H7=97.6%', 'H8=97.6%', 'H9=97.6%', 'H10=97.7%', 'H11=97.7%', 'H12=97.7%', 'H13=97.7%', 'H14=97.6%', 'H15=97.6%', 'H16=97.6%']
  per_ACT_puzzle_acc: ['H1=0.0%', 'H2=0.0%', 'H3=0.0%', 'H4=1.0%', 'H5=2.9%', 'H6=6.7%', 'H7=11.5%', 'H8=13.5%', 'H9=15.4%', 'H10=15.4%', 'H11=14.4%', 'H12=13.5%', 'H13=12.5%', 'H14=11.5%', 'H15=10.6%', 'H16=10.6%']
  mean_sigmoid_q_halt: ['0.002', '0.000', '0.000', '0.010', '0.031', '0.039', '0.050', '0.069', '0.082', '0.088', '0.091', '0.093', '0.092', '0.089', '0.089', '0.089']
  halt_rates: ['0.00', '0.00', '0.00', '0.00', '0.00', '0.00', '0.00', '0.01', '0.01', '0.01', '0.00', '0.00', '0.00', '0.00', '0.00', '0.00']
  halt_histogram %: [0.0, 0.6, 3.9, 5.1, 5.0, 4.6, 3.9, 3.3, 2.9, 2.6, 2.1, 1.8, 1.7, 1.5, 1.4, 59.6]
  Avg ACT steps (last 100): 6.53
  saved: /home/jvdillon/projects/sic/code/maze/ckpts/x09/step08000.pt acc=97.17% (0.072s)
  saved: /home/jvdillon/projects/sic/code/maze/ckpts/x09/best.pt acc=97.17% (0.153s)
Step  8000  Test 97.17% /  8.10% (halt: 97.17%/ 5.80%)  Train lm=0.7031±0.0070ϵ[0.6875,0.7266] n_halted=18.3460±15.0714ϵ[0.0000,74.0000]  TrainAcc 97.60%/ 9.60% (halt: 97.60%/ 9.60%)  (55.420s / 180.543s)
  n_active=128.0000±0.0000ϵ[128.0000,128.0000] n_expunged=0.0000±0.0000ϵ[0.0000,0.0000] pool_util=1.0000±0.0000ϵ[1.0000,1.0000]
  path_valid=24.00%, exact_match=9.70%
  eval_avg_halt_step: 9.85
  per_H_acc: ['H0=8.9%', 'H1=0.0%', 'H2=0.0%']
  H_cos: ['0.723', '0.844']
  z_H_delta: ['21.000', '17.250']
  cells: fixed=[0, 0] broken=[18496, 0]
  per_ACT_cell_acc: ['H1=78.4%', 'H2=87.7%', 'H3=95.3%', 'H4=96.4%', 'H5=96.8%', 'H6=97.0%', 'H7=97.1%', 'H8=97.1%', 'H9=97.1%', 'H10=97.2%', 'H11=97.2%', 'H12=97.2%', 'H13=97.2%', 'H14=97.2%', 'H15=97.2%', 'H16=97.2%']
  per_ACT_puzzle_acc: ['H1=0.0%', 'H2=0.0%', 'H3=0.0%', 'H4=0.4%', 'H5=3.4%', 'H6=6.5%', 'H7=9.1%', 'H8=10.3%', 'H9=10.8%', 'H10=11.6%', 'H11=11.2%', 'H12=11.2%', 'H13=11.2%', 'H14=10.3%', 'H15=10.8%', 'H16=10.8%']
  mean_sigmoid_q_halt: ['0.001', '0.000', '0.000', '0.123', '0.215', '0.219', '0.244', '0.262', '0.273', '0.281', '0.285', '0.297', '0.303', '0.301', '0.305', '0.316']
  halt_rates: ['0.00', '0.00', '0.00', '0.00', '0.15', '0.20', '0.21', '0.22', '0.23', '0.25', '0.26', '0.25', '0.26', '0.28', '0.28', '0.28']
  halt_histogram %: [0.0, 1.3, 5.6, 6.4, 5.8, 5.0, 4.2, 3.4, 3.0, 2.7, 2.1, 1.9, 1.7, 1.5, 1.3, 54.0]
  Avg ACT steps (last 100): 5.90
  eval_avg_halt_step: 9.84
  per_H_acc: ['H0=8.9%', 'H1=0.0%', 'H2=0.0%']
  H_cos: ['0.719', '0.844']
  z_H_delta: ['21.000', '17.250']
  cells: fixed=[0, 0] broken=[8317, 0]
  per_ACT_cell_acc: ['H1=78.3%', 'H2=87.6%', 'H3=95.9%', 'H4=97.0%', 'H5=97.3%', 'H6=97.6%', 'H7=97.7%', 'H8=97.8%', 'H9=97.8%', 'H10=97.8%', 'H11=97.8%', 'H12=97.9%', 'H13=97.8%', 'H14=97.8%', 'H15=97.8%', 'H16=97.8%']
  per_ACT_puzzle_acc: ['H1=0.0%', 'H2=0.0%', 'H3=0.0%', 'H4=0.0%', 'H5=1.9%', 'H6=6.7%', 'H7=11.5%', 'H8=14.4%', 'H9=13.5%', 'H10=13.5%', 'H11=13.5%', 'H12=14.4%', 'H13=12.5%', 'H14=13.5%', 'H15=13.5%', 'H16=12.5%']
  mean_sigmoid_q_halt: ['0.001', '0.000', '0.000', '0.125', '0.233', '0.240', '0.273', '0.299', '0.322', '0.328', '0.330', '0.348', '0.355', '0.344', '0.352', '0.346']
  halt_rates: ['0.00', '0.00', '0.00', '0.00', '0.17', '0.17', '0.21', '0.26', '0.31', '0.34', '0.32', '0.33', '0.36', '0.35', '0.35', '0.35']
  halt_histogram %: [0.0, 1.3, 5.6, 6.4, 5.8, 5.0, 4.2, 3.4, 3.0, 2.7, 2.1, 1.9, 1.7, 1.5, 1.3, 54.0]
  Avg ACT steps (last 100): 5.90
  saved: /home/jvdillon/projects/sic/code/maze/ckpts/x09/step08500.pt acc=97.33% (0.070s)
  saved: /home/jvdillon/projects/sic/code/maze/ckpts/x09/best.pt acc=97.33% (0.149s)
Step  8500  Test 97.33% / 17.50% (halt: 97.35%/11.40%)  Train lm=0.7031±0.0067ϵ[0.6875,0.7383] n_halted=19.7740±15.9715ϵ[0.0000,73.0000]  TrainAcc 97.73%/12.20% (halt: 97.75%/13.20%)  (55.397s / 180.637s)
  n_active=128.0000±0.0000ϵ[128.0000,128.0000] n_expunged=0.0000±0.0000ϵ[0.0000,0.0000] pool_util=1.0000±0.0000ϵ[1.0000,1.0000]
  path_valid=68.70%, exact_match=34.30%
  eval_avg_halt_step: 7.21
  per_H_acc: ['H0=35.1%', 'H1=0.0%', 'H2=0.0%']
  H_cos: ['0.680', '0.848']
  z_H_delta: ['20.625', '18.750']
  cells: fixed=[0, 0] broken=[73216, 0]
  per_ACT_cell_acc: ['H1=50.9%', 'H2=87.4%', 'H3=95.7%', 'H4=96.7%', 'H5=97.4%', 'H6=97.6%', 'H7=97.7%', 'H8=97.8%', 'H9=97.8%', 'H10=97.8%', 'H11=97.8%', 'H12=97.8%', 'H13=97.8%', 'H14=97.8%', 'H15=97.8%', 'H16=97.9%']
  per_ACT_puzzle_acc: ['H1=0.0%', 'H2=0.0%', 'H3=0.0%', 'H4=2.6%', 'H5=10.3%', 'H6=19.0%', 'H7=23.7%', 'H8=27.6%', 'H9=29.7%', 'H10=31.5%', 'H11=33.2%', 'H12=34.1%', 'H13=33.6%', 'H14=34.9%', 'H15=34.9%', 'H16=36.2%']
  mean_sigmoid_q_halt: ['0.001', '0.000', '0.000', '0.087', '0.160', '0.219', '0.314', '0.379', '0.424', '0.455', '0.479', '0.488', '0.496', '0.504', '0.516', '0.516']
  halt_rates: ['0.00', '0.00', '0.00', '0.00', '0.10', '0.20', '0.36', '0.42', '0.47', '0.50', '0.54', '0.56', '0.57', '0.57', '0.59', '0.59']
  halt_histogram %: [0.0, 2.8, 7.7, 7.5, 6.3, 5.3, 4.4, 3.5, 3.0, 2.7, 2.1, 1.8, 1.6, 1.4, 1.3, 48.5]
  Avg ACT steps (last 100): 4.86
  eval_avg_halt_step: 6.47
  per_H_acc: ['H0=35.2%', 'H1=0.0%', 'H2=0.0%']
  H_cos: ['0.676', '0.848']
  z_H_delta: ['20.625', '18.875']
  cells: fixed=[0, 0] broken=[32959, 0]
  per_ACT_cell_acc: ['H1=50.9%', 'H2=87.3%', 'H3=96.5%', 'H4=97.4%', 'H5=97.9%', 'H6=98.2%', 'H7=98.3%', 'H8=98.3%', 'H9=98.3%', 'H10=98.4%', 'H11=98.3%', 'H12=98.4%', 'H13=98.4%', 'H14=98.4%', 'H15=98.4%', 'H16=98.4%']
  per_ACT_puzzle_acc: ['H1=0.0%', 'H2=0.0%', 'H3=1.0%', 'H4=6.7%', 'H5=16.3%', 'H6=26.0%', 'H7=33.7%', 'H8=37.5%', 'H9=40.4%', 'H10=43.3%', 'H11=45.2%', 'H12=46.2%', 'H13=46.2%', 'H14=46.2%', 'H15=46.2%', 'H16=46.2%']
  mean_sigmoid_q_halt: ['0.001', '0.000', '0.000', '0.132', '0.232', '0.256', '0.332', '0.393', '0.428', '0.457', '0.486', '0.496', '0.508', '0.512', '0.520', '0.531']
  halt_rates: ['0.00', '0.00', '0.00', '0.01', '0.19', '0.26', '0.36', '0.44', '0.46', '0.47', '0.56', '0.55', '0.58', '0.59', '0.58', '0.60']
  halt_histogram %: [0.0, 2.8, 7.7, 7.5, 6.3, 5.3, 4.4, 3.5, 3.0, 2.7, 2.1, 1.8, 1.6, 1.4, 1.3, 48.5]
  Avg ACT steps (last 100): 4.86
  saved: /home/jvdillon/projects/sic/code/maze/ckpts/x09/step09000.pt acc=98.00% (0.071s)
  saved: /home/jvdillon/projects/sic/code/maze/ckpts/x09/best.pt acc=98.00% (0.152s)
Step  9000  Test 98.00% / 49.40% (halt: 97.99%/34.50%)  Train lm=0.6992±0.0065ϵ[0.6875,0.7305] n_halted=23.3280±17.7568ϵ[0.0000,78.0000]  TrainAcc 98.49%/46.10% (halt: 98.48%/44.70%)  (55.448s / 180.556s)
  n_active=128.0000±0.0000ϵ[128.0000,128.0000] n_expunged=0.0000±0.0000ϵ[0.0000,0.0000] pool_util=1.0000±0.0000ϵ[1.0000,1.0000]
  path_valid=66.30%, exact_match=29.30%
  eval_avg_halt_step: 9.91
  per_H_acc: ['H0=14.6%', 'H1=0.0%', 'H2=0.0%']
  H_cos: ['0.770', '0.797']
  z_H_delta: ['20.625', '19.625']
  cells: fixed=[0, 0] broken=[30468, 0]
  per_ACT_cell_acc: ['H1=72.4%', 'H2=87.5%', 'H3=96.1%', 'H4=97.2%', 'H5=97.7%', 'H6=97.9%', 'H7=98.0%', 'H8=98.0%', 'H9=98.1%', 'H10=98.1%', 'H11=98.1%', 'H12=98.1%', 'H13=98.1%', 'H14=98.1%', 'H15=98.1%', 'H16=98.1%']
  per_ACT_puzzle_acc: ['H1=0.0%', 'H2=0.0%', 'H3=0.0%', 'H4=2.2%', 'H5=7.3%', 'H6=17.2%', 'H7=20.3%', 'H8=24.1%', 'H9=25.4%', 'H10=28.4%', 'H11=28.0%', 'H12=29.3%', 'H13=29.3%', 'H14=30.2%', 'H15=30.6%', 'H16=30.6%']
  mean_sigmoid_q_halt: ['0.002', '0.000', '0.000', '0.070', '0.120', '0.139', '0.208', '0.245', '0.281', '0.312', '0.328', '0.338', '0.352', '0.363', '0.373', '0.383']
  halt_rates: ['0.00', '0.00', '0.00', '0.00', '0.06', '0.09', '0.17', '0.24', '0.28', '0.31', '0.36', '0.38', '0.38', '0.37', '0.40', '0.42']
  halt_histogram %: [0.0, 4.8, 9.7, 8.4, 6.7, 5.4, 4.4, 3.4, 3.0, 2.6, 2.1, 1.8, 1.6, 1.4, 1.2, 43.7]
  Avg ACT steps (last 100): 5.18
  eval_avg_halt_step: 8.65
  per_H_acc: ['H0=15.1%', 'H1=0.0%', 'H2=0.0%']
  H_cos: ['0.766', '0.797']
  z_H_delta: ['20.625', '19.750']
  cells: fixed=[0, 0] broken=[14098, 0]
  per_ACT_cell_acc: ['H1=71.9%', 'H2=87.3%', 'H3=97.0%', 'H4=98.0%', 'H5=98.5%', 'H6=98.7%', 'H7=98.9%', 'H8=98.9%', 'H9=98.9%', 'H10=98.9%', 'H11=98.9%', 'H12=98.9%', 'H13=98.9%', 'H14=98.9%', 'H15=98.9%', 'H16=98.9%']
  per_ACT_puzzle_acc: ['H1=0.0%', 'H2=0.0%', 'H3=0.0%', 'H4=4.8%', 'H5=19.2%', 'H6=30.8%', 'H7=34.6%', 'H8=34.6%', 'H9=39.4%', 'H10=42.3%', 'H11=41.3%', 'H12=41.3%', 'H13=40.4%', 'H14=42.3%', 'H15=42.3%', 'H16=42.3%']
  mean_sigmoid_q_halt: ['0.002', '0.000', '0.000', '0.092', '0.177', '0.202', '0.254', '0.312', '0.355', '0.371', '0.379', '0.395', '0.395', '0.398', '0.404', '0.416']
  halt_rates: ['0.00', '0.00', '0.00', '0.00', '0.12', '0.14', '0.22', '0.33', '0.41', '0.41', '0.40', '0.43', '0.42', '0.41', '0.42', '0.43']
  halt_histogram %: [0.0, 4.8, 9.7, 8.4, 6.7, 5.4, 4.4, 3.4, 3.0, 2.6, 2.1, 1.8, 1.6, 1.4, 1.2, 43.7]
  Avg ACT steps (last 100): 5.18
  saved: /home/jvdillon/projects/sic/code/maze/ckpts/x09/step09500.pt acc=97.98% (0.074s)
Step  9500  Test 97.98% / 41.80% (halt: 97.99%/29.40%)  Train lm=0.6992±0.0063ϵ[0.6836,0.7266] n_halted=25.1960±17.8815ϵ[0.0000,74.0000]  TrainAcc 98.68%/42.50% (halt: 98.67%/41.20%)  (55.360s / 180.586s)
  n_active=128.0000±0.0000ϵ[128.0000,128.0000] n_expunged=0.0000±0.0000ϵ[0.0000,0.0000] pool_util=1.0000±0.0000ϵ[1.0000,1.0000]
  path_valid=68.90%, exact_match=40.40%
  eval_avg_halt_step: 6.83
  per_H_acc: ['H0=28.3%', 'H1=0.0%', 'H2=0.0%']
  H_cos: ['0.703', '0.828']
  z_H_delta: ['20.250', '19.000']
  cells: fixed=[0, 0] broken=[59157, 0]
  per_ACT_cell_acc: ['H1=58.3%', 'H2=87.2%', 'H3=96.5%', 'H4=97.7%', 'H5=98.0%', 'H6=98.1%', 'H7=98.3%', 'H8=98.3%', 'H9=98.3%', 'H10=98.3%', 'H11=98.3%', 'H12=98.4%', 'H13=98.4%', 'H14=98.4%', 'H15=98.4%', 'H16=98.4%']
  per_ACT_puzzle_acc: ['H1=0.0%', 'H2=0.0%', 'H3=0.0%', 'H4=9.1%', 'H5=24.1%', 'H6=31.9%', 'H7=34.9%', 'H8=36.2%', 'H9=39.7%', 'H10=39.7%', 'H11=38.4%', 'H12=39.7%', 'H13=40.1%', 'H14=39.7%', 'H15=40.5%', 'H16=40.5%']
  mean_sigmoid_q_halt: ['0.002', '0.000', '0.001', '0.101', '0.285', '0.354', '0.395', '0.412', '0.434', '0.436', '0.438', '0.438', '0.443', '0.443', '0.441', '0.439']
  halt_rates: ['0.00', '0.00', '0.00', '0.04', '0.31', '0.38', '0.47', '0.45', '0.50', '0.48', '0.47', '0.49', '0.49', '0.50', '0.48', '0.50']
  halt_histogram %: [0.0, 7.5, 11.4, 9.0, 6.9, 5.4, 4.3, 3.3, 2.8, 2.5, 2.0, 1.7, 1.5, 1.3, 1.1, 39.3]
  Avg ACT steps (last 100): 3.93
  eval_avg_halt_step: 6.13
  per_H_acc: ['H0=28.7%', 'H1=0.0%', 'H2=0.0%']
  H_cos: ['0.703', '0.828']
  z_H_delta: ['20.250', '19.125']
  cells: fixed=[0, 0] broken=[26859, 0]
  per_ACT_cell_acc: ['H1=58.2%', 'H2=87.3%', 'H3=97.5%', 'H4=98.4%', 'H5=98.7%', 'H6=98.9%', 'H7=98.9%', 'H8=98.9%', 'H9=98.9%', 'H10=98.9%', 'H11=98.9%', 'H12=98.9%', 'H13=98.9%', 'H14=98.9%', 'H15=98.9%', 'H16=98.9%']
  per_ACT_puzzle_acc: ['H1=0.0%', 'H2=0.0%', 'H3=0.0%', 'H4=15.4%', 'H5=27.9%', 'H6=45.2%', 'H7=46.2%', 'H8=48.1%', 'H9=48.1%', 'H10=48.1%', 'H11=47.1%', 'H12=47.1%', 'H13=48.1%', 'H14=47.1%', 'H15=47.1%', 'H16=46.2%']
  mean_sigmoid_q_halt: ['0.001', '0.000', '0.001', '0.164', '0.322', '0.393', '0.447', '0.480', '0.488', '0.482', '0.477', '0.461', '0.457', '0.449', '0.438', '0.424']
  halt_rates: ['0.00', '0.00', '0.00', '0.08', '0.38', '0.47', '0.53', '0.56', '0.56', '0.55', '0.53', '0.51', '0.51', '0.49', '0.48', '0.42']
  halt_histogram %: [0.0, 7.5, 11.4, 9.0, 6.9, 5.4, 4.3, 3.3, 2.8, 2.5, 2.0, 1.7, 1.5, 1.3, 1.1, 39.3]
  Avg ACT steps (last 100): 3.93
  saved: /home/jvdillon/projects/sic/code/maze/ckpts/x09/step10000.pt acc=98.38% (0.073s)
  saved: /home/jvdillon/projects/sic/code/maze/ckpts/x09/best.pt acc=98.38% (0.152s)
Step 10000  Test 98.38% / 48.60% (halt: 98.41%/45.50%)  Train lm=0.6953±0.0055ϵ[0.6797,0.7148] n_halted=28.4240±17.8778ϵ[0.0000,81.0000]  TrainAcc 98.93%/51.40% (halt: 98.95%/57.70%)  (55.448s / 180.619s)
  n_active=128.0000±0.0000ϵ[128.0000,128.0000] n_expunged=0.0000±0.0000ϵ[0.0000,0.0000] pool_util=1.0000±0.0000ϵ[1.0000,1.0000]
  path_valid=86.60%, exact_match=42.10%
  eval_avg_halt_step: 4.11
  per_H_acc: ['H0=23.1%', 'H1=0.0%', 'H2=0.0%']
  H_cos: ['0.746', '0.723']
  z_H_delta: ['19.375', '22.000']
  cells: fixed=[0, 0] broken=[48303, 0]
  per_ACT_cell_acc: ['H1=57.8%', 'H2=85.3%', 'H3=96.4%', 'H4=97.6%', 'H5=97.9%', 'H6=98.1%', 'H7=98.1%', 'H8=98.2%', 'H9=98.2%', 'H10=98.2%', 'H11=98.3%', 'H12=98.3%', 'H13=98.3%', 'H14=98.3%', 'H15=98.3%', 'H16=98.3%']
  per_ACT_puzzle_acc: ['H1=0.0%', 'H2=0.0%', 'H3=0.0%', 'H4=8.2%', 'H5=23.7%', 'H6=31.9%', 'H7=36.6%', 'H8=41.8%', 'H9=44.0%', 'H10=44.4%', 'H11=44.4%', 'H12=44.4%', 'H13=44.0%', 'H14=44.8%', 'H15=44.4%', 'H16=44.4%']
  mean_sigmoid_q_halt: ['0.002', '0.001', '0.019', '0.293', '0.359', '0.463', '0.555', '0.629', '0.664', '0.688', '0.711', '0.723', '0.730', '0.742', '0.750', '0.746']
  halt_rates: ['0.00', '0.00', '0.00', '0.19', '0.36', '0.54', '0.64', '0.70', '0.74', '0.76', '0.79', '0.80', '0.81', '0.83', '0.83', '0.83']
  halt_histogram %: [0.0, 11.0, 13.1, 9.3, 6.9, 5.2, 4.1, 3.2, 2.7, 2.3, 1.8, 1.6, 1.4, 1.2, 1.1, 35.2]
  Avg ACT steps (last 100): 2.85
  eval_avg_halt_step: 3.76
  per_H_acc: ['H0=23.5%', 'H1=0.0%', 'H2=0.0%']
  H_cos: ['0.746', '0.719']
  z_H_delta: ['19.375', '22.000']
  cells: fixed=[0, 0] broken=[21976, 0]
  per_ACT_cell_acc: ['H1=57.6%', 'H2=85.4%', 'H3=97.1%', 'H4=98.3%', 'H5=98.6%', 'H6=98.6%', 'H7=98.6%', 'H8=98.7%', 'H9=98.7%', 'H10=98.8%', 'H11=98.8%', 'H12=98.9%', 'H13=98.9%', 'H14=98.9%', 'H15=98.9%', 'H16=98.9%']
  per_ACT_puzzle_acc: ['H1=0.0%', 'H2=0.0%', 'H3=0.0%', 'H4=11.5%', 'H5=34.6%', 'H6=45.2%', 'H7=49.0%', 'H8=50.0%', 'H9=51.0%', 'H10=51.9%', 'H11=57.7%', 'H12=57.7%', 'H13=56.7%', 'H14=54.8%', 'H15=55.8%', 'H16=54.8%']
  mean_sigmoid_q_halt: ['0.002', '0.001', '0.019', '0.326', '0.400', '0.523', '0.598', '0.637', '0.660', '0.688', '0.715', '0.727', '0.742', '0.750', '0.762', '0.758']
  halt_rates: ['0.00', '0.00', '0.00', '0.26', '0.45', '0.62', '0.67', '0.71', '0.76', '0.78', '0.81', '0.85', '0.87', '0.85', '0.86', '0.85']
  halt_histogram %: [0.0, 11.0, 13.1, 9.3, 6.9, 5.2, 4.1, 3.2, 2.7, 2.3, 1.8, 1.6, 1.4, 1.2, 1.1, 35.2]
  Avg ACT steps (last 100): 2.85
  saved: /home/jvdillon/projects/sic/code/maze/ckpts/x09/step10500.pt acc=98.23% (0.073s)
Step 10500  Test 98.23% / 59.50% (halt: 98.19%/42.70%)  Train lm=0.6914±0.0044ϵ[0.6797,0.7031] n_halted=32.7520±17.5868ϵ[3.0000,80.0000]  TrainAcc 98.75%/53.10% (halt: 98.71%/55.00%)  (55.377s / 180.557s)
  n_active=128.0000±0.0000ϵ[128.0000,128.0000] n_expunged=0.0000±0.0000ϵ[0.0000,0.0000] pool_util=1.0000±0.0000ϵ[1.0000,1.0000]
  path_valid=92.50%, exact_match=47.70%
  eval_avg_halt_step: 3.61
  per_H_acc: ['H0=17.8%', 'H1=0.0%', 'H2=0.0%']
  H_cos: ['0.676', '0.816']
  z_H_delta: ['20.000', '20.625']
  cells: fixed=[0, 0] broken=[37242, 0]
  per_ACT_cell_acc: ['H1=69.3%', 'H2=85.0%', 'H3=97.4%', 'H4=98.2%', 'H5=98.4%', 'H6=98.5%', 'H7=98.5%', 'H8=98.5%', 'H9=98.5%', 'H10=98.6%', 'H11=98.6%', 'H12=98.6%', 'H13=98.6%', 'H14=98.6%', 'H15=98.6%', 'H16=98.6%']
  per_ACT_puzzle_acc: ['H1=0.0%', 'H2=0.0%', 'H3=1.7%', 'H4=16.4%', 'H5=29.7%', 'H6=38.8%', 'H7=41.4%', 'H8=43.1%', 'H9=44.4%', 'H10=43.1%', 'H11=44.0%', 'H12=44.0%', 'H13=44.8%', 'H14=44.0%', 'H15=45.3%', 'H16=44.4%']
  mean_sigmoid_q_halt: ['0.002', '0.001', '0.040', '0.285', '0.467', '0.609', '0.648', '0.676', '0.691', '0.707', '0.715', '0.723', '0.730', '0.734', '0.738', '0.742']
  halt_rates: ['0.00', '0.00', '0.00', '0.24', '0.54', '0.70', '0.73', '0.74', '0.76', '0.76', '0.77', '0.80', '0.80', '0.81', '0.81', '0.81']
  halt_histogram %: [0.0, 14.9, 14.4, 9.4, 6.7, 5.0, 3.9, 3.0, 2.5, 2.2, 1.7, 1.5, 1.3, 1.1, 1.0, 31.5]
  Avg ACT steps (last 100): 3.24
  eval_avg_halt_step: 3.29
  per_H_acc: ['H0=18.0%', 'H1=0.0%', 'H2=0.0%']
  H_cos: ['0.676', '0.812']
  z_H_delta: ['20.000', '20.750']
  cells: fixed=[0, 0] broken=[16846, 0]
  per_ACT_cell_acc: ['H1=68.9%', 'H2=84.9%', 'H3=98.4%', 'H4=99.0%', 'H5=99.3%', 'H6=99.3%', 'H7=99.3%', 'H8=99.3%', 'H9=99.3%', 'H10=99.3%', 'H11=99.3%', 'H12=99.3%', 'H13=99.3%', 'H14=99.3%', 'H15=99.3%', 'H16=99.3%']
  per_ACT_puzzle_acc: ['H1=0.0%', 'H2=0.0%', 'H3=4.8%', 'H4=29.8%', 'H5=52.9%', 'H6=63.5%', 'H7=64.4%', 'H8=65.4%', 'H9=65.4%', 'H10=68.3%', 'H11=67.3%', 'H12=68.3%', 'H13=67.3%', 'H14=67.3%', 'H15=67.3%', 'H16=67.3%']
  mean_sigmoid_q_halt: ['0.002', '0.001', '0.040', '0.344', '0.523', '0.688', '0.746', '0.770', '0.781', '0.801', '0.816', '0.824', '0.816', '0.820', '0.820', '0.816']
  halt_rates: ['0.00', '0.00', '0.00', '0.33', '0.59', '0.78', '0.85', '0.88', '0.87', '0.88', '0.90', '0.92', '0.90', '0.90', '0.90', '0.90']
  halt_histogram %: [0.0, 14.9, 14.4, 9.4, 6.7, 5.0, 3.9, 3.0, 2.5, 2.2, 1.7, 1.5, 1.3, 1.1, 1.0, 31.5]
  Avg ACT steps (last 100): 3.24
  saved: /home/jvdillon/projects/sic/code/maze/ckpts/x09/step11000.pt acc=98.58% (0.083s)
  saved: /home/jvdillon/projects/sic/code/maze/ckpts/x09/best.pt acc=98.58% (0.166s)
Step 11000  Test 98.58% / 55.30% (halt: 98.59%/48.40%)  Train lm=0.6875±0.0040ϵ[0.6797,0.7031] n_halted=35.9100±15.8518ϵ[0.0000,83.0000]  TrainAcc 99.22%/64.40% (halt: 99.23%/66.30%)  (55.482s / 180.559s)
  n_active=128.0000±0.0000ϵ[128.0000,128.0000] n_expunged=0.0000±0.0000ϵ[0.0000,0.0000] pool_util=1.0000±0.0000ϵ[1.0000,1.0000]
  path_valid=72.30%, exact_match=32.80%
  eval_avg_halt_step: 4.92
  per_H_acc: ['H0=33.7%', 'H1=0.0%', 'H2=0.0%']
  H_cos: ['0.695', '0.859']
  z_H_delta: ['20.375', '20.250']
  cells: fixed=[1, 0] broken=[70439, 1]
  per_ACT_cell_acc: ['H1=53.5%', 'H2=88.5%', 'H3=97.0%', 'H4=97.6%', 'H5=97.8%', 'H6=97.9%', 'H7=97.9%', 'H8=97.9%', 'H9=98.0%', 'H10=98.0%', 'H11=98.0%', 'H12=98.0%', 'H13=98.0%', 'H14=98.0%', 'H15=98.0%', 'H16=98.0%']
  per_ACT_puzzle_acc: ['H1=0.0%', 'H2=0.0%', 'H3=2.6%', 'H4=10.3%', 'H5=14.7%', 'H6=22.8%', 'H7=25.4%', 'H8=27.6%', 'H9=28.4%', 'H10=28.9%', 'H11=29.7%', 'H12=29.7%', 'H13=29.7%', 'H14=30.2%', 'H15=31.5%', 'H16=30.6%']
  mean_sigmoid_q_halt: ['0.001', '0.002', '0.066', '0.179', '0.289', '0.414', '0.500', '0.547', '0.570', '0.586', '0.590', '0.602', '0.605', '0.621', '0.629', '0.633']
  halt_rates: ['0.00', '0.00', '0.00', '0.15', '0.31', '0.46', '0.56', '0.61', '0.63', '0.65', '0.65', '0.67', '0.66', '0.67', '0.69', '0.70']
  halt_histogram %: [0.0, 19.1, 15.3, 9.4, 6.4, 4.7, 3.7, 2.8, 2.4, 2.0, 1.6, 1.3, 1.2, 1.0, 0.9, 28.3]
  Avg ACT steps (last 100): 3.76
  eval_avg_halt_step: 4.00
  per_H_acc: ['H0=34.0%', 'H1=0.0%', 'H2=0.0%']
  H_cos: ['0.695', '0.855']
  z_H_delta: ['20.375', '20.375']
  cells: fixed=[1, 0] broken=[31845, 1]
  per_ACT_cell_acc: ['H1=53.2%', 'H2=88.3%', 'H3=98.1%', 'H4=98.7%', 'H5=98.8%', 'H6=98.9%', 'H7=98.9%', 'H8=99.0%', 'H9=99.0%', 'H10=99.0%', 'H11=99.1%', 'H12=99.1%', 'H13=99.1%', 'H14=99.1%', 'H15=99.1%', 'H16=99.1%']
  per_ACT_puzzle_acc: ['H1=0.0%', 'H2=0.0%', 'H3=3.8%', 'H4=19.2%', 'H5=29.8%', 'H6=38.5%', 'H7=48.1%', 'H8=51.0%', 'H9=51.0%', 'H10=53.8%', 'H11=56.7%', 'H12=54.8%', 'H13=55.8%', 'H14=55.8%', 'H15=56.7%', 'H16=55.8%']
  mean_sigmoid_q_halt: ['0.001', '0.001', '0.086', '0.258', '0.385', '0.500', '0.574', '0.621', '0.652', '0.664', '0.691', '0.695', '0.707', '0.715', '0.723', '0.723']
  halt_rates: ['0.00', '0.00', '0.01', '0.25', '0.41', '0.55', '0.64', '0.70', '0.74', '0.76', '0.77', '0.78', '0.78', '0.80', '0.79', '0.78']
  halt_histogram %: [0.0, 19.1, 15.3, 9.4, 6.4, 4.7, 3.7, 2.8, 2.4, 2.0, 1.6, 1.3, 1.2, 1.0, 0.9, 28.3]
  Avg ACT steps (last 100): 3.76
  saved: /home/jvdillon/projects/sic/code/maze/ckpts/x09/step11500.pt acc=98.25% (0.085s)
Step 11500  Test 98.25% / 41.50% (halt: 98.26%/32.20%)  Train lm=0.6836±0.0035ϵ[0.6758,0.6992] n_halted=39.0400±15.3947ϵ[2.0000,78.0000]  TrainAcc 98.98%/50.60% (halt: 98.98%/46.80%)  (55.398s / 180.568s)
  n_active=128.0000±0.0000ϵ[128.0000,128.0000] n_expunged=0.0000±0.0000ϵ[0.0000,0.0000] pool_util=1.0000±0.0000ϵ[1.0000,1.0000]
  path_valid=68.40%, exact_match=24.50%
  eval_avg_halt_step: 13.78
  per_H_acc: ['H0=37.2%', 'H1=0.0%', 'H2=0.0%']
  H_cos: ['0.633', '0.820']
  z_H_delta: ['20.750', '22.000']
  cells: fixed=[0, 0] broken=[77658, 0]
  per_ACT_cell_acc: ['H1=50.1%', 'H2=85.3%', 'H3=97.5%', 'H4=97.9%', 'H5=98.2%', 'H6=98.3%', 'H7=98.4%', 'H8=98.3%', 'H9=98.3%', 'H10=98.3%', 'H11=98.3%', 'H12=98.3%', 'H13=98.3%', 'H14=98.3%', 'H15=98.3%', 'H16=98.3%']
  per_ACT_puzzle_acc: ['H1=0.0%', 'H2=0.0%', 'H3=4.7%', 'H4=5.2%', 'H5=14.7%', 'H6=23.7%', 'H7=26.3%', 'H8=28.9%', 'H9=27.2%', 'H10=28.0%', 'H11=25.0%', 'H12=21.6%', 'H13=22.4%', 'H14=22.4%', 'H15=21.6%', 'H16=22.4%']
  mean_sigmoid_q_halt: ['0.002', '0.001', '0.027', '0.058', '0.063', '0.116', '0.118', '0.119', '0.122', '0.117', '0.117', '0.118', '0.125', '0.124', '0.129', '0.130']
  halt_rates: ['0.00', '0.00', '0.00', '0.01', '0.02', '0.04', '0.06', '0.07', '0.06', '0.06', '0.08', '0.08', '0.07', '0.08', '0.09', '0.09']
  halt_histogram %: [0.0, 23.1, 16.0, 9.2, 6.1, 4.4, 3.4, 2.6, 2.2, 1.8, 1.5, 1.2, 1.1, 0.9, 0.8, 25.5]
  Avg ACT steps (last 100): 2.75
  eval_avg_halt_step: 13.62
  per_H_acc: ['H0=36.7%', 'H1=0.0%', 'H2=0.0%']
  H_cos: ['0.633', '0.816']
  z_H_delta: ['20.750', '22.125']
  cells: fixed=[0, 0] broken=[34386, 0]
  per_ACT_cell_acc: ['H1=50.6%', 'H2=85.5%', 'H3=98.7%', 'H4=99.1%', 'H5=99.4%', 'H6=99.5%', 'H7=99.5%', 'H8=99.6%', 'H9=99.6%', 'H10=99.6%', 'H11=99.5%', 'H12=99.6%', 'H13=99.6%', 'H14=99.6%', 'H15=99.5%', 'H16=99.5%']
  per_ACT_puzzle_acc: ['H1=0.0%', 'H2=0.0%', 'H3=7.7%', 'H4=7.7%', 'H5=28.8%', 'H6=44.2%', 'H7=45.2%', 'H8=50.0%', 'H9=49.0%', 'H10=45.2%', 'H11=43.3%', 'H12=46.2%', 'H13=45.2%', 'H14=40.4%', 'H15=36.5%', 'H16=39.4%']
  mean_sigmoid_q_halt: ['0.002', '0.001', '0.030', '0.073', '0.089', '0.113', '0.117', '0.133', '0.132', '0.127', '0.132', '0.123', '0.121', '0.112', '0.110', '0.112']
  halt_rates: ['0.00', '0.00', '0.00', '0.00', '0.03', '0.05', '0.08', '0.07', '0.11', '0.09', '0.09', '0.09', '0.08', '0.08', '0.09', '0.09']
  halt_histogram %: [0.0, 23.1, 16.0, 9.2, 6.1, 4.4, 3.4, 2.6, 2.2, 1.8, 1.5, 1.2, 1.1, 0.9, 0.8, 25.5]
  Avg ACT steps (last 100): 2.75
  saved: /home/jvdillon/projects/sic/code/maze/ckpts/x09/step12000.pt acc=98.43% (0.084s)
Step 12000  Test 98.43% / 29.60% (halt: 98.44%/25.90%)  Train lm=0.6836±0.0034ϵ[0.6758,0.6953] n_halted=41.8520±14.4049ϵ[8.0000,80.0000]  TrainAcc 99.31%/33.40% (halt: 99.32%/35.20%)  (55.373s / 180.699s)
  n_active=128.0000±0.0000ϵ[128.0000,128.0000] n_expunged=0.0000±0.0000ϵ[0.0000,0.0000] pool_util=1.0000±0.0000ϵ[1.0000,1.0000]
  path_valid=86.40%, exact_match=54.50%
  eval_avg_halt_step: 3.69
  per_H_acc: ['H0=37.2%', 'H1=0.0%', 'H2=0.0%']
  H_cos: ['0.699', '0.809']
  z_H_delta: ['20.250', '22.125']
  cells: fixed=[3, 0] broken=[77666, 3]
  per_ACT_cell_acc: ['H1=50.1%', 'H2=87.4%', 'H3=97.7%', 'H4=98.2%', 'H5=98.5%', 'H6=98.6%', 'H7=98.7%', 'H8=98.7%', 'H9=98.7%', 'H10=98.7%', 'H11=98.8%', 'H12=98.8%', 'H13=98.8%', 'H14=98.8%', 'H15=98.8%', 'H16=98.8%']
  per_ACT_puzzle_acc: ['H1=0.0%', 'H2=0.0%', 'H3=4.3%', 'H4=14.7%', 'H5=36.2%', 'H6=42.2%', 'H7=48.3%', 'H8=50.4%', 'H9=50.0%', 'H10=50.9%', 'H11=50.9%', 'H12=53.0%', 'H13=53.0%', 'H14=52.6%', 'H15=52.2%', 'H16=53.4%']
  mean_sigmoid_q_halt: ['0.001', '0.001', '0.031', '0.196', '0.389', '0.582', '0.656', '0.688', '0.703', '0.715', '0.727', '0.742', '0.750', '0.750', '0.750', '0.754']
  halt_rates: ['0.00', '0.00', '0.00', '0.16', '0.38', '0.67', '0.71', '0.73', '0.75', '0.75', '0.76', '0.78', '0.81', '0.81', '0.81', '0.81']
  halt_histogram %: [0.2, 27.3, 16.3, 8.9, 5.8, 4.1, 3.2, 2.4, 2.0, 1.7, 1.3, 1.1, 1.0, 0.9, 0.8, 23.0]
  Avg ACT steps (last 100): 2.39
  eval_avg_halt_step: 3.04
  per_H_acc: ['H0=37.0%', 'H1=0.0%', 'H2=0.0%']
  H_cos: ['0.699', '0.805']
  z_H_delta: ['20.250', '22.250']
  cells: fixed=[3, 0] broken=[34639, 3]
  per_ACT_cell_acc: ['H1=50.2%', 'H2=87.4%', 'H3=98.9%', 'H4=99.4%', 'H5=99.6%', 'H6=99.6%', 'H7=99.7%', 'H8=99.7%', 'H9=99.7%', 'H10=99.7%', 'H11=99.7%', 'H12=99.7%', 'H13=99.7%', 'H14=99.7%', 'H15=99.7%', 'H16=99.7%']
  per_ACT_puzzle_acc: ['H1=0.0%', 'H2=0.0%', 'H3=9.6%', 'H4=33.7%', 'H5=64.4%', 'H6=78.8%', 'H7=82.7%', 'H8=84.6%', 'H9=85.6%', 'H10=84.6%', 'H11=84.6%', 'H12=84.6%', 'H13=84.6%', 'H14=83.7%', 'H15=84.6%', 'H16=83.7%']
  mean_sigmoid_q_halt: ['0.001', '0.001', '0.035', '0.291', '0.498', '0.719', '0.785', '0.797', '0.812', '0.816', '0.824', '0.824', '0.828', '0.828', '0.828', '0.820']
  halt_rates: ['0.00', '0.00', '0.00', '0.24', '0.51', '0.83', '0.88', '0.88', '0.88', '0.88', '0.89', '0.89', '0.89', '0.88', '0.88', '0.89']
  halt_histogram %: [0.2, 27.3, 16.3, 8.9, 5.8, 4.1, 3.2, 2.4, 2.0, 1.7, 1.3, 1.1, 1.0, 0.9, 0.8, 23.0]
  Avg ACT steps (last 100): 2.39
  saved: /home/jvdillon/projects/sic/code/maze/ckpts/x09/step12500.pt acc=98.83% (0.071s)
  saved: /home/jvdillon/projects/sic/code/maze/ckpts/x09/best.pt acc=98.83% (0.152s)
Step 12500  Test 98.83% / 66.50% (halt: 98.85%/55.60%)  Train lm=0.6797±0.0032ϵ[0.6719,0.6914] n_halted=46.1220±13.0261ϵ[7.0000,82.0000]  TrainAcc 99.66%/78.20% (halt: 99.67%/79.50%)  (55.436s / 180.429s)
  n_active=128.0000±0.0000ϵ[128.0000,128.0000] n_expunged=0.0000±0.0000ϵ[0.0000,0.0000] pool_util=1.0000±0.0000ϵ[1.0000,1.0000]
  path_valid=86.60%, exact_match=58.60%
  eval_avg_halt_step: 3.56
  per_H_acc: ['H0=37.2%', 'H1=0.0%', 'H2=0.0%']
  H_cos: ['0.676', '0.840']
  z_H_delta: ['20.625', '21.125']
  cells: fixed=[0, 0] broken=[77666, 0]
  per_ACT_cell_acc: ['H1=50.1%', 'H2=88.1%', 'H3=97.7%', 'H4=98.3%', 'H5=98.5%', 'H6=98.6%', 'H7=98.6%', 'H8=98.6%', 'H9=98.6%', 'H10=98.6%', 'H11=98.6%', 'H12=98.6%', 'H13=98.6%', 'H14=98.6%', 'H15=98.6%', 'H16=98.6%']
  per_ACT_puzzle_acc: ['H1=0.0%', 'H2=0.0%', 'H3=9.9%', 'H4=17.2%', 'H5=33.6%', 'H6=47.4%', 'H7=51.3%', 'H8=53.4%', 'H9=54.3%', 'H10=54.3%', 'H11=54.3%', 'H12=55.6%', 'H13=54.7%', 'H14=54.3%', 'H15=53.0%', 'H16=53.9%']
  mean_sigmoid_q_halt: ['0.001', '0.002', '0.160', '0.336', '0.516', '0.656', '0.695', '0.738', '0.758', '0.773', '0.781', '0.785', '0.785', '0.789', '0.789', '0.789']
  halt_rates: ['0.00', '0.00', '0.06', '0.32', '0.57', '0.72', '0.74', '0.79', '0.81', '0.81', '0.82', '0.82', '0.82', '0.82', '0.81', '0.82']
  halt_histogram %: [0.6, 31.2, 16.5, 8.5, 5.4, 3.8, 2.9, 2.2, 1.9, 1.6, 1.2, 1.0, 0.9, 0.8, 0.7, 20.8]
  Avg ACT steps (last 100): 2.23
  eval_avg_halt_step: 2.73
  per_H_acc: ['H0=36.9%', 'H1=0.0%', 'H2=0.0%']
  H_cos: ['0.676', '0.836']
  z_H_delta: ['20.625', '21.250']
  cells: fixed=[0, 0] broken=[34519, 0]
  per_ACT_cell_acc: ['H1=50.4%', 'H2=88.1%', 'H3=99.1%', 'H4=99.3%', 'H5=99.5%', 'H6=99.6%', 'H7=99.6%', 'H8=99.6%', 'H9=99.6%', 'H10=99.6%', 'H11=99.6%', 'H12=99.6%', 'H13=99.6%', 'H14=99.6%', 'H15=99.6%', 'H16=99.6%']
  per_ACT_puzzle_acc: ['H1=0.0%', 'H2=0.0%', 'H3=18.3%', 'H4=30.8%', 'H5=59.6%', 'H6=71.2%', 'H7=77.9%', 'H8=81.7%', 'H9=82.7%', 'H10=84.6%', 'H11=82.7%', 'H12=83.7%', 'H13=82.7%', 'H14=83.7%', 'H15=83.7%', 'H16=84.6%']
  mean_sigmoid_q_halt: ['0.001', '0.002', '0.216', '0.463', '0.633', '0.734', '0.773', '0.805', '0.820', '0.836', '0.844', '0.848', '0.852', '0.855', '0.867', '0.871']
  halt_rates: ['0.00', '0.00', '0.12', '0.50', '0.72', '0.79', '0.84', '0.87', '0.88', '0.90', '0.90', '0.91', '0.90', '0.91', '0.92', '0.92']
  halt_histogram %: [0.6, 31.2, 16.5, 8.5, 5.4, 3.8, 2.9, 2.2, 1.9, 1.6, 1.2, 1.0, 0.9, 0.8, 0.7, 20.8]
  Avg ACT steps (last 100): 2.23
  saved: /home/jvdillon/projects/sic/code/maze/ckpts/x09/step13000.pt acc=98.73% (0.071s)
Step 13000  Test 98.73% / 65.50% (halt: 98.70%/53.20%)  Train lm=0.6758±0.0031ϵ[0.6719,0.6914] n_halted=49.3960±13.4998ϵ[12.0000,85.0000]  TrainAcc 99.56%/81.20% (halt: 99.55%/74.60%)  (55.362s / 180.414s)
  n_active=128.0000±0.0000ϵ[128.0000,128.0000] n_expunged=0.0000±0.0000ϵ[0.0000,0.0000] pool_util=1.0000±0.0000ϵ[1.0000,1.0000]
  path_valid=74.30%, exact_match=14.60%
  eval_avg_halt_step: 10.84
  per_H_acc: ['H0=37.2%', 'H1=0.0%', 'H2=0.0%']
  H_cos: ['0.594', '0.844']
  z_H_delta: ['19.500', '20.500']
  cells: fixed=[0, 0] broken=[77666, 0]
  per_ACT_cell_acc: ['H1=49.9%', 'H2=88.0%', 'H3=97.9%', 'H4=98.2%', 'H5=98.2%', 'H6=98.3%', 'H7=98.3%', 'H8=98.3%', 'H9=98.2%', 'H10=98.2%', 'H11=98.2%', 'H12=98.2%', 'H13=98.2%', 'H14=98.2%', 'H15=98.2%', 'H16=98.1%']
  per_ACT_puzzle_acc: ['H1=0.0%', 'H2=0.0%', 'H3=6.0%', 'H4=14.2%', 'H5=15.9%', 'H6=20.7%', 'H7=22.4%', 'H8=21.6%', 'H9=19.4%', 'H10=20.7%', 'H11=20.3%', 'H12=23.3%', 'H13=17.7%', 'H14=17.7%', 'H15=19.0%', 'H16=18.5%']
  mean_sigmoid_q_halt: ['0.002', '0.001', '0.012', '0.100', '0.146', '0.207', '0.254', '0.244', '0.231', '0.233', '0.219', '0.211', '0.188', '0.201', '0.199', '0.197']
  halt_rates: ['0.00', '0.00', '0.00', '0.08', '0.11', '0.18', '0.23', '0.22', '0.22', '0.22', '0.19', '0.19', '0.16', '0.19', '0.17', '0.17']
  halt_histogram %: [1.1, 34.5, 16.5, 8.2, 5.1, 3.6, 2.7, 2.0, 1.7, 1.4, 1.1, 0.9, 0.8, 0.7, 0.6, 18.9]
  Avg ACT steps (last 100): 3.10
  eval_avg_halt_step: 9.74
  per_H_acc: ['H0=37.1%', 'H1=0.0%', 'H2=0.0%']
  H_cos: ['0.594', '0.840']
  z_H_delta: ['19.500', '20.625']
  cells: fixed=[1, 0] broken=[34766, 1]
  per_ACT_cell_acc: ['H1=50.0%', 'H2=88.2%', 'H3=99.0%', 'H4=99.0%', 'H5=99.0%', 'H6=99.0%', 'H7=99.0%', 'H8=98.9%', 'H9=98.9%', 'H10=98.8%', 'H11=98.8%', 'H12=98.8%', 'H13=98.7%', 'H14=98.7%', 'H15=98.7%', 'H16=98.6%']
  per_ACT_puzzle_acc: ['H1=0.0%', 'H2=0.0%', 'H3=19.2%', 'H4=28.8%', 'H5=24.0%', 'H6=33.7%', 'H7=34.6%', 'H8=32.7%', 'H9=29.8%', 'H10=27.9%', 'H11=28.8%', 'H12=28.8%', 'H13=27.9%', 'H14=31.7%', 'H15=27.9%', 'H16=29.8%']
  mean_sigmoid_q_halt: ['0.002', '0.001', '0.019', '0.155', '0.196', '0.299', '0.309', '0.307', '0.293', '0.266', '0.266', '0.247', '0.258', '0.254', '0.256', '0.271']
  halt_rates: ['0.00', '0.00', '0.00', '0.11', '0.15', '0.28', '0.29', '0.34', '0.29', '0.27', '0.26', '0.25', '0.27', '0.24', '0.26', '0.27']
  halt_histogram %: [1.1, 34.5, 16.5, 8.2, 5.1, 3.6, 2.7, 2.0, 1.7, 1.4, 1.1, 0.9, 0.8, 0.7, 0.6, 18.9]
  Avg ACT steps (last 100): 3.10
  saved: /home/jvdillon/projects/sic/code/maze/ckpts/x09/step13500.pt acc=97.92% (0.084s)
Step 13500  Test 97.92% / 18.70% (halt: 98.00%/22.00%)  Train lm=0.6758±0.0031ϵ[0.6680,0.6953] n_halted=50.9180±12.7542ϵ[19.0000,85.0000]  TrainAcc 98.60%/23.10% (halt: 98.75%/33.70%)  (55.378s / 180.504s)
  n_active=128.0000±0.0000ϵ[128.0000,128.0000] n_expunged=0.0000±0.0000ϵ[0.0000,0.0000] pool_util=1.0000±0.0000ϵ[1.0000,1.0000]
  path_valid=94.50%, exact_match=56.90%
  eval_avg_halt_step: 3.72
  per_H_acc: ['H0=37.2%', 'H1=0.0%', 'H2=0.0%']
  H_cos: ['0.648', '0.836']
  z_H_delta: ['20.375', '21.000']
  cells: fixed=[0, 0] broken=[77629, 0]
  per_ACT_cell_acc: ['H1=50.1%', 'H2=88.0%', 'H3=98.1%', 'H4=98.6%', 'H5=98.7%', 'H6=98.7%', 'H7=98.8%', 'H8=98.8%', 'H9=98.8%', 'H10=98.8%', 'H11=98.8%', 'H12=98.8%', 'H13=98.8%', 'H14=98.8%', 'H15=98.8%', 'H16=98.8%']
  per_ACT_puzzle_acc: ['H1=0.0%', 'H2=0.0%', 'H3=11.6%', 'H4=30.2%', 'H5=44.4%', 'H6=53.0%', 'H7=54.3%', 'H8=55.2%', 'H9=56.0%', 'H10=56.0%', 'H11=56.0%', 'H12=58.2%', 'H13=56.9%', 'H14=57.8%', 'H15=59.5%', 'H16=58.6%']
  mean_sigmoid_q_halt: ['0.001', '0.001', '0.071', '0.305', '0.484', '0.625', '0.695', '0.719', '0.738', '0.758', '0.766', '0.781', '0.777', '0.781', '0.789', '0.793']
  halt_rates: ['0.00', '0.00', '0.02', '0.30', '0.53', '0.67', '0.75', '0.78', '0.79', '0.80', '0.81', '0.83', '0.82', '0.84', '0.84', '0.85']
  halt_histogram %: [1.6, 37.3, 16.4, 7.8, 4.8, 3.4, 2.6, 1.9, 1.6, 1.3, 1.0, 0.9, 0.8, 0.7, 0.6, 17.3]
  Avg ACT steps (last 100): 2.50
  eval_avg_halt_step: 2.73
  per_H_acc: ['H0=36.7%', 'H1=0.0%', 'H2=0.0%']
  H_cos: ['0.648', '0.832']
  z_H_delta: ['20.250', '21.125']
  cells: fixed=[0, 0] broken=[34380, 0]
  per_ACT_cell_acc: ['H1=50.5%', 'H2=87.9%', 'H3=99.5%', 'H4=99.8%', 'H5=99.8%', 'H6=99.9%', 'H7=99.9%', 'H8=99.9%', 'H9=99.8%', 'H10=99.8%', 'H11=99.8%', 'H12=99.8%', 'H13=99.8%', 'H14=99.8%', 'H15=99.8%', 'H16=99.8%']
  per_ACT_puzzle_acc: ['H1=0.0%', 'H2=0.0%', 'H3=27.9%', 'H4=67.3%', 'H5=81.7%', 'H6=88.5%', 'H7=86.5%', 'H8=88.5%', 'H9=85.6%', 'H10=83.7%', 'H11=84.6%', 'H12=83.7%', 'H13=83.7%', 'H14=83.7%', 'H15=84.6%', 'H16=82.7%']
  mean_sigmoid_q_halt: ['0.001', '0.001', '0.110', '0.512', '0.684', '0.766', '0.812', '0.820', '0.820', '0.816', '0.820', '0.816', '0.824', '0.820', '0.820', '0.816']
  halt_rates: ['0.00', '0.00', '0.03', '0.57', '0.80', '0.85', '0.88', '0.88', '0.88', '0.87', '0.88', '0.88', '0.88', '0.87', '0.88', '0.87']
  halt_histogram %: [1.6, 37.3, 16.4, 7.8, 4.8, 3.4, 2.6, 1.9, 1.6, 1.3, 1.0, 0.9, 0.8, 0.7, 0.6, 17.3]
  Avg ACT steps (last 100): 2.50
  saved: /home/jvdillon/projects/sic/code/maze/ckpts/x09/step14000.pt acc=98.83% (0.068s)
Step 14000  Test 98.83% / 62.80% (halt: 98.85%/58.80%)  Train lm=0.6758±0.0032ϵ[0.6680,0.6875] n_halted=52.4900±13.3213ϵ[8.0000,86.0000]  TrainAcc 99.76%/82.60% (halt: 99.78%/85.50%)  (55.388s / 180.464s)
  n_active=128.0000±0.0000ϵ[128.0000,128.0000] n_expunged=0.0000±0.0000ϵ[0.0000,0.0000] pool_util=1.0000±0.0000ϵ[1.0000,1.0000]
  path_valid=89.90%, exact_match=49.00%
  eval_avg_halt_step: 3.42
  per_H_acc: ['H0=37.2%', 'H1=0.0%', 'H2=0.0%']
  H_cos: ['0.723', '0.754']
  z_H_delta: ['19.500', '23.125']
  cells: fixed=[0, 0] broken=[77666, 0]
  per_ACT_cell_acc: ['H1=50.1%', 'H2=87.5%', 'H3=97.2%', 'H4=98.3%', 'H5=98.4%', 'H6=98.5%', 'H7=98.5%', 'H8=98.5%', 'H9=98.5%', 'H10=98.5%', 'H11=98.5%', 'H12=98.5%', 'H13=98.5%', 'H14=98.5%', 'H15=98.5%', 'H16=98.5%']
  per_ACT_puzzle_acc: ['H1=0.0%', 'H2=0.0%', 'H3=1.3%', 'H4=24.1%', 'H5=35.8%', 'H6=41.8%', 'H7=44.8%', 'H8=47.0%', 'H9=47.0%', 'H10=47.4%', 'H11=49.1%', 'H12=49.1%', 'H13=49.6%', 'H14=50.0%', 'H15=49.6%', 'H16=49.6%']
  mean_sigmoid_q_halt: ['0.002', '0.002', '0.114', '0.457', '0.629', '0.695', '0.723', '0.723', '0.746', '0.762', '0.777', '0.785', '0.789', '0.793', '0.797', '0.793']
  halt_rates: ['0.00', '0.00', '0.03', '0.47', '0.70', '0.73', '0.74', '0.73', '0.77', '0.80', '0.81', '0.81', '0.82', '0.83', '0.84', '0.83']
  halt_histogram %: [2.4, 39.8, 16.3, 7.5, 4.5, 3.1, 2.4, 1.8, 1.5, 1.2, 1.0, 0.8, 0.7, 0.6, 0.5, 15.9]
  Avg ACT steps (last 100): 2.41
  eval_avg_halt_step: 2.55
  per_H_acc: ['H0=37.5%', 'H1=0.0%', 'H2=0.0%']
  H_cos: ['0.719', '0.754']
  z_H_delta: ['19.500', '23.125']
  cells: fixed=[0, 0] broken=[35087, 0]
  per_ACT_cell_acc: ['H1=49.8%', 'H2=87.5%', 'H3=98.7%', 'H4=99.4%', 'H5=99.5%', 'H6=99.5%', 'H7=99.5%', 'H8=99.5%', 'H9=99.5%', 'H10=99.5%', 'H11=99.6%', 'H12=99.6%', 'H13=99.6%', 'H14=99.5%', 'H15=99.5%', 'H16=99.5%']
  per_ACT_puzzle_acc: ['H1=0.0%', 'H2=0.0%', 'H3=4.8%', 'H4=46.2%', 'H5=64.4%', 'H6=71.2%', 'H7=75.0%', 'H8=76.9%', 'H9=75.0%', 'H10=76.0%', 'H11=75.0%', 'H12=76.0%', 'H13=76.9%', 'H14=74.0%', 'H15=75.0%', 'H16=74.0%']
  mean_sigmoid_q_halt: ['0.002', '0.002', '0.156', '0.566', '0.727', '0.797', '0.840', '0.859', '0.867', '0.875', '0.883', '0.883', '0.875', '0.871', '0.867', '0.871']
  halt_rates: ['0.00', '0.00', '0.04', '0.62', '0.83', '0.84', '0.88', '0.88', '0.92', '0.91', '0.93', '0.93', '0.93', '0.91', '0.91', '0.91']
  halt_histogram %: [2.4, 39.8, 16.3, 7.5, 4.5, 3.1, 2.4, 1.8, 1.5, 1.2, 1.0, 0.8, 0.7, 0.6, 0.5, 15.9]
  Avg ACT steps (last 100): 2.41
  saved: /home/jvdillon/projects/sic/code/maze/ckpts/x09/step14500.pt acc=98.62% (0.086s)
Step 14500  Test 98.62% / 61.50% (halt: 98.61%/46.80%)  Train lm=0.6758±0.0029ϵ[0.6680,0.6836] n_halted=55.1460±13.6223ϵ[16.0000,89.0000]  TrainAcc 99.42%/66.40% (halt: 99.41%/68.10%)  (55.395s / 180.575s)
  n_active=128.0000±0.0000ϵ[128.0000,128.0000] n_expunged=0.0000±0.0000ϵ[0.0000,0.0000] pool_util=1.0000±0.0000ϵ[1.0000,1.0000]
  path_valid=92.50%, exact_match=62.60%
  eval_avg_halt_step: 3.49
  per_H_acc: ['H0=37.2%', 'H1=0.0%', 'H2=0.0%']
  H_cos: ['0.727', '0.840']
  z_H_delta: ['20.500', '20.000']
  cells: fixed=[0, 0] broken=[77656, 0]
  per_ACT_cell_acc: ['H1=50.1%', 'H2=87.7%', 'H3=97.9%', 'H4=98.6%', 'H5=98.9%', 'H6=99.0%', 'H7=99.0%', 'H8=99.0%', 'H9=99.1%', 'H10=99.1%', 'H11=99.1%', 'H12=99.1%', 'H13=99.1%', 'H14=99.1%', 'H15=99.1%', 'H16=99.1%']
  per_ACT_puzzle_acc: ['H1=0.0%', 'H2=0.0%', 'H3=10.8%', 'H4=22.8%', 'H5=41.4%', 'H6=55.2%', 'H7=59.9%', 'H8=60.8%', 'H9=63.4%', 'H10=64.2%', 'H11=63.8%', 'H12=64.2%', 'H13=64.2%', 'H14=62.9%', 'H15=64.2%', 'H16=64.2%']
  mean_sigmoid_q_halt: ['0.001', '0.002', '0.048', '0.245', '0.457', '0.629', '0.719', '0.770', '0.801', '0.820', '0.832', '0.840', '0.840', '0.848', '0.859', '0.867']
  halt_rates: ['0.00', '0.00', '0.02', '0.21', '0.49', '0.69', '0.77', '0.80', '0.84', '0.85', '0.85', '0.87', '0.87', '0.88', '0.89', '0.89']
  halt_histogram %: [3.4, 41.8, 16.1, 7.1, 4.2, 2.9, 2.2, 1.6, 1.4, 1.1, 0.9, 0.7, 0.7, 0.6, 0.5, 14.6]
  Avg ACT steps (last 100): 2.31
  eval_avg_halt_step: 2.85
  per_H_acc: ['H0=37.4%', 'H1=0.0%', 'H2=0.0%']
  H_cos: ['0.723', '0.840']
  z_H_delta: ['20.500', '20.000']
  cells: fixed=[0, 0] broken=[35020, 0]
  per_ACT_cell_acc: ['H1=49.7%', 'H2=87.7%', 'H3=99.0%', 'H4=99.3%', 'H5=99.5%', 'H6=99.6%', 'H7=99.7%', 'H8=99.7%', 'H9=99.7%', 'H10=99.7%', 'H11=99.7%', 'H12=99.7%', 'H13=99.7%', 'H14=99.7%', 'H15=99.7%', 'H16=99.7%']
  per_ACT_puzzle_acc: ['H1=0.0%', 'H2=0.0%', 'H3=15.4%', 'H4=32.7%', 'H5=54.8%', 'H6=73.1%', 'H7=78.8%', 'H8=81.7%', 'H9=81.7%', 'H10=82.7%', 'H11=83.7%', 'H12=83.7%', 'H13=84.6%', 'H14=84.6%', 'H15=84.6%', 'H16=83.7%']
  mean_sigmoid_q_halt: ['0.001', '0.002', '0.072', '0.377', '0.535', '0.684', '0.781', '0.840', '0.867', '0.887', '0.895', '0.898', '0.910', '0.914', '0.914', '0.918']
  halt_rates: ['0.00', '0.00', '0.01', '0.41', '0.58', '0.70', '0.81', '0.88', '0.90', '0.93', '0.93', '0.93', '0.95', '0.96', '0.96', '0.95']
  halt_histogram %: [3.4, 41.8, 16.1, 7.1, 4.2, 2.9, 2.2, 1.6, 1.4, 1.1, 0.9, 0.7, 0.7, 0.6, 0.5, 14.6]
  Avg ACT steps (last 100): 2.31
  saved: /home/jvdillon/projects/sic/code/maze/ckpts/x09/step15000.pt acc=99.09% (0.069s)
  saved: /home/jvdillon/projects/sic/code/maze/ckpts/x09/best.pt acc=99.09% (0.152s)
Step 15000  Test 99.09% / 67.70% (halt: 99.09%/63.20%)  Train lm=0.6719±0.0028ϵ[0.6680,0.6875] n_halted=57.7720±13.9713ϵ[0.0000,94.0000]  TrainAcc 99.72%/81.70% (halt: 99.72%/83.80%)  (55.456s / 180.525s)
  n_active=128.0000±0.0000ϵ[128.0000,128.0000] n_expunged=0.0000±0.0000ϵ[0.0000,0.0000] pool_util=1.0000±0.0000ϵ[1.0000,1.0000]
  path_valid=91.80%, exact_match=62.70%
  eval_avg_halt_step: 2.50
  per_H_acc: ['H0=37.2%', 'H1=0.0%', 'H2=0.0%']
  H_cos: ['0.648', '0.852']
  z_H_delta: ['21.000', '19.375']
  cells: fixed=[0, 0] broken=[77665, 0]
  per_ACT_cell_acc: ['H1=50.1%', 'H2=87.9%', 'H3=98.0%', 'H4=98.5%', 'H5=98.6%', 'H6=98.7%', 'H7=98.7%', 'H8=98.7%', 'H9=98.8%', 'H10=98.8%', 'H11=98.8%', 'H12=98.8%', 'H13=98.8%', 'H14=98.8%', 'H15=98.8%', 'H16=98.8%']
  per_ACT_puzzle_acc: ['H1=0.0%', 'H2=0.0%', 'H3=12.9%', 'H4=28.9%', 'H5=44.4%', 'H6=51.7%', 'H7=56.5%', 'H8=56.5%', 'H9=58.2%', 'H10=57.8%', 'H11=57.8%', 'H12=58.2%', 'H13=59.5%', 'H14=59.1%', 'H15=59.5%', 'H16=59.5%']
  mean_sigmoid_q_halt: ['0.001', '0.003', '0.287', '0.523', '0.680', '0.777', '0.824', '0.848', '0.852', '0.863', '0.867', '0.871', '0.875', '0.875', '0.879', '0.883']
  halt_rates: ['0.00', '0.00', '0.22', '0.53', '0.73', '0.80', '0.84', '0.87', '0.88', '0.89', '0.91', '0.91', '0.91', '0.91', '0.90', '0.91']
  halt_histogram %: [4.7, 43.4, 15.8, 6.8, 4.0, 2.7, 2.1, 1.5, 1.3, 1.1, 0.8, 0.7, 0.6, 0.5, 0.5, 13.5]
  Avg ACT steps (last 100): 2.00
  eval_avg_halt_step: 2.02
  per_H_acc: ['H0=36.7%', 'H1=0.0%', 'H2=0.0%']
  H_cos: ['0.652', '0.844']
  z_H_delta: ['21.000', '19.500']
  cells: fixed=[0, 0] broken=[34345, 0]
  per_ACT_cell_acc: ['H1=50.6%', 'H2=87.9%', 'H3=99.4%', 'H4=99.5%', 'H5=99.5%', 'H6=99.5%', 'H7=99.5%', 'H8=99.5%', 'H9=99.5%', 'H10=99.5%', 'H11=99.5%', 'H12=99.5%', 'H13=99.6%', 'H14=99.5%', 'H15=99.6%', 'H16=99.6%']
  per_ACT_puzzle_acc: ['H1=0.0%', 'H2=0.0%', 'H3=29.8%', 'H4=58.7%', 'H5=74.0%', 'H6=76.9%', 'H7=79.8%', 'H8=80.8%', 'H9=79.8%', 'H10=80.8%', 'H11=80.8%', 'H12=80.8%', 'H13=80.8%', 'H14=80.8%', 'H15=80.8%', 'H16=81.7%']
  mean_sigmoid_q_halt: ['0.001', '0.003', '0.396', '0.656', '0.789', '0.887', '0.922', '0.926', '0.934', '0.934', '0.934', '0.934', '0.930', '0.938', '0.934', '0.938']
  halt_rates: ['0.00', '0.00', '0.39', '0.67', '0.82', '0.92', '0.97', '0.96', '0.96', '0.95', '0.96', '0.97', '0.97', '0.96', '0.96', '0.97']
  halt_histogram %: [4.7, 43.4, 15.8, 6.8, 4.0, 2.7, 2.1, 1.5, 1.3, 1.1, 0.8, 0.7, 0.6, 0.5, 0.5, 13.5]
  Avg ACT steps (last 100): 2.00
  saved: /home/jvdillon/projects/sic/code/maze/ckpts/x09/step15500.pt acc=98.86% (0.073s)
Step 15500  Test 98.86% / 68.70% (halt: 98.80%/52.10%)  Train lm=0.6719±0.0027ϵ[0.6680,0.6836] n_halted=60.5520±13.7422ϵ[23.0000,95.0000]  TrainAcc 99.68%/84.80% (halt: 99.65%/71.20%)  (55.391s / 180.598s)
  n_active=128.0000±0.0000ϵ[128.0000,128.0000] n_expunged=0.0000±0.0000ϵ[0.0000,0.0000] pool_util=1.0000±0.0000ϵ[1.0000,1.0000]
  path_valid=85.80%, exact_match=57.00%
  eval_avg_halt_step: 2.90
  per_H_acc: ['H0=37.2%', 'H1=0.0%', 'H2=0.0%']
  H_cos: ['0.617', '0.844']
  z_H_delta: ['20.500', '20.500']
  cells: fixed=[1, 0] broken=[77666, 1]
  per_ACT_cell_acc: ['H1=50.1%', 'H2=87.7%', 'H3=98.0%', 'H4=98.4%', 'H5=98.6%', 'H6=98.7%', 'H7=98.7%', 'H8=98.7%', 'H9=98.7%', 'H10=98.7%', 'H11=98.7%', 'H12=98.7%', 'H13=98.7%', 'H14=98.7%', 'H15=98.7%', 'H16=98.7%']
  per_ACT_puzzle_acc: ['H1=0.0%', 'H2=0.0%', 'H3=12.9%', 'H4=31.9%', 'H5=45.7%', 'H6=54.7%', 'H7=57.8%', 'H8=57.3%', 'H9=58.2%', 'H10=58.2%', 'H11=57.8%', 'H12=58.2%', 'H13=56.9%', 'H14=56.9%', 'H15=56.0%', 'H16=55.2%']
  mean_sigmoid_q_halt: ['0.002', '0.002', '0.354', '0.512', '0.605', '0.695', '0.734', '0.770', '0.777', '0.789', '0.801', '0.797', '0.805', '0.805', '0.809', '0.809']
  halt_rates: ['0.00', '0.00', '0.25', '0.53', '0.67', '0.75', '0.78', '0.83', '0.83', '0.84', '0.85', '0.85', '0.85', '0.85', '0.87', '0.86']
  halt_histogram %: [6.3, 44.6, 15.4, 6.5, 3.8, 2.6, 1.9, 1.4, 1.2, 1.0, 0.8, 0.6, 0.6, 0.5, 0.4, 12.5]
  Avg ACT steps (last 100): 2.37
  eval_avg_halt_step: 1.99
  per_H_acc: ['H0=37.4%', 'H1=0.0%', 'H2=0.0%']
  H_cos: ['0.617', '0.836']
  z_H_delta: ['20.500', '20.750']
  cells: fixed=[1, 0] broken=[34983, 1]
  per_ACT_cell_acc: ['H1=49.8%', 'H2=87.6%', 'H3=99.3%', 'H4=99.3%', 'H5=99.4%', 'H6=99.5%', 'H7=99.5%', 'H8=99.5%', 'H9=99.5%', 'H10=99.5%', 'H11=99.5%', 'H12=99.5%', 'H13=99.5%', 'H14=99.5%', 'H15=99.5%', 'H16=99.5%']
  per_ACT_puzzle_acc: ['H1=0.0%', 'H2=0.0%', 'H3=41.3%', 'H4=61.5%', 'H5=81.7%', 'H6=86.5%', 'H7=88.5%', 'H8=87.5%', 'H9=87.5%', 'H10=88.5%', 'H11=88.5%', 'H12=88.5%', 'H13=87.5%', 'H14=88.5%', 'H15=86.5%', 'H16=86.5%']
  mean_sigmoid_q_halt: ['0.002', '0.002', '0.543', '0.691', '0.758', '0.820', '0.836', '0.848', '0.852', '0.855', '0.852', '0.855', '0.852', '0.855', '0.855', '0.859']
  halt_rates: ['0.00', '0.00', '0.61', '0.77', '0.82', '0.88', '0.88', '0.90', '0.89', '0.92', '0.90', '0.91', '0.90', '0.91', '0.90', '0.91']
  halt_histogram %: [6.3, 44.6, 15.4, 6.5, 3.8, 2.6, 1.9, 1.4, 1.2, 1.0, 0.8, 0.6, 0.6, 0.5, 0.4, 12.5]
  Avg ACT steps (last 100): 2.37
  saved: /home/jvdillon/projects/sic/code/maze/ckpts/x09/step16000.pt acc=98.74% (0.075s)
Step 16000  Test 98.74% / 67.70% (halt: 98.68%/50.30%)  Train lm=0.6719±0.0028ϵ[0.6680,0.6875] n_halted=63.7380±13.8060ϵ[9.0000,101.0000]  TrainAcc 99.65%/82.10% (halt: 99.63%/67.60%)  (55.287s / 180.316s)
  n_active=128.0000±0.0000ϵ[128.0000,128.0000] n_expunged=0.0000±0.0000ϵ[0.0000,0.0000] pool_util=1.0000±0.0000ϵ[1.0000,1.0000]
