Adam params: ('embed_tokens.weight', 'head.weight', 'head.bias', 'q_head.weight', 'q_head.bias', 'puzzle_id_embed.weight')
Muon 2D params: ('reasoning.0.attn.o_proj.weight', 'reasoning.0.mlp.up_proj.weight', 'reasoning.0.mlp.down_proj.weight', 'reasoning.1.attn.o_proj.weight', 'reasoning.1.mlp.up_proj.weight', 'reasoning.1.mlp.down_proj.weight')
Muon 3D params (ensemble_dims=1): ('reasoning.0.attn.qkv_proj.weight', 'reasoning.1.attn.qkv_proj.weight')
  path_valid=0.00%, exact_match=0.00%
  eval_avg_halt_step: 16.00
  per_H_acc: ['H0=0.0%', 'H1=0.0%', 'H2=0.0%']
  H_cos: ['0.941', '0.973']
  z_H_delta: ['19.125', '6.750']
  cells: fixed=[0, 0] broken=[0, 0]
  per_ACT_cell_acc: ['H1=87.3%', 'H2=87.5%', 'H3=87.9%', 'H4=88.8%', 'H5=89.2%', 'H6=89.2%', 'H7=89.3%', 'H8=89.4%', 'H9=89.4%', 'H10=89.3%', 'H11=89.4%', 'H12=89.4%', 'H13=89.4%', 'H14=89.4%', 'H15=89.4%', 'H16=89.4%']
  per_ACT_puzzle_acc: ['H1=0.0%', 'H2=0.0%', 'H3=0.0%', 'H4=0.0%', 'H5=0.0%', 'H6=0.0%', 'H7=0.0%', 'H8=0.0%', 'H9=0.0%', 'H10=0.0%', 'H11=0.0%', 'H12=0.0%', 'H13=0.0%', 'H14=0.0%', 'H15=0.0%', 'H16=0.0%']
  mean_sigmoid_q_halt: ['0.000', '0.000', '0.000', '0.000', '0.000', '0.000', '0.000', '0.000', '0.000', '0.000', '0.000', '0.000', '0.000', '0.000', '0.000', '0.000']
  halt_rates: ['0.00', '0.00', '0.00', '0.00', '0.00', '0.00', '0.00', '0.00', '0.00', '0.00', '0.00', '0.00', '0.00', '0.00', '0.00', '0.00']
  halt_histogram %: [0.0, 0.0, 0.0, 0.0, 0.0, 0.0, 0.0, 0.0, 0.0, 0.0, 0.0, 0.0, 0.0, 0.0, 0.0, 100.0]
  Avg ACT steps (last 100): 16.00
  eval_avg_halt_step: 16.00
  per_H_acc: ['H0=0.0%', 'H1=0.0%', 'H2=0.0%']
  H_cos: ['0.941', '0.973']
  z_H_delta: ['19.125', '6.719']
  cells: fixed=[0, 0] broken=[0, 0]
  per_ACT_cell_acc: ['H1=87.3%', 'H2=87.4%', 'H3=88.0%', 'H4=88.9%', 'H5=89.3%', 'H6=89.5%', 'H7=89.5%', 'H8=89.5%', 'H9=89.5%', 'H10=89.5%', 'H11=89.5%', 'H12=89.5%', 'H13=89.5%', 'H14=89.5%', 'H15=89.5%', 'H16=89.4%']
  per_ACT_puzzle_acc: ['H1=0.0%', 'H2=0.0%', 'H3=0.0%', 'H4=0.0%', 'H5=0.0%', 'H6=0.0%', 'H7=0.0%', 'H8=0.0%', 'H9=0.0%', 'H10=0.0%', 'H11=0.0%', 'H12=0.0%', 'H13=0.0%', 'H14=0.0%', 'H15=0.0%', 'H16=0.0%']
  mean_sigmoid_q_halt: ['0.000', '0.000', '0.000', '0.000', '0.000', '0.000', '0.000', '0.000', '0.000', '0.000', '0.000', '0.000', '0.000', '0.000', '0.000', '0.000']
  halt_rates: ['0.00', '0.00', '0.00', '0.00', '0.00', '0.00', '0.00', '0.00', '0.00', '0.00', '0.00', '0.00', '0.00', '0.00', '0.00', '0.00']
  halt_histogram %: [0.0, 0.0, 0.0, 0.0, 0.0, 0.0, 0.0, 0.0, 0.0, 0.0, 0.0, 0.0, 0.0, 0.0, 0.0, 100.0]
  Avg ACT steps (last 100): 16.00
  saved: /home/jvdillon/projects/sic/code/maze/ckpts/x10/step00500.pt acc=89.39% (0.090s)
  saved: /home/jvdillon/projects/sic/code/maze/ckpts/x10/best.pt acc=89.39% (0.173s)
Step   500  Test 89.39% /  0.00% (halt: 89.39%/ 0.00%)  Train lm=0.8438±0.1196ϵ[0.7500,2.1562] n_halted=7.9360±30.8988ϵ[0.0000,128.0000]  TrainAcc 89.18%/ 0.00% (halt: 89.18%/ 0.00%)  (64.505s / 307.050s)
  n_active=128.0000±0.0000ϵ[128.0000,128.0000] n_expunged=0.0000±0.0000ϵ[0.0000,0.0000] pool_util=1.0000±0.0000ϵ[1.0000,1.0000] lip=1380.5601±135.0525ϵ[1040.0000,1728.0000]
  path_valid=45.90%, exact_match=12.00%
  eval_avg_halt_step: 13.54
  per_H_acc: ['H0=0.0%', 'H1=0.0%', 'H2=0.0%']
  H_cos: ['0.773', '0.914']
  z_H_delta: ['23.750', '11.250']
  cells: fixed=[0, 0] broken=[0, 0]
  per_ACT_cell_acc: ['H1=87.4%', 'H2=87.5%', 'H3=92.9%', 'H4=94.9%', 'H5=95.8%', 'H6=96.2%', 'H7=96.5%', 'H8=96.5%', 'H9=96.6%', 'H10=96.6%', 'H11=96.7%', 'H12=96.6%', 'H13=96.7%', 'H14=96.6%', 'H15=96.7%', 'H16=96.6%']
  per_ACT_puzzle_acc: ['H1=0.0%', 'H2=0.0%', 'H3=0.0%', 'H4=0.0%', 'H5=0.0%', 'H6=2.2%', 'H7=3.0%', 'H8=4.3%', 'H9=5.2%', 'H10=7.3%', 'H11=8.6%', 'H12=10.3%', 'H13=11.6%', 'H14=10.8%', 'H15=10.3%', 'H16=10.3%']
  mean_sigmoid_q_halt: ['0.004', '0.000', '0.000', '0.000', '0.000', '0.002', '0.011', '0.027', '0.050', '0.069', '0.088', '0.102', '0.112', '0.123', '0.137', '0.143']
  halt_rates: ['0.00', '0.00', '0.00', '0.00', '0.00', '0.00', '0.00', '0.00', '0.01', '0.04', '0.06', '0.06', '0.09', '0.10', '0.12', '0.12']
  halt_histogram %: [0.0, 0.0, 0.8, 2.2, 3.0, 2.0, 2.6, 2.0, 2.0, 2.2, 1.2, 1.4, 1.0, 1.0, 0.7, 77.9]
  Avg ACT steps (last 100): 7.35
  eval_avg_halt_step: 13.43
  per_H_acc: ['H0=0.0%', 'H1=0.0%', 'H2=0.0%']
  H_cos: ['0.773', '0.914']
  z_H_delta: ['23.750', '11.250']
  cells: fixed=[0, 0] broken=[0, 0]
  per_ACT_cell_acc: ['H1=87.3%', 'H2=87.4%', 'H3=92.9%', 'H4=95.2%', 'H5=96.1%', 'H6=96.6%', 'H7=96.8%', 'H8=97.0%', 'H9=97.0%', 'H10=97.1%', 'H11=97.2%', 'H12=97.3%', 'H13=97.2%', 'H14=97.2%', 'H15=97.2%', 'H16=97.2%']
  per_ACT_puzzle_acc: ['H1=0.0%', 'H2=0.0%', 'H3=0.0%', 'H4=0.0%', 'H5=0.0%', 'H6=1.0%', 'H7=4.8%', 'H8=4.8%', 'H9=9.6%', 'H10=9.6%', 'H11=7.7%', 'H12=10.6%', 'H13=11.5%', 'H14=13.5%', 'H15=12.5%', 'H16=11.5%']
  mean_sigmoid_q_halt: ['0.004', '0.000', '0.000', '0.000', '0.000', '0.002', '0.011', '0.027', '0.035', '0.045', '0.055', '0.069', '0.077', '0.089', '0.106', '0.117']
  halt_rates: ['0.00', '0.00', '0.00', '0.00', '0.00', '0.00', '0.00', '0.01', '0.01', '0.02', '0.03', '0.04', '0.05', '0.04', '0.09', '0.11']
  halt_histogram %: [0.0, 0.0, 0.8, 2.2, 3.0, 2.0, 2.6, 2.0, 2.0, 2.2, 1.2, 1.4, 1.0, 1.0, 0.7, 77.9]
  Avg ACT steps (last 100): 7.35
  saved: /home/jvdillon/projects/sic/code/maze/ckpts/x10/step01000.pt acc=97.06% (0.088s)
  saved: /home/jvdillon/projects/sic/code/maze/ckpts/x10/best.pt acc=97.06% (0.171s)
Step  1000  Test 97.06% / 15.00% (halt: 97.07%/12.90%)  Train lm=0.7188±0.0277ϵ[0.6875,0.8281] n_halted=9.9240±24.8905ϵ[0.0000,128.0000]  TrainAcc 97.47%/14.10% (halt: 97.48%/15.20%)  (55.389s / 288.617s)
  n_active=128.0000±0.0000ϵ[128.0000,128.0000] n_expunged=0.0000±0.0000ϵ[0.0000,0.0000] pool_util=1.0000±0.0000ϵ[1.0000,1.0000] lip=1081.3521±49.4056ϵ[936.0000,1264.0000]
  path_valid=75.90%, exact_match=47.80%
  eval_avg_halt_step: 6.42
  per_H_acc: ['H0=0.0%', 'H1=0.0%', 'H2=0.0%']
  H_cos: ['0.637', '0.891']
  z_H_delta: ['25.375', '13.188']
  cells: fixed=[0, 0] broken=[0, 0]
  per_ACT_cell_acc: ['H1=37.2%', 'H2=87.5%', 'H3=97.0%', 'H4=97.4%', 'H5=97.8%', 'H6=98.1%', 'H7=98.1%', 'H8=98.1%', 'H9=98.1%', 'H10=98.1%', 'H11=98.2%', 'H12=98.1%', 'H13=98.1%', 'H14=98.2%', 'H15=98.2%', 'H16=98.2%']
  per_ACT_puzzle_acc: ['H1=0.0%', 'H2=0.0%', 'H3=0.9%', 'H4=2.2%', 'H5=19.8%', 'H6=35.8%', 'H7=39.7%', 'H8=42.2%', 'H9=42.7%', 'H10=44.4%', 'H11=44.4%', 'H12=45.7%', 'H13=46.1%', 'H14=46.6%', 'H15=46.1%', 'H16=46.6%']
  mean_sigmoid_q_halt: ['0.015', '0.000', '0.003', '0.101', '0.287', '0.414', '0.488', '0.516', '0.539', '0.555', '0.578', '0.574', '0.582', '0.594', '0.590', '0.590']
  halt_rates: ['0.00', '0.00', '0.00', '0.05', '0.26', '0.45', '0.53', '0.53', '0.58', '0.60', '0.61', '0.62', '0.62', '0.63', '0.63', '0.63']
  halt_histogram %: [0.0, 24.2, 16.2, 10.1, 5.7, 3.6, 2.9, 1.9, 1.8, 1.4, 1.0, 0.9, 0.7, 0.6, 0.4, 28.5]
  Avg ACT steps (last 100): 2.59
  eval_avg_halt_step: 5.82
  per_H_acc: ['H0=0.0%', 'H1=0.0%', 'H2=0.0%']
  H_cos: ['0.637', '0.891']
  z_H_delta: ['25.375', '13.250']
  cells: fixed=[0, 0] broken=[0, 0]
  per_ACT_cell_acc: ['H1=37.4%', 'H2=87.5%', 'H3=98.0%', 'H4=98.4%', 'H5=98.6%', 'H6=98.7%', 'H7=98.7%', 'H8=98.7%', 'H9=98.8%', 'H10=98.7%', 'H11=98.7%', 'H12=98.6%', 'H13=98.6%', 'H14=98.6%', 'H15=98.6%', 'H16=98.6%']
  per_ACT_puzzle_acc: ['H1=0.0%', 'H2=0.0%', 'H3=0.0%', 'H4=9.6%', 'H5=36.5%', 'H6=49.0%', 'H7=55.8%', 'H8=56.7%', 'H9=58.7%', 'H10=61.5%', 'H11=60.6%', 'H12=60.6%', 'H13=59.6%', 'H14=58.7%', 'H15=58.7%', 'H16=57.7%']
  mean_sigmoid_q_halt: ['0.015', '0.000', '0.004', '0.160', '0.371', '0.451', '0.512', '0.539', '0.562', '0.574', '0.570', '0.574', '0.586', '0.586', '0.578', '0.578']
  halt_rates: ['0.00', '0.00', '0.00', '0.12', '0.38', '0.47', '0.55', '0.57', '0.62', '0.62', '0.62', '0.62', '0.62', '0.63', '0.62', '0.62']
  halt_histogram %: [0.0, 24.2, 16.2, 10.1, 5.7, 3.6, 2.9, 1.9, 1.8, 1.4, 1.0, 0.9, 0.7, 0.6, 0.4, 28.5]
  Avg ACT steps (last 100): 2.59
  saved: /home/jvdillon/projects/sic/code/maze/ckpts/x10/step01500.pt acc=98.26% (0.086s)
  saved: /home/jvdillon/projects/sic/code/maze/ckpts/x10/best.pt acc=98.26% (0.169s)
Step  1500  Test 98.26% / 53.30% (halt: 98.28%/47.50%)  Train lm=0.6992±0.0101ϵ[0.6758,0.7344] n_halted=32.9140±20.9876ϵ[0.0000,81.0000]  TrainAcc 98.78%/61.90% (halt: 98.81%/61.90%)  (55.406s / 288.714s)
  n_active=128.0000±0.0000ϵ[128.0000,128.0000] n_expunged=0.0000±0.0000ϵ[0.0000,0.0000] pool_util=1.0000±0.0000ϵ[1.0000,1.0000] lip=1045.8081±58.2436ϵ[860.0000,1184.0000]
  path_valid=97.80%, exact_match=67.80%
  eval_avg_halt_step: 2.83
  per_H_acc: ['H0=17.8%', 'H1=0.0%', 'H2=0.0%']
  H_cos: ['0.602', '0.875']
  z_H_delta: ['26.375', '11.750']
  cells: fixed=[0, 0] broken=[37210, 0]
  per_ACT_cell_acc: ['H1=69.1%', 'H2=87.4%', 'H3=97.9%', 'H4=98.0%', 'H5=97.8%', 'H6=98.5%', 'H7=98.7%', 'H8=98.8%', 'H9=98.9%', 'H10=98.8%', 'H11=98.9%', 'H12=98.9%', 'H13=98.9%', 'H14=98.9%', 'H15=98.9%', 'H16=98.9%']
  per_ACT_puzzle_acc: ['H1=0.0%', 'H2=0.0%', 'H3=5.2%', 'H4=10.8%', 'H5=35.3%', 'H6=50.9%', 'H7=55.6%', 'H8=58.6%', 'H9=61.6%', 'H10=62.1%', 'H11=62.5%', 'H12=62.9%', 'H13=62.9%', 'H14=62.9%', 'H15=62.9%', 'H16=62.9%']
  mean_sigmoid_q_halt: ['0.014', '0.001', '0.059', '0.354', '0.479', '0.637', '0.730', '0.793', '0.840', '0.863', '0.879', '0.891', '0.895', '0.898', '0.902', '0.902']
  halt_rates: ['0.00', '0.00', '0.01', '0.28', '0.50', '0.65', '0.76', '0.83', '0.88', '0.90', '0.92', '0.92', '0.93', '0.93', '0.93', '0.92']
  halt_histogram %: [1.9, 49.1, 16.6, 6.9, 3.4, 2.0, 1.6, 1.0, 1.0, 0.7, 0.5, 0.5, 0.4, 0.3, 0.2, 14.0]
  Avg ACT steps (last 100): 2.13
  eval_avg_halt_step: 2.37
  per_H_acc: ['H0=18.1%', 'H1=0.0%', 'H2=0.0%']
  H_cos: ['0.602', '0.875']
  z_H_delta: ['26.250', '11.812']
  cells: fixed=[0, 0] broken=[16976, 0]
  per_ACT_cell_acc: ['H1=68.7%', 'H2=87.4%', 'H3=99.0%', 'H4=99.1%', 'H5=98.6%', 'H6=99.5%', 'H7=99.7%', 'H8=99.7%', 'H9=99.7%', 'H10=99.7%', 'H11=99.7%', 'H12=99.7%', 'H13=99.7%', 'H14=99.7%', 'H15=99.7%', 'H16=99.7%']
  per_ACT_puzzle_acc: ['H1=0.0%', 'H2=0.0%', 'H3=10.6%', 'H4=23.1%', 'H5=53.8%', 'H6=73.1%', 'H7=81.7%', 'H8=83.7%', 'H9=83.7%', 'H10=84.6%', 'H11=84.6%', 'H12=84.6%', 'H13=85.6%', 'H14=85.6%', 'H15=85.6%', 'H16=85.6%']
  mean_sigmoid_q_halt: ['0.014', '0.001', '0.103', '0.416', '0.578', '0.750', '0.852', '0.918', '0.934', '0.938', '0.945', '0.945', '0.945', '0.945', '0.949', '0.953']
  halt_rates: ['0.00', '0.00', '0.06', '0.41', '0.61', '0.78', '0.87', '0.98', '0.98', '0.98', '0.98', '0.98', '0.98', '0.98', '0.98', '0.99']
  halt_histogram %: [1.9, 49.1, 16.6, 6.9, 3.4, 2.0, 1.6, 1.0, 1.0, 0.7, 0.5, 0.5, 0.4, 0.3, 0.2, 14.0]
  Avg ACT steps (last 100): 2.13
  saved: /home/jvdillon/projects/sic/code/maze/ckpts/x10/step02000.pt acc=98.99% (0.085s)
  saved: /home/jvdillon/projects/sic/code/maze/ckpts/x10/best.pt acc=98.99% (0.166s)
Step  2000  Test 98.99% / 76.10% (halt: 98.99%/66.20%)  Train lm=0.6797±0.0052ϵ[0.6719,0.6992] n_halted=53.9360±13.1017ϵ[6.0000,94.0000]  TrainAcc 99.69%/89.20% (halt: 99.69%/86.10%)  (55.407s / 288.912s)
  n_active=128.0000±0.0000ϵ[128.0000,128.0000] n_expunged=0.0000±0.0000ϵ[0.0000,0.0000] pool_util=1.0000±0.0000ϵ[1.0000,1.0000] lip=935.7520±63.0544ϵ[740.0000,1152.0000]
  path_valid=89.10%, exact_match=70.50%
  eval_avg_halt_step: 2.32
  per_H_acc: ['H0=0.5%', 'H1=0.0%', 'H2=0.0%']
  H_cos: ['0.192', '0.832']
  z_H_delta: ['28.125', '12.875']
  cells: fixed=[14, 0] broken=[1142, 14]
  per_ACT_cell_acc: ['H1=37.4%', 'H2=87.4%', 'H3=98.3%', 'H4=98.9%', 'H5=99.1%', 'H6=99.2%', 'H7=99.2%', 'H8=99.2%', 'H9=99.2%', 'H10=99.2%', 'H11=99.2%', 'H12=99.2%', 'H13=99.2%', 'H14=99.2%', 'H15=99.2%', 'H16=99.2%']
  per_ACT_puzzle_acc: ['H1=0.0%', 'H2=0.0%', 'H3=15.9%', 'H4=40.5%', 'H5=59.1%', 'H6=68.5%', 'H7=71.1%', 'H8=71.6%', 'H9=70.7%', 'H10=70.7%', 'H11=69.8%', 'H12=69.4%', 'H13=69.8%', 'H14=69.0%', 'H15=69.0%', 'H16=68.5%']
  mean_sigmoid_q_halt: ['0.036', '0.024', '0.279', '0.652', '0.750', '0.820', '0.852', '0.875', '0.895', '0.906', '0.898', '0.910', '0.906', '0.910', '0.906', '0.914']
  halt_rates: ['0.00', '0.00', '0.21', '0.64', '0.77', '0.84', '0.87', '0.89', '0.92', '0.93', '0.92', '0.93', '0.93', '0.94', '0.93', '0.94']
  halt_histogram %: [5.5, 55.4, 16.7, 5.4, 2.5, 1.4, 1.1, 0.7, 0.6, 0.5, 0.3, 0.3, 0.2, 0.2, 0.2, 9.0]
  Avg ACT steps (last 100): 2.13
  eval_avg_halt_step: 1.77
  per_H_acc: ['H0=0.6%', 'H1=0.0%', 'H2=0.0%']
  H_cos: ['0.194', '0.820']
  z_H_delta: ['27.625', '13.625']
  cells: fixed=[3, 0] broken=[589, 3]
  per_ACT_cell_acc: ['H1=37.5%', 'H2=87.3%', 'H3=99.5%', 'H4=99.7%', 'H5=99.8%', 'H6=99.9%', 'H7=99.9%', 'H8=99.9%', 'H9=99.9%', 'H10=99.9%', 'H11=99.8%', 'H12=99.9%', 'H13=99.8%', 'H14=99.9%', 'H15=99.8%', 'H16=99.9%']
  per_ACT_puzzle_acc: ['H1=0.0%', 'H2=0.0%', 'H3=30.8%', 'H4=65.4%', 'H5=80.8%', 'H6=90.4%', 'H7=90.4%', 'H8=91.3%', 'H9=91.3%', 'H10=89.4%', 'H11=88.5%', 'H12=89.4%', 'H13=88.5%', 'H14=89.4%', 'H15=88.5%', 'H16=89.4%']
  mean_sigmoid_q_halt: ['0.037', '0.026', '0.402', '0.746', '0.848', '0.910', '0.941', '0.930', '0.922', '0.918', '0.926', '0.922', '0.922', '0.914', '0.914', '0.918']
  halt_rates: ['0.00', '0.00', '0.38', '0.76', '0.87', '0.94', '0.97', '0.95', '0.94', '0.94', '0.95', '0.94', '0.94', '0.93', '0.92', '0.92']
  halt_histogram %: [5.5, 55.4, 16.7, 5.4, 2.5, 1.4, 1.1, 0.7, 0.6, 0.5, 0.3, 0.3, 0.2, 0.2, 0.2, 9.0]
  Avg ACT steps (last 100): 2.13
  saved: /home/jvdillon/projects/sic/code/maze/ckpts/x10/step02500.pt acc=99.26% (0.055s)
  saved: /home/jvdillon/projects/sic/code/maze/ckpts/x10/best.pt acc=99.26% (0.137s)
Step  2500  Test 99.26% / 79.30% (halt: 99.23%/66.50%)  Train lm=0.6758±0.0046ϵ[0.6680,0.7266] n_halted=58.4820±13.9542ϵ[20.0000,93.0000]  TrainAcc 99.88%/88.50% (halt: 99.86%/81.70%)  (55.345s / 288.515s)
  n_active=128.0000±0.0000ϵ[128.0000,128.0000] n_expunged=0.0000±0.0000ϵ[0.0000,0.0000] pool_util=1.0000±0.0000ϵ[1.0000,1.0000] lip=872.6400±65.1798ϵ[700.0000,1040.0000]
  path_valid=97.10%, exact_match=77.60%
  eval_avg_halt_step: 2.08
  per_H_acc: ['H0=0.7%', 'H1=0.9%', 'H2=0.0%']
  H_cos: ['-0.109', '0.836']
  z_H_delta: ['29.000', '9.438']
  cells: fixed=[1816, 0] broken=[1561, 1816]
  per_ACT_cell_acc: ['H1=37.4%', 'H2=86.6%', 'H3=98.6%', 'H4=99.0%', 'H5=99.1%', 'H6=99.2%', 'H7=99.2%', 'H8=99.3%', 'H9=99.2%', 'H10=99.3%', 'H11=99.2%', 'H12=99.2%', 'H13=99.3%', 'H14=99.2%', 'H15=99.3%', 'H16=99.2%']
  per_ACT_puzzle_acc: ['H1=0.0%', 'H2=0.0%', 'H3=31.5%', 'H4=52.6%', 'H5=65.1%', 'H6=71.6%', 'H7=74.1%', 'H8=75.0%', 'H9=75.0%', 'H10=75.0%', 'H11=76.7%', 'H12=76.3%', 'H13=76.3%', 'H14=77.2%', 'H15=76.7%', 'H16=76.3%']
  mean_sigmoid_q_halt: ['0.035', '0.011', '0.434', '0.680', '0.770', '0.805', '0.824', '0.848', '0.863', '0.875', '0.883', '0.891', '0.891', '0.895', '0.898', '0.898']
  halt_rates: ['0.00', '0.00', '0.38', '0.70', '0.81', '0.85', '0.88', '0.90', '0.93', '0.93', '0.94', '0.95', '0.95', '0.95', '0.95', '0.95']
  halt_histogram %: [14.8, 55.2, 13.9, 4.1, 1.8, 1.0, 0.8, 0.5, 0.5, 0.3, 0.2, 0.2, 0.2, 0.1, 0.1, 6.2]
  Avg ACT steps (last 100): 1.66
  eval_avg_halt_step: 1.54
  per_H_acc: ['H0=0.7%', 'H1=0.8%', 'H2=0.0%']
  H_cos: ['-0.097', '0.832']
  z_H_delta: ['29.000', '9.375']
  cells: fixed=[752, 0] broken=[695, 752]
  per_ACT_cell_acc: ['H1=37.6%', 'H2=86.5%', 'H3=99.9%', 'H4=99.8%', 'H5=99.9%', 'H6=99.9%', 'H7=99.9%', 'H8=99.9%', 'H9=99.9%', 'H10=99.9%', 'H11=99.9%', 'H12=99.9%', 'H13=99.9%', 'H14=99.9%', 'H15=99.9%', 'H16=99.9%']
  per_ACT_puzzle_acc: ['H1=0.0%', 'H2=0.0%', 'H3=68.3%', 'H4=82.7%', 'H5=92.3%', 'H6=96.2%', 'H7=98.1%', 'H8=98.1%', 'H9=98.1%', 'H10=98.1%', 'H11=97.1%', 'H12=97.1%', 'H13=97.1%', 'H14=97.1%', 'H15=98.1%', 'H16=98.1%']
  mean_sigmoid_q_halt: ['0.035', '0.010', '0.668', '0.855', '0.906', '0.922', '0.930', '0.934', '0.938', '0.938', '0.938', '0.938', '0.938', '0.938', '0.938', '0.938']
  halt_rates: ['0.00', '0.00', '0.67', '0.90', '0.95', '0.97', '0.97', '0.99', '0.99', '0.99', '0.99', '0.99', '0.99', '0.99', '0.99', '0.99']
  halt_histogram %: [14.8, 55.2, 13.9, 4.1, 1.8, 1.0, 0.8, 0.5, 0.5, 0.3, 0.2, 0.2, 0.2, 0.1, 0.1, 6.2]
  Avg ACT steps (last 100): 1.66
  saved: /home/jvdillon/projects/sic/code/maze/ckpts/x10/step03000.pt acc=99.28% (0.055s)
  saved: /home/jvdillon/projects/sic/code/maze/ckpts/x10/best.pt acc=99.28% (0.137s)
Step  3000  Test 99.28% / 82.50% (halt: 99.23%/67.40%)  Train lm=0.6719±0.0070ϵ[0.6641,0.7461] n_halted=72.0300±14.3133ϵ[31.0000,102.0000]  TrainAcc 99.86%/93.60% (halt: 99.86%/87.50%)  (55.350s / 288.402s)
  n_active=128.0000±0.0000ϵ[128.0000,128.0000] n_expunged=0.0000±0.0000ϵ[0.0000,0.0000] pool_util=1.0000±0.0000ϵ[1.0000,1.0000] lip=833.4720±70.0777ϵ[656.0000,1040.0000]
  path_valid=96.80%, exact_match=69.20%
  eval_avg_halt_step: 2.17
  per_H_acc: ['H0=1.9%', 'H1=1.0%', 'H2=0.0%']
  H_cos: ['-0.230', '0.805']
  z_H_delta: ['30.125', '13.625']
  cells: fixed=[2081, 0] broken=[3923, 2110]
  per_ACT_cell_acc: ['H1=37.4%', 'H2=86.5%', 'H3=98.8%', 'H4=99.0%', 'H5=99.1%', 'H6=99.2%', 'H7=99.3%', 'H8=99.3%', 'H9=99.3%', 'H10=99.3%', 'H11=99.3%', 'H12=99.3%', 'H13=99.2%', 'H14=99.2%', 'H15=99.2%', 'H16=99.3%']
  per_ACT_puzzle_acc: ['H1=0.0%', 'H2=0.0%', 'H3=31.0%', 'H4=50.4%', 'H5=64.2%', 'H6=70.7%', 'H7=74.6%', 'H8=73.7%', 'H9=72.4%', 'H10=71.1%', 'H11=70.7%', 'H12=70.7%', 'H13=70.3%', 'H14=69.4%', 'H15=69.8%', 'H16=70.3%']
  mean_sigmoid_q_halt: ['0.038', '0.008', '0.348', '0.570', '0.738', '0.793', '0.789', '0.777', '0.758', '0.746', '0.742', '0.734', '0.730', '0.734', '0.734', '0.734']
  halt_rates: ['0.00', '0.00', '0.27', '0.55', '0.79', '0.88', '0.91', '0.92', '0.91', '0.91', '0.92', '0.91', '0.91', '0.92', '0.92', '0.92']
  halt_histogram %: [24.2, 51.4, 11.9, 3.4, 1.4, 0.8, 0.6, 0.4, 0.3, 0.3, 0.2, 0.2, 0.1, 0.1, 0.1, 4.7]
  Avg ACT steps (last 100): 1.68
  eval_avg_halt_step: 1.72
  per_H_acc: ['H0=2.2%', 'H1=0.9%', 'H2=0.0%']
  H_cos: ['-0.231', '0.801']
  z_H_delta: ['30.000', '13.750']
  cells: fixed=[872, 0] broken=[2087, 885]
  per_ACT_cell_acc: ['H1=37.5%', 'H2=86.5%', 'H3=99.6%', 'H4=99.7%', 'H5=99.7%', 'H6=99.8%', 'H7=99.8%', 'H8=99.8%', 'H9=99.8%', 'H10=99.8%', 'H11=99.8%', 'H12=99.8%', 'H13=99.8%', 'H14=99.8%', 'H15=99.8%', 'H16=99.8%']
  per_ACT_puzzle_acc: ['H1=0.0%', 'H2=0.0%', 'H3=58.7%', 'H4=72.1%', 'H5=82.7%', 'H6=84.6%', 'H7=84.6%', 'H8=83.7%', 'H9=85.6%', 'H10=84.6%', 'H11=82.7%', 'H12=82.7%', 'H13=83.7%', 'H14=83.7%', 'H15=82.7%', 'H16=83.7%']
  mean_sigmoid_q_halt: ['0.038', '0.008', '0.539', '0.762', '0.852', '0.855', '0.844', '0.812', '0.809', '0.789', '0.777', '0.781', '0.777', '0.773', '0.781', '0.777']
  halt_rates: ['0.00', '0.00', '0.56', '0.82', '0.91', '0.91', '0.95', '0.93', '0.96', '0.96', '0.95', '0.96', '0.97', '0.96', '0.97', '0.96']
  halt_histogram %: [24.2, 51.4, 11.9, 3.4, 1.4, 0.8, 0.6, 0.4, 0.3, 0.3, 0.2, 0.2, 0.1, 0.1, 0.1, 4.7]
  Avg ACT steps (last 100): 1.68
  saved: /home/jvdillon/projects/sic/code/maze/ckpts/x10/step03500.pt acc=99.23% (0.055s)
Step  3500  Test 99.23% / 86.50% (halt: 99.23%/70.40%)  Train lm=0.6680±0.0026ϵ[0.6641,0.6797] n_halted=79.9120±14.1981ϵ[39.0000,109.0000]  TrainAcc 99.80%/84.10% (halt: 99.84%/86.60%)  (55.284s / 288.772s)
  n_active=128.0000±0.0000ϵ[128.0000,128.0000] n_expunged=0.0000±0.0000ϵ[0.0000,0.0000] pool_util=1.0000±0.0000ϵ[1.0000,1.0000] lip=762.4960±84.4869ϵ[560.0000,1004.0000]
  path_valid=49.50%, exact_match=38.90%
  eval_avg_halt_step: 2.29
  per_H_acc: ['H0=0.1%', 'H1=0.0%', 'H2=0.0%']
  H_cos: ['0.844', '0.934']
  z_H_delta: ['21.250', '4.969']
  cells: fixed=[3, 0] broken=[293, 3]
  per_ACT_cell_acc: ['H1=87.3%', 'H2=91.9%', 'H3=99.2%', 'H4=99.3%', 'H5=99.3%', 'H6=99.2%', 'H7=99.2%', 'H8=99.2%', 'H9=99.2%', 'H10=99.1%', 'H11=99.2%', 'H12=99.1%', 'H13=99.1%', 'H14=99.2%', 'H15=99.1%', 'H16=99.1%']
  per_ACT_puzzle_acc: ['H1=0.0%', 'H2=0.0%', 'H3=61.2%', 'H4=70.3%', 'H5=72.8%', 'H6=67.2%', 'H7=62.5%', 'H8=56.9%', 'H9=55.2%', 'H10=52.6%', 'H11=50.4%', 'H12=49.6%', 'H13=47.4%', 'H14=46.6%', 'H15=44.4%', 'H16=43.5%']
  mean_sigmoid_q_halt: ['0.034', '0.093', '0.707', '0.844', '0.809', '0.648', '0.570', '0.500', '0.453', '0.432', '0.426', '0.422', '0.412', '0.404', '0.398', '0.391']
  halt_rates: ['0.00', '0.00', '0.70', '0.91', '0.87', '0.69', '0.61', '0.50', '0.44', '0.44', '0.42', '0.44', '0.42', '0.38', '0.39', '0.38']
  halt_histogram %: [35.1, 45.1, 9.9, 2.8, 1.1, 0.6, 0.5, 0.3, 0.3, 0.2, 0.1, 0.1, 0.1, 0.1, 0.1, 3.6]
  Avg ACT steps (last 100): 1.18
  eval_avg_halt_step: 1.60
  per_H_acc: ['H0=0.1%', 'H1=0.0%', 'H2=0.0%']
  H_cos: ['0.848', '0.934']
  z_H_delta: ['21.375', '5.062']
  cells: fixed=[0, 0] broken=[92, 0]
  per_ACT_cell_acc: ['H1=87.3%', 'H2=91.9%', 'H3=99.7%', 'H4=99.7%', 'H5=99.8%', 'H6=99.7%', 'H7=99.7%', 'H8=99.7%', 'H9=99.7%', 'H10=99.7%', 'H11=99.6%', 'H12=99.6%', 'H13=99.6%', 'H14=99.6%', 'H15=99.6%', 'H16=99.7%']
  per_ACT_puzzle_acc: ['H1=0.0%', 'H2=0.0%', 'H3=80.8%', 'H4=80.8%', 'H5=84.6%', 'H6=73.1%', 'H7=75.0%', 'H8=71.2%', 'H9=64.4%', 'H10=60.6%', 'H11=55.8%', 'H12=54.8%', 'H13=54.8%', 'H14=52.9%', 'H15=52.9%', 'H16=51.9%']
  mean_sigmoid_q_halt: ['0.035', '0.091', '0.852', '0.871', '0.863', '0.691', '0.609', '0.535', '0.490', '0.455', '0.443', '0.432', '0.436', '0.424', '0.424', '0.426']
  halt_rates: ['0.00', '0.00', '0.86', '0.92', '0.94', '0.72', '0.65', '0.57', '0.53', '0.45', '0.46', '0.43', '0.44', '0.44', '0.43', '0.41']
  halt_histogram %: [35.1, 45.1, 9.9, 2.8, 1.1, 0.6, 0.5, 0.3, 0.3, 0.2, 0.1, 0.1, 0.1, 0.1, 0.1, 3.6]
  Avg ACT steps (last 100): 1.18
  saved: /home/jvdillon/projects/sic/code/maze/ckpts/x10/step04000.pt acc=99.08% (0.055s)
Step  4000  Test 99.08% / 41.10% (halt: 99.22%/70.30%)  Train lm=0.6680±0.0024ϵ[0.6641,0.6797] n_halted=94.3920±11.1723ϵ[35.0000,116.0000]  TrainAcc 99.59%/44.20% (halt: 99.80%/87.80%)  (55.227s / 288.519s)
  n_active=128.0000±0.0000ϵ[128.0000,128.0000] n_expunged=0.0000±0.0000ϵ[0.0000,0.0000] pool_util=1.0000±0.0000ϵ[1.0000,1.0000] lip=622.5720±54.2841ϵ[502.0000,832.0000]
  path_valid=97.90%, exact_match=78.50%
  eval_avg_halt_step: 1.42
  per_H_acc: ['H0=0.8%', 'H1=0.0%', 'H2=0.0%']
  H_cos: ['0.629', '0.914']
  z_H_delta: ['24.000', '4.656']
  cells: fixed=[0, 0] broken=[1647, 0]
  per_ACT_cell_acc: ['H1=53.0%', 'H2=88.3%', 'H3=99.0%', 'H4=99.2%', 'H5=99.3%', 'H6=99.3%', 'H7=99.3%', 'H8=99.3%', 'H9=99.3%', 'H10=99.3%', 'H11=99.3%', 'H12=99.3%', 'H13=99.3%', 'H14=99.3%', 'H15=99.3%', 'H16=99.3%']
  per_ACT_puzzle_acc: ['H1=0.0%', 'H2=0.0%', 'H3=59.9%', 'H4=64.2%', 'H5=74.1%', 'H6=77.2%', 'H7=77.6%', 'H8=78.4%', 'H9=77.6%', 'H10=78.0%', 'H11=78.0%', 'H12=78.0%', 'H13=78.0%', 'H14=78.0%', 'H15=78.0%', 'H16=77.6%']
  mean_sigmoid_q_halt: ['0.029', '0.059', '0.750', '0.801', '0.887', '0.930', '0.938', '0.949', '0.949', '0.953', '0.953', '0.953', '0.953', '0.949', '0.953', '0.953']
  halt_rates: ['0.00', '0.00', '0.72', '0.84', '0.91', '0.95', '0.94', '0.97', '0.97', '0.97', '0.97', '0.97', '0.97', '0.96', '0.97', '0.97']
  halt_histogram %: [43.5, 40.1, 8.4, 2.3, 0.9, 0.5, 0.4, 0.2, 0.2, 0.2, 0.1, 0.1, 0.1, 0.1, 0.1, 2.9]
  Avg ACT steps (last 100): 1.22
  eval_avg_halt_step: 1.08
  per_H_acc: ['H0=0.9%', 'H1=0.0%', 'H2=0.0%']
  H_cos: ['0.629', '0.910']
  z_H_delta: ['24.000', '4.719']
  cells: fixed=[0, 0] broken=[866, 0]
  per_ACT_cell_acc: ['H1=52.4%', 'H2=88.2%', 'H3=99.9%', 'H4=99.9%', 'H5=99.9%', 'H6=99.9%', 'H7=99.9%', 'H8=99.9%', 'H9=99.9%', 'H10=99.9%', 'H11=99.9%', 'H12=99.9%', 'H13=99.9%', 'H14=99.9%', 'H15=99.9%', 'H16=99.9%']
  per_ACT_puzzle_acc: ['H1=0.0%', 'H2=0.0%', 'H3=88.5%', 'H4=85.6%', 'H5=92.3%', 'H6=93.3%', 'H7=93.3%', 'H8=93.3%', 'H9=93.3%', 'H10=93.3%', 'H11=91.3%', 'H12=91.3%', 'H13=91.3%', 'H14=91.3%', 'H15=91.3%', 'H16=91.3%']
  mean_sigmoid_q_halt: ['0.029', '0.055', '0.914', '0.922', '0.973', '0.984', '0.984', '0.988', '0.988', '0.984', '0.984', '0.984', '0.988', '0.988', '0.988', '0.988']
  halt_rates: ['0.00', '0.00', '0.92', '0.92', '1.00', '1.00', '1.00', '1.00', '1.00', '1.00', '1.00', '1.00', '1.00', '1.00', '1.00', '1.00']
  halt_histogram %: [43.5, 40.1, 8.4, 2.3, 0.9, 0.5, 0.4, 0.2, 0.2, 0.2, 0.1, 0.1, 0.1, 0.1, 0.1, 2.9]
  Avg ACT steps (last 100): 1.22
  saved: /home/jvdillon/projects/sic/code/maze/ckpts/x10/step04500.pt acc=99.37% (0.056s)
  saved: /home/jvdillon/projects/sic/code/maze/ckpts/x10/best.pt acc=99.37% (0.139s)
Step  4500  Test 99.37% / 88.90% (halt: 99.32%/76.20%)  Train lm=0.6680±0.0023ϵ[0.6641,0.6797] n_halted=101.0520±10.4410ϵ[52.0000,118.0000]  TrainAcc 99.87%/92.20% (halt: 99.90%/94.80%)  (55.363s / 288.518s)
  n_active=128.0000±0.0000ϵ[128.0000,128.0000] n_expunged=0.0000±0.0000ϵ[0.0000,0.0000] pool_util=1.0000±0.0000ϵ[1.0000,1.0000] lip=495.6120±49.9587ϵ[376.0000,680.0000]
  path_valid=97.00%, exact_match=76.90%
  eval_avg_halt_step: 1.38
  per_H_acc: ['H0=2.5%', 'H1=0.1%', 'H2=0.0%']
  H_cos: ['-0.052', '0.836']
  z_H_delta: ['30.750', '7.688']
  cells: fixed=[146, 0] broken=[5298, 147]
  per_ACT_cell_acc: ['H1=39.7%', 'H2=85.1%', 'H3=98.4%', 'H4=99.0%', 'H5=99.2%', 'H6=99.2%', 'H7=99.2%', 'H8=99.2%', 'H9=99.2%', 'H10=99.2%', 'H11=99.2%', 'H12=99.2%', 'H13=99.2%', 'H14=99.2%', 'H15=99.2%', 'H16=99.2%']
  per_ACT_puzzle_acc: ['H1=0.0%', 'H2=0.0%', 'H3=33.6%', 'H4=53.0%', 'H5=67.2%', 'H6=71.6%', 'H7=72.8%', 'H8=72.4%', 'H9=72.4%', 'H10=72.8%', 'H11=73.7%', 'H12=73.7%', 'H13=73.3%', 'H14=74.1%', 'H15=72.4%', 'H16=72.8%']
  mean_sigmoid_q_halt: ['0.082', '0.034', '0.664', '0.852', '0.906', '0.945', '0.953', '0.957', '0.957', '0.953', '0.961', '0.961', '0.961', '0.965', '0.961', '0.961']
  halt_rates: ['0.00', '0.00', '0.66', '0.91', '0.94', '0.97', '0.97', '0.97', '0.96', '0.96', '0.97', '0.97', '0.97', '0.98', '0.97', '0.97']
  halt_histogram %: [49.8, 36.1, 7.3, 1.9, 0.8, 0.4, 0.3, 0.2, 0.2, 0.1, 0.1, 0.1, 0.1, 0.1, 0.0, 2.4]
  Avg ACT steps (last 100): 1.15
  eval_avg_halt_step: 1.13
  per_H_acc: ['H0=2.5%', 'H1=0.0%', 'H2=0.0%']
  H_cos: ['-0.063', '0.840']
  z_H_delta: ['31.000', '7.094']
  cells: fixed=[35, 0] broken=[2349, 35]
  per_ACT_cell_acc: ['H1=39.1%', 'H2=86.0%', 'H3=99.7%', 'H4=99.9%', 'H5=99.9%', 'H6=99.9%', 'H7=99.9%', 'H8=99.9%', 'H9=99.9%', 'H10=99.9%', 'H11=99.9%', 'H12=99.9%', 'H13=99.9%', 'H14=99.9%', 'H15=99.9%', 'H16=99.9%']
  per_ACT_puzzle_acc: ['H1=0.0%', 'H2=0.0%', 'H3=76.0%', 'H4=86.5%', 'H5=93.3%', 'H6=95.2%', 'H7=95.2%', 'H8=96.2%', 'H9=95.2%', 'H10=94.2%', 'H11=96.2%', 'H12=96.2%', 'H13=96.2%', 'H14=95.2%', 'H15=96.2%', 'H16=95.2%']
  mean_sigmoid_q_halt: ['0.080', '0.032', '0.855', '0.941', '0.969', '0.980', '0.980', '0.980', '0.980', '0.977', '0.980', '0.980', '0.977', '0.977', '0.973', '0.977']
  halt_rates: ['0.00', '0.00', '0.89', '0.99', '0.98', '1.00', '0.99', '0.99', '0.99', '0.98', '0.99', '0.99', '0.99', '0.99', '0.98', '0.98']
  halt_histogram %: [49.8, 36.1, 7.3, 1.9, 0.8, 0.4, 0.3, 0.2, 0.2, 0.1, 0.1, 0.1, 0.1, 0.1, 0.0, 2.4]
  Avg ACT steps (last 100): 1.15
  saved: /home/jvdillon/projects/sic/code/maze/ckpts/x10/step05000.pt acc=99.32% (0.055s)
Step  5000  Test 99.32% / 80.60% (halt: 99.25%/57.40%)  Train lm=0.6641±0.0030ϵ[0.6641,0.7031] n_halted=103.9700±9.5637ϵ[42.0000,119.0000]  TrainAcc 99.89%/94.30% (halt: 99.92%/83.50%)  (55.306s / 288.466s)
  n_active=128.0000±0.0000ϵ[128.0000,128.0000] n_expunged=0.0000±0.0000ϵ[0.0000,0.0000] pool_util=1.0000±0.0000ϵ[1.0000,1.0000] lip=444.9400±47.9578ϵ[332.0000,664.0000]
  path_valid=99.60%, exact_match=82.30%
  eval_avg_halt_step: 1.36
  per_H_acc: ['H0=0.1%', 'H1=0.0%', 'H2=0.0%']
  H_cos: ['0.797', '0.906']
  z_H_delta: ['19.000', '4.156']
  cells: fixed=[61, 0] broken=[109, 61]
  per_ACT_cell_acc: ['H1=75.4%', 'H2=88.0%', 'H3=99.2%', 'H4=99.4%', 'H5=99.4%', 'H6=99.4%', 'H7=99.4%', 'H8=99.4%', 'H9=99.4%', 'H10=99.4%', 'H11=99.4%', 'H12=99.4%', 'H13=99.4%', 'H14=99.4%', 'H15=99.4%', 'H16=99.4%']
  per_ACT_puzzle_acc: ['H1=0.0%', 'H2=0.0%', 'H3=61.2%', 'H4=79.3%', 'H5=81.0%', 'H6=81.0%', 'H7=81.0%', 'H8=81.0%', 'H9=81.0%', 'H10=81.0%', 'H11=81.0%', 'H12=81.0%', 'H13=81.0%', 'H14=81.0%', 'H15=81.0%', 'H16=81.0%']
  mean_sigmoid_q_halt: ['0.026', '0.018', '0.672', '0.898', '0.938', '0.957', '0.965', '0.969', '0.973', '0.973', '0.973', '0.973', '0.973', '0.973', '0.973', '0.973']
  halt_rates: ['0.00', '0.00', '0.66', '0.94', '0.98', '0.99', '0.99', '0.99', '0.99', '0.99', '0.99', '0.99', '0.99', '0.99', '0.99', '0.99']
  halt_histogram %: [54.6, 33.1, 6.5, 1.7, 0.7, 0.4, 0.3, 0.2, 0.2, 0.1, 0.1, 0.1, 0.1, 0.1, 0.0, 2.1]
  Avg ACT steps (last 100): 1.24
  eval_avg_halt_step: 1.06
  per_H_acc: ['H0=0.1%', 'H1=0.0%', 'H2=0.0%']
  H_cos: ['0.816', '0.910']
  z_H_delta: ['18.125', '4.219']
  cells: fixed=[30, 0] broken=[57, 30]
  per_ACT_cell_acc: ['H1=76.9%', 'H2=88.4%', 'H3=100.0%', 'H4=100.0%', 'H5=100.0%', 'H6=100.0%', 'H7=100.0%', 'H8=100.0%', 'H9=100.0%', 'H10=100.0%', 'H11=100.0%', 'H12=100.0%', 'H13=100.0%', 'H14=100.0%', 'H15=100.0%', 'H16=100.0%']
  per_ACT_puzzle_acc: ['H1=0.0%', 'H2=0.0%', 'H3=98.1%', 'H4=100.0%', 'H5=100.0%', 'H6=100.0%', 'H7=100.0%', 'H8=100.0%', 'H9=100.0%', 'H10=100.0%', 'H11=100.0%', 'H12=100.0%', 'H13=100.0%', 'H14=100.0%', 'H15=100.0%', 'H16=100.0%']
  mean_sigmoid_q_halt: ['0.024', '0.018', '0.957', '0.980', '0.984', '0.984', '0.984', '0.984', '0.984', '0.984', '0.984', '0.984', '0.984', '0.984', '0.984', '0.984']
  halt_rates: ['0.00', '0.00', '0.97', '1.00', '1.00', '1.00', '1.00', '1.00', '1.00', '1.00', '1.00', '1.00', '1.00', '1.00', '1.00', '1.00']
  halt_histogram %: [54.6, 33.1, 6.5, 1.7, 0.7, 0.4, 0.3, 0.2, 0.2, 0.1, 0.1, 0.1, 0.1, 0.1, 0.0, 2.1]
  Avg ACT steps (last 100): 1.24
  saved: /home/jvdillon/projects/sic/code/maze/ckpts/x10/step05500.pt acc=99.40% (0.056s)
  saved: /home/jvdillon/projects/sic/code/maze/ckpts/x10/best.pt acc=99.40% (0.138s)
Step  5500  Test 99.40% / 88.80% (halt: 99.38%/80.50%)  Train lm=0.6641±0.0027ϵ[0.6641,0.6875] n_halted=106.2660±10.1078ϵ[2.0000,122.0000]  TrainAcc 100.00%/99.60% (halt: 99.99%/98.90%)  (55.353s / 288.537s)
  n_active=128.0000±0.0000ϵ[128.0000,128.0000] n_expunged=0.0000±0.0000ϵ[0.0000,0.0000] pool_util=1.0000±0.0000ϵ[1.0000,1.0000] lip=503.3920±47.1691ϵ[362.0000,712.0000]
  path_valid=99.40%, exact_match=81.40%
  eval_avg_halt_step: 1.41
  per_H_acc: ['H0=1.2%', 'H1=0.0%', 'H2=0.0%']
  H_cos: ['0.684', '0.945']
  z_H_delta: ['20.750', '4.562']
  cells: fixed=[63, 0] broken=[2597, 68]
  per_ACT_cell_acc: ['H1=50.9%', 'H2=91.8%', 'H3=99.2%', 'H4=99.4%', 'H5=99.4%', 'H6=99.4%', 'H7=99.4%', 'H8=99.4%', 'H9=99.4%', 'H10=99.4%', 'H11=99.4%', 'H12=99.4%', 'H13=99.4%', 'H14=99.4%', 'H15=99.4%', 'H16=99.4%']
  per_ACT_puzzle_acc: ['H1=0.0%', 'H2=0.0%', 'H3=66.8%', 'H4=79.3%', 'H5=79.7%', 'H6=81.5%', 'H7=81.0%', 'H8=81.5%', 'H9=81.5%', 'H10=81.9%', 'H11=81.0%', 'H12=81.9%', 'H13=82.3%', 'H14=81.5%', 'H15=81.9%', 'H16=81.9%']
  mean_sigmoid_q_halt: ['0.018', '0.036', '0.742', '0.914', '0.910', '0.953', '0.949', '0.953', '0.957', '0.957', '0.957', '0.961', '0.965', '0.961', '0.965', '0.965']
  halt_rates: ['0.00', '0.00', '0.74', '0.93', '0.95', '0.97', '0.97', '0.97', '0.97', '0.97', '0.97', '0.98', '0.98', '0.98', '0.98', '0.98']
  halt_histogram %: [58.1, 30.9, 5.9, 1.5, 0.6, 0.3, 0.2, 0.2, 0.1, 0.1, 0.1, 0.1, 0.1, 0.0, 0.0, 1.8]
  Avg ACT steps (last 100): 1.13
  eval_avg_halt_step: 1.09
  per_H_acc: ['H0=1.0%', 'H1=0.1%', 'H2=0.0%']
  H_cos: ['0.684', '0.941']
  z_H_delta: ['20.875', '4.625']
  cells: fixed=[47, 0] broken=[935, 51]
  per_ACT_cell_acc: ['H1=50.8%', 'H2=91.8%', 'H3=99.9%', 'H4=100.0%', 'H5=100.0%', 'H6=100.0%', 'H7=100.0%', 'H8=100.0%', 'H9=100.0%', 'H10=99.9%', 'H11=100.0%', 'H12=99.9%', 'H13=99.9%', 'H14=99.9%', 'H15=99.9%', 'H16=99.9%']
  per_ACT_puzzle_acc: ['H1=0.0%', 'H2=0.0%', 'H3=93.3%', 'H4=97.1%', 'H5=99.0%', 'H6=97.1%', 'H7=97.1%', 'H8=97.1%', 'H9=96.2%', 'H10=97.1%', 'H11=96.2%', 'H12=95.2%', 'H13=96.2%', 'H14=95.2%', 'H15=96.2%', 'H16=96.2%']
  mean_sigmoid_q_halt: ['0.019', '0.036', '0.926', '0.953', '0.934', '0.969', '0.953', '0.961', '0.945', '0.949', '0.945', '0.941', '0.949', '0.945', '0.945', '0.945']
  halt_rates: ['0.00', '0.00', '0.93', '0.96', '0.98', '0.99', '0.98', '0.98', '0.94', '0.96', '0.95', '0.95', '0.96', '0.95', '0.95', '0.95']
  halt_histogram %: [58.1, 30.9, 5.9, 1.5, 0.6, 0.3, 0.2, 0.2, 0.1, 0.1, 0.1, 0.1, 0.1, 0.0, 0.0, 1.8]
  Avg ACT steps (last 100): 1.13
  saved: /home/jvdillon/projects/sic/code/maze/ckpts/x10/step06000.pt acc=99.40% (0.056s)
  saved: /home/jvdillon/projects/sic/code/maze/ckpts/x10/best.pt acc=99.40% (0.138s)
Step  6000  Test 99.40% / 89.50% (halt: 99.41%/82.10%)  Train lm=0.6641±0.0023ϵ[0.6641,0.6953] n_halted=106.0140±9.1891ϵ[30.0000,121.0000]  TrainAcc 99.95%/97.40% (halt: 99.97%/98.70%)  (55.359s / 288.349s)
  n_active=128.0000±0.0000ϵ[128.0000,128.0000] n_expunged=0.0000±0.0000ϵ[0.0000,0.0000] pool_util=1.0000±0.0000ϵ[1.0000,1.0000] lip=460.1880±46.1044ϵ[346.0000,616.0000]
  path_valid=98.00%, exact_match=82.50%
  eval_avg_halt_step: 1.20
  per_H_acc: ['H0=0.0%', 'H1=1.5%', 'H2=0.0%']
  H_cos: ['0.770', '0.910']
  z_H_delta: ['19.375', '4.250']
  cells: fixed=[3175, 1] broken=[0, 3175]
  per_ACT_cell_acc: ['H1=87.3%', 'H2=89.1%', 'H3=99.4%', 'H4=99.4%', 'H5=99.4%', 'H6=99.4%', 'H7=99.4%', 'H8=99.4%', 'H9=99.4%', 'H10=99.4%', 'H11=99.4%', 'H12=99.4%', 'H13=99.4%', 'H14=99.4%', 'H15=99.4%', 'H16=99.4%']
  per_ACT_puzzle_acc: ['H1=0.0%', 'H2=0.0%', 'H3=71.1%', 'H4=80.2%', 'H5=82.3%', 'H6=82.3%', 'H7=81.9%', 'H8=81.9%', 'H9=81.9%', 'H10=82.3%', 'H11=81.9%', 'H12=81.5%', 'H13=81.5%', 'H14=81.5%', 'H15=81.5%', 'H16=81.9%']
  mean_sigmoid_q_halt: ['0.031', '0.080', '0.848', '0.930', '0.961', '0.977', '0.980', '0.980', '0.980', '0.980', '0.977', '0.980', '0.980', '0.980', '0.980', '0.980']
  halt_rates: ['0.00', '0.00', '0.84', '0.96', '0.98', '0.98', '0.98', '0.98', '0.98', '0.98', '0.98', '0.98', '0.98', '0.98', '0.98', '0.99']
  halt_histogram %: [61.3, 28.8, 5.4, 1.4, 0.5, 0.3, 0.2, 0.1, 0.1, 0.1, 0.1, 0.1, 0.0, 0.0, 0.0, 1.6]
  Avg ACT steps (last 100): 1.15
  eval_avg_halt_step: 1.01
  per_H_acc: ['H0=0.0%', 'H1=1.7%', 'H2=0.0%']
  H_cos: ['0.770', '0.910']
  z_H_delta: ['19.375', '4.406']
  cells: fixed=[1597, 0] broken=[0, 1597]
  per_ACT_cell_acc: ['H1=87.3%', 'H2=89.1%', 'H3=100.0%', 'H4=100.0%', 'H5=100.0%', 'H6=100.0%', 'H7=100.0%', 'H8=100.0%', 'H9=100.0%', 'H10=100.0%', 'H11=100.0%', 'H12=100.0%', 'H13=99.9%', 'H14=99.9%', 'H15=99.9%', 'H16=99.9%']
  per_ACT_puzzle_acc: ['H1=0.0%', 'H2=0.0%', 'H3=95.2%', 'H4=97.1%', 'H5=99.0%', 'H6=99.0%', 'H7=99.0%', 'H8=99.0%', 'H9=99.0%', 'H10=99.0%', 'H11=99.0%', 'H12=98.1%', 'H13=98.1%', 'H14=98.1%', 'H15=98.1%', 'H16=98.1%']
  mean_sigmoid_q_halt: ['0.031', '0.081', '0.969', '0.984', '0.988', '0.996', '0.996', '0.996', '0.996', '0.996', '0.996', '0.996', '0.988', '0.988', '0.988', '0.988']
  halt_rates: ['0.00', '0.00', '0.97', '1.00', '1.00', '1.00', '1.00', '1.00', '1.00', '1.00', '1.00', '1.00', '0.99', '0.99', '0.99', '0.99']
  halt_histogram %: [61.3, 28.8, 5.4, 1.4, 0.5, 0.3, 0.2, 0.1, 0.1, 0.1, 0.1, 0.1, 0.0, 0.0, 0.0, 1.6]
  Avg ACT steps (last 100): 1.15
  saved: /home/jvdillon/projects/sic/code/maze/ckpts/x10/step06500.pt acc=99.37% (0.056s)
Step  6500  Test 99.37% / 89.00% (halt: 99.41%/80.50%)  Train lm=0.6641±0.0016ϵ[0.6641,0.6719] n_halted=109.6960±5.5639ϵ[76.0000,122.0000]  TrainAcc 99.94%/98.00% (halt: 99.98%/98.70%)  (55.271s / 288.476s)
  n_active=128.0000±0.0000ϵ[128.0000,128.0000] n_expunged=0.0000±0.0000ϵ[0.0000,0.0000] pool_util=1.0000±0.0000ϵ[1.0000,1.0000] lip=441.6200±29.0666ϵ[370.0000,548.0000]
  path_valid=98.50%, exact_match=84.50%
  eval_avg_halt_step: 1.71
  per_H_acc: ['H0=0.0%', 'H1=0.3%', 'H2=0.0%']
  H_cos: ['0.734', '0.914']
  z_H_delta: ['20.625', '5.406']
  cells: fixed=[615, 0] broken=[0, 615]
  per_ACT_cell_acc: ['H1=86.0%', 'H2=87.3%', 'H3=98.9%', 'H4=99.3%', 'H5=99.4%', 'H6=99.5%', 'H7=99.5%', 'H8=99.5%', 'H9=99.5%', 'H10=99.5%', 'H11=99.5%', 'H12=99.5%', 'H13=99.5%', 'H14=99.5%', 'H15=99.5%', 'H16=99.5%']
  per_ACT_puzzle_acc: ['H1=0.0%', 'H2=0.0%', 'H3=50.9%', 'H4=72.4%', 'H5=80.6%', 'H6=82.8%', 'H7=84.1%', 'H8=83.2%', 'H9=83.2%', 'H10=83.6%', 'H11=83.6%', 'H12=83.2%', 'H13=84.1%', 'H14=83.6%', 'H15=83.6%', 'H16=84.1%']
  mean_sigmoid_q_halt: ['0.039', '0.046', '0.531', '0.688', '0.824', '0.906', '0.941', '0.953', '0.961', '0.973', '0.973', '0.973', '0.980', '0.980', '0.980', '0.980']
  halt_rates: ['0.00', '0.00', '0.50', '0.75', '0.90', '0.95', '0.97', '0.96', '0.97', '0.98', '0.98', '0.98', '0.99', '0.99', '0.99', '0.99']
  halt_histogram %: [63.7, 27.2, 5.0, 1.2, 0.5, 0.3, 0.2, 0.1, 0.1, 0.1, 0.1, 0.1, 0.0, 0.0, 0.0, 1.4]
  Avg ACT steps (last 100): 1.24
  eval_avg_halt_step: 1.44
  per_H_acc: ['H0=0.0%', 'H1=0.2%', 'H2=0.0%']
  H_cos: ['0.734', '0.914']
  z_H_delta: ['20.625', '5.438']
  cells: fixed=[214, 0] broken=[0, 214]
  per_ACT_cell_acc: ['H1=86.0%', 'H2=87.5%', 'H3=99.8%', 'H4=99.8%', 'H5=99.8%', 'H6=99.9%', 'H7=100.0%', 'H8=100.0%', 'H9=100.0%', 'H10=100.0%', 'H11=100.0%', 'H12=100.0%', 'H13=100.0%', 'H14=100.0%', 'H15=100.0%', 'H16=100.0%']
  per_ACT_puzzle_acc: ['H1=0.0%', 'H2=0.0%', 'H3=73.1%', 'H4=92.3%', 'H5=93.3%', 'H6=96.2%', 'H7=99.0%', 'H8=97.1%', 'H9=99.0%', 'H10=98.1%', 'H11=98.1%', 'H12=98.1%', 'H13=97.1%', 'H14=98.1%', 'H15=99.0%', 'H16=99.0%']
  mean_sigmoid_q_halt: ['0.039', '0.046', '0.715', '0.848', '0.887', '0.945', '0.965', '0.973', '0.988', '0.980', '0.984', '0.988', '0.977', '0.980', '0.988', '0.988']
  halt_rates: ['0.00', '0.00', '0.70', '0.91', '0.93', '0.97', '0.98', '0.98', '1.00', '0.99', '0.99', '1.00', '0.98', '0.99', '1.00', '1.00']
  halt_histogram %: [63.7, 27.2, 5.0, 1.2, 0.5, 0.3, 0.2, 0.1, 0.1, 0.1, 0.1, 0.1, 0.0, 0.0, 0.0, 1.4]
  Avg ACT steps (last 100): 1.24
  saved: /home/jvdillon/projects/sic/code/maze/ckpts/x10/step07000.pt acc=99.47% (0.056s)
  saved: /home/jvdillon/projects/sic/code/maze/ckpts/x10/best.pt acc=99.47% (0.139s)
Step  7000  Test 99.47% / 91.20% (halt: 99.45%/82.40%)  Train lm=0.6641±0.0014ϵ[0.6641,0.6719] n_halted=108.7140±6.4931ϵ[78.0000,121.0000]  TrainAcc 99.95%/97.70% (halt: 99.95%/96.40%)  (55.349s / 288.543s)
  n_active=128.0000±0.0000ϵ[128.0000,128.0000] n_expunged=0.0000±0.0000ϵ[0.0000,0.0000] pool_util=1.0000±0.0000ϵ[1.0000,1.0000] lip=372.7560±30.1315ϵ[296.0000,464.0000]
  path_valid=99.60%, exact_match=84.20%
  eval_avg_halt_step: 1.26
  per_H_acc: ['H0=0.2%', 'H1=0.0%', 'H2=0.0%']
  H_cos: ['0.742', '0.910']
  z_H_delta: ['18.750', '4.344']
  cells: fixed=[17, 0] broken=[438, 17]
  per_ACT_cell_acc: ['H1=86.8%', 'H2=88.0%', 'H3=99.4%', 'H4=99.5%', 'H5=99.5%', 'H6=99.5%', 'H7=99.5%', 'H8=99.5%', 'H9=99.5%', 'H10=99.5%', 'H11=99.5%', 'H12=99.5%', 'H13=99.5%', 'H14=99.5%', 'H15=99.5%', 'H16=99.5%']
  per_ACT_puzzle_acc: ['H1=0.0%', 'H2=0.0%', 'H3=74.1%', 'H4=83.2%', 'H5=84.9%', 'H6=84.9%', 'H7=84.9%', 'H8=84.9%', 'H9=84.9%', 'H10=84.9%', 'H11=84.9%', 'H12=84.9%', 'H13=84.9%', 'H14=84.5%', 'H15=84.5%', 'H16=84.5%']
  mean_sigmoid_q_halt: ['0.021', '0.070', '0.766', '0.902', '0.938', '0.949', '0.953', '0.949', '0.945', '0.941', '0.938', '0.934', '0.930', '0.930', '0.930', '0.926']
  halt_rates: ['0.00', '0.00', '0.76', '0.95', '1.00', '1.00', '1.00', '1.00', '1.00', '1.00', '1.00', '1.00', '1.00', '1.00', '1.00', '1.00']
  halt_histogram %: [65.6, 26.0, 4.6, 1.1, 0.4, 0.2, 0.2, 0.1, 0.1, 0.1, 0.1, 0.0, 0.0, 0.0, 0.0, 1.3]
  Avg ACT steps (last 100): 1.11
  eval_avg_halt_step: 1.01
  per_H_acc: ['H0=0.2%', 'H1=0.0%', 'H2=0.0%']
  H_cos: ['0.746', '0.906']
  z_H_delta: ['18.750', '4.438']
  cells: fixed=[12, 0] broken=[166, 12]
  per_ACT_cell_acc: ['H1=86.6%', 'H2=87.9%', 'H3=100.0%', 'H4=100.0%', 'H5=100.0%', 'H6=100.0%', 'H7=100.0%', 'H8=100.0%', 'H9=100.0%', 'H10=100.0%', 'H11=100.0%', 'H12=100.0%', 'H13=100.0%', 'H14=100.0%', 'H15=100.0%', 'H16=100.0%']
  per_ACT_puzzle_acc: ['H1=0.0%', 'H2=0.0%', 'H3=100.0%', 'H4=100.0%', 'H5=100.0%', 'H6=100.0%', 'H7=100.0%', 'H8=100.0%', 'H9=100.0%', 'H10=100.0%', 'H11=100.0%', 'H12=100.0%', 'H13=100.0%', 'H14=100.0%', 'H15=100.0%', 'H16=100.0%']
  mean_sigmoid_q_halt: ['0.021', '0.071', '0.984', '0.977', '0.973', '0.980', '0.980', '0.973', '0.965', '0.957', '0.949', '0.945', '0.941', '0.938', '0.934', '0.930']
  halt_rates: ['0.00', '0.00', '0.99', '1.00', '1.00', '1.00', '1.00', '1.00', '1.00', '1.00', '1.00', '1.00', '1.00', '1.00', '1.00', '1.00']
  halt_histogram %: [65.6, 26.0, 4.6, 1.1, 0.4, 0.2, 0.2, 0.1, 0.1, 0.1, 0.1, 0.0, 0.0, 0.0, 0.0, 1.3]
  Avg ACT steps (last 100): 1.11
  saved: /home/jvdillon/projects/sic/code/maze/ckpts/x10/step07500.pt acc=99.46% (0.055s)
Step  7500  Test 99.46% / 90.40% (halt: 99.46%/84.40%)  Train lm=0.6641±0.0017ϵ[0.6641,0.6797] n_halted=107.8340±8.5208ϵ[32.0000,121.0000]  TrainAcc 99.99%/99.40% (halt: 99.99%/99.50%)  (55.273s / 288.393s)
  n_active=128.0000±0.0000ϵ[128.0000,128.0000] n_expunged=0.0000±0.0000ϵ[0.0000,0.0000] pool_util=1.0000±0.0000ϵ[1.0000,1.0000] lip=366.2040±30.2184ϵ[292.0000,560.0000]
  path_valid=95.00%, exact_match=81.70%
  eval_avg_halt_step: 1.57
  per_H_acc: ['H0=0.0%', 'H1=7.6%', 'H2=0.0%']
  H_cos: ['0.068', '0.871']
  z_H_delta: ['29.375', '6.625']
  cells: fixed=[15930, 0] broken=[0, 15930]
  per_ACT_cell_acc: ['H1=30.1%', 'H2=79.6%', 'H3=99.0%', 'H4=99.5%', 'H5=99.5%', 'H6=99.5%', 'H7=99.5%', 'H8=99.5%', 'H9=99.5%', 'H10=99.5%', 'H11=99.5%', 'H12=99.5%', 'H13=99.5%', 'H14=99.5%', 'H15=99.5%', 'H16=99.5%']
  per_ACT_puzzle_acc: ['H1=0.0%', 'H2=0.0%', 'H3=43.1%', 'H4=81.5%', 'H5=83.6%', 'H6=83.6%', 'H7=83.6%', 'H8=83.2%', 'H9=82.8%', 'H10=82.8%', 'H11=83.2%', 'H12=83.2%', 'H13=83.2%', 'H14=83.2%', 'H15=83.2%', 'H16=83.2%']
  mean_sigmoid_q_halt: ['0.066', '0.107', '0.523', '0.824', '0.914', '0.945', '0.961', '0.969', '0.973', '0.977', '0.977', '0.980', '0.980', '0.980', '0.980', '0.980']
  halt_rates: ['0.00', '0.00', '0.46', '0.90', '0.99', '0.99', '1.00', '1.00', '1.00', '1.00', '1.00', '1.00', '1.00', '1.00', '1.00', '1.00']
  halt_histogram %: [67.1, 25.0, 4.4, 1.1, 0.4, 0.2, 0.2, 0.1, 0.1, 0.1, 0.0, 0.0, 0.0, 0.0, 0.0, 1.2]
  Avg ACT steps (last 100): 1.27
  eval_avg_halt_step: 1.19
  per_H_acc: ['H0=0.0%', 'H1=7.4%', 'H2=0.0%']
  H_cos: ['0.072', '0.871']
  z_H_delta: ['29.375', '6.656']
  cells: fixed=[6927, 0] broken=[0, 6927]
  per_ACT_cell_acc: ['H1=31.2%', 'H2=79.9%', 'H3=99.9%', 'H4=100.0%', 'H5=100.0%', 'H6=100.0%', 'H7=100.0%', 'H8=100.0%', 'H9=100.0%', 'H10=100.0%', 'H11=100.0%', 'H12=100.0%', 'H13=100.0%', 'H14=100.0%', 'H15=100.0%', 'H16=100.0%']
  per_ACT_puzzle_acc: ['H1=0.0%', 'H2=0.0%', 'H3=81.7%', 'H4=98.1%', 'H5=97.1%', 'H6=96.2%', 'H7=95.2%', 'H8=95.2%', 'H9=95.2%', 'H10=95.2%', 'H11=95.2%', 'H12=96.2%', 'H13=96.2%', 'H14=96.2%', 'H15=96.2%', 'H16=96.2%']
  mean_sigmoid_q_halt: ['0.066', '0.107', '0.816', '0.930', '0.953', '0.969', '0.977', '0.977', '0.980', '0.984', '0.984', '0.984', '0.984', '0.984', '0.984', '0.988']
  halt_rates: ['0.00', '0.00', '0.83', '0.99', '1.00', '1.00', '1.00', '1.00', '1.00', '1.00', '1.00', '1.00', '1.00', '1.00', '1.00', '1.00']
  halt_histogram %: [67.1, 25.0, 4.4, 1.1, 0.4, 0.2, 0.2, 0.1, 0.1, 0.1, 0.0, 0.0, 0.0, 0.0, 0.0, 1.2]
  Avg ACT steps (last 100): 1.27
  saved: /home/jvdillon/projects/sic/code/maze/ckpts/x10/step08000.pt acc=99.49% (0.056s)
  saved: /home/jvdillon/projects/sic/code/maze/ckpts/x10/best.pt acc=99.49% (0.140s)
Step  8000  Test 99.49% / 88.70% (halt: 99.47%/76.80%)  Train lm=0.6641±0.0025ϵ[0.6641,0.6953] n_halted=107.2820±13.5650ϵ[0.0000,124.0000]  TrainAcc 99.97%/96.60% (halt: 99.96%/93.70%)  (55.354s / 288.357s)
  n_active=128.0000±0.0000ϵ[128.0000,128.0000] n_expunged=0.0000±0.0000ϵ[0.0000,0.0000] pool_util=1.0000±0.0000ϵ[1.0000,1.0000] lip=344.2920±36.8815ϵ[278.0000,616.0000]
  path_valid=98.90%, exact_match=83.80%
  eval_avg_halt_step: 1.29
  per_H_acc: ['H0=0.0%', 'H1=0.0%', 'H2=0.0%']
  H_cos: ['0.227', '0.957']
  z_H_delta: ['28.625', '5.281']
  cells: fixed=[8, 0] broken=[0, 8]
  per_ACT_cell_acc: ['H1=4.6%', 'H2=90.1%', 'H3=99.4%', 'H4=99.5%', 'H5=99.5%', 'H6=99.5%', 'H7=99.5%', 'H8=99.5%', 'H9=99.5%', 'H10=99.5%', 'H11=99.5%', 'H12=99.5%', 'H13=99.5%', 'H14=99.5%', 'H15=99.5%', 'H16=99.5%']
  per_ACT_puzzle_acc: ['H1=0.0%', 'H2=0.0%', 'H3=72.4%', 'H4=83.2%', 'H5=84.1%', 'H6=83.6%', 'H7=84.1%', 'H8=84.1%', 'H9=84.5%', 'H10=84.5%', 'H11=84.5%', 'H12=84.5%', 'H13=84.5%', 'H14=84.9%', 'H15=84.9%', 'H16=84.9%']
  mean_sigmoid_q_halt: ['0.067', '0.088', '0.809', '0.934', '0.949', '0.973', '0.980', '0.984', '0.984', '0.984', '0.984', '0.988', '0.984', '0.988', '0.988', '0.988']
  halt_rates: ['0.00', '0.00', '0.80', '0.97', '0.99', '0.99', '1.00', '1.00', '0.99', '1.00', '0.99', '1.00', '1.00', '1.00', '1.00', '1.00']
  halt_histogram %: [68.6, 24.0, 4.1, 1.0, 0.4, 0.2, 0.2, 0.1, 0.1, 0.1, 0.0, 0.0, 0.0, 0.0, 0.0, 1.1]
  Avg ACT steps (last 100): 1.17
  eval_avg_halt_step: 1.03
  per_H_acc: ['H0=0.0%', 'H1=0.0%', 'H2=0.0%']
  H_cos: ['0.220', '0.957']
  z_H_delta: ['28.750', '5.344']
  cells: fixed=[1, 0] broken=[0, 1]
  per_ACT_cell_acc: ['H1=4.8%', 'H2=90.0%', 'H3=100.0%', 'H4=100.0%', 'H5=100.0%', 'H6=100.0%', 'H7=100.0%', 'H8=100.0%', 'H9=100.0%', 'H10=100.0%', 'H11=100.0%', 'H12=100.0%', 'H13=100.0%', 'H14=100.0%', 'H15=100.0%', 'H16=100.0%']
  per_ACT_puzzle_acc: ['H1=0.0%', 'H2=0.0%', 'H3=98.1%', 'H4=99.0%', 'H5=100.0%', 'H6=100.0%', 'H7=100.0%', 'H8=100.0%', 'H9=100.0%', 'H10=100.0%', 'H11=100.0%', 'H12=100.0%', 'H13=100.0%', 'H14=100.0%', 'H15=100.0%', 'H16=100.0%']
  mean_sigmoid_q_halt: ['0.067', '0.087', '0.973', '0.980', '0.984', '0.988', '0.992', '0.992', '0.992', '0.992', '0.992', '0.992', '0.992', '0.992', '0.992', '0.992']
  halt_rates: ['0.00', '0.00', '0.98', '0.99', '1.00', '1.00', '1.00', '1.00', '1.00', '1.00', '1.00', '1.00', '1.00', '1.00', '1.00', '1.00']
  halt_histogram %: [68.6, 24.0, 4.1, 1.0, 0.4, 0.2, 0.2, 0.1, 0.1, 0.1, 0.0, 0.0, 0.0, 0.0, 0.0, 1.1]
  Avg ACT steps (last 100): 1.17
  saved: /home/jvdillon/projects/sic/code/maze/ckpts/x10/step08500.pt acc=99.44% (0.056s)
Step  8500  Test 99.44% / 91.90% (halt: 99.43%/82.50%)  Train lm=0.6641±0.0016ϵ[0.6641,0.6875] n_halted=110.2260±6.9875ϵ[39.0000,124.0000]  TrainAcc 100.00%/99.90% (halt: 100.00%/99.90%)  (55.273s / 288.517s)
  n_active=128.0000±0.0000ϵ[128.0000,128.0000] n_expunged=0.0000±0.0000ϵ[0.0000,0.0000] pool_util=1.0000±0.0000ϵ[1.0000,1.0000] lip=321.2280±28.8606ϵ[266.0000,528.0000]
  path_valid=99.40%, exact_match=80.70%
  eval_avg_halt_step: 1.30
  per_H_acc: ['H0=0.7%', 'H1=0.0%', 'H2=0.0%']
  H_cos: ['0.945', '0.879']
  z_H_delta: ['9.562', '4.375']
  cells: fixed=[1, 0] broken=[1550, 1]
  per_ACT_cell_acc: ['H1=86.5%', 'H2=80.3%', 'H3=99.5%', 'H4=99.5%', 'H5=99.5%', 'H6=99.5%', 'H7=99.5%', 'H8=99.5%', 'H9=99.5%', 'H10=99.5%', 'H11=99.5%', 'H12=99.5%', 'H13=99.5%', 'H14=99.5%', 'H15=99.5%', 'H16=99.5%']
  per_ACT_puzzle_acc: ['H1=0.0%', 'H2=0.0%', 'H3=74.6%', 'H4=80.2%', 'H5=81.9%', 'H6=81.5%', 'H7=82.3%', 'H8=82.3%', 'H9=83.2%', 'H10=83.6%', 'H11=82.3%', 'H12=81.9%', 'H13=81.0%', 'H14=81.9%', 'H15=82.8%', 'H16=82.3%']
  mean_sigmoid_q_halt: ['0.115', '0.181', '0.828', '0.746', '0.852', '0.723', '0.828', '0.660', '0.793', '0.621', '0.773', '0.602', '0.762', '0.590', '0.762', '0.586']
  halt_rates: ['0.00', '0.00', '0.83', '0.78', '0.94', '0.80', '0.94', '0.72', '0.91', '0.59', '0.89', '0.56', '0.86', '0.54', '0.83', '0.54']
  halt_histogram %: [69.7, 23.3, 3.9, 0.9, 0.4, 0.2, 0.1, 0.1, 0.1, 0.1, 0.0, 0.0, 0.0, 0.0, 0.0, 1.0]
  Avg ACT steps (last 100): 1.12
  eval_avg_halt_step: 1.05
  per_H_acc: ['H0=0.6%', 'H1=0.0%', 'H2=0.0%']
  H_cos: ['0.945', '0.879']
  z_H_delta: ['9.250', '4.469']
  cells: fixed=[0, 0] broken=[573, 0]
  per_ACT_cell_acc: ['H1=86.6%', 'H2=80.6%', 'H3=99.9%', 'H4=99.9%', 'H5=99.9%', 'H6=99.9%', 'H7=99.9%', 'H8=99.9%', 'H9=99.9%', 'H10=99.9%', 'H11=99.9%', 'H12=99.9%', 'H13=99.9%', 'H14=99.9%', 'H15=99.9%', 'H16=99.9%']
  per_ACT_puzzle_acc: ['H1=0.0%', 'H2=0.0%', 'H3=95.2%', 'H4=96.2%', 'H5=97.1%', 'H6=97.1%', 'H7=98.1%', 'H8=98.1%', 'H9=98.1%', 'H10=96.2%', 'H11=95.2%', 'H12=97.1%', 'H13=97.1%', 'H14=97.1%', 'H15=94.2%', 'H16=93.3%']
  mean_sigmoid_q_halt: ['0.116', '0.183', '0.961', '0.895', '0.906', '0.844', '0.855', '0.762', '0.793', '0.699', '0.750', '0.676', '0.730', '0.660', '0.711', '0.652']
  halt_rates: ['0.00', '0.00', '0.97', '0.95', '0.98', '0.97', '0.97', '0.89', '0.93', '0.78', '0.91', '0.77', '0.87', '0.69', '0.79', '0.70']
  halt_histogram %: [69.7, 23.3, 3.9, 0.9, 0.4, 0.2, 0.1, 0.1, 0.1, 0.1, 0.0, 0.0, 0.0, 0.0, 0.0, 1.0]
  Avg ACT steps (last 100): 1.12
  saved: /home/jvdillon/projects/sic/code/maze/ckpts/x10/step09000.pt acc=99.40% (0.055s)
Step  9000  Test 99.40% / 90.30% (halt: 99.41%/81.70%)  Train lm=0.6641±0.0016ϵ[0.6641,0.6836] n_halted=107.6300±7.7460ϵ[35.0000,122.0000]  TrainAcc 99.97%/97.00% (halt: 99.98%/98.10%)  (55.258s / 288.321s)
  n_active=128.0000±0.0000ϵ[128.0000,128.0000] n_expunged=0.0000±0.0000ϵ[0.0000,0.0000] pool_util=1.0000±0.0000ϵ[1.0000,1.0000] lip=336.6460±56.3821ϵ[243.0000,494.0000]
  path_valid=99.30%, exact_match=83.60%
  eval_avg_halt_step: 1.33
  per_H_acc: ['H0=0.0%', 'H1=0.0%', 'H2=0.0%']
  H_cos: ['0.953', '0.922']
  z_H_delta: ['22.125', '5.000']
  cells: fixed=[0, 0] broken=[0, 0]
  per_ACT_cell_acc: ['H1=84.3%', 'H2=86.0%', 'H3=99.4%', 'H4=99.4%', 'H5=99.4%', 'H6=99.5%', 'H7=99.5%', 'H8=99.4%', 'H9=99.5%', 'H10=99.5%', 'H11=99.5%', 'H12=99.5%', 'H13=99.5%', 'H14=99.5%', 'H15=99.5%', 'H16=99.5%']
  per_ACT_puzzle_acc: ['H1=0.0%', 'H2=0.0%', 'H3=68.5%', 'H4=81.5%', 'H5=81.9%', 'H6=82.8%', 'H7=82.8%', 'H8=82.8%', 'H9=82.8%', 'H10=82.8%', 'H11=82.8%', 'H12=82.8%', 'H13=82.8%', 'H14=82.8%', 'H15=82.8%', 'H16=82.8%']
  mean_sigmoid_q_halt: ['0.105', '0.132', '0.801', '0.922', '0.945', '0.969', '0.977', '0.980', '0.984', '0.988', '0.988', '0.988', '0.988', '0.988', '0.988', '0.988']
  halt_rates: ['0.00', '0.00', '0.78', '0.97', '0.98', '0.98', '0.99', '0.99', '1.00', '1.00', '1.00', '1.00', '1.00', '1.00', '1.00', '1.00']
  halt_histogram %: [70.9, 22.6, 3.8, 0.9, 0.3, 0.2, 0.1, 0.1, 0.1, 0.1, 0.0, 0.0, 0.0, 0.0, 0.0, 0.9]
  Avg ACT steps (last 100): 1.16
  eval_avg_halt_step: 1.04
  per_H_acc: ['H0=0.0%', 'H1=0.0%', 'H2=0.0%']
  H_cos: ['0.953', '0.922']
  z_H_delta: ['22.125', '5.031']
  cells: fixed=[1, 0] broken=[0, 1]
  per_ACT_cell_acc: ['H1=84.3%', 'H2=85.8%', 'H3=100.0%', 'H4=100.0%', 'H5=100.0%', 'H6=100.0%', 'H7=100.0%', 'H8=100.0%', 'H9=100.0%', 'H10=100.0%', 'H11=100.0%', 'H12=100.0%', 'H13=100.0%', 'H14=100.0%', 'H15=100.0%', 'H16=100.0%']
  per_ACT_puzzle_acc: ['H1=0.0%', 'H2=0.0%', 'H3=97.1%', 'H4=99.0%', 'H5=99.0%', 'H6=99.0%', 'H7=99.0%', 'H8=99.0%', 'H9=99.0%', 'H10=99.0%', 'H11=99.0%', 'H12=99.0%', 'H13=99.0%', 'H14=99.0%', 'H15=99.0%', 'H16=99.0%']
  mean_sigmoid_q_halt: ['0.106', '0.136', '0.977', '0.984', '0.980', '0.984', '0.984', '0.984', '0.984', '0.984', '0.984', '0.984', '0.984', '0.984', '0.984', '0.984']
  halt_rates: ['0.00', '0.00', '0.98', '1.00', '0.99', '0.99', '0.99', '0.99', '0.99', '0.99', '0.99', '0.99', '0.99', '0.99', '0.99', '0.99']
  halt_histogram %: [70.9, 22.6, 3.8, 0.9, 0.3, 0.2, 0.1, 0.1, 0.1, 0.1, 0.0, 0.0, 0.0, 0.0, 0.0, 0.9]
  Avg ACT steps (last 100): 1.16
  saved: /home/jvdillon/projects/sic/code/maze/ckpts/x10/step09500.pt acc=99.40% (0.055s)
Step  9500  Test 99.40% / 90.60% (halt: 99.38%/79.80%)  Train lm=0.6641±0.0015ϵ[0.6641,0.6797] n_halted=110.1500±6.6260ϵ[38.0000,122.0000]  TrainAcc 99.98%/98.80% (halt: 99.99%/98.50%)  (55.265s / 288.333s)
  n_active=128.0000±0.0000ϵ[128.0000,128.0000] n_expunged=0.0000±0.0000ϵ[0.0000,0.0000] pool_util=1.0000±0.0000ϵ[1.0000,1.0000] lip=330.2480±32.6451ϵ[254.0000,474.0000]
  path_valid=99.70%, exact_match=80.70%
  eval_avg_halt_step: 1.24
  per_H_acc: ['H0=0.0%', 'H1=0.0%', 'H2=0.0%']
  H_cos: ['0.715', '0.906']
  z_H_delta: ['26.500', '4.719']
  cells: fixed=[1, 0] broken=[0, 1]
  per_ACT_cell_acc: ['H1=86.0%', 'H2=87.1%', 'H3=99.2%', 'H4=99.4%', 'H5=99.4%', 'H6=99.4%', 'H7=99.4%', 'H8=99.4%', 'H9=99.4%', 'H10=99.4%', 'H11=99.4%', 'H12=99.4%', 'H13=99.4%', 'H14=99.4%', 'H15=99.4%', 'H16=99.4%']
  per_ACT_puzzle_acc: ['H1=0.0%', 'H2=0.0%', 'H3=53.0%', 'H4=76.3%', 'H5=78.4%', 'H6=78.9%', 'H7=78.9%', 'H8=78.9%', 'H9=78.9%', 'H10=78.9%', 'H11=78.9%', 'H12=78.9%', 'H13=78.9%', 'H14=78.9%', 'H15=78.9%', 'H16=78.9%']
  mean_sigmoid_q_halt: ['0.082', '0.187', '0.738', '0.918', '0.949', '0.973', '0.984', '0.988', '0.988', '0.988', '0.988', '0.988', '0.988', '0.988', '0.988', '0.988']
  halt_rates: ['0.00', '0.00', '0.72', '0.96', '1.00', '1.00', '1.00', '1.00', '1.00', '1.00', '1.00', '1.00', '1.00', '1.00', '1.00', '1.00']
  halt_histogram %: [71.8, 21.9, 3.6, 0.8, 0.3, 0.2, 0.1, 0.1, 0.1, 0.1, 0.0, 0.0, 0.0, 0.0, 0.0, 0.9]
  Avg ACT steps (last 100): 1.21
  eval_avg_halt_step: 1.03
  per_H_acc: ['H0=0.0%', 'H1=0.0%', 'H2=0.0%']
  H_cos: ['0.719', '0.906']
  z_H_delta: ['26.375', '4.781']
  cells: fixed=[0, 0] broken=[0, 0]
  per_ACT_cell_acc: ['H1=86.3%', 'H2=87.0%', 'H3=100.0%', 'H4=100.0%', 'H5=100.0%', 'H6=100.0%', 'H7=100.0%', 'H8=100.0%', 'H9=100.0%', 'H10=100.0%', 'H11=100.0%', 'H12=100.0%', 'H13=100.0%', 'H14=100.0%', 'H15=100.0%', 'H16=100.0%']
  per_ACT_puzzle_acc: ['H1=0.0%', 'H2=0.0%', 'H3=98.1%', 'H4=100.0%', 'H5=99.0%', 'H6=99.0%', 'H7=99.0%', 'H8=99.0%', 'H9=99.0%', 'H10=99.0%', 'H11=99.0%', 'H12=99.0%', 'H13=99.0%', 'H14=99.0%', 'H15=99.0%', 'H16=99.0%']
  mean_sigmoid_q_halt: ['0.082', '0.188', '0.973', '0.980', '0.984', '0.988', '0.988', '0.988', '0.988', '0.988', '0.988', '0.988', '0.988', '0.988', '0.988', '0.988']
  halt_rates: ['0.00', '0.00', '0.99', '1.00', '1.00', '1.00', '1.00', '1.00', '1.00', '1.00', '1.00', '1.00', '1.00', '1.00', '1.00', '1.00']
  halt_histogram %: [71.8, 21.9, 3.6, 0.8, 0.3, 0.2, 0.1, 0.1, 0.1, 0.1, 0.0, 0.0, 0.0, 0.0, 0.0, 0.9]
  Avg ACT steps (last 100): 1.21
  saved: /home/jvdillon/projects/sic/code/maze/ckpts/x10/step10000.pt acc=99.38% (0.055s)
Step 10000  Test 99.38% / 87.10% (halt: 99.35%/75.10%)  Train lm=0.6641±0.0013ϵ[0.6641,0.6719] n_halted=109.9040±6.7612ϵ[53.0000,122.0000]  TrainAcc 99.98%/98.90% (halt: 99.98%/98.00%)  (55.274s / 288.334s)
  n_active=128.0000±0.0000ϵ[128.0000,128.0000] n_expunged=0.0000±0.0000ϵ[0.0000,0.0000] pool_util=1.0000±0.0000ϵ[1.0000,1.0000] lip=298.4940±36.7422ϵ[216.0000,450.0000]
  path_valid=99.50%, exact_match=84.50%
  eval_avg_halt_step: 1.27
  per_H_acc: ['H0=0.1%', 'H1=0.0%', 'H2=0.0%']
  H_cos: ['0.879', '0.898']
  z_H_delta: ['16.375', '4.438']
  cells: fixed=[50, 0] broken=[193, 50]
  per_ACT_cell_acc: ['H1=86.6%', 'H2=82.2%', 'H3=99.4%', 'H4=99.5%', 'H5=99.5%', 'H6=99.5%', 'H7=99.5%', 'H8=99.5%', 'H9=99.5%', 'H10=99.5%', 'H11=99.5%', 'H12=99.5%', 'H13=99.5%', 'H14=99.5%', 'H15=99.5%', 'H16=99.5%']
  per_ACT_puzzle_acc: ['H1=0.0%', 'H2=0.0%', 'H3=75.4%', 'H4=82.8%', 'H5=83.2%', 'H6=84.1%', 'H7=84.1%', 'H8=84.1%', 'H9=84.1%', 'H10=84.1%', 'H11=84.1%', 'H12=84.1%', 'H13=84.1%', 'H14=84.1%', 'H15=84.1%', 'H16=84.1%']
  mean_sigmoid_q_halt: ['0.151', '0.189', '0.824', '0.914', '0.957', '0.977', '0.988', '0.988', '0.992', '0.992', '0.992', '0.992', '0.992', '0.992', '0.992', '0.992']
  halt_rates: ['0.00', '0.00', '0.82', '0.96', '0.99', '1.00', '1.00', '1.00', '1.00', '1.00', '1.00', '1.00', '1.00', '1.00', '1.00', '1.00']
  halt_histogram %: [72.6, 21.4, 3.5, 0.8, 0.3, 0.2, 0.1, 0.1, 0.1, 0.1, 0.0, 0.0, 0.0, 0.0, 0.0, 0.8]
  Avg ACT steps (last 100): 1.16
  eval_avg_halt_step: 1.03
  per_H_acc: ['H0=0.1%', 'H1=0.0%', 'H2=0.0%']
  H_cos: ['0.875', '0.898']
  z_H_delta: ['16.625', '4.500']
  cells: fixed=[44, 0] broken=[57, 44]
  per_ACT_cell_acc: ['H1=86.6%', 'H2=82.4%', 'H3=100.0%', 'H4=100.0%', 'H5=100.0%', 'H6=100.0%', 'H7=100.0%', 'H8=100.0%', 'H9=100.0%', 'H10=100.0%', 'H11=100.0%', 'H12=100.0%', 'H13=100.0%', 'H14=100.0%', 'H15=100.0%', 'H16=100.0%']
  per_ACT_puzzle_acc: ['H1=0.0%', 'H2=0.0%', 'H3=100.0%', 'H4=100.0%', 'H5=100.0%', 'H6=100.0%', 'H7=100.0%', 'H8=100.0%', 'H9=100.0%', 'H10=100.0%', 'H11=100.0%', 'H12=100.0%', 'H13=100.0%', 'H14=100.0%', 'H15=100.0%', 'H16=100.0%']
  mean_sigmoid_q_halt: ['0.151', '0.189', '0.992', '0.992', '0.992', '0.996', '0.996', '0.996', '0.996', '0.996', '0.996', '0.996', '0.996', '0.996', '0.996', '0.996']
  halt_rates: ['0.00', '0.00', '1.00', '1.00', '1.00', '1.00', '1.00', '1.00', '1.00', '1.00', '1.00', '1.00', '1.00', '1.00', '1.00', '1.00']
  halt_histogram %: [72.6, 21.4, 3.5, 0.8, 0.3, 0.2, 0.1, 0.1, 0.1, 0.1, 0.0, 0.0, 0.0, 0.0, 0.0, 0.8]
  Avg ACT steps (last 100): 1.16
  saved: /home/jvdillon/projects/sic/code/maze/ckpts/x10/step10500.pt acc=99.47% (0.054s)
Step 10500  Test 99.47% / 93.30% (halt: 99.46%/83.60%)  Train lm=0.6797±0.0835ϵ[0.6641,1.2578] n_halted=105.5860±18.7691ϵ[0.0000,122.0000]  TrainAcc 99.98%/99.60% (halt: 99.98%/99.30%)  (55.235s / 288.669s)
  n_active=128.0000±0.0000ϵ[128.0000,128.0000] n_expunged=0.0000±0.0000ϵ[0.0000,0.0000] pool_util=1.0000±0.0000ϵ[1.0000,1.0000] lip=326.2990±71.9703ϵ[24.7500,576.0000]
  path_valid=98.30%, exact_match=82.10%
  eval_avg_halt_step: 1.65
  per_H_acc: ['H0=15.2%', 'H1=18.0%', 'H2=0.0%']
  H_cos: ['0.361', '0.883']
  z_H_delta: ['29.000', '5.125']
  cells: fixed=[26786, 0] broken=[20963, 37657]
  per_ACT_cell_acc: ['H1=17.9%', 'H2=69.4%', 'H3=99.1%', 'H4=99.4%', 'H5=99.5%', 'H6=99.5%', 'H7=99.5%', 'H8=99.5%', 'H9=99.5%', 'H10=99.5%', 'H11=99.5%', 'H12=99.5%', 'H13=99.5%', 'H14=99.5%', 'H15=99.5%', 'H16=99.5%']
  per_ACT_puzzle_acc: ['H1=0.0%', 'H2=0.0%', 'H3=58.6%', 'H4=75.4%', 'H5=78.0%', 'H6=79.3%', 'H7=79.7%', 'H8=79.3%', 'H9=79.7%', 'H10=79.3%', 'H11=79.3%', 'H12=78.9%', 'H13=80.2%', 'H14=79.7%', 'H15=79.3%', 'H16=79.7%']
  mean_sigmoid_q_halt: ['0.289', '0.247', '0.645', '0.840', '0.926', '0.938', '0.930', '0.938', '0.938', '0.938', '0.941', '0.941', '0.945', '0.945', '0.941', '0.941']
  halt_rates: ['0.00', '0.00', '0.62', '0.87', '0.95', '0.95', '0.94', '0.95', '0.95', '0.95', '0.95', '0.95', '0.96', '0.96', '0.95', '0.95']
  halt_histogram %: [73.3, 21.0, 3.4, 0.8, 0.3, 0.2, 0.1, 0.1, 0.1, 0.0, 0.0, 0.0, 0.0, 0.0, 0.0, 0.8]
  Avg ACT steps (last 100): 1.15
  eval_avg_halt_step: 1.19
  per_H_acc: ['H0=15.2%', 'H1=17.6%', 'H2=0.0%']
  H_cos: ['0.361', '0.883']
  z_H_delta: ['29.000', '5.156']
  cells: fixed=[11796, 0] broken=[9565, 16479]
  per_ACT_cell_acc: ['H1=17.9%', 'H2=69.7%', 'H3=99.9%', 'H4=99.9%', 'H5=99.9%', 'H6=99.9%', 'H7=99.9%', 'H8=99.9%', 'H9=100.0%', 'H10=100.0%', 'H11=100.0%', 'H12=100.0%', 'H13=100.0%', 'H14=100.0%', 'H15=100.0%', 'H16=100.0%']
  per_ACT_puzzle_acc: ['H1=0.0%', 'H2=0.0%', 'H3=90.4%', 'H4=94.2%', 'H5=96.2%', 'H6=97.1%', 'H7=97.1%', 'H8=98.1%', 'H9=98.1%', 'H10=98.1%', 'H11=98.1%', 'H12=98.1%', 'H13=98.1%', 'H14=97.1%', 'H15=99.0%', 'H16=98.1%']
  mean_sigmoid_q_halt: ['0.287', '0.248', '0.895', '0.934', '0.957', '0.957', '0.949', '0.957', '0.953', '0.961', '0.957', '0.949', '0.949', '0.957', '0.957', '0.949']
  halt_rates: ['0.00', '0.00', '0.92', '0.96', '0.97', '0.97', '0.97', '0.97', '0.97', '0.98', '0.97', '0.96', '0.96', '0.97', '0.97', '0.96']
  halt_histogram %: [73.3, 21.0, 3.4, 0.8, 0.3, 0.2, 0.1, 0.1, 0.1, 0.0, 0.0, 0.0, 0.0, 0.0, 0.0, 0.8]
  Avg ACT steps (last 100): 1.15
  saved: /home/jvdillon/projects/sic/code/maze/ckpts/x10/step11000.pt acc=99.44% (0.055s)
Step 11000  Test 99.44% / 88.80% (halt: 99.43%/79.80%)  Train lm=0.6641±0.0013ϵ[0.6641,0.6719] n_halted=109.1960±7.7380ϵ[66.0000,121.0000]  TrainAcc 99.97%/97.30% (halt: 99.97%/96.80%)  (55.297s / 288.359s)
  n_active=128.0000±0.0000ϵ[128.0000,128.0000] n_expunged=0.0000±0.0000ϵ[0.0000,0.0000] pool_util=1.0000±0.0000ϵ[1.0000,1.0000] lip=338.1700±50.2852ϵ[197.0000,458.0000]
  path_valid=99.60%, exact_match=84.70%
  eval_avg_halt_step: 1.24
  per_H_acc: ['H0=19.7%', 'H1=8.0%', 'H2=0.0%']
  H_cos: ['0.586', '0.883']
  z_H_delta: ['24.750', '4.844']
  cells: fixed=[8552, 0] broken=[33143, 16600]
  per_ACT_cell_acc: ['H1=50.3%', 'H2=79.3%', 'H3=99.4%', 'H4=99.5%', 'H5=99.5%', 'H6=99.5%', 'H7=99.5%', 'H8=99.5%', 'H9=99.5%', 'H10=99.5%', 'H11=99.5%', 'H12=99.5%', 'H13=99.5%', 'H14=99.5%', 'H15=99.5%', 'H16=99.5%']
  per_ACT_puzzle_acc: ['H1=0.0%', 'H2=0.0%', 'H3=70.7%', 'H4=81.5%', 'H5=84.5%', 'H6=84.9%', 'H7=84.9%', 'H8=84.9%', 'H9=84.5%', 'H10=84.9%', 'H11=84.9%', 'H12=85.3%', 'H13=85.3%', 'H14=85.3%', 'H15=85.3%', 'H16=85.3%']
  mean_sigmoid_q_halt: ['0.217', '0.248', '0.801', '0.902', '0.957', '0.973', '0.980', '0.984', '0.984', '0.988', '0.988', '0.988', '0.988', '0.988', '0.988', '0.988']
  halt_rates: ['0.00', '0.00', '0.78', '0.91', '0.97', '0.98', '0.99', '0.99', '0.99', '0.99', '0.99', '0.99', '0.99', '0.99', '0.99', '0.99']
  halt_histogram %: [73.9, 20.6, 3.3, 0.7, 0.3, 0.1, 0.1, 0.1, 0.1, 0.0, 0.0, 0.0, 0.0, 0.0, 0.0, 0.7]
  Avg ACT steps (last 100): 1.13
  eval_avg_halt_step: 1.04
  per_H_acc: ['H0=19.5%', 'H1=7.6%', 'H2=0.0%']
  H_cos: ['0.590', '0.883']
  z_H_delta: ['24.625', '4.875']
  cells: fixed=[3702, 0] broken=[14812, 7130]
  per_ACT_cell_acc: ['H1=50.6%', 'H2=79.6%', 'H3=100.0%', 'H4=100.0%', 'H5=100.0%', 'H6=100.0%', 'H7=100.0%', 'H8=100.0%', 'H9=100.0%', 'H10=100.0%', 'H11=100.0%', 'H12=100.0%', 'H13=100.0%', 'H14=100.0%', 'H15=100.0%', 'H16=100.0%']
  per_ACT_puzzle_acc: ['H1=0.0%', 'H2=0.0%', 'H3=100.0%', 'H4=99.0%', 'H5=98.1%', 'H6=99.0%', 'H7=99.0%', 'H8=99.0%', 'H9=98.1%', 'H10=99.0%', 'H11=98.1%', 'H12=98.1%', 'H13=99.0%', 'H14=98.1%', 'H15=98.1%', 'H16=99.0%']
  mean_sigmoid_q_halt: ['0.216', '0.248', '0.992', '0.992', '0.988', '0.992', '0.984', '0.984', '0.980', '0.977', '0.977', '0.977', '0.984', '0.977', '0.977', '0.980']
  halt_rates: ['0.00', '0.00', '1.00', '1.00', '0.99', '1.00', '0.98', '0.99', '0.98', '0.98', '0.98', '0.98', '0.99', '0.98', '0.98', '0.98']
  halt_histogram %: [73.9, 20.6, 3.3, 0.7, 0.3, 0.1, 0.1, 0.1, 0.1, 0.0, 0.0, 0.0, 0.0, 0.0, 0.0, 0.7]
  Avg ACT steps (last 100): 1.13
  saved: /home/jvdillon/projects/sic/code/maze/ckpts/x10/step11500.pt acc=99.48% (0.055s)
Step 11500  Test 99.48% / 92.10% (halt: 99.46%/81.50%)  Train lm=0.6641±0.0015ϵ[0.6641,0.6758] n_halted=108.7060±7.6724ϵ[50.0000,122.0000]  TrainAcc 99.99%/99.40% (halt: 99.99%/98.80%)  (55.296s / 288.439s)
  n_active=128.0000±0.0000ϵ[128.0000,128.0000] n_expunged=0.0000±0.0000ϵ[0.0000,0.0000] pool_util=1.0000±0.0000ϵ[1.0000,1.0000] lip=296.3300±49.0803ϵ[192.0000,418.0000]
  path_valid=99.80%, exact_match=84.90%
  eval_avg_halt_step: 1.25
  per_H_acc: ['H0=37.2%', 'H1=0.5%', 'H2=0.0%']
  H_cos: ['0.312', '0.926']
  z_H_delta: ['28.000', '4.562']
  cells: fixed=[4, 0] broken=[76646, 944]
  per_ACT_cell_acc: ['H1=50.0%', 'H2=87.0%', 'H3=99.3%', 'H4=99.5%', 'H5=99.6%', 'H6=99.6%', 'H7=99.6%', 'H8=99.6%', 'H9=99.6%', 'H10=99.6%', 'H11=99.6%', 'H12=99.6%', 'H13=99.6%', 'H14=99.6%', 'H15=99.6%', 'H16=99.6%']
  per_ACT_puzzle_acc: ['H1=0.0%', 'H2=0.0%', 'H3=69.4%', 'H4=84.5%', 'H5=87.1%', 'H6=86.6%', 'H7=87.1%', 'H8=87.1%', 'H9=87.1%', 'H10=87.1%', 'H11=87.1%', 'H12=87.1%', 'H13=87.1%', 'H14=87.1%', 'H15=87.1%', 'H16=87.1%']
  mean_sigmoid_q_halt: ['0.301', '0.332', '0.742', '0.891', '0.918', '0.977', '0.984', '0.992', '0.992', '0.996', '0.996', '0.996', '0.996', '0.996', '0.996', '0.996']
  halt_rates: ['0.00', '0.00', '0.72', '0.97', '0.99', '1.00', '1.00', '1.00', '1.00', '1.00', '1.00', '1.00', '1.00', '1.00', '1.00', '1.00']
  halt_histogram %: [74.4, 20.3, 3.2, 0.7, 0.3, 0.1, 0.1, 0.1, 0.1, 0.0, 0.0, 0.0, 0.0, 0.0, 0.0, 0.7]
  Avg ACT steps (last 100): 1.16
  eval_avg_halt_step: 1.03
  per_H_acc: ['H0=37.1%', 'H1=0.4%', 'H2=0.0%']
  H_cos: ['0.312', '0.926']
  z_H_delta: ['28.000', '4.594']
  cells: fixed=[0, 0] broken=[34355, 396]
  per_ACT_cell_acc: ['H1=50.0%', 'H2=87.0%', 'H3=100.0%', 'H4=100.0%', 'H5=100.0%', 'H6=100.0%', 'H7=100.0%', 'H8=100.0%', 'H9=100.0%', 'H10=100.0%', 'H11=100.0%', 'H12=100.0%', 'H13=100.0%', 'H14=100.0%', 'H15=100.0%', 'H16=100.0%']
  per_ACT_puzzle_acc: ['H1=0.0%', 'H2=0.0%', 'H3=97.1%', 'H4=99.0%', 'H5=99.0%', 'H6=99.0%', 'H7=99.0%', 'H8=99.0%', 'H9=99.0%', 'H10=99.0%', 'H11=99.0%', 'H12=99.0%', 'H13=99.0%', 'H14=99.0%', 'H15=99.0%', 'H16=99.0%']
  mean_sigmoid_q_halt: ['0.297', '0.332', '0.973', '0.980', '0.988', '0.996', '0.996', '0.996', '0.996', '0.996', '0.996', '0.996', '0.996', '0.996', '0.996', '0.996']
  halt_rates: ['0.00', '0.00', '0.98', '1.00', '1.00', '1.00', '1.00', '1.00', '1.00', '1.00', '1.00', '1.00', '1.00', '1.00', '1.00', '1.00']
  halt_histogram %: [74.4, 20.3, 3.2, 0.7, 0.3, 0.1, 0.1, 0.1, 0.1, 0.0, 0.0, 0.0, 0.0, 0.0, 0.0, 0.7]
  Avg ACT steps (last 100): 1.16
  saved: /home/jvdillon/projects/sic/code/maze/ckpts/x10/step12000.pt acc=99.50% (0.058s)
  saved: /home/jvdillon/projects/sic/code/maze/ckpts/x10/best.pt acc=99.50% (0.139s)
Step 12000  Test 99.50% / 93.40% (halt: 99.49%/83.20%)  Train lm=0.6641±0.0012ϵ[0.6641,0.6719] n_halted=108.4940±7.0220ϵ[62.0000,121.0000]  TrainAcc 99.98%/99.10% (halt: 99.98%/99.00%)  (55.416s / 288.770s)
  n_active=128.0000±0.0000ϵ[128.0000,128.0000] n_expunged=0.0000±0.0000ϵ[0.0000,0.0000] pool_util=1.0000±0.0000ϵ[1.0000,1.0000] lip=321.0080±56.4549ϵ[181.0000,428.0000]
  path_valid=99.80%, exact_match=84.80%
  eval_avg_halt_step: 1.19
  per_H_acc: ['H0=36.1%', 'H1=11.5%', 'H2=0.0%']
  H_cos: ['0.867', '0.848']
  z_H_delta: ['16.875', '5.250']
  cells: fixed=[1063, 0] broken=[52456, 23952]
  per_ACT_cell_acc: ['H1=50.8%', 'H2=67.2%', 'H3=99.4%', 'H4=99.5%', 'H5=99.5%', 'H6=99.6%', 'H7=99.6%', 'H8=99.6%', 'H9=99.5%', 'H10=99.5%', 'H11=99.5%', 'H12=99.6%', 'H13=99.6%', 'H14=99.6%', 'H15=99.6%', 'H16=99.6%']
  per_ACT_puzzle_acc: ['H1=0.0%', 'H2=0.0%', 'H3=68.5%', 'H4=84.9%', 'H5=84.5%', 'H6=86.2%', 'H7=86.2%', 'H8=85.8%', 'H9=85.8%', 'H10=85.3%', 'H11=85.3%', 'H12=85.8%', 'H13=85.3%', 'H14=85.8%', 'H15=86.2%', 'H16=85.8%']
  mean_sigmoid_q_halt: ['0.338', '0.293', '0.832', '0.965', '0.980', '0.988', '0.992', '0.992', '0.988', '0.988', '0.992', '0.992', '0.992', '0.988', '0.992', '0.988']
  halt_rates: ['0.00', '0.00', '0.81', '0.98', '0.99', '1.00', '1.00', '1.00', '1.00', '1.00', '1.00', '1.00', '1.00', '1.00', '1.00', '1.00']
  halt_histogram %: [75.0, 19.8, 3.1, 0.7, 0.3, 0.1, 0.1, 0.1, 0.1, 0.0, 0.0, 0.0, 0.0, 0.0, 0.0, 0.7]
  Avg ACT steps (last 100): 1.17
  eval_avg_halt_step: 1.03
  per_H_acc: ['H0=36.0%', 'H1=11.3%', 'H2=0.0%']
  H_cos: ['0.867', '0.848']
  z_H_delta: ['16.875', '5.281']
  cells: fixed=[436, 0] broken=[23613, 10556]
  per_ACT_cell_acc: ['H1=50.9%', 'H2=67.2%', 'H3=100.0%', 'H4=100.0%', 'H5=100.0%', 'H6=100.0%', 'H7=100.0%', 'H8=100.0%', 'H9=100.0%', 'H10=100.0%', 'H11=100.0%', 'H12=100.0%', 'H13=100.0%', 'H14=100.0%', 'H15=100.0%', 'H16=100.0%']
  per_ACT_puzzle_acc: ['H1=0.0%', 'H2=0.0%', 'H3=98.1%', 'H4=99.0%', 'H5=100.0%', 'H6=100.0%', 'H7=100.0%', 'H8=100.0%', 'H9=100.0%', 'H10=100.0%', 'H11=100.0%', 'H12=100.0%', 'H13=100.0%', 'H14=100.0%', 'H15=100.0%', 'H16=100.0%']
  mean_sigmoid_q_halt: ['0.338', '0.295', '0.980', '0.984', '0.992', '0.992', '0.992', '0.992', '0.992', '0.992', '0.992', '0.992', '0.992', '0.992', '0.992', '0.992']
  halt_rates: ['0.00', '0.00', '0.98', '0.99', '1.00', '1.00', '1.00', '1.00', '1.00', '1.00', '1.00', '1.00', '1.00', '1.00', '1.00', '1.00']
  halt_histogram %: [75.0, 19.8, 3.1, 0.7, 0.3, 0.1, 0.1, 0.1, 0.1, 0.0, 0.0, 0.0, 0.0, 0.0, 0.0, 0.7]
  Avg ACT steps (last 100): 1.17
  saved: /home/jvdillon/projects/sic/code/maze/ckpts/x10/step12500.pt acc=99.49% (0.056s)
Step 12500  Test 99.49% / 92.30% (halt: 99.43%/78.20%)  Train lm=0.6641±0.0025ϵ[0.6602,0.6914] n_halted=109.4380±8.5374ϵ[55.0000,125.0000]  TrainAcc 99.99%/99.60% (halt: 99.98%/98.90%)  (55.377s / 288.780s)
  n_active=128.0000±0.0000ϵ[128.0000,128.0000] n_expunged=0.0000±0.0000ϵ[0.0000,0.0000] pool_util=1.0000±0.0000ϵ[1.0000,1.0000] lip=367.4700±64.6197ϵ[220.0000,474.0000]
  path_valid=99.00%, exact_match=82.10%
  eval_avg_halt_step: 1.45
  per_H_acc: ['H0=32.0%', 'H1=0.0%', 'H2=0.0%']
  H_cos: ['0.684', '0.949']
  z_H_delta: ['14.625', '3.234']
  cells: fixed=[1, 0] broken=[66717, 5]
  per_ACT_cell_acc: ['H1=54.2%', 'H2=87.8%', 'H3=99.1%', 'H4=99.4%', 'H5=99.4%', 'H6=99.4%', 'H7=99.4%', 'H8=99.4%', 'H9=99.4%', 'H10=99.4%', 'H11=99.4%', 'H12=99.4%', 'H13=99.4%', 'H14=99.4%', 'H15=99.4%', 'H16=99.4%']
  per_ACT_puzzle_acc: ['H1=0.0%', 'H2=0.0%', 'H3=56.9%', 'H4=79.3%', 'H5=80.6%', 'H6=81.0%', 'H7=81.5%', 'H8=82.3%', 'H9=82.8%', 'H10=81.9%', 'H11=81.9%', 'H12=81.9%', 'H13=82.3%', 'H14=82.3%', 'H15=82.8%', 'H16=82.8%']
  mean_sigmoid_q_halt: ['0.867', '0.477', '0.625', '0.898', '0.895', '0.938', '0.969', '0.973', '0.973', '0.973', '0.969', '0.969', '0.969', '0.965', '0.965', '0.961']
  halt_rates: ['1.00', '0.30', '0.59', '0.97', '0.98', '0.99', '1.00', '1.00', '1.00', '1.00', '1.00', '1.00', '1.00', '1.00', '1.00', '1.00']
  halt_histogram %: [75.4, 19.5, 3.0, 0.7, 0.2, 0.1, 0.1, 0.1, 0.1, 0.0, 0.0, 0.0, 0.0, 0.0, 0.0, 0.6]
  Avg ACT steps (last 100): 1.23
  eval_avg_halt_step: 1.11
  per_H_acc: ['H0=31.9%', 'H1=0.0%', 'H2=0.0%']
  H_cos: ['0.684', '0.945']
  z_H_delta: ['14.625', '3.266']
  cells: fixed=[1, 0] broken=[29883, 3]
  per_ACT_cell_acc: ['H1=54.2%', 'H2=87.7%', 'H3=99.9%', 'H4=100.0%', 'H5=100.0%', 'H6=100.0%', 'H7=100.0%', 'H8=100.0%', 'H9=100.0%', 'H10=100.0%', 'H11=100.0%', 'H12=100.0%', 'H13=100.0%', 'H14=100.0%', 'H15=100.0%', 'H16=100.0%']
  per_ACT_puzzle_acc: ['H1=0.0%', 'H2=0.0%', 'H3=91.3%', 'H4=100.0%', 'H5=100.0%', 'H6=100.0%', 'H7=100.0%', 'H8=100.0%', 'H9=100.0%', 'H10=100.0%', 'H11=100.0%', 'H12=100.0%', 'H13=100.0%', 'H14=100.0%', 'H15=100.0%', 'H16=100.0%']
  mean_sigmoid_q_halt: ['0.863', '0.467', '0.898', '0.902', '0.941', '0.973', '0.977', '0.977', '0.977', '0.977', '0.973', '0.973', '0.969', '0.969', '0.965', '0.965']
  halt_rates: ['1.00', '0.24', '0.92', '1.00', '1.00', '1.00', '1.00', '1.00', '1.00', '1.00', '1.00', '1.00', '1.00', '1.00', '1.00', '1.00']
  halt_histogram %: [75.4, 19.5, 3.0, 0.7, 0.2, 0.1, 0.1, 0.1, 0.1, 0.0, 0.0, 0.0, 0.0, 0.0, 0.0, 0.6]
  Avg ACT steps (last 100): 1.23
  saved: /home/jvdillon/projects/sic/code/maze/ckpts/x10/step13000.pt acc=99.40% (0.057s)
Step 13000  Test 99.40% / 90.00% (halt: 99.39%/79.20%)  Train lm=0.6641±0.0038ϵ[0.6641,0.7305] n_halted=108.7720±10.9070ϵ[2.0000,121.0000]  TrainAcc 99.98%/98.70% (halt: 99.98%/96.90%)  (55.384s / 288.819s)
  n_active=128.0000±0.0000ϵ[128.0000,128.0000] n_expunged=0.0000±0.0000ϵ[0.0000,0.0000] pool_util=1.0000±0.0000ϵ[1.0000,1.0000] lip=379.3620±49.4890ϵ[238.0000,516.0000]
  path_valid=98.50%, exact_match=77.90%
  eval_avg_halt_step: 1.23
  per_H_acc: ['H0=37.2%', 'H1=0.0%', 'H2=0.0%']
  H_cos: ['0.555', '0.957']
  z_H_delta: ['17.500', '3.031']
  cells: fixed=[0, 0] broken=[77666, 0]
  per_ACT_cell_acc: ['H1=50.1%', 'H2=90.8%', 'H3=99.4%', 'H4=99.5%', 'H5=99.5%', 'H6=99.5%', 'H7=99.5%', 'H8=99.5%', 'H9=99.5%', 'H10=99.5%', 'H11=99.5%', 'H12=99.5%', 'H13=99.5%', 'H14=99.5%', 'H15=99.5%', 'H16=99.5%']
  per_ACT_puzzle_acc: ['H1=0.0%', 'H2=0.0%', 'H3=70.7%', 'H4=82.3%', 'H5=83.6%', 'H6=83.6%', 'H7=83.2%', 'H8=82.3%', 'H9=81.0%', 'H10=80.2%', 'H11=79.3%', 'H12=79.7%', 'H13=79.3%', 'H14=80.6%', 'H15=81.0%', 'H16=80.6%']
  mean_sigmoid_q_halt: ['0.305', '0.340', '0.805', '0.949', '0.977', '0.977', '0.980', '0.980', '0.980', '0.980', '0.977', '0.973', '0.969', '0.973', '0.973', '0.973']
  halt_rates: ['0.00', '0.04', '0.78', '0.96', '0.99', '0.99', '0.99', '0.99', '0.99', '0.99', '0.99', '0.99', '0.98', '0.99', '0.98', '0.98']
  halt_histogram %: [75.9, 19.3, 2.9, 0.6, 0.2, 0.1, 0.1, 0.1, 0.1, 0.0, 0.0, 0.0, 0.0, 0.0, 0.0, 0.6]
  Avg ACT steps (last 100): 1.41
  eval_avg_halt_step: 1.03
  per_H_acc: ['H0=36.8%', 'H1=0.0%', 'H2=0.0%']
  H_cos: ['0.559', '0.953']
  z_H_delta: ['17.375', '3.062']
  cells: fixed=[0, 0] broken=[34475, 0]
  per_ACT_cell_acc: ['H1=50.3%', 'H2=90.5%', 'H3=99.9%', 'H4=100.0%', 'H5=100.0%', 'H6=100.0%', 'H7=100.0%', 'H8=100.0%', 'H9=100.0%', 'H10=100.0%', 'H11=100.0%', 'H12=100.0%', 'H13=100.0%', 'H14=100.0%', 'H15=100.0%', 'H16=100.0%']
  per_ACT_puzzle_acc: ['H1=0.0%', 'H2=0.0%', 'H3=96.2%', 'H4=98.1%', 'H5=99.0%', 'H6=96.2%', 'H7=96.2%', 'H8=96.2%', 'H9=94.2%', 'H10=91.3%', 'H11=92.3%', 'H12=92.3%', 'H13=92.3%', 'H14=95.2%', 'H15=93.3%', 'H16=92.3%']
  mean_sigmoid_q_halt: ['0.303', '0.354', '0.957', '0.980', '0.984', '0.988', '0.988', '0.984', '0.980', '0.973', '0.965', '0.973', '0.984', '0.980', '0.980', '0.980']
  halt_rates: ['0.00', '0.02', '0.96', '0.99', '0.99', '1.00', '1.00', '0.99', '0.99', '0.98', '0.97', '0.98', '1.00', '0.99', '1.00', '1.00']
  halt_histogram %: [75.9, 19.3, 2.9, 0.6, 0.2, 0.1, 0.1, 0.1, 0.1, 0.0, 0.0, 0.0, 0.0, 0.0, 0.0, 0.6]
  Avg ACT steps (last 100): 1.41
  saved: /home/jvdillon/projects/sic/code/maze/ckpts/x10/step13500.pt acc=99.45% (0.057s)
Step 13500  Test 99.45% / 87.20% (halt: 99.48%/83.90%)  Train lm=0.6641±0.0022ϵ[0.6641,0.6953] n_halted=109.1540±10.7285ϵ[12.0000,122.0000]  TrainAcc 99.95%/89.80% (halt: 99.97%/99.00%)  (55.361s / 288.929s)
  n_active=128.0000±0.0000ϵ[128.0000,128.0000] n_expunged=0.0000±0.0000ϵ[0.0000,0.0000] pool_util=1.0000±0.0000ϵ[1.0000,1.0000] lip=319.3480±35.4380ϵ[235.0000,470.0000]
  path_valid=99.80%, exact_match=83.40%
  eval_avg_halt_step: 1.34
  per_H_acc: ['H0=24.5%', 'H1=0.1%', 'H2=0.0%']
  H_cos: ['0.688', '0.922']
  z_H_delta: ['13.938', '3.625']
  cells: fixed=[43, 0] broken=[51083, 137]
  per_ACT_cell_acc: ['H1=50.4%', 'H2=87.4%', 'H3=99.2%', 'H4=99.4%', 'H5=99.4%', 'H6=99.4%', 'H7=99.5%', 'H8=99.5%', 'H9=99.5%', 'H10=99.5%', 'H11=99.5%', 'H12=99.5%', 'H13=99.5%', 'H14=99.5%', 'H15=99.5%', 'H16=99.5%']
  per_ACT_puzzle_acc: ['H1=0.0%', 'H2=0.0%', 'H3=63.4%', 'H4=81.5%', 'H5=81.9%', 'H6=82.3%', 'H7=82.8%', 'H8=82.8%', 'H9=82.8%', 'H10=82.8%', 'H11=82.8%', 'H12=82.8%', 'H13=82.8%', 'H14=82.8%', 'H15=82.8%', 'H16=82.8%']
  mean_sigmoid_q_halt: ['0.363', '0.287', '0.754', '0.918', '0.957', '0.969', '0.980', '0.980', '0.980', '0.980', '0.980', '0.984', '0.984', '0.984', '0.988', '0.984']
  halt_rates: ['0.05', '0.00', '0.73', '0.97', '0.98', '0.99', '1.00', '0.99', '1.00', '1.00', '0.99', '1.00', '0.99', '1.00', '1.00', '1.00']
  halt_histogram %: [76.3, 18.9, 2.9, 0.6, 0.2, 0.1, 0.1, 0.1, 0.0, 0.0, 0.0, 0.0, 0.0, 0.0, 0.0, 0.6]
  Avg ACT steps (last 100): 1.13
  eval_avg_halt_step: 1.06
  per_H_acc: ['H0=23.5%', 'H1=0.0%', 'H2=0.0%']
  H_cos: ['0.691', '0.922']
  z_H_delta: ['13.750', '3.609']
  cells: fixed=[7, 0] broken=[22014, 28]
  per_ACT_cell_acc: ['H1=50.6%', 'H2=87.4%', 'H3=100.0%', 'H4=100.0%', 'H5=100.0%', 'H6=100.0%', 'H7=100.0%', 'H8=100.0%', 'H9=100.0%', 'H10=100.0%', 'H11=100.0%', 'H12=100.0%', 'H13=100.0%', 'H14=100.0%', 'H15=100.0%', 'H16=100.0%']
  per_ACT_puzzle_acc: ['H1=0.0%', 'H2=0.0%', 'H3=97.1%', 'H4=98.1%', 'H5=98.1%', 'H6=98.1%', 'H7=98.1%', 'H8=98.1%', 'H9=98.1%', 'H10=98.1%', 'H11=98.1%', 'H12=98.1%', 'H13=98.1%', 'H14=98.1%', 'H15=98.1%', 'H16=98.1%']
  mean_sigmoid_q_halt: ['0.365', '0.293', '0.961', '0.977', '0.984', '0.988', '0.988', '0.988', '0.988', '0.988', '0.988', '0.988', '0.988', '0.988', '0.988', '0.988']
  halt_rates: ['0.08', '0.00', '0.96', '1.00', '1.00', '1.00', '1.00', '1.00', '1.00', '1.00', '1.00', '1.00', '1.00', '1.00', '1.00', '1.00']
  halt_histogram %: [76.3, 18.9, 2.9, 0.6, 0.2, 0.1, 0.1, 0.1, 0.0, 0.0, 0.0, 0.0, 0.0, 0.0, 0.0, 0.6]
  Avg ACT steps (last 100): 1.13
  saved: /home/jvdillon/projects/sic/code/maze/ckpts/x10/step14000.pt acc=99.47% (0.056s)
Step 14000  Test 99.47% / 90.50% (halt: 99.47%/82.60%)  Train lm=0.6641±0.0015ϵ[0.6602,0.6758] n_halted=110.9740±7.2143ϵ[45.0000,122.0000]  TrainAcc 99.97%/98.20% (halt: 99.97%/97.90%)  (55.351s / 289.097s)
  n_active=128.0000±0.0000ϵ[128.0000,128.0000] n_expunged=0.0000±0.0000ϵ[0.0000,0.0000] pool_util=1.0000±0.0000ϵ[1.0000,1.0000] lip=354.9760±47.6713ϵ[230.0000,464.0000]
  path_valid=99.40%, exact_match=83.00%
  eval_avg_halt_step: 1.18
  per_H_acc: ['H0=0.1%', 'H1=0.0%', 'H2=0.0%']
  H_cos: ['0.918', '0.988']
  z_H_delta: ['4.812', '1.492']
  cells: fixed=[0, 0] broken=[184, 0]
  per_ACT_cell_acc: ['H1=87.2%', 'H2=97.4%', 'H3=99.5%', 'H4=99.6%', 'H5=99.6%', 'H6=99.6%', 'H7=99.6%', 'H8=99.6%', 'H9=99.6%', 'H10=99.6%', 'H11=99.6%', 'H12=99.6%', 'H13=99.6%', 'H14=99.6%', 'H15=99.6%', 'H16=99.6%']
  per_ACT_puzzle_acc: ['H1=0.0%', 'H2=3.4%', 'H3=80.6%', 'H4=85.8%', 'H5=86.6%', 'H6=86.6%', 'H7=86.6%', 'H8=86.2%', 'H9=86.2%', 'H10=86.2%', 'H11=86.2%', 'H12=86.2%', 'H13=86.2%', 'H14=86.2%', 'H15=86.2%', 'H16=86.2%']
  mean_sigmoid_q_halt: ['0.273', '0.115', '0.824', '0.938', '0.961', '0.969', '0.969', '0.969', '0.969', '0.969', '0.969', '0.973', '0.973', '0.973', '0.973', '0.973']
  halt_rates: ['0.00', '0.01', '0.83', '0.97', '0.99', '0.99', '0.99', '0.99', '0.99', '0.99', '0.99', '0.99', '0.99', '0.99', '0.99', '0.99']
  halt_histogram %: [76.7, 18.7, 2.8, 0.6, 0.2, 0.1, 0.1, 0.1, 0.0, 0.0, 0.0, 0.0, 0.0, 0.0, 0.0, 0.6]
  Avg ACT steps (last 100): 1.27
  eval_avg_halt_step: 1.02
  per_H_acc: ['H0=0.1%', 'H1=0.0%', 'H2=0.0%']
  H_cos: ['0.918', '0.992']
  z_H_delta: ['4.844', '1.461']
  cells: fixed=[0, 0] broken=[62, 0]
  per_ACT_cell_acc: ['H1=87.2%', 'H2=98.2%', 'H3=100.0%', 'H4=100.0%', 'H5=100.0%', 'H6=100.0%', 'H7=100.0%', 'H8=100.0%', 'H9=100.0%', 'H10=100.0%', 'H11=100.0%', 'H12=100.0%', 'H13=100.0%', 'H14=100.0%', 'H15=100.0%', 'H16=100.0%']
  per_ACT_puzzle_acc: ['H1=0.0%', 'H2=4.8%', 'H3=99.0%', 'H4=99.0%', 'H5=99.0%', 'H6=99.0%', 'H7=99.0%', 'H8=99.0%', 'H9=99.0%', 'H10=99.0%', 'H11=99.0%', 'H12=98.1%', 'H13=98.1%', 'H14=98.1%', 'H15=98.1%', 'H16=98.1%']
  mean_sigmoid_q_halt: ['0.273', '0.125', '0.984', '0.969', '0.977', '0.977', '0.980', '0.980', '0.980', '0.980', '0.980', '0.980', '0.980', '0.980', '0.980', '0.980']
  halt_rates: ['0.00', '0.01', '1.00', '1.00', '1.00', '1.00', '1.00', '1.00', '1.00', '1.00', '1.00', '1.00', '1.00', '1.00', '1.00', '1.00']
  halt_histogram %: [76.7, 18.7, 2.8, 0.6, 0.2, 0.1, 0.1, 0.1, 0.0, 0.0, 0.0, 0.0, 0.0, 0.0, 0.0, 0.6]
  Avg ACT steps (last 100): 1.27
  saved: /home/jvdillon/projects/sic/code/maze/ckpts/x10/step14500.pt acc=99.41% (0.057s)
Step 14500  Test 99.41% / 90.10% (halt: 99.41%/84.00%)  Train lm=0.6641±0.0146ϵ[0.6602,0.9805] n_halted=109.5740±10.0997ϵ[16.0000,124.0000]  TrainAcc 99.98%/98.20% (halt: 99.98%/99.00%)  (55.344s / 288.817s)
  n_active=128.0000±0.0000ϵ[128.0000,128.0000] n_expunged=0.0000±0.0000ϵ[0.0000,0.0000] pool_util=1.0000±0.0000ϵ[1.0000,1.0000] lip=373.5540±39.5982ϵ[245.0000,488.0000]
  path_valid=99.50%, exact_match=84.60%
  eval_avg_halt_step: 1.44
  per_H_acc: ['H0=29.8%', 'H1=11.9%', 'H2=0.0%']
  H_cos: ['0.844', '0.867']
  z_H_delta: ['13.125', '4.500']
  cells: fixed=[8914, 0] broken=[46375, 24851]
  per_ACT_cell_acc: ['H1=54.9%', 'H2=75.4%', 'H3=99.2%', 'H4=99.4%', 'H5=99.4%', 'H6=99.4%', 'H7=99.4%', 'H8=99.4%', 'H9=99.4%', 'H10=99.4%', 'H11=99.4%', 'H12=99.4%', 'H13=99.4%', 'H14=99.4%', 'H15=99.4%', 'H16=99.4%']
  per_ACT_puzzle_acc: ['H1=0.0%', 'H2=0.0%', 'H3=57.3%', 'H4=81.0%', 'H5=81.9%', 'H6=81.5%', 'H7=82.8%', 'H8=82.3%', 'H9=82.8%', 'H10=82.3%', 'H11=82.8%', 'H12=82.8%', 'H13=82.3%', 'H14=82.3%', 'H15=82.8%', 'H16=82.8%']
  mean_sigmoid_q_halt: ['0.309', '0.264', '0.664', '0.910', '0.961', '0.973', '0.980', '0.984', '0.984', '0.980', '0.988', '0.984', '0.980', '0.980', '0.984', '0.984']
  halt_rates: ['0.00', '0.00', '0.63', '0.96', '0.99', '0.98', '0.99', '0.99', '0.99', '0.98', '0.99', '0.99', '0.99', '0.99', '0.99', '0.99']
  halt_histogram %: [77.1, 18.4, 2.7, 0.6, 0.2, 0.1, 0.1, 0.1, 0.0, 0.0, 0.0, 0.0, 0.0, 0.0, 0.0, 0.5]
  Avg ACT steps (last 100): 1.08
  eval_avg_halt_step: 1.09
  per_H_acc: ['H0=29.7%', 'H1=12.6%', 'H2=0.0%']
  H_cos: ['0.848', '0.867']
  z_H_delta: ['13.062', '4.562']
  cells: fixed=[4037, 0] broken=[20101, 11747]
  per_ACT_cell_acc: ['H1=55.0%', 'H2=74.7%', 'H3=99.9%', 'H4=100.0%', 'H5=100.0%', 'H6=100.0%', 'H7=100.0%', 'H8=100.0%', 'H9=100.0%', 'H10=100.0%', 'H11=100.0%', 'H12=100.0%', 'H13=100.0%', 'H14=100.0%', 'H15=100.0%', 'H16=100.0%']
  per_ACT_puzzle_acc: ['H1=0.0%', 'H2=0.0%', 'H3=94.2%', 'H4=99.0%', 'H5=98.1%', 'H6=98.1%', 'H7=98.1%', 'H8=97.1%', 'H9=98.1%', 'H10=97.1%', 'H11=97.1%', 'H12=98.1%', 'H13=98.1%', 'H14=96.2%', 'H15=98.1%', 'H16=98.1%']
  mean_sigmoid_q_halt: ['0.309', '0.264', '0.914', '0.977', '0.984', '0.984', '0.992', '0.992', '0.996', '0.992', '0.996', '0.996', '0.996', '0.988', '0.996', '0.996']
  halt_rates: ['0.00', '0.00', '0.90', '1.00', '0.99', '0.99', '1.00', '1.00', '1.00', '1.00', '1.00', '1.00', '1.00', '0.99', '1.00', '1.00']
  halt_histogram %: [77.1, 18.4, 2.7, 0.6, 0.2, 0.1, 0.1, 0.1, 0.0, 0.0, 0.0, 0.0, 0.0, 0.0, 0.0, 0.5]
  Avg ACT steps (last 100): 1.08
  saved: /home/jvdillon/projects/sic/code/maze/ckpts/x10/step15000.pt acc=99.47% (0.055s)
Step 15000  Test 99.47% / 89.00% (halt: 99.44%/81.40%)  Train lm=0.6641±0.0020ϵ[0.6602,0.6992] n_halted=110.7480±7.2775ϵ[49.0000,124.0000]  TrainAcc 99.98%/99.20% (halt: 99.98%/98.50%)  (55.360s / 288.783s)
  n_active=128.0000±0.0000ϵ[128.0000,128.0000] n_expunged=0.0000±0.0000ϵ[0.0000,0.0000] pool_util=1.0000±0.0000ϵ[1.0000,1.0000] lip=367.1360±43.1934ϵ[256.0000,452.0000]
  path_valid=99.30%, exact_match=82.40%
  eval_avg_halt_step: 1.22
  per_H_acc: ['H0=37.2%', 'H1=0.0%', 'H2=0.0%']
  H_cos: ['0.801', '0.992']
  z_H_delta: ['5.219', '1.242']
  cells: fixed=[0, 0] broken=[77666, 0]
  per_ACT_cell_acc: ['H1=50.1%', 'H2=98.2%', 'H3=99.3%', 'H4=99.3%', 'H5=99.3%', 'H6=99.3%', 'H7=99.3%', 'H8=99.3%', 'H9=99.3%', 'H10=99.3%', 'H11=99.3%', 'H12=99.3%', 'H13=99.3%', 'H14=99.3%', 'H15=99.3%', 'H16=99.3%']
  per_ACT_puzzle_acc: ['H1=0.0%', 'H2=12.5%', 'H3=78.0%', 'H4=79.7%', 'H5=79.7%', 'H6=80.6%', 'H7=80.6%', 'H8=80.2%', 'H9=80.2%', 'H10=80.2%', 'H11=80.6%', 'H12=80.6%', 'H13=80.2%', 'H14=80.2%', 'H15=80.2%', 'H16=80.2%']
  mean_sigmoid_q_halt: ['0.270', '0.318', '0.902', '0.961', '0.977', '0.977', '0.977', '0.980', '0.980', '0.980', '0.980', '0.977', '0.977', '0.977', '0.977', '0.977']
  halt_rates: ['0.00', '0.19', '0.90', '0.96', '0.98', '0.98', '0.98', '0.98', '0.99', '0.99', '0.98', '0.98', '0.99', '0.98', '0.98', '0.98']
  halt_histogram %: [77.3, 18.3, 2.7, 0.6, 0.2, 0.1, 0.1, 0.1, 0.0, 0.0, 0.0, 0.0, 0.0, 0.0, 0.0, 0.5]
  Avg ACT steps (last 100): 1.30
  eval_avg_halt_step: 1.02
  per_H_acc: ['H0=36.7%', 'H1=0.0%', 'H2=0.0%']
  H_cos: ['0.801', '0.996']
  z_H_delta: ['5.250', '1.211']
  cells: fixed=[0, 0] broken=[34327, 0]
  per_ACT_cell_acc: ['H1=50.6%', 'H2=99.3%', 'H3=100.0%', 'H4=100.0%', 'H5=100.0%', 'H6=100.0%', 'H7=100.0%', 'H8=100.0%', 'H9=100.0%', 'H10=100.0%', 'H11=100.0%', 'H12=100.0%', 'H13=100.0%', 'H14=100.0%', 'H15=100.0%', 'H16=100.0%']
  per_ACT_puzzle_acc: ['H1=0.0%', 'H2=23.1%', 'H3=100.0%', 'H4=100.0%', 'H5=99.0%', 'H6=100.0%', 'H7=99.0%', 'H8=99.0%', 'H9=100.0%', 'H10=99.0%', 'H11=99.0%', 'H12=99.0%', 'H13=99.0%', 'H14=99.0%', 'H15=99.0%', 'H16=99.0%']
  mean_sigmoid_q_halt: ['0.270', '0.434', '0.996', '0.992', '0.988', '0.996', '0.992', '0.988', '0.992', '0.988', '0.988', '0.988', '0.984', '0.984', '0.980', '0.980']
  halt_rates: ['0.00', '0.37', '1.00', '1.00', '0.99', '1.00', '0.99', '0.99', '0.99', '0.99', '0.99', '0.99', '0.99', '0.99', '0.99', '0.98']
  halt_histogram %: [77.3, 18.3, 2.7, 0.6, 0.2, 0.1, 0.1, 0.1, 0.0, 0.0, 0.0, 0.0, 0.0, 0.0, 0.0, 0.5]
  Avg ACT steps (last 100): 1.30
  saved: /home/jvdillon/projects/sic/code/maze/ckpts/x10/step15500.pt acc=99.41% (0.055s)
Step 15500  Test 99.41% / 88.20% (halt: 99.41%/83.00%)  Train lm=0.6641±0.0024ϵ[0.6641,0.6953] n_halted=108.3820±10.6312ϵ[39.0000,122.0000]  TrainAcc 99.98%/98.90% (halt: 99.98%/99.30%)  (55.364s / 288.949s)
  n_active=128.0000±0.0000ϵ[128.0000,128.0000] n_expunged=0.0000±0.0000ϵ[0.0000,0.0000] pool_util=1.0000±0.0000ϵ[1.0000,1.0000] lip=357.8240±34.4200ϵ[274.0000,496.0000]
  path_valid=99.90%, exact_match=85.70%
  eval_avg_halt_step: 1.16
  per_H_acc: ['H0=37.2%', 'H1=32.7%', 'H2=0.0%']
  H_cos: ['0.746', '0.855']
  z_H_delta: ['16.250', '4.594']
  cells: fixed=[0, 0] broken=[9324, 68342]
  per_ACT_cell_acc: ['H1=50.1%', 'H2=54.6%', 'H3=99.3%', 'H4=99.5%', 'H5=99.5%', 'H6=99.5%', 'H7=99.5%', 'H8=99.5%', 'H9=99.5%', 'H10=99.5%', 'H11=99.5%', 'H12=99.5%', 'H13=99.5%', 'H14=99.5%', 'H15=99.5%', 'H16=99.5%']
  per_ACT_puzzle_acc: ['H1=0.0%', 'H2=0.0%', 'H3=71.1%', 'H4=82.8%', 'H5=83.2%', 'H6=83.2%', 'H7=83.2%', 'H8=83.2%', 'H9=83.2%', 'H10=83.2%', 'H11=83.2%', 'H12=83.2%', 'H13=83.2%', 'H14=83.2%', 'H15=83.2%', 'H16=83.2%']
  mean_sigmoid_q_halt: ['0.879', '0.266', '0.844', '0.957', '0.980', '0.988', '0.992', '0.992', '0.992', '0.992', '0.992', '0.992', '0.992', '0.992', '0.992', '0.992']
  halt_rates: ['1.00', '0.00', '0.82', '0.99', '1.00', '1.00', '1.00', '1.00', '1.00', '1.00', '1.00', '1.00', '1.00', '1.00', '1.00', '1.00']
  halt_histogram %: [77.6, 18.1, 2.6, 0.5, 0.2, 0.1, 0.1, 0.0, 0.0, 0.0, 0.0, 0.0, 0.0, 0.0, 0.0, 0.5]
  Avg ACT steps (last 100): 1.20
  eval_avg_halt_step: 1.01
  per_H_acc: ['H0=37.2%', 'H1=32.5%', 'H2=0.0%']
  H_cos: ['0.750', '0.855']
  z_H_delta: ['16.125', '4.594']
  cells: fixed=[0, 0] broken=[4353, 30428]
  per_ACT_cell_acc: ['H1=50.1%', 'H2=54.7%', 'H3=100.0%', 'H4=100.0%', 'H5=100.0%', 'H6=100.0%', 'H7=100.0%', 'H8=100.0%', 'H9=100.0%', 'H10=100.0%', 'H11=100.0%', 'H12=100.0%', 'H13=100.0%', 'H14=100.0%', 'H15=100.0%', 'H16=100.0%']
  per_ACT_puzzle_acc: ['H1=0.0%', 'H2=0.0%', 'H3=97.1%', 'H4=100.0%', 'H5=100.0%', 'H6=100.0%', 'H7=100.0%', 'H8=100.0%', 'H9=100.0%', 'H10=100.0%', 'H11=100.0%', 'H12=100.0%', 'H13=100.0%', 'H14=100.0%', 'H15=100.0%', 'H16=100.0%']
  mean_sigmoid_q_halt: ['0.879', '0.264', '0.977', '0.988', '0.992', '0.992', '0.992', '0.992', '0.992', '0.992', '0.992', '0.992', '0.992', '0.988', '0.988', '0.988']
  halt_rates: ['1.00', '0.00', '0.98', '1.00', '1.00', '1.00', '1.00', '1.00', '1.00', '1.00', '1.00', '1.00', '1.00', '1.00', '1.00', '1.00']
  halt_histogram %: [77.6, 18.1, 2.6, 0.5, 0.2, 0.1, 0.1, 0.0, 0.0, 0.0, 0.0, 0.0, 0.0, 0.0, 0.0, 0.5]
  Avg ACT steps (last 100): 1.20
  saved: /home/jvdillon/projects/sic/code/maze/ckpts/x10/step16000.pt acc=99.50% (0.056s)
Step 16000  Test 99.50% / 91.60% (halt: 99.49%/83.30%)  Train lm=0.6680±0.0299ϵ[0.6641,1.1641] n_halted=109.2500±9.2714ϵ[6.0000,124.0000]  TrainAcc 100.00%/99.70% (halt: 100.00%/99.60%)  (55.378s / 288.781s)
  n_active=128.0000±0.0000ϵ[128.0000,128.0000] n_expunged=0.0000±0.0000ϵ[0.0000,0.0000] pool_util=1.0000±0.0000ϵ[1.0000,1.0000] lip=330.4820±65.6701ϵ[191.0000,460.0000]
