Adam params: ('embed_tokens.weight', 'head.weight', 'head.bias', 'q_head.weight', 'q_head.bias', 'puzzle_id_embed.weight')
Muon 2D params: ('reasoning.0.attn.o_proj.weight', 'reasoning.0.mlp.up_proj.weight', 'reasoning.0.mlp.down_proj.weight', 'reasoning.1.attn.o_proj.weight', 'reasoning.1.mlp.up_proj.weight', 'reasoning.1.mlp.down_proj.weight')
Muon 3D params (ensemble_dims=1): ('reasoning.0.attn.qkv_proj.weight', 'reasoning.1.attn.qkv_proj.weight')
Saved step 0 checkpoint with RNG: /home/jvdillon/projects/sic/code/maze/ckpts/x11/step00000_rng.pt
  path_valid=0.00%, exact_match=0.00%
  eval_avg_halt_step: 16.00
  per_H_acc: ['H0=0.0%', 'H1=0.0%', 'H2=0.0%']
  H_cos: ['0.785', '0.922']
  z_H_delta: ['15.938', '8.312']
  cells: fixed=[0, 0] broken=[0, 0]
  per_ACT_cell_acc: ['H1=87.3%', 'H2=87.5%', 'H3=87.3%', 'H4=87.2%', 'H5=87.6%', 'H6=87.6%', 'H7=87.6%', 'H8=87.7%', 'H9=87.8%', 'H10=87.8%', 'H11=87.8%', 'H12=87.8%', 'H13=87.8%', 'H14=87.8%', 'H15=87.8%', 'H16=87.8%']
  per_ACT_puzzle_acc: ['H1=0.0%', 'H2=0.0%', 'H3=0.0%', 'H4=0.0%', 'H5=0.0%', 'H6=0.0%', 'H7=0.0%', 'H8=0.0%', 'H9=0.0%', 'H10=0.0%', 'H11=0.0%', 'H12=0.0%', 'H13=0.0%', 'H14=0.0%', 'H15=0.0%', 'H16=0.0%']
  mean_sigmoid_q_halt: ['0.000', '0.000', '0.000', '0.000', '0.000', '0.000', '0.000', '0.000', '0.000', '0.000', '0.000', '0.000', '0.000', '0.000', '0.000', '0.000']
  halt_rates: ['0.00', '0.00', '0.00', '0.00', '0.00', '0.00', '0.00', '0.00', '0.00', '0.00', '0.00', '0.00', '0.00', '0.00', '0.00', '0.00']
  halt_histogram %: [0.0, 0.0, 0.0, 0.0, 0.0, 0.0, 0.0, 0.0, 0.0, 0.0, 0.0, 0.0, 0.0, 0.0, 0.0, 100.0]
  Avg ACT steps (last 100): 16.00
  eval_avg_halt_step: 16.00
  per_H_acc: ['H0=0.0%', 'H1=0.0%', 'H2=0.0%']
  H_cos: ['0.785', '0.922']
  z_H_delta: ['15.938', '8.312']
  cells: fixed=[0, 0] broken=[0, 0]
  per_ACT_cell_acc: ['H1=87.3%', 'H2=87.5%', 'H3=87.3%', 'H4=87.3%', 'H5=87.6%', 'H6=87.6%', 'H7=87.7%', 'H8=87.8%', 'H9=87.8%', 'H10=87.9%', 'H11=87.9%', 'H12=87.9%', 'H13=87.9%', 'H14=87.9%', 'H15=87.9%', 'H16=87.9%']
  per_ACT_puzzle_acc: ['H1=0.0%', 'H2=0.0%', 'H3=0.0%', 'H4=0.0%', 'H5=0.0%', 'H6=0.0%', 'H7=0.0%', 'H8=0.0%', 'H9=0.0%', 'H10=0.0%', 'H11=0.0%', 'H12=0.0%', 'H13=0.0%', 'H14=0.0%', 'H15=0.0%', 'H16=0.0%']
  mean_sigmoid_q_halt: ['0.000', '0.000', '0.000', '0.000', '0.000', '0.000', '0.000', '0.000', '0.000', '0.000', '0.000', '0.000', '0.000', '0.000', '0.000', '0.000']
  halt_rates: ['0.00', '0.00', '0.00', '0.00', '0.00', '0.00', '0.00', '0.00', '0.00', '0.00', '0.00', '0.00', '0.00', '0.00', '0.00', '0.00']
  halt_histogram %: [0.0, 0.0, 0.0, 0.0, 0.0, 0.0, 0.0, 0.0, 0.0, 0.0, 0.0, 0.0, 0.0, 0.0, 0.0, 100.0]
  Avg ACT steps (last 100): 16.00
  saved: /home/jvdillon/projects/sic/code/maze/ckpts/x11/step00500.pt acc=87.83% (0.057s)
  saved: /home/jvdillon/projects/sic/code/maze/ckpts/x11/best.pt acc=87.83% (0.110s)
Step   500  Test 87.83% /  0.00% (halt: 87.83%/ 0.00%)  Train lm=0.8789±0.1279ϵ[0.8008,2.2031] n_halted=7.9360±30.8988ϵ[0.0000,128.0000]  TrainAcc 87.82%/ 0.00% (halt: 87.82%/ 0.00%)  (63.865s / 188.560s)
  n_active=128.0000±0.0000ϵ[128.0000,128.0000] n_expunged=0.0000±0.0000ϵ[0.0000,0.0000] pool_util=1.0000±0.0000ϵ[1.0000,1.0000]
  path_valid=4.40%, exact_match=0.20%
  eval_avg_halt_step: 16.00
  per_H_acc: ['H0=32.1%', 'H1=43.2%', 'H2=0.0%']
  H_cos: ['0.641', '0.773']
  z_H_delta: ['19.500', '10.062']
  cells: fixed=[90173, 0] broken=[66943, 90173]
  per_ACT_cell_acc: ['H1=55.2%', 'H2=44.3%', 'H3=86.3%', 'H4=88.5%', 'H5=90.6%', 'H6=91.9%', 'H7=92.4%', 'H8=93.0%', 'H9=93.5%', 'H10=93.8%', 'H11=94.1%', 'H12=94.3%', 'H13=94.6%', 'H14=94.7%', 'H15=94.8%', 'H16=94.9%']
  per_ACT_puzzle_acc: ['H1=0.0%', 'H2=0.0%', 'H3=0.0%', 'H4=0.0%', 'H5=0.0%', 'H6=0.0%', 'H7=0.0%', 'H8=0.0%', 'H9=0.0%', 'H10=0.0%', 'H11=0.0%', 'H12=0.0%', 'H13=0.4%', 'H14=0.4%', 'H15=0.4%', 'H16=0.4%']
  mean_sigmoid_q_halt: ['0.001', '0.000', '0.000', '0.000', '0.000', '0.000', '0.000', '0.001', '0.001', '0.000', '0.001', '0.002', '0.004', '0.004', '0.003', '0.002']
  halt_rates: ['0.00', '0.00', '0.00', '0.00', '0.00', '0.00', '0.00', '0.00', '0.00', '0.00', '0.00', '0.00', '0.00', '0.00', '0.00', '0.00']
  halt_histogram %: [0.0, 0.0, 0.0, 0.0, 0.0, 0.0, 0.0, 0.0, 0.0, 0.0, 0.0, 0.0, 0.0, 0.0, 0.0, 100.0]
  Avg ACT steps (last 100): 16.00
  eval_avg_halt_step: 16.00
  per_H_acc: ['H0=32.3%', 'H1=43.2%', 'H2=0.0%']
  H_cos: ['0.637', '0.773']
  z_H_delta: ['19.625', '10.062']
  cells: fixed=[40468, 0] broken=[30192, 40468]
  per_ACT_cell_acc: ['H1=55.0%', 'H2=44.3%', 'H3=86.5%', 'H4=88.7%', 'H5=90.7%', 'H6=92.1%', 'H7=92.7%', 'H8=93.3%', 'H9=93.8%', 'H10=94.0%', 'H11=94.3%', 'H12=94.6%', 'H13=94.8%', 'H14=94.9%', 'H15=94.9%', 'H16=94.9%']
  per_ACT_puzzle_acc: ['H1=0.0%', 'H2=0.0%', 'H3=0.0%', 'H4=0.0%', 'H5=0.0%', 'H6=0.0%', 'H7=0.0%', 'H8=0.0%', 'H9=0.0%', 'H10=0.0%', 'H11=0.0%', 'H12=0.0%', 'H13=0.0%', 'H14=0.0%', 'H15=0.0%', 'H16=1.0%']
  mean_sigmoid_q_halt: ['0.001', '0.000', '0.000', '0.000', '0.000', '0.000', '0.000', '0.001', '0.001', '0.000', '0.001', '0.002', '0.005', '0.005', '0.003', '0.002']
  halt_rates: ['0.00', '0.00', '0.00', '0.00', '0.00', '0.00', '0.00', '0.00', '0.00', '0.00', '0.00', '0.00', '0.00', '0.00', '0.00', '0.00']
  halt_histogram %: [0.0, 0.0, 0.0, 0.0, 0.0, 0.0, 0.0, 0.0, 0.0, 0.0, 0.0, 0.0, 0.0, 0.0, 0.0, 100.0]
  Avg ACT steps (last 100): 16.00
  saved: /home/jvdillon/projects/sic/code/maze/ckpts/x11/step01000.pt acc=94.86% (0.058s)
  saved: /home/jvdillon/projects/sic/code/maze/ckpts/x11/best.pt acc=94.86% (0.138s)
Step  1000  Test 94.86% /  0.90% (halt: 94.86%/ 0.20%)  Train lm=0.7969±0.0527ϵ[0.7070,1.1797] n_halted=7.9360±30.8988ϵ[0.0000,128.0000]  TrainAcc 95.02%/ 0.40% (halt: 95.02%/ 0.40%)  (54.998s / 180.144s)
  n_active=128.0000±0.0000ϵ[128.0000,128.0000] n_expunged=0.0000±0.0000ϵ[0.0000,0.0000] pool_util=1.0000±0.0000ϵ[1.0000,1.0000]
  path_valid=56.70%, exact_match=34.20%
  eval_avg_halt_step: 4.77
  per_H_acc: ['H0=0.0%', 'H1=0.0%', 'H2=0.0%']
  H_cos: ['0.879', '0.852']
  z_H_delta: ['18.250', '15.812']
  cells: fixed=[0, 0] broken=[0, 0]
  per_ACT_cell_acc: ['H1=86.5%', 'H2=87.2%', 'H3=96.1%', 'H4=97.2%', 'H5=97.6%', 'H6=97.9%', 'H7=98.0%', 'H8=98.1%', 'H9=98.2%', 'H10=98.2%', 'H11=98.3%', 'H12=98.3%', 'H13=98.4%', 'H14=98.4%', 'H15=98.4%', 'H16=98.4%']
  per_ACT_puzzle_acc: ['H1=0.0%', 'H2=0.0%', 'H3=0.0%', 'H4=1.3%', 'H5=10.8%', 'H6=22.8%', 'H7=28.0%', 'H8=31.5%', 'H9=34.9%', 'H10=37.1%', 'H11=40.9%', 'H12=41.4%', 'H13=43.5%', 'H14=44.0%', 'H15=45.3%', 'H16=44.4%']
  mean_sigmoid_q_halt: ['0.000', '0.000', '0.000', '0.092', '0.297', '0.340', '0.438', '0.496', '0.547', '0.582', '0.605', '0.613', '0.621', '0.633', '0.645', '0.652']
  halt_rates: ['0.00', '0.00', '0.00', '0.00', '0.27', '0.30', '0.44', '0.52', '0.60', '0.62', '0.66', '0.66', '0.68', '0.69', '0.71', '0.73']
  halt_histogram %: [0.0, 4.5, 9.5, 7.4, 5.5, 3.7, 3.1, 1.9, 1.6, 1.4, 1.0, 1.0, 0.8, 0.7, 0.8, 56.9]
  Avg ACT steps (last 100): 5.43
  eval_avg_halt_step: 4.37
  per_H_acc: ['H0=0.0%', 'H1=0.0%', 'H2=0.0%']
  H_cos: ['0.879', '0.852']
  z_H_delta: ['18.125', '15.875']
  cells: fixed=[0, 0] broken=[0, 0]
  per_ACT_cell_acc: ['H1=86.5%', 'H2=87.0%', 'H3=96.4%', 'H4=97.6%', 'H5=98.1%', 'H6=98.3%', 'H7=98.5%', 'H8=98.7%', 'H9=98.7%', 'H10=98.7%', 'H11=98.8%', 'H12=98.8%', 'H13=98.8%', 'H14=98.8%', 'H15=98.8%', 'H16=98.8%']
  per_ACT_puzzle_acc: ['H1=0.0%', 'H2=0.0%', 'H3=0.0%', 'H4=1.0%', 'H5=16.3%', 'H6=31.7%', 'H7=42.3%', 'H8=48.1%', 'H9=51.0%', 'H10=51.9%', 'H11=51.9%', 'H12=55.8%', 'H13=54.8%', 'H14=54.8%', 'H15=53.8%', 'H16=53.8%']
  mean_sigmoid_q_halt: ['0.000', '0.000', '0.000', '0.096', '0.342', '0.402', '0.492', '0.535', '0.598', '0.625', '0.637', '0.668', '0.688', '0.695', '0.699', '0.695']
  halt_rates: ['0.00', '0.00', '0.00', '0.01', '0.30', '0.37', '0.51', '0.57', '0.63', '0.67', '0.68', '0.74', '0.76', '0.76', '0.77', '0.76']
  halt_histogram %: [0.0, 4.5, 9.5, 7.4, 5.5, 3.7, 3.1, 1.9, 1.6, 1.4, 1.0, 1.0, 0.8, 0.7, 0.8, 56.9]
  Avg ACT steps (last 100): 5.43
  saved: /home/jvdillon/projects/sic/code/maze/ckpts/x11/step01500.pt acc=98.29% (0.056s)
  saved: /home/jvdillon/projects/sic/code/maze/ckpts/x11/best.pt acc=98.29% (0.134s)
Step  1500  Test 98.29% / 39.90% (halt: 98.39%/44.40%)  Train lm=0.7266±0.0176ϵ[0.6992,0.8398] n_halted=17.4440±17.1849ϵ[0.0000,118.0000]  TrainAcc 98.69%/42.60% (halt: 98.87%/54.70%)  (55.100s / 180.020s)
  n_active=128.0000±0.0000ϵ[128.0000,128.0000] n_expunged=0.0000±0.0000ϵ[0.0000,0.0000] pool_util=1.0000±0.0000ϵ[1.0000,1.0000]
  path_valid=86.80%, exact_match=43.60%
  eval_avg_halt_step: 3.70
  per_H_acc: ['H0=0.0%', 'H1=0.0%', 'H2=0.0%']
  H_cos: ['0.809', '0.887']
  z_H_delta: ['20.625', '14.875']
  cells: fixed=[0, 0] broken=[0, 0]
  per_ACT_cell_acc: ['H1=61.2%', 'H2=88.4%', 'H3=97.9%', 'H4=98.5%', 'H5=98.8%', 'H6=98.8%', 'H7=98.9%', 'H8=98.9%', 'H9=98.9%', 'H10=98.9%', 'H11=98.8%', 'H12=98.8%', 'H13=98.8%', 'H14=98.8%', 'H15=98.8%', 'H16=98.8%']
  per_ACT_puzzle_acc: ['H1=0.0%', 'H2=0.0%', 'H3=10.8%', 'H4=31.5%', 'H5=43.5%', 'H6=50.9%', 'H7=55.6%', 'H8=56.5%', 'H9=56.5%', 'H10=56.0%', 'H11=54.3%', 'H12=55.6%', 'H13=53.4%', 'H14=53.4%', 'H15=53.4%', 'H16=54.3%']
  mean_sigmoid_q_halt: ['0.000', '0.000', '0.170', '0.439', '0.562', '0.625', '0.641', '0.645', '0.656', '0.645', '0.648', '0.652', '0.641', '0.637', '0.625', '0.617']
  halt_rates: ['0.00', '0.00', '0.09', '0.46', '0.60', '0.66', '0.68', '0.70', '0.71', '0.68', '0.67', '0.67', '0.67', '0.66', '0.65', '0.66']
  halt_histogram %: [1.4, 35.8, 15.9, 7.3, 4.0, 2.6, 2.0, 1.3, 1.0, 0.9, 0.7, 0.6, 0.5, 0.4, 0.4, 25.2]
  Avg ACT steps (last 100): 2.46
  eval_avg_halt_step: 3.22
  per_H_acc: ['H0=0.0%', 'H1=0.0%', 'H2=0.0%']
  H_cos: ['0.809', '0.887']
  z_H_delta: ['20.625', '14.938']
  cells: fixed=[0, 0] broken=[0, 0]
  per_ACT_cell_acc: ['H1=61.0%', 'H2=88.8%', 'H3=98.6%', 'H4=99.2%', 'H5=99.4%', 'H6=99.5%', 'H7=99.5%', 'H8=99.5%', 'H9=99.5%', 'H10=99.4%', 'H11=99.4%', 'H12=99.4%', 'H13=99.4%', 'H14=99.4%', 'H15=99.4%', 'H16=99.3%']
  per_ACT_puzzle_acc: ['H1=0.0%', 'H2=0.0%', 'H3=13.5%', 'H4=47.1%', 'H5=63.5%', 'H6=71.2%', 'H7=75.0%', 'H8=74.0%', 'H9=76.9%', 'H10=71.2%', 'H11=67.3%', 'H12=65.4%', 'H13=65.4%', 'H14=63.5%', 'H15=63.5%', 'H16=62.5%']
  mean_sigmoid_q_halt: ['0.000', '0.000', '0.234', '0.570', '0.672', '0.734', '0.750', '0.754', '0.738', '0.695', '0.688', '0.684', '0.672', '0.648', '0.652', '0.676']
  halt_rates: ['0.00', '0.00', '0.19', '0.62', '0.72', '0.80', '0.83', '0.83', '0.81', '0.75', '0.71', '0.70', '0.72', '0.66', '0.67', '0.76']
  halt_histogram %: [1.4, 35.8, 15.9, 7.3, 4.0, 2.6, 2.0, 1.3, 1.0, 0.9, 0.7, 0.6, 0.5, 0.4, 0.4, 25.2]
  Avg ACT steps (last 100): 2.46
  saved: /home/jvdillon/projects/sic/code/maze/ckpts/x11/step02000.pt acc=98.66% (0.057s)
  saved: /home/jvdillon/projects/sic/code/maze/ckpts/x11/best.pt acc=98.66% (0.136s)
Step  2000  Test 98.66% / 54.30% (halt: 98.83%/54.20%)  Train lm=0.7227±0.0091ϵ[0.6992,0.7617] n_halted=43.7980±13.3981ϵ[4.0000,76.0000]  TrainAcc 99.17%/52.70% (halt: 99.40%/64.90%)  (55.117s / 179.977s)
  n_active=128.0000±0.0000ϵ[128.0000,128.0000] n_expunged=0.0000±0.0000ϵ[0.0000,0.0000] pool_util=1.0000±0.0000ϵ[1.0000,1.0000]
  path_valid=97.60%, exact_match=72.80%
  eval_avg_halt_step: 2.07
  per_H_acc: ['H0=0.0%', 'H1=0.0%', 'H2=0.0%']
  H_cos: ['0.836', '0.859']
  z_H_delta: ['20.125', '17.375']
  cells: fixed=[0, 0] broken=[0, 0]
  per_ACT_cell_acc: ['H1=50.0%', 'H2=82.7%', 'H3=98.5%', 'H4=99.0%', 'H5=99.1%', 'H6=99.1%', 'H7=99.1%', 'H8=99.1%', 'H9=99.1%', 'H10=99.1%', 'H11=99.1%', 'H12=99.1%', 'H13=99.1%', 'H14=99.1%', 'H15=99.1%', 'H16=99.1%']
  per_ACT_puzzle_acc: ['H1=0.0%', 'H2=0.0%', 'H3=18.1%', 'H4=53.9%', 'H5=63.8%', 'H6=70.3%', 'H7=72.8%', 'H8=74.1%', 'H9=73.7%', 'H10=73.7%', 'H11=74.1%', 'H12=74.1%', 'H13=74.1%', 'H14=74.6%', 'H15=74.6%', 'H16=74.6%']
  mean_sigmoid_q_halt: ['0.002', '0.002', '0.283', '0.617', '0.789', '0.871', '0.914', '0.926', '0.934', '0.934', '0.934', '0.938', '0.938', '0.941', '0.941', '0.938']
  halt_rates: ['0.00', '0.00', '0.23', '0.65', '0.82', '0.91', '0.95', '0.95', '0.96', '0.96', '0.95', '0.96', '0.95', '0.96', '0.97', '0.96']
  halt_histogram %: [8.8, 46.6, 14.8, 5.7, 2.9, 1.8, 1.3, 0.8, 0.6, 0.6, 0.4, 0.4, 0.3, 0.2, 0.3, 14.5]
  Avg ACT steps (last 100): 2.13
  eval_avg_halt_step: 1.82
  per_H_acc: ['H0=0.0%', 'H1=0.0%', 'H2=0.0%']
  H_cos: ['0.836', '0.855']
  z_H_delta: ['20.125', '17.500']
  cells: fixed=[0, 0] broken=[0, 0]
  per_ACT_cell_acc: ['H1=49.7%', 'H2=82.8%', 'H3=99.2%', 'H4=99.6%', 'H5=99.7%', 'H6=99.8%', 'H7=99.8%', 'H8=99.8%', 'H9=99.8%', 'H10=99.8%', 'H11=99.8%', 'H12=99.8%', 'H13=99.8%', 'H14=99.8%', 'H15=99.8%', 'H16=99.8%']
  per_ACT_puzzle_acc: ['H1=0.0%', 'H2=0.0%', 'H3=33.7%', 'H4=65.4%', 'H5=77.9%', 'H6=82.7%', 'H7=86.5%', 'H8=87.5%', 'H9=88.5%', 'H10=89.4%', 'H11=89.4%', 'H12=89.4%', 'H13=89.4%', 'H14=89.4%', 'H15=89.4%', 'H16=89.4%']
  mean_sigmoid_q_halt: ['0.002', '0.002', '0.385', '0.746', '0.852', '0.895', '0.918', '0.934', '0.949', '0.949', '0.945', '0.957', '0.953', '0.953', '0.953', '0.957']
  halt_rates: ['0.00', '0.00', '0.38', '0.81', '0.88', '0.92', '0.95', '0.96', '0.96', '0.96', '0.96', '0.97', '0.97', '0.97', '0.97', '0.98']
  halt_histogram %: [8.8, 46.6, 14.8, 5.7, 2.9, 1.8, 1.3, 0.8, 0.6, 0.6, 0.4, 0.4, 0.3, 0.2, 0.3, 14.5]
  Avg ACT steps (last 100): 2.13
  saved: /home/jvdillon/projects/sic/code/maze/ckpts/x11/step02500.pt acc=99.19% (0.056s)
  saved: /home/jvdillon/projects/sic/code/maze/ckpts/x11/best.pt acc=99.19% (0.135s)
Step  2500  Test 99.19% / 85.10% (halt: 99.16%/65.30%)  Train lm=0.7188±0.0063ϵ[0.6992,0.7461] n_halted=57.9660±11.8788ϵ[22.0000,86.0000]  TrainAcc 99.72%/88.60% (halt: 99.68%/77.10%)  (55.130s / 180.089s)
  n_active=128.0000±0.0000ϵ[128.0000,128.0000] n_expunged=0.0000±0.0000ϵ[0.0000,0.0000] pool_util=1.0000±0.0000ϵ[1.0000,1.0000]
  path_valid=93.50%, exact_match=78.30%
  eval_avg_halt_step: 2.62
  per_H_acc: ['H0=0.1%', 'H1=0.0%', 'H2=0.0%']
  H_cos: ['0.498', '0.836']
  z_H_delta: ['22.500', '19.250']
  cells: fixed=[0, 0] broken=[107, 0]
  per_ACT_cell_acc: ['H1=41.4%', 'H2=81.9%', 'H3=98.5%', 'H4=99.0%', 'H5=99.2%', 'H6=99.3%', 'H7=99.3%', 'H8=99.3%', 'H9=99.4%', 'H10=99.4%', 'H11=99.4%', 'H12=99.4%', 'H13=99.4%', 'H14=99.4%', 'H15=99.4%', 'H16=99.4%']
  per_ACT_puzzle_acc: ['H1=0.0%', 'H2=0.0%', 'H3=28.4%', 'H4=53.4%', 'H5=63.4%', 'H6=70.7%', 'H7=70.7%', 'H8=70.7%', 'H9=74.6%', 'H10=75.0%', 'H11=75.0%', 'H12=75.9%', 'H13=75.9%', 'H14=76.3%', 'H15=76.7%', 'H16=78.4%']
  mean_sigmoid_q_halt: ['0.003', '0.001', '0.281', '0.496', '0.633', '0.730', '0.766', '0.789', '0.797', '0.812', '0.820', '0.832', '0.832', '0.848', '0.855', '0.863']
  halt_rates: ['0.00', '0.00', '0.24', '0.49', '0.64', '0.73', '0.78', '0.80', '0.81', '0.82', '0.83', '0.84', '0.83', '0.87', '0.87', '0.88']
  halt_histogram %: [20.4, 46.6, 12.4, 4.3, 2.1, 1.3, 0.9, 0.6, 0.4, 0.4, 0.3, 0.3, 0.2, 0.2, 0.2, 9.5]
  Avg ACT steps (last 100): 1.78
  eval_avg_halt_step: 2.07
  per_H_acc: ['H0=0.1%', 'H1=0.0%', 'H2=0.0%']
  H_cos: ['0.496', '0.832']
  z_H_delta: ['22.500', '19.375']
  cells: fixed=[0, 0] broken=[50, 0]
  per_ACT_cell_acc: ['H1=41.6%', 'H2=81.9%', 'H3=99.5%', 'H4=99.7%', 'H5=99.8%', 'H6=99.8%', 'H7=99.8%', 'H8=99.9%', 'H9=99.8%', 'H10=99.8%', 'H11=99.8%', 'H12=99.9%', 'H13=99.8%', 'H14=99.8%', 'H15=99.8%', 'H16=99.8%']
  per_ACT_puzzle_acc: ['H1=0.0%', 'H2=0.0%', 'H3=48.1%', 'H4=72.1%', 'H5=84.6%', 'H6=84.6%', 'H7=84.6%', 'H8=89.4%', 'H9=87.5%', 'H10=90.4%', 'H11=90.4%', 'H12=92.3%', 'H13=90.4%', 'H14=90.4%', 'H15=92.3%', 'H16=91.3%']
  mean_sigmoid_q_halt: ['0.003', '0.001', '0.449', '0.676', '0.812', '0.832', '0.855', '0.871', '0.867', '0.883', '0.895', '0.887', '0.883', '0.898', '0.891', '0.883']
  halt_rates: ['0.00', '0.00', '0.45', '0.69', '0.84', '0.84', '0.88', '0.88', '0.88', '0.90', '0.91', '0.92', '0.91', '0.91', '0.90', '0.89']
  halt_histogram %: [20.4, 46.6, 12.4, 4.3, 2.1, 1.3, 0.9, 0.6, 0.4, 0.4, 0.3, 0.3, 0.2, 0.2, 0.2, 9.5]
  Avg ACT steps (last 100): 1.78
  saved: /home/jvdillon/projects/sic/code/maze/ckpts/x11/step03000.pt acc=99.41% (0.062s)
  saved: /home/jvdillon/projects/sic/code/maze/ckpts/x11/best.pt acc=99.41% (0.147s)
Step  3000  Test 99.41% / 84.60% (halt: 99.41%/78.10%)  Train lm=0.7148±0.0071ϵ[0.6992,0.7461] n_halted=71.6820±11.9562ϵ[29.0000,104.0000]  TrainAcc 99.82%/91.30% (halt: 99.82%/89.30%)  (55.162s / 180.214s)
  n_active=128.0000±0.0000ϵ[128.0000,128.0000] n_expunged=0.0000±0.0000ϵ[0.0000,0.0000] pool_util=1.0000±0.0000ϵ[1.0000,1.0000]
  path_valid=97.90%, exact_match=69.20%
  eval_avg_halt_step: 1.55
  per_H_acc: ['H0=0.0%', 'H1=0.0%', 'H2=0.0%']
  H_cos: ['0.578', '0.910']
  z_H_delta: ['22.875', '15.938']
  cells: fixed=[1, 0] broken=[41, 1]
  per_ACT_cell_acc: ['H1=50.0%', 'H2=91.3%', 'H3=98.9%', 'H4=99.2%', 'H5=99.3%', 'H6=99.3%', 'H7=99.3%', 'H8=99.4%', 'H9=99.4%', 'H10=99.4%', 'H11=99.4%', 'H12=99.4%', 'H13=99.4%', 'H14=99.4%', 'H15=99.4%', 'H16=99.4%']
  per_ACT_puzzle_acc: ['H1=0.0%', 'H2=0.0%', 'H3=47.8%', 'H4=69.8%', 'H5=77.6%', 'H6=79.3%', 'H7=79.7%', 'H8=80.2%', 'H9=80.2%', 'H10=79.7%', 'H11=80.2%', 'H12=79.3%', 'H13=79.3%', 'H14=79.3%', 'H15=78.9%', 'H16=77.6%']
  mean_sigmoid_q_halt: ['0.002', '0.001', '0.625', '0.820', '0.910', '0.934', '0.934', '0.930', '0.926', '0.926', '0.926', '0.938', '0.938', '0.938', '0.938', '0.941']
  halt_rates: ['0.00', '0.00', '0.59', '0.81', '0.93', '0.95', '0.95', '0.96', '0.97', '0.96', '0.96', '0.97', '0.97', '0.97', '0.97', '0.97']
  halt_histogram %: [32.6, 41.8, 10.3, 3.4, 1.6, 1.0, 0.7, 0.5, 0.3, 0.3, 0.2, 0.2, 0.1, 0.1, 0.1, 6.8]
  Avg ACT steps (last 100): 1.34
  eval_avg_halt_step: 1.26
  per_H_acc: ['H0=0.0%', 'H1=0.0%', 'H2=0.0%']
  H_cos: ['0.574', '0.910']
  z_H_delta: ['23.000', '15.938']
  cells: fixed=[0, 0] broken=[13, 2]
  per_ACT_cell_acc: ['H1=49.6%', 'H2=91.6%', 'H3=99.8%', 'H4=99.9%', 'H5=100.0%', 'H6=100.0%', 'H7=100.0%', 'H8=100.0%', 'H9=100.0%', 'H10=100.0%', 'H11=100.0%', 'H12=100.0%', 'H13=100.0%', 'H14=100.0%', 'H15=100.0%', 'H16=100.0%']
  per_ACT_puzzle_acc: ['H1=0.0%', 'H2=0.0%', 'H3=79.8%', 'H4=91.3%', 'H5=97.1%', 'H6=98.1%', 'H7=97.1%', 'H8=96.2%', 'H9=97.1%', 'H10=95.2%', 'H11=94.2%', 'H12=92.3%', 'H13=92.3%', 'H14=93.3%', 'H15=93.3%', 'H16=93.3%']
  mean_sigmoid_q_halt: ['0.002', '0.001', '0.805', '0.922', '0.953', '0.969', '0.965', '0.941', '0.941', '0.945', '0.953', '0.961', '0.957', '0.953', '0.953', '0.953']
  halt_rates: ['0.00', '0.00', '0.84', '0.94', '0.97', '0.99', '0.99', '0.97', '0.99', '0.98', '0.99', '1.00', '1.00', '0.99', '0.99', '0.99']
  halt_histogram %: [32.6, 41.8, 10.3, 3.4, 1.6, 1.0, 0.7, 0.5, 0.3, 0.3, 0.2, 0.2, 0.1, 0.1, 0.1, 6.8]
  Avg ACT steps (last 100): 1.34
  saved: /home/jvdillon/projects/sic/code/maze/ckpts/x11/step03500.pt acc=99.35% (0.065s)
Step  3500  Test 99.35% / 83.10% (halt: 99.32%/72.00%)  Train lm=0.7148±0.0048ϵ[0.6992,0.7305] n_halted=84.2840±11.4089ϵ[26.0000,109.0000]  TrainAcc 99.85%/82.80% (halt: 99.84%/87.00%)  (55.059s / 180.062s)
  n_active=128.0000±0.0000ϵ[128.0000,128.0000] n_expunged=0.0000±0.0000ϵ[0.0000,0.0000] pool_util=1.0000±0.0000ϵ[1.0000,1.0000]
  path_valid=96.60%, exact_match=75.00%
  eval_avg_halt_step: 1.48
  per_H_acc: ['H0=0.0%', 'H1=0.0%', 'H2=0.0%']
  H_cos: ['0.805', '0.934']
  z_H_delta: ['21.125', '15.125']
  cells: fixed=[0, 0] broken=[0, 0]
  per_ACT_cell_acc: ['H1=69.6%', 'H2=94.8%', 'H3=99.2%', 'H4=99.3%', 'H5=99.3%', 'H6=99.3%', 'H7=99.3%', 'H8=99.3%', 'H9=99.3%', 'H10=99.3%', 'H11=99.3%', 'H12=99.3%', 'H13=99.3%', 'H14=99.3%', 'H15=99.3%', 'H16=99.3%']
  per_ACT_puzzle_acc: ['H1=0.0%', 'H2=0.0%', 'H3=59.1%', 'H4=69.4%', 'H5=72.4%', 'H6=74.1%', 'H7=74.6%', 'H8=72.4%', 'H9=74.1%', 'H10=74.6%', 'H11=73.3%', 'H12=73.3%', 'H13=72.8%', 'H14=72.8%', 'H15=73.3%', 'H16=73.3%']
  mean_sigmoid_q_halt: ['0.001', '0.007', '0.727', '0.828', '0.879', '0.941', '0.938', '0.941', '0.941', '0.953', '0.949', '0.957', '0.957', '0.957', '0.957', '0.957']
  halt_rates: ['0.00', '0.00', '0.72', '0.84', '0.89', '0.96', '0.96', '0.96', '0.96', '0.97', '0.96', '0.97', '0.97', '0.97', '0.97', '0.97']
  halt_histogram %: [42.4, 37.2, 8.6, 2.7, 1.3, 0.8, 0.6, 0.4, 0.3, 0.2, 0.2, 0.2, 0.1, 0.1, 0.1, 5.1]
  Avg ACT steps (last 100): 1.28
  eval_avg_halt_step: 1.17
  per_H_acc: ['H0=0.0%', 'H1=0.0%', 'H2=0.0%']
  H_cos: ['0.805', '0.930']
  z_H_delta: ['21.125', '15.250']
  cells: fixed=[0, 0] broken=[0, 0]
  per_ACT_cell_acc: ['H1=69.6%', 'H2=95.1%', 'H3=99.9%', 'H4=99.9%', 'H5=99.9%', 'H6=99.9%', 'H7=99.9%', 'H8=99.9%', 'H9=99.9%', 'H10=99.9%', 'H11=99.9%', 'H12=99.9%', 'H13=99.9%', 'H14=99.9%', 'H15=99.9%', 'H16=99.9%']
  per_ACT_puzzle_acc: ['H1=0.0%', 'H2=0.0%', 'H3=86.5%', 'H4=91.3%', 'H5=90.4%', 'H6=93.3%', 'H7=94.2%', 'H8=93.3%', 'H9=93.3%', 'H10=94.2%', 'H11=94.2%', 'H12=93.3%', 'H13=93.3%', 'H14=91.3%', 'H15=90.4%', 'H16=92.3%']
  mean_sigmoid_q_halt: ['0.001', '0.007', '0.883', '0.926', '0.930', '0.953', '0.957', '0.945', '0.938', '0.945', '0.969', '0.969', '0.953', '0.945', '0.941', '0.941']
  halt_rates: ['0.00', '0.00', '0.88', '0.92', '0.92', '0.96', '0.97', '0.94', '0.96', '0.96', '0.99', '0.99', '0.97', '0.95', '0.95', '0.95']
  halt_histogram %: [42.4, 37.2, 8.6, 2.7, 1.3, 0.8, 0.6, 0.4, 0.3, 0.2, 0.2, 0.2, 0.1, 0.1, 0.1, 5.1]
  Avg ACT steps (last 100): 1.28
  saved: /home/jvdillon/projects/sic/code/maze/ckpts/x11/step04000.pt acc=99.35% (0.055s)
Step  4000  Test 99.35% / 85.20% (halt: 99.34%/74.70%)  Train lm=0.7148±0.0048ϵ[0.7031,0.7266] n_halted=94.3940±9.3917ϵ[45.0000,114.0000]  TrainAcc 99.93%/90.80% (halt: 99.93%/91.80%)  (55.058s / 180.017s)
  n_active=128.0000±0.0000ϵ[128.0000,128.0000] n_expunged=0.0000±0.0000ϵ[0.0000,0.0000] pool_util=1.0000±0.0000ϵ[1.0000,1.0000]
  path_valid=94.90%, exact_match=76.80%
  eval_avg_halt_step: 1.46
  per_H_acc: ['H0=0.0%', 'H1=0.0%', 'H2=0.0%']
  H_cos: ['0.719', '0.918']
  z_H_delta: ['21.375', '15.188']
  cells: fixed=[1, 0] broken=[0, 1]
  per_ACT_cell_acc: ['H1=69.9%', 'H2=95.6%', 'H3=99.3%', 'H4=99.3%', 'H5=99.4%', 'H6=99.4%', 'H7=99.4%', 'H8=99.4%', 'H9=99.4%', 'H10=99.4%', 'H11=99.4%', 'H12=99.4%', 'H13=99.4%', 'H14=99.4%', 'H15=99.4%', 'H16=99.4%']
  per_ACT_puzzle_acc: ['H1=0.0%', 'H2=0.0%', 'H3=71.1%', 'H4=77.6%', 'H5=78.9%', 'H6=81.5%', 'H7=82.3%', 'H8=81.5%', 'H9=81.5%', 'H10=81.9%', 'H11=81.5%', 'H12=81.0%', 'H13=82.3%', 'H14=82.8%', 'H15=81.0%', 'H16=82.3%']
  mean_sigmoid_q_halt: ['0.003', '0.005', '0.801', '0.891', '0.891', '0.906', '0.922', '0.922', '0.914', '0.910', '0.898', '0.898', '0.895', '0.898', '0.891', '0.895']
  halt_rates: ['0.00', '0.00', '0.80', '0.92', '0.92', '0.94', '0.95', '0.95', '0.94', '0.94', '0.94', '0.94', '0.94', '0.95', '0.95', '0.95']
  halt_histogram %: [49.6, 33.4, 7.3, 2.3, 1.0, 0.6, 0.5, 0.3, 0.2, 0.2, 0.1, 0.1, 0.1, 0.1, 0.1, 4.1]
  Avg ACT steps (last 100): 1.34
  eval_avg_halt_step: 1.14
  per_H_acc: ['H0=0.0%', 'H1=0.0%', 'H2=0.0%']
  H_cos: ['0.719', '0.918']
  z_H_delta: ['21.375', '15.188']
  cells: fixed=[0, 0] broken=[0, 0]
  per_ACT_cell_acc: ['H1=70.2%', 'H2=95.7%', 'H3=100.0%', 'H4=100.0%', 'H5=100.0%', 'H6=100.0%', 'H7=100.0%', 'H8=100.0%', 'H9=100.0%', 'H10=100.0%', 'H11=100.0%', 'H12=100.0%', 'H13=100.0%', 'H14=100.0%', 'H15=100.0%', 'H16=100.0%']
  per_ACT_puzzle_acc: ['H1=0.0%', 'H2=0.0%', 'H3=96.2%', 'H4=99.0%', 'H5=100.0%', 'H6=100.0%', 'H7=99.0%', 'H8=98.1%', 'H9=99.0%', 'H10=99.0%', 'H11=100.0%', 'H12=99.0%', 'H13=100.0%', 'H14=99.0%', 'H15=99.0%', 'H16=98.1%']
  mean_sigmoid_q_halt: ['0.003', '0.005', '0.941', '0.965', '0.973', '0.969', '0.969', '0.957', '0.949', '0.953', '0.945', '0.941', '0.941', '0.926', '0.918', '0.918']
  halt_rates: ['0.00', '0.00', '0.95', '0.99', '1.00', '1.00', '0.99', '0.98', '0.98', '0.99', '0.99', '0.98', '0.99', '0.98', '0.98', '0.99']
  halt_histogram %: [49.6, 33.4, 7.3, 2.3, 1.0, 0.6, 0.5, 0.3, 0.2, 0.2, 0.1, 0.1, 0.1, 0.1, 0.1, 4.1]
  Avg ACT steps (last 100): 1.34
  saved: /home/jvdillon/projects/sic/code/maze/ckpts/x11/step04500.pt acc=99.39% (0.055s)
Step  4500  Test 99.39% / 86.20% (halt: 99.38%/79.00%)  Train lm=0.7148±0.0045ϵ[0.7031,0.7266] n_halted=99.1140±8.9584ϵ[45.0000,118.0000]  TrainAcc 99.90%/92.00% (halt: 99.93%/97.20%)  (55.065s / 180.183s)
  n_active=128.0000±0.0000ϵ[128.0000,128.0000] n_expunged=0.0000±0.0000ϵ[0.0000,0.0000] pool_util=1.0000±0.0000ϵ[1.0000,1.0000]
  path_valid=99.20%, exact_match=82.80%
  eval_avg_halt_step: 1.45
  per_H_acc: ['H0=0.1%', 'H1=0.0%', 'H2=0.0%']
  H_cos: ['0.820', '0.887']
  z_H_delta: ['20.125', '18.375']
  cells: fixed=[42, 0] broken=[160, 44]
  per_ACT_cell_acc: ['H1=83.8%', 'H2=92.1%', 'H3=99.0%', 'H4=99.3%', 'H5=99.4%', 'H6=99.4%', 'H7=99.4%', 'H8=99.4%', 'H9=99.5%', 'H10=99.5%', 'H11=99.5%', 'H12=99.5%', 'H13=99.5%', 'H14=99.5%', 'H15=99.5%', 'H16=99.5%']
  per_ACT_puzzle_acc: ['H1=0.0%', 'H2=0.0%', 'H3=50.9%', 'H4=71.1%', 'H5=78.4%', 'H6=79.7%', 'H7=81.0%', 'H8=81.9%', 'H9=82.3%', 'H10=82.8%', 'H11=82.8%', 'H12=82.3%', 'H13=82.8%', 'H14=82.8%', 'H15=81.9%', 'H16=81.9%']
  mean_sigmoid_q_halt: ['0.005', '0.005', '0.609', '0.848', '0.930', '0.945', '0.953', '0.965', '0.973', '0.977', '0.980', '0.977', '0.977', '0.980', '0.980', '0.980']
  halt_rates: ['0.00', '0.00', '0.59', '0.86', '0.93', '0.96', '0.96', '0.97', '0.98', '0.99', '0.99', '0.99', '0.99', '0.99', '1.00', '0.99']
  halt_histogram %: [54.2, 31.1, 6.5, 2.0, 0.9, 0.5, 0.4, 0.2, 0.2, 0.2, 0.1, 0.1, 0.1, 0.1, 0.1, 3.4]
  Avg ACT steps (last 100): 1.30
  eval_avg_halt_step: 1.18
  per_H_acc: ['H0=0.1%', 'H1=0.0%', 'H2=0.0%']
  H_cos: ['0.820', '0.879']
  z_H_delta: ['20.000', '18.750']
  cells: fixed=[18, 0] broken=[81, 20]
  per_ACT_cell_acc: ['H1=83.7%', 'H2=92.3%', 'H3=99.9%', 'H4=100.0%', 'H5=100.0%', 'H6=100.0%', 'H7=100.0%', 'H8=100.0%', 'H9=100.0%', 'H10=100.0%', 'H11=100.0%', 'H12=100.0%', 'H13=100.0%', 'H14=100.0%', 'H15=100.0%', 'H16=100.0%']
  per_ACT_puzzle_acc: ['H1=0.0%', 'H2=0.0%', 'H3=79.8%', 'H4=98.1%', 'H5=98.1%', 'H6=98.1%', 'H7=99.0%', 'H8=99.0%', 'H9=98.1%', 'H10=99.0%', 'H11=99.0%', 'H12=99.0%', 'H13=98.1%', 'H14=98.1%', 'H15=98.1%', 'H16=98.1%']
  mean_sigmoid_q_halt: ['0.005', '0.005', '0.816', '0.969', '0.988', '0.980', '0.988', '0.984', '0.980', '0.988', '0.988', '0.992', '0.988', '0.984', '0.980', '0.988']
  halt_rates: ['0.00', '0.00', '0.80', '0.99', '1.00', '0.99', '1.00', '0.99', '0.99', '1.00', '1.00', '1.00', '1.00', '0.99', '0.99', '1.00']
  halt_histogram %: [54.2, 31.1, 6.5, 2.0, 0.9, 0.5, 0.4, 0.2, 0.2, 0.2, 0.1, 0.1, 0.1, 0.1, 0.1, 3.4]
  Avg ACT steps (last 100): 1.30
  saved: /home/jvdillon/projects/sic/code/maze/ckpts/x11/step05000.pt acc=99.52% (0.056s)
  saved: /home/jvdillon/projects/sic/code/maze/ckpts/x11/best.pt acc=99.52% (0.138s)
Step  5000  Test 99.52% / 90.60% (halt: 99.49%/78.50%)  Train lm=0.7148±0.0040ϵ[0.7031,0.7383] n_halted=98.6420±10.6247ϵ[1.0000,119.0000]  TrainAcc 99.96%/96.60% (halt: 99.95%/93.20%)  (55.154s / 180.131s)
  n_active=128.0000±0.0000ϵ[128.0000,128.0000] n_expunged=0.0000±0.0000ϵ[0.0000,0.0000] pool_util=1.0000±0.0000ϵ[1.0000,1.0000]
  path_valid=97.80%, exact_match=81.00%
  eval_avg_halt_step: 1.51
  per_H_acc: ['H0=0.0%', 'H1=0.0%', 'H2=0.0%']
  H_cos: ['0.828', '0.957']
  z_H_delta: ['20.750', '12.875']
  cells: fixed=[0, 0] broken=[0, 0]
  per_ACT_cell_acc: ['H1=76.4%', 'H2=95.8%', 'H3=99.1%', 'H4=99.3%', 'H5=99.3%', 'H6=99.3%', 'H7=99.3%', 'H8=99.3%', 'H9=99.3%', 'H10=99.3%', 'H11=99.3%', 'H12=99.3%', 'H13=99.3%', 'H14=99.3%', 'H15=99.3%', 'H16=99.3%']
  per_ACT_puzzle_acc: ['H1=0.0%', 'H2=0.0%', 'H3=66.4%', 'H4=75.9%', 'H5=77.6%', 'H6=78.4%', 'H7=79.3%', 'H8=79.3%', 'H9=79.7%', 'H10=80.2%', 'H11=80.2%', 'H12=80.2%', 'H13=80.2%', 'H14=80.2%', 'H15=79.7%', 'H16=79.7%']
  mean_sigmoid_q_halt: ['0.003', '0.011', '0.742', '0.844', '0.910', '0.934', '0.941', '0.945', '0.953', '0.957', '0.953', '0.953', '0.957', '0.957', '0.953', '0.957']
  halt_rates: ['0.00', '0.00', '0.75', '0.85', '0.94', '0.95', '0.96', '0.96', '0.97', '0.97', '0.97', '0.97', '0.97', '0.97', '0.97', '0.98']
  halt_histogram %: [57.9, 29.1, 5.9, 1.7, 0.8, 0.5, 0.3, 0.2, 0.2, 0.1, 0.1, 0.1, 0.1, 0.1, 0.1, 2.9]
  Avg ACT steps (last 100): 1.20
  eval_avg_halt_step: 1.27
  per_H_acc: ['H0=0.0%', 'H1=0.0%', 'H2=0.0%']
  H_cos: ['0.828', '0.957']
  z_H_delta: ['20.750', '12.812']
  cells: fixed=[0, 0] broken=[0, 0]
  per_ACT_cell_acc: ['H1=76.5%', 'H2=96.4%', 'H3=99.8%', 'H4=99.9%', 'H5=99.9%', 'H6=99.9%', 'H7=99.9%', 'H8=99.9%', 'H9=99.9%', 'H10=99.9%', 'H11=99.9%', 'H12=99.9%', 'H13=99.9%', 'H14=99.9%', 'H15=99.9%', 'H16=99.9%']
  per_ACT_puzzle_acc: ['H1=0.0%', 'H2=0.0%', 'H3=90.4%', 'H4=93.3%', 'H5=95.2%', 'H6=95.2%', 'H7=95.2%', 'H8=95.2%', 'H9=94.2%', 'H10=95.2%', 'H11=95.2%', 'H12=95.2%', 'H13=95.2%', 'H14=95.2%', 'H15=95.2%', 'H16=95.2%']
  mean_sigmoid_q_halt: ['0.003', '0.012', '0.887', '0.926', '0.953', '0.965', '0.965', '0.965', '0.961', '0.957', '0.961', '0.961', '0.957', '0.961', '0.961', '0.961']
  halt_rates: ['0.00', '0.00', '0.90', '0.93', '0.97', '0.98', '0.98', '0.98', '0.97', '0.97', '0.98', '0.97', '0.97', '0.98', '0.98', '0.98']
  halt_histogram %: [57.9, 29.1, 5.9, 1.7, 0.8, 0.5, 0.3, 0.2, 0.2, 0.1, 0.1, 0.1, 0.1, 0.1, 0.1, 2.9]
  Avg ACT steps (last 100): 1.20
  saved: /home/jvdillon/projects/sic/code/maze/ckpts/x11/step05500.pt acc=99.36% (0.056s)
Step  5500  Test 99.36% / 86.80% (halt: 99.34%/79.30%)  Train lm=0.7148±0.0043ϵ[0.7031,0.7266] n_halted=101.6600±8.5042ϵ[58.0000,119.0000]  TrainAcc 99.88%/95.20% (halt: 99.88%/94.80%)  (55.116s / 180.204s)
  n_active=128.0000±0.0000ϵ[128.0000,128.0000] n_expunged=0.0000±0.0000ϵ[0.0000,0.0000] pool_util=1.0000±0.0000ϵ[1.0000,1.0000]
  path_valid=99.70%, exact_match=83.70%
  eval_avg_halt_step: 1.33
  per_H_acc: ['H0=0.0%', 'H1=0.0%', 'H2=0.0%']
  H_cos: ['0.824', '0.910']
  z_H_delta: ['21.250', '15.750']
  cells: fixed=[0, 0] broken=[0, 0]
  per_ACT_cell_acc: ['H1=66.5%', 'H2=90.7%', 'H3=99.2%', 'H4=99.4%', 'H5=99.4%', 'H6=99.4%', 'H7=99.4%', 'H8=99.4%', 'H9=99.4%', 'H10=99.4%', 'H11=99.4%', 'H12=99.4%', 'H13=99.4%', 'H14=99.4%', 'H15=99.4%', 'H16=99.4%']
  per_ACT_puzzle_acc: ['H1=0.0%', 'H2=0.0%', 'H3=62.1%', 'H4=75.9%', 'H5=77.2%', 'H6=80.6%', 'H7=81.5%', 'H8=81.5%', 'H9=81.5%', 'H10=81.9%', 'H11=81.5%', 'H12=81.9%', 'H13=81.5%', 'H14=81.9%', 'H15=81.9%', 'H16=81.0%']
  mean_sigmoid_q_halt: ['0.006', '0.033', '0.715', '0.879', '0.910', '0.945', '0.961', '0.965', '0.969', '0.980', '0.977', '0.973', '0.973', '0.977', '0.973', '0.973']
  halt_rates: ['0.00', '0.00', '0.70', '0.90', '0.94', '0.97', '0.99', '0.98', '0.98', '1.00', '0.99', '0.99', '0.99', '0.99', '0.99', '0.99']
  halt_histogram %: [60.9, 27.4, 5.4, 1.5, 0.7, 0.4, 0.3, 0.2, 0.1, 0.1, 0.1, 0.1, 0.1, 0.1, 0.0, 2.5]
  Avg ACT steps (last 100): 1.28
  eval_avg_halt_step: 1.07
  per_H_acc: ['H0=0.0%', 'H1=0.0%', 'H2=0.0%']
  H_cos: ['0.824', '0.906']
  z_H_delta: ['21.250', '16.000']
  cells: fixed=[0, 0] broken=[0, 0]
  per_ACT_cell_acc: ['H1=66.4%', 'H2=90.8%', 'H3=99.9%', 'H4=99.9%', 'H5=99.9%', 'H6=99.9%', 'H7=99.9%', 'H8=99.9%', 'H9=99.9%', 'H10=99.9%', 'H11=99.9%', 'H12=99.9%', 'H13=99.9%', 'H14=99.9%', 'H15=99.9%', 'H16=99.9%']
  per_ACT_puzzle_acc: ['H1=0.0%', 'H2=0.0%', 'H3=93.3%', 'H4=96.2%', 'H5=98.1%', 'H6=99.0%', 'H7=99.0%', 'H8=99.0%', 'H9=99.0%', 'H10=99.0%', 'H11=99.0%', 'H12=99.0%', 'H13=99.0%', 'H14=99.0%', 'H15=99.0%', 'H16=98.1%']
  mean_sigmoid_q_halt: ['0.006', '0.033', '0.910', '0.941', '0.977', '0.984', '0.984', '0.988', '0.988', '0.988', '0.988', '0.984', '0.984', '0.984', '0.980', '0.980']
  halt_rates: ['0.00', '0.00', '0.90', '0.94', '0.99', '1.00', '1.00', '1.00', '1.00', '1.00', '1.00', '1.00', '1.00', '1.00', '1.00', '1.00']
  halt_histogram %: [60.9, 27.4, 5.4, 1.5, 0.7, 0.4, 0.3, 0.2, 0.1, 0.1, 0.1, 0.1, 0.1, 0.1, 0.0, 2.5]
  Avg ACT steps (last 100): 1.28
  saved: /home/jvdillon/projects/sic/code/maze/ckpts/x11/step06000.pt acc=99.45% (0.056s)
Step  6000  Test 99.45% / 89.10% (halt: 99.42%/80.50%)  Train lm=0.7148±0.0045ϵ[0.6836,0.7383] n_halted=103.0440±12.3513ϵ[0.0000,120.0000]  TrainAcc 99.98%/98.80% (halt: 99.97%/97.40%)  (55.039s / 180.138s)
  n_active=128.0000±0.0000ϵ[128.0000,128.0000] n_expunged=0.0000±0.0000ϵ[0.0000,0.0000] pool_util=1.0000±0.0000ϵ[1.0000,1.0000]
  path_valid=91.40%, exact_match=67.90%
  eval_avg_halt_step: 1.21
  per_H_acc: ['H0=0.0%', 'H1=0.0%', 'H2=0.0%']
  H_cos: ['0.859', '0.910']
  z_H_delta: ['21.000', '14.938']
  cells: fixed=[0, 0] broken=[0, 0]
  per_ACT_cell_acc: ['H1=77.6%', 'H2=90.7%', 'H3=99.3%', 'H4=99.4%', 'H5=99.4%', 'H6=99.4%', 'H7=99.4%', 'H8=99.4%', 'H9=99.4%', 'H10=99.4%', 'H11=99.4%', 'H12=99.4%', 'H13=99.4%', 'H14=99.4%', 'H15=99.4%', 'H16=99.4%']
  per_ACT_puzzle_acc: ['H1=0.0%', 'H2=0.0%', 'H3=71.1%', 'H4=80.2%', 'H5=81.5%', 'H6=82.8%', 'H7=82.3%', 'H8=80.2%', 'H9=79.3%', 'H10=79.3%', 'H11=78.4%', 'H12=77.2%', 'H13=75.9%', 'H14=74.6%', 'H15=74.1%', 'H16=73.3%']
  mean_sigmoid_q_halt: ['0.009', '0.037', '0.820', '0.934', '0.953', '0.977', '0.977', '0.973', '0.969', '0.973', '0.973', '0.977', '0.977', '0.980', '0.977', '0.973']
  halt_rates: ['0.00', '0.00', '0.82', '0.94', '0.97', '0.99', '0.99', '0.98', '0.98', '0.98', '0.98', '0.99', '0.99', '0.99', '0.98', '0.98']
  halt_histogram %: [63.4, 26.0, 5.0, 1.4, 0.6, 0.4, 0.3, 0.2, 0.1, 0.1, 0.1, 0.1, 0.1, 0.0, 0.0, 2.2]
  Avg ACT steps (last 100): 1.24
  eval_avg_halt_step: 1.05
  per_H_acc: ['H0=0.0%', 'H1=0.0%', 'H2=0.0%']
  H_cos: ['0.859', '0.906']
  z_H_delta: ['21.000', '15.000']
  cells: fixed=[0, 0] broken=[0, 0]
  per_ACT_cell_acc: ['H1=77.8%', 'H2=90.8%', 'H3=99.9%', 'H4=100.0%', 'H5=100.0%', 'H6=100.0%', 'H7=100.0%', 'H8=100.0%', 'H9=100.0%', 'H10=100.0%', 'H11=99.9%', 'H12=99.9%', 'H13=99.9%', 'H14=99.9%', 'H15=99.9%', 'H16=99.9%']
  per_ACT_puzzle_acc: ['H1=0.0%', 'H2=0.0%', 'H3=89.4%', 'H4=99.0%', 'H5=99.0%', 'H6=99.0%', 'H7=99.0%', 'H8=98.1%', 'H9=96.2%', 'H10=95.2%', 'H11=93.3%', 'H12=93.3%', 'H13=93.3%', 'H14=93.3%', 'H15=90.4%', 'H16=89.4%']
  mean_sigmoid_q_halt: ['0.009', '0.037', '0.910', '0.973', '0.984', '0.992', '0.992', '0.992', '0.988', '0.992', '0.992', '0.992', '0.992', '0.988', '0.988', '0.988']
  halt_rates: ['0.00', '0.00', '0.90', '0.99', '0.99', '1.00', '1.00', '1.00', '1.00', '1.00', '1.00', '1.00', '1.00', '1.00', '1.00', '1.00']
  halt_histogram %: [63.4, 26.0, 5.0, 1.4, 0.6, 0.4, 0.3, 0.2, 0.1, 0.1, 0.1, 0.1, 0.1, 0.0, 0.0, 2.2]
  Avg ACT steps (last 100): 1.24
  saved: /home/jvdillon/projects/sic/code/maze/ckpts/x11/step06500.pt acc=99.39% (0.055s)
Step  6500  Test 99.39% / 82.50% (halt: 99.44%/78.90%)  Train lm=0.7148±0.0025ϵ[0.7070,0.7227] n_halted=105.2680±7.5346ϵ[65.0000,119.0000]  TrainAcc 99.92%/82.20% (halt: 99.95%/96.30%)  (55.036s / 180.183s)
  n_active=128.0000±0.0000ϵ[128.0000,128.0000] n_expunged=0.0000±0.0000ϵ[0.0000,0.0000] pool_util=1.0000±0.0000ϵ[1.0000,1.0000]
  path_valid=96.50%, exact_match=56.40%
  eval_avg_halt_step: 2.17
  per_H_acc: ['H0=0.0%', 'H1=0.0%', 'H2=0.0%']
  H_cos: ['0.844', '0.918']
  z_H_delta: ['20.875', '16.625']
  cells: fixed=[0, 0] broken=[0, 0]
  per_ACT_cell_acc: ['H1=74.6%', 'H2=92.0%', 'H3=98.8%', 'H4=99.1%', 'H5=99.2%', 'H6=99.2%', 'H7=99.2%', 'H8=99.2%', 'H9=99.2%', 'H10=99.2%', 'H11=99.2%', 'H12=99.2%', 'H13=99.2%', 'H14=99.2%', 'H15=99.2%', 'H16=99.2%']
  per_ACT_puzzle_acc: ['H1=0.0%', 'H2=0.0%', 'H3=42.7%', 'H4=58.6%', 'H5=70.3%', 'H6=70.7%', 'H7=70.7%', 'H8=72.0%', 'H9=70.3%', 'H10=72.0%', 'H11=70.3%', 'H12=69.8%', 'H13=68.5%', 'H14=68.1%', 'H15=67.2%', 'H16=66.4%']
  mean_sigmoid_q_halt: ['0.012', '0.037', '0.471', '0.590', '0.660', '0.711', '0.707', '0.695', '0.711', '0.711', '0.703', '0.707', '0.707', '0.707', '0.703', '0.703']
  halt_rates: ['0.00', '0.00', '0.43', '0.64', '0.77', '0.87', '0.87', '0.85', '0.88', '0.88', '0.88', '0.88', '0.89', '0.89', '0.89', '0.89']
  halt_histogram %: [65.4, 24.9, 4.6, 1.3, 0.6, 0.3, 0.2, 0.2, 0.1, 0.1, 0.1, 0.1, 0.1, 0.0, 0.0, 2.0]
  Avg ACT steps (last 100): 1.31
  eval_avg_halt_step: 1.76
  per_H_acc: ['H0=0.0%', 'H1=0.0%', 'H2=0.0%']
  H_cos: ['0.844', '0.918']
  z_H_delta: ['20.875', '16.750']
  cells: fixed=[0, 0] broken=[0, 0]
  per_ACT_cell_acc: ['H1=74.5%', 'H2=92.3%', 'H3=99.5%', 'H4=99.7%', 'H5=99.8%', 'H6=99.8%', 'H7=99.9%', 'H8=99.8%', 'H9=99.9%', 'H10=99.9%', 'H11=99.9%', 'H12=99.8%', 'H13=99.9%', 'H14=99.9%', 'H15=99.9%', 'H16=99.9%']
  per_ACT_puzzle_acc: ['H1=0.0%', 'H2=0.0%', 'H3=59.6%', 'H4=68.3%', 'H5=90.4%', 'H6=94.2%', 'H7=93.3%', 'H8=92.3%', 'H9=92.3%', 'H10=92.3%', 'H11=92.3%', 'H12=91.3%', 'H13=88.5%', 'H14=90.4%', 'H15=90.4%', 'H16=90.4%']
  mean_sigmoid_q_halt: ['0.012', '0.037', '0.609', '0.621', '0.699', '0.746', '0.742', '0.738', '0.742', '0.734', '0.730', '0.727', '0.711', '0.719', '0.723', '0.727']
  halt_rates: ['0.00', '0.00', '0.55', '0.65', '0.87', '0.92', '0.93', '0.92', '0.94', '0.94', '0.94', '0.92', '0.88', '0.88', '0.90', '0.89']
  halt_histogram %: [65.4, 24.9, 4.6, 1.3, 0.6, 0.3, 0.2, 0.2, 0.1, 0.1, 0.1, 0.1, 0.1, 0.0, 0.0, 2.0]
  Avg ACT steps (last 100): 1.31
  saved: /home/jvdillon/projects/sic/code/maze/ckpts/x11/step07000.pt acc=99.22% (0.056s)
Step  7000  Test 99.22% / 84.50% (halt: 99.26%/72.40%)  Train lm=0.7148±0.0037ϵ[0.7031,0.7227] n_halted=105.1980±7.1303ϵ[74.0000,119.0000]  TrainAcc 99.73%/67.90% (halt: 99.80%/88.10%)  (55.076s / 180.082s)
  n_active=128.0000±0.0000ϵ[128.0000,128.0000] n_expunged=0.0000±0.0000ϵ[0.0000,0.0000] pool_util=1.0000±0.0000ϵ[1.0000,1.0000]
  path_valid=98.70%, exact_match=81.90%
  eval_avg_halt_step: 1.27
  per_H_acc: ['H0=0.0%', 'H1=0.0%', 'H2=0.0%']
  H_cos: ['0.805', '0.879']
  z_H_delta: ['21.625', '19.625']
  cells: fixed=[0, 2] broken=[0, 0]
  per_ACT_cell_acc: ['H1=69.3%', 'H2=88.2%', 'H3=99.3%', 'H4=99.4%', 'H5=99.4%', 'H6=99.4%', 'H7=99.4%', 'H8=99.4%', 'H9=99.4%', 'H10=99.4%', 'H11=99.4%', 'H12=99.4%', 'H13=99.4%', 'H14=99.4%', 'H15=99.4%', 'H16=99.4%']
  per_ACT_puzzle_acc: ['H1=0.0%', 'H2=0.0%', 'H3=71.1%', 'H4=75.9%', 'H5=78.4%', 'H6=79.3%', 'H7=80.2%', 'H8=79.7%', 'H9=80.2%', 'H10=80.2%', 'H11=80.2%', 'H12=80.2%', 'H13=80.2%', 'H14=80.6%', 'H15=80.2%', 'H16=80.2%']
  mean_sigmoid_q_halt: ['0.019', '0.318', '0.840', '0.902', '0.930', '0.953', '0.973', '0.965', '0.965', '0.973', '0.969', '0.969', '0.969', '0.969', '0.969', '0.973']
  halt_rates: ['0.00', '0.00', '0.84', '0.90', '0.93', '0.96', '0.98', '0.97', '0.97', '0.98', '0.97', '0.97', '0.98', '0.97', '0.98', '0.98']
  halt_histogram %: [67.1, 23.9, 4.4, 1.2, 0.5, 0.3, 0.2, 0.1, 0.1, 0.1, 0.1, 0.1, 0.0, 0.0, 0.0, 1.8]
  Avg ACT steps (last 100): 1.12
  eval_avg_halt_step: 1.02
  per_H_acc: ['H0=0.0%', 'H1=0.0%', 'H2=0.0%']
  H_cos: ['0.801', '0.879']
  z_H_delta: ['21.625', '19.500']
  cells: fixed=[0, 0] broken=[0, 0]
  per_ACT_cell_acc: ['H1=69.5%', 'H2=88.8%', 'H3=100.0%', 'H4=100.0%', 'H5=100.0%', 'H6=100.0%', 'H7=100.0%', 'H8=100.0%', 'H9=100.0%', 'H10=100.0%', 'H11=100.0%', 'H12=100.0%', 'H13=100.0%', 'H14=100.0%', 'H15=100.0%', 'H16=100.0%']
  per_ACT_puzzle_acc: ['H1=0.0%', 'H2=0.0%', 'H3=99.0%', 'H4=99.0%', 'H5=97.1%', 'H6=97.1%', 'H7=98.1%', 'H8=97.1%', 'H9=97.1%', 'H10=98.1%', 'H11=96.2%', 'H12=96.2%', 'H13=97.1%', 'H14=97.1%', 'H15=96.2%', 'H16=97.1%']
  mean_sigmoid_q_halt: ['0.019', '0.322', '0.988', '0.984', '0.969', '0.977', '0.977', '0.977', '0.984', '0.984', '0.980', '0.984', '0.984', '0.992', '0.988', '0.988']
  halt_rates: ['0.00', '0.00', '0.99', '0.99', '0.97', '0.98', '0.98', '0.98', '0.99', '0.98', '0.98', '0.99', '0.99', '1.00', '0.99', '0.99']
  halt_histogram %: [67.1, 23.9, 4.4, 1.2, 0.5, 0.3, 0.2, 0.1, 0.1, 0.1, 0.1, 0.1, 0.0, 0.0, 0.0, 1.8]
  Avg ACT steps (last 100): 1.12
  saved: /home/jvdillon/projects/sic/code/maze/ckpts/x11/step07500.pt acc=99.48% (0.056s)
Step  7500  Test 99.48% / 92.10% (halt: 99.45%/80.30%)  Train lm=0.7148±0.0037ϵ[0.7031,0.7227] n_halted=106.2500±9.1441ϵ[4.0000,120.0000]  TrainAcc 99.98%/97.20% (halt: 99.98%/98.30%)  (55.047s / 180.343s)
  n_active=128.0000±0.0000ϵ[128.0000,128.0000] n_expunged=0.0000±0.0000ϵ[0.0000,0.0000] pool_util=1.0000±0.0000ϵ[1.0000,1.0000]
  path_valid=99.40%, exact_match=74.80%
  eval_avg_halt_step: 1.33
  per_H_acc: ['H0=0.0%', 'H1=0.0%', 'H2=0.0%']
  H_cos: ['0.840', '0.922']
  z_H_delta: ['22.000', '19.000']
  cells: fixed=[0, 3] broken=[0, 0]
  per_ACT_cell_acc: ['H1=76.7%', 'H2=94.0%', 'H3=99.1%', 'H4=99.2%', 'H5=99.3%', 'H6=99.3%', 'H7=99.3%', 'H8=99.3%', 'H9=99.3%', 'H10=99.3%', 'H11=99.3%', 'H12=99.3%', 'H13=99.3%', 'H14=99.3%', 'H15=99.3%', 'H16=99.3%']
  per_ACT_puzzle_acc: ['H1=0.0%', 'H2=0.0%', 'H3=62.1%', 'H4=73.7%', 'H5=75.9%', 'H6=76.7%', 'H7=77.6%', 'H8=76.7%', 'H9=76.7%', 'H10=76.3%', 'H11=76.3%', 'H12=76.3%', 'H13=76.3%', 'H14=76.7%', 'H15=75.0%', 'H16=74.1%']
  mean_sigmoid_q_halt: ['0.015', '0.103', '0.727', '0.863', '0.922', '0.949', '0.961', '0.961', '0.961', '0.961', '0.961', '0.961', '0.965', '0.965', '0.965', '0.961']
  halt_rates: ['0.00', '0.00', '0.73', '0.88', '0.96', '0.99', '0.99', '0.99', '0.99', '0.99', '0.99', '0.99', '0.99', '0.99', '0.99', '0.99']
  halt_histogram %: [68.7, 22.9, 4.1, 1.1, 0.5, 0.3, 0.2, 0.1, 0.1, 0.1, 0.1, 0.1, 0.0, 0.0, 0.0, 1.7]
  Avg ACT steps (last 100): 1.31
  eval_avg_halt_step: 1.10
  per_H_acc: ['H0=0.0%', 'H1=0.0%', 'H2=0.0%']
  H_cos: ['0.844', '0.922']
  z_H_delta: ['22.000', '19.125']
  cells: fixed=[0, 3] broken=[0, 0]
  per_ACT_cell_acc: ['H1=76.9%', 'H2=94.5%', 'H3=99.8%', 'H4=99.9%', 'H5=99.8%', 'H6=99.8%', 'H7=99.8%', 'H8=99.8%', 'H9=99.8%', 'H10=99.8%', 'H11=99.8%', 'H12=99.8%', 'H13=99.8%', 'H14=99.8%', 'H15=99.8%', 'H16=99.8%']
  per_ACT_puzzle_acc: ['H1=0.0%', 'H2=0.0%', 'H3=83.7%', 'H4=90.4%', 'H5=90.4%', 'H6=90.4%', 'H7=90.4%', 'H8=91.3%', 'H9=91.3%', 'H10=91.3%', 'H11=91.3%', 'H12=90.4%', 'H13=90.4%', 'H14=90.4%', 'H15=90.4%', 'H16=90.4%']
  mean_sigmoid_q_halt: ['0.015', '0.103', '0.906', '0.945', '0.961', '0.969', '0.969', '0.973', '0.977', '0.977', '0.973', '0.973', '0.973', '0.973', '0.973', '0.973']
  halt_rates: ['0.00', '0.00', '0.94', '0.97', '0.98', '0.99', '1.00', '1.00', '1.00', '1.00', '1.00', '1.00', '1.00', '1.00', '1.00', '1.00']
  halt_histogram %: [68.7, 22.9, 4.1, 1.1, 0.5, 0.3, 0.2, 0.1, 0.1, 0.1, 0.1, 0.1, 0.0, 0.0, 0.0, 1.7]
  Avg ACT steps (last 100): 1.31
  saved: /home/jvdillon/projects/sic/code/maze/ckpts/x11/step08000.pt acc=99.28% (0.054s)
Step  8000  Test 99.28% / 86.50% (halt: 99.26%/73.70%)  Train lm=0.7148±0.0033ϵ[0.7070,0.7305] n_halted=108.0420±8.6929ϵ[3.0000,120.0000]  TrainAcc 99.92%/89.40% (halt: 99.93%/93.20%)  (55.082s / 180.084s)
  n_active=128.0000±0.0000ϵ[128.0000,128.0000] n_expunged=0.0000±0.0000ϵ[0.0000,0.0000] pool_util=1.0000±0.0000ϵ[1.0000,1.0000]
  path_valid=99.30%, exact_match=83.90%
  eval_avg_halt_step: 1.27
  per_H_acc: ['H0=0.0%', 'H1=0.0%', 'H2=0.0%']
  H_cos: ['0.828', '0.949']
  z_H_delta: ['22.250', '14.562']
  cells: fixed=[0, 0] broken=[0, 0]
  per_ACT_cell_acc: ['H1=86.2%', 'H2=95.6%', 'H3=99.3%', 'H4=99.4%', 'H5=99.5%', 'H6=99.5%', 'H7=99.5%', 'H8=99.5%', 'H9=99.5%', 'H10=99.5%', 'H11=99.5%', 'H12=99.5%', 'H13=99.5%', 'H14=99.5%', 'H15=99.5%', 'H16=99.5%']
  per_ACT_puzzle_acc: ['H1=0.0%', 'H2=0.4%', 'H3=69.4%', 'H4=77.2%', 'H5=79.7%', 'H6=81.0%', 'H7=81.0%', 'H8=81.5%', 'H9=82.8%', 'H10=82.3%', 'H11=81.9%', 'H12=82.3%', 'H13=82.3%', 'H14=82.3%', 'H15=82.3%', 'H16=81.5%']
  mean_sigmoid_q_halt: ['0.040', '0.146', '0.793', '0.898', '0.941', '0.961', '0.965', '0.961', '0.977', '0.973', '0.965', '0.969', '0.977', '0.973', '0.973', '0.969']
  halt_rates: ['0.00', '0.00', '0.80', '0.91', '0.96', '0.97', '0.98', '0.97', '0.98', '0.99', '0.97', '0.98', '0.99', '0.98', '0.99', '0.98']
  halt_histogram %: [69.8, 22.3, 3.9, 1.0, 0.4, 0.3, 0.2, 0.1, 0.1, 0.1, 0.1, 0.0, 0.0, 0.0, 0.0, 1.5]
  Avg ACT steps (last 100): 1.20
  eval_avg_halt_step: 1.10
  per_H_acc: ['H0=0.0%', 'H1=0.0%', 'H2=0.0%']
  H_cos: ['0.828', '0.945']
  z_H_delta: ['22.250', '14.812']
  cells: fixed=[0, 0] broken=[0, 0]
  per_ACT_cell_acc: ['H1=86.3%', 'H2=95.8%', 'H3=99.9%', 'H4=99.9%', 'H5=100.0%', 'H6=100.0%', 'H7=100.0%', 'H8=100.0%', 'H9=100.0%', 'H10=100.0%', 'H11=100.0%', 'H12=100.0%', 'H13=100.0%', 'H14=100.0%', 'H15=100.0%', 'H16=100.0%']
  per_ACT_puzzle_acc: ['H1=0.0%', 'H2=0.0%', 'H3=91.3%', 'H4=97.1%', 'H5=97.1%', 'H6=99.0%', 'H7=99.0%', 'H8=99.0%', 'H9=99.0%', 'H10=98.1%', 'H11=99.0%', 'H12=99.0%', 'H13=99.0%', 'H14=99.0%', 'H15=99.0%', 'H16=99.0%']
  mean_sigmoid_q_halt: ['0.040', '0.145', '0.902', '0.949', '0.969', '0.973', '0.980', '0.984', '0.980', '0.977', '0.980', '0.980', '0.980', '0.980', '0.980', '0.973']
  halt_rates: ['0.00', '0.00', '0.90', '0.95', '0.98', '0.98', '0.99', '0.99', '0.99', '0.99', '0.99', '0.99', '0.99', '0.99', '0.99', '0.98']
  halt_histogram %: [69.8, 22.3, 3.9, 1.0, 0.4, 0.3, 0.2, 0.1, 0.1, 0.1, 0.1, 0.0, 0.0, 0.0, 0.0, 1.5]
  Avg ACT steps (last 100): 1.20
  saved: /home/jvdillon/projects/sic/code/maze/ckpts/x11/step08500.pt acc=99.51% (0.054s)
Step  8500  Test 99.51% / 90.70% (halt: 99.47%/81.10%)  Train lm=0.7148±0.0026ϵ[0.7070,0.7227] n_halted=105.4820±7.1473ϵ[71.0000,121.0000]  TrainAcc 99.98%/98.30% (halt: 99.98%/97.30%)  (55.080s / 180.247s)
  n_active=128.0000±0.0000ϵ[128.0000,128.0000] n_expunged=0.0000±0.0000ϵ[0.0000,0.0000] pool_util=1.0000±0.0000ϵ[1.0000,1.0000]
  path_valid=99.60%, exact_match=85.40%
  eval_avg_halt_step: 1.34
  per_H_acc: ['H0=0.0%', 'H1=0.0%', 'H2=0.0%']
  H_cos: ['0.895', '0.922']
  z_H_delta: ['21.625', '16.375']
  cells: fixed=[0, 0] broken=[0, 0]
  per_ACT_cell_acc: ['H1=87.4%', 'H2=93.0%', 'H3=99.2%', 'H4=99.4%', 'H5=99.5%', 'H6=99.5%', 'H7=99.5%', 'H8=99.5%', 'H9=99.5%', 'H10=99.5%', 'H11=99.5%', 'H12=99.5%', 'H13=99.5%', 'H14=99.5%', 'H15=99.5%', 'H16=99.5%']
  per_ACT_puzzle_acc: ['H1=0.0%', 'H2=0.0%', 'H3=63.4%', 'H4=79.7%', 'H5=83.6%', 'H6=85.3%', 'H7=85.3%', 'H8=85.3%', 'H9=85.3%', 'H10=85.3%', 'H11=85.3%', 'H12=85.3%', 'H13=85.3%', 'H14=85.3%', 'H15=85.3%', 'H16=85.3%']
  mean_sigmoid_q_halt: ['0.037', '0.092', '0.684', '0.914', '0.957', '0.980', '0.984', '0.988', '0.988', '0.988', '0.988', '0.988', '0.984', '0.984', '0.984', '0.984']
  halt_rates: ['0.00', '0.00', '0.69', '0.91', '0.97', '1.00', '1.00', '1.00', '1.00', '1.00', '1.00', '1.00', '1.00', '1.00', '1.00', '1.00']
  halt_histogram %: [70.8, 21.7, 3.8, 1.0, 0.4, 0.2, 0.2, 0.1, 0.1, 0.1, 0.1, 0.0, 0.0, 0.0, 0.0, 1.4]
  Avg ACT steps (last 100): 1.15
  eval_avg_halt_step: 1.09
  per_H_acc: ['H0=0.0%', 'H1=0.0%', 'H2=0.0%']
  H_cos: ['0.895', '0.922']
  z_H_delta: ['21.625', '16.500']
  cells: fixed=[0, 0] broken=[0, 0]
  per_ACT_cell_acc: ['H1=87.3%', 'H2=93.3%', 'H3=99.8%', 'H4=99.9%', 'H5=100.0%', 'H6=100.0%', 'H7=100.0%', 'H8=100.0%', 'H9=100.0%', 'H10=100.0%', 'H11=100.0%', 'H12=100.0%', 'H13=100.0%', 'H14=100.0%', 'H15=100.0%', 'H16=100.0%']
  per_ACT_puzzle_acc: ['H1=0.0%', 'H2=0.0%', 'H3=90.4%', 'H4=96.2%', 'H5=98.1%', 'H6=99.0%', 'H7=99.0%', 'H8=99.0%', 'H9=99.0%', 'H10=99.0%', 'H11=99.0%', 'H12=99.0%', 'H13=99.0%', 'H14=99.0%', 'H15=99.0%', 'H16=99.0%']
  mean_sigmoid_q_halt: ['0.037', '0.092', '0.891', '0.965', '0.980', '0.988', '0.988', '0.988', '0.988', '0.988', '0.988', '0.988', '0.988', '0.988', '0.984', '0.984']
  halt_rates: ['0.00', '0.00', '0.89', '0.97', '0.99', '1.00', '1.00', '1.00', '1.00', '1.00', '1.00', '1.00', '1.00', '1.00', '1.00', '1.00']
  halt_histogram %: [70.8, 21.7, 3.8, 1.0, 0.4, 0.2, 0.2, 0.1, 0.1, 0.1, 0.1, 0.0, 0.0, 0.0, 0.0, 1.4]
  Avg ACT steps (last 100): 1.15
  saved: /home/jvdillon/projects/sic/code/maze/ckpts/x11/step09000.pt acc=99.47% (0.055s)
Step  9000  Test 99.47% / 91.00% (halt: 99.46%/81.90%)  Train lm=0.7148±0.0034ϵ[0.6992,0.7227] n_halted=106.6980±7.7601ϵ[59.0000,120.0000]  TrainAcc 99.97%/99.10% (halt: 99.96%/96.10%)  (55.083s / 180.236s)
  n_active=128.0000±0.0000ϵ[128.0000,128.0000] n_expunged=0.0000±0.0000ϵ[0.0000,0.0000] pool_util=1.0000±0.0000ϵ[1.0000,1.0000]
  path_valid=98.30%, exact_match=83.50%
  eval_avg_halt_step: 1.51
  per_H_acc: ['H0=0.0%', 'H1=0.0%', 'H2=0.0%']
  H_cos: ['0.754', '0.965']
  z_H_delta: ['24.875', '14.250']
  cells: fixed=[4, 0] broken=[23, 6]
  per_ACT_cell_acc: ['H1=79.4%', 'H2=97.6%', 'H3=99.4%', 'H4=99.4%', 'H5=99.5%', 'H6=99.5%', 'H7=99.5%', 'H8=99.5%', 'H9=99.5%', 'H10=99.5%', 'H11=99.5%', 'H12=99.5%', 'H13=99.5%', 'H14=99.5%', 'H15=99.5%', 'H16=99.5%']
  per_ACT_puzzle_acc: ['H1=0.0%', 'H2=1.7%', 'H3=72.0%', 'H4=78.4%', 'H5=81.5%', 'H6=82.3%', 'H7=82.8%', 'H8=83.2%', 'H9=82.8%', 'H10=83.2%', 'H11=83.2%', 'H12=83.2%', 'H13=83.2%', 'H14=83.2%', 'H15=83.2%', 'H16=83.2%']
  mean_sigmoid_q_halt: ['0.033', '0.111', '0.773', '0.855', '0.895', '0.926', '0.938', '0.945', '0.941', '0.941', '0.945', '0.957', '0.953', '0.953', '0.957', '0.953']
  halt_rates: ['0.00', '0.01', '0.77', '0.86', '0.91', '0.93', '0.96', '0.96', '0.95', '0.95', '0.96', '0.97', '0.96', '0.96', '0.97', '0.97']
  halt_histogram %: [71.7, 21.2, 3.6, 0.9, 0.4, 0.2, 0.2, 0.1, 0.1, 0.1, 0.0, 0.0, 0.0, 0.0, 0.0, 1.3]
  Avg ACT steps (last 100): 1.22
  eval_avg_halt_step: 1.23
  per_H_acc: ['H0=0.0%', 'H1=0.0%', 'H2=0.0%']
  H_cos: ['0.754', '0.965']
  z_H_delta: ['24.875', '14.312']
  cells: fixed=[4, 0] broken=[11, 4]
  per_ACT_cell_acc: ['H1=79.7%', 'H2=98.0%', 'H3=99.9%', 'H4=99.9%', 'H5=99.9%', 'H6=99.9%', 'H7=99.9%', 'H8=99.9%', 'H9=100.0%', 'H10=100.0%', 'H11=100.0%', 'H12=100.0%', 'H13=100.0%', 'H14=99.9%', 'H15=99.9%', 'H16=100.0%']
  per_ACT_puzzle_acc: ['H1=0.0%', 'H2=1.0%', 'H3=93.3%', 'H4=95.2%', 'H5=97.1%', 'H6=98.1%', 'H7=99.0%', 'H8=99.0%', 'H9=99.0%', 'H10=99.0%', 'H11=99.0%', 'H12=99.0%', 'H13=99.0%', 'H14=99.0%', 'H15=99.0%', 'H16=99.0%']
  mean_sigmoid_q_halt: ['0.032', '0.119', '0.926', '0.953', '0.957', '0.969', '0.980', '0.984', '0.980', '0.984', '0.984', '0.980', '0.980', '0.980', '0.980', '0.980']
  halt_rates: ['0.00', '0.01', '0.94', '0.96', '0.96', '0.98', '0.99', '0.99', '0.99', '0.99', '0.99', '0.99', '0.99', '0.99', '0.99', '0.99']
  halt_histogram %: [71.7, 21.2, 3.6, 0.9, 0.4, 0.2, 0.2, 0.1, 0.1, 0.1, 0.0, 0.0, 0.0, 0.0, 0.0, 1.3]
  Avg ACT steps (last 100): 1.22
  saved: /home/jvdillon/projects/sic/code/maze/ckpts/x11/step09500.pt acc=99.45% (0.057s)
Step  9500  Test 99.45% / 91.70% (halt: 99.45%/81.60%)  Train lm=0.7148±0.0030ϵ[0.6914,0.7227] n_halted=107.0860±10.0557ϵ[0.0000,123.0000]  TrainAcc 99.95%/97.00% (halt: 99.94%/95.50%)  (55.099s / 180.284s)
  n_active=128.0000±0.0000ϵ[128.0000,128.0000] n_expunged=0.0000±0.0000ϵ[0.0000,0.0000] pool_util=1.0000±0.0000ϵ[1.0000,1.0000]
  path_valid=88.80%, exact_match=71.70%
  eval_avg_halt_step: 1.79
  per_H_acc: ['H0=25.2%', 'H1=0.0%', 'H2=0.0%']
  H_cos: ['0.637', '0.926']
  z_H_delta: ['26.625', '15.312']
  cells: fixed=[1, 0] broken=[52490, 31]
  per_ACT_cell_acc: ['H1=61.0%', 'H2=94.2%', 'H3=99.3%', 'H4=99.4%', 'H5=99.4%', 'H6=99.4%', 'H7=99.4%', 'H8=99.4%', 'H9=99.4%', 'H10=99.4%', 'H11=99.4%', 'H12=99.4%', 'H13=99.4%', 'H14=99.4%', 'H15=99.4%', 'H16=99.3%']
  per_ACT_puzzle_acc: ['H1=0.0%', 'H2=0.0%', 'H3=65.9%', 'H4=74.6%', 'H5=78.0%', 'H6=78.9%', 'H7=79.7%', 'H8=79.7%', 'H9=79.3%', 'H10=79.3%', 'H11=79.3%', 'H12=78.9%', 'H13=78.4%', 'H14=77.6%', 'H15=76.7%', 'H16=76.7%']
  mean_sigmoid_q_halt: ['0.091', '0.354', '0.727', '0.852', '0.891', '0.910', '0.910', '0.918', '0.922', '0.918', '0.918', '0.914', '0.902', '0.902', '0.895', '0.887']
  halt_rates: ['0.00', '0.01', '0.69', '0.83', '0.89', '0.91', '0.92', '0.93', '0.94', '0.93', '0.94', '0.94', '0.91', '0.91', '0.91', '0.89']
  halt_histogram %: [72.2, 21.0, 3.5, 0.9, 0.4, 0.2, 0.2, 0.1, 0.1, 0.1, 0.0, 0.0, 0.0, 0.0, 0.0, 1.2]
  Avg ACT steps (last 100): 1.15
  eval_avg_halt_step: 1.13
  per_H_acc: ['H0=25.3%', 'H1=0.0%', 'H2=0.0%']
  H_cos: ['0.637', '0.922']
  z_H_delta: ['26.625', '15.438']
  cells: fixed=[0, 0] broken=[23630, 16]
  per_ACT_cell_acc: ['H1=60.9%', 'H2=94.3%', 'H3=100.0%', 'H4=100.0%', 'H5=100.0%', 'H6=100.0%', 'H7=100.0%', 'H8=100.0%', 'H9=100.0%', 'H10=100.0%', 'H11=100.0%', 'H12=100.0%', 'H13=100.0%', 'H14=100.0%', 'H15=100.0%', 'H16=100.0%']
  per_ACT_puzzle_acc: ['H1=0.0%', 'H2=0.0%', 'H3=90.4%', 'H4=95.2%', 'H5=98.1%', 'H6=99.0%', 'H7=100.0%', 'H8=100.0%', 'H9=100.0%', 'H10=100.0%', 'H11=98.1%', 'H12=99.0%', 'H13=97.1%', 'H14=98.1%', 'H15=99.0%', 'H16=98.1%']
  mean_sigmoid_q_halt: ['0.091', '0.350', '0.902', '0.949', '0.961', '0.973', '0.984', '0.984', '0.988', '0.980', '0.984', '0.977', '0.980', '0.965', '0.969', '0.961']
  halt_rates: ['0.00', '0.00', '0.90', '0.96', '0.96', '1.00', '0.99', '0.99', '1.00', '1.00', '1.00', '0.99', '1.00', '0.98', '0.99', '0.97']
  halt_histogram %: [72.2, 21.0, 3.5, 0.9, 0.4, 0.2, 0.2, 0.1, 0.1, 0.1, 0.0, 0.0, 0.0, 0.0, 0.0, 1.2]
  Avg ACT steps (last 100): 1.15
  saved: /home/jvdillon/projects/sic/code/maze/ckpts/x11/step10000.pt acc=99.29% (0.060s)
Step 10000  Test 99.29% / 77.40% (halt: 99.38%/78.20%)  Train lm=0.7148±0.0033ϵ[0.6875,0.7227] n_halted=101.9140±12.4866ϵ[22.0000,121.0000]  TrainAcc 99.91%/90.70% (halt: 99.97%/98.10%)  (55.315s / 180.253s)
  n_active=128.0000±0.0000ϵ[128.0000,128.0000] n_expunged=0.0000±0.0000ϵ[0.0000,0.0000] pool_util=1.0000±0.0000ϵ[1.0000,1.0000]
  path_valid=99.60%, exact_match=84.20%
  eval_avg_halt_step: 1.23
  per_H_acc: ['H0=0.0%', 'H1=0.0%', 'H2=0.0%']
  H_cos: ['0.512', '0.887']
  z_H_delta: ['23.750', '21.000']
  cells: fixed=[0, 0] broken=[98, 0]
  per_ACT_cell_acc: ['H1=47.0%', 'H2=93.1%', 'H3=99.3%', 'H4=99.4%', 'H5=99.4%', 'H6=99.5%', 'H7=99.4%', 'H8=99.4%', 'H9=99.5%', 'H10=99.4%', 'H11=99.5%', 'H12=99.5%', 'H13=99.5%', 'H14=99.5%', 'H15=99.5%', 'H16=99.5%']
  per_ACT_puzzle_acc: ['H1=0.0%', 'H2=0.0%', 'H3=69.8%', 'H4=80.6%', 'H5=82.8%', 'H6=83.2%', 'H7=83.2%', 'H8=83.2%', 'H9=83.2%', 'H10=83.2%', 'H11=83.2%', 'H12=83.2%', 'H13=83.2%', 'H14=83.6%', 'H15=83.6%', 'H16=83.2%']
  mean_sigmoid_q_halt: ['0.153', '0.400', '0.797', '0.934', '0.965', '0.973', '0.977', '0.980', '0.977', '0.980', '0.980', '0.980', '0.984', '0.984', '0.984', '0.984']
  halt_rates: ['0.00', '0.05', '0.83', '0.94', '0.98', '0.98', '0.99', '0.99', '0.98', '0.99', '0.99', '0.99', '1.00', '1.00', '1.00', '0.99']
  halt_histogram %: [72.8, 20.7, 3.4, 0.9, 0.4, 0.2, 0.2, 0.1, 0.1, 0.1, 0.0, 0.0, 0.0, 0.0, 0.0, 1.2]
  Avg ACT steps (last 100): 1.21
  eval_avg_halt_step: 1.05
  per_H_acc: ['H0=0.1%', 'H1=0.0%', 'H2=0.0%']
  H_cos: ['0.512', '0.887']
  z_H_delta: ['23.750', '21.125']
  cells: fixed=[2, 0] broken=[47, 2]
  per_ACT_cell_acc: ['H1=47.1%', 'H2=93.5%', 'H3=99.9%', 'H4=99.9%', 'H5=100.0%', 'H6=100.0%', 'H7=100.0%', 'H8=100.0%', 'H9=100.0%', 'H10=100.0%', 'H11=100.0%', 'H12=100.0%', 'H13=100.0%', 'H14=100.0%', 'H15=100.0%', 'H16=100.0%']
  per_ACT_puzzle_acc: ['H1=0.0%', 'H2=0.0%', 'H3=95.2%', 'H4=97.1%', 'H5=98.1%', 'H6=99.0%', 'H7=99.0%', 'H8=99.0%', 'H9=99.0%', 'H10=99.0%', 'H11=99.0%', 'H12=99.0%', 'H13=99.0%', 'H14=99.0%', 'H15=99.0%', 'H16=99.0%']
  mean_sigmoid_q_halt: ['0.151', '0.406', '0.965', '0.977', '0.988', '0.992', '0.992', '0.992', '0.988', '0.988', '0.984', '0.984', '0.984', '0.984', '0.988', '0.984']
  halt_rates: ['0.00', '0.04', '0.99', '0.99', '1.00', '1.00', '1.00', '1.00', '1.00', '1.00', '1.00', '0.99', '0.99', '0.99', '1.00', '0.99']
  halt_histogram %: [72.8, 20.7, 3.4, 0.9, 0.4, 0.2, 0.2, 0.1, 0.1, 0.1, 0.0, 0.0, 0.0, 0.0, 0.0, 1.2]
  Avg ACT steps (last 100): 1.21
  saved: /home/jvdillon/projects/sic/code/maze/ckpts/x11/step10500.pt acc=99.48% (0.055s)
Step 10500  Test 99.48% / 92.20% (halt: 99.45%/79.00%)  Train lm=0.7148±0.0047ϵ[0.6875,0.7617] n_halted=103.2620±16.0708ϵ[3.0000,120.0000]  TrainAcc 99.97%/98.90% (halt: 99.96%/97.30%)  (55.102s / 180.271s)
  n_active=128.0000±0.0000ϵ[128.0000,128.0000] n_expunged=0.0000±0.0000ϵ[0.0000,0.0000] pool_util=1.0000±0.0000ϵ[1.0000,1.0000]
  path_valid=97.00%, exact_match=77.00%
  eval_avg_halt_step: 1.50
  per_H_acc: ['H0=0.0%', 'H1=0.0%', 'H2=0.0%']
  H_cos: ['0.754', '0.895']
  z_H_delta: ['25.000', '16.875']
  cells: fixed=[17, 0] broken=[22, 17]
  per_ACT_cell_acc: ['H1=64.5%', 'H2=90.8%', 'H3=99.1%', 'H4=99.2%', 'H5=99.2%', 'H6=99.2%', 'H7=99.3%', 'H8=99.3%', 'H9=99.3%', 'H10=99.3%', 'H11=99.3%', 'H12=99.3%', 'H13=99.3%', 'H14=99.3%', 'H15=99.3%', 'H16=99.3%']
  per_ACT_puzzle_acc: ['H1=0.0%', 'H2=0.0%', 'H3=65.5%', 'H4=75.4%', 'H5=76.7%', 'H6=77.6%', 'H7=77.6%', 'H8=78.0%', 'H9=78.0%', 'H10=78.4%', 'H11=78.4%', 'H12=77.6%', 'H13=78.0%', 'H14=78.0%', 'H15=78.0%', 'H16=76.7%']
  mean_sigmoid_q_halt: ['0.098', '0.365', '0.770', '0.887', '0.914', '0.934', '0.938', '0.934', '0.934', '0.938', '0.930', '0.926', '0.926', '0.926', '0.926', '0.914']
  halt_rates: ['0.00', '0.04', '0.78', '0.91', '0.94', '0.97', '0.97', '0.98', '0.98', '0.99', '0.98', '0.98', '0.98', '0.98', '0.98', '0.97']
  halt_histogram %: [73.5, 20.2, 3.3, 0.8, 0.4, 0.2, 0.1, 0.1, 0.1, 0.1, 0.0, 0.0, 0.0, 0.0, 0.0, 1.1]
  Avg ACT steps (last 100): 1.19
  eval_avg_halt_step: 1.20
  per_H_acc: ['H0=0.0%', 'H1=0.0%', 'H2=0.0%']
  H_cos: ['0.754', '0.891']
  z_H_delta: ['25.000', '17.000']
  cells: fixed=[7, 0] broken=[13, 7]
  per_ACT_cell_acc: ['H1=64.2%', 'H2=90.7%', 'H3=99.9%', 'H4=99.9%', 'H5=99.9%', 'H6=99.9%', 'H7=99.9%', 'H8=99.9%', 'H9=99.9%', 'H10=99.9%', 'H11=99.9%', 'H12=99.9%', 'H13=100.0%', 'H14=100.0%', 'H15=99.9%', 'H16=99.9%']
  per_ACT_puzzle_acc: ['H1=0.0%', 'H2=0.0%', 'H3=88.5%', 'H4=95.2%', 'H5=96.2%', 'H6=97.1%', 'H7=97.1%', 'H8=97.1%', 'H9=97.1%', 'H10=97.1%', 'H11=96.2%', 'H12=96.2%', 'H13=96.2%', 'H14=96.2%', 'H15=97.1%', 'H16=97.1%']
  mean_sigmoid_q_halt: ['0.097', '0.373', '0.895', '0.945', '0.941', '0.945', '0.941', '0.934', '0.934', '0.922', '0.914', '0.914', '0.910', '0.926', '0.926', '0.930']
  halt_rates: ['0.00', '0.10', '0.90', '0.96', '0.96', '0.98', '0.98', '0.97', '0.98', '0.96', '0.96', '0.97', '0.97', '0.99', '0.98', '0.99']
  halt_histogram %: [73.5, 20.2, 3.3, 0.8, 0.4, 0.2, 0.1, 0.1, 0.1, 0.1, 0.0, 0.0, 0.0, 0.0, 0.0, 1.1]
  Avg ACT steps (last 100): 1.19
  saved: /home/jvdillon/projects/sic/code/maze/ckpts/x11/step11000.pt acc=99.22% (0.055s)
Step 11000  Test 99.22% / 84.30% (halt: 99.24%/77.80%)  Train lm=0.7148±0.0027ϵ[0.7031,0.7266] n_halted=108.3980±8.7515ϵ[25.0000,121.0000]  TrainAcc 99.86%/93.20% (halt: 99.88%/95.10%)  (55.091s / 180.287s)
  n_active=128.0000±0.0000ϵ[128.0000,128.0000] n_expunged=0.0000±0.0000ϵ[0.0000,0.0000] pool_util=1.0000±0.0000ϵ[1.0000,1.0000]
  path_valid=99.70%, exact_match=83.00%
  eval_avg_halt_step: 1.21
  per_H_acc: ['H0=0.0%', 'H1=0.0%', 'H2=0.0%']
  H_cos: ['0.812', '0.918']
  z_H_delta: ['24.375', '18.125']
  cells: fixed=[14, 1] broken=[21, 14]
  per_ACT_cell_acc: ['H1=80.0%', 'H2=92.2%', 'H3=99.3%', 'H4=99.3%', 'H5=99.4%', 'H6=99.4%', 'H7=99.4%', 'H8=99.4%', 'H9=99.4%', 'H10=99.4%', 'H11=99.4%', 'H12=99.4%', 'H13=99.4%', 'H14=99.4%', 'H15=99.4%', 'H16=99.4%']
  per_ACT_puzzle_acc: ['H1=0.0%', 'H2=0.0%', 'H3=72.8%', 'H4=78.4%', 'H5=79.7%', 'H6=81.5%', 'H7=81.0%', 'H8=80.6%', 'H9=80.6%', 'H10=80.6%', 'H11=80.2%', 'H12=81.0%', 'H13=80.2%', 'H14=80.2%', 'H15=80.2%', 'H16=80.6%']
  mean_sigmoid_q_halt: ['0.081', '0.125', '0.848', '0.938', '0.953', '0.973', '0.977', '0.980', '0.980', '0.980', '0.973', '0.977', '0.977', '0.973', '0.969', '0.973']
  halt_rates: ['0.00', '0.00', '0.86', '0.95', '0.95', '0.99', '0.99', '0.99', '0.99', '0.99', '0.98', '0.99', '0.98', '0.98', '0.97', '0.99']
  halt_histogram %: [74.0, 19.9, 3.2, 0.8, 0.3, 0.2, 0.1, 0.1, 0.1, 0.1, 0.0, 0.0, 0.0, 0.0, 0.0, 1.1]
  Avg ACT steps (last 100): 1.12
  eval_avg_halt_step: 1.04
  per_H_acc: ['H0=0.0%', 'H1=0.0%', 'H2=0.0%']
  H_cos: ['0.812', '0.922']
  z_H_delta: ['24.500', '18.250']
  cells: fixed=[2, 0] broken=[11, 2]
  per_ACT_cell_acc: ['H1=80.3%', 'H2=92.6%', 'H3=99.9%', 'H4=100.0%', 'H5=99.9%', 'H6=100.0%', 'H7=100.0%', 'H8=99.9%', 'H9=100.0%', 'H10=100.0%', 'H11=100.0%', 'H12=99.9%', 'H13=100.0%', 'H14=100.0%', 'H15=99.9%', 'H16=99.9%']
  per_ACT_puzzle_acc: ['H1=0.0%', 'H2=0.0%', 'H3=92.3%', 'H4=96.2%', 'H5=97.1%', 'H6=99.0%', 'H7=99.0%', 'H8=97.1%', 'H9=97.1%', 'H10=99.0%', 'H11=97.1%', 'H12=97.1%', 'H13=98.1%', 'H14=98.1%', 'H15=97.1%', 'H16=97.1%']
  mean_sigmoid_q_halt: ['0.083', '0.132', '0.938', '0.961', '0.977', '0.984', '0.992', '0.980', '0.977', '0.988', '0.980', '0.980', '0.980', '0.984', '0.980', '0.977']
  halt_rates: ['0.00', '0.00', '0.94', '0.97', '0.99', '1.00', '1.00', '0.99', '0.98', '1.00', '0.99', '0.98', '0.99', '0.99', '0.99', '0.99']
  halt_histogram %: [74.0, 19.9, 3.2, 0.8, 0.3, 0.2, 0.1, 0.1, 0.1, 0.1, 0.0, 0.0, 0.0, 0.0, 0.0, 1.1]
  Avg ACT steps (last 100): 1.12
  saved: /home/jvdillon/projects/sic/code/maze/ckpts/x11/step11500.pt acc=99.45% (0.056s)
Step 11500  Test 99.45% / 89.00% (halt: 99.45%/81.50%)  Train lm=0.7109±0.0079ϵ[0.6719,0.7227] n_halted=98.9100±25.8440ϵ[0.0000,121.0000]  TrainAcc 99.97%/98.60% (halt: 99.98%/98.00%)  (55.085s / 180.272s)
  n_active=128.0000±0.0000ϵ[128.0000,128.0000] n_expunged=0.0000±0.0000ϵ[0.0000,0.0000] pool_util=1.0000±0.0000ϵ[1.0000,1.0000]
  path_valid=99.80%, exact_match=81.20%
  eval_avg_halt_step: 1.29
  per_H_acc: ['H0=0.1%', 'H1=0.1%', 'H2=0.0%']
  H_cos: ['0.260', '0.875']
  z_H_delta: ['24.750', '21.875']
  cells: fixed=[107, 0] broken=[220, 110]
  per_ACT_cell_acc: ['H1=41.6%', 'H2=89.6%', 'H3=99.2%', 'H4=99.5%', 'H5=99.5%', 'H6=99.6%', 'H7=99.5%', 'H8=99.6%', 'H9=99.6%', 'H10=99.6%', 'H11=99.6%', 'H12=99.6%', 'H13=99.6%', 'H14=99.6%', 'H15=99.6%', 'H16=99.6%']
  per_ACT_puzzle_acc: ['H1=0.0%', 'H2=0.0%', 'H3=62.1%', 'H4=77.2%', 'H5=82.8%', 'H6=83.2%', 'H7=83.2%', 'H8=83.6%', 'H9=84.1%', 'H10=84.5%', 'H11=84.1%', 'H12=84.1%', 'H13=84.1%', 'H14=84.1%', 'H15=84.1%', 'H16=84.1%']
  mean_sigmoid_q_halt: ['0.094', '0.092', '0.730', '0.863', '0.918', '0.949', '0.961', '0.961', '0.961', '0.965', '0.965', '0.969', '0.965', '0.969', '0.969', '0.965']
  halt_rates: ['0.00', '0.00', '0.73', '0.87', '0.94', '0.98', '0.98', '0.98', '0.99', '0.99', '0.99', '1.00', '1.00', '1.00', '1.00', '0.99']
  halt_histogram %: [74.6, 19.5, 3.1, 0.8, 0.3, 0.2, 0.1, 0.1, 0.1, 0.1, 0.0, 0.0, 0.0, 0.0, 0.0, 1.0]
  Avg ACT steps (last 100): 1.25
  eval_avg_halt_step: 1.11
  per_H_acc: ['H0=0.1%', 'H1=0.1%', 'H2=0.0%']
  H_cos: ['0.248', '0.875']
  z_H_delta: ['24.875', '22.125']
  cells: fixed=[54, 0] broken=[100, 56]
  per_ACT_cell_acc: ['H1=41.2%', 'H2=89.5%', 'H3=99.9%', 'H4=100.0%', 'H5=100.0%', 'H6=100.0%', 'H7=100.0%', 'H8=100.0%', 'H9=100.0%', 'H10=100.0%', 'H11=100.0%', 'H12=100.0%', 'H13=100.0%', 'H14=100.0%', 'H15=100.0%', 'H16=100.0%']
  per_ACT_puzzle_acc: ['H1=0.0%', 'H2=0.0%', 'H3=84.6%', 'H4=99.0%', 'H5=99.0%', 'H6=99.0%', 'H7=99.0%', 'H8=100.0%', 'H9=99.0%', 'H10=99.0%', 'H11=98.1%', 'H12=98.1%', 'H13=98.1%', 'H14=98.1%', 'H15=98.1%', 'H16=98.1%']
  mean_sigmoid_q_halt: ['0.092', '0.090', '0.879', '0.973', '0.980', '0.980', '0.977', '0.984', '0.980', '0.973', '0.977', '0.977', '0.973', '0.969', '0.969', '0.969']
  halt_rates: ['0.00', '0.00', '0.90', '0.98', '0.99', '0.99', '0.99', '1.00', '1.00', '0.99', '0.99', '0.99', '0.99', '0.99', '0.99', '0.99']
  halt_histogram %: [74.6, 19.5, 3.1, 0.8, 0.3, 0.2, 0.1, 0.1, 0.1, 0.1, 0.0, 0.0, 0.0, 0.0, 0.0, 1.0]
  Avg ACT steps (last 100): 1.25
  saved: /home/jvdillon/projects/sic/code/maze/ckpts/x11/step12000.pt acc=99.50% (0.055s)
Step 12000  Test 99.50% / 91.30% (halt: 99.47%/79.60%)  Train lm=0.7148±0.0028ϵ[0.6953,0.7266] n_halted=108.9960±7.6397ϵ[30.0000,122.0000]  TrainAcc 99.98%/95.50% (halt: 99.98%/96.80%)  (55.111s / 180.515s)
  n_active=128.0000±0.0000ϵ[128.0000,128.0000] n_expunged=0.0000±0.0000ϵ[0.0000,0.0000] pool_util=1.0000±0.0000ϵ[1.0000,1.0000]
  path_valid=94.40%, exact_match=80.80%
  eval_avg_halt_step: 1.14
  per_H_acc: ['H0=0.0%', 'H1=0.0%', 'H2=0.0%']
  H_cos: ['0.648', '0.953']
  z_H_delta: ['23.250', '15.062']
  cells: fixed=[2, 0] broken=[86, 2]
  per_ACT_cell_acc: ['H1=60.5%', 'H2=97.0%', 'H3=99.4%', 'H4=99.4%', 'H5=99.4%', 'H6=99.4%', 'H7=99.4%', 'H8=99.4%', 'H9=99.4%', 'H10=99.4%', 'H11=99.4%', 'H12=99.4%', 'H13=99.4%', 'H14=99.4%', 'H15=99.4%', 'H16=99.4%']
  per_ACT_puzzle_acc: ['H1=0.0%', 'H2=0.0%', 'H3=76.7%', 'H4=81.9%', 'H5=81.9%', 'H6=82.3%', 'H7=80.2%', 'H8=80.6%', 'H9=80.6%', 'H10=80.6%', 'H11=79.7%', 'H12=79.7%', 'H13=79.7%', 'H14=79.3%', 'H15=79.7%', 'H16=79.7%']
  mean_sigmoid_q_halt: ['0.270', '0.295', '0.859', '0.953', '0.969', '0.973', '0.977', '0.977', '0.980', '0.977', '0.980', '0.984', '0.980', '0.977', '0.980', '0.980']
  halt_rates: ['0.00', '0.04', '0.86', '0.97', '0.99', '1.00', '1.00', '1.00', '1.00', '1.00', '1.00', '1.00', '1.00', '1.00', '1.00', '1.00']
  halt_histogram %: [75.1, 19.1, 3.1, 0.7, 0.3, 0.2, 0.1, 0.1, 0.1, 0.1, 0.0, 0.0, 0.0, 0.0, 0.0, 1.0]
  Avg ACT steps (last 100): 1.12
  eval_avg_halt_step: 1.02
  per_H_acc: ['H0=0.0%', 'H1=0.0%', 'H2=0.0%']
  H_cos: ['0.648', '0.957']
  z_H_delta: ['23.375', '15.062']
  cells: fixed=[0, 0] broken=[42, 0]
  per_ACT_cell_acc: ['H1=60.4%', 'H2=97.7%', 'H3=100.0%', 'H4=100.0%', 'H5=100.0%', 'H6=100.0%', 'H7=100.0%', 'H8=100.0%', 'H9=100.0%', 'H10=100.0%', 'H11=100.0%', 'H12=100.0%', 'H13=100.0%', 'H14=100.0%', 'H15=100.0%', 'H16=100.0%']
  per_ACT_puzzle_acc: ['H1=0.0%', 'H2=0.0%', 'H3=99.0%', 'H4=100.0%', 'H5=100.0%', 'H6=99.0%', 'H7=99.0%', 'H8=100.0%', 'H9=99.0%', 'H10=99.0%', 'H11=99.0%', 'H12=99.0%', 'H13=99.0%', 'H14=99.0%', 'H15=99.0%', 'H16=99.0%']
  mean_sigmoid_q_halt: ['0.270', '0.285', '0.980', '0.996', '0.992', '0.988', '0.988', '0.984', '0.988', '0.988', '0.988', '0.984', '0.984', '0.984', '0.984', '0.984']
  halt_rates: ['0.00', '0.03', '0.99', '1.00', '1.00', '1.00', '1.00', '1.00', '1.00', '1.00', '1.00', '1.00', '1.00', '1.00', '1.00', '1.00']
  halt_histogram %: [75.1, 19.1, 3.1, 0.7, 0.3, 0.2, 0.1, 0.1, 0.1, 0.1, 0.0, 0.0, 0.0, 0.0, 0.0, 1.0]
  Avg ACT steps (last 100): 1.12
  saved: /home/jvdillon/projects/sic/code/maze/ckpts/x11/step12500.pt acc=99.47% (0.055s)
Step 12500  Test 99.47% / 86.30% (halt: 99.48%/83.40%)  Train lm=0.7148±0.0033ϵ[0.6875,0.7266] n_halted=107.2900±12.9650ϵ[1.0000,123.0000]  TrainAcc 99.99%/96.20% (halt: 99.99%/99.50%)  (55.111s / 180.361s)
  n_active=128.0000±0.0000ϵ[128.0000,128.0000] n_expunged=0.0000±0.0000ϵ[0.0000,0.0000] pool_util=1.0000±0.0000ϵ[1.0000,1.0000]
  path_valid=92.70%, exact_match=79.00%
  eval_avg_halt_step: 1.37
  per_H_acc: ['H0=0.0%', 'H1=0.7%', 'H2=0.0%']
  H_cos: ['0.594', '0.918']
  z_H_delta: ['22.000', '18.250']
  cells: fixed=[1385, 0] broken=[0, 1385]
  per_ACT_cell_acc: ['H1=68.6%', 'H2=96.7%', 'H3=99.3%', 'H4=99.4%', 'H5=99.4%', 'H6=99.4%', 'H7=99.4%', 'H8=99.4%', 'H9=99.4%', 'H10=99.4%', 'H11=99.4%', 'H12=99.4%', 'H13=99.4%', 'H14=99.4%', 'H15=99.4%', 'H16=99.4%']
  per_ACT_puzzle_acc: ['H1=0.0%', 'H2=0.9%', 'H3=72.8%', 'H4=79.3%', 'H5=81.9%', 'H6=81.9%', 'H7=81.5%', 'H8=81.5%', 'H9=81.9%', 'H10=81.5%', 'H11=81.5%', 'H12=81.9%', 'H13=81.9%', 'H14=81.9%', 'H15=81.9%', 'H16=82.8%']
  mean_sigmoid_q_halt: ['0.375', '0.303', '0.828', '0.887', '0.906', '0.918', '0.930', '0.938', '0.941', '0.938', '0.938', '0.941', '0.941', '0.945', '0.945', '0.945']
  halt_rates: ['0.00', '0.05', '0.83', '0.91', '0.93', '0.94', '0.96', '0.95', '0.96', '0.95', '0.95', '0.95', '0.96', '0.96', '0.96', '0.96']
  halt_histogram %: [75.5, 18.9, 3.0, 0.7, 0.3, 0.2, 0.1, 0.1, 0.1, 0.1, 0.0, 0.0, 0.0, 0.0, 0.0, 0.9]
  Avg ACT steps (last 100): 1.16
  eval_avg_halt_step: 1.10
  per_H_acc: ['H0=0.0%', 'H1=0.6%', 'H2=0.0%']
  H_cos: ['0.594', '0.918']
  z_H_delta: ['22.000', '18.250']
  cells: fixed=[516, 0] broken=[0, 516]
  per_ACT_cell_acc: ['H1=68.2%', 'H2=97.3%', 'H3=99.9%', 'H4=100.0%', 'H5=100.0%', 'H6=100.0%', 'H7=100.0%', 'H8=100.0%', 'H9=100.0%', 'H10=100.0%', 'H11=100.0%', 'H12=100.0%', 'H13=100.0%', 'H14=100.0%', 'H15=100.0%', 'H16=100.0%']
  per_ACT_puzzle_acc: ['H1=0.0%', 'H2=0.0%', 'H3=93.3%', 'H4=97.1%', 'H5=97.1%', 'H6=97.1%', 'H7=98.1%', 'H8=98.1%', 'H9=97.1%', 'H10=97.1%', 'H11=97.1%', 'H12=97.1%', 'H13=97.1%', 'H14=97.1%', 'H15=97.1%', 'H16=97.1%']
  mean_sigmoid_q_halt: ['0.375', '0.312', '0.945', '0.949', '0.973', '0.973', '0.980', '0.980', '0.980', '0.980', '0.980', '0.973', '0.977', '0.977', '0.977', '0.973']
  halt_rates: ['0.00', '0.05', '0.95', '0.95', '0.98', '0.99', '0.99', '0.99', '0.99', '0.99', '0.99', '0.98', '0.99', '0.99', '0.99', '0.99']
  halt_histogram %: [75.5, 18.9, 3.0, 0.7, 0.3, 0.2, 0.1, 0.1, 0.1, 0.1, 0.0, 0.0, 0.0, 0.0, 0.0, 0.9]
  Avg ACT steps (last 100): 1.16
  saved: /home/jvdillon/projects/sic/code/maze/ckpts/x11/step13000.pt acc=99.41% (0.054s)
Step 13000  Test 99.41% / 84.40% (halt: 99.44%/81.70%)  Train lm=0.7148±0.0027ϵ[0.7070,0.7344] n_halted=107.4420±6.9748ϵ[64.0000,121.0000]  TrainAcc 99.94%/95.30% (halt: 99.95%/96.60%)  (55.139s / 180.317s)
  n_active=128.0000±0.0000ϵ[128.0000,128.0000] n_expunged=0.0000±0.0000ϵ[0.0000,0.0000] pool_util=1.0000±0.0000ϵ[1.0000,1.0000]
  path_valid=72.20%, exact_match=60.40%
  eval_avg_halt_step: 1.44
  per_H_acc: ['H0=0.1%', 'H1=0.0%', 'H2=0.0%']
  H_cos: ['0.637', '0.934']
  z_H_delta: ['22.500', '16.625']
  cells: fixed=[3, 0] broken=[190, 3]
  per_ACT_cell_acc: ['H1=48.7%', 'H2=94.1%', 'H3=99.2%', 'H4=99.3%', 'H5=99.3%', 'H6=99.3%', 'H7=99.4%', 'H8=99.4%', 'H9=99.4%', 'H10=99.4%', 'H11=99.4%', 'H12=99.4%', 'H13=99.4%', 'H14=99.4%', 'H15=99.4%', 'H16=99.4%']
  per_ACT_puzzle_acc: ['H1=0.0%', 'H2=0.0%', 'H3=65.5%', 'H4=76.3%', 'H5=78.4%', 'H6=78.9%', 'H7=80.2%', 'H8=79.7%', 'H9=79.7%', 'H10=79.3%', 'H11=78.9%', 'H12=77.2%', 'H13=75.0%', 'H14=72.8%', 'H15=69.0%', 'H16=67.7%']
  mean_sigmoid_q_halt: ['0.439', '0.387', '0.758', '0.867', '0.922', '0.938', '0.945', '0.953', '0.949', '0.953', '0.949', '0.949', '0.945', '0.949', '0.938', '0.922']
  halt_rates: ['0.02', '0.10', '0.76', '0.88', '0.94', '0.95', '0.97', '0.97', '0.96', '0.97', '0.96', '0.96', '0.96', '0.96', '0.95', '0.94']
  halt_histogram %: [76.0, 18.6, 2.9, 0.7, 0.3, 0.2, 0.1, 0.1, 0.1, 0.0, 0.0, 0.0, 0.0, 0.0, 0.0, 0.9]
  Avg ACT steps (last 100): 1.12
  eval_avg_halt_step: 1.10
  per_H_acc: ['H0=0.1%', 'H1=0.0%', 'H2=0.0%']
  H_cos: ['0.637', '0.934']
  z_H_delta: ['22.625', '16.750']
  cells: fixed=[0, 0] broken=[81, 1]
  per_ACT_cell_acc: ['H1=48.5%', 'H2=94.2%', 'H3=99.9%', 'H4=99.9%', 'H5=100.0%', 'H6=100.0%', 'H7=100.0%', 'H8=100.0%', 'H9=100.0%', 'H10=99.9%', 'H11=99.9%', 'H12=99.9%', 'H13=99.9%', 'H14=99.9%', 'H15=99.9%', 'H16=99.9%']
  per_ACT_puzzle_acc: ['H1=0.0%', 'H2=0.0%', 'H3=92.3%', 'H4=97.1%', 'H5=98.1%', 'H6=99.0%', 'H7=98.1%', 'H8=98.1%', 'H9=97.1%', 'H10=93.3%', 'H11=91.3%', 'H12=89.4%', 'H13=89.4%', 'H14=89.4%', 'H15=88.5%', 'H16=84.6%']
  mean_sigmoid_q_halt: ['0.436', '0.385', '0.898', '0.953', '0.965', '0.980', '0.980', '0.977', '0.980', '0.977', '0.969', '0.953', '0.938', '0.934', '0.934', '0.930']
  halt_rates: ['0.01', '0.14', '0.91', '0.97', '0.97', '0.99', '0.99', '0.99', '0.99', '0.99', '0.98', '0.97', '0.95', '0.94', '0.94', '0.94']
  halt_histogram %: [76.0, 18.6, 2.9, 0.7, 0.3, 0.2, 0.1, 0.1, 0.1, 0.0, 0.0, 0.0, 0.0, 0.0, 0.0, 0.9]
  Avg ACT steps (last 100): 1.12
  saved: /home/jvdillon/projects/sic/code/maze/ckpts/x11/step13500.pt acc=99.40% (0.056s)
Step 13500  Test 99.40% / 64.00% (halt: 99.49%/79.90%)  Train lm=0.7148±0.0023ϵ[0.7070,0.7227] n_halted=108.2880±8.5949ϵ[28.0000,121.0000]  TrainAcc 99.86%/70.40% (halt: 99.95%/95.90%)  (55.093s / 180.311s)
  n_active=128.0000±0.0000ϵ[128.0000,128.0000] n_expunged=0.0000±0.0000ϵ[0.0000,0.0000] pool_util=1.0000±0.0000ϵ[1.0000,1.0000]
  path_valid=92.00%, exact_match=68.00%
  eval_avg_halt_step: 1.24
  per_H_acc: ['H0=0.0%', 'H1=0.0%', 'H2=0.0%']
  H_cos: ['0.676', '0.930']
  z_H_delta: ['20.500', '19.500']
  cells: fixed=[4, 0] broken=[0, 4]
  per_ACT_cell_acc: ['H1=55.2%', 'H2=95.5%', 'H3=99.4%', 'H4=99.4%', 'H5=99.4%', 'H6=99.4%', 'H7=99.4%', 'H8=99.4%', 'H9=99.4%', 'H10=99.4%', 'H11=99.4%', 'H12=99.4%', 'H13=99.4%', 'H14=99.4%', 'H15=99.4%', 'H16=99.4%']
  per_ACT_puzzle_acc: ['H1=0.0%', 'H2=0.0%', 'H3=72.8%', 'H4=80.2%', 'H5=81.0%', 'H6=81.5%', 'H7=81.0%', 'H8=80.6%', 'H9=80.2%', 'H10=80.2%', 'H11=80.6%', 'H12=79.7%', 'H13=79.7%', 'H14=78.9%', 'H15=78.0%', 'H16=78.0%']
  mean_sigmoid_q_halt: ['0.535', '0.369', '0.859', '0.941', '0.953', '0.945', '0.957', '0.945', '0.941', '0.941', '0.934', '0.934', '0.934', '0.934', '0.930', '0.930']
  halt_rates: ['0.97', '0.03', '0.86', '0.95', '0.96', '0.95', '0.96', '0.95', '0.95', '0.95', '0.94', '0.94', '0.95', '0.95', '0.94', '0.94']
  halt_histogram %: [76.3, 18.4, 2.9, 0.7, 0.3, 0.2, 0.1, 0.1, 0.1, 0.0, 0.0, 0.0, 0.0, 0.0, 0.0, 0.8]
  Avg ACT steps (last 100): 1.22
  eval_avg_halt_step: 1.04
  per_H_acc: ['H0=0.0%', 'H1=0.0%', 'H2=0.0%']
  H_cos: ['0.676', '0.926']
  z_H_delta: ['20.625', '19.625']
  cells: fixed=[0, 0] broken=[0, 0]
  per_ACT_cell_acc: ['H1=54.8%', 'H2=95.6%', 'H3=100.0%', 'H4=100.0%', 'H5=100.0%', 'H6=100.0%', 'H7=100.0%', 'H8=100.0%', 'H9=100.0%', 'H10=100.0%', 'H11=100.0%', 'H12=100.0%', 'H13=100.0%', 'H14=100.0%', 'H15=100.0%', 'H16=100.0%']
  per_ACT_puzzle_acc: ['H1=0.0%', 'H2=0.0%', 'H3=90.4%', 'H4=96.2%', 'H5=96.2%', 'H6=95.2%', 'H7=95.2%', 'H8=96.2%', 'H9=96.2%', 'H10=96.2%', 'H11=94.2%', 'H12=95.2%', 'H13=95.2%', 'H14=95.2%', 'H15=96.2%', 'H16=97.1%']
  mean_sigmoid_q_halt: ['0.535', '0.350', '0.953', '0.984', '0.980', '0.969', '0.973', '0.973', '0.965', '0.953', '0.949', '0.949', '0.945', '0.938', '0.934', '0.930']
  halt_rates: ['0.98', '0.03', '0.97', '1.00', '1.00', '0.97', '0.98', '0.98', '0.98', '0.97', '0.96', '0.97', '0.97', '0.95', '0.94', '0.94']
  halt_histogram %: [76.3, 18.4, 2.9, 0.7, 0.3, 0.2, 0.1, 0.1, 0.1, 0.0, 0.0, 0.0, 0.0, 0.0, 0.0, 0.8]
  Avg ACT steps (last 100): 1.22
  saved: /home/jvdillon/projects/sic/code/maze/ckpts/x11/step14000.pt acc=99.40% (0.055s)
Step 14000  Test 99.40% / 80.10% (halt: 99.49%/81.40%)  Train lm=0.7109±0.0083ϵ[0.6680,0.7227] n_halted=100.6580±26.5074ϵ[0.0000,122.0000]  TrainAcc 99.91%/84.20% (halt: 99.98%/97.00%)  (55.136s / 180.212s)
  n_active=128.0000±0.0000ϵ[128.0000,128.0000] n_expunged=0.0000±0.0000ϵ[0.0000,0.0000] pool_util=1.0000±0.0000ϵ[1.0000,1.0000]
  path_valid=97.60%, exact_match=80.00%
  eval_avg_halt_step: 1.26
  per_H_acc: ['H0=0.0%', 'H1=0.0%', 'H2=0.0%']
  H_cos: ['0.239', '0.945']
  z_H_delta: ['26.625', '17.375']
  cells: fixed=[25, 0] broken=[74, 26]
  per_ACT_cell_acc: ['H1=46.5%', 'H2=96.3%', 'H3=99.3%', 'H4=99.5%', 'H5=99.4%', 'H6=99.4%', 'H7=99.4%', 'H8=99.4%', 'H9=99.4%', 'H10=99.4%', 'H11=99.4%', 'H12=99.4%', 'H13=99.4%', 'H14=99.4%', 'H15=99.4%', 'H16=99.4%']
  per_ACT_puzzle_acc: ['H1=0.0%', 'H2=0.0%', 'H3=66.8%', 'H4=75.9%', 'H5=77.6%', 'H6=77.6%', 'H7=78.0%', 'H8=78.0%', 'H9=76.3%', 'H10=75.9%', 'H11=76.3%', 'H12=76.7%', 'H13=76.7%', 'H14=76.3%', 'H15=76.7%', 'H16=76.7%']
  mean_sigmoid_q_halt: ['0.410', '0.410', '0.820', '0.891', '0.922', '0.945', '0.953', '0.957', '0.957', '0.961', '0.961', '0.961', '0.961', '0.961', '0.965', '0.961']
  halt_rates: ['0.01', '0.14', '0.81', '0.89', '0.94', '0.96', '0.96', '0.96', '0.97', '0.98', '0.98', '0.98', '0.98', '0.98', '0.99', '0.99']
  halt_histogram %: [76.6, 18.2, 2.8, 0.7, 0.3, 0.2, 0.1, 0.1, 0.1, 0.0, 0.0, 0.0, 0.0, 0.0, 0.0, 0.8]
  Avg ACT steps (last 100): 1.13
  eval_avg_halt_step: 1.06
  per_H_acc: ['H0=0.0%', 'H1=0.0%', 'H2=0.0%']
  H_cos: ['0.245', '0.949']
  z_H_delta: ['26.625', '17.250']
  cells: fixed=[11, 0] broken=[30, 11]
  per_ACT_cell_acc: ['H1=47.0%', 'H2=97.2%', 'H3=99.9%', 'H4=100.0%', 'H5=100.0%', 'H6=100.0%', 'H7=100.0%', 'H8=100.0%', 'H9=100.0%', 'H10=100.0%', 'H11=100.0%', 'H12=100.0%', 'H13=100.0%', 'H14=100.0%', 'H15=100.0%', 'H16=100.0%']
  per_ACT_puzzle_acc: ['H1=0.0%', 'H2=0.0%', 'H3=90.4%', 'H4=97.1%', 'H5=98.1%', 'H6=98.1%', 'H7=98.1%', 'H8=98.1%', 'H9=98.1%', 'H10=98.1%', 'H11=98.1%', 'H12=98.1%', 'H13=98.1%', 'H14=98.1%', 'H15=97.1%', 'H16=97.1%']
  mean_sigmoid_q_halt: ['0.414', '0.426', '0.926', '0.965', '0.992', '0.992', '0.992', '0.992', '0.988', '0.988', '0.988', '0.984', '0.984', '0.984', '0.980', '0.980']
  halt_rates: ['0.03', '0.14', '0.91', '0.98', '1.00', '1.00', '1.00', '1.00', '1.00', '1.00', '1.00', '1.00', '1.00', '1.00', '1.00', '1.00']
  halt_histogram %: [76.6, 18.2, 2.8, 0.7, 0.3, 0.2, 0.1, 0.1, 0.1, 0.0, 0.0, 0.0, 0.0, 0.0, 0.0, 0.8]
  Avg ACT steps (last 100): 1.13
  saved: /home/jvdillon/projects/sic/code/maze/ckpts/x11/step14500.pt acc=99.35% (0.055s)
Step 14500  Test 99.35% / 84.50% (halt: 99.32%/77.40%)  Train lm=0.7148±0.0024ϵ[0.7070,0.7227] n_halted=106.3460±8.1633ϵ[64.0000,122.0000]  TrainAcc 99.96%/97.30% (halt: 99.96%/96.10%)  (55.098s / 180.424s)
  n_active=128.0000±0.0000ϵ[128.0000,128.0000] n_expunged=0.0000±0.0000ϵ[0.0000,0.0000] pool_util=1.0000±0.0000ϵ[1.0000,1.0000]
  path_valid=98.70%, exact_match=69.70%
  eval_avg_halt_step: 1.19
  per_H_acc: ['H0=0.0%', 'H1=0.0%', 'H2=0.0%']
  H_cos: ['0.723', '0.941']
  z_H_delta: ['23.250', '15.438']
  cells: fixed=[0, 0] broken=[54, 0]
  per_ACT_cell_acc: ['H1=68.4%', 'H2=96.0%', 'H3=99.3%', 'H4=99.4%', 'H5=99.4%', 'H6=99.4%', 'H7=99.4%', 'H8=99.4%', 'H9=99.4%', 'H10=99.4%', 'H11=99.4%', 'H12=99.4%', 'H13=99.4%', 'H14=99.4%', 'H15=99.4%', 'H16=99.4%']
  per_ACT_puzzle_acc: ['H1=0.0%', 'H2=0.0%', 'H3=67.7%', 'H4=77.6%', 'H5=80.2%', 'H6=80.6%', 'H7=80.6%', 'H8=80.6%', 'H9=80.2%', 'H10=79.3%', 'H11=78.9%', 'H12=79.7%', 'H13=79.3%', 'H14=79.7%', 'H15=79.3%', 'H16=78.9%']
  mean_sigmoid_q_halt: ['0.438', '0.480', '0.816', '0.941', '0.961', '0.961', '0.953', '0.941', '0.934', '0.930', '0.922', '0.918', '0.914', '0.910', '0.906', '0.902']
  halt_rates: ['0.17', '0.38', '0.81', '0.97', '0.99', '1.00', '1.00', '1.00', '1.00', '1.00', '1.00', '0.99', '0.99', '1.00', '0.99', '0.98']
  halt_histogram %: [76.9, 18.1, 2.8, 0.7, 0.3, 0.2, 0.1, 0.1, 0.1, 0.0, 0.0, 0.0, 0.0, 0.0, 0.0, 0.8]
  Avg ACT steps (last 100): 1.14
  eval_avg_halt_step: 1.03
  per_H_acc: ['H0=0.0%', 'H1=0.0%', 'H2=0.0%']
  H_cos: ['0.730', '0.941']
  z_H_delta: ['23.250', '15.375']
  cells: fixed=[0, 0] broken=[22, 0]
  per_ACT_cell_acc: ['H1=69.1%', 'H2=96.5%', 'H3=100.0%', 'H4=100.0%', 'H5=100.0%', 'H6=100.0%', 'H7=100.0%', 'H8=100.0%', 'H9=100.0%', 'H10=100.0%', 'H11=100.0%', 'H12=100.0%', 'H13=100.0%', 'H14=100.0%', 'H15=100.0%', 'H16=100.0%']
  per_ACT_puzzle_acc: ['H1=0.0%', 'H2=0.0%', 'H3=96.2%', 'H4=99.0%', 'H5=100.0%', 'H6=100.0%', 'H7=100.0%', 'H8=100.0%', 'H9=100.0%', 'H10=100.0%', 'H11=100.0%', 'H12=100.0%', 'H13=100.0%', 'H14=100.0%', 'H15=99.0%', 'H16=99.0%']
  mean_sigmoid_q_halt: ['0.441', '0.492', '0.977', '0.988', '0.980', '0.973', '0.961', '0.949', '0.941', '0.938', '0.930', '0.926', '0.922', '0.914', '0.910', '0.902']
  halt_rates: ['0.10', '0.47', '0.99', '1.00', '1.00', '1.00', '1.00', '1.00', '1.00', '1.00', '1.00', '1.00', '1.00', '1.00', '1.00', '1.00']
  halt_histogram %: [76.9, 18.1, 2.8, 0.7, 0.3, 0.2, 0.1, 0.1, 0.1, 0.0, 0.0, 0.0, 0.0, 0.0, 0.0, 0.8]
  Avg ACT steps (last 100): 1.14
  saved: /home/jvdillon/projects/sic/code/maze/ckpts/x11/step15000.pt acc=99.38% (0.055s)
Step 15000  Test 99.38% / 83.30% (halt: 99.41%/79.90%)  Train lm=0.7148±0.0023ϵ[0.7070,0.7305] n_halted=107.4240±7.1514ϵ[48.0000,120.0000]  TrainAcc 99.93%/81.30% (halt: 99.99%/98.90%)  (55.127s / 180.336s)
  n_active=128.0000±0.0000ϵ[128.0000,128.0000] n_expunged=0.0000±0.0000ϵ[0.0000,0.0000] pool_util=1.0000±0.0000ϵ[1.0000,1.0000]
  path_valid=95.60%, exact_match=78.90%
  eval_avg_halt_step: 1.65
  per_H_acc: ['H0=0.1%', 'H1=0.0%', 'H2=0.0%']
  H_cos: ['0.527', '0.914']
  z_H_delta: ['23.750', '19.125']
  cells: fixed=[51, 0] broken=[129, 52]
  per_ACT_cell_acc: ['H1=39.6%', 'H2=95.3%', 'H3=99.2%', 'H4=99.3%', 'H5=99.3%', 'H6=99.4%', 'H7=99.4%', 'H8=99.4%', 'H9=99.4%', 'H10=99.4%', 'H11=99.4%', 'H12=99.4%', 'H13=99.3%', 'H14=99.3%', 'H15=99.3%', 'H16=99.3%']
  per_ACT_puzzle_acc: ['H1=0.0%', 'H2=0.0%', 'H3=61.2%', 'H4=74.1%', 'H5=76.3%', 'H6=77.2%', 'H7=77.2%', 'H8=77.2%', 'H9=78.0%', 'H10=78.0%', 'H11=77.2%', 'H12=77.2%', 'H13=76.7%', 'H14=76.7%', 'H15=76.7%', 'H16=76.3%']
  mean_sigmoid_q_halt: ['0.312', '0.447', '0.672', '0.844', '0.891', '0.906', '0.926', '0.938', '0.941', '0.945', '0.945', '0.941', '0.941', '0.941', '0.941', '0.941']
  halt_rates: ['0.00', '0.22', '0.67', '0.84', '0.90', '0.92', '0.94', '0.95', '0.96', '0.96', '0.96', '0.95', '0.95', '0.96', '0.96', '0.95']
  halt_histogram %: [77.2, 17.9, 2.7, 0.6, 0.3, 0.2, 0.1, 0.1, 0.1, 0.0, 0.0, 0.0, 0.0, 0.0, 0.0, 0.8]
  Avg ACT steps (last 100): 1.25
  eval_avg_halt_step: 1.41
  per_H_acc: ['H0=0.1%', 'H1=0.0%', 'H2=0.0%']
  H_cos: ['0.523', '0.910']
  z_H_delta: ['23.750', '19.375']
  cells: fixed=[19, 0] broken=[66, 19]
  per_ACT_cell_acc: ['H1=38.9%', 'H2=95.6%', 'H3=99.9%', 'H4=99.9%', 'H5=99.9%', 'H6=100.0%', 'H7=100.0%', 'H8=100.0%', 'H9=99.9%', 'H10=99.9%', 'H11=100.0%', 'H12=100.0%', 'H13=99.9%', 'H14=100.0%', 'H15=100.0%', 'H16=100.0%']
  per_ACT_puzzle_acc: ['H1=0.0%', 'H2=0.0%', 'H3=86.5%', 'H4=93.3%', 'H5=94.2%', 'H6=94.2%', 'H7=95.2%', 'H8=95.2%', 'H9=95.2%', 'H10=95.2%', 'H11=95.2%', 'H12=95.2%', 'H13=95.2%', 'H14=95.2%', 'H15=96.2%', 'H16=96.2%']
  mean_sigmoid_q_halt: ['0.309', '0.438', '0.836', '0.930', '0.953', '0.953', '0.961', '0.969', '0.969', '0.969', '0.961', '0.977', '0.977', '0.977', '0.965', '0.965']
  halt_rates: ['0.00', '0.12', '0.87', '0.94', '0.97', '0.96', '0.97', '0.98', '0.98', '0.98', '0.97', '0.99', '0.99', '0.99', '0.98', '0.98']
  halt_histogram %: [77.2, 17.9, 2.7, 0.6, 0.3, 0.2, 0.1, 0.1, 0.1, 0.0, 0.0, 0.0, 0.0, 0.0, 0.0, 0.8]
  Avg ACT steps (last 100): 1.25
  saved: /home/jvdillon/projects/sic/code/maze/ckpts/x11/step15500.pt acc=99.38% (0.056s)
Step 15500  Test 99.38% / 84.40% (halt: 99.39%/78.80%)  Train lm=0.7148±0.0023ϵ[0.7031,0.7227] n_halted=108.2180±8.7841ϵ[32.0000,122.0000]  TrainAcc 99.94%/94.50% (halt: 99.93%/93.30%)  (55.161s / 180.450s)
  n_active=128.0000±0.0000ϵ[128.0000,128.0000] n_expunged=0.0000±0.0000ϵ[0.0000,0.0000] pool_util=1.0000±0.0000ϵ[1.0000,1.0000]
  path_valid=98.00%, exact_match=83.50%
  eval_avg_halt_step: 1.25
  per_H_acc: ['H0=0.0%', 'H1=0.1%', 'H2=0.0%']
  H_cos: ['0.344', '0.977']
  z_H_delta: ['28.250', '12.312']
  cells: fixed=[109, 0] broken=[0, 109]
  per_ACT_cell_acc: ['H1=43.8%', 'H2=97.9%', 'H3=99.5%', 'H4=99.5%', 'H5=99.5%', 'H6=99.6%', 'H7=99.6%', 'H8=99.5%', 'H9=99.6%', 'H10=99.6%', 'H11=99.5%', 'H12=99.6%', 'H13=99.6%', 'H14=99.5%', 'H15=99.6%', 'H16=99.6%']
  per_ACT_puzzle_acc: ['H1=0.0%', 'H2=3.9%', 'H3=76.3%', 'H4=78.9%', 'H5=81.5%', 'H6=84.1%', 'H7=85.3%', 'H8=84.9%', 'H9=86.6%', 'H10=87.1%', 'H11=85.8%', 'H12=86.2%', 'H13=86.6%', 'H14=85.8%', 'H15=86.6%', 'H16=87.1%']
  mean_sigmoid_q_halt: ['0.166', '0.398', '0.820', '0.863', '0.879', '0.906', '0.906', '0.910', '0.922', '0.926', '0.922', '0.918', '0.918', '0.918', '0.910', '0.922']
  halt_rates: ['0.00', '0.26', '0.81', '0.86', '0.90', '0.94', '0.94', '0.94', '0.96', '0.97', '0.96', '0.96', '0.97', '0.96', '0.95', '0.98']
  halt_histogram %: [77.4, 17.8, 2.7, 0.6, 0.3, 0.2, 0.1, 0.1, 0.1, 0.0, 0.0, 0.0, 0.0, 0.0, 0.0, 0.7]
  Avg ACT steps (last 100): 1.18
  eval_avg_halt_step: 1.05
  per_H_acc: ['H0=0.0%', 'H1=0.1%', 'H2=0.0%']
  H_cos: ['0.344', '0.977']
  z_H_delta: ['28.250', '12.312']
  cells: fixed=[49, 0] broken=[0, 49]
  per_ACT_cell_acc: ['H1=43.9%', 'H2=98.5%', 'H3=100.0%', 'H4=100.0%', 'H5=100.0%', 'H6=100.0%', 'H7=100.0%', 'H8=100.0%', 'H9=100.0%', 'H10=100.0%', 'H11=100.0%', 'H12=100.0%', 'H13=100.0%', 'H14=100.0%', 'H15=100.0%', 'H16=100.0%']
  per_ACT_puzzle_acc: ['H1=0.0%', 'H2=5.8%', 'H3=97.1%', 'H4=98.1%', 'H5=100.0%', 'H6=100.0%', 'H7=100.0%', 'H8=100.0%', 'H9=100.0%', 'H10=100.0%', 'H11=99.0%', 'H12=100.0%', 'H13=100.0%', 'H14=99.0%', 'H15=99.0%', 'H16=100.0%']
  mean_sigmoid_q_halt: ['0.166', '0.412', '0.957', '0.973', '0.984', '0.980', '0.973', '0.969', '0.961', '0.961', '0.953', '0.957', '0.953', '0.945', '0.949', '0.949']
  halt_rates: ['0.00', '0.30', '0.97', '0.99', '1.00', '1.00', '1.00', '0.99', '0.99', '1.00', '0.99', '1.00', '1.00', '0.99', '0.99', '1.00']
  halt_histogram %: [77.4, 17.8, 2.7, 0.6, 0.3, 0.2, 0.1, 0.1, 0.1, 0.0, 0.0, 0.0, 0.0, 0.0, 0.0, 0.7]
  Avg ACT steps (last 100): 1.18
  saved: /home/jvdillon/projects/sic/code/maze/ckpts/x11/step16000.pt acc=99.50% (0.057s)
Step 16000  Test 99.50% / 92.20% (halt: 99.48%/82.60%)  Train lm=0.7148±0.0029ϵ[0.6992,0.7227] n_halted=106.7280±12.4812ϵ[29.0000,122.0000]  TrainAcc 99.96%/97.90% (halt: 99.96%/97.70%)  (55.185s / 180.379s)
  n_active=128.0000±0.0000ϵ[128.0000,128.0000] n_expunged=0.0000±0.0000ϵ[0.0000,0.0000] pool_util=1.0000±0.0000ϵ[1.0000,1.0000]
