Adam params: ('embed_tokens.weight', 'head.weight', 'head.bias', 'q_head.weight', 'q_head.bias', 'puzzle_id_embed.weight')
Muon 2D params: ('reasoning.0.attn.o_proj.weight', 'reasoning.0.mlp.up_proj.weight', 'reasoning.0.mlp.down_proj.weight', 'reasoning.1.attn.o_proj.weight', 'reasoning.1.mlp.up_proj.weight', 'reasoning.1.mlp.down_proj.weight')
Muon 3D params (ensemble_dims=1): ('reasoning.0.attn.qkv_proj.weight', 'reasoning.1.attn.qkv_proj.weight')
  path_valid=0.00%, exact_match=0.00%
  eval_avg_halt_step: 16.00
  per_H_acc: ['H0=0.0%', 'H1=0.0%', 'H2=0.0%']
  H_cos: ['0.992', '0.996']
  z_H_delta: ['4.969', '2.469']
  cells: fixed=[0, 0] broken=[0, 0]
  per_ACT_cell_acc: ['H1=87.1%', 'H2=87.7%', 'H3=88.0%', 'H4=88.2%', 'H5=88.4%', 'H6=88.5%', 'H7=88.5%', 'H8=88.6%', 'H9=88.6%', 'H10=88.6%', 'H11=88.6%', 'H12=88.6%', 'H13=88.6%', 'H14=88.6%', 'H15=88.6%', 'H16=88.6%']
  per_ACT_puzzle_acc: ['H1=0.0%', 'H2=0.0%', 'H3=0.0%', 'H4=0.0%', 'H5=0.0%', 'H6=0.0%', 'H7=0.0%', 'H8=0.0%', 'H9=0.0%', 'H10=0.0%', 'H11=0.0%', 'H12=0.0%', 'H13=0.0%', 'H14=0.0%', 'H15=0.0%', 'H16=0.0%']
  mean_sigmoid_q_halt: ['0.000', '0.000', '0.000', '0.000', '0.000', '0.000', '0.000', '0.000', '0.000', '0.000', '0.000', '0.000', '0.000', '0.000', '0.000', '0.000']
  halt_rates: ['0.00', '0.00', '0.00', '0.00', '0.00', '0.00', '0.00', '0.00', '0.00', '0.00', '0.00', '0.00', '0.00', '0.00', '0.00', '0.00']
  halt_histogram %: [0.0, 0.0, 0.0, 0.0, 0.0, 0.0, 0.0, 0.0, 0.0, 0.0, 0.0, 0.0, 0.0, 0.0, 0.0, 100.0]
  Avg ACT steps (last 100): 16.00
  eval_avg_halt_step: 16.00
  per_H_acc: ['H0=0.0%', 'H1=0.0%', 'H2=0.0%']
  H_cos: ['0.992', '0.996']
  z_H_delta: ['4.969', '2.484']
  cells: fixed=[0, 0] broken=[0, 0]
  per_ACT_cell_acc: ['H1=87.0%', 'H2=87.6%', 'H3=88.0%', 'H4=88.2%', 'H5=88.4%', 'H6=88.5%', 'H7=88.5%', 'H8=88.6%', 'H9=88.6%', 'H10=88.6%', 'H11=88.7%', 'H12=88.7%', 'H13=88.6%', 'H14=88.7%', 'H15=88.7%', 'H16=88.7%']
  per_ACT_puzzle_acc: ['H1=0.0%', 'H2=0.0%', 'H3=0.0%', 'H4=0.0%', 'H5=0.0%', 'H6=0.0%', 'H7=0.0%', 'H8=0.0%', 'H9=0.0%', 'H10=0.0%', 'H11=0.0%', 'H12=0.0%', 'H13=0.0%', 'H14=0.0%', 'H15=0.0%', 'H16=0.0%']
  mean_sigmoid_q_halt: ['0.000', '0.000', '0.000', '0.000', '0.000', '0.000', '0.000', '0.000', '0.000', '0.000', '0.000', '0.000', '0.000', '0.000', '0.000', '0.000']
  halt_rates: ['0.00', '0.00', '0.00', '0.00', '0.00', '0.00', '0.00', '0.00', '0.00', '0.00', '0.00', '0.00', '0.00', '0.00', '0.00', '0.00']
  halt_histogram %: [0.0, 0.0, 0.0, 0.0, 0.0, 0.0, 0.0, 0.0, 0.0, 0.0, 0.0, 0.0, 0.0, 0.0, 0.0, 100.0]
  Avg ACT steps (last 100): 16.00
  saved: /home/jvdillon/projects/sic/code/maze/ckpts/x12/step00500.pt acc=88.54% (0.033s)
  saved: /home/jvdillon/projects/sic/code/maze/ckpts/x12/best.pt acc=88.54% (0.063s)
Step   500  Test 88.54% /  0.00% (halt: 88.54%/ 0.00%)  Train lm=0.8477±0.1196ϵ[0.7695,2.3594] n_halted=7.9360±30.8988ϵ[0.0000,128.0000]  TrainAcc 88.48%/ 0.00% (halt: 88.48%/ 0.00%)  (73.303s / 822.269s)
  n_active=128.0000±0.0000ϵ[128.0000,128.0000] n_expunged=0.0000±0.0000ϵ[0.0000,0.0000] pool_util=1.0000±0.0000ϵ[1.0000,1.0000]
  path_valid=76.40%, exact_match=28.80%
  eval_avg_halt_step: 6.27
  per_H_acc: ['H0=0.0%', 'H1=0.0%', 'H2=0.0%']
  H_cos: ['0.977', '0.988']
  z_H_delta: ['6.969', '4.219']
  cells: fixed=[0, 0] broken=[0, 0]
  per_ACT_cell_acc: ['H1=92.1%', 'H2=95.3%', 'H3=96.3%', 'H4=96.9%', 'H5=97.2%', 'H6=97.4%', 'H7=97.4%', 'H8=97.5%', 'H9=97.5%', 'H10=97.6%', 'H11=97.6%', 'H12=97.6%', 'H13=97.6%', 'H14=97.7%', 'H15=97.6%', 'H16=97.7%']
  per_ACT_puzzle_acc: ['H1=0.0%', 'H2=0.0%', 'H3=2.2%', 'H4=4.3%', 'H5=10.3%', 'H6=13.8%', 'H7=18.1%', 'H8=20.3%', 'H9=20.7%', 'H10=21.1%', 'H11=22.4%', 'H12=22.8%', 'H13=23.3%', 'H14=24.6%', 'H15=24.1%', 'H16=24.6%']
  mean_sigmoid_q_halt: ['0.000', '0.000', '0.015', '0.083', '0.170', '0.242', '0.309', '0.375', '0.426', '0.461', '0.496', '0.516', '0.535', '0.555', '0.566', '0.582']
  halt_rates: ['0.00', '0.00', '0.00', '0.02', '0.10', '0.20', '0.28', '0.38', '0.47', '0.50', '0.54', '0.58', '0.62', '0.65', '0.65', '0.67']
  halt_histogram %: [0.0, 0.7, 3.7, 5.3, 4.5, 3.5, 3.8, 2.8, 1.9, 2.4, 1.3, 0.9, 1.3, 0.9, 0.5, 66.5]
  Avg ACT steps (last 100): 4.44
  eval_avg_halt_step: 5.29
  per_H_acc: ['H0=0.0%', 'H1=0.0%', 'H2=0.0%']
  H_cos: ['0.977', '0.988']
  z_H_delta: ['6.969', '4.250']
  cells: fixed=[0, 0] broken=[0, 0]
  per_ACT_cell_acc: ['H1=92.5%', 'H2=96.0%', 'H3=97.4%', 'H4=98.0%', 'H5=98.2%', 'H6=98.3%', 'H7=98.3%', 'H8=98.3%', 'H9=98.4%', 'H10=98.4%', 'H11=98.4%', 'H12=98.4%', 'H13=98.5%', 'H14=98.4%', 'H15=98.5%', 'H16=98.5%']
  per_ACT_puzzle_acc: ['H1=0.0%', 'H2=0.0%', 'H3=1.0%', 'H4=7.7%', 'H5=13.5%', 'H6=21.2%', 'H7=28.8%', 'H8=32.7%', 'H9=34.6%', 'H10=36.5%', 'H11=35.6%', 'H12=35.6%', 'H13=34.6%', 'H14=36.5%', 'H15=37.5%', 'H16=35.6%']
  mean_sigmoid_q_halt: ['0.000', '0.000', '0.019', '0.112', '0.212', '0.307', '0.395', '0.473', '0.531', '0.578', '0.609', '0.625', '0.652', '0.664', '0.668', '0.672']
  halt_rates: ['0.00', '0.00', '0.00', '0.01', '0.12', '0.27', '0.38', '0.49', '0.59', '0.69', '0.72', '0.73', '0.79', '0.76', '0.76', '0.76']
  halt_histogram %: [0.0, 0.7, 3.7, 5.3, 4.5, 3.5, 3.8, 2.8, 1.9, 2.4, 1.3, 0.9, 1.3, 0.9, 0.5, 66.5]
  Avg ACT steps (last 100): 4.44
  saved: /home/jvdillon/projects/sic/code/maze/ckpts/x12/step01000.pt acc=97.82% (0.032s)
  saved: /home/jvdillon/projects/sic/code/maze/ckpts/x12/best.pt acc=97.82% (0.071s)
Step  1000  Test 97.82% / 35.20% (halt: 97.81%/26.90%)  Train lm=0.7227±0.0295ϵ[0.6836,0.8242] n_halted=11.7840±25.3067ϵ[0.0000,128.0000]  TrainAcc 98.44%/40.80% (halt: 98.43%/37.50%)  (54.676s / 791.775s)
  n_active=128.0000±0.0000ϵ[128.0000,128.0000] n_expunged=0.0000±0.0000ϵ[0.0000,0.0000] pool_util=1.0000±0.0000ϵ[1.0000,1.0000]
  path_valid=90.90%, exact_match=66.10%
  eval_avg_halt_step: 2.48
  per_H_acc: ['H0=0.0%', 'H1=0.0%', 'H2=0.0%']
  H_cos: ['0.973', '0.996']
  z_H_delta: ['7.000', '3.906']
  cells: fixed=[0, 0] broken=[0, 0]
  per_ACT_cell_acc: ['H1=96.6%', 'H2=98.6%', 'H3=99.0%', 'H4=99.1%', 'H5=99.2%', 'H6=99.2%', 'H7=99.3%', 'H8=99.3%', 'H9=99.2%', 'H10=99.2%', 'H11=99.3%', 'H12=99.3%', 'H13=99.3%', 'H14=99.3%', 'H15=99.3%', 'H16=99.3%']
  per_ACT_puzzle_acc: ['H1=0.0%', 'H2=20.7%', 'H3=45.3%', 'H4=58.2%', 'H5=60.3%', 'H6=64.7%', 'H7=65.5%', 'H8=66.4%', 'H9=65.5%', 'H10=65.9%', 'H11=65.1%', 'H12=65.1%', 'H13=64.2%', 'H14=65.1%', 'H15=65.5%', 'H16=64.7%']
  mean_sigmoid_q_halt: ['0.000', '0.141', '0.520', '0.637', '0.703', '0.750', '0.777', '0.797', '0.809', '0.812', '0.812', '0.809', '0.816', '0.824', '0.824', '0.828']
  halt_rates: ['0.00', '0.07', '0.54', '0.69', '0.77', '0.81', '0.83', '0.85', '0.88', '0.88', '0.89', '0.88', '0.88', '0.89', '0.90', '0.90']
  halt_histogram %: [25.9, 24.2, 12.7, 6.2, 3.8, 2.3, 1.8, 1.3, 0.9, 0.8, 0.5, 0.4, 0.5, 0.3, 0.2, 18.1]
  Avg ACT steps (last 100): 1.64
  eval_avg_halt_step: 1.76
  per_H_acc: ['H0=0.0%', 'H1=0.0%', 'H2=0.0%']
  H_cos: ['0.973', '0.996']
  z_H_delta: ['7.062', '3.797']
  cells: fixed=[0, 0] broken=[0, 0]
  per_ACT_cell_acc: ['H1=97.6%', 'H2=99.7%', 'H3=99.9%', 'H4=99.9%', 'H5=99.9%', 'H6=99.9%', 'H7=99.9%', 'H8=99.9%', 'H9=99.9%', 'H10=99.9%', 'H11=99.9%', 'H12=99.9%', 'H13=99.9%', 'H14=99.9%', 'H15=99.9%', 'H16=99.9%']
  per_ACT_puzzle_acc: ['H1=0.0%', 'H2=39.4%', 'H3=76.9%', 'H4=85.6%', 'H5=87.5%', 'H6=89.4%', 'H7=88.5%', 'H8=87.5%', 'H9=87.5%', 'H10=86.5%', 'H11=87.5%', 'H12=86.5%', 'H13=86.5%', 'H14=85.6%', 'H15=86.5%', 'H16=86.5%']
  mean_sigmoid_q_halt: ['0.001', '0.203', '0.688', '0.801', '0.844', '0.867', '0.867', '0.879', '0.883', '0.887', '0.883', '0.883', '0.883', '0.887', '0.887', '0.887']
  halt_rates: ['0.00', '0.12', '0.76', '0.88', '0.93', '0.95', '0.95', '0.96', '0.95', '0.96', '0.96', '0.96', '0.95', '0.96', '0.96', '0.96']
  halt_histogram %: [25.9, 24.2, 12.7, 6.2, 3.8, 2.3, 1.8, 1.3, 0.9, 0.8, 0.5, 0.4, 0.5, 0.3, 0.2, 18.1]
  Avg ACT steps (last 100): 1.64
  saved: /home/jvdillon/projects/sic/code/maze/ckpts/x12/step01500.pt acc=99.21% (0.030s)
  saved: /home/jvdillon/projects/sic/code/maze/ckpts/x12/best.pt acc=99.21% (0.071s)
Step  1500  Test 99.21% / 76.00% (halt: 99.22%/64.90%)  Train lm=0.6797±0.0083ϵ[0.6680,0.7031] n_halted=53.7240±27.1670ϵ[0.0000,109.0000]  TrainAcc 99.87%/84.40% (halt: 99.88%/82.80%)  (54.696s / 792.248s)
  n_active=128.0000±0.0000ϵ[128.0000,128.0000] n_expunged=0.0000±0.0000ϵ[0.0000,0.0000] pool_util=1.0000±0.0000ϵ[1.0000,1.0000]
  path_valid=97.20%, exact_match=70.00%
  eval_avg_halt_step: 1.45
  per_H_acc: ['H0=0.0%', 'H1=0.0%', 'H2=0.0%']
  H_cos: ['0.984', '0.996']
  z_H_delta: ['6.719', '2.906']
  cells: fixed=[0, 0] broken=[0, 0]
  per_ACT_cell_acc: ['H1=98.1%', 'H2=98.9%', 'H3=99.0%', 'H4=99.1%', 'H5=99.1%', 'H6=99.1%', 'H7=99.1%', 'H8=99.1%', 'H9=99.1%', 'H10=99.1%', 'H11=99.1%', 'H12=99.1%', 'H13=99.1%', 'H14=99.1%', 'H15=99.1%', 'H16=99.1%']
  per_ACT_puzzle_acc: ['H1=8.6%', 'H2=50.0%', 'H3=62.9%', 'H4=69.0%', 'H5=69.8%', 'H6=70.3%', 'H7=69.8%', 'H8=69.8%', 'H9=69.8%', 'H10=70.3%', 'H11=69.8%', 'H12=70.3%', 'H13=70.3%', 'H14=70.7%', 'H15=70.7%', 'H16=70.3%']
  mean_sigmoid_q_halt: ['0.020', '0.590', '0.809', '0.852', '0.879', '0.875', '0.879', '0.891', '0.887', '0.895', '0.891', '0.887', '0.891', '0.891', '0.891', '0.887']
  halt_rates: ['0.00', '0.59', '0.83', '0.90', '0.92', '0.92', '0.92', '0.94', '0.94', '0.94', '0.94', '0.94', '0.96', '0.94', '0.94', '0.93']
  halt_histogram %: [58.2, 18.6, 6.9, 3.0, 1.8, 1.0, 0.8, 0.5, 0.4, 0.4, 0.2, 0.2, 0.2, 0.1, 0.1, 7.6]
  Avg ACT steps (last 100): 1.15
  eval_avg_halt_step: 1.12
  per_H_acc: ['H0=0.0%', 'H1=0.0%', 'H2=0.0%']
  H_cos: ['0.992', '1.000']
  z_H_delta: ['6.562', '2.531']
  cells: fixed=[0, 0] broken=[0, 0]
  per_ACT_cell_acc: ['H1=99.6%', 'H2=100.0%', 'H3=100.0%', 'H4=100.0%', 'H5=100.0%', 'H6=100.0%', 'H7=100.0%', 'H8=100.0%', 'H9=100.0%', 'H10=100.0%', 'H11=100.0%', 'H12=100.0%', 'H13=100.0%', 'H14=100.0%', 'H15=100.0%', 'H16=100.0%']
  per_ACT_puzzle_acc: ['H1=21.2%', 'H2=93.3%', 'H3=98.1%', 'H4=97.1%', 'H5=97.1%', 'H6=98.1%', 'H7=97.1%', 'H8=98.1%', 'H9=98.1%', 'H10=97.1%', 'H11=98.1%', 'H12=97.1%', 'H13=97.1%', 'H14=96.2%', 'H15=96.2%', 'H16=96.2%']
  mean_sigmoid_q_halt: ['0.024', '0.887', '0.957', '0.934', '0.941', '0.938', '0.926', '0.922', '0.918', '0.914', '0.906', '0.918', '0.922', '0.918', '0.922', '0.918']
  halt_rates: ['0.00', '0.97', '1.00', '0.98', '1.00', '0.99', '0.98', '0.98', '0.96', '0.96', '0.95', '0.96', '0.97', '0.96', '0.98', '0.97']
  halt_histogram %: [58.2, 18.6, 6.9, 3.0, 1.8, 1.0, 0.8, 0.5, 0.4, 0.4, 0.2, 0.2, 0.2, 0.1, 0.1, 7.6]
  Avg ACT steps (last 100): 1.15
  saved: /home/jvdillon/projects/sic/code/maze/ckpts/x12/step02000.pt acc=99.14% (0.030s)
Step  2000  Test 99.14% / 84.90% (halt: 99.13%/69.40%)  Train lm=0.6680±0.0025ϵ[0.6641,0.6797] n_halted=101.8040±11.8655ϵ[41.0000,120.0000]  TrainAcc 99.95%/95.30% (halt: 99.96%/97.30%)  (54.662s / 791.470s)
  n_active=128.0000±0.0000ϵ[128.0000,128.0000] n_expunged=0.0000±0.0000ϵ[0.0000,0.0000] pool_util=1.0000±0.0000ϵ[1.0000,1.0000]
