Adam params: ('embed_tokens.weight', 'head.weight', 'head.bias', 'q_head.weight', 'q_head.bias')
Muon 2D params: ('reasoning.0.attn.o_proj.weight', 'reasoning.0.mlp.up_proj.weight', 'reasoning.0.mlp.down_proj.weight', 'reasoning.1.attn.o_proj.weight', 'reasoning.1.mlp.up_proj.weight', 'reasoning.1.mlp.down_proj.weight')
Muon 3D params (ensemble_dims=1): ('reasoning.0.attn.qkv_proj.weight', 'reasoning.1.attn.qkv_proj.weight')
  cell_acc=79.93%, puzzle_acc=0.00%
  eval_avg_halt_step: 16.00
  per_H_acc: ['H0=79.8%', 'H1=78.7%', 'H2=79.4%']
  H_cos: ['0.973', '0.996']
  z_H_delta: ['5.250', '1.797']
  cells: fixed=[661, 441] broken=[961, 241]
  per_ACT_cell_acc: ['H1=79.8%', 'H2=78.7%', 'H3=79.4%', 'H4=80.0%', 'H5=80.2%', 'H6=80.2%', 'H7=80.2%', 'H8=80.2%', 'H9=80.2%', 'H10=80.2%', 'H11=80.1%', 'H12=80.1%', 'H13=80.1%', 'H14=80.1%', 'H15=80.1%', 'H16=80.1%']
  per_ACT_puzzle_acc: ['H1=0.0%', 'H2=0.0%', 'H3=0.0%', 'H4=0.0%', 'H5=0.0%', 'H6=0.0%', 'H7=0.0%', 'H8=0.0%', 'H9=0.0%', 'H10=0.0%', 'H11=0.0%', 'H12=0.0%', 'H13=0.0%', 'H14=0.0%', 'H15=0.0%', 'H16=0.0%']
  mean_sigmoid_q_halt: ['0.075', '0.057', '0.050', '0.049', '0.048', '0.047', '0.046', '0.045', '0.045', '0.045', '0.045', '0.044', '0.043', '0.043', '0.042', '0.042']
  halt_rates: ['0.00', '0.00', '0.00', '0.00', '0.00', '0.00', '0.00', '0.00', '0.00', '0.00', '0.00', '0.00', '0.00', '0.00', '0.00', '0.00']
  halt_histogram %: [0.0, 0.0, 0.0, 0.0, 0.0, 0.0, 0.0, 0.0, 0.0, 0.0, 0.0, 0.0, 1.2, 0.8, 0.4, 97.6]
  Avg ACT steps (last 100): 15.86
  saved: /home/jvdillon/projects/sic/code/arc1/ckpts/x000/step00500.pt acc=79.93% (0.087s)
  saved: /home/jvdillon/projects/sic/code/arc1/ckpts/x000/best.pt acc=79.93% (0.168s)
Step   500  Test 79.93% /  0.00%  Train lm=1.0078±0.1670ϵ[0.9180,2.9688] n_active=8.0000±0.0000ϵ[8.0000,8.0000] n_expunged=0.0000±0.0000ϵ[0.0000,0.0000] n_halted=0.4960±1.7923ϵ[0.0000,8.0000] pool_util=1.0000±0.0000ϵ[1.0000,1.0000]  (8.765s / 33.688s)
  cell_acc=56.20%, puzzle_acc=0.00%
  eval_avg_halt_step: 16.00
  per_H_acc: ['H0=56.2%', 'H1=56.2%', 'H2=56.2%']
  H_cos: ['0.961', '0.996']
  z_H_delta: ['6.625', '2.047']
  cells: fixed=[1, 0] broken=[1, 0]
  per_ACT_cell_acc: ['H1=56.2%', 'H2=56.2%', 'H3=56.2%', 'H4=56.2%', 'H5=56.2%', 'H6=56.2%', 'H7=56.2%', 'H8=56.2%', 'H9=56.2%', 'H10=56.2%', 'H11=56.2%', 'H12=56.2%', 'H13=56.2%', 'H14=56.2%', 'H15=56.2%', 'H16=56.2%']
  per_ACT_puzzle_acc: ['H1=0.0%', 'H2=0.0%', 'H3=0.0%', 'H4=0.0%', 'H5=0.0%', 'H6=0.0%', 'H7=0.0%', 'H8=0.0%', 'H9=0.0%', 'H10=0.0%', 'H11=0.0%', 'H12=0.0%', 'H13=0.0%', 'H14=0.0%', 'H15=0.0%', 'H16=0.0%']
  mean_sigmoid_q_halt: ['0.089', '0.012', '0.014', '0.015', '0.015', '0.015', '0.015', '0.015', '0.015', '0.015', '0.015', '0.015', '0.015', '0.015', '0.015', '0.015']
  halt_rates: ['0.00', '0.00', '0.00', '0.00', '0.00', '0.00', '0.00', '0.00', '0.00', '0.00', '0.00', '0.00', '0.00', '0.00', '0.00', '0.00']
  halt_histogram %: [1.7, 0.2, 0.0, 0.0, 0.0, 0.4, 1.2, 0.6, 0.2, 0.2, 0.6, 1.0, 1.7, 1.2, 0.6, 90.5]
  Avg ACT steps (last 100): 15.32
  saved: /home/jvdillon/projects/sic/code/arc1/ckpts/x000/step01000.pt acc=56.20% (0.085s)
Step  1000  Test 56.20% /  0.00%  Train lm=0.9805±0.0796ϵ[0.9180,1.6250] n_active=8.0000±0.0000ϵ[8.0000,8.0000] n_expunged=0.0000±0.0000ϵ[0.0000,0.0000] n_halted=0.5400±0.9789ϵ[0.0000,5.0000] pool_util=1.0000±0.0000ϵ[1.0000,1.0000]  (3.553s / 14.277s)
  cell_acc=63.20%, puzzle_acc=0.00%
  eval_avg_halt_step: 16.00
  per_H_acc: ['H0=68.4%', 'H1=62.5%', 'H2=63.0%']
  H_cos: ['0.930', '0.977']
  z_H_delta: ['7.656', '3.969']
  cells: fixed=[409, 548] broken=[2109, 387]
  per_ACT_cell_acc: ['H1=68.4%', 'H2=62.5%', 'H3=63.0%', 'H4=62.9%', 'H5=62.8%', 'H6=62.7%', 'H7=62.6%', 'H8=62.7%', 'H9=62.7%', 'H10=62.7%', 'H11=62.8%', 'H12=62.8%', 'H13=62.7%', 'H14=62.7%', 'H15=62.8%', 'H16=62.6%']
  per_ACT_puzzle_acc: ['H1=0.0%', 'H2=0.0%', 'H3=0.0%', 'H4=0.0%', 'H5=0.0%', 'H6=0.0%', 'H7=0.0%', 'H8=0.0%', 'H9=0.0%', 'H10=0.0%', 'H11=0.0%', 'H12=0.0%', 'H13=0.0%', 'H14=0.0%', 'H15=0.0%', 'H16=0.0%']
  mean_sigmoid_q_halt: ['0.010', '0.004', '0.004', '0.004', '0.004', '0.004', '0.004', '0.004', '0.004', '0.004', '0.004', '0.004', '0.004', '0.004', '0.004', '0.004']
  halt_rates: ['0.00', '0.00', '0.00', '0.00', '0.00', '0.00', '0.00', '0.00', '0.00', '0.00', '0.00', '0.00', '0.00', '0.00', '0.00', '0.00']
  halt_histogram %: [1.7, 0.1, 0.0, 0.0, 0.1, 0.3, 0.8, 0.8, 0.5, 0.4, 0.6, 1.3, 1.4, 0.8, 0.4, 90.9]
  Avg ACT steps (last 100): 15.27
  saved: /home/jvdillon/projects/sic/code/arc1/ckpts/x000/step01500.pt acc=63.20% (0.084s)
Step  1500  Test 63.20% /  0.00%  Train lm=0.9805±0.0840ϵ[0.9180,1.6641] n_active=8.0000±0.0000ϵ[8.0000,8.0000] n_expunged=0.0000±0.0000ϵ[0.0000,0.0000] n_halted=0.5220±0.8215ϵ[0.0000,3.0000] pool_util=1.0000±0.0000ϵ[1.0000,1.0000]  (3.561s / 14.307s)
  cell_acc=56.85%, puzzle_acc=0.00%
  eval_avg_halt_step: 15.89
  per_H_acc: ['H0=62.2%', 'H1=56.7%', 'H2=56.7%']
  H_cos: ['0.902', '0.984']
  z_H_delta: ['8.875', '3.844']
  cells: fixed=[82, 59] broken=[1655, 60]
  per_ACT_cell_acc: ['H1=62.2%', 'H2=56.7%', 'H3=56.7%', 'H4=56.7%', 'H5=56.7%', 'H6=56.8%', 'H7=56.7%', 'H8=56.8%', 'H9=56.7%', 'H10=56.8%', 'H11=56.8%', 'H12=56.8%', 'H13=56.8%', 'H14=56.8%', 'H15=56.8%', 'H16=56.8%']
  per_ACT_puzzle_acc: ['H1=0.0%', 'H2=0.0%', 'H3=0.0%', 'H4=0.0%', 'H5=0.0%', 'H6=0.0%', 'H7=0.0%', 'H8=0.0%', 'H9=0.0%', 'H10=0.0%', 'H11=0.0%', 'H12=0.0%', 'H13=0.0%', 'H14=0.0%', 'H15=0.0%', 'H16=0.0%']
  mean_sigmoid_q_halt: ['0.416', '0.214', '0.194', '0.170', '0.179', '0.172', '0.170', '0.174', '0.175', '0.173', '0.171', '0.178', '0.186', '0.184', '0.183', '0.177']
  halt_rates: ['0.38', '0.06', '0.00', '0.00', '0.00', '0.00', '0.00', '0.00', '0.00', '0.00', '0.00', '0.00', '0.00', '0.00', '0.00', '0.00']
  halt_histogram %: [2.2, 0.1, 0.0, 0.1, 0.2, 0.3, 1.1, 0.8, 0.5, 0.5, 0.6, 1.1, 1.2, 1.0, 1.0, 89.4]
  Avg ACT steps (last 100): 14.65
  saved: /home/jvdillon/projects/sic/code/arc1/ckpts/x000/step02000.pt acc=56.85% (0.083s)
Step  2000  Test 56.85% /  0.00%  Train lm=0.9805±0.0835ϵ[0.9180,1.7891] n_active=8.0000±0.0000ϵ[8.0000,8.0000] n_expunged=0.0000±0.0000ϵ[0.0000,0.0000] n_halted=0.5400±0.8933ϵ[0.0000,5.0000] pool_util=1.0000±0.0000ϵ[1.0000,1.0000]  (3.562s / 14.308s)
  cell_acc=62.61%, puzzle_acc=0.00%
  eval_avg_halt_step: 16.00
  per_H_acc: ['H0=68.5%', 'H1=65.0%', 'H2=63.8%']
  H_cos: ['0.930', '0.980']
  z_H_delta: ['8.812', '4.156']
  cells: fixed=[850, 351] broken=[1845, 702]
  per_ACT_cell_acc: ['H1=68.5%', 'H2=65.0%', 'H3=63.8%', 'H4=63.3%', 'H5=63.2%', 'H6=63.2%', 'H7=63.1%', 'H8=63.1%', 'H9=63.0%', 'H10=62.9%', 'H11=63.1%', 'H12=63.1%', 'H13=62.8%', 'H14=62.9%', 'H15=62.9%', 'H16=63.0%']
  per_ACT_puzzle_acc: ['H1=0.0%', 'H2=0.0%', 'H3=0.0%', 'H4=0.0%', 'H5=0.0%', 'H6=0.0%', 'H7=0.0%', 'H8=0.0%', 'H9=0.0%', 'H10=0.0%', 'H11=0.0%', 'H12=0.0%', 'H13=0.0%', 'H14=0.0%', 'H15=0.0%', 'H16=0.0%']
  mean_sigmoid_q_halt: ['0.012', '0.007', '0.007', '0.007', '0.007', '0.007', '0.007', '0.007', '0.007', '0.007', '0.007', '0.007', '0.007', '0.007', '0.007', '0.007']
  halt_rates: ['0.00', '0.00', '0.00', '0.00', '0.00', '0.00', '0.00', '0.00', '0.00', '0.00', '0.00', '0.00', '0.00', '0.00', '0.00', '0.00']
  halt_histogram %: [2.1, 0.1, 0.2, 0.2, 0.2, 0.4, 1.1, 0.8, 0.8, 0.5, 0.5, 1.0, 1.1, 0.9, 1.1, 89.2]
  Avg ACT steps (last 100): 15.93
  saved: /home/jvdillon/projects/sic/code/arc1/ckpts/x000/step02500.pt acc=62.61% (0.083s)
Step  2500  Test 62.61% /  0.00%  Train lm=0.9766±0.0498ϵ[0.9180,1.2734] n_active=8.0000±0.0000ϵ[8.0000,8.0000] n_expunged=0.0000±0.0000ϵ[0.0000,0.0000] n_halted=0.5260±0.8478ϵ[0.0000,6.0000] pool_util=1.0000±0.0000ϵ[1.0000,1.0000]  (3.563s / 14.272s)
  cell_acc=56.75%, puzzle_acc=0.00%
  eval_avg_halt_step: 16.00
  per_H_acc: ['H0=51.2%', 'H1=56.5%', 'H2=56.5%']
  H_cos: ['0.906', '0.984']
  z_H_delta: ['8.688', '3.453']
  cells: fixed=[1622, 110] broken=[90, 99]
  per_ACT_cell_acc: ['H1=51.2%', 'H2=56.5%', 'H3=56.5%', 'H4=56.6%', 'H5=56.8%', 'H6=56.8%', 'H7=56.8%', 'H8=56.8%', 'H9=56.9%', 'H10=56.9%', 'H11=56.9%', 'H12=56.8%', 'H13=56.9%', 'H14=56.8%', 'H15=56.9%', 'H16=56.9%']
  per_ACT_puzzle_acc: ['H1=0.0%', 'H2=0.0%', 'H3=0.0%', 'H4=0.0%', 'H5=0.0%', 'H6=0.0%', 'H7=0.0%', 'H8=0.0%', 'H9=0.0%', 'H10=0.0%', 'H11=0.0%', 'H12=0.0%', 'H13=0.0%', 'H14=0.0%', 'H15=0.0%', 'H16=0.0%']
  mean_sigmoid_q_halt: ['0.151', '0.089', '0.083', '0.082', '0.079', '0.077', '0.079', '0.080', '0.078', '0.078', '0.077', '0.078', '0.078', '0.077', '0.076', '0.078']
  halt_rates: ['0.00', '0.00', '0.00', '0.00', '0.00', '0.00', '0.00', '0.00', '0.00', '0.00', '0.00', '0.00', '0.00', '0.00', '0.00', '0.00']
  halt_histogram %: [2.0, 0.1, 0.1, 0.2, 0.2, 0.4, 1.0, 0.8, 0.9, 0.6, 0.6, 1.0, 1.1, 1.0, 1.1, 89.1]
  Avg ACT steps (last 100): 15.15
  saved: /home/jvdillon/projects/sic/code/arc1/ckpts/x000/step03000.pt acc=56.75% (0.083s)
Step  3000  Test 56.75% /  0.00%  Train lm=0.9766±0.0583ϵ[0.9219,1.4922] n_active=8.0000±0.0000ϵ[8.0000,8.0000] n_expunged=0.0000±0.0000ϵ[0.0000,0.0000] n_halted=0.5240±0.8502ϵ[0.0000,3.0000] pool_util=1.0000±0.0000ϵ[1.0000,1.0000]  (3.567s / 14.337s)
